/usr/local/bin/virtphy.real: option requires an argument -- 'd'
Fri Jun 26 10:49:39 2026 DVIRPHY virtphy.c:248 Virtual physical layer starting up...
Fri Jun 26 10:49:40 2026 DVIRPHY virtphy.c:257 Virtual physical layer ready, waiting for l23 app(s) on /tmp/osmocom_l2
Fri Jun 26 10:49:47 2026 DMAIN virt_l1_model.c:42 MS 0000: allocated
Fri Jun 26 10:49:47 2026 DL1C l1ctl_sock.c:138 Accepted client (fd=6) from server (fd=5)
Fri Jun 26 10:49:47 2026 DL1C l1ctl_sap.c:578 MS 0000: Tx L1CTL_RESET_CONF (reset_type: 1)
Fri Jun 26 10:49:47 2026 DL1C l1ctl_sap.c:578 MS 0000: Tx L1CTL_RESET_CONF (reset_type: 1)
Fri Jun 26 10:49:47 2026 DL1C l1ctl_sap.c:578 MS 0000: Tx L1CTL_RESET_CONF (reset_type: 1)
Fri Jun 26 10:49:47 2026 DL1C virt_prim_fbsb.c:57 MS 0000: Rx L1CTL_FBSB_REQ (arfcn=51, flags=0x7)
Fri Jun 26 10:49:51 2026 DL1C virt_prim_fbsb.c:126 MS 0000: Tx L1CTL_FBSB_CONF (res: 0)
Fri Jun 26 10:49:51 2026 DL1C l1ctl_sap.c:472 MS 0000: Rx L1CTL_CCCH_MODE_REQ (mode=2)
Fri Jun 26 10:49:51 2026 DL1C l1ctl_sap.c:600 MS 0000: Tx L1CTL_CCCH_MODE_CONF (mode: 2)
Fri Jun 26 10:49:53 2026 DL1C l1ctl_sap.c:578 MS 0000: Tx L1CTL_RESET_CONF (reset_type: 1)
Fri Jun 26 10:49:53 2026 DL1C virt_prim_fbsb.c:57 MS 0000: Rx L1CTL_FBSB_REQ (arfcn=51, flags=0x7)
Fri Jun 26 10:49:53 2026 DL1C virt_prim_fbsb.c:126 MS 0000: Tx L1CTL_FBSB_CONF (res: 0)
Fri Jun 26 10:49:53 2026 DL1C l1ctl_sap.c:411 MS 0000: Rx L1CTL_PARAM_REQ (ta=0, tx_power=14)
Fri Jun 26 10:49:53 2026 DL1C virt_prim_rach.c:81 MS 0000: Rx L1CTL_RACH_REQ (ra=0x09, offset=3 combined=1)
Fri Jun 26 10:49:53 2026 DL1C virt_prim_rach.c:124 MS 0000: Tx L1CTL_RACH_CONF (fn: 425, arfcn: 51)
Fri Jun 26 10:49:53 2026 DL1C l1ctl_sap.c:411 MS 0000: Rx L1CTL_PARAM_REQ (ta=0, tx_power=14)
Fri Jun 26 10:49:53 2026 DL1C virt_prim_rach.c:81 MS 0000: Rx L1CTL_RACH_REQ (ra=0x05, offset=120 combined=1)
Fri Jun 26 10:49:53 2026 DL1C l1ctl_sap.c:578 MS 0000: Tx L1CTL_RESET_CONF (reset_type: 2)
Fri Jun 26 10:49:53 2026 DL1C l1ctl_sap.c:411 MS 0000: Rx L1CTL_PARAM_REQ (ta=0, tx_power=14)
Fri Jun 26 10:50:13 2026 DL1C l1ctl_sap.c:379 MS 0000: Rx L1CTL_DM_REL_REQ
Fri Jun 26 10:50:13 2026 DL1C l1ctl_sap.c:578 MS 0000: Tx L1CTL_RESET_CONF (reset_type: 1)
Fri Jun 26 10:50:13 2026 DL1C l1ctl_sap.c:578 MS 0000: Tx L1CTL_RESET_CONF (reset_type: 1)
Fri Jun 26 10:50:13 2026 DL1C virt_prim_fbsb.c:57 MS 0000: Rx L1CTL_FBSB_REQ (arfcn=51, flags=0x7)
Fri Jun 26 10:50:14 2026 DL1C virt_prim_fbsb.c:126 MS 0000: Tx L1CTL_FBSB_CONF (res: 0)
Fri Jun 26 10:50:14 2026 DL1C l1ctl_sap.c:526 MS 0000: Rx L1CTL_NEIGH_PM_REQ (list with 1 entries): IGNORED
Fri Jun 26 10:50:28 2026 DL1C l1ctl_sap.c:578 MS 0000: Tx L1CTL_RESET_CONF (reset_type: 1)
Fri Jun 26 10:50:28 2026 DL1C virt_prim_fbsb.c:57 MS 0000: Rx L1CTL_FBSB_REQ (arfcn=51, flags=0x7)
Fri Jun 26 10:50:28 2026 DL1C virt_prim_fbsb.c:126 MS 0000: Tx L1CTL_FBSB_CONF (res: 0)
Fri Jun 26 10:50:28 2026 DL1C l1ctl_sap.c:411 MS 0000: Rx L1CTL_PARAM_REQ (ta=0, tx_power=14)
Fri Jun 26 10:50:28 2026 DL1C virt_prim_rach.c:81 MS 0000: Rx L1CTL_RACH_REQ (ra=0x09, offset=4 combined=1)
Fri Jun 26 10:50:29 2026 DL1C virt_prim_rach.c:124 MS 0000: Tx L1CTL_RACH_CONF (fn: 8180, arfcn: 51)
Fri Jun 26 10:50:29 2026 DL1C l1ctl_sap.c:411 MS 0000: Rx L1CTL_PARAM_REQ (ta=0, tx_power=14)
Fri Jun 26 10:50:29 2026 DL1C virt_prim_rach.c:81 MS 0000: Rx L1CTL_RACH_REQ (ra=0x01, offset=120 combined=1)
Fri Jun 26 10:50:29 2026 DL1C l1ctl_sap.c:578 MS 0000: Tx L1CTL_RESET_CONF (reset_type: 2)
Fri Jun 26 10:50:29 2026 DL1C l1ctl_sap.c:411 MS 0000: Rx L1CTL_PARAM_REQ (ta=0, tx_power=14)
Fri Jun 26 10:50:36 2026 DL1C l1ctl_sap.c:379 MS 0000: Rx L1CTL_DM_REL_REQ
Fri Jun 26 10:50:36 2026 DL1C l1ctl_sap.c:578 MS 0000: Tx L1CTL_RESET_CONF (reset_type: 1)
Fri Jun 26 10:50:36 2026 DL1C l1ctl_sap.c:578 MS 0000: Tx L1CTL_RESET_CONF (reset_type: 1)
Fri Jun 26 10:50:36 2026 DL1C virt_prim_fbsb.c:57 MS 0000: Rx L1CTL_FBSB_REQ (arfcn=51, flags=0x7)
Fri Jun 26 10:50:36 2026 DL1C virt_prim_fbsb.c:126 MS 0000: Tx L1CTL_FBSB_CONF (res: 0)
Fri Jun 26 10:50:36 2026 DL1C l1ctl_sap.c:526 MS 0000: Rx L1CTL_NEIGH_PM_REQ (list with 1 entries): IGNORED
Fri Jun 26 10:50:51 2026 DL1C l1ctl_sap.c:578 MS 0000: Tx L1CTL_RESET_CONF (reset_type: 1)
Fri Jun 26 10:50:51 2026 DL1C virt_prim_fbsb.c:57 MS 0000: Rx L1CTL_FBSB_REQ (arfcn=51, flags=0x7)
Fri Jun 26 10:50:51 2026 DL1C virt_prim_fbsb.c:126 MS 0000: Tx L1CTL_FBSB_CONF (res: 0)
Fri Jun 26 10:50:51 2026 DL1C l1ctl_sap.c:411 MS 0000: Rx L1CTL_PARAM_REQ (ta=0, tx_power=14)
Fri Jun 26 10:50:51 2026 DL1C virt_prim_rach.c:81 MS 0000: Rx L1CTL_RACH_REQ (ra=0x0a, offset=7 combined=1)
Fri Jun 26 10:50:51 2026 DL1C virt_prim_rach.c:124 MS 0000: Tx L1CTL_RACH_CONF (fn: 13128, arfcn: 51)
Fri Jun 26 10:50:51 2026 DL1C l1ctl_sap.c:411 MS 0000: Rx L1CTL_PARAM_REQ (ta=0, tx_power=14)
Fri Jun 26 10:50:51 2026 DL1C virt_prim_rach.c:81 MS 0000: Rx L1CTL_RACH_REQ (ra=0x03, offset=125 combined=1)
Fri Jun 26 10:50:51 2026 DL1C l1ctl_sap.c:578 MS 0000: Tx L1CTL_RESET_CONF (reset_type: 2)
Fri Jun 26 10:50:51 2026 DL1C l1ctl_sap.c:411 MS 0000: Rx L1CTL_PARAM_REQ (ta=0, tx_power=14)
Fri Jun 26 10:50:59 2026 DL1C l1ctl_sap.c:379 MS 0000: Rx L1CTL_DM_REL_REQ
Fri Jun 26 10:50:59 2026 DL1C l1ctl_sap.c:578 MS 0000: Tx L1CTL_RESET_CONF (reset_type: 1)
Fri Jun 26 10:50:59 2026 DL1C l1ctl_sap.c:578 MS 0000: Tx L1CTL_RESET_CONF (reset_type: 1)
Fri Jun 26 10:50:59 2026 DL1C virt_prim_fbsb.c:57 MS 0000: Rx L1CTL_FBSB_REQ (arfcn=51, flags=0x7)
Fri Jun 26 10:50:59 2026 DL1C virt_prim_fbsb.c:126 MS 0000: Tx L1CTL_FBSB_CONF (res: 0)
Fri Jun 26 10:50:59 2026 DL1C l1ctl_sap.c:526 MS 0000: Rx L1CTL_NEIGH_PM_REQ (list with 1 entries): IGNORED
Fri Jun 26 10:51:14 2026 DL1C l1ctl_sap.c:578 MS 0000: Tx L1CTL_RESET_CONF (reset_type: 1)
Fri Jun 26 10:51:14 2026 DL1C virt_prim_fbsb.c:57 MS 0000: Rx L1CTL_FBSB_REQ (arfcn=51, flags=0x7)
Fri Jun 26 10:51:14 2026 DL1C virt_prim_fbsb.c:126 MS 0000: Tx L1CTL_FBSB_CONF (res: 0)
Fri Jun 26 10:51:14 2026 DL1C l1ctl_sap.c:411 MS 0000: Rx L1CTL_PARAM_REQ (ta=0, tx_power=14)
Fri Jun 26 10:51:14 2026 DL1C virt_prim_rach.c:81 MS 0000: Rx L1CTL_RACH_REQ (ra=0x0a, offset=9 combined=1)
Fri Jun 26 10:51:14 2026 DL1C virt_prim_rach.c:124 MS 0000: Tx L1CTL_RACH_CONF (fn: 18077, arfcn: 51)
Fri Jun 26 10:51:14 2026 DL1C l1ctl_sap.c:411 MS 0000: Rx L1CTL_PARAM_REQ (ta=0, tx_power=14)
Fri Jun 26 10:51:14 2026 DL1C virt_prim_rach.c:81 MS 0000: Rx L1CTL_RACH_REQ (ra=0x07, offset=117 combined=1)
Fri Jun 26 10:51:14 2026 DL1C l1ctl_sap.c:578 MS 0000: Tx L1CTL_RESET_CONF (reset_type: 2)
Fri Jun 26 10:51:14 2026 DL1C l1ctl_sap.c:411 MS 0000: Rx L1CTL_PARAM_REQ (ta=0, tx_power=14)
Fri Jun 26 10:51:18 2026 DL1C l1ctl_sap.c:379 MS 0000: Rx L1CTL_DM_REL_REQ
Fri Jun 26 10:51:18 2026 DL1C l1ctl_sap.c:578 MS 0000: Tx L1CTL_RESET_CONF (reset_type: 1)
Fri Jun 26 10:51:18 2026 DL1C l1ctl_sap.c:578 MS 0000: Tx L1CTL_RESET_CONF (reset_type: 1)
Fri Jun 26 10:51:18 2026 DL1C virt_prim_fbsb.c:57 MS 0000: Rx L1CTL_FBSB_REQ (arfcn=51, flags=0x7)
Fri Jun 26 10:51:18 2026 DL1C virt_prim_fbsb.c:126 MS 0000: Tx L1CTL_FBSB_CONF (res: 0)
Fri Jun 26 10:51:18 2026 DL1C l1ctl_sap.c:411 MS 0000: Rx L1CTL_PARAM_REQ (ta=0, tx_power=14)
Fri Jun 26 10:51:18 2026 DL1C virt_prim_rach.c:81 MS 0000: Rx L1CTL_RACH_REQ (ra=0x0c, offset=1 combined=1)
Fri Jun 26 10:51:18 2026 DL1C virt_prim_rach.c:124 MS 0000: Tx L1CTL_RACH_CONF (fn: 18885, arfcn: 51)
Fri Jun 26 10:51:18 2026 DL1C l1ctl_sap.c:411 MS 0000: Rx L1CTL_PARAM_REQ (ta=0, tx_power=14)
Fri Jun 26 10:51:18 2026 DL1C virt_prim_rach.c:81 MS 0000: Rx L1CTL_RACH_REQ (ra=0x06, offset=121 combined=1)
Fri Jun 26 10:51:18 2026 DL1C l1ctl_sap.c:578 MS 0000: Tx L1CTL_RESET_CONF (reset_type: 2)
Fri Jun 26 10:51:18 2026 DL1C l1ctl_sap.c:411 MS 0000: Rx L1CTL_PARAM_REQ (ta=0, tx_power=14)
Fri Jun 26 10:51:39 2026 DL1C l1ctl_sap.c:379 MS 0000: Rx L1CTL_DM_REL_REQ
Fri Jun 26 10:51:39 2026 DL1C l1ctl_sap.c:578 MS 0000: Tx L1CTL_RESET_CONF (reset_type: 1)
Fri Jun 26 10:51:39 2026 DL1C l1ctl_sap.c:578 MS 0000: Tx L1CTL_RESET_CONF (reset_type: 1)
Fri Jun 26 10:51:39 2026 DL1C virt_prim_fbsb.c:57 MS 0000: Rx L1CTL_FBSB_REQ (arfcn=51, flags=0x7)
Fri Jun 26 10:51:39 2026 DL1C virt_prim_fbsb.c:126 MS 0000: Tx L1CTL_FBSB_CONF (res: 0)
Fri Jun 26 10:51:39 2026 DL1C l1ctl_sap.c:526 MS 0000: Rx L1CTL_NEIGH_PM_REQ (list with 1 entries): IGNORED
Fri Jun 26 10:51:52 2026 DL1C l1ctl_sap.c:578 MS 0000: Tx L1CTL_RESET_CONF (reset_type: 1)
Fri Jun 26 10:51:52 2026 DL1C l1ctl_sock.c:99 Failed to receive msg from l2. Connection will be closed.
Fri Jun 26 10:51:52 2026 DMAIN virt_l1_model.c:49 MS 0000: destroyed
Fri Jun 26 10:52:13 2026 DMAIN virt_l1_model.c:42 MS 0001: allocated
Fri Jun 26 10:52:13 2026 DL1C l1ctl_sock.c:138 Accepted client (fd=6) from server (fd=5)
Fri Jun 26 10:52:13 2026 DL1C l1ctl_sap.c:578 MS 0001: Tx L1CTL_RESET_CONF (reset_type: 1)
Fri Jun 26 10:52:13 2026 DL1C l1ctl_sap.c:578 MS 0001: Tx L1CTL_RESET_CONF (reset_type: 1)
Fri Jun 26 10:52:13 2026 DL1C l1ctl_sap.c:578 MS 0001: Tx L1CTL_RESET_CONF (reset_type: 1)
Fri Jun 26 10:52:13 2026 DL1C virt_prim_fbsb.c:57 MS 0001: Rx L1CTL_FBSB_REQ (arfcn=51, flags=0x7)
Fri Jun 26 10:52:13 2026 DL1C virt_prim_fbsb.c:126 MS 0001: Tx L1CTL_FBSB_CONF (res: 0)
Fri Jun 26 10:52:14 2026 DL1C l1ctl_sap.c:472 MS 0001: Rx L1CTL_CCCH_MODE_REQ (mode=2)
Fri Jun 26 10:52:14 2026 DL1C l1ctl_sap.c:600 MS 0001: Tx L1CTL_CCCH_MODE_CONF (mode: 2)
Fri Jun 26 10:52:14 2026 DL1C l1ctl_sap.c:578 MS 0001: Tx L1CTL_RESET_CONF (reset_type: 1)
Fri Jun 26 10:52:14 2026 DL1C virt_prim_fbsb.c:57 MS 0001: Rx L1CTL_FBSB_REQ (arfcn=51, flags=0x7)
Fri Jun 26 10:52:14 2026 DL1C virt_prim_fbsb.c:126 MS 0001: Tx L1CTL_FBSB_CONF (res: 0)
Fri Jun 26 10:52:14 2026 DL1C l1ctl_sap.c:411 MS 0001: Rx L1CTL_PARAM_REQ (ta=0, tx_power=14)
Fri Jun 26 10:52:14 2026 DL1C virt_prim_rach.c:81 MS 0001: Rx L1CTL_RACH_REQ (ra=0x02, offset=0 combined=1)
Fri Jun 26 10:52:14 2026 DL1C virt_prim_rach.c:124 MS 0001: Tx L1CTL_RACH_CONF (fn: 31124, arfcn: 51)
Fri Jun 26 10:52:14 2026 DL1C l1ctl_sap.c:411 MS 0001: Rx L1CTL_PARAM_REQ (ta=0, tx_power=14)
Fri Jun 26 10:52:14 2026 DL1C virt_prim_rach.c:81 MS 0001: Rx L1CTL_RACH_REQ (ra=0x07, offset=119 combined=1)
Fri Jun 26 10:52:15 2026 DL1C l1ctl_sap.c:578 MS 0001: Tx L1CTL_RESET_CONF (reset_type: 2)
Fri Jun 26 10:52:15 2026 DL1C l1ctl_sap.c:411 MS 0001: Rx L1CTL_PARAM_REQ (ta=0, tx_power=14)
Fri Jun 26 10:52:21 2026 DL1C l1ctl_sap.c:379 MS 0001: Rx L1CTL_DM_REL_REQ
Fri Jun 26 10:52:21 2026 DL1C l1ctl_sap.c:578 MS 0001: Tx L1CTL_RESET_CONF (reset_type: 1)
Fri Jun 26 10:52:21 2026 DL1C l1ctl_sap.c:578 MS 0001: Tx L1CTL_RESET_CONF (reset_type: 1)
Fri Jun 26 10:52:21 2026 DL1C virt_prim_fbsb.c:57 MS 0001: Rx L1CTL_FBSB_REQ (arfcn=51, flags=0x7)
Fri Jun 26 10:52:21 2026 DL1C l1ctl_sap.c:578 MS 0001: Tx L1CTL_RESET_CONF (reset_type: 1)
Fri Jun 26 10:52:21 2026 DL1C l1ctl_sap.c:578 MS 0001: Tx L1CTL_RESET_CONF (reset_type: 1)
Fri Jun 26 10:52:21 2026 DL1C virt_prim_fbsb.c:57 MS 0001: Rx L1CTL_FBSB_REQ (arfcn=51, flags=0x7)
Fri Jun 26 10:52:21 2026 DL1C virt_prim_fbsb.c:126 MS 0001: Tx L1CTL_FBSB_CONF (res: 0)
Fri Jun 26 10:52:22 2026 DL1C l1ctl_sap.c:472 MS 0001: Rx L1CTL_CCCH_MODE_REQ (mode=2)
Fri Jun 26 10:52:22 2026 DL1C l1ctl_sap.c:600 MS 0001: Tx L1CTL_CCCH_MODE_CONF (mode: 2)
Fri Jun 26 10:52:22 2026 DL1C l1ctl_sap.c:578 MS 0001: Tx L1CTL_RESET_CONF (reset_type: 1)
Fri Jun 26 10:52:22 2026 DL1C virt_prim_fbsb.c:57 MS 0001: Rx L1CTL_FBSB_REQ (arfcn=51, flags=0x7)
Fri Jun 26 10:52:22 2026 DL1C virt_prim_fbsb.c:126 MS 0001: Tx L1CTL_FBSB_CONF (res: 0)
Fri Jun 26 10:52:22 2026 DL1C l1ctl_sap.c:526 MS 0001: Rx L1CTL_NEIGH_PM_REQ (list with 1 entries): IGNORED
Fri Jun 26 10:52:36 2026 DL1C l1ctl_sap.c:578 MS 0001: Tx L1CTL_RESET_CONF (reset_type: 1)
Fri Jun 26 10:52:36 2026 DL1C virt_prim_fbsb.c:57 MS 0001: Rx L1CTL_FBSB_REQ (arfcn=51, flags=0x7)
Fri Jun 26 10:52:36 2026 DL1C virt_prim_fbsb.c:126 MS 0001: Tx L1CTL_FBSB_CONF (res: 0)
Fri Jun 26 10:52:36 2026 DL1C l1ctl_sap.c:411 MS 0001: Rx L1CTL_PARAM_REQ (ta=0, tx_power=14)
Fri Jun 26 10:52:36 2026 DL1C virt_prim_rach.c:81 MS 0001: Rx L1CTL_RACH_REQ (ra=0x0c, offset=8 combined=1)
Fri Jun 26 10:52:36 2026 DL1C virt_prim_rach.c:124 MS 0001: Tx L1CTL_RACH_CONF (fn: 35775, arfcn: 51)
Fri Jun 26 10:52:36 2026 DL1C l1ctl_sap.c:411 MS 0001: Rx L1CTL_PARAM_REQ (ta=0, tx_power=14)
Fri Jun 26 10:52:36 2026 DL1C virt_prim_rach.c:81 MS 0001: Rx L1CTL_RACH_REQ (ra=0x01, offset=124 combined=1)
Fri Jun 26 10:52:36 2026 DL1C l1ctl_sap.c:578 MS 0001: Tx L1CTL_RESET_CONF (reset_type: 2)
Fri Jun 26 10:52:36 2026 DL1C l1ctl_sap.c:411 MS 0001: Rx L1CTL_PARAM_REQ (ta=0, tx_power=14)
Fri Jun 26 10:52:37 2026 DL1C l1ctl_sap.c:379 MS 0001: Rx L1CTL_DM_REL_REQ
Fri Jun 26 10:52:37 2026 DL1C l1ctl_sap.c:578 MS 0001: Tx L1CTL_RESET_CONF (reset_type: 1)
Fri Jun 26 10:52:37 2026 DL1C l1ctl_sap.c:578 MS 0001: Tx L1CTL_RESET_CONF (reset_type: 1)
Fri Jun 26 10:52:37 2026 DL1C virt_prim_fbsb.c:57 MS 0001: Rx L1CTL_FBSB_REQ (arfcn=51, flags=0x7)
Fri Jun 26 10:52:38 2026 DL1C virt_prim_fbsb.c:126 MS 0001: Tx L1CTL_FBSB_CONF (res: 0)
Fri Jun 26 10:52:38 2026 DL1C l1ctl_sap.c:526 MS 0001: Rx L1CTL_NEIGH_PM_REQ (list with 1 entries): IGNORED
Fri Jun 26 10:52:52 2026 DL1C l1ctl_sap.c:578 MS 0001: Tx L1CTL_RESET_CONF (reset_type: 1)
Fri Jun 26 10:52:52 2026 DL1C virt_prim_fbsb.c:57 MS 0001: Rx L1CTL_FBSB_REQ (arfcn=51, flags=0x7)
Fri Jun 26 10:52:52 2026 DL1C virt_prim_fbsb.c:126 MS 0001: Tx L1CTL_FBSB_CONF (res: 0)
Fri Jun 26 10:52:52 2026 DL1C l1ctl_sap.c:411 MS 0001: Rx L1CTL_PARAM_REQ (ta=0, tx_power=14)
Fri Jun 26 10:52:52 2026 DL1C virt_prim_rach.c:81 MS 0001: Rx L1CTL_RACH_REQ (ra=0x02, offset=3 combined=1)
Fri Jun 26 10:52:53 2026 DL1C virt_prim_rach.c:124 MS 0001: Tx L1CTL_RACH_CONF (fn: 39391, arfcn: 51)
Fri Jun 26 10:52:53 2026 DL1C l1ctl_sap.c:411 MS 0001: Rx L1CTL_PARAM_REQ (ta=0, tx_power=14)
Fri Jun 26 10:52:53 2026 DL1C virt_prim_rach.c:81 MS 0001: Rx L1CTL_RACH_REQ (ra=0x03, offset=124 combined=1)
Fri Jun 26 10:52:53 2026 DL1C l1ctl_sap.c:578 MS 0001: Tx L1CTL_RESET_CONF (reset_type: 2)
Fri Jun 26 10:52:53 2026 DL1C l1ctl_sap.c:411 MS 0001: Rx L1CTL_PARAM_REQ (ta=0, tx_power=14)
Fri Jun 26 10:52:54 2026 DL1C l1ctl_sap.c:379 MS 0001: Rx L1CTL_DM_REL_REQ
Fri Jun 26 10:52:54 2026 DL1C l1ctl_sap.c:578 MS 0001: Tx L1CTL_RESET_CONF (reset_type: 1)
Fri Jun 26 10:52:54 2026 DL1C l1ctl_sap.c:578 MS 0001: Tx L1CTL_RESET_CONF (reset_type: 1)
Fri Jun 26 10:52:54 2026 DL1C virt_prim_fbsb.c:57 MS 0001: Rx L1CTL_FBSB_REQ (arfcn=51, flags=0x7)
Fri Jun 26 10:52:54 2026 DL1C virt_prim_fbsb.c:126 MS 0001: Tx L1CTL_FBSB_CONF (res: 0)
Fri Jun 26 10:52:54 2026 DL1C l1ctl_sap.c:526 MS 0001: Rx L1CTL_NEIGH_PM_REQ (list with 1 entries): IGNORED
Fri Jun 26 10:53:09 2026 DL1C l1ctl_sap.c:578 MS 0001: Tx L1CTL_RESET_CONF (reset_type: 1)
Fri Jun 26 10:53:09 2026 DL1C virt_prim_fbsb.c:57 MS 0001: Rx L1CTL_FBSB_REQ (arfcn=51, flags=0x7)
Fri Jun 26 10:53:09 2026 DL1C virt_prim_fbsb.c:126 MS 0001: Tx L1CTL_FBSB_CONF (res: 0)
Fri Jun 26 10:53:09 2026 DL1C l1ctl_sap.c:411 MS 0001: Rx L1CTL_PARAM_REQ (ta=0, tx_power=14)
Fri Jun 26 10:53:09 2026 DL1C virt_prim_rach.c:81 MS 0001: Rx L1CTL_RACH_REQ (ra=0x0c, offset=0 combined=1)
Fri Jun 26 10:53:09 2026 DL1C virt_prim_rach.c:124 MS 0001: Tx L1CTL_RACH_CONF (fn: 43009, arfcn: 51)
Fri Jun 26 10:53:09 2026 DL1C l1ctl_sap.c:411 MS 0001: Rx L1CTL_PARAM_REQ (ta=0, tx_power=14)
Fri Jun 26 10:53:09 2026 DL1C virt_prim_rach.c:81 MS 0001: Rx L1CTL_RACH_REQ (ra=0x05, offset=122 combined=1)
Fri Jun 26 10:53:09 2026 DL1C l1ctl_sap.c:578 MS 0001: Tx L1CTL_RESET_CONF (reset_type: 2)
Fri Jun 26 10:53:09 2026 DL1C l1ctl_sap.c:411 MS 0001: Rx L1CTL_PARAM_REQ (ta=0, tx_power=14)
Fri Jun 26 10:53:11 2026 DL1C l1ctl_sap.c:379 MS 0001: Rx L1CTL_DM_REL_REQ
Fri Jun 26 10:53:11 2026 DL1C l1ctl_sap.c:578 MS 0001: Tx L1CTL_RESET_CONF (reset_type: 1)
Fri Jun 26 10:53:11 2026 DL1C l1ctl_sap.c:578 MS 0001: Tx L1CTL_RESET_CONF (reset_type: 1)
Fri Jun 26 10:53:11 2026 DL1C virt_prim_fbsb.c:57 MS 0001: Rx L1CTL_FBSB_REQ (arfcn=51, flags=0x7)
Fri Jun 26 10:53:11 2026 DL1C virt_prim_fbsb.c:126 MS 0001: Tx L1CTL_FBSB_CONF (res: 0)
Fri Jun 26 10:53:11 2026 DL1C l1ctl_sap.c:526 MS 0001: Rx L1CTL_NEIGH_PM_REQ (list with 1 entries): IGNORED
Fri Jun 26 10:58:54 2026 DL1C l1ctl_sap.c:578 MS 0001: Tx L1CTL_RESET_CONF (reset_type: 1)
Fri Jun 26 10:58:54 2026 DL1C virt_prim_fbsb.c:57 MS 0001: Rx L1CTL_FBSB_REQ (arfcn=51, flags=0x7)
Fri Jun 26 10:58:54 2026 DL1C virt_prim_fbsb.c:126 MS 0001: Tx L1CTL_FBSB_CONF (res: 0)
Fri Jun 26 10:58:54 2026 DL1C l1ctl_sap.c:411 MS 0001: Rx L1CTL_PARAM_REQ (ta=0, tx_power=14)
Fri Jun 26 10:58:54 2026 DL1C virt_prim_rach.c:81 MS 0001: Rx L1CTL_RACH_REQ (ra=0x05, offset=8 combined=1)
Fri Jun 26 10:58:54 2026 DL1C virt_prim_rach.c:124 MS 0001: Tx L1CTL_RACH_CONF (fn: 117781, arfcn: 51)
Fri Jun 26 10:58:54 2026 DL1C l1ctl_sap.c:411 MS 0001: Rx L1CTL_PARAM_REQ (ta=0, tx_power=14)
Fri Jun 26 10:58:54 2026 DL1C virt_prim_rach.c:81 MS 0001: Rx L1CTL_RACH_REQ (ra=0x07, offset=120 combined=1)
Fri Jun 26 10:58:54 2026 DL1C l1ctl_sap.c:578 MS 0001: Tx L1CTL_RESET_CONF (reset_type: 2)
Fri Jun 26 10:58:54 2026 DL1C l1ctl_sap.c:411 MS 0001: Rx L1CTL_PARAM_REQ (ta=0, tx_power=14)
Fri Jun 26 10:59:15 2026 DL1C l1ctl_sap.c:379 MS 0001: Rx L1CTL_DM_REL_REQ
Fri Jun 26 10:59:15 2026 DL1C l1ctl_sap.c:578 MS 0001: Tx L1CTL_RESET_CONF (reset_type: 1)
Fri Jun 26 10:59:15 2026 DL1C l1ctl_sap.c:578 MS 0001: Tx L1CTL_RESET_CONF (reset_type: 1)
Fri Jun 26 10:59:15 2026 DL1C virt_prim_fbsb.c:57 MS 0001: Rx L1CTL_FBSB_REQ (arfcn=51, flags=0x7)
Fri Jun 26 10:59:15 2026 DL1C virt_prim_fbsb.c:126 MS 0001: Tx L1CTL_FBSB_CONF (res: 0)
Fri Jun 26 10:59:15 2026 DL1C l1ctl_sap.c:526 MS 0001: Rx L1CTL_NEIGH_PM_REQ (list with 1 entries): IGNORED
Fri Jun 26 10:59:30 2026 DL1C l1ctl_sap.c:578 MS 0001: Tx L1CTL_RESET_CONF (reset_type: 1)
Fri Jun 26 10:59:30 2026 DL1C virt_prim_fbsb.c:57 MS 0001: Rx L1CTL_FBSB_REQ (arfcn=51, flags=0x7)
Fri Jun 26 10:59:30 2026 DL1C virt_prim_fbsb.c:126 MS 0001: Tx L1CTL_FBSB_CONF (res: 0)
Fri Jun 26 10:59:30 2026 DL1C l1ctl_sap.c:411 MS 0001: Rx L1CTL_PARAM_REQ (ta=0, tx_power=14)
Fri Jun 26 10:59:30 2026 DL1C virt_prim_rach.c:81 MS 0001: Rx L1CTL_RACH_REQ (ra=0x04, offset=1 combined=1)
Fri Jun 26 10:59:30 2026 DL1C virt_prim_rach.c:124 MS 0001: Tx L1CTL_RACH_CONF (fn: 125528, arfcn: 51)
Fri Jun 26 10:59:30 2026 DL1C l1ctl_sap.c:411 MS 0001: Rx L1CTL_PARAM_REQ (ta=0, tx_power=14)
Fri Jun 26 10:59:30 2026 DL1C virt_prim_rach.c:81 MS 0001: Rx L1CTL_RACH_REQ (ra=0x0f, offset=124 combined=1)
Fri Jun 26 10:59:30 2026 DL1C l1ctl_sap.c:578 MS 0001: Tx L1CTL_RESET_CONF (reset_type: 2)
Fri Jun 26 10:59:30 2026 DL1C l1ctl_sap.c:411 MS 0001: Rx L1CTL_PARAM_REQ (ta=0, tx_power=14)
Fri Jun 26 10:59:38 2026 DL1C l1ctl_sap.c:379 MS 0001: Rx L1CTL_DM_REL_REQ
Fri Jun 26 10:59:38 2026 DL1C l1ctl_sap.c:578 MS 0001: Tx L1CTL_RESET_CONF (reset_type: 1)
Fri Jun 26 10:59:38 2026 DL1C l1ctl_sap.c:578 MS 0001: Tx L1CTL_RESET_CONF (reset_type: 1)
Fri Jun 26 10:59:38 2026 DL1C virt_prim_fbsb.c:57 MS 0001: Rx L1CTL_FBSB_REQ (arfcn=51, flags=0x7)
Fri Jun 26 10:59:38 2026 DL1C virt_prim_fbsb.c:126 MS 0001: Tx L1CTL_FBSB_CONF (res: 0)
Fri Jun 26 10:59:38 2026 DL1C l1ctl_sap.c:526 MS 0001: Rx L1CTL_NEIGH_PM_REQ (list with 1 entries): IGNORED
Fri Jun 26 10:59:53 2026 DL1C l1ctl_sap.c:578 MS 0001: Tx L1CTL_RESET_CONF (reset_type: 1)
Fri Jun 26 10:59:53 2026 DL1C virt_prim_fbsb.c:57 MS 0001: Rx L1CTL_FBSB_REQ (arfcn=51, flags=0x7)
Fri Jun 26 10:59:53 2026 DL1C virt_prim_fbsb.c:126 MS 0001: Tx L1CTL_FBSB_CONF (res: 0)
Fri Jun 26 10:59:53 2026 DL1C l1ctl_sap.c:411 MS 0001: Rx L1CTL_PARAM_REQ (ta=0, tx_power=14)
Fri Jun 26 10:59:53 2026 DL1C virt_prim_rach.c:81 MS 0001: Rx L1CTL_RACH_REQ (ra=0x0a, offset=0 combined=1)
Fri Jun 26 10:59:53 2026 DL1C virt_prim_rach.c:124 MS 0001: Tx L1CTL_RACH_CONF (fn: 130472, arfcn: 51)
Fri Jun 26 10:59:53 2026 DL1C l1ctl_sap.c:411 MS 0001: Rx L1CTL_PARAM_REQ (ta=0, tx_power=14)
Fri Jun 26 10:59:53 2026 DL1C virt_prim_rach.c:81 MS 0001: Rx L1CTL_RACH_REQ (ra=0x0e, offset=122 combined=1)
Fri Jun 26 10:59:53 2026 DL1C l1ctl_sap.c:578 MS 0001: Tx L1CTL_RESET_CONF (reset_type: 2)
Fri Jun 26 10:59:53 2026 DL1C l1ctl_sap.c:411 MS 0001: Rx L1CTL_PARAM_REQ (ta=0, tx_power=14)
Fri Jun 26 11:00:01 2026 DL1C l1ctl_sap.c:379 MS 0001: Rx L1CTL_DM_REL_REQ
Fri Jun 26 11:00:01 2026 DL1C l1ctl_sap.c:578 MS 0001: Tx L1CTL_RESET_CONF (reset_type: 1)
Fri Jun 26 11:00:01 2026 DL1C l1ctl_sap.c:578 MS 0001: Tx L1CTL_RESET_CONF (reset_type: 1)
Fri Jun 26 11:00:01 2026 DL1C virt_prim_fbsb.c:57 MS 0001: Rx L1CTL_FBSB_REQ (arfcn=51, flags=0x7)
Fri Jun 26 11:00:01 2026 DL1C virt_prim_fbsb.c:126 MS 0001: Tx L1CTL_FBSB_CONF (res: 0)
Fri Jun 26 11:00:01 2026 DL1C l1ctl_sap.c:526 MS 0001: Rx L1CTL_NEIGH_PM_REQ (list with 1 entries): IGNORED
Fri Jun 26 11:00:16 2026 DL1C l1ctl_sap.c:578 MS 0001: Tx L1CTL_RESET_CONF (reset_type: 1)
Fri Jun 26 11:00:16 2026 DL1C virt_prim_fbsb.c:57 MS 0001: Rx L1CTL_FBSB_REQ (arfcn=51, flags=0x7)
Fri Jun 26 11:00:16 2026 DL1C virt_prim_fbsb.c:126 MS 0001: Tx L1CTL_FBSB_CONF (res: 0)
Fri Jun 26 11:00:16 2026 DL1C l1ctl_sap.c:411 MS 0001: Rx L1CTL_PARAM_REQ (ta=0, tx_power=14)
Fri Jun 26 11:00:16 2026 DL1C virt_prim_rach.c:81 MS 0001: Rx L1CTL_RACH_REQ (ra=0x00, offset=10 combined=1)
Fri Jun 26 11:00:16 2026 DL1C virt_prim_rach.c:124 MS 0001: Tx L1CTL_RACH_CONF (fn: 135429, arfcn: 51)
Fri Jun 26 11:00:16 2026 DL1C l1ctl_sap.c:411 MS 0001: Rx L1CTL_PARAM_REQ (ta=0, tx_power=14)
Fri Jun 26 11:00:16 2026 DL1C virt_prim_rach.c:81 MS 0001: Rx L1CTL_RACH_REQ (ra=0x06, offset=125 combined=1)
Fri Jun 26 11:00:16 2026 DL1C l1ctl_sap.c:578 MS 0001: Tx L1CTL_RESET_CONF (reset_type: 2)
Fri Jun 26 11:00:16 2026 DL1C l1ctl_sap.c:411 MS 0001: Rx L1CTL_PARAM_REQ (ta=0, tx_power=14)
Fri Jun 26 11:00:36 2026 DL1C l1ctl_sap.c:379 MS 0001: Rx L1CTL_DM_REL_REQ
Fri Jun 26 11:00:36 2026 DL1C l1ctl_sap.c:578 MS 0001: Tx L1CTL_RESET_CONF (reset_type: 1)
Fri Jun 26 11:00:36 2026 DL1C l1ctl_sap.c:578 MS 0001: Tx L1CTL_RESET_CONF (reset_type: 1)
Fri Jun 26 11:00:36 2026 DL1C virt_prim_fbsb.c:57 MS 0001: Rx L1CTL_FBSB_REQ (arfcn=51, flags=0x7)
Fri Jun 26 11:00:37 2026 DL1C virt_prim_fbsb.c:126 MS 0001: Tx L1CTL_FBSB_CONF (res: 0)
Fri Jun 26 11:00:37 2026 DL1C l1ctl_sap.c:526 MS 0001: Rx L1CTL_NEIGH_PM_REQ (list with 1 entries): IGNORED
Fri Jun 26 11:01:48 2026 DL1C l1ctl_sap.c:578 MS 0001: Tx L1CTL_RESET_CONF (reset_type: 1)
Fri Jun 26 11:01:48 2026 DL1C l1ctl_sock.c:99 Failed to receive msg from l2. Connection will be closed.
Fri Jun 26 11:01:48 2026 DMAIN virt_l1_model.c:49 MS 0001: destroyed
Fri Jun 26 11:02:08 2026 DMAIN virt_l1_model.c:42 MS 0002: allocated
Fri Jun 26 11:02:08 2026 DL1C l1ctl_sock.c:138 Accepted client (fd=6) from server (fd=5)
Fri Jun 26 11:02:08 2026 DL1C l1ctl_sap.c:578 MS 0002: Tx L1CTL_RESET_CONF (reset_type: 1)
Fri Jun 26 11:02:08 2026 DL1C l1ctl_sap.c:578 MS 0002: Tx L1CTL_RESET_CONF (reset_type: 1)
Fri Jun 26 11:02:09 2026 DL1C l1ctl_sap.c:578 MS 0002: Tx L1CTL_RESET_CONF (reset_type: 1)
Fri Jun 26 11:02:09 2026 DL1C virt_prim_fbsb.c:57 MS 0002: Rx L1CTL_FBSB_REQ (arfcn=51, flags=0x7)
Fri Jun 26 11:02:09 2026 DL1C virt_prim_fbsb.c:126 MS 0002: Tx L1CTL_FBSB_CONF (res: 0)
Fri Jun 26 11:02:09 2026 DL1C l1ctl_sap.c:472 MS 0002: Rx L1CTL_CCCH_MODE_REQ (mode=2)
Fri Jun 26 11:02:09 2026 DL1C l1ctl_sap.c:600 MS 0002: Tx L1CTL_CCCH_MODE_CONF (mode: 2)
Fri Jun 26 11:02:11 2026 DL1C l1ctl_sap.c:578 MS 0002: Tx L1CTL_RESET_CONF (reset_type: 1)
Fri Jun 26 11:02:11 2026 DL1C virt_prim_fbsb.c:57 MS 0002: Rx L1CTL_FBSB_REQ (arfcn=51, flags=0x7)
Fri Jun 26 11:02:11 2026 DL1C virt_prim_fbsb.c:126 MS 0002: Tx L1CTL_FBSB_CONF (res: 0)
Fri Jun 26 11:02:11 2026 DL1C l1ctl_sap.c:411 MS 0002: Rx L1CTL_PARAM_REQ (ta=0, tx_power=14)
Fri Jun 26 11:02:11 2026 DL1C virt_prim_rach.c:81 MS 0002: Rx L1CTL_RACH_REQ (ra=0x01, offset=10 combined=1)
Fri Jun 26 11:02:11 2026 DL1C virt_prim_rach.c:124 MS 0002: Tx L1CTL_RACH_CONF (fn: 160368, arfcn: 51)
Fri Jun 26 11:02:11 2026 DL1C l1ctl_sap.c:411 MS 0002: Rx L1CTL_PARAM_REQ (ta=0, tx_power=14)
Fri Jun 26 11:02:11 2026 DL1C virt_prim_rach.c:81 MS 0002: Rx L1CTL_RACH_REQ (ra=0x0f, offset=120 combined=1)
Fri Jun 26 11:02:11 2026 DL1C l1ctl_sap.c:578 MS 0002: Tx L1CTL_RESET_CONF (reset_type: 2)
Fri Jun 26 11:02:11 2026 DL1C l1ctl_sap.c:411 MS 0002: Rx L1CTL_PARAM_REQ (ta=0, tx_power=14)
Fri Jun 26 11:02:31 2026 DL1C l1ctl_sap.c:379 MS 0002: Rx L1CTL_DM_REL_REQ
Fri Jun 26 11:02:31 2026 DL1C l1ctl_sap.c:578 MS 0002: Tx L1CTL_RESET_CONF (reset_type: 1)
Fri Jun 26 11:02:31 2026 DL1C l1ctl_sap.c:578 MS 0002: Tx L1CTL_RESET_CONF (reset_type: 1)
Fri Jun 26 11:02:31 2026 DL1C virt_prim_fbsb.c:57 MS 0002: Rx L1CTL_FBSB_REQ (arfcn=51, flags=0x7)
Fri Jun 26 11:02:32 2026 DL1C virt_prim_fbsb.c:126 MS 0002: Tx L1CTL_FBSB_CONF (res: 0)
Fri Jun 26 11:02:32 2026 DL1C l1ctl_sap.c:526 MS 0002: Rx L1CTL_NEIGH_PM_REQ (list with 1 entries): IGNORED
Fri Jun 26 11:02:46 2026 DL1C l1ctl_sap.c:578 MS 0002: Tx L1CTL_RESET_CONF (reset_type: 1)
Fri Jun 26 11:02:46 2026 DL1C virt_prim_fbsb.c:57 MS 0002: Rx L1CTL_FBSB_REQ (arfcn=51, flags=0x7)
Fri Jun 26 11:02:47 2026 DL1C virt_prim_fbsb.c:126 MS 0002: Tx L1CTL_FBSB_CONF (res: 0)
Fri Jun 26 11:02:47 2026 DL1C l1ctl_sap.c:411 MS 0002: Rx L1CTL_PARAM_REQ (ta=0, tx_power=14)
Fri Jun 26 11:02:47 2026 DL1C virt_prim_rach.c:81 MS 0002: Rx L1CTL_RACH_REQ (ra=0x01, offset=7 combined=1)
Fri Jun 26 11:02:47 2026 DL1C virt_prim_rach.c:124 MS 0002: Tx L1CTL_RACH_CONF (fn: 168119, arfcn: 51)
Fri Jun 26 11:02:47 2026 DL1C l1ctl_sap.c:411 MS 0002: Rx L1CTL_PARAM_REQ (ta=0, tx_power=14)
Fri Jun 26 11:02:47 2026 DL1C virt_prim_rach.c:81 MS 0002: Rx L1CTL_RACH_REQ (ra=0x00, offset=121 combined=1)
Fri Jun 26 11:02:47 2026 DL1C l1ctl_sap.c:578 MS 0002: Tx L1CTL_RESET_CONF (reset_type: 2)
Fri Jun 26 11:02:47 2026 DL1C l1ctl_sap.c:411 MS 0002: Rx L1CTL_PARAM_REQ (ta=0, tx_power=14)
Fri Jun 26 11:02:54 2026 DL1C l1ctl_sap.c:379 MS 0002: Rx L1CTL_DM_REL_REQ
Fri Jun 26 11:02:54 2026 DL1C l1ctl_sap.c:578 MS 0002: Tx L1CTL_RESET_CONF (reset_type: 1)
Fri Jun 26 11:02:54 2026 DL1C l1ctl_sap.c:578 MS 0002: Tx L1CTL_RESET_CONF (reset_type: 1)
Fri Jun 26 11:02:54 2026 DL1C virt_prim_fbsb.c:57 MS 0002: Rx L1CTL_FBSB_REQ (arfcn=51, flags=0x7)
Fri Jun 26 11:02:54 2026 DL1C virt_prim_fbsb.c:126 MS 0002: Tx L1CTL_FBSB_CONF (res: 0)
Fri Jun 26 11:02:54 2026 DL1C l1ctl_sap.c:526 MS 0002: Rx L1CTL_NEIGH_PM_REQ (list with 1 entries): IGNORED
Fri Jun 26 11:03:09 2026 DL1C l1ctl_sap.c:578 MS 0002: Tx L1CTL_RESET_CONF (reset_type: 1)
Fri Jun 26 11:03:09 2026 DL1C virt_prim_fbsb.c:57 MS 0002: Rx L1CTL_FBSB_REQ (arfcn=51, flags=0x7)
Fri Jun 26 11:03:09 2026 DL1C virt_prim_fbsb.c:126 MS 0002: Tx L1CTL_FBSB_CONF (res: 0)
Fri Jun 26 11:03:09 2026 DL1C l1ctl_sap.c:411 MS 0002: Rx L1CTL_PARAM_REQ (ta=0, tx_power=14)
Fri Jun 26 11:03:09 2026 DL1C virt_prim_rach.c:81 MS 0002: Rx L1CTL_RACH_REQ (ra=0x02, offset=7 combined=1)
Fri Jun 26 11:03:10 2026 DL1C virt_prim_rach.c:124 MS 0002: Tx L1CTL_RACH_CONF (fn: 173064, arfcn: 51)
Fri Jun 26 11:03:10 2026 DL1C l1ctl_sap.c:411 MS 0002: Rx L1CTL_PARAM_REQ (ta=0, tx_power=14)
Fri Jun 26 11:03:10 2026 DL1C virt_prim_rach.c:81 MS 0002: Rx L1CTL_RACH_REQ (ra=0x01, offset=125 combined=1)
Fri Jun 26 11:03:10 2026 DL1C l1ctl_sap.c:578 MS 0002: Tx L1CTL_RESET_CONF (reset_type: 2)
Fri Jun 26 11:03:10 2026 DL1C l1ctl_sap.c:411 MS 0002: Rx L1CTL_PARAM_REQ (ta=0, tx_power=14)
Fri Jun 26 11:03:17 2026 DL1C l1ctl_sap.c:379 MS 0002: Rx L1CTL_DM_REL_REQ
Fri Jun 26 11:03:17 2026 DL1C l1ctl_sap.c:578 MS 0002: Tx L1CTL_RESET_CONF (reset_type: 1)
Fri Jun 26 11:03:17 2026 DL1C l1ctl_sap.c:578 MS 0002: Tx L1CTL_RESET_CONF (reset_type: 1)
Fri Jun 26 11:03:17 2026 DL1C virt_prim_fbsb.c:57 MS 0002: Rx L1CTL_FBSB_REQ (arfcn=51, flags=0x7)
Fri Jun 26 11:03:17 2026 DL1C virt_prim_fbsb.c:126 MS 0002: Tx L1CTL_FBSB_CONF (res: 0)
Fri Jun 26 11:03:17 2026 DL1C l1ctl_sap.c:526 MS 0002: Rx L1CTL_NEIGH_PM_REQ (list with 1 entries): IGNORED
Fri Jun 26 11:03:32 2026 DL1C l1ctl_sap.c:578 MS 0002: Tx L1CTL_RESET_CONF (reset_type: 1)
Fri Jun 26 11:03:32 2026 DL1C virt_prim_fbsb.c:57 MS 0002: Rx L1CTL_FBSB_REQ (arfcn=51, flags=0x7)
Fri Jun 26 11:03:32 2026 DL1C virt_prim_fbsb.c:126 MS 0002: Tx L1CTL_FBSB_CONF (res: 0)
Fri Jun 26 11:03:32 2026 DL1C l1ctl_sap.c:411 MS 0002: Rx L1CTL_PARAM_REQ (ta=0, tx_power=14)
Fri Jun 26 11:03:32 2026 DL1C virt_prim_rach.c:81 MS 0002: Rx L1CTL_RACH_REQ (ra=0x03, offset=3 combined=1)
Fri Jun 26 11:03:32 2026 DL1C virt_prim_rach.c:124 MS 0002: Tx L1CTL_RACH_CONF (fn: 178007, arfcn: 51)
Fri Jun 26 11:03:32 2026 DL1C l1ctl_sap.c:411 MS 0002: Rx L1CTL_PARAM_REQ (ta=0, tx_power=14)
Fri Jun 26 11:03:32 2026 DL1C virt_prim_rach.c:81 MS 0002: Rx L1CTL_RACH_REQ (ra=0x01, offset=118 combined=1)
Fri Jun 26 11:03:32 2026 DL1C l1ctl_sap.c:578 MS 0002: Tx L1CTL_RESET_CONF (reset_type: 2)
Fri Jun 26 11:03:32 2026 DL1C l1ctl_sap.c:411 MS 0002: Rx L1CTL_PARAM_REQ (ta=0, tx_power=14)
Fri Jun 26 11:03:53 2026 DL1C l1ctl_sap.c:379 MS 0002: Rx L1CTL_DM_REL_REQ
Fri Jun 26 11:03:53 2026 DL1C l1ctl_sap.c:578 MS 0002: Tx L1CTL_RESET_CONF (reset_type: 1)
Fri Jun 26 11:03:53 2026 DL1C l1ctl_sap.c:578 MS 0002: Tx L1CTL_RESET_CONF (reset_type: 1)
Fri Jun 26 11:03:53 2026 DL1C virt_prim_fbsb.c:57 MS 0002: Rx L1CTL_FBSB_REQ (arfcn=51, flags=0x7)
Fri Jun 26 11:03:53 2026 DL1C virt_prim_fbsb.c:126 MS 0002: Tx L1CTL_FBSB_CONF (res: 0)
Fri Jun 26 11:03:53 2026 DL1C l1ctl_sap.c:526 MS 0002: Rx L1CTL_NEIGH_PM_REQ (list with 1 entries): IGNORED
Fri Jun 26 11:04:25 2026 DL1C l1ctl_sap.c:578 MS 0002: Tx L1CTL_RESET_CONF (reset_type: 1)
Fri Jun 26 11:04:25 2026 DL1C virt_prim_fbsb.c:57 MS 0002: Rx L1CTL_FBSB_REQ (arfcn=51, flags=0x7)
Fri Jun 26 11:04:25 2026 DL1C l1ctl_sap.c:578 MS 0002: Tx L1CTL_RESET_CONF (reset_type: 1)
Fri Jun 26 11:04:25 2026 DL1C l1ctl_sap.c:578 MS 0002: Tx L1CTL_RESET_CONF (reset_type: 1)
Fri Jun 26 11:04:25 2026 DL1C virt_prim_fbsb.c:57 MS 0002: Rx L1CTL_FBSB_REQ (arfcn=51, flags=0x7)
Fri Jun 26 11:04:26 2026 DL1C virt_prim_fbsb.c:126 MS 0002: Tx L1CTL_FBSB_CONF (res: 0)
Fri Jun 26 11:04:26 2026 DL1C l1ctl_sap.c:379 MS 0002: Rx L1CTL_DM_REL_REQ
Fri Jun 26 11:04:26 2026 DL1C l1ctl_sap.c:578 MS 0002: Tx L1CTL_RESET_CONF (reset_type: 1)
Fri Jun 26 11:04:30 2026 DL1C l1ctl_sap.c:578 MS 0002: Tx L1CTL_RESET_CONF (reset_type: 1)
Fri Jun 26 11:04:30 2026 DL1C virt_prim_fbsb.c:57 MS 0002: Rx L1CTL_FBSB_REQ (arfcn=51, flags=0x7)
Fri Jun 26 11:04:30 2026 DL1C virt_prim_fbsb.c:126 MS 0002: Tx L1CTL_FBSB_CONF (res: 0)
Fri Jun 26 11:04:31 2026 DL1C l1ctl_sap.c:472 MS 0002: Rx L1CTL_CCCH_MODE_REQ (mode=2)
Fri Jun 26 11:04:31 2026 DL1C l1ctl_sap.c:600 MS 0002: Tx L1CTL_CCCH_MODE_CONF (mode: 2)
Fri Jun 26 11:04:31 2026 DL1C l1ctl_sap.c:578 MS 0002: Tx L1CTL_RESET_CONF (reset_type: 1)
Fri Jun 26 11:04:31 2026 DL1C virt_prim_fbsb.c:57 MS 0002: Rx L1CTL_FBSB_REQ (arfcn=51, flags=0x7)
Fri Jun 26 11:04:31 2026 DL1C virt_prim_fbsb.c:126 MS 0002: Tx L1CTL_FBSB_CONF (res: 0)
Fri Jun 26 11:04:31 2026 DL1C l1ctl_sap.c:411 MS 0002: Rx L1CTL_PARAM_REQ (ta=0, tx_power=14)
Fri Jun 26 11:04:31 2026 DL1C virt_prim_rach.c:81 MS 0002: Rx L1CTL_RACH_REQ (ra=0x05, offset=8 combined=1)
Fri Jun 26 11:04:31 2026 DL1C virt_prim_rach.c:124 MS 0002: Tx L1CTL_RACH_CONF (fn: 190660, arfcn: 51)
Fri Jun 26 11:04:31 2026 DL1C l1ctl_sap.c:411 MS 0002: Rx L1CTL_PARAM_REQ (ta=0, tx_power=14)
Fri Jun 26 11:04:31 2026 DL1C virt_prim_rach.c:81 MS 0002: Rx L1CTL_RACH_REQ (ra=0x0f, offset=125 combined=1)
Fri Jun 26 11:04:31 2026 DL1C l1ctl_sap.c:578 MS 0002: Tx L1CTL_RESET_CONF (reset_type: 2)
Fri Jun 26 11:04:31 2026 DL1C l1ctl_sap.c:411 MS 0002: Rx L1CTL_PARAM_REQ (ta=0, tx_power=14)
Fri Jun 26 11:04:38 2026 DL1C l1ctl_sap.c:379 MS 0002: Rx L1CTL_DM_REL_REQ
Fri Jun 26 11:04:38 2026 DL1C l1ctl_sap.c:578 MS 0002: Tx L1CTL_RESET_CONF (reset_type: 1)
Fri Jun 26 11:04:38 2026 DL1C l1ctl_sap.c:578 MS 0002: Tx L1CTL_RESET_CONF (reset_type: 1)
Fri Jun 26 11:04:38 2026 DL1C virt_prim_fbsb.c:57 MS 0002: Rx L1CTL_FBSB_REQ (arfcn=51, flags=0x7)
Fri Jun 26 11:04:38 2026 DL1C virt_prim_fbsb.c:126 MS 0002: Tx L1CTL_FBSB_CONF (res: 0)
Fri Jun 26 11:04:38 2026 DL1C l1ctl_sap.c:526 MS 0002: Rx L1CTL_NEIGH_PM_REQ (list with 1 entries): IGNORED
Fri Jun 26 11:04:53 2026 DL1C l1ctl_sap.c:578 MS 0002: Tx L1CTL_RESET_CONF (reset_type: 1)
Fri Jun 26 11:04:53 2026 DL1C virt_prim_fbsb.c:57 MS 0002: Rx L1CTL_FBSB_REQ (arfcn=51, flags=0x7)
Fri Jun 26 11:04:53 2026 DL1C virt_prim_fbsb.c:126 MS 0002: Tx L1CTL_FBSB_CONF (res: 0)
Fri Jun 26 11:04:53 2026 DL1C l1ctl_sap.c:411 MS 0002: Rx L1CTL_PARAM_REQ (ta=0, tx_power=14)
Fri Jun 26 11:04:53 2026 DL1C virt_prim_rach.c:81 MS 0002: Rx L1CTL_RACH_REQ (ra=0x0b, offset=1 combined=1)
Fri Jun 26 11:04:53 2026 DL1C virt_prim_rach.c:124 MS 0002: Tx L1CTL_RACH_CONF (fn: 195600, arfcn: 51)
Fri Jun 26 11:04:53 2026 DL1C l1ctl_sap.c:411 MS 0002: Rx L1CTL_PARAM_REQ (ta=0, tx_power=14)
Fri Jun 26 11:04:53 2026 DL1C virt_prim_rach.c:81 MS 0002: Rx L1CTL_RACH_REQ (ra=0x0c, offset=120 combined=1)
Fri Jun 26 11:04:54 2026 DL1C l1ctl_sap.c:578 MS 0002: Tx L1CTL_RESET_CONF (reset_type: 2)
Fri Jun 26 11:04:54 2026 DL1C l1ctl_sap.c:411 MS 0002: Rx L1CTL_PARAM_REQ (ta=0, tx_power=14)
Fri Jun 26 11:05:01 2026 DL1C l1ctl_sap.c:379 MS 0002: Rx L1CTL_DM_REL_REQ
Fri Jun 26 11:05:01 2026 DL1C l1ctl_sap.c:578 MS 0002: Tx L1CTL_RESET_CONF (reset_type: 1)
Fri Jun 26 11:05:01 2026 DL1C l1ctl_sap.c:578 MS 0002: Tx L1CTL_RESET_CONF (reset_type: 1)
Fri Jun 26 11:05:01 2026 DL1C virt_prim_fbsb.c:57 MS 0002: Rx L1CTL_FBSB_REQ (arfcn=51, flags=0x7)
Fri Jun 26 11:05:01 2026 DL1C l1ctl_sap.c:578 MS 0002: Tx L1CTL_RESET_CONF (reset_type: 1)
Fri Jun 26 11:05:01 2026 DL1C l1ctl_sock.c:99 Failed to receive msg from l2. Connection will be closed.
Fri Jun 26 11:05:01 2026 DMAIN virt_l1_model.c:49 MS 0002: destroyed
Fri Jun 26 11:05:22 2026 DMAIN virt_l1_model.c:42 MS 0003: allocated
Fri Jun 26 11:05:22 2026 DL1C l1ctl_sock.c:138 Accepted client (fd=6) from server (fd=5)
Fri Jun 26 11:05:22 2026 DL1C l1ctl_sap.c:578 MS 0003: Tx L1CTL_RESET_CONF (reset_type: 1)
Fri Jun 26 11:05:22 2026 DL1C l1ctl_sap.c:578 MS 0003: Tx L1CTL_RESET_CONF (reset_type: 1)
Fri Jun 26 11:05:22 2026 DL1C l1ctl_sap.c:578 MS 0003: Tx L1CTL_RESET_CONF (reset_type: 1)
Fri Jun 26 11:05:22 2026 DL1C virt_prim_fbsb.c:57 MS 0003: Rx L1CTL_FBSB_REQ (arfcn=51, flags=0x7)
Fri Jun 26 11:05:22 2026 DL1C virt_prim_fbsb.c:126 MS 0003: Tx L1CTL_FBSB_CONF (res: 0)
Fri Jun 26 11:05:23 2026 DL1C l1ctl_sap.c:472 MS 0003: Rx L1CTL_CCCH_MODE_REQ (mode=2)
Fri Jun 26 11:05:23 2026 DL1C l1ctl_sap.c:600 MS 0003: Tx L1CTL_CCCH_MODE_CONF (mode: 2)
Fri Jun 26 11:05:23 2026 DL1C l1ctl_sap.c:578 MS 0003: Tx L1CTL_RESET_CONF (reset_type: 1)
Fri Jun 26 11:05:23 2026 DL1C virt_prim_fbsb.c:57 MS 0003: Rx L1CTL_FBSB_REQ (arfcn=51, flags=0x7)
Fri Jun 26 11:05:23 2026 DL1C virt_prim_fbsb.c:126 MS 0003: Tx L1CTL_FBSB_CONF (res: 0)
Fri Jun 26 11:05:23 2026 DL1C l1ctl_sap.c:411 MS 0003: Rx L1CTL_PARAM_REQ (ta=0, tx_power=14)
Fri Jun 26 11:05:23 2026 DL1C virt_prim_rach.c:81 MS 0003: Rx L1CTL_RACH_REQ (ra=0x0b, offset=0 combined=1)
Fri Jun 26 11:05:23 2026 DL1C virt_prim_rach.c:124 MS 0003: Tx L1CTL_RACH_CONF (fn: 202076, arfcn: 51)
Fri Jun 26 11:05:23 2026 DL1C l1ctl_sap.c:411 MS 0003: Rx L1CTL_PARAM_REQ (ta=0, tx_power=14)
Fri Jun 26 11:05:23 2026 DL1C virt_prim_rach.c:81 MS 0003: Rx L1CTL_RACH_REQ (ra=0x02, offset=117 combined=1)
Fri Jun 26 11:05:23 2026 DL1C l1ctl_sap.c:578 MS 0003: Tx L1CTL_RESET_CONF (reset_type: 2)
Fri Jun 26 11:05:23 2026 DL1C l1ctl_sap.c:411 MS 0003: Rx L1CTL_PARAM_REQ (ta=0, tx_power=14)
Fri Jun 26 11:05:44 2026 DL1C l1ctl_sap.c:379 MS 0003: Rx L1CTL_DM_REL_REQ
Fri Jun 26 11:05:44 2026 DL1C l1ctl_sap.c:578 MS 0003: Tx L1CTL_RESET_CONF (reset_type: 1)
Fri Jun 26 11:05:44 2026 DL1C l1ctl_sap.c:578 MS 0003: Tx L1CTL_RESET_CONF (reset_type: 1)
Fri Jun 26 11:05:44 2026 DL1C virt_prim_fbsb.c:57 MS 0003: Rx L1CTL_FBSB_REQ (arfcn=51, flags=0x7)
Fri Jun 26 11:05:44 2026 DL1C virt_prim_fbsb.c:126 MS 0003: Tx L1CTL_FBSB_CONF (res: 0)
Fri Jun 26 11:05:44 2026 DL1C l1ctl_sap.c:526 MS 0003: Rx L1CTL_NEIGH_PM_REQ (list with 1 entries): IGNORED
Fri Jun 26 11:05:59 2026 DL1C l1ctl_sap.c:578 MS 0003: Tx L1CTL_RESET_CONF (reset_type: 1)
Fri Jun 26 11:05:59 2026 DL1C virt_prim_fbsb.c:57 MS 0003: Rx L1CTL_FBSB_REQ (arfcn=51, flags=0x7)
Fri Jun 26 11:05:59 2026 DL1C virt_prim_fbsb.c:126 MS 0003: Tx L1CTL_FBSB_CONF (res: 0)
Fri Jun 26 11:05:59 2026 DL1C l1ctl_sap.c:411 MS 0003: Rx L1CTL_PARAM_REQ (ta=0, tx_power=14)
Fri Jun 26 11:05:59 2026 DL1C virt_prim_rach.c:81 MS 0003: Rx L1CTL_RACH_REQ (ra=0x0f, offset=4 combined=1)
Fri Jun 26 11:05:59 2026 DL1C virt_prim_rach.c:124 MS 0003: Tx L1CTL_RACH_CONF (fn: 209834, arfcn: 51)
Fri Jun 26 11:05:59 2026 DL1C l1ctl_sap.c:411 MS 0003: Rx L1CTL_PARAM_REQ (ta=0, tx_power=14)
Fri Jun 26 11:05:59 2026 DL1C virt_prim_rach.c:81 MS 0003: Rx L1CTL_RACH_REQ (ra=0x06, offset=119 combined=1)
Fri Jun 26 11:05:59 2026 DL1C l1ctl_sap.c:578 MS 0003: Tx L1CTL_RESET_CONF (reset_type: 2)
Fri Jun 26 11:05:59 2026 DL1C l1ctl_sap.c:411 MS 0003: Rx L1CTL_PARAM_REQ (ta=0, tx_power=14)
Fri Jun 26 11:06:07 2026 DL1C l1ctl_sap.c:379 MS 0003: Rx L1CTL_DM_REL_REQ
Fri Jun 26 11:06:07 2026 DL1C l1ctl_sap.c:578 MS 0003: Tx L1CTL_RESET_CONF (reset_type: 1)
Fri Jun 26 11:06:07 2026 DL1C l1ctl_sap.c:578 MS 0003: Tx L1CTL_RESET_CONF (reset_type: 1)
Fri Jun 26 11:06:07 2026 DL1C virt_prim_fbsb.c:57 MS 0003: Rx L1CTL_FBSB_REQ (arfcn=51, flags=0x7)
Fri Jun 26 11:06:07 2026 DL1C virt_prim_fbsb.c:126 MS 0003: Tx L1CTL_FBSB_CONF (res: 0)
Fri Jun 26 11:06:07 2026 DL1C l1ctl_sap.c:526 MS 0003: Rx L1CTL_NEIGH_PM_REQ (list with 1 entries): IGNORED
Fri Jun 26 11:06:22 2026 DL1C l1ctl_sap.c:578 MS 0003: Tx L1CTL_RESET_CONF (reset_type: 1)
Fri Jun 26 11:06:22 2026 DL1C virt_prim_fbsb.c:57 MS 0003: Rx L1CTL_FBSB_REQ (arfcn=51, flags=0x7)
Fri Jun 26 11:06:22 2026 DL1C virt_prim_fbsb.c:126 MS 0003: Tx L1CTL_FBSB_CONF (res: 0)
Fri Jun 26 11:06:22 2026 DL1C l1ctl_sap.c:411 MS 0003: Rx L1CTL_PARAM_REQ (ta=0, tx_power=14)
Fri Jun 26 11:06:22 2026 DL1C virt_prim_rach.c:81 MS 0003: Rx L1CTL_RACH_REQ (ra=0x0f, offset=10 combined=1)
Fri Jun 26 11:06:22 2026 DL1C virt_prim_rach.c:124 MS 0003: Tx L1CTL_RACH_CONF (fn: 214785, arfcn: 51)
Fri Jun 26 11:06:22 2026 DL1C l1ctl_sap.c:411 MS 0003: Rx L1CTL_PARAM_REQ (ta=0, tx_power=14)
Fri Jun 26 11:06:22 2026 DL1C virt_prim_rach.c:81 MS 0003: Rx L1CTL_RACH_REQ (ra=0x0c, offset=115 combined=1)
Fri Jun 26 11:06:22 2026 DL1C l1ctl_sap.c:578 MS 0003: Tx L1CTL_RESET_CONF (reset_type: 2)
Fri Jun 26 11:06:22 2026 DL1C l1ctl_sap.c:411 MS 0003: Rx L1CTL_PARAM_REQ (ta=0, tx_power=14)
Fri Jun 26 11:06:30 2026 DL1C l1ctl_sap.c:379 MS 0003: Rx L1CTL_DM_REL_REQ
Fri Jun 26 11:06:30 2026 DL1C l1ctl_sap.c:578 MS 0003: Tx L1CTL_RESET_CONF (reset_type: 1)
Fri Jun 26 11:06:30 2026 DL1C l1ctl_sap.c:578 MS 0003: Tx L1CTL_RESET_CONF (reset_type: 1)
Fri Jun 26 11:06:30 2026 DL1C virt_prim_fbsb.c:57 MS 0003: Rx L1CTL_FBSB_REQ (arfcn=51, flags=0x7)
Fri Jun 26 11:06:30 2026 DL1C virt_prim_fbsb.c:126 MS 0003: Tx L1CTL_FBSB_CONF (res: 0)
Fri Jun 26 11:06:30 2026 DL1C l1ctl_sap.c:526 MS 0003: Rx L1CTL_NEIGH_PM_REQ (list with 1 entries): IGNORED
Fri Jun 26 11:06:45 2026 DL1C l1ctl_sap.c:578 MS 0003: Tx L1CTL_RESET_CONF (reset_type: 1)
Fri Jun 26 11:06:45 2026 DL1C virt_prim_fbsb.c:57 MS 0003: Rx L1CTL_FBSB_REQ (arfcn=51, flags=0x7)
Fri Jun 26 11:06:45 2026 DL1C virt_prim_fbsb.c:126 MS 0003: Tx L1CTL_FBSB_CONF (res: 0)
Fri Jun 26 11:06:45 2026 DL1C l1ctl_sap.c:411 MS 0003: Rx L1CTL_PARAM_REQ (ta=0, tx_power=14)
Fri Jun 26 11:06:45 2026 DL1C virt_prim_rach.c:81 MS 0003: Rx L1CTL_RACH_REQ (ra=0x0f, offset=2 combined=1)
Fri Jun 26 11:06:45 2026 DL1C virt_prim_rach.c:124 MS 0003: Tx L1CTL_RACH_CONF (fn: 219724, arfcn: 51)
Fri Jun 26 11:06:45 2026 DL1C l1ctl_sap.c:411 MS 0003: Rx L1CTL_PARAM_REQ (ta=0, tx_power=14)
Fri Jun 26 11:06:45 2026 DL1C virt_prim_rach.c:81 MS 0003: Rx L1CTL_RACH_REQ (ra=0x08, offset=116 combined=1)
Fri Jun 26 11:06:45 2026 DL1C l1ctl_sap.c:578 MS 0003: Tx L1CTL_RESET_CONF (reset_type: 2)
Fri Jun 26 11:06:45 2026 DL1C l1ctl_sap.c:411 MS 0003: Rx L1CTL_PARAM_REQ (ta=0, tx_power=14)
Fri Jun 26 11:07:05 2026 DL1C l1ctl_sap.c:379 MS 0003: Rx L1CTL_DM_REL_REQ
Fri Jun 26 11:07:05 2026 DL1C l1ctl_sap.c:578 MS 0003: Tx L1CTL_RESET_CONF (reset_type: 1)
Fri Jun 26 11:07:05 2026 DL1C l1ctl_sap.c:578 MS 0003: Tx L1CTL_RESET_CONF (reset_type: 1)
Fri Jun 26 11:07:05 2026 DL1C virt_prim_fbsb.c:57 MS 0003: Rx L1CTL_FBSB_REQ (arfcn=51, flags=0x7)
Fri Jun 26 11:07:05 2026 DL1C l1ctl_sap.c:578 MS 0003: Tx L1CTL_RESET_CONF (reset_type: 1)
Fri Jun 26 11:07:05 2026 DL1C l1ctl_sock.c:99 Failed to receive msg from l2. Connection will be closed.
Fri Jun 26 11:07:05 2026 DMAIN virt_l1_model.c:49 MS 0003: destroyed
Fri Jun 26 11:07:11 2026 DMAIN virt_l1_model.c:42 MS 0004: allocated
Fri Jun 26 11:07:11 2026 DL1C l1ctl_sock.c:138 Accepted client (fd=6) from server (fd=5)
Fri Jun 26 11:07:11 2026 DL1C l1ctl_sap.c:578 MS 0004: Tx L1CTL_RESET_CONF (reset_type: 1)
Fri Jun 26 11:07:11 2026 DL1C l1ctl_sap.c:578 MS 0004: Tx L1CTL_RESET_CONF (reset_type: 1)
Fri Jun 26 11:07:11 2026 DL1C l1ctl_sap.c:578 MS 0004: Tx L1CTL_RESET_CONF (reset_type: 1)
Fri Jun 26 11:07:11 2026 DL1C virt_prim_fbsb.c:57 MS 0004: Rx L1CTL_FBSB_REQ (arfcn=51, flags=0x7)
Fri Jun 26 11:07:11 2026 DL1C virt_prim_fbsb.c:126 MS 0004: Tx L1CTL_FBSB_CONF (res: 0)
Fri Jun 26 11:07:11 2026 DL1C l1ctl_sap.c:472 MS 0004: Rx L1CTL_CCCH_MODE_REQ (mode=2)
Fri Jun 26 11:07:11 2026 DL1C l1ctl_sap.c:600 MS 0004: Tx L1CTL_CCCH_MODE_CONF (mode: 2)
Fri Jun 26 11:07:12 2026 DL1C l1ctl_sap.c:578 MS 0004: Tx L1CTL_RESET_CONF (reset_type: 1)
Fri Jun 26 11:07:12 2026 DL1C virt_prim_fbsb.c:57 MS 0004: Rx L1CTL_FBSB_REQ (arfcn=51, flags=0x7)
Fri Jun 26 11:07:12 2026 DL1C virt_prim_fbsb.c:126 MS 0004: Tx L1CTL_FBSB_CONF (res: 0)
Fri Jun 26 11:07:12 2026 DL1C l1ctl_sap.c:411 MS 0004: Rx L1CTL_PARAM_REQ (ta=0, tx_power=14)
Fri Jun 26 11:07:12 2026 DL1C virt_prim_rach.c:81 MS 0004: Rx L1CTL_RACH_REQ (ra=0x07, offset=10 combined=1)
Fri Jun 26 11:07:12 2026 DL1C virt_prim_rach.c:124 MS 0004: Tx L1CTL_RACH_CONF (fn: 225699, arfcn: 51)
Fri Jun 26 11:07:12 2026 DL1C l1ctl_sap.c:411 MS 0004: Rx L1CTL_PARAM_REQ (ta=0, tx_power=14)
Fri Jun 26 11:07:12 2026 DL1C virt_prim_rach.c:81 MS 0004: Rx L1CTL_RACH_REQ (ra=0x0f, offset=121 combined=1)
Fri Jun 26 11:07:12 2026 DL1C l1ctl_sap.c:578 MS 0004: Tx L1CTL_RESET_CONF (reset_type: 2)
Fri Jun 26 11:07:12 2026 DL1C l1ctl_sap.c:411 MS 0004: Rx L1CTL_PARAM_REQ (ta=0, tx_power=14)
Fri Jun 26 11:07:20 2026 DL1C l1ctl_sap.c:379 MS 0004: Rx L1CTL_DM_REL_REQ
Fri Jun 26 11:07:20 2026 DL1C l1ctl_sap.c:578 MS 0004: Tx L1CTL_RESET_CONF (reset_type: 1)
Fri Jun 26 11:07:20 2026 DL1C l1ctl_sap.c:578 MS 0004: Tx L1CTL_RESET_CONF (reset_type: 1)
Fri Jun 26 11:07:20 2026 DL1C virt_prim_fbsb.c:57 MS 0004: Rx L1CTL_FBSB_REQ (arfcn=51, flags=0x7)
Fri Jun 26 11:07:20 2026 DL1C virt_prim_fbsb.c:126 MS 0004: Tx L1CTL_FBSB_CONF (res: 0)
Fri Jun 26 11:07:20 2026 DL1C l1ctl_sap.c:526 MS 0004: Rx L1CTL_NEIGH_PM_REQ (list with 1 entries): IGNORED
Fri Jun 26 11:07:35 2026 DL1C l1ctl_sap.c:578 MS 0004: Tx L1CTL_RESET_CONF (reset_type: 1)
Fri Jun 26 11:07:35 2026 DL1C virt_prim_fbsb.c:57 MS 0004: Rx L1CTL_FBSB_REQ (arfcn=51, flags=0x7)
Fri Jun 26 11:07:35 2026 DL1C virt_prim_fbsb.c:126 MS 0004: Tx L1CTL_FBSB_CONF (res: 0)
Fri Jun 26 11:07:35 2026 DL1C l1ctl_sap.c:411 MS 0004: Rx L1CTL_PARAM_REQ (ta=0, tx_power=14)
Fri Jun 26 11:07:35 2026 DL1C virt_prim_rach.c:81 MS 0004: Rx L1CTL_RACH_REQ (ra=0x05, offset=1 combined=1)
Fri Jun 26 11:07:35 2026 DL1C virt_prim_rach.c:124 MS 0004: Tx L1CTL_RACH_CONF (fn: 230637, arfcn: 51)
Fri Jun 26 11:07:35 2026 DL1C l1ctl_sap.c:411 MS 0004: Rx L1CTL_PARAM_REQ (ta=0, tx_power=14)
Fri Jun 26 11:07:35 2026 DL1C virt_prim_rach.c:81 MS 0004: Rx L1CTL_RACH_REQ (ra=0x00, offset=125 combined=1)
Fri Jun 26 11:07:35 2026 DL1C l1ctl_sap.c:578 MS 0004: Tx L1CTL_RESET_CONF (reset_type: 2)
Fri Jun 26 11:07:35 2026 DL1C l1ctl_sap.c:411 MS 0004: Rx L1CTL_PARAM_REQ (ta=0, tx_power=14)
Fri Jun 26 11:07:43 2026 DL1C l1ctl_sap.c:379 MS 0004: Rx L1CTL_DM_REL_REQ
Fri Jun 26 11:07:43 2026 DL1C l1ctl_sap.c:578 MS 0004: Tx L1CTL_RESET_CONF (reset_type: 1)
Fri Jun 26 11:07:43 2026 DL1C l1ctl_sap.c:578 MS 0004: Tx L1CTL_RESET_CONF (reset_type: 1)
Fri Jun 26 11:07:43 2026 DL1C virt_prim_fbsb.c:57 MS 0004: Rx L1CTL_FBSB_REQ (arfcn=51, flags=0x7)
Fri Jun 26 11:07:43 2026 DL1C virt_prim_fbsb.c:126 MS 0004: Tx L1CTL_FBSB_CONF (res: 0)
Fri Jun 26 11:07:43 2026 DL1C l1ctl_sap.c:526 MS 0004: Rx L1CTL_NEIGH_PM_REQ (list with 1 entries): IGNORED
Fri Jun 26 11:07:58 2026 DL1C l1ctl_sap.c:578 MS 0004: Tx L1CTL_RESET_CONF (reset_type: 1)
Fri Jun 26 11:07:58 2026 DL1C virt_prim_fbsb.c:57 MS 0004: Rx L1CTL_FBSB_REQ (arfcn=51, flags=0x7)
Fri Jun 26 11:07:58 2026 DL1C virt_prim_fbsb.c:126 MS 0004: Tx L1CTL_FBSB_CONF (res: 0)
Fri Jun 26 11:07:58 2026 DL1C l1ctl_sap.c:411 MS 0004: Rx L1CTL_PARAM_REQ (ta=0, tx_power=14)
Fri Jun 26 11:07:58 2026 DL1C virt_prim_rach.c:81 MS 0004: Rx L1CTL_RACH_REQ (ra=0x02, offset=3 combined=1)
Fri Jun 26 11:07:58 2026 DL1C virt_prim_rach.c:124 MS 0004: Tx L1CTL_RACH_CONF (fn: 235586, arfcn: 51)
Fri Jun 26 11:07:58 2026 DL1C l1ctl_sap.c:411 MS 0004: Rx L1CTL_PARAM_REQ (ta=0, tx_power=14)
Fri Jun 26 11:07:58 2026 DL1C virt_prim_rach.c:81 MS 0004: Rx L1CTL_RACH_REQ (ra=0x0d, offset=121 combined=1)
Fri Jun 26 11:07:58 2026 DL1C l1ctl_sap.c:578 MS 0004: Tx L1CTL_RESET_CONF (reset_type: 2)
Fri Jun 26 11:07:58 2026 DL1C l1ctl_sap.c:411 MS 0004: Rx L1CTL_PARAM_REQ (ta=0, tx_power=14)
Fri Jun 26 11:08:06 2026 DL1C l1ctl_sap.c:379 MS 0004: Rx L1CTL_DM_REL_REQ
Fri Jun 26 11:08:06 2026 DL1C l1ctl_sap.c:578 MS 0004: Tx L1CTL_RESET_CONF (reset_type: 1)
Fri Jun 26 11:08:06 2026 DL1C l1ctl_sap.c:578 MS 0004: Tx L1CTL_RESET_CONF (reset_type: 1)
Fri Jun 26 11:08:06 2026 DL1C virt_prim_fbsb.c:57 MS 0004: Rx L1CTL_FBSB_REQ (arfcn=51, flags=0x7)
Fri Jun 26 11:08:06 2026 DL1C virt_prim_fbsb.c:126 MS 0004: Tx L1CTL_FBSB_CONF (res: 0)
Fri Jun 26 11:08:06 2026 DL1C l1ctl_sap.c:526 MS 0004: Rx L1CTL_NEIGH_PM_REQ (list with 1 entries): IGNORED
Fri Jun 26 11:08:21 2026 DL1C l1ctl_sap.c:578 MS 0004: Tx L1CTL_RESET_CONF (reset_type: 1)
Fri Jun 26 11:08:21 2026 DL1C virt_prim_fbsb.c:57 MS 0004: Rx L1CTL_FBSB_REQ (arfcn=51, flags=0x7)
Fri Jun 26 11:08:21 2026 DL1C virt_prim_fbsb.c:126 MS 0004: Tx L1CTL_FBSB_CONF (res: 0)
Fri Jun 26 11:08:21 2026 DL1C l1ctl_sap.c:411 MS 0004: Rx L1CTL_PARAM_REQ (ta=0, tx_power=14)
Fri Jun 26 11:08:21 2026 DL1C virt_prim_rach.c:81 MS 0004: Rx L1CTL_RACH_REQ (ra=0x07, offset=11 combined=1)
Fri Jun 26 11:08:21 2026 DL1C virt_prim_rach.c:124 MS 0004: Tx L1CTL_RACH_CONF (fn: 240541, arfcn: 51)
Fri Jun 26 11:08:21 2026 DL1C l1ctl_sap.c:411 MS 0004: Rx L1CTL_PARAM_REQ (ta=0, tx_power=14)
Fri Jun 26 11:08:21 2026 DL1C virt_prim_rach.c:81 MS 0004: Rx L1CTL_RACH_REQ (ra=0x0e, offset=118 combined=1)
Fri Jun 26 11:08:21 2026 DL1C l1ctl_sap.c:578 MS 0004: Tx L1CTL_RESET_CONF (reset_type: 2)
Fri Jun 26 11:08:21 2026 DL1C l1ctl_sap.c:411 MS 0004: Rx L1CTL_PARAM_REQ (ta=0, tx_power=14)
Fri Jun 26 11:08:41 2026 DL1C l1ctl_sap.c:379 MS 0004: Rx L1CTL_DM_REL_REQ
Fri Jun 26 11:08:41 2026 DL1C l1ctl_sap.c:578 MS 0004: Tx L1CTL_RESET_CONF (reset_type: 1)
Fri Jun 26 11:08:41 2026 DL1C l1ctl_sap.c:578 MS 0004: Tx L1CTL_RESET_CONF (reset_type: 1)
Fri Jun 26 11:08:41 2026 DL1C virt_prim_fbsb.c:57 MS 0004: Rx L1CTL_FBSB_REQ (arfcn=51, flags=0x7)
Fri Jun 26 11:08:42 2026 DL1C virt_prim_fbsb.c:126 MS 0004: Tx L1CTL_FBSB_CONF (res: 0)
Fri Jun 26 11:08:42 2026 DL1C l1ctl_sap.c:526 MS 0004: Rx L1CTL_NEIGH_PM_REQ (list with 1 entries): IGNORED
Fri Jun 26 11:11:06 2026 DL1C l1ctl_sap.c:578 MS 0004: Tx L1CTL_RESET_CONF (reset_type: 1)
Fri Jun 26 11:11:06 2026 DL1C l1ctl_sock.c:99 Failed to receive msg from l2. Connection will be closed.
Fri Jun 26 11:11:06 2026 DMAIN virt_l1_model.c:49 MS 0004: destroyed
Fri Jun 26 11:11:27 2026 DMAIN virt_l1_model.c:42 MS 0005: allocated
Fri Jun 26 11:11:27 2026 DL1C l1ctl_sock.c:138 Accepted client (fd=6) from server (fd=5)
Fri Jun 26 11:11:27 2026 DL1C l1ctl_sap.c:578 MS 0005: Tx L1CTL_RESET_CONF (reset_type: 1)
Fri Jun 26 11:11:27 2026 DL1C l1ctl_sap.c:578 MS 0005: Tx L1CTL_RESET_CONF (reset_type: 1)
Fri Jun 26 11:11:27 2026 DL1C l1ctl_sap.c:578 MS 0005: Tx L1CTL_RESET_CONF (reset_type: 1)
Fri Jun 26 11:11:27 2026 DL1C virt_prim_fbsb.c:57 MS 0005: Rx L1CTL_FBSB_REQ (arfcn=51, flags=0x7)
Fri Jun 26 11:11:27 2026 DL1C virt_prim_fbsb.c:126 MS 0005: Tx L1CTL_FBSB_CONF (res: 0)
Fri Jun 26 11:11:28 2026 DL1C l1ctl_sap.c:472 MS 0005: Rx L1CTL_CCCH_MODE_REQ (mode=2)
Fri Jun 26 11:11:28 2026 DL1C l1ctl_sap.c:600 MS 0005: Tx L1CTL_CCCH_MODE_CONF (mode: 2)
Fri Jun 26 11:11:28 2026 DL1C l1ctl_sap.c:578 MS 0005: Tx L1CTL_RESET_CONF (reset_type: 1)
Fri Jun 26 11:11:28 2026 DL1C virt_prim_fbsb.c:57 MS 0005: Rx L1CTL_FBSB_REQ (arfcn=51, flags=0x7)
Fri Jun 26 11:11:28 2026 DL1C virt_prim_fbsb.c:126 MS 0005: Tx L1CTL_FBSB_CONF (res: 0)
Fri Jun 26 11:11:28 2026 DL1C l1ctl_sap.c:411 MS 0005: Rx L1CTL_PARAM_REQ (ta=0, tx_power=14)
Fri Jun 26 11:11:28 2026 DL1C virt_prim_rach.c:81 MS 0005: Rx L1CTL_RACH_REQ (ra=0x09, offset=5 combined=1)
Fri Jun 26 11:11:29 2026 DL1C virt_prim_rach.c:124 MS 0005: Tx L1CTL_RACH_CONF (fn: 281182, arfcn: 51)
Fri Jun 26 11:11:29 2026 DL1C l1ctl_sap.c:411 MS 0005: Rx L1CTL_PARAM_REQ (ta=0, tx_power=14)
Fri Jun 26 11:11:29 2026 DL1C virt_prim_rach.c:81 MS 0005: Rx L1CTL_RACH_REQ (ra=0x03, offset=125 combined=1)
Fri Jun 26 11:11:29 2026 DL1C l1ctl_sap.c:578 MS 0005: Tx L1CTL_RESET_CONF (reset_type: 2)
Fri Jun 26 11:11:29 2026 DL1C l1ctl_sap.c:411 MS 0005: Rx L1CTL_PARAM_REQ (ta=0, tx_power=14)
Fri Jun 26 11:11:49 2026 DL1C l1ctl_sap.c:379 MS 0005: Rx L1CTL_DM_REL_REQ
Fri Jun 26 11:11:49 2026 DL1C l1ctl_sap.c:578 MS 0005: Tx L1CTL_RESET_CONF (reset_type: 1)
Fri Jun 26 11:11:49 2026 DL1C l1ctl_sap.c:578 MS 0005: Tx L1CTL_RESET_CONF (reset_type: 1)
Fri Jun 26 11:11:49 2026 DL1C virt_prim_fbsb.c:57 MS 0005: Rx L1CTL_FBSB_REQ (arfcn=51, flags=0x7)
Fri Jun 26 11:11:49 2026 DL1C virt_prim_fbsb.c:126 MS 0005: Tx L1CTL_FBSB_CONF (res: 0)
Fri Jun 26 11:11:49 2026 DL1C l1ctl_sap.c:526 MS 0005: Rx L1CTL_NEIGH_PM_REQ (list with 1 entries): IGNORED
Fri Jun 26 11:12:04 2026 DL1C l1ctl_sap.c:578 MS 0005: Tx L1CTL_RESET_CONF (reset_type: 1)
Fri Jun 26 11:12:04 2026 DL1C virt_prim_fbsb.c:57 MS 0005: Rx L1CTL_FBSB_REQ (arfcn=51, flags=0x7)
Fri Jun 26 11:12:04 2026 DL1C virt_prim_fbsb.c:126 MS 0005: Tx L1CTL_FBSB_CONF (res: 0)
Fri Jun 26 11:12:04 2026 DL1C l1ctl_sap.c:411 MS 0005: Rx L1CTL_PARAM_REQ (ta=0, tx_power=14)
Fri Jun 26 11:12:04 2026 DL1C virt_prim_rach.c:81 MS 0005: Rx L1CTL_RACH_REQ (ra=0x00, offset=1 combined=1)
Fri Jun 26 11:12:04 2026 DL1C virt_prim_rach.c:124 MS 0005: Tx L1CTL_RACH_CONF (fn: 288932, arfcn: 51)
Fri Jun 26 11:12:04 2026 DL1C l1ctl_sap.c:411 MS 0005: Rx L1CTL_PARAM_REQ (ta=0, tx_power=14)
Fri Jun 26 11:12:04 2026 DL1C virt_prim_rach.c:81 MS 0005: Rx L1CTL_RACH_REQ (ra=0x06, offset=118 combined=1)
Fri Jun 26 11:12:04 2026 DL1C l1ctl_sap.c:578 MS 0005: Tx L1CTL_RESET_CONF (reset_type: 2)
Fri Jun 26 11:12:04 2026 DL1C l1ctl_sap.c:411 MS 0005: Rx L1CTL_PARAM_REQ (ta=0, tx_power=14)
Fri Jun 26 11:12:12 2026 DL1C l1ctl_sap.c:379 MS 0005: Rx L1CTL_DM_REL_REQ
Fri Jun 26 11:12:12 2026 DL1C l1ctl_sap.c:578 MS 0005: Tx L1CTL_RESET_CONF (reset_type: 1)
Fri Jun 26 11:12:12 2026 DL1C l1ctl_sap.c:578 MS 0005: Tx L1CTL_RESET_CONF (reset_type: 1)
Fri Jun 26 11:12:12 2026 DL1C virt_prim_fbsb.c:57 MS 0005: Rx L1CTL_FBSB_REQ (arfcn=51, flags=0x7)
Fri Jun 26 11:12:12 2026 DL1C virt_prim_fbsb.c:126 MS 0005: Tx L1CTL_FBSB_CONF (res: 0)
Fri Jun 26 11:12:12 2026 DL1C l1ctl_sap.c:526 MS 0005: Rx L1CTL_NEIGH_PM_REQ (list with 1 entries): IGNORED
Fri Jun 26 11:12:27 2026 DL1C l1ctl_sap.c:578 MS 0005: Tx L1CTL_RESET_CONF (reset_type: 1)
Fri Jun 26 11:12:27 2026 DL1C virt_prim_fbsb.c:57 MS 0005: Rx L1CTL_FBSB_REQ (arfcn=51, flags=0x7)
Fri Jun 26 11:12:27 2026 DL1C virt_prim_fbsb.c:126 MS 0005: Tx L1CTL_FBSB_CONF (res: 0)
Fri Jun 26 11:12:27 2026 DL1C l1ctl_sap.c:411 MS 0005: Rx L1CTL_PARAM_REQ (ta=0, tx_power=14)
Fri Jun 26 11:12:27 2026 DL1C virt_prim_rach.c:81 MS 0005: Rx L1CTL_RACH_REQ (ra=0x0d, offset=7 combined=1)
Fri Jun 26 11:12:27 2026 DL1C virt_prim_rach.c:124 MS 0005: Tx L1CTL_RACH_CONF (fn: 293883, arfcn: 51)
Fri Jun 26 11:12:27 2026 DL1C l1ctl_sap.c:411 MS 0005: Rx L1CTL_PARAM_REQ (ta=0, tx_power=14)
Fri Jun 26 11:12:27 2026 DL1C virt_prim_rach.c:81 MS 0005: Rx L1CTL_RACH_REQ (ra=0x07, offset=124 combined=1)
Fri Jun 26 11:12:27 2026 DL1C l1ctl_sap.c:578 MS 0005: Tx L1CTL_RESET_CONF (reset_type: 2)
Fri Jun 26 11:12:27 2026 DL1C l1ctl_sap.c:411 MS 0005: Rx L1CTL_PARAM_REQ (ta=0, tx_power=14)
Fri Jun 26 11:12:35 2026 DL1C l1ctl_sap.c:379 MS 0005: Rx L1CTL_DM_REL_REQ
Fri Jun 26 11:12:35 2026 DL1C l1ctl_sap.c:578 MS 0005: Tx L1CTL_RESET_CONF (reset_type: 1)
Fri Jun 26 11:12:35 2026 DL1C l1ctl_sap.c:578 MS 0005: Tx L1CTL_RESET_CONF (reset_type: 1)
Fri Jun 26 11:12:35 2026 DL1C virt_prim_fbsb.c:57 MS 0005: Rx L1CTL_FBSB_REQ (arfcn=51, flags=0x7)
Fri Jun 26 11:12:35 2026 DL1C virt_prim_fbsb.c:126 MS 0005: Tx L1CTL_FBSB_CONF (res: 0)
Fri Jun 26 11:12:35 2026 DL1C l1ctl_sap.c:526 MS 0005: Rx L1CTL_NEIGH_PM_REQ (list with 1 entries): IGNORED
Fri Jun 26 11:12:50 2026 DL1C l1ctl_sap.c:578 MS 0005: Tx L1CTL_RESET_CONF (reset_type: 1)
Fri Jun 26 11:12:50 2026 DL1C virt_prim_fbsb.c:57 MS 0005: Rx L1CTL_FBSB_REQ (arfcn=51, flags=0x7)
Fri Jun 26 11:12:50 2026 DL1C virt_prim_fbsb.c:126 MS 0005: Tx L1CTL_FBSB_CONF (res: 0)
Fri Jun 26 11:12:50 2026 DL1C l1ctl_sap.c:411 MS 0005: Rx L1CTL_PARAM_REQ (ta=0, tx_power=14)
Fri Jun 26 11:12:50 2026 DL1C virt_prim_rach.c:81 MS 0005: Rx L1CTL_RACH_REQ (ra=0x08, offset=1 combined=1)
Fri Jun 26 11:12:50 2026 DL1C virt_prim_rach.c:124 MS 0005: Tx L1CTL_RACH_CONF (fn: 298824, arfcn: 51)
Fri Jun 26 11:12:50 2026 DL1C l1ctl_sap.c:411 MS 0005: Rx L1CTL_PARAM_REQ (ta=0, tx_power=14)
Fri Jun 26 11:12:50 2026 DL1C virt_prim_rach.c:81 MS 0005: Rx L1CTL_RACH_REQ (ra=0x00, offset=118 combined=1)
Fri Jun 26 11:12:50 2026 DL1C l1ctl_sap.c:578 MS 0005: Tx L1CTL_RESET_CONF (reset_type: 2)
Fri Jun 26 11:12:50 2026 DL1C l1ctl_sap.c:411 MS 0005: Rx L1CTL_PARAM_REQ (ta=0, tx_power=14)
Fri Jun 26 11:12:57 2026 DL1C l1ctl_sap.c:379 MS 0005: Rx L1CTL_DM_REL_REQ
Fri Jun 26 11:12:57 2026 DL1C l1ctl_sap.c:578 MS 0005: Tx L1CTL_RESET_CONF (reset_type: 1)
Fri Jun 26 11:12:57 2026 DL1C l1ctl_sap.c:578 MS 0005: Tx L1CTL_RESET_CONF (reset_type: 1)
Fri Jun 26 11:12:57 2026 DL1C virt_prim_fbsb.c:57 MS 0005: Rx L1CTL_FBSB_REQ (arfcn=51, flags=0x7)
Fri Jun 26 11:12:57 2026 DL1C virt_prim_fbsb.c:126 MS 0005: Tx L1CTL_FBSB_CONF (res: 0)
Fri Jun 26 11:12:57 2026 DL1C l1ctl_sap.c:526 MS 0005: Rx L1CTL_NEIGH_PM_REQ (list with 1 entries): IGNORED
Fri Jun 26 11:13:43 2026 DL1C l1ctl_sap.c:578 MS 0005: Tx L1CTL_RESET_CONF (reset_type: 1)
Fri Jun 26 11:13:43 2026 DL1C l1ctl_sock.c:99 Failed to receive msg from l2. Connection will be closed.
Fri Jun 26 11:13:43 2026 DMAIN virt_l1_model.c:49 MS 0005: destroyed
Fri Jun 26 11:14:04 2026 DMAIN virt_l1_model.c:42 MS 0006: allocated
Fri Jun 26 11:14:04 2026 DL1C l1ctl_sock.c:138 Accepted client (fd=6) from server (fd=5)
Fri Jun 26 11:14:04 2026 DL1C l1ctl_sap.c:578 MS 0006: Tx L1CTL_RESET_CONF (reset_type: 1)
Fri Jun 26 11:14:04 2026 DL1C l1ctl_sap.c:578 MS 0006: Tx L1CTL_RESET_CONF (reset_type: 1)
Fri Jun 26 11:14:04 2026 DL1C l1ctl_sap.c:578 MS 0006: Tx L1CTL_RESET_CONF (reset_type: 1)
Fri Jun 26 11:14:04 2026 DL1C virt_prim_fbsb.c:57 MS 0006: Rx L1CTL_FBSB_REQ (arfcn=51, flags=0x7)
Fri Jun 26 11:14:04 2026 DL1C virt_prim_fbsb.c:126 MS 0006: Tx L1CTL_FBSB_CONF (res: 0)
Fri Jun 26 11:14:05 2026 DL1C l1ctl_sap.c:472 MS 0006: Rx L1CTL_CCCH_MODE_REQ (mode=2)
Fri Jun 26 11:14:05 2026 DL1C l1ctl_sap.c:600 MS 0006: Tx L1CTL_CCCH_MODE_CONF (mode: 2)
Fri Jun 26 11:14:05 2026 DL1C l1ctl_sap.c:578 MS 0006: Tx L1CTL_RESET_CONF (reset_type: 1)
Fri Jun 26 11:14:05 2026 DL1C virt_prim_fbsb.c:57 MS 0006: Rx L1CTL_FBSB_REQ (arfcn=51, flags=0x7)
Fri Jun 26 11:14:05 2026 DL1C virt_prim_fbsb.c:126 MS 0006: Tx L1CTL_FBSB_CONF (res: 0)
Fri Jun 26 11:14:05 2026 DL1C l1ctl_sap.c:411 MS 0006: Rx L1CTL_PARAM_REQ (ta=0, tx_power=14)
Fri Jun 26 11:14:05 2026 DL1C virt_prim_rach.c:81 MS 0006: Rx L1CTL_RACH_REQ (ra=0x05, offset=11 combined=1)
Fri Jun 26 11:14:05 2026 DL1C virt_prim_rach.c:124 MS 0006: Tx L1CTL_RACH_CONF (fn: 315103, arfcn: 51)
Fri Jun 26 11:14:05 2026 DL1C l1ctl_sap.c:411 MS 0006: Rx L1CTL_PARAM_REQ (ta=0, tx_power=14)
Fri Jun 26 11:14:05 2026 DL1C virt_prim_rach.c:81 MS 0006: Rx L1CTL_RACH_REQ (ra=0x03, offset=119 combined=1)
Fri Jun 26 11:14:05 2026 DL1C l1ctl_sap.c:578 MS 0006: Tx L1CTL_RESET_CONF (reset_type: 2)
Fri Jun 26 11:14:05 2026 DL1C l1ctl_sap.c:411 MS 0006: Rx L1CTL_PARAM_REQ (ta=0, tx_power=14)
Fri Jun 26 11:14:26 2026 DL1C l1ctl_sap.c:379 MS 0006: Rx L1CTL_DM_REL_REQ
Fri Jun 26 11:14:26 2026 DL1C l1ctl_sap.c:578 MS 0006: Tx L1CTL_RESET_CONF (reset_type: 1)
Fri Jun 26 11:14:26 2026 DL1C l1ctl_sap.c:578 MS 0006: Tx L1CTL_RESET_CONF (reset_type: 1)
Fri Jun 26 11:14:26 2026 DL1C virt_prim_fbsb.c:57 MS 0006: Rx L1CTL_FBSB_REQ (arfcn=51, flags=0x7)
Fri Jun 26 11:14:26 2026 DL1C virt_prim_fbsb.c:126 MS 0006: Tx L1CTL_FBSB_CONF (res: 0)
Fri Jun 26 11:14:26 2026 DL1C l1ctl_sap.c:526 MS 0006: Rx L1CTL_NEIGH_PM_REQ (list with 1 entries): IGNORED
Fri Jun 26 11:14:41 2026 DL1C l1ctl_sap.c:578 MS 0006: Tx L1CTL_RESET_CONF (reset_type: 1)
Fri Jun 26 11:14:41 2026 DL1C virt_prim_fbsb.c:57 MS 0006: Rx L1CTL_FBSB_REQ (arfcn=51, flags=0x7)
Fri Jun 26 11:14:41 2026 DL1C virt_prim_fbsb.c:126 MS 0006: Tx L1CTL_FBSB_CONF (res: 0)
Fri Jun 26 11:14:41 2026 DL1C l1ctl_sap.c:411 MS 0006: Rx L1CTL_PARAM_REQ (ta=0, tx_power=14)
Fri Jun 26 11:14:41 2026 DL1C virt_prim_rach.c:81 MS 0006: Rx L1CTL_RACH_REQ (ra=0x0b, offset=6 combined=1)
Fri Jun 26 11:14:41 2026 DL1C virt_prim_rach.c:124 MS 0006: Tx L1CTL_RACH_CONF (fn: 322852, arfcn: 51)
Fri Jun 26 11:14:41 2026 DL1C l1ctl_sap.c:411 MS 0006: Rx L1CTL_PARAM_REQ (ta=0, tx_power=14)
Fri Jun 26 11:14:41 2026 DL1C virt_prim_rach.c:81 MS 0006: Rx L1CTL_RACH_REQ (ra=0x0d, offset=122 combined=1)
Fri Jun 26 11:14:41 2026 DL1C l1ctl_sap.c:578 MS 0006: Tx L1CTL_RESET_CONF (reset_type: 2)
Fri Jun 26 11:14:41 2026 DL1C l1ctl_sap.c:411 MS 0006: Rx L1CTL_PARAM_REQ (ta=0, tx_power=14)
Fri Jun 26 11:14:48 2026 DL1C l1ctl_sap.c:379 MS 0006: Rx L1CTL_DM_REL_REQ
Fri Jun 26 11:14:48 2026 DL1C l1ctl_sap.c:578 MS 0006: Tx L1CTL_RESET_CONF (reset_type: 1)
Fri Jun 26 11:14:48 2026 DL1C l1ctl_sap.c:578 MS 0006: Tx L1CTL_RESET_CONF (reset_type: 1)
Fri Jun 26 11:14:48 2026 DL1C virt_prim_fbsb.c:57 MS 0006: Rx L1CTL_FBSB_REQ (arfcn=51, flags=0x7)
Fri Jun 26 11:14:48 2026 DL1C virt_prim_fbsb.c:126 MS 0006: Tx L1CTL_FBSB_CONF (res: 0)
Fri Jun 26 11:14:48 2026 DL1C l1ctl_sap.c:526 MS 0006: Rx L1CTL_NEIGH_PM_REQ (list with 1 entries): IGNORED
