2026/Jun/10 10:15:03.287467 EXECUTOR - TTCN-3 Host Controller started on ttcn3-tc-26-8-1-2-1-1-1-tgvnt. Version: 11.1.0.
2026/Jun/10 10:15:03.289447 EXECUTOR - TTCN Logger v2.2 options: TimeStampFormat:=DateTime; LogEntityName:=No; LogEventTypes:=Yes; SourceInfoFormat:=Single; LogSensitiveData:=No; *.FileMask:=LOG_ALL; *.ConsoleMask:=ERROR | TESTCASE | USER | VERDICTOP | WARNING; LogFileSize:=0; LogFileNumber:=1; DiskFullAction:=Error
2026/Jun/10 10:15:03.289472 EXECUTOR - Maximum number of open file descriptors: 1048576,   FD_SETSIZE = 1024
2026/Jun/10 10:15:03.289651 WARNING - Warning: The address of MC was set to a local IP address. This may cause incorrect behavior if a HC from a remote host also connects to MC.
2026/Jun/10 10:15:03.289698 EXECUTOR - The address of MC was set to 127.0.0.1:0.
2026/Jun/10 10:15:03.289846 EXECUTOR - Connected to MC.
2026/Jun/10 10:15:03.289964 EXECUTOR - This host supports UNIX domain sockets for local communication.
2026/Jun/10 10:15:03.290388 EXECUTOR - Processing configuration data received from MC.
2026/Jun/10 10:15:03.292375 WARNING - Warning: Skeleton `/results/TC_26_8_1_2_1_1-2026-06-10-101459/%n.log' does not guarantee unique log file name for every test system process. It may cause unpredictable results if several test components try to write into the same log file.
2026/Jun/10 10:15:03.292801 EXECUTOR - Module GSM_Constants has the following parameters: { TSPC_Serv_TS11 := true, TSPC_Serv_TS61 := false, TSPC_Serv_TS62 := false, TSPC_Serv_BS21 := false, TSPC_Serv_BS22 := false, TSPC_Serv_BS24 := false, TSPC_Serv_BS25 := false, TSPC_Serv_BS26 := false, TSPC_Serv_BS31 := false, TSPC_Serv_BS32 := false, TSPC_Serv_BS33 := false, TSPC_Serv_BS34 := false, TSPC_Serv_BS41 := false, TSPC_Serv_BS42 := false, TSPC_Serv_BS43 := false, TSPC_Serv_BS44 := false, TSPC_Serv_BS45 := false, TSPC_Serv_BS51 := false, TSPC_Serv_BS61 := false, TSPC_Serv_BS81 := false, TSPC_DualRate := false, TSPC_MTsvc := true, TSPX_IMSI := '901700000000001F'O, TSPX_TMSI := '1914D97F'O, TSPX_CKSNDef := 0, TSPX_RANDDef := '00112233445566778899AABBCCDDEEFF'O, TSPX_SRES := '12345678'O, TSPX_Kc := '0000000000000000'O, TSPX_SDCCH4SubDef := 0, TSPX_TmSltDef := 0, TSPX_TscDef := 7, TSPX_TCHHSubDef := 0, TCV_CC := true, TSPX_Telephony_Rate := C_Full (0), TSPX_MOBscSvcA := C_Telephony (0), TSPX_MOBscSvcB := C_Telephony (0), TSPX_MOBscSvcC := C_Telephony (0), TSPX_MOBscSvcD := C_Telephony (0), TSPX_MOBscSvcE := C_Telephony (0), TSPX_MOBscSvcF := C_Telephony (0), TSPX_MOBscSvcG := C_Telephony (0), TSPX_MOChRateA := C_Full (0), TSPX_MOChRateB := C_Full (0), TSPX_MOChRateC := C_Full (0), TSPX_MOChRateD := C_Full (0), TSPX_MOChRateE := C_Full (0), TSPX_MOChRateF := C_Full (0), TSPX_MOChRateG := C_Full (0), TSPX_MTBscSvcA := C_Telephony (0), TSPX_MTBscSvcB := C_Telephony (0), TSPX_MTBscSvcC := C_Telephony (0), TSPX_MTBscSvcD := C_Telephony (0), TSPX_MTBscSvcE := C_Telephony (0), TSPX_MTBscSvcF := C_Telephony (0), TSPX_MTBscSvcG := C_Telephony (0), TSPX_MTBscSvcH := C_Telephony (0), TSPX_MTBscSvcI := C_Telephony (0), TSPX_MTBscSvcJ := C_Telephony (0), TSPX_MTChRateA := C_Full (0), TSPX_MTChRateB := C_Full (0), TSPX_MTChRateC := C_Full (0), TSPX_MTChRateD := C_Full (0), TSPX_MTChRateE := C_Full (0), TSPX_MTChRateF := C_Full (0), TSPX_MTChRateG := C_Full (0), TSPX_MTChRateH := C_Full (0), TSPX_MTChRateI := C_Full (0), TSPX_MTChRateJ := C_Full (0), C_arfcnA := 100 }
2026/Jun/10 10:15:03.292930 EXECUTOR - Module TC_26_6_1_2 has the following parameters: { TSPX_nPara := 3, TSPX_i1Para := 3, TSPX_kPara := 5, TSPX_i2Para := 1, TSPX_rPara := 4, TSPX_i3Para := 4 }
2026/Jun/10 10:15:03.292977 EXECUTOR - Initializing module GSM_Component_Definitions.
2026/Jun/10 10:15:03.292988 EXECUTOR GSM_Component_Definitions.ttcn3:0 Initializing module GSM_Templates.
2026/Jun/10 10:15:03.293011 EXECUTOR GSM_Templates.ttcn3:0 Initializing module GSM_Constants.
2026/Jun/10 10:15:03.293019 EXECUTOR GSM_Constants.ttcn3:0 Initializing module GSM_Types.
2026/Jun/10 10:15:03.293023 EXECUTOR GSM_Constants.ttcn3:0 Initialization of module GSM_Types finished.
2026/Jun/10 10:15:03.293027 EXECUTOR GSM_Templates.ttcn3:0 Initialization of module GSM_Constants finished.
2026/Jun/10 10:15:03.293127 EXECUTOR GSM_Component_Definitions.ttcn3:0 Initialization of module GSM_Templates finished.
2026/Jun/10 10:15:03.293132 EXECUTOR - Initialization of module GSM_Component_Definitions finished.
2026/Jun/10 10:15:03.293136 EXECUTOR - Initializing module GSM_Functions.
2026/Jun/10 10:15:03.293166 EXECUTOR - Initialization of module GSM_Functions finished.
2026/Jun/10 10:15:03.293169 EXECUTOR - Initializing module PreGenRecordOf.
2026/Jun/10 10:15:03.293173 EXECUTOR - Initialization of module PreGenRecordOf finished.
2026/Jun/10 10:15:03.293175 EXECUTOR - Initializing module TC_26_2_1_3.
2026/Jun/10 10:15:03.293182 EXECUTOR - Initialization of module TC_26_2_1_3 finished.
2026/Jun/10 10:15:03.293185 EXECUTOR - Initializing module TC_26_2_2.
2026/Jun/10 10:15:03.293192 EXECUTOR - Initialization of module TC_26_2_2 finished.
2026/Jun/10 10:15:03.293195 EXECUTOR - Initializing module TC_26_2_3.
2026/Jun/10 10:15:03.293202 EXECUTOR - Initialization of module TC_26_2_3 finished.
2026/Jun/10 10:15:03.293205 EXECUTOR - Initializing module TC_26_6_11_1.
2026/Jun/10 10:15:03.293211 EXECUTOR - Initialization of module TC_26_6_11_1 finished.
2026/Jun/10 10:15:03.293214 EXECUTOR - Initializing module TC_26_6_11_2.
2026/Jun/10 10:15:03.293221 EXECUTOR - Initialization of module TC_26_6_11_2 finished.
2026/Jun/10 10:15:03.293224 EXECUTOR - Initializing module TC_26_6_12_1.
2026/Jun/10 10:15:03.293230 EXECUTOR - Initialization of module TC_26_6_12_1 finished.
2026/Jun/10 10:15:03.293233 EXECUTOR - Initializing module TC_26_6_12_2.
2026/Jun/10 10:15:03.293239 EXECUTOR - Initialization of module TC_26_6_12_2 finished.
2026/Jun/10 10:15:03.293242 EXECUTOR - Initializing module TC_26_6_12_3.
2026/Jun/10 10:15:03.293249 EXECUTOR - Initialization of module TC_26_6_12_3 finished.
2026/Jun/10 10:15:03.293252 EXECUTOR - Initializing module TC_26_6_12_4.
2026/Jun/10 10:15:03.293258 EXECUTOR - Initialization of module TC_26_6_12_4 finished.
2026/Jun/10 10:15:03.293261 EXECUTOR - Initializing module TC_26_6_13_10.
2026/Jun/10 10:15:03.293267 EXECUTOR - Initialization of module TC_26_6_13_10 finished.
2026/Jun/10 10:15:03.293270 EXECUTOR - Initializing module TC_26_6_13_9.
2026/Jun/10 10:15:03.293276 EXECUTOR - Initialization of module TC_26_6_13_9 finished.
2026/Jun/10 10:15:03.293279 EXECUTOR - Initializing module TC_26_6_1_1.
2026/Jun/10 10:15:03.293285 EXECUTOR - Initialization of module TC_26_6_1_1 finished.
2026/Jun/10 10:15:03.293288 EXECUTOR - Initializing module TC_26_6_1_2.
2026/Jun/10 10:15:03.293294 EXECUTOR - Initialization of module TC_26_6_1_2 finished.
2026/Jun/10 10:15:03.293297 EXECUTOR - Initializing module TC_26_6_1_3.
2026/Jun/10 10:15:03.293303 EXECUTOR - Initialization of module TC_26_6_1_3 finished.
2026/Jun/10 10:15:03.293306 EXECUTOR - Initializing module TC_26_6_1_4.
2026/Jun/10 10:15:03.293312 EXECUTOR - Initialization of module TC_26_6_1_4 finished.
2026/Jun/10 10:15:03.293315 EXECUTOR - Initializing module TC_26_6_1_5.
2026/Jun/10 10:15:03.293321 EXECUTOR - Initialization of module TC_26_6_1_5 finished.
2026/Jun/10 10:15:03.293324 EXECUTOR - Initializing module TC_26_6_2_1_1.
2026/Jun/10 10:15:03.293330 EXECUTOR - Initialization of module TC_26_6_2_1_1 finished.
2026/Jun/10 10:15:03.293334 EXECUTOR - Initializing module TC_26_6_2_1_2.
2026/Jun/10 10:15:03.293340 EXECUTOR - Initialization of module TC_26_6_2_1_2 finished.
2026/Jun/10 10:15:03.293343 EXECUTOR - Initializing module TC_26_6_2_1_3.
2026/Jun/10 10:15:03.293349 EXECUTOR - Initialization of module TC_26_6_2_1_3 finished.
2026/Jun/10 10:15:03.293352 EXECUTOR - Initializing module TC_26_6_2_2.
2026/Jun/10 10:15:03.293359 EXECUTOR - Initialization of module TC_26_6_2_2 finished.
2026/Jun/10 10:15:03.293361 EXECUTOR - Initializing module TC_26_6_2_3_1.
2026/Jun/10 10:15:03.293368 EXECUTOR - Initialization of module TC_26_6_2_3_1 finished.
2026/Jun/10 10:15:03.293371 EXECUTOR - Initializing module TC_26_6_2_3_2.
2026/Jun/10 10:15:03.293377 EXECUTOR - Initialization of module TC_26_6_2_3_2 finished.
2026/Jun/10 10:15:03.293384 EXECUTOR - Initializing module TC_26_6_2_4.
2026/Jun/10 10:15:03.293390 EXECUTOR - Initialization of module TC_26_6_2_4 finished.
2026/Jun/10 10:15:03.293393 EXECUTOR - Initializing module TC_26_6_3_1.
2026/Jun/10 10:15:03.293400 EXECUTOR - Initialization of module TC_26_6_3_1 finished.
2026/Jun/10 10:15:03.293403 EXECUTOR - Initializing module TC_26_6_3_4.
2026/Jun/10 10:15:03.293409 EXECUTOR - Initialization of module TC_26_6_3_4 finished.
2026/Jun/10 10:15:03.293412 EXECUTOR - Initializing module TC_26_6_4_1.
2026/Jun/10 10:15:03.293419 EXECUTOR - Initialization of module TC_26_6_4_1 finished.
2026/Jun/10 10:15:03.293422 EXECUTOR - Initializing module TC_26_6_4_2_2.
2026/Jun/10 10:15:03.293428 EXECUTOR - Initialization of module TC_26_6_4_2_2 finished.
2026/Jun/10 10:15:03.293431 EXECUTOR - Initializing module TC_26_6_5_1.
2026/Jun/10 10:15:03.293438 EXECUTOR - Initialization of module TC_26_6_5_1 finished.
2026/Jun/10 10:15:03.293440 EXECUTOR - Initializing module TC_26_6_5_2_1.
2026/Jun/10 10:15:03.293447 EXECUTOR - Initialization of module TC_26_6_5_2_1 finished.
2026/Jun/10 10:15:03.293450 EXECUTOR - Initializing module TC_26_6_8_1.
2026/Jun/10 10:15:03.293457 EXECUTOR - Initialization of module TC_26_6_8_1 finished.
2026/Jun/10 10:15:03.293459 EXECUTOR - Initializing module TC_26_6_8_2.
2026/Jun/10 10:15:03.293466 EXECUTOR - Initialization of module TC_26_6_8_2 finished.
2026/Jun/10 10:15:03.293469 EXECUTOR - Initializing module TC_26_6_8_3.
2026/Jun/10 10:15:03.293475 EXECUTOR - Initialization of module TC_26_6_8_3 finished.
2026/Jun/10 10:15:03.293478 EXECUTOR - Initializing module TC_26_6_8_4.
2026/Jun/10 10:15:03.293484 EXECUTOR - Initialization of module TC_26_6_8_4 finished.
2026/Jun/10 10:15:03.293487 EXECUTOR - Initializing module TC_26_6_8_5.
2026/Jun/10 10:15:03.293494 EXECUTOR - Initialization of module TC_26_6_8_5 finished.
2026/Jun/10 10:15:03.293497 EXECUTOR - Initializing module TC_26_7_1.
2026/Jun/10 10:15:03.293503 EXECUTOR - Initialization of module TC_26_7_1 finished.
2026/Jun/10 10:15:03.293506 EXECUTOR - Initializing module TC_26_7_2_1.
2026/Jun/10 10:15:03.293512 EXECUTOR - Initialization of module TC_26_7_2_1 finished.
2026/Jun/10 10:15:03.293515 EXECUTOR - Initializing module TC_26_7_2_2.
2026/Jun/10 10:15:03.293521 EXECUTOR - Initialization of module TC_26_7_2_2 finished.
2026/Jun/10 10:15:03.293524 EXECUTOR - Initializing module TC_26_7_3_1.
2026/Jun/10 10:15:03.293530 EXECUTOR - Initialization of module TC_26_7_3_1 finished.
2026/Jun/10 10:15:03.293533 EXECUTOR - Initializing module TC_26_7_3_2.
2026/Jun/10 10:15:03.293540 EXECUTOR - Initialization of module TC_26_7_3_2 finished.
2026/Jun/10 10:15:03.293542 EXECUTOR - Initializing module TC_26_7_4_1.
2026/Jun/10 10:15:03.293549 EXECUTOR - Initialization of module TC_26_7_4_1 finished.
2026/Jun/10 10:15:03.293552 EXECUTOR - Initializing module TC_26_7_4_2_1.
2026/Jun/10 10:15:03.293558 EXECUTOR - Initialization of module TC_26_7_4_2_1 finished.
2026/Jun/10 10:15:03.293561 EXECUTOR - Initializing module TC_26_7_4_2_2_1.
2026/Jun/10 10:15:03.293568 EXECUTOR - Initialization of module TC_26_7_4_2_2_1 finished.
2026/Jun/10 10:15:03.293571 EXECUTOR - Initializing module TC_26_7_4_2_2_2.
2026/Jun/10 10:15:03.293577 EXECUTOR - Initialization of module TC_26_7_4_2_2_2 finished.
2026/Jun/10 10:15:03.293580 EXECUTOR - Initializing module TC_26_7_4_2_3.
2026/Jun/10 10:15:03.293587 EXECUTOR - Initialization of module TC_26_7_4_2_3 finished.
2026/Jun/10 10:15:03.293590 EXECUTOR - Initializing module TC_26_7_4_2_4_1.
2026/Jun/10 10:15:03.293596 EXECUTOR - Initialization of module TC_26_7_4_2_4_1 finished.
2026/Jun/10 10:15:03.293599 EXECUTOR - Initializing module TC_26_7_4_2_4_2.
2026/Jun/10 10:15:03.293606 EXECUTOR - Initialization of module TC_26_7_4_2_4_2 finished.
2026/Jun/10 10:15:03.293609 EXECUTOR - Initializing module TC_26_7_4_2_4_3.
2026/Jun/10 10:15:03.293615 EXECUTOR - Initialization of module TC_26_7_4_2_4_3 finished.
2026/Jun/10 10:15:03.293618 EXECUTOR - Initializing module TC_26_7_4_2_4_4.
2026/Jun/10 10:15:03.293628 EXECUTOR - Initialization of module TC_26_7_4_2_4_4 finished.
2026/Jun/10 10:15:03.293632 EXECUTOR - Initializing module TC_26_7_4_2_4_5.
2026/Jun/10 10:15:03.293638 EXECUTOR - Initialization of module TC_26_7_4_2_4_5 finished.
2026/Jun/10 10:15:03.293641 EXECUTOR - Initializing module TC_26_7_4_3_1.
2026/Jun/10 10:15:03.293648 EXECUTOR - Initialization of module TC_26_7_4_3_1 finished.
2026/Jun/10 10:15:03.293651 EXECUTOR - Initializing module TC_26_7_4_3_2.
2026/Jun/10 10:15:03.293658 EXECUTOR - Initialization of module TC_26_7_4_3_2 finished.
2026/Jun/10 10:15:03.293661 EXECUTOR - Initializing module TC_26_7_4_3_3.
2026/Jun/10 10:15:03.293667 EXECUTOR - Initialization of module TC_26_7_4_3_3 finished.
2026/Jun/10 10:15:03.293670 EXECUTOR - Initializing module TC_26_7_4_3_4.
2026/Jun/10 10:15:03.293677 EXECUTOR - Initialization of module TC_26_7_4_3_4 finished.
2026/Jun/10 10:15:03.293680 EXECUTOR - Initializing module TC_26_7_4_4.
2026/Jun/10 10:15:03.293686 EXECUTOR - Initialization of module TC_26_7_4_4 finished.
2026/Jun/10 10:15:03.293689 EXECUTOR - Initializing module TC_26_7_4_5_1.
2026/Jun/10 10:15:03.293696 EXECUTOR - Initialization of module TC_26_7_4_5_1 finished.
2026/Jun/10 10:15:03.293699 EXECUTOR - Initializing module TC_26_7_4_5_2.
2026/Jun/10 10:15:03.293705 EXECUTOR - Initialization of module TC_26_7_4_5_2 finished.
2026/Jun/10 10:15:03.293708 EXECUTOR - Initializing module TC_26_7_4_5_3.
2026/Jun/10 10:15:03.293714 EXECUTOR - Initialization of module TC_26_7_4_5_3 finished.
2026/Jun/10 10:15:03.293717 EXECUTOR - Initializing module TC_26_7_4_5_4_2.
2026/Jun/10 10:15:03.293724 EXECUTOR - Initialization of module TC_26_7_4_5_4_2 finished.
2026/Jun/10 10:15:03.293727 EXECUTOR - Initializing module TC_26_7_5_2.
2026/Jun/10 10:15:03.293734 EXECUTOR - Initialization of module TC_26_7_5_2 finished.
2026/Jun/10 10:15:03.293737 EXECUTOR - Initializing module TC_26_7_5_3.
2026/Jun/10 10:15:03.293743 EXECUTOR - Initialization of module TC_26_7_5_3 finished.
2026/Jun/10 10:15:03.293746 EXECUTOR - Initializing module TC_26_7_5_4.
2026/Jun/10 10:15:03.293753 EXECUTOR - Initialization of module TC_26_7_5_4 finished.
2026/Jun/10 10:15:03.293756 EXECUTOR - Initializing module TC_26_7_5_5.
2026/Jun/10 10:15:03.293762 EXECUTOR - Initialization of module TC_26_7_5_5 finished.
2026/Jun/10 10:15:03.293765 EXECUTOR - Initializing module TC_26_7_5_6.
2026/Jun/10 10:15:03.293772 EXECUTOR - Initialization of module TC_26_7_5_6 finished.
2026/Jun/10 10:15:03.293775 EXECUTOR - Initializing module TC_26_7_5_7_1.
2026/Jun/10 10:15:03.293781 EXECUTOR - Initialization of module TC_26_7_5_7_1 finished.
2026/Jun/10 10:15:03.293784 EXECUTOR - Initializing module TC_26_7_5_8_1.
2026/Jun/10 10:15:03.293790 EXECUTOR - Initialization of module TC_26_7_5_8_1 finished.
2026/Jun/10 10:15:03.293793 EXECUTOR - Initializing module TC_26_7_5_8_2.
2026/Jun/10 10:15:03.293799 EXECUTOR - Initialization of module TC_26_7_5_8_2 finished.
2026/Jun/10 10:15:03.293802 EXECUTOR - Initializing module TC_26_7_5_8_3.
2026/Jun/10 10:15:03.293808 EXECUTOR - Initialization of module TC_26_7_5_8_3 finished.
2026/Jun/10 10:15:03.293811 EXECUTOR - Initializing module TC_26_8_1_2_1_1.
2026/Jun/10 10:15:03.293817 EXECUTOR - Initialization of module TC_26_8_1_2_1_1 finished.
2026/Jun/10 10:15:03.293826 EXECUTOR - Initializing module TC_26_8_1_2_2_1.
2026/Jun/10 10:15:03.293833 EXECUTOR - Initialization of module TC_26_8_1_2_2_1 finished.
2026/Jun/10 10:15:03.293839 EXECUTOR - Initializing module TC_26_8_1_2_2_2.
2026/Jun/10 10:15:03.293845 EXECUTOR - Initialization of module TC_26_8_1_2_2_2 finished.
2026/Jun/10 10:15:03.293848 EXECUTOR - Initializing module TC_26_8_1_2_2_3.
2026/Jun/10 10:15:03.293855 EXECUTOR - Initialization of module TC_26_8_1_2_2_3 finished.
2026/Jun/10 10:15:03.293858 EXECUTOR - Initializing module TC_26_8_1_2_3_1.
2026/Jun/10 10:15:03.293864 EXECUTOR - Initialization of module TC_26_8_1_2_3_1 finished.
2026/Jun/10 10:15:03.293867 EXECUTOR - Initializing module TC_26_8_1_2_3_2.
2026/Jun/10 10:15:03.293877 EXECUTOR - Initialization of module TC_26_8_1_2_3_2 finished.
2026/Jun/10 10:15:03.293881 EXECUTOR - Initializing module TC_26_8_1_2_3_3.
2026/Jun/10 10:15:03.293887 EXECUTOR - Initialization of module TC_26_8_1_2_3_3 finished.
2026/Jun/10 10:15:03.293890 EXECUTOR - Initializing module TC_26_8_1_2_3_4.
2026/Jun/10 10:15:03.293897 EXECUTOR - Initialization of module TC_26_8_1_2_3_4 finished.
2026/Jun/10 10:15:03.293900 EXECUTOR - Initializing module TC_26_8_1_2_3_5.
2026/Jun/10 10:15:03.293907 EXECUTOR - Initialization of module TC_26_8_1_2_3_5 finished.
2026/Jun/10 10:15:03.293910 EXECUTOR - Initializing module TC_26_8_1_2_3_6.
2026/Jun/10 10:15:03.293917 EXECUTOR - Initialization of module TC_26_8_1_2_3_6 finished.
2026/Jun/10 10:15:03.293920 EXECUTOR - Initializing module TC_26_8_1_2_3_7.
2026/Jun/10 10:15:03.293926 EXECUTOR - Initialization of module TC_26_8_1_2_3_7 finished.
2026/Jun/10 10:15:03.293929 EXECUTOR - Initializing module TC_26_8_1_2_4_1.
2026/Jun/10 10:15:03.293936 EXECUTOR - Initialization of module TC_26_8_1_2_4_1 finished.
2026/Jun/10 10:15:03.293939 EXECUTOR - Initializing module TC_26_8_1_2_4_13.
2026/Jun/10 10:15:03.293946 EXECUTOR - Initialization of module TC_26_8_1_2_4_13 finished.
2026/Jun/10 10:15:03.293949 EXECUTOR - Initializing module TC_26_8_1_2_4_2.
2026/Jun/10 10:15:03.293956 EXECUTOR - Initialization of module TC_26_8_1_2_4_2 finished.
2026/Jun/10 10:15:03.293959 EXECUTOR - Initializing module TC_26_8_1_2_4_3.
2026/Jun/10 10:15:03.293965 EXECUTOR - Initialization of module TC_26_8_1_2_4_3 finished.
2026/Jun/10 10:15:03.293968 EXECUTOR - Initializing module TC_26_8_1_2_4_4.
2026/Jun/10 10:15:03.293975 EXECUTOR - Initialization of module TC_26_8_1_2_4_4 finished.
2026/Jun/10 10:15:03.293978 EXECUTOR - Initializing module TC_26_8_1_2_4_5.
2026/Jun/10 10:15:03.293984 EXECUTOR - Initialization of module TC_26_8_1_2_4_5 finished.
2026/Jun/10 10:15:03.293987 EXECUTOR - Initializing module TC_26_8_1_2_6_1.
2026/Jun/10 10:15:03.293994 EXECUTOR - Initialization of module TC_26_8_1_2_6_1 finished.
2026/Jun/10 10:15:03.293997 EXECUTOR - Initializing module TC_26_8_1_2_6_2.
2026/Jun/10 10:15:03.294003 EXECUTOR - Initialization of module TC_26_8_1_2_6_2 finished.
2026/Jun/10 10:15:03.294006 EXECUTOR - Initializing module TC_26_8_1_2_6_3.
2026/Jun/10 10:15:03.294012 EXECUTOR - Initialization of module TC_26_8_1_2_6_3 finished.
2026/Jun/10 10:15:03.294015 EXECUTOR - Initializing module TC_26_8_1_2_6_6.
2026/Jun/10 10:15:03.294022 EXECUTOR - Initialization of module TC_26_8_1_2_6_6 finished.
2026/Jun/10 10:15:03.294025 EXECUTOR - Initializing module TC_26_8_1_3_1_1.
2026/Jun/10 10:15:03.294031 EXECUTOR - Initialization of module TC_26_8_1_3_1_1 finished.
2026/Jun/10 10:15:03.294034 EXECUTOR - Initializing module TC_26_8_1_3_2_1.
2026/Jun/10 10:15:03.294041 EXECUTOR - Initialization of module TC_26_8_1_3_2_1 finished.
2026/Jun/10 10:15:03.294044 EXECUTOR - Initializing module TC_26_8_1_3_3_1.
2026/Jun/10 10:15:03.294050 EXECUTOR - Initialization of module TC_26_8_1_3_3_1 finished.
2026/Jun/10 10:15:03.294053 EXECUTOR - Initializing module TC_26_8_1_3_3_2.
2026/Jun/10 10:15:03.294060 EXECUTOR - Initialization of module TC_26_8_1_3_3_2 finished.
2026/Jun/10 10:15:03.294063 EXECUTOR - Initializing module TC_26_8_1_3_3_3.
2026/Jun/10 10:15:03.294069 EXECUTOR - Initialization of module TC_26_8_1_3_3_3 finished.
2026/Jun/10 10:15:03.294072 EXECUTOR - Initializing module TC_26_8_1_3_3_4.
2026/Jun/10 10:15:03.294078 EXECUTOR - Initialization of module TC_26_8_1_3_3_4 finished.
2026/Jun/10 10:15:03.294081 EXECUTOR - Initializing module TC_26_8_1_3_3_5.
2026/Jun/10 10:15:03.294088 EXECUTOR - Initialization of module TC_26_8_1_3_3_5 finished.
2026/Jun/10 10:15:03.294091 EXECUTOR - Initializing module TC_26_8_1_3_3_6.
2026/Jun/10 10:15:03.294097 EXECUTOR - Initialization of module TC_26_8_1_3_3_6 finished.
2026/Jun/10 10:15:03.294100 EXECUTOR - Initializing module TC_26_8_1_3_3_7.
2026/Jun/10 10:15:03.294107 EXECUTOR - Initialization of module TC_26_8_1_3_3_7 finished.
2026/Jun/10 10:15:03.294110 EXECUTOR - Initializing module TC_26_8_1_3_4_1.
2026/Jun/10 10:15:03.294120 EXECUTOR - Initialization of module TC_26_8_1_3_4_1 finished.
2026/Jun/10 10:15:03.294123 EXECUTOR - Initializing module TC_26_8_1_3_4_2.
2026/Jun/10 10:15:03.294130 EXECUTOR - Initialization of module TC_26_8_1_3_4_2 finished.
2026/Jun/10 10:15:03.294133 EXECUTOR - Initializing module TC_26_8_1_3_4_3.
2026/Jun/10 10:15:03.294139 EXECUTOR - Initialization of module TC_26_8_1_3_4_3 finished.
2026/Jun/10 10:15:03.294142 EXECUTOR - Initializing module TC_26_8_1_3_4_4.
2026/Jun/10 10:15:03.294149 EXECUTOR - Initialization of module TC_26_8_1_3_4_4 finished.
2026/Jun/10 10:15:03.294152 EXECUTOR - Initializing module TC_26_8_1_3_4_5.
2026/Jun/10 10:15:03.294159 EXECUTOR - Initialization of module TC_26_8_1_3_4_5 finished.
2026/Jun/10 10:15:03.294162 EXECUTOR - Initializing module TC_26_8_1_3_4_6.
2026/Jun/10 10:15:03.294169 EXECUTOR - Initialization of module TC_26_8_1_3_4_6 finished.
2026/Jun/10 10:15:03.294171 EXECUTOR - Initializing module TC_26_8_1_3_4_7.
2026/Jun/10 10:15:03.294178 EXECUTOR - Initialization of module TC_26_8_1_3_4_7 finished.
2026/Jun/10 10:15:03.294181 EXECUTOR - Initializing module TC_26_8_1_3_4_8.
2026/Jun/10 10:15:03.294187 EXECUTOR - Initialization of module TC_26_8_1_3_4_8 finished.
2026/Jun/10 10:15:03.294190 EXECUTOR - Initializing module TC_26_8_1_3_5_1.
2026/Jun/10 10:15:03.294196 EXECUTOR - Initialization of module TC_26_8_1_3_5_1 finished.
2026/Jun/10 10:15:03.294200 EXECUTOR - Initializing module TC_26_8_1_3_5_2.
2026/Jun/10 10:15:03.294206 EXECUTOR - Initialization of module TC_26_8_1_3_5_2 finished.
2026/Jun/10 10:15:03.294209 EXECUTOR - Initializing module TC_26_8_1_3_5_3.
2026/Jun/10 10:15:03.294215 EXECUTOR - Initialization of module TC_26_8_1_3_5_3 finished.
2026/Jun/10 10:15:03.294218 EXECUTOR - Initializing module TC_26_8_1_3_5_4.
2026/Jun/10 10:15:03.294225 EXECUTOR - Initialization of module TC_26_8_1_3_5_4 finished.
2026/Jun/10 10:15:03.294228 EXECUTOR - Initializing module TC_26_8_1_3_5_5.
2026/Jun/10 10:15:03.294235 EXECUTOR - Initialization of module TC_26_8_1_3_5_5 finished.
2026/Jun/10 10:15:03.294237 EXECUTOR - Initializing module TC_26_8_1_3_5_6.
2026/Jun/10 10:15:03.294244 EXECUTOR - Initialization of module TC_26_8_1_3_5_6 finished.
2026/Jun/10 10:15:03.294247 EXECUTOR - Initializing module TC_26_8_1_3_5_7.
2026/Jun/10 10:15:03.294253 EXECUTOR - Initialization of module TC_26_8_1_3_5_7 finished.
2026/Jun/10 10:15:03.294256 EXECUTOR - Initializing module TC_26_8_1_3_5_8.
2026/Jun/10 10:15:03.294263 EXECUTOR - Initialization of module TC_26_8_1_3_5_8 finished.
2026/Jun/10 10:15:03.294266 EXECUTOR - Initializing module TC_26_8_1_3_5_9.
2026/Jun/10 10:15:03.294273 EXECUTOR - Initialization of module TC_26_8_1_3_5_9 finished.
2026/Jun/10 10:15:03.294276 EXECUTOR - Initializing module TC_26_8_2_1.
2026/Jun/10 10:15:03.294282 EXECUTOR - Initialization of module TC_26_8_2_1 finished.
2026/Jun/10 10:15:03.294285 EXECUTOR - Initializing module TC_26_8_2_2.
2026/Jun/10 10:15:03.294292 EXECUTOR - Initialization of module TC_26_8_2_2 finished.
2026/Jun/10 10:15:03.294295 EXECUTOR - Initializing module TC_26_8_2_3.
2026/Jun/10 10:15:03.294301 EXECUTOR - Initialization of module TC_26_8_2_3 finished.
2026/Jun/10 10:15:03.294304 EXECUTOR - Initializing module TC_26_8_3.
2026/Jun/10 10:15:03.294311 EXECUTOR - Initialization of module TC_26_8_3 finished.
2026/Jun/10 10:15:03.294314 EXECUTOR - Initializing module TC_34_2_2.
2026/Jun/10 10:15:03.294320 EXECUTOR - Initialization of module TC_34_2_2 finished.
2026/Jun/10 10:15:03.294323 EXECUTOR - Initializing module TitanLoggerApi.
2026/Jun/10 10:15:03.294326 EXECUTOR - Initialization of module TitanLoggerApi finished.
2026/Jun/10 10:15:03.294329 EXECUTOR - Initializing module TitanLoggerControl.
2026/Jun/10 10:15:03.294332 EXECUTOR - Initialization of module TitanLoggerControl finished.
2026/Jun/10 10:15:03.294345 EXECUTOR - Configuration data was processed successfully.
2026/Jun/10 10:15:03.296801 EXECUTOR - MTC was created. Process id: 39.
2026/Jun/10 10:16:19.255562 EXECUTOR - Exit was requested from MC. Terminating HC.
2026/Jun/10 10:16:19.255776 EXECUTOR - Disconnected from MC.
2026/Jun/10 10:16:19.255819 EXECUTOR - TTCN-3 Host Controller finished.
