2026/Jun/15 13:25:19.804412 EXECUTOR - TTCN-3 Host Controller started on ttcn3-tc-26-7-4-1-1-kx8j6. Version: 11.1.0.
2026/Jun/15 13:25:19.804592 EXECUTOR - TTCN Logger v2.2 options: TimeStampFormat:=DateTime; LogEntityName:=No; LogEventTypes:=Yes; SourceInfoFormat:=Single; LogSensitiveData:=No; *.FileMask:=LOG_ALL; *.ConsoleMask:=ERROR | TESTCASE | USER | VERDICTOP | WARNING; LogFileSize:=0; LogFileNumber:=1; DiskFullAction:=Error
2026/Jun/15 13:25:19.804605 EXECUTOR - Maximum number of open file descriptors: 1048576,   FD_SETSIZE = 1024
2026/Jun/15 13:25:19.804757 WARNING - Warning: The address of MC was set to a local IP address. This may cause incorrect behavior if a HC from a remote host also connects to MC.
2026/Jun/15 13:25:19.804802 EXECUTOR - The address of MC was set to 127.0.0.1:0.
2026/Jun/15 13:25:19.804945 EXECUTOR - Connected to MC.
2026/Jun/15 13:25:19.805056 EXECUTOR - This host supports UNIX domain sockets for local communication.
2026/Jun/15 13:25:19.805301 EXECUTOR - Processing configuration data received from MC.
2026/Jun/15 13:25:19.805553 WARNING - Warning: Skeleton `/results/TC_26_7_4_1-2026-06-15-132519/%n.log' does not guarantee unique log file name for every test system process. It may cause unpredictable results if several test components try to write into the same log file.
2026/Jun/15 13:25:19.858471 EXECUTOR - Module GSM_Constants has the following parameters: { TSPC_Serv_TS11 := true, TSPC_Serv_TS61 := false, TSPC_Serv_TS62 := false, TSPC_Serv_BS21 := false, TSPC_Serv_BS22 := false, TSPC_Serv_BS24 := false, TSPC_Serv_BS25 := false, TSPC_Serv_BS26 := false, TSPC_Serv_BS31 := false, TSPC_Serv_BS32 := false, TSPC_Serv_BS33 := false, TSPC_Serv_BS34 := false, TSPC_Serv_BS41 := false, TSPC_Serv_BS42 := false, TSPC_Serv_BS43 := false, TSPC_Serv_BS44 := false, TSPC_Serv_BS45 := false, TSPC_Serv_BS51 := false, TSPC_Serv_BS61 := false, TSPC_Serv_BS81 := false, TSPC_DualRate := false, TSPC_MTsvc := true, TSPX_IMSI := '901700000000001F'O, TSPX_TMSI := '1914D97F'O, TSPX_CKSNDef := 0, TSPX_RANDDef := '00112233445566778899AABBCCDDEEFF'O, TSPX_SRES := '12345678'O, TSPX_Kc := '0000000000000000'O, TSPX_SDCCH4SubDef := 0, TSPX_TmSltDef := 0, TSPX_TscDef := 7, TSPX_TCHHSubDef := 0, TCV_CC := true, TSPX_Telephony_Rate := C_Full (0), TSPX_MOBscSvcA := C_Telephony (0), TSPX_MOBscSvcB := C_Telephony (0), TSPX_MOBscSvcC := C_Telephony (0), TSPX_MOBscSvcD := C_Telephony (0), TSPX_MOBscSvcE := C_Telephony (0), TSPX_MOBscSvcF := C_Telephony (0), TSPX_MOBscSvcG := C_Telephony (0), TSPX_MOChRateA := C_Full (0), TSPX_MOChRateB := C_Full (0), TSPX_MOChRateC := C_Full (0), TSPX_MOChRateD := C_Full (0), TSPX_MOChRateE := C_Full (0), TSPX_MOChRateF := C_Full (0), TSPX_MOChRateG := C_Full (0), TSPX_MTBscSvcA := C_Telephony (0), TSPX_MTBscSvcB := C_Telephony (0), TSPX_MTBscSvcC := C_Telephony (0), TSPX_MTBscSvcD := C_Telephony (0), TSPX_MTBscSvcE := C_Telephony (0), TSPX_MTBscSvcF := C_Telephony (0), TSPX_MTBscSvcG := C_Telephony (0), TSPX_MTBscSvcH := C_Telephony (0), TSPX_MTBscSvcI := C_Telephony (0), TSPX_MTBscSvcJ := C_Telephony (0), TSPX_MTChRateA := C_Full (0), TSPX_MTChRateB := C_Full (0), TSPX_MTChRateC := C_Full (0), TSPX_MTChRateD := C_Full (0), TSPX_MTChRateE := C_Full (0), TSPX_MTChRateF := C_Full (0), TSPX_MTChRateG := C_Full (0), TSPX_MTChRateH := C_Full (0), TSPX_MTChRateI := C_Full (0), TSPX_MTChRateJ := C_Full (0), C_arfcnA := 100 }
2026/Jun/15 13:25:19.858579 EXECUTOR - Module TC_26_6_1_2 has the following parameters: { TSPX_nPara := 3, TSPX_i1Para := 3, TSPX_kPara := 5, TSPX_i2Para := 1, TSPX_rPara := 4, TSPX_i3Para := 4 }
2026/Jun/15 13:25:19.858624 EXECUTOR - Initializing module GSM_Component_Definitions.
2026/Jun/15 13:25:19.858634 EXECUTOR GSM_Component_Definitions.ttcn3:0 Initializing module GSM_Templates.
2026/Jun/15 13:25:19.858657 EXECUTOR GSM_Templates.ttcn3:0 Initializing module GSM_Constants.
2026/Jun/15 13:25:19.858664 EXECUTOR GSM_Constants.ttcn3:0 Initializing module GSM_Types.
2026/Jun/15 13:25:19.858668 EXECUTOR GSM_Constants.ttcn3:0 Initialization of module GSM_Types finished.
2026/Jun/15 13:25:19.858672 EXECUTOR GSM_Templates.ttcn3:0 Initialization of module GSM_Constants finished.
2026/Jun/15 13:25:19.858761 EXECUTOR GSM_Component_Definitions.ttcn3:0 Initialization of module GSM_Templates finished.
2026/Jun/15 13:25:19.858766 EXECUTOR - Initialization of module GSM_Component_Definitions finished.
2026/Jun/15 13:25:19.858769 EXECUTOR - Initializing module GSM_Functions.
2026/Jun/15 13:25:19.858799 EXECUTOR - Initialization of module GSM_Functions finished.
2026/Jun/15 13:25:19.858802 EXECUTOR - Initializing module PreGenRecordOf.
2026/Jun/15 13:25:19.858805 EXECUTOR - Initialization of module PreGenRecordOf finished.
2026/Jun/15 13:25:19.858808 EXECUTOR - Initializing module TC_26_2_1_3.
2026/Jun/15 13:25:19.858814 EXECUTOR - Initialization of module TC_26_2_1_3 finished.
2026/Jun/15 13:25:19.858817 EXECUTOR - Initializing module TC_26_2_2.
2026/Jun/15 13:25:19.858834 EXECUTOR - Initialization of module TC_26_2_2 finished.
2026/Jun/15 13:25:19.858840 EXECUTOR - Initializing module TC_26_2_3.
2026/Jun/15 13:25:19.858847 EXECUTOR - Initialization of module TC_26_2_3 finished.
2026/Jun/15 13:25:19.858850 EXECUTOR - Initializing module TC_26_6_11_1.
2026/Jun/15 13:25:19.858856 EXECUTOR - Initialization of module TC_26_6_11_1 finished.
2026/Jun/15 13:25:19.858859 EXECUTOR - Initializing module TC_26_6_11_2.
2026/Jun/15 13:25:19.858864 EXECUTOR - Initialization of module TC_26_6_11_2 finished.
2026/Jun/15 13:25:19.858867 EXECUTOR - Initializing module TC_26_6_12_1.
2026/Jun/15 13:25:19.858873 EXECUTOR - Initialization of module TC_26_6_12_1 finished.
2026/Jun/15 13:25:19.858876 EXECUTOR - Initializing module TC_26_6_12_2.
2026/Jun/15 13:25:19.858882 EXECUTOR - Initialization of module TC_26_6_12_2 finished.
2026/Jun/15 13:25:19.858885 EXECUTOR - Initializing module TC_26_6_12_3.
2026/Jun/15 13:25:19.858891 EXECUTOR - Initialization of module TC_26_6_12_3 finished.
2026/Jun/15 13:25:19.858894 EXECUTOR - Initializing module TC_26_6_12_4.
2026/Jun/15 13:25:19.858900 EXECUTOR - Initialization of module TC_26_6_12_4 finished.
2026/Jun/15 13:25:19.858903 EXECUTOR - Initializing module TC_26_6_13_10.
2026/Jun/15 13:25:19.858908 EXECUTOR - Initialization of module TC_26_6_13_10 finished.
2026/Jun/15 13:25:19.858911 EXECUTOR - Initializing module TC_26_6_13_9.
2026/Jun/15 13:25:19.858917 EXECUTOR - Initialization of module TC_26_6_13_9 finished.
2026/Jun/15 13:25:19.858920 EXECUTOR - Initializing module TC_26_6_1_1.
2026/Jun/15 13:25:19.858926 EXECUTOR - Initialization of module TC_26_6_1_1 finished.
2026/Jun/15 13:25:19.858929 EXECUTOR - Initializing module TC_26_6_1_2.
2026/Jun/15 13:25:19.858934 EXECUTOR - Initialization of module TC_26_6_1_2 finished.
2026/Jun/15 13:25:19.858937 EXECUTOR - Initializing module TC_26_6_1_3.
2026/Jun/15 13:25:19.858943 EXECUTOR - Initialization of module TC_26_6_1_3 finished.
2026/Jun/15 13:25:19.858946 EXECUTOR - Initializing module TC_26_6_1_4.
2026/Jun/15 13:25:19.858951 EXECUTOR - Initialization of module TC_26_6_1_4 finished.
2026/Jun/15 13:25:19.858954 EXECUTOR - Initializing module TC_26_6_1_5.
2026/Jun/15 13:25:19.858960 EXECUTOR - Initialization of module TC_26_6_1_5 finished.
2026/Jun/15 13:25:19.858963 EXECUTOR - Initializing module TC_26_6_2_1_1.
2026/Jun/15 13:25:19.858969 EXECUTOR - Initialization of module TC_26_6_2_1_1 finished.
2026/Jun/15 13:25:19.858972 EXECUTOR - Initializing module TC_26_6_2_1_2.
2026/Jun/15 13:25:19.858978 EXECUTOR - Initialization of module TC_26_6_2_1_2 finished.
2026/Jun/15 13:25:19.858981 EXECUTOR - Initializing module TC_26_6_2_1_3.
2026/Jun/15 13:25:19.858987 EXECUTOR - Initialization of module TC_26_6_2_1_3 finished.
2026/Jun/15 13:25:19.858990 EXECUTOR - Initializing module TC_26_6_2_2.
2026/Jun/15 13:25:19.858996 EXECUTOR - Initialization of module TC_26_6_2_2 finished.
2026/Jun/15 13:25:19.858998 EXECUTOR - Initializing module TC_26_6_2_3_1.
2026/Jun/15 13:25:19.859005 EXECUTOR - Initialization of module TC_26_6_2_3_1 finished.
2026/Jun/15 13:25:19.859008 EXECUTOR - Initializing module TC_26_6_2_3_2.
2026/Jun/15 13:25:19.859014 EXECUTOR - Initialization of module TC_26_6_2_3_2 finished.
2026/Jun/15 13:25:19.859020 EXECUTOR - Initializing module TC_26_6_2_4.
2026/Jun/15 13:25:19.859027 EXECUTOR - Initialization of module TC_26_6_2_4 finished.
2026/Jun/15 13:25:19.859030 EXECUTOR - Initializing module TC_26_6_3_1.
2026/Jun/15 13:25:19.859036 EXECUTOR - Initialization of module TC_26_6_3_1 finished.
2026/Jun/15 13:25:19.859039 EXECUTOR - Initializing module TC_26_6_3_4.
2026/Jun/15 13:25:19.859046 EXECUTOR - Initialization of module TC_26_6_3_4 finished.
2026/Jun/15 13:25:19.859048 EXECUTOR - Initializing module TC_26_6_4_1.
2026/Jun/15 13:25:19.859055 EXECUTOR - Initialization of module TC_26_6_4_1 finished.
2026/Jun/15 13:25:19.859057 EXECUTOR - Initializing module TC_26_6_4_2_2.
2026/Jun/15 13:25:19.859063 EXECUTOR - Initialization of module TC_26_6_4_2_2 finished.
2026/Jun/15 13:25:19.859066 EXECUTOR - Initializing module TC_26_6_5_1.
2026/Jun/15 13:25:19.859072 EXECUTOR - Initialization of module TC_26_6_5_1 finished.
2026/Jun/15 13:25:19.859075 EXECUTOR - Initializing module TC_26_6_5_2_1.
2026/Jun/15 13:25:19.859081 EXECUTOR - Initialization of module TC_26_6_5_2_1 finished.
2026/Jun/15 13:25:19.859084 EXECUTOR - Initializing module TC_26_6_8_1.
2026/Jun/15 13:25:19.859089 EXECUTOR - Initialization of module TC_26_6_8_1 finished.
2026/Jun/15 13:25:19.859092 EXECUTOR - Initializing module TC_26_6_8_2.
2026/Jun/15 13:25:19.859098 EXECUTOR - Initialization of module TC_26_6_8_2 finished.
2026/Jun/15 13:25:19.859101 EXECUTOR - Initializing module TC_26_6_8_3.
2026/Jun/15 13:25:19.859107 EXECUTOR - Initialization of module TC_26_6_8_3 finished.
2026/Jun/15 13:25:19.859109 EXECUTOR - Initializing module TC_26_6_8_4.
2026/Jun/15 13:25:19.859115 EXECUTOR - Initialization of module TC_26_6_8_4 finished.
2026/Jun/15 13:25:19.859118 EXECUTOR - Initializing module TC_26_6_8_5.
2026/Jun/15 13:25:19.859124 EXECUTOR - Initialization of module TC_26_6_8_5 finished.
2026/Jun/15 13:25:19.859126 EXECUTOR - Initializing module TC_26_7_1.
2026/Jun/15 13:25:19.859133 EXECUTOR - Initialization of module TC_26_7_1 finished.
2026/Jun/15 13:25:19.859136 EXECUTOR - Initializing module TC_26_7_2_1.
2026/Jun/15 13:25:19.859141 EXECUTOR - Initialization of module TC_26_7_2_1 finished.
2026/Jun/15 13:25:19.859144 EXECUTOR - Initializing module TC_26_7_2_2.
2026/Jun/15 13:25:19.859150 EXECUTOR - Initialization of module TC_26_7_2_2 finished.
2026/Jun/15 13:25:19.859153 EXECUTOR - Initializing module TC_26_7_3_1.
2026/Jun/15 13:25:19.859159 EXECUTOR - Initialization of module TC_26_7_3_1 finished.
2026/Jun/15 13:25:19.859162 EXECUTOR - Initializing module TC_26_7_3_2.
2026/Jun/15 13:25:19.859167 EXECUTOR - Initialization of module TC_26_7_3_2 finished.
2026/Jun/15 13:25:19.859170 EXECUTOR - Initializing module TC_26_7_4_1.
2026/Jun/15 13:25:19.859175 EXECUTOR - Initialization of module TC_26_7_4_1 finished.
2026/Jun/15 13:25:19.859178 EXECUTOR - Initializing module TC_26_7_4_2_1.
2026/Jun/15 13:25:19.859184 EXECUTOR - Initialization of module TC_26_7_4_2_1 finished.
2026/Jun/15 13:25:19.859187 EXECUTOR - Initializing module TC_26_7_4_2_2_1.
2026/Jun/15 13:25:19.859192 EXECUTOR - Initialization of module TC_26_7_4_2_2_1 finished.
2026/Jun/15 13:25:19.859195 EXECUTOR - Initializing module TC_26_7_4_2_2_2.
2026/Jun/15 13:25:19.859202 EXECUTOR - Initialization of module TC_26_7_4_2_2_2 finished.
2026/Jun/15 13:25:19.859204 EXECUTOR - Initializing module TC_26_7_4_2_3.
2026/Jun/15 13:25:19.859211 EXECUTOR - Initialization of module TC_26_7_4_2_3 finished.
2026/Jun/15 13:25:19.859213 EXECUTOR - Initializing module TC_26_7_4_2_4_1.
2026/Jun/15 13:25:19.859219 EXECUTOR - Initialization of module TC_26_7_4_2_4_1 finished.
2026/Jun/15 13:25:19.859222 EXECUTOR - Initializing module TC_26_7_4_2_4_2.
2026/Jun/15 13:25:19.859228 EXECUTOR - Initialization of module TC_26_7_4_2_4_2 finished.
2026/Jun/15 13:25:19.859231 EXECUTOR - Initializing module TC_26_7_4_2_4_3.
2026/Jun/15 13:25:19.859236 EXECUTOR - Initialization of module TC_26_7_4_2_4_3 finished.
2026/Jun/15 13:25:19.859239 EXECUTOR - Initializing module TC_26_7_4_2_4_4.
2026/Jun/15 13:25:19.859248 EXECUTOR - Initialization of module TC_26_7_4_2_4_4 finished.
2026/Jun/15 13:25:19.859251 EXECUTOR - Initializing module TC_26_7_4_2_4_5.
2026/Jun/15 13:25:19.859257 EXECUTOR - Initialization of module TC_26_7_4_2_4_5 finished.
2026/Jun/15 13:25:19.859260 EXECUTOR - Initializing module TC_26_7_4_3_1.
2026/Jun/15 13:25:19.859266 EXECUTOR - Initialization of module TC_26_7_4_3_1 finished.
2026/Jun/15 13:25:19.859269 EXECUTOR - Initializing module TC_26_7_4_3_2.
2026/Jun/15 13:25:19.859275 EXECUTOR - Initialization of module TC_26_7_4_3_2 finished.
2026/Jun/15 13:25:19.859278 EXECUTOR - Initializing module TC_26_7_4_3_3.
2026/Jun/15 13:25:19.859284 EXECUTOR - Initialization of module TC_26_7_4_3_3 finished.
2026/Jun/15 13:25:19.859286 EXECUTOR - Initializing module TC_26_7_4_3_4.
2026/Jun/15 13:25:19.859293 EXECUTOR - Initialization of module TC_26_7_4_3_4 finished.
2026/Jun/15 13:25:19.859295 EXECUTOR - Initializing module TC_26_7_4_4.
2026/Jun/15 13:25:19.859301 EXECUTOR - Initialization of module TC_26_7_4_4 finished.
2026/Jun/15 13:25:19.859304 EXECUTOR - Initializing module TC_26_7_4_5_1.
2026/Jun/15 13:25:19.859310 EXECUTOR - Initialization of module TC_26_7_4_5_1 finished.
2026/Jun/15 13:25:19.859313 EXECUTOR - Initializing module TC_26_7_4_5_2.
2026/Jun/15 13:25:19.859320 EXECUTOR - Initialization of module TC_26_7_4_5_2 finished.
2026/Jun/15 13:25:19.859323 EXECUTOR - Initializing module TC_26_7_4_5_3.
2026/Jun/15 13:25:19.859329 EXECUTOR - Initialization of module TC_26_7_4_5_3 finished.
2026/Jun/15 13:25:19.859332 EXECUTOR - Initializing module TC_26_7_4_5_4_2.
2026/Jun/15 13:25:19.859338 EXECUTOR - Initialization of module TC_26_7_4_5_4_2 finished.
2026/Jun/15 13:25:19.859340 EXECUTOR - Initializing module TC_26_7_5_2.
2026/Jun/15 13:25:19.859346 EXECUTOR - Initialization of module TC_26_7_5_2 finished.
2026/Jun/15 13:25:19.859349 EXECUTOR - Initializing module TC_26_7_5_3.
2026/Jun/15 13:25:19.859355 EXECUTOR - Initialization of module TC_26_7_5_3 finished.
2026/Jun/15 13:25:19.859358 EXECUTOR - Initializing module TC_26_7_5_4.
2026/Jun/15 13:25:19.859364 EXECUTOR - Initialization of module TC_26_7_5_4 finished.
2026/Jun/15 13:25:19.859366 EXECUTOR - Initializing module TC_26_7_5_5.
2026/Jun/15 13:25:19.859372 EXECUTOR - Initialization of module TC_26_7_5_5 finished.
2026/Jun/15 13:25:19.859375 EXECUTOR - Initializing module TC_26_7_5_6.
2026/Jun/15 13:25:19.859380 EXECUTOR - Initialization of module TC_26_7_5_6 finished.
2026/Jun/15 13:25:19.859383 EXECUTOR - Initializing module TC_26_7_5_7_1.
2026/Jun/15 13:25:19.859389 EXECUTOR - Initialization of module TC_26_7_5_7_1 finished.
2026/Jun/15 13:25:19.859392 EXECUTOR - Initializing module TC_26_7_5_8_1.
2026/Jun/15 13:25:19.859397 EXECUTOR - Initialization of module TC_26_7_5_8_1 finished.
2026/Jun/15 13:25:19.859400 EXECUTOR - Initializing module TC_26_7_5_8_2.
2026/Jun/15 13:25:19.859406 EXECUTOR - Initialization of module TC_26_7_5_8_2 finished.
2026/Jun/15 13:25:19.859409 EXECUTOR - Initializing module TC_26_7_5_8_3.
2026/Jun/15 13:25:19.859414 EXECUTOR - Initialization of module TC_26_7_5_8_3 finished.
2026/Jun/15 13:25:19.859417 EXECUTOR - Initializing module TC_26_8_1_2_1_1.
2026/Jun/15 13:25:19.859423 EXECUTOR - Initialization of module TC_26_8_1_2_1_1 finished.
2026/Jun/15 13:25:19.859426 EXECUTOR - Initializing module TC_26_8_1_2_2_1.
2026/Jun/15 13:25:19.859432 EXECUTOR - Initialization of module TC_26_8_1_2_2_1 finished.
2026/Jun/15 13:25:19.859435 EXECUTOR - Initializing module TC_26_8_1_2_2_2.
2026/Jun/15 13:25:19.859441 EXECUTOR - Initialization of module TC_26_8_1_2_2_2 finished.
2026/Jun/15 13:25:19.859444 EXECUTOR - Initializing module TC_26_8_1_2_2_3.
2026/Jun/15 13:25:19.859449 EXECUTOR - Initialization of module TC_26_8_1_2_2_3 finished.
2026/Jun/15 13:25:19.859452 EXECUTOR - Initializing module TC_26_8_1_2_3_1.
2026/Jun/15 13:25:19.859458 EXECUTOR - Initialization of module TC_26_8_1_2_3_1 finished.
2026/Jun/15 13:25:19.859461 EXECUTOR - Initializing module TC_26_8_1_2_3_2.
2026/Jun/15 13:25:19.859466 EXECUTOR - Initialization of module TC_26_8_1_2_3_2 finished.
2026/Jun/15 13:25:19.859472 EXECUTOR - Initializing module TC_26_8_1_2_3_3.
2026/Jun/15 13:25:19.859478 EXECUTOR - Initialization of module TC_26_8_1_2_3_3 finished.
2026/Jun/15 13:25:19.859481 EXECUTOR - Initializing module TC_26_8_1_2_3_4.
2026/Jun/15 13:25:19.859487 EXECUTOR - Initialization of module TC_26_8_1_2_3_4 finished.
2026/Jun/15 13:25:19.859490 EXECUTOR - Initializing module TC_26_8_1_2_3_5.
2026/Jun/15 13:25:19.859495 EXECUTOR - Initialization of module TC_26_8_1_2_3_5 finished.
2026/Jun/15 13:25:19.859498 EXECUTOR - Initializing module TC_26_8_1_2_3_6.
2026/Jun/15 13:25:19.859504 EXECUTOR - Initialization of module TC_26_8_1_2_3_6 finished.
2026/Jun/15 13:25:19.859507 EXECUTOR - Initializing module TC_26_8_1_2_3_7.
2026/Jun/15 13:25:19.859512 EXECUTOR - Initialization of module TC_26_8_1_2_3_7 finished.
2026/Jun/15 13:25:19.859515 EXECUTOR - Initializing module TC_26_8_1_2_4_1.
2026/Jun/15 13:25:19.859521 EXECUTOR - Initialization of module TC_26_8_1_2_4_1 finished.
2026/Jun/15 13:25:19.859524 EXECUTOR - Initializing module TC_26_8_1_2_4_13.
2026/Jun/15 13:25:19.859530 EXECUTOR - Initialization of module TC_26_8_1_2_4_13 finished.
2026/Jun/15 13:25:19.859533 EXECUTOR - Initializing module TC_26_8_1_2_4_2.
2026/Jun/15 13:25:19.859539 EXECUTOR - Initialization of module TC_26_8_1_2_4_2 finished.
2026/Jun/15 13:25:19.859541 EXECUTOR - Initializing module TC_26_8_1_2_4_3.
2026/Jun/15 13:25:19.859548 EXECUTOR - Initialization of module TC_26_8_1_2_4_3 finished.
2026/Jun/15 13:25:19.859550 EXECUTOR - Initializing module TC_26_8_1_2_4_4.
2026/Jun/15 13:25:19.859556 EXECUTOR - Initialization of module TC_26_8_1_2_4_4 finished.
2026/Jun/15 13:25:19.859559 EXECUTOR - Initializing module TC_26_8_1_2_4_5.
2026/Jun/15 13:25:19.859565 EXECUTOR - Initialization of module TC_26_8_1_2_4_5 finished.
2026/Jun/15 13:25:19.859568 EXECUTOR - Initializing module TC_26_8_1_2_6_1.
2026/Jun/15 13:25:19.859573 EXECUTOR - Initialization of module TC_26_8_1_2_6_1 finished.
2026/Jun/15 13:25:19.859576 EXECUTOR - Initializing module TC_26_8_1_2_6_2.
2026/Jun/15 13:25:19.859582 EXECUTOR - Initialization of module TC_26_8_1_2_6_2 finished.
2026/Jun/15 13:25:19.859585 EXECUTOR - Initializing module TC_26_8_1_2_6_3.
2026/Jun/15 13:25:19.859591 EXECUTOR - Initialization of module TC_26_8_1_2_6_3 finished.
2026/Jun/15 13:25:19.859594 EXECUTOR - Initializing module TC_26_8_1_2_6_6.
2026/Jun/15 13:25:19.859599 EXECUTOR - Initialization of module TC_26_8_1_2_6_6 finished.
2026/Jun/15 13:25:19.859602 EXECUTOR - Initializing module TC_26_8_1_3_1_1.
2026/Jun/15 13:25:19.859608 EXECUTOR - Initialization of module TC_26_8_1_3_1_1 finished.
2026/Jun/15 13:25:19.859611 EXECUTOR - Initializing module TC_26_8_1_3_2_1.
2026/Jun/15 13:25:19.859617 EXECUTOR - Initialization of module TC_26_8_1_3_2_1 finished.
2026/Jun/15 13:25:19.859620 EXECUTOR - Initializing module TC_26_8_1_3_3_1.
2026/Jun/15 13:25:19.859626 EXECUTOR - Initialization of module TC_26_8_1_3_3_1 finished.
2026/Jun/15 13:25:19.859629 EXECUTOR - Initializing module TC_26_8_1_3_3_2.
2026/Jun/15 13:25:19.859635 EXECUTOR - Initialization of module TC_26_8_1_3_3_2 finished.
2026/Jun/15 13:25:19.859638 EXECUTOR - Initializing module TC_26_8_1_3_3_3.
2026/Jun/15 13:25:19.859644 EXECUTOR - Initialization of module TC_26_8_1_3_3_3 finished.
2026/Jun/15 13:25:19.859647 EXECUTOR - Initializing module TC_26_8_1_3_3_4.
2026/Jun/15 13:25:19.859652 EXECUTOR - Initialization of module TC_26_8_1_3_3_4 finished.
2026/Jun/15 13:25:19.859655 EXECUTOR - Initializing module TC_26_8_1_3_3_5.
2026/Jun/15 13:25:19.859661 EXECUTOR - Initialization of module TC_26_8_1_3_3_5 finished.
2026/Jun/15 13:25:19.859664 EXECUTOR - Initializing module TC_26_8_1_3_3_6.
2026/Jun/15 13:25:19.859670 EXECUTOR - Initialization of module TC_26_8_1_3_3_6 finished.
2026/Jun/15 13:25:19.859673 EXECUTOR - Initializing module TC_26_8_1_3_3_7.
2026/Jun/15 13:25:19.859679 EXECUTOR - Initialization of module TC_26_8_1_3_3_7 finished.
2026/Jun/15 13:25:19.859682 EXECUTOR - Initializing module TC_26_8_1_3_4_1.
2026/Jun/15 13:25:19.859691 EXECUTOR - Initialization of module TC_26_8_1_3_4_1 finished.
2026/Jun/15 13:25:19.859694 EXECUTOR - Initializing module TC_26_8_1_3_4_2.
2026/Jun/15 13:25:19.859700 EXECUTOR - Initialization of module TC_26_8_1_3_4_2 finished.
2026/Jun/15 13:25:19.859703 EXECUTOR - Initializing module TC_26_8_1_3_4_3.
2026/Jun/15 13:25:19.859708 EXECUTOR - Initialization of module TC_26_8_1_3_4_3 finished.
2026/Jun/15 13:25:19.859711 EXECUTOR - Initializing module TC_26_8_1_3_4_4.
2026/Jun/15 13:25:19.859718 EXECUTOR - Initialization of module TC_26_8_1_3_4_4 finished.
2026/Jun/15 13:25:19.859720 EXECUTOR - Initializing module TC_26_8_1_3_4_5.
2026/Jun/15 13:25:19.859726 EXECUTOR - Initialization of module TC_26_8_1_3_4_5 finished.
2026/Jun/15 13:25:19.859729 EXECUTOR - Initializing module TC_26_8_1_3_4_6.
2026/Jun/15 13:25:19.859735 EXECUTOR - Initialization of module TC_26_8_1_3_4_6 finished.
2026/Jun/15 13:25:19.859737 EXECUTOR - Initializing module TC_26_8_1_3_4_7.
2026/Jun/15 13:25:19.859743 EXECUTOR - Initialization of module TC_26_8_1_3_4_7 finished.
2026/Jun/15 13:25:19.859746 EXECUTOR - Initializing module TC_26_8_1_3_4_8.
2026/Jun/15 13:25:19.859751 EXECUTOR - Initialization of module TC_26_8_1_3_4_8 finished.
2026/Jun/15 13:25:19.859754 EXECUTOR - Initializing module TC_26_8_1_3_5_1.
2026/Jun/15 13:25:19.859760 EXECUTOR - Initialization of module TC_26_8_1_3_5_1 finished.
2026/Jun/15 13:25:19.859763 EXECUTOR - Initializing module TC_26_8_1_3_5_2.
2026/Jun/15 13:25:19.859768 EXECUTOR - Initialization of module TC_26_8_1_3_5_2 finished.
2026/Jun/15 13:25:19.859771 EXECUTOR - Initializing module TC_26_8_1_3_5_3.
2026/Jun/15 13:25:19.859777 EXECUTOR - Initialization of module TC_26_8_1_3_5_3 finished.
2026/Jun/15 13:25:19.859780 EXECUTOR - Initializing module TC_26_8_1_3_5_4.
2026/Jun/15 13:25:19.859785 EXECUTOR - Initialization of module TC_26_8_1_3_5_4 finished.
2026/Jun/15 13:25:19.859788 EXECUTOR - Initializing module TC_26_8_1_3_5_5.
2026/Jun/15 13:25:19.859794 EXECUTOR - Initialization of module TC_26_8_1_3_5_5 finished.
2026/Jun/15 13:25:19.859797 EXECUTOR - Initializing module TC_26_8_1_3_5_6.
2026/Jun/15 13:25:19.859803 EXECUTOR - Initialization of module TC_26_8_1_3_5_6 finished.
2026/Jun/15 13:25:19.859806 EXECUTOR - Initializing module TC_26_8_1_3_5_7.
2026/Jun/15 13:25:19.859812 EXECUTOR - Initialization of module TC_26_8_1_3_5_7 finished.
2026/Jun/15 13:25:19.859814 EXECUTOR - Initializing module TC_26_8_1_3_5_8.
2026/Jun/15 13:25:19.859829 EXECUTOR - Initialization of module TC_26_8_1_3_5_8 finished.
2026/Jun/15 13:25:19.859834 EXECUTOR - Initializing module TC_26_8_1_3_5_9.
2026/Jun/15 13:25:19.859840 EXECUTOR - Initialization of module TC_26_8_1_3_5_9 finished.
2026/Jun/15 13:25:19.859843 EXECUTOR - Initializing module TC_26_8_2_1.
2026/Jun/15 13:25:19.859849 EXECUTOR - Initialization of module TC_26_8_2_1 finished.
2026/Jun/15 13:25:19.859852 EXECUTOR - Initializing module TC_26_8_2_2.
2026/Jun/15 13:25:19.859858 EXECUTOR - Initialization of module TC_26_8_2_2 finished.
2026/Jun/15 13:25:19.859861 EXECUTOR - Initializing module TC_26_8_2_3.
2026/Jun/15 13:25:19.859867 EXECUTOR - Initialization of module TC_26_8_2_3 finished.
2026/Jun/15 13:25:19.859870 EXECUTOR - Initializing module TC_26_8_3.
2026/Jun/15 13:25:19.859876 EXECUTOR - Initialization of module TC_26_8_3 finished.
2026/Jun/15 13:25:19.859879 EXECUTOR - Initializing module TC_34_2_2.
2026/Jun/15 13:25:19.859885 EXECUTOR - Initialization of module TC_34_2_2 finished.
2026/Jun/15 13:25:19.859888 EXECUTOR - Initializing module TitanLoggerApi.
2026/Jun/15 13:25:19.859891 EXECUTOR - Initialization of module TitanLoggerApi finished.
2026/Jun/15 13:25:19.859894 EXECUTOR - Initializing module TitanLoggerControl.
2026/Jun/15 13:25:19.859897 EXECUTOR - Initialization of module TitanLoggerControl finished.
2026/Jun/15 13:25:19.859909 EXECUTOR - Configuration data was processed successfully.
2026/Jun/15 13:25:19.861498 EXECUTOR - MTC was created. Process id: 35.
2026/Jun/15 13:28:25.711014 EXECUTOR - Exit was requested from MC. Terminating HC.
2026/Jun/15 13:28:25.711196 EXECUTOR - Disconnected from MC.
2026/Jun/15 13:28:25.711238 EXECUTOR - TTCN-3 Host Controller finished.
