2026/Jun/26 14:40:43.910517 EXECUTOR - TTCN-3 Host Controller started on ttcn3-tc-26-6-5-7-1-nt4lc. Version: 11.1.0.
2026/Jun/26 14:40:43.910709 EXECUTOR - TTCN Logger v2.2 options: TimeStampFormat:=DateTime; LogEntityName:=No; LogEventTypes:=Yes; SourceInfoFormat:=Single; LogSensitiveData:=No; *.FileMask:=LOG_ALL; *.ConsoleMask:=ERROR | TESTCASE | USER | VERDICTOP | WARNING; LogFileSize:=0; LogFileNumber:=1; DiskFullAction:=Error
2026/Jun/26 14:40:43.910723 EXECUTOR - Maximum number of open file descriptors: 1048576,   FD_SETSIZE = 1024
2026/Jun/26 14:40:43.910922 WARNING - Warning: The address of MC was set to a local IP address. This may cause incorrect behavior if a HC from a remote host also connects to MC.
2026/Jun/26 14:40:43.910966 EXECUTOR - The address of MC was set to 127.0.0.1:0.
2026/Jun/26 14:40:43.911110 EXECUTOR - Connected to MC.
2026/Jun/26 14:40:43.911251 EXECUTOR - This host supports UNIX domain sockets for local communication.
2026/Jun/26 14:40:43.911673 EXECUTOR - Processing configuration data received from MC.
2026/Jun/26 14:40:43.912124 WARNING - Warning: Skeleton `/results/TC_26_6_5_7-2026-06-26-144043/%n.log' does not guarantee unique log file name for every test system process. It may cause unpredictable results if several test components try to write into the same log file.
2026/Jun/26 14:40:43.912456 EXECUTOR - Module GSM_Constants has the following parameters: { TSPC_Serv_TS11 := true, TSPC_Serv_TS61 := false, TSPC_Serv_TS62 := false, TSPC_Serv_BS21 := false, TSPC_Serv_BS22 := false, TSPC_Serv_BS24 := false, TSPC_Serv_BS25 := false, TSPC_Serv_BS26 := false, TSPC_Serv_BS31 := false, TSPC_Serv_BS32 := false, TSPC_Serv_BS33 := false, TSPC_Serv_BS34 := false, TSPC_Serv_BS41 := false, TSPC_Serv_BS42 := false, TSPC_Serv_BS43 := false, TSPC_Serv_BS44 := false, TSPC_Serv_BS45 := false, TSPC_Serv_BS51 := false, TSPC_Serv_BS61 := false, TSPC_Serv_BS81 := false, TSPC_DualRate := false, TSPC_MTsvc := true, TSPX_IMSI := '901700000000001F'O, TSPX_TMSI := '1914D97F'O, TSPX_CKSNDef := 0, TSPX_RANDDef := '00112233445566778899AABBCCDDEEFF'O, TSPX_SRES := '12345678'O, TSPX_Kc := '0000000000000000'O, TSPX_SDCCH4SubDef := 0, TSPX_TmSltDef := 0, TSPX_TscDef := 7, TSPX_TCHHSubDef := 0, TCV_CC := true, TSPX_Telephony_Rate := C_Full (0), TSPX_MOBscSvcA := C_Telephony (0), TSPX_MOBscSvcB := C_Telephony (0), TSPX_MOBscSvcC := C_Telephony (0), TSPX_MOBscSvcD := C_Telephony (0), TSPX_MOBscSvcE := C_Telephony (0), TSPX_MOBscSvcF := C_Telephony (0), TSPX_MOBscSvcG := C_Telephony (0), TSPX_MOChRateA := C_Full (0), TSPX_MOChRateB := C_Full (0), TSPX_MOChRateC := C_Full (0), TSPX_MOChRateD := C_Full (0), TSPX_MOChRateE := C_Full (0), TSPX_MOChRateF := C_Full (0), TSPX_MOChRateG := C_Full (0), TSPX_MTBscSvcA := C_Telephony (0), TSPX_MTBscSvcB := C_Telephony (0), TSPX_MTBscSvcC := C_Telephony (0), TSPX_MTBscSvcD := C_Telephony (0), TSPX_MTBscSvcE := C_Telephony (0), TSPX_MTBscSvcF := C_Telephony (0), TSPX_MTBscSvcG := C_Telephony (0), TSPX_MTBscSvcH := C_Telephony (0), TSPX_MTBscSvcI := C_Telephony (0), TSPX_MTBscSvcJ := C_Telephony (0), TSPX_MTChRateA := C_Full (0), TSPX_MTChRateB := C_Full (0), TSPX_MTChRateC := C_Full (0), TSPX_MTChRateD := C_Full (0), TSPX_MTChRateE := C_Full (0), TSPX_MTChRateF := C_Full (0), TSPX_MTChRateG := C_Full (0), TSPX_MTChRateH := C_Full (0), TSPX_MTChRateI := C_Full (0), TSPX_MTChRateJ := C_Full (0), C_arfcnA := 100 }
2026/Jun/26 14:40:43.912544 EXECUTOR - Module TC_26_3_3 has the following parameters: { TSPC_Serv_TS12 := false }
2026/Jun/26 14:40:43.912563 EXECUTOR - Module TC_26_6_13_5 has the following parameters: { TSPC_NonSynchronizedHO := false, TSPC_FreqHopping := false, TSPC_TwoCellSetup := false }
2026/Jun/26 14:40:43.912573 EXECUTOR - Module TC_26_6_13_6 has the following parameters: { TSPC_StartingTime := false, TSPC_TwoCellSetup := false, TSPC_FhChannelConfig := false, TSPC_FhMaListCheck := false, TSPC_NonSynchronizedHO := false, TSPC_MaListEncoding := false }
2026/Jun/26 14:40:43.912584 EXECUTOR - Module TC_26_6_1_2 has the following parameters: { TSPX_nPara := 3, TSPX_i1Para := 3, TSPX_kPara := 5, TSPX_i2Para := 1, TSPX_rPara := 4, TSPX_i3Para := 4 }
2026/Jun/26 14:40:43.912604 EXECUTOR - Module TC_26_6_2_5 has the following parameters: { TSPX_CcchConf_MultiNonComb := true, TSPC_CcchgPositive := true, TSPC_CcchgComputation := false, TSPC_SdcchOmConfig := false }
2026/Jun/26 14:40:43.912614 EXECUTOR - Module TC_26_6_3_2 has the following parameters: { TSPC_SacchSiInjection := false, TSPC_MeasurementReportCheck := false }
2026/Jun/26 14:40:43.912624 EXECUTOR - Module TC_26_6_4_2_1 has the following parameters: { TSPC_SacchL1PowerCheck := false, TSPC_HalfRateChannel := false, TSPC_CCStateU10 := false }
2026/Jun/26 14:40:43.912635 EXECUTOR - Module TC_26_6_5_2_10 has the following parameters: { TSPC_FnTimingCheck := false }
2026/Jun/26 14:40:43.912645 EXECUTOR - Module TC_26_6_5_2_9 has the following parameters: { TSPC_OM_NoL2Ack := false, TSPC_SacchMrCheck := false, TSPC_FreqHopping := false, TSPC_OM_SendNextOnHO := false }
2026/Jun/26 14:40:43.912655 EXECUTOR - Module TC_26_6_5_3_1 has the following parameters: { TSPC_InterCellHO := false, TSPC_FnTiming := false, TSPC_CheckCellsPresent := false, TSPC_TimadvPwrlvlChk := false }
2026/Jun/26 14:40:43.912665 EXECUTOR - Module TC_26_6_5_4_1 has the following parameters: { TSPC_StartCellB := false, TSPC_OM_GetTxFn := false, TSPC_FnTimingCheck := false, TSPC_TimadvPwrlvlChk := false }
2026/Jun/26 14:40:43.912676 EXECUTOR - Module TC_26_6_5_8 has the following parameters: { TSPC_CCStateU10 := false, TSPC_HoAccessObserve := false, TSPC_SacchL1PowerCheck := false, TSPC_CheckCellsPresent := false, TSPC_OM_ReturnFn := false }
2026/Jun/26 14:40:43.912686 EXECUTOR - Module TC_26_6_6_1 has the following parameters: { TSPC_FHCHK := false, TSPC_StartingTime := false, TSPC_DualRate := false, TSPC_PerSubtestChannel := false, TSPC_FHImmAsgn := false, TSPC_PerSubtestRelease := false, TSPC_OM_StopCell := false }
2026/Jun/26 14:40:43.912697 EXECUTOR - Module TC_26_6_7_2 has the following parameters: { TSPC_48DataH := false, TSPC_24DataH := false, TSPC_HalfRateSpeech := false }
2026/Jun/26 14:40:43.912735 EXECUTOR - Initializing module GSM_Component_Definitions.
2026/Jun/26 14:40:43.912744 EXECUTOR GSM_Component_Definitions.ttcn3:0 Initializing module GSM_Templates.
2026/Jun/26 14:40:43.912766 EXECUTOR GSM_Templates.ttcn3:0 Initializing module GSM_Constants.
2026/Jun/26 14:40:43.912771 EXECUTOR GSM_Constants.ttcn3:0 Initializing module GSM_Types.
2026/Jun/26 14:40:43.912774 EXECUTOR GSM_Constants.ttcn3:0 Initialization of module GSM_Types finished.
2026/Jun/26 14:40:43.912777 EXECUTOR GSM_Templates.ttcn3:0 Initialization of module GSM_Constants finished.
2026/Jun/26 14:40:43.912858 EXECUTOR GSM_Component_Definitions.ttcn3:0 Initialization of module GSM_Templates finished.
2026/Jun/26 14:40:43.912865 EXECUTOR - Initialization of module GSM_Component_Definitions finished.
2026/Jun/26 14:40:43.912868 EXECUTOR - Initializing module GSM_Functions.
2026/Jun/26 14:40:43.912896 EXECUTOR - Initialization of module GSM_Functions finished.
2026/Jun/26 14:40:43.912898 EXECUTOR - Initializing module PreGenRecordOf.
2026/Jun/26 14:40:43.912901 EXECUTOR - Initialization of module PreGenRecordOf finished.
2026/Jun/26 14:40:43.912903 EXECUTOR - Initializing module TC_26_2_1_3.
2026/Jun/26 14:40:43.912909 EXECUTOR - Initialization of module TC_26_2_1_3 finished.
2026/Jun/26 14:40:43.912912 EXECUTOR - Initializing module TC_26_2_2.
2026/Jun/26 14:40:43.912917 EXECUTOR - Initialization of module TC_26_2_2 finished.
2026/Jun/26 14:40:43.912919 EXECUTOR - Initializing module TC_26_2_3.
2026/Jun/26 14:40:43.912924 EXECUTOR - Initialization of module TC_26_2_3 finished.
2026/Jun/26 14:40:43.912926 EXECUTOR - Initializing module TC_26_3_2.
2026/Jun/26 14:40:43.912932 EXECUTOR - Initialization of module TC_26_3_2 finished.
2026/Jun/26 14:40:43.912934 EXECUTOR - Initializing module TC_26_3_3.
2026/Jun/26 14:40:43.912938 EXECUTOR - Initialization of module TC_26_3_3 finished.
2026/Jun/26 14:40:43.912941 EXECUTOR - Initializing module TC_26_3_4.
2026/Jun/26 14:40:43.912946 EXECUTOR - Initialization of module TC_26_3_4 finished.
2026/Jun/26 14:40:43.912953 EXECUTOR - Initializing module TC_26_6_11_1.
2026/Jun/26 14:40:43.912959 EXECUTOR - Initialization of module TC_26_6_11_1 finished.
2026/Jun/26 14:40:43.912962 EXECUTOR - Initializing module TC_26_6_11_2.
2026/Jun/26 14:40:43.912968 EXECUTOR - Initialization of module TC_26_6_11_2 finished.
2026/Jun/26 14:40:43.912970 EXECUTOR - Initializing module TC_26_6_12_1.
2026/Jun/26 14:40:43.912975 EXECUTOR - Initialization of module TC_26_6_12_1 finished.
2026/Jun/26 14:40:43.912977 EXECUTOR - Initializing module TC_26_6_12_2.
2026/Jun/26 14:40:43.912983 EXECUTOR - Initialization of module TC_26_6_12_2 finished.
2026/Jun/26 14:40:43.912985 EXECUTOR - Initializing module TC_26_6_12_3.
2026/Jun/26 14:40:43.912991 EXECUTOR - Initialization of module TC_26_6_12_3 finished.
2026/Jun/26 14:40:43.912993 EXECUTOR - Initializing module TC_26_6_12_4.
2026/Jun/26 14:40:43.912998 EXECUTOR - Initialization of module TC_26_6_12_4 finished.
2026/Jun/26 14:40:43.913000 EXECUTOR - Initializing module TC_26_6_13_1.
2026/Jun/26 14:40:43.913006 EXECUTOR - Initialization of module TC_26_6_13_1 finished.
2026/Jun/26 14:40:43.913008 EXECUTOR - Initializing module TC_26_6_13_10.
2026/Jun/26 14:40:43.913014 EXECUTOR - Initialization of module TC_26_6_13_10 finished.
2026/Jun/26 14:40:43.913017 EXECUTOR - Initializing module TC_26_6_13_2.
2026/Jun/26 14:40:43.913022 EXECUTOR - Initialization of module TC_26_6_13_2 finished.
2026/Jun/26 14:40:43.913024 EXECUTOR - Initializing module TC_26_6_13_3.
2026/Jun/26 14:40:43.913030 EXECUTOR - Initialization of module TC_26_6_13_3 finished.
2026/Jun/26 14:40:43.913033 EXECUTOR - Initializing module TC_26_6_13_4.
2026/Jun/26 14:40:43.913038 EXECUTOR - Initialization of module TC_26_6_13_4 finished.
2026/Jun/26 14:40:43.913041 EXECUTOR - Initializing module TC_26_6_13_5.
2026/Jun/26 14:40:43.913045 EXECUTOR - Initialization of module TC_26_6_13_5 finished.
2026/Jun/26 14:40:43.913047 EXECUTOR - Initializing module TC_26_6_13_6.
2026/Jun/26 14:40:43.913052 EXECUTOR - Initialization of module TC_26_6_13_6 finished.
2026/Jun/26 14:40:43.913054 EXECUTOR - Initializing module TC_26_6_13_7.
2026/Jun/26 14:40:43.913061 EXECUTOR - Initialization of module TC_26_6_13_7 finished.
2026/Jun/26 14:40:43.913063 EXECUTOR - Initializing module TC_26_6_13_9.
2026/Jun/26 14:40:43.913068 EXECUTOR - Initialization of module TC_26_6_13_9 finished.
2026/Jun/26 14:40:43.913070 EXECUTOR - Initializing module TC_26_6_1_1.
2026/Jun/26 14:40:43.913076 EXECUTOR - Initialization of module TC_26_6_1_1 finished.
2026/Jun/26 14:40:43.913078 EXECUTOR - Initializing module TC_26_6_1_2.
2026/Jun/26 14:40:43.913084 EXECUTOR - Initialization of module TC_26_6_1_2 finished.
2026/Jun/26 14:40:43.913086 EXECUTOR - Initializing module TC_26_6_1_3.
2026/Jun/26 14:40:43.913092 EXECUTOR - Initialization of module TC_26_6_1_3 finished.
2026/Jun/26 14:40:43.913094 EXECUTOR - Initializing module TC_26_6_1_4.
2026/Jun/26 14:40:43.913100 EXECUTOR - Initialization of module TC_26_6_1_4 finished.
2026/Jun/26 14:40:43.913102 EXECUTOR - Initializing module TC_26_6_1_5.
2026/Jun/26 14:40:43.913107 EXECUTOR - Initialization of module TC_26_6_1_5 finished.
2026/Jun/26 14:40:43.913109 EXECUTOR - Initializing module TC_26_6_2_1_1.
2026/Jun/26 14:40:43.913115 EXECUTOR - Initialization of module TC_26_6_2_1_1 finished.
2026/Jun/26 14:40:43.913117 EXECUTOR - Initializing module TC_26_6_2_1_2.
2026/Jun/26 14:40:43.913123 EXECUTOR - Initialization of module TC_26_6_2_1_2 finished.
2026/Jun/26 14:40:43.913125 EXECUTOR - Initializing module TC_26_6_2_1_3.
2026/Jun/26 14:40:43.913131 EXECUTOR - Initialization of module TC_26_6_2_1_3 finished.
2026/Jun/26 14:40:43.913133 EXECUTOR - Initializing module TC_26_6_2_2.
2026/Jun/26 14:40:43.913139 EXECUTOR - Initialization of module TC_26_6_2_2 finished.
2026/Jun/26 14:40:43.913141 EXECUTOR - Initializing module TC_26_6_2_3_1.
2026/Jun/26 14:40:43.913147 EXECUTOR - Initialization of module TC_26_6_2_3_1 finished.
2026/Jun/26 14:40:43.913149 EXECUTOR - Initializing module TC_26_6_2_3_2.
2026/Jun/26 14:40:43.913158 EXECUTOR - Initialization of module TC_26_6_2_3_2 finished.
2026/Jun/26 14:40:43.913160 EXECUTOR - Initializing module TC_26_6_2_4.
2026/Jun/26 14:40:43.913166 EXECUTOR - Initialization of module TC_26_6_2_4 finished.
2026/Jun/26 14:40:43.913168 EXECUTOR - Initializing module TC_26_6_2_5.
2026/Jun/26 14:40:43.913173 EXECUTOR - Initialization of module TC_26_6_2_5 finished.
2026/Jun/26 14:40:43.913175 EXECUTOR - Initializing module TC_26_6_3_1.
2026/Jun/26 14:40:43.913181 EXECUTOR - Initialization of module TC_26_6_3_1 finished.
2026/Jun/26 14:40:43.913183 EXECUTOR - Initializing module TC_26_6_3_2.
2026/Jun/26 14:40:43.913188 EXECUTOR - Initialization of module TC_26_6_3_2 finished.
2026/Jun/26 14:40:43.913190 EXECUTOR - Initializing module TC_26_6_3_3.
2026/Jun/26 14:40:43.913195 EXECUTOR - Initialization of module TC_26_6_3_3 finished.
2026/Jun/26 14:40:43.913198 EXECUTOR - Initializing module TC_26_6_3_4.
2026/Jun/26 14:40:43.913203 EXECUTOR - Initialization of module TC_26_6_3_4 finished.
2026/Jun/26 14:40:43.913206 EXECUTOR - Initializing module TC_26_6_3_5.
2026/Jun/26 14:40:43.913212 EXECUTOR - Initialization of module TC_26_6_3_5 finished.
2026/Jun/26 14:40:43.913214 EXECUTOR - Initializing module TC_26_6_4_1.
2026/Jun/26 14:40:43.913220 EXECUTOR - Initialization of module TC_26_6_4_1 finished.
2026/Jun/26 14:40:43.913222 EXECUTOR - Initializing module TC_26_6_4_2_1.
2026/Jun/26 14:40:43.913227 EXECUTOR - Initialization of module TC_26_6_4_2_1 finished.
2026/Jun/26 14:40:43.913229 EXECUTOR - Initializing module TC_26_6_4_2_2.
2026/Jun/26 14:40:43.913234 EXECUTOR - Initialization of module TC_26_6_4_2_2 finished.
2026/Jun/26 14:40:43.913236 EXECUTOR - Initializing module TC_26_6_5_1.
2026/Jun/26 14:40:43.913242 EXECUTOR - Initialization of module TC_26_6_5_1 finished.
2026/Jun/26 14:40:43.913245 EXECUTOR - Initializing module TC_26_6_5_2_1.
2026/Jun/26 14:40:43.913250 EXECUTOR - Initialization of module TC_26_6_5_2_1 finished.
2026/Jun/26 14:40:43.913252 EXECUTOR - Initializing module TC_26_6_5_2_10.
2026/Jun/26 14:40:43.913257 EXECUTOR - Initialization of module TC_26_6_5_2_10 finished.
2026/Jun/26 14:40:43.913259 EXECUTOR - Initializing module TC_26_6_5_2_2.
2026/Jun/26 14:40:43.913265 EXECUTOR - Initialization of module TC_26_6_5_2_2 finished.
2026/Jun/26 14:40:43.913267 EXECUTOR - Initializing module TC_26_6_5_2_3.
2026/Jun/26 14:40:43.913273 EXECUTOR - Initialization of module TC_26_6_5_2_3 finished.
2026/Jun/26 14:40:43.913275 EXECUTOR - Initializing module TC_26_6_5_2_4.
2026/Jun/26 14:40:43.913280 EXECUTOR - Initialization of module TC_26_6_5_2_4 finished.
2026/Jun/26 14:40:43.913282 EXECUTOR - Initializing module TC_26_6_5_2_5.
2026/Jun/26 14:40:43.913288 EXECUTOR - Initialization of module TC_26_6_5_2_5 finished.
2026/Jun/26 14:40:43.913290 EXECUTOR - Initializing module TC_26_6_5_2_6.
2026/Jun/26 14:40:43.913296 EXECUTOR - Initialization of module TC_26_6_5_2_6 finished.
2026/Jun/26 14:40:43.913299 EXECUTOR - Initializing module TC_26_6_5_2_7.
2026/Jun/26 14:40:43.913304 EXECUTOR - Initialization of module TC_26_6_5_2_7 finished.
2026/Jun/26 14:40:43.913306 EXECUTOR - Initializing module TC_26_6_5_2_8.
2026/Jun/26 14:40:43.913311 EXECUTOR - Initialization of module TC_26_6_5_2_8 finished.
2026/Jun/26 14:40:43.913313 EXECUTOR - Initializing module TC_26_6_5_2_9.
2026/Jun/26 14:40:43.913319 EXECUTOR - Initialization of module TC_26_6_5_2_9 finished.
2026/Jun/26 14:40:43.913321 EXECUTOR - Initializing module TC_26_6_5_3_1.
2026/Jun/26 14:40:43.913327 EXECUTOR - Initialization of module TC_26_6_5_3_1 finished.
2026/Jun/26 14:40:43.913329 EXECUTOR - Initializing module TC_26_6_5_3_2.
2026/Jun/26 14:40:43.913335 EXECUTOR - Initialization of module TC_26_6_5_3_2 finished.
2026/Jun/26 14:40:43.913337 EXECUTOR - Initializing module TC_26_6_5_4_1.
2026/Jun/26 14:40:43.913342 EXECUTOR - Initialization of module TC_26_6_5_4_1 finished.
2026/Jun/26 14:40:43.913344 EXECUTOR - Initializing module TC_26_6_5_4_2.
2026/Jun/26 14:40:43.913349 EXECUTOR - Initialization of module TC_26_6_5_4_2 finished.
2026/Jun/26 14:40:43.913354 EXECUTOR - Initializing module TC_26_6_5_5_2.
2026/Jun/26 14:40:43.913360 EXECUTOR - Initialization of module TC_26_6_5_5_2 finished.
2026/Jun/26 14:40:43.913363 EXECUTOR - Initializing module TC_26_6_5_6.
2026/Jun/26 14:40:43.913368 EXECUTOR - Initialization of module TC_26_6_5_6 finished.
2026/Jun/26 14:40:43.913370 EXECUTOR - Initializing module TC_26_6_5_7.
2026/Jun/26 14:40:43.913376 EXECUTOR - Initialization of module TC_26_6_5_7 finished.
2026/Jun/26 14:40:43.913379 EXECUTOR - Initializing module TC_26_6_5_8.
2026/Jun/26 14:40:43.913384 EXECUTOR - Initialization of module TC_26_6_5_8 finished.
2026/Jun/26 14:40:43.913386 EXECUTOR - Initializing module TC_26_6_6_1.
2026/Jun/26 14:40:43.913391 EXECUTOR - Initialization of module TC_26_6_6_1 finished.
2026/Jun/26 14:40:43.913393 EXECUTOR - Initializing module TC_26_6_7_2.
2026/Jun/26 14:40:43.913398 EXECUTOR - Initialization of module TC_26_6_7_2 finished.
2026/Jun/26 14:40:43.913400 EXECUTOR - Initializing module TC_26_6_8_1.
2026/Jun/26 14:40:43.913406 EXECUTOR - Initialization of module TC_26_6_8_1 finished.
2026/Jun/26 14:40:43.913408 EXECUTOR - Initializing module TC_26_6_8_2.
2026/Jun/26 14:40:43.913413 EXECUTOR - Initialization of module TC_26_6_8_2 finished.
2026/Jun/26 14:40:43.913415 EXECUTOR - Initializing module TC_26_6_8_3.
2026/Jun/26 14:40:43.913421 EXECUTOR - Initialization of module TC_26_6_8_3 finished.
2026/Jun/26 14:40:43.913423 EXECUTOR - Initializing module TC_26_6_8_4.
2026/Jun/26 14:40:43.913429 EXECUTOR - Initialization of module TC_26_6_8_4 finished.
2026/Jun/26 14:40:43.913431 EXECUTOR - Initializing module TC_26_6_8_5.
2026/Jun/26 14:40:43.913437 EXECUTOR - Initialization of module TC_26_6_8_5 finished.
2026/Jun/26 14:40:43.913439 EXECUTOR - Initializing module TC_26_7_1.
2026/Jun/26 14:40:43.913445 EXECUTOR - Initialization of module TC_26_7_1 finished.
2026/Jun/26 14:40:43.913447 EXECUTOR - Initializing module TC_26_7_2_1.
2026/Jun/26 14:40:43.913452 EXECUTOR - Initialization of module TC_26_7_2_1 finished.
2026/Jun/26 14:40:43.913455 EXECUTOR - Initializing module TC_26_7_2_2.
2026/Jun/26 14:40:43.913461 EXECUTOR - Initialization of module TC_26_7_2_2 finished.
2026/Jun/26 14:40:43.913463 EXECUTOR - Initializing module TC_26_7_3_1.
2026/Jun/26 14:40:43.913469 EXECUTOR - Initialization of module TC_26_7_3_1 finished.
2026/Jun/26 14:40:43.913471 EXECUTOR - Initializing module TC_26_7_3_2.
2026/Jun/26 14:40:43.913476 EXECUTOR - Initialization of module TC_26_7_3_2 finished.
2026/Jun/26 14:40:43.913478 EXECUTOR - Initializing module TC_26_7_4_1.
2026/Jun/26 14:40:43.913484 EXECUTOR - Initialization of module TC_26_7_4_1 finished.
2026/Jun/26 14:40:43.913486 EXECUTOR - Initializing module TC_26_7_4_2_1.
2026/Jun/26 14:40:43.913491 EXECUTOR - Initialization of module TC_26_7_4_2_1 finished.
2026/Jun/26 14:40:43.913493 EXECUTOR - Initializing module TC_26_7_4_2_2_1.
2026/Jun/26 14:40:43.913499 EXECUTOR - Initialization of module TC_26_7_4_2_2_1 finished.
2026/Jun/26 14:40:43.913501 EXECUTOR - Initializing module TC_26_7_4_2_2_2.
2026/Jun/26 14:40:43.913506 EXECUTOR - Initialization of module TC_26_7_4_2_2_2 finished.
2026/Jun/26 14:40:43.913508 EXECUTOR - Initializing module TC_26_7_4_2_3.
2026/Jun/26 14:40:43.913513 EXECUTOR - Initialization of module TC_26_7_4_2_3 finished.
2026/Jun/26 14:40:43.913516 EXECUTOR - Initializing module TC_26_7_4_2_4_1.
2026/Jun/26 14:40:43.913521 EXECUTOR - Initialization of module TC_26_7_4_2_4_1 finished.
2026/Jun/26 14:40:43.913523 EXECUTOR - Initializing module TC_26_7_4_2_4_2.
2026/Jun/26 14:40:43.913529 EXECUTOR - Initialization of module TC_26_7_4_2_4_2 finished.
2026/Jun/26 14:40:43.913531 EXECUTOR - Initializing module TC_26_7_4_2_4_3.
2026/Jun/26 14:40:43.913536 EXECUTOR - Initialization of module TC_26_7_4_2_4_3 finished.
2026/Jun/26 14:40:43.913538 EXECUTOR - Initializing module TC_26_7_4_2_4_4.
2026/Jun/26 14:40:43.913544 EXECUTOR - Initialization of module TC_26_7_4_2_4_4 finished.
2026/Jun/26 14:40:43.913546 EXECUTOR - Initializing module TC_26_7_4_2_4_5.
2026/Jun/26 14:40:43.913551 EXECUTOR - Initialization of module TC_26_7_4_2_4_5 finished.
2026/Jun/26 14:40:43.913556 EXECUTOR - Initializing module TC_26_7_4_3_1.
2026/Jun/26 14:40:43.913562 EXECUTOR - Initialization of module TC_26_7_4_3_1 finished.
2026/Jun/26 14:40:43.913564 EXECUTOR - Initializing module TC_26_7_4_3_2.
2026/Jun/26 14:40:43.913569 EXECUTOR - Initialization of module TC_26_7_4_3_2 finished.
2026/Jun/26 14:40:43.913571 EXECUTOR - Initializing module TC_26_7_4_3_3.
2026/Jun/26 14:40:43.913577 EXECUTOR - Initialization of module TC_26_7_4_3_3 finished.
2026/Jun/26 14:40:43.913579 EXECUTOR - Initializing module TC_26_7_4_3_4.
2026/Jun/26 14:40:43.913584 EXECUTOR - Initialization of module TC_26_7_4_3_4 finished.
2026/Jun/26 14:40:43.913587 EXECUTOR - Initializing module TC_26_7_4_4.
2026/Jun/26 14:40:43.913593 EXECUTOR - Initialization of module TC_26_7_4_4 finished.
2026/Jun/26 14:40:43.913595 EXECUTOR - Initializing module TC_26_7_4_5_1.
2026/Jun/26 14:40:43.913601 EXECUTOR - Initialization of module TC_26_7_4_5_1 finished.
2026/Jun/26 14:40:43.913603 EXECUTOR - Initializing module TC_26_7_4_5_2.
2026/Jun/26 14:40:43.913608 EXECUTOR - Initialization of module TC_26_7_4_5_2 finished.
2026/Jun/26 14:40:43.913610 EXECUTOR - Initializing module TC_26_7_4_5_3.
2026/Jun/26 14:40:43.913616 EXECUTOR - Initialization of module TC_26_7_4_5_3 finished.
2026/Jun/26 14:40:43.913618 EXECUTOR - Initializing module TC_26_7_4_5_4_2.
2026/Jun/26 14:40:43.913624 EXECUTOR - Initialization of module TC_26_7_4_5_4_2 finished.
2026/Jun/26 14:40:43.913626 EXECUTOR - Initializing module TC_26_7_4_5_4_3.
2026/Jun/26 14:40:43.913632 EXECUTOR - Initialization of module TC_26_7_4_5_4_3 finished.
2026/Jun/26 14:40:43.913634 EXECUTOR - Initializing module TC_26_7_5_2.
2026/Jun/26 14:40:43.913640 EXECUTOR - Initialization of module TC_26_7_5_2 finished.
2026/Jun/26 14:40:43.913642 EXECUTOR - Initializing module TC_26_7_5_3.
2026/Jun/26 14:40:43.913647 EXECUTOR - Initialization of module TC_26_7_5_3 finished.
2026/Jun/26 14:40:43.913649 EXECUTOR - Initializing module TC_26_7_5_4.
2026/Jun/26 14:40:43.913655 EXECUTOR - Initialization of module TC_26_7_5_4 finished.
2026/Jun/26 14:40:43.913658 EXECUTOR - Initializing module TC_26_7_5_5.
2026/Jun/26 14:40:43.913663 EXECUTOR - Initialization of module TC_26_7_5_5 finished.
2026/Jun/26 14:40:43.913665 EXECUTOR - Initializing module TC_26_7_5_6.
2026/Jun/26 14:40:43.913671 EXECUTOR - Initialization of module TC_26_7_5_6 finished.
2026/Jun/26 14:40:43.913673 EXECUTOR - Initializing module TC_26_7_5_7_1.
2026/Jun/26 14:40:43.913678 EXECUTOR - Initialization of module TC_26_7_5_7_1 finished.
2026/Jun/26 14:40:43.913681 EXECUTOR - Initializing module TC_26_7_5_8_1.
2026/Jun/26 14:40:43.913687 EXECUTOR - Initialization of module TC_26_7_5_8_1 finished.
2026/Jun/26 14:40:43.913689 EXECUTOR - Initializing module TC_26_7_5_8_2.
2026/Jun/26 14:40:43.913694 EXECUTOR - Initialization of module TC_26_7_5_8_2 finished.
2026/Jun/26 14:40:43.913696 EXECUTOR - Initializing module TC_26_7_5_8_3.
2026/Jun/26 14:40:43.913702 EXECUTOR - Initialization of module TC_26_7_5_8_3 finished.
2026/Jun/26 14:40:43.913704 EXECUTOR - Initializing module TC_26_8_1_2_1_1.
2026/Jun/26 14:40:43.913710 EXECUTOR - Initialization of module TC_26_8_1_2_1_1 finished.
2026/Jun/26 14:40:43.913712 EXECUTOR - Initializing module TC_26_8_1_2_2_1.
2026/Jun/26 14:40:43.913718 EXECUTOR - Initialization of module TC_26_8_1_2_2_1 finished.
2026/Jun/26 14:40:43.913720 EXECUTOR - Initializing module TC_26_8_1_2_2_2.
2026/Jun/26 14:40:43.913726 EXECUTOR - Initialization of module TC_26_8_1_2_2_2 finished.
2026/Jun/26 14:40:43.913728 EXECUTOR - Initializing module TC_26_8_1_2_2_3.
2026/Jun/26 14:40:43.913734 EXECUTOR - Initialization of module TC_26_8_1_2_2_3 finished.
2026/Jun/26 14:40:43.913736 EXECUTOR - Initializing module TC_26_8_1_2_3_1.
2026/Jun/26 14:40:43.913742 EXECUTOR - Initialization of module TC_26_8_1_2_3_1 finished.
2026/Jun/26 14:40:43.913744 EXECUTOR - Initializing module TC_26_8_1_2_3_2.
2026/Jun/26 14:40:43.913750 EXECUTOR - Initialization of module TC_26_8_1_2_3_2 finished.
2026/Jun/26 14:40:43.913754 EXECUTOR - Initializing module TC_26_8_1_2_3_3.
2026/Jun/26 14:40:43.913760 EXECUTOR - Initialization of module TC_26_8_1_2_3_3 finished.
2026/Jun/26 14:40:43.913762 EXECUTOR - Initializing module TC_26_8_1_2_3_4.
2026/Jun/26 14:40:43.913768 EXECUTOR - Initialization of module TC_26_8_1_2_3_4 finished.
2026/Jun/26 14:40:43.913770 EXECUTOR - Initializing module TC_26_8_1_2_3_5.
2026/Jun/26 14:40:43.913776 EXECUTOR - Initialization of module TC_26_8_1_2_3_5 finished.
2026/Jun/26 14:40:43.913778 EXECUTOR - Initializing module TC_26_8_1_2_3_6.
2026/Jun/26 14:40:43.913784 EXECUTOR - Initialization of module TC_26_8_1_2_3_6 finished.
2026/Jun/26 14:40:43.913786 EXECUTOR - Initializing module TC_26_8_1_2_3_7.
2026/Jun/26 14:40:43.913791 EXECUTOR - Initialization of module TC_26_8_1_2_3_7 finished.
2026/Jun/26 14:40:43.913794 EXECUTOR - Initializing module TC_26_8_1_2_4_1.
2026/Jun/26 14:40:43.913799 EXECUTOR - Initialization of module TC_26_8_1_2_4_1 finished.
2026/Jun/26 14:40:43.913801 EXECUTOR - Initializing module TC_26_8_1_2_4_13.
2026/Jun/26 14:40:43.913810 EXECUTOR - Initialization of module TC_26_8_1_2_4_13 finished.
2026/Jun/26 14:40:43.913812 EXECUTOR - Initializing module TC_26_8_1_2_4_2.
2026/Jun/26 14:40:43.913819 EXECUTOR - Initialization of module TC_26_8_1_2_4_2 finished.
2026/Jun/26 14:40:43.913829 EXECUTOR - Initializing module TC_26_8_1_2_4_3.
2026/Jun/26 14:40:43.913835 EXECUTOR - Initialization of module TC_26_8_1_2_4_3 finished.
2026/Jun/26 14:40:43.913837 EXECUTOR - Initializing module TC_26_8_1_2_4_4.
2026/Jun/26 14:40:43.913843 EXECUTOR - Initialization of module TC_26_8_1_2_4_4 finished.
2026/Jun/26 14:40:43.913846 EXECUTOR - Initializing module TC_26_8_1_2_4_5.
2026/Jun/26 14:40:43.913851 EXECUTOR - Initialization of module TC_26_8_1_2_4_5 finished.
2026/Jun/26 14:40:43.913854 EXECUTOR - Initializing module TC_26_8_1_2_5_7.
2026/Jun/26 14:40:43.913859 EXECUTOR - Initialization of module TC_26_8_1_2_5_7 finished.
2026/Jun/26 14:40:43.913862 EXECUTOR - Initializing module TC_26_8_1_2_6_1.
2026/Jun/26 14:40:43.913867 EXECUTOR - Initialization of module TC_26_8_1_2_6_1 finished.
2026/Jun/26 14:40:43.913870 EXECUTOR - Initializing module TC_26_8_1_2_6_2.
2026/Jun/26 14:40:43.913875 EXECUTOR - Initialization of module TC_26_8_1_2_6_2 finished.
2026/Jun/26 14:40:43.913877 EXECUTOR - Initializing module TC_26_8_1_2_6_3.
2026/Jun/26 14:40:43.913883 EXECUTOR - Initialization of module TC_26_8_1_2_6_3 finished.
2026/Jun/26 14:40:43.913885 EXECUTOR - Initializing module TC_26_8_1_2_6_5.
2026/Jun/26 14:40:43.913891 EXECUTOR - Initialization of module TC_26_8_1_2_6_5 finished.
2026/Jun/26 14:40:43.913893 EXECUTOR - Initializing module TC_26_8_1_2_6_6.
2026/Jun/26 14:40:43.913899 EXECUTOR - Initialization of module TC_26_8_1_2_6_6 finished.
2026/Jun/26 14:40:43.913901 EXECUTOR - Initializing module TC_26_8_1_2_7_3.
2026/Jun/26 14:40:43.913907 EXECUTOR - Initialization of module TC_26_8_1_2_7_3 finished.
2026/Jun/26 14:40:43.913909 EXECUTOR - Initializing module TC_26_8_1_2_7_4.
2026/Jun/26 14:40:43.913914 EXECUTOR - Initialization of module TC_26_8_1_2_7_4 finished.
2026/Jun/26 14:40:43.913917 EXECUTOR - Initializing module TC_26_8_1_2_8_3.
2026/Jun/26 14:40:43.913922 EXECUTOR - Initialization of module TC_26_8_1_2_8_3 finished.
2026/Jun/26 14:40:43.913924 EXECUTOR - Initializing module TC_26_8_1_2_9_2.
2026/Jun/26 14:40:43.913931 EXECUTOR - Initialization of module TC_26_8_1_2_9_2 finished.
2026/Jun/26 14:40:43.913933 EXECUTOR - Initializing module TC_26_8_1_2_9_4.
2026/Jun/26 14:40:43.913939 EXECUTOR - Initialization of module TC_26_8_1_2_9_4 finished.
2026/Jun/26 14:40:43.913941 EXECUTOR - Initializing module TC_26_8_1_2_9_5.
2026/Jun/26 14:40:43.913946 EXECUTOR - Initialization of module TC_26_8_1_2_9_5 finished.
2026/Jun/26 14:40:43.913949 EXECUTOR - Initializing module TC_26_8_1_3_1_1.
2026/Jun/26 14:40:43.913954 EXECUTOR - Initialization of module TC_26_8_1_3_1_1 finished.
2026/Jun/26 14:40:43.913957 EXECUTOR - Initializing module TC_26_8_1_3_2_1.
2026/Jun/26 14:40:43.913965 EXECUTOR - Initialization of module TC_26_8_1_3_2_1 finished.
2026/Jun/26 14:40:43.913968 EXECUTOR - Initializing module TC_26_8_1_3_3_1.
2026/Jun/26 14:40:43.913973 EXECUTOR - Initialization of module TC_26_8_1_3_3_1 finished.
2026/Jun/26 14:40:43.913976 EXECUTOR - Initializing module TC_26_8_1_3_3_2.
2026/Jun/26 14:40:43.913982 EXECUTOR - Initialization of module TC_26_8_1_3_3_2 finished.
2026/Jun/26 14:40:43.913984 EXECUTOR - Initializing module TC_26_8_1_3_3_3.
2026/Jun/26 14:40:43.913991 EXECUTOR - Initialization of module TC_26_8_1_3_3_3 finished.
2026/Jun/26 14:40:43.913994 EXECUTOR - Initializing module TC_26_8_1_3_3_4.
2026/Jun/26 14:40:43.914000 EXECUTOR - Initialization of module TC_26_8_1_3_3_4 finished.
2026/Jun/26 14:40:43.914002 EXECUTOR - Initializing module TC_26_8_1_3_3_5.
2026/Jun/26 14:40:43.914008 EXECUTOR - Initialization of module TC_26_8_1_3_3_5 finished.
2026/Jun/26 14:40:43.914010 EXECUTOR - Initializing module TC_26_8_1_3_3_6.
2026/Jun/26 14:40:43.914016 EXECUTOR - Initialization of module TC_26_8_1_3_3_6 finished.
2026/Jun/26 14:40:43.914019 EXECUTOR - Initializing module TC_26_8_1_3_3_7.
2026/Jun/26 14:40:43.914024 EXECUTOR - Initialization of module TC_26_8_1_3_3_7 finished.
2026/Jun/26 14:40:43.914026 EXECUTOR - Initializing module TC_26_8_1_3_4_1.
2026/Jun/26 14:40:43.914032 EXECUTOR - Initialization of module TC_26_8_1_3_4_1 finished.
2026/Jun/26 14:40:43.914034 EXECUTOR - Initializing module TC_26_8_1_3_4_2.
2026/Jun/26 14:40:43.914040 EXECUTOR - Initialization of module TC_26_8_1_3_4_2 finished.
2026/Jun/26 14:40:43.914042 EXECUTOR - Initializing module TC_26_8_1_3_4_3.
2026/Jun/26 14:40:43.914048 EXECUTOR - Initialization of module TC_26_8_1_3_4_3 finished.
2026/Jun/26 14:40:43.914050 EXECUTOR - Initializing module TC_26_8_1_3_4_4.
2026/Jun/26 14:40:43.914056 EXECUTOR - Initialization of module TC_26_8_1_3_4_4 finished.
2026/Jun/26 14:40:43.914058 EXECUTOR - Initializing module TC_26_8_1_3_4_5.
2026/Jun/26 14:40:43.914064 EXECUTOR - Initialization of module TC_26_8_1_3_4_5 finished.
2026/Jun/26 14:40:43.914066 EXECUTOR - Initializing module TC_26_8_1_3_4_6.
2026/Jun/26 14:40:43.914072 EXECUTOR - Initialization of module TC_26_8_1_3_4_6 finished.
2026/Jun/26 14:40:43.914074 EXECUTOR - Initializing module TC_26_8_1_3_4_7.
2026/Jun/26 14:40:43.914079 EXECUTOR - Initialization of module TC_26_8_1_3_4_7 finished.
2026/Jun/26 14:40:43.914081 EXECUTOR - Initializing module TC_26_8_1_3_4_8.
2026/Jun/26 14:40:43.914086 EXECUTOR - Initialization of module TC_26_8_1_3_4_8 finished.
2026/Jun/26 14:40:43.914089 EXECUTOR - Initializing module TC_26_8_1_3_5_1.
2026/Jun/26 14:40:43.914095 EXECUTOR - Initialization of module TC_26_8_1_3_5_1 finished.
2026/Jun/26 14:40:43.914097 EXECUTOR - Initializing module TC_26_8_1_3_5_2.
2026/Jun/26 14:40:43.914103 EXECUTOR - Initialization of module TC_26_8_1_3_5_2 finished.
2026/Jun/26 14:40:43.914105 EXECUTOR - Initializing module TC_26_8_1_3_5_3.
2026/Jun/26 14:40:43.914111 EXECUTOR - Initialization of module TC_26_8_1_3_5_3 finished.
2026/Jun/26 14:40:43.914113 EXECUTOR - Initializing module TC_26_8_1_3_5_4.
2026/Jun/26 14:40:43.914119 EXECUTOR - Initialization of module TC_26_8_1_3_5_4 finished.
2026/Jun/26 14:40:43.914121 EXECUTOR - Initializing module TC_26_8_1_3_5_5.
2026/Jun/26 14:40:43.914127 EXECUTOR - Initialization of module TC_26_8_1_3_5_5 finished.
2026/Jun/26 14:40:43.914129 EXECUTOR - Initializing module TC_26_8_1_3_5_6.
2026/Jun/26 14:40:43.914134 EXECUTOR - Initialization of module TC_26_8_1_3_5_6 finished.
2026/Jun/26 14:40:43.914137 EXECUTOR - Initializing module TC_26_8_1_3_5_7.
2026/Jun/26 14:40:43.914142 EXECUTOR - Initialization of module TC_26_8_1_3_5_7 finished.
2026/Jun/26 14:40:43.914144 EXECUTOR - Initializing module TC_26_8_1_3_5_8.
2026/Jun/26 14:40:43.914150 EXECUTOR - Initialization of module TC_26_8_1_3_5_8 finished.
2026/Jun/26 14:40:43.914152 EXECUTOR - Initializing module TC_26_8_1_3_5_9.
2026/Jun/26 14:40:43.914157 EXECUTOR - Initialization of module TC_26_8_1_3_5_9 finished.
2026/Jun/26 14:40:43.914159 EXECUTOR - Initializing module TC_26_8_1_4_3_1.
2026/Jun/26 14:40:43.914168 EXECUTOR - Initialization of module TC_26_8_1_4_3_1 finished.
2026/Jun/26 14:40:43.914170 EXECUTOR - Initializing module TC_26_8_1_4_3_2.
2026/Jun/26 14:40:43.914176 EXECUTOR - Initialization of module TC_26_8_1_4_3_2 finished.
2026/Jun/26 14:40:43.914179 EXECUTOR - Initializing module TC_26_8_1_4_5_6.
2026/Jun/26 14:40:43.914184 EXECUTOR - Initialization of module TC_26_8_1_4_5_6 finished.
2026/Jun/26 14:40:43.914187 EXECUTOR - Initializing module TC_26_8_2_1.
2026/Jun/26 14:40:43.914192 EXECUTOR - Initialization of module TC_26_8_2_1 finished.
2026/Jun/26 14:40:43.914195 EXECUTOR - Initializing module TC_26_8_2_2.
2026/Jun/26 14:40:43.914200 EXECUTOR - Initialization of module TC_26_8_2_2 finished.
2026/Jun/26 14:40:43.914202 EXECUTOR - Initializing module TC_26_8_2_3.
2026/Jun/26 14:40:43.914208 EXECUTOR - Initialization of module TC_26_8_2_3 finished.
2026/Jun/26 14:40:43.914210 EXECUTOR - Initializing module TC_26_8_3.
2026/Jun/26 14:40:43.914216 EXECUTOR - Initialization of module TC_26_8_3 finished.
2026/Jun/26 14:40:43.914218 EXECUTOR - Initializing module TC_34_2_2.
2026/Jun/26 14:40:43.914224 EXECUTOR - Initialization of module TC_34_2_2 finished.
2026/Jun/26 14:40:43.914227 EXECUTOR - Initializing module TitanLoggerApi.
2026/Jun/26 14:40:43.914229 EXECUTOR - Initialization of module TitanLoggerApi finished.
2026/Jun/26 14:40:43.914231 EXECUTOR - Initializing module TitanLoggerControl.
2026/Jun/26 14:40:43.914233 EXECUTOR - Initialization of module TitanLoggerControl finished.
2026/Jun/26 14:40:43.914245 EXECUTOR - Configuration data was processed successfully.
2026/Jun/26 14:40:43.916396 EXECUTOR - MTC was created. Process id: 35.
2026/Jun/26 14:42:18.420170 EXECUTOR - Exit was requested from MC. Terminating HC.
2026/Jun/26 14:42:18.420345 EXECUTOR - Disconnected from MC.
2026/Jun/26 14:42:18.420367 EXECUTOR - TTCN-3 Host Controller finished.
