2026/Jun/10 09:19:11.650319 EXECUTOR - TTCN-3 Host Controller started on ttcn3-tc-26-8-1-3-4-2-1-ms95j. Version: 11.1.0.
2026/Jun/10 09:19:11.650458 EXECUTOR - TTCN Logger v2.2 options: TimeStampFormat:=DateTime; LogEntityName:=No; LogEventTypes:=Yes; SourceInfoFormat:=Single; LogSensitiveData:=No; *.FileMask:=LOG_ALL; *.ConsoleMask:=ERROR | TESTCASE | USER | VERDICTOP | WARNING; LogFileSize:=0; LogFileNumber:=1; DiskFullAction:=Error
2026/Jun/10 09:19:11.650468 EXECUTOR - Maximum number of open file descriptors: 1048576,   FD_SETSIZE = 1024
2026/Jun/10 09:19:11.650581 WARNING - Warning: The address of MC was set to a local IP address. This may cause incorrect behavior if a HC from a remote host also connects to MC.
2026/Jun/10 09:19:11.650613 EXECUTOR - The address of MC was set to 127.0.0.1:0.
2026/Jun/10 09:19:11.650727 EXECUTOR - Connected to MC.
2026/Jun/10 09:19:11.650813 EXECUTOR - This host supports UNIX domain sockets for local communication.
2026/Jun/10 09:19:11.651052 EXECUTOR - Processing configuration data received from MC.
2026/Jun/10 09:19:11.651232 WARNING - Warning: Skeleton `/results/TC_26_8_1_3_4_2-2026-06-10-091910/%n.log' does not guarantee unique log file name for every test system process. It may cause unpredictable results if several test components try to write into the same log file.
2026/Jun/10 09:19:11.651545 EXECUTOR - Module GSM_Constants has the following parameters: { TSPC_Serv_TS11 := true, TSPC_Serv_TS61 := false, TSPC_Serv_TS62 := false, TSPC_Serv_BS21 := false, TSPC_Serv_BS22 := false, TSPC_Serv_BS24 := false, TSPC_Serv_BS25 := false, TSPC_Serv_BS26 := false, TSPC_Serv_BS31 := false, TSPC_Serv_BS32 := false, TSPC_Serv_BS33 := false, TSPC_Serv_BS34 := false, TSPC_Serv_BS41 := false, TSPC_Serv_BS42 := false, TSPC_Serv_BS43 := false, TSPC_Serv_BS44 := false, TSPC_Serv_BS45 := false, TSPC_Serv_BS51 := false, TSPC_Serv_BS61 := false, TSPC_Serv_BS81 := false, TSPC_DualRate := false, TSPC_MTsvc := true, TSPX_IMSI := '901700000000001F'O, TSPX_TMSI := '1914D97F'O, TSPX_CKSNDef := 0, TSPX_RANDDef := '00112233445566778899AABBCCDDEEFF'O, TSPX_SRES := '12345678'O, TSPX_Kc := '0000000000000000'O, TSPX_SDCCH4SubDef := 0, TSPX_TmSltDef := 0, TSPX_TscDef := 7, TSPX_TCHHSubDef := 0, TCV_CC := true, TSPX_Telephony_Rate := C_Full (0), TSPX_MOBscSvcA := C_Telephony (0), TSPX_MOBscSvcB := C_Telephony (0), TSPX_MOBscSvcC := C_Telephony (0), TSPX_MOBscSvcD := C_Telephony (0), TSPX_MOBscSvcE := C_Telephony (0), TSPX_MOBscSvcF := C_Telephony (0), TSPX_MOBscSvcG := C_Telephony (0), TSPX_MOChRateA := C_Full (0), TSPX_MOChRateB := C_Full (0), TSPX_MOChRateC := C_Full (0), TSPX_MOChRateD := C_Full (0), TSPX_MOChRateE := C_Full (0), TSPX_MOChRateF := C_Full (0), TSPX_MOChRateG := C_Full (0), TSPX_MTBscSvcA := C_Telephony (0), TSPX_MTBscSvcB := C_Telephony (0), TSPX_MTBscSvcC := C_Telephony (0), TSPX_MTBscSvcD := C_Telephony (0), TSPX_MTBscSvcE := C_Telephony (0), TSPX_MTBscSvcF := C_Telephony (0), TSPX_MTBscSvcG := C_Telephony (0), TSPX_MTBscSvcH := C_Telephony (0), TSPX_MTBscSvcI := C_Telephony (0), TSPX_MTBscSvcJ := C_Telephony (0), TSPX_MTChRateA := C_Full (0), TSPX_MTChRateB := C_Full (0), TSPX_MTChRateC := C_Full (0), TSPX_MTChRateD := C_Full (0), TSPX_MTChRateE := C_Full (0), TSPX_MTChRateF := C_Full (0), TSPX_MTChRateG := C_Full (0), TSPX_MTChRateH := C_Full (0), TSPX_MTChRateI := C_Full (0), TSPX_MTChRateJ := C_Full (0), C_arfcnA := 100 }
2026/Jun/10 09:19:11.651614 EXECUTOR - Module TC_26_6_1_2 has the following parameters: { TSPX_nPara := 3, TSPX_i1Para := 3, TSPX_kPara := 5, TSPX_i2Para := 1, TSPX_rPara := 4, TSPX_i3Para := 4 }
2026/Jun/10 09:19:11.651638 EXECUTOR - Initializing module GSM_Component_Definitions.
2026/Jun/10 09:19:11.651644 EXECUTOR GSM_Component_Definitions.ttcn3:0 Initializing module GSM_Templates.
2026/Jun/10 09:19:11.651660 EXECUTOR GSM_Templates.ttcn3:0 Initializing module GSM_Constants.
2026/Jun/10 09:19:11.651665 EXECUTOR GSM_Constants.ttcn3:0 Initializing module GSM_Types.
2026/Jun/10 09:19:11.651668 EXECUTOR GSM_Constants.ttcn3:0 Initialization of module GSM_Types finished.
2026/Jun/10 09:19:11.651671 EXECUTOR GSM_Templates.ttcn3:0 Initialization of module GSM_Constants finished.
2026/Jun/10 09:19:11.651739 EXECUTOR GSM_Component_Definitions.ttcn3:0 Initialization of module GSM_Templates finished.
2026/Jun/10 09:19:11.651742 EXECUTOR - Initialization of module GSM_Component_Definitions finished.
2026/Jun/10 09:19:11.651745 EXECUTOR - Initializing module GSM_Functions.
2026/Jun/10 09:19:11.651765 EXECUTOR - Initialization of module GSM_Functions finished.
2026/Jun/10 09:19:11.651768 EXECUTOR - Initializing module PreGenRecordOf.
2026/Jun/10 09:19:11.651770 EXECUTOR - Initialization of module PreGenRecordOf finished.
2026/Jun/10 09:19:11.651772 EXECUTOR - Initializing module TC_26_2_1_3.
2026/Jun/10 09:19:11.651776 EXECUTOR - Initialization of module TC_26_2_1_3 finished.
2026/Jun/10 09:19:11.651778 EXECUTOR - Initializing module TC_26_2_2.
2026/Jun/10 09:19:11.651782 EXECUTOR - Initialization of module TC_26_2_2 finished.
2026/Jun/10 09:19:11.651784 EXECUTOR - Initializing module TC_26_2_3.
2026/Jun/10 09:19:11.651789 EXECUTOR - Initialization of module TC_26_2_3 finished.
2026/Jun/10 09:19:11.651791 EXECUTOR - Initializing module TC_26_6_11_1.
2026/Jun/10 09:19:11.651795 EXECUTOR - Initialization of module TC_26_6_11_1 finished.
2026/Jun/10 09:19:11.651797 EXECUTOR - Initializing module TC_26_6_11_2.
2026/Jun/10 09:19:11.651801 EXECUTOR - Initialization of module TC_26_6_11_2 finished.
2026/Jun/10 09:19:11.651803 EXECUTOR - Initializing module TC_26_6_12_1.
2026/Jun/10 09:19:11.651808 EXECUTOR - Initialization of module TC_26_6_12_1 finished.
2026/Jun/10 09:19:11.651810 EXECUTOR - Initializing module TC_26_6_12_2.
2026/Jun/10 09:19:11.651814 EXECUTOR - Initialization of module TC_26_6_12_2 finished.
2026/Jun/10 09:19:11.651816 EXECUTOR - Initializing module TC_26_6_12_3.
2026/Jun/10 09:19:11.651820 EXECUTOR - Initialization of module TC_26_6_12_3 finished.
2026/Jun/10 09:19:11.651843 EXECUTOR - Initializing module TC_26_6_12_4.
2026/Jun/10 09:19:11.651848 EXECUTOR - Initialization of module TC_26_6_12_4 finished.
2026/Jun/10 09:19:11.651850 EXECUTOR - Initializing module TC_26_6_13_10.
2026/Jun/10 09:19:11.651854 EXECUTOR - Initialization of module TC_26_6_13_10 finished.
2026/Jun/10 09:19:11.651856 EXECUTOR - Initializing module TC_26_6_13_9.
2026/Jun/10 09:19:11.651860 EXECUTOR - Initialization of module TC_26_6_13_9 finished.
2026/Jun/10 09:19:11.651862 EXECUTOR - Initializing module TC_26_6_1_1.
2026/Jun/10 09:19:11.651866 EXECUTOR - Initialization of module TC_26_6_1_1 finished.
2026/Jun/10 09:19:11.651868 EXECUTOR - Initializing module TC_26_6_1_2.
2026/Jun/10 09:19:11.651872 EXECUTOR - Initialization of module TC_26_6_1_2 finished.
2026/Jun/10 09:19:11.651874 EXECUTOR - Initializing module TC_26_6_1_3.
2026/Jun/10 09:19:11.651879 EXECUTOR - Initialization of module TC_26_6_1_3 finished.
2026/Jun/10 09:19:11.651881 EXECUTOR - Initializing module TC_26_6_1_4.
2026/Jun/10 09:19:11.651885 EXECUTOR - Initialization of module TC_26_6_1_4 finished.
2026/Jun/10 09:19:11.651887 EXECUTOR - Initializing module TC_26_6_1_5.
2026/Jun/10 09:19:11.651892 EXECUTOR - Initialization of module TC_26_6_1_5 finished.
2026/Jun/10 09:19:11.651894 EXECUTOR - Initializing module TC_26_6_2_1_1.
2026/Jun/10 09:19:11.651898 EXECUTOR - Initialization of module TC_26_6_2_1_1 finished.
2026/Jun/10 09:19:11.651900 EXECUTOR - Initializing module TC_26_6_2_1_2.
2026/Jun/10 09:19:11.651904 EXECUTOR - Initialization of module TC_26_6_2_1_2 finished.
2026/Jun/10 09:19:11.651906 EXECUTOR - Initializing module TC_26_6_2_1_3.
2026/Jun/10 09:19:11.651910 EXECUTOR - Initialization of module TC_26_6_2_1_3 finished.
2026/Jun/10 09:19:11.651912 EXECUTOR - Initializing module TC_26_6_2_2.
2026/Jun/10 09:19:11.651916 EXECUTOR - Initialization of module TC_26_6_2_2 finished.
2026/Jun/10 09:19:11.651918 EXECUTOR - Initializing module TC_26_6_2_3_1.
2026/Jun/10 09:19:11.651922 EXECUTOR - Initialization of module TC_26_6_2_3_1 finished.
2026/Jun/10 09:19:11.651924 EXECUTOR - Initializing module TC_26_6_2_3_2.
2026/Jun/10 09:19:11.651928 EXECUTOR - Initialization of module TC_26_6_2_3_2 finished.
2026/Jun/10 09:19:11.651936 EXECUTOR - Initializing module TC_26_6_2_4.
2026/Jun/10 09:19:11.651940 EXECUTOR - Initialization of module TC_26_6_2_4 finished.
2026/Jun/10 09:19:11.651943 EXECUTOR - Initializing module TC_26_6_3_1.
2026/Jun/10 09:19:11.651947 EXECUTOR - Initialization of module TC_26_6_3_1 finished.
2026/Jun/10 09:19:11.651949 EXECUTOR - Initializing module TC_26_6_3_4.
2026/Jun/10 09:19:11.651953 EXECUTOR - Initialization of module TC_26_6_3_4 finished.
2026/Jun/10 09:19:11.651955 EXECUTOR - Initializing module TC_26_6_4_1.
2026/Jun/10 09:19:11.651959 EXECUTOR - Initialization of module TC_26_6_4_1 finished.
2026/Jun/10 09:19:11.651961 EXECUTOR - Initializing module TC_26_6_4_2_2.
2026/Jun/10 09:19:11.651965 EXECUTOR - Initialization of module TC_26_6_4_2_2 finished.
2026/Jun/10 09:19:11.651967 EXECUTOR - Initializing module TC_26_6_5_1.
2026/Jun/10 09:19:11.651971 EXECUTOR - Initialization of module TC_26_6_5_1 finished.
2026/Jun/10 09:19:11.651973 EXECUTOR - Initializing module TC_26_6_5_2_1.
2026/Jun/10 09:19:11.651977 EXECUTOR - Initialization of module TC_26_6_5_2_1 finished.
2026/Jun/10 09:19:11.651979 EXECUTOR - Initializing module TC_26_6_8_1.
2026/Jun/10 09:19:11.651983 EXECUTOR - Initialization of module TC_26_6_8_1 finished.
2026/Jun/10 09:19:11.651985 EXECUTOR - Initializing module TC_26_6_8_2.
2026/Jun/10 09:19:11.651989 EXECUTOR - Initialization of module TC_26_6_8_2 finished.
2026/Jun/10 09:19:11.651991 EXECUTOR - Initializing module TC_26_6_8_3.
2026/Jun/10 09:19:11.651995 EXECUTOR - Initialization of module TC_26_6_8_3 finished.
2026/Jun/10 09:19:11.651997 EXECUTOR - Initializing module TC_26_6_8_4.
2026/Jun/10 09:19:11.652001 EXECUTOR - Initialization of module TC_26_6_8_4 finished.
2026/Jun/10 09:19:11.652003 EXECUTOR - Initializing module TC_26_6_8_5.
2026/Jun/10 09:19:11.652007 EXECUTOR - Initialization of module TC_26_6_8_5 finished.
2026/Jun/10 09:19:11.652009 EXECUTOR - Initializing module TC_26_7_1.
2026/Jun/10 09:19:11.652013 EXECUTOR - Initialization of module TC_26_7_1 finished.
2026/Jun/10 09:19:11.652016 EXECUTOR - Initializing module TC_26_7_2_1.
2026/Jun/10 09:19:11.652020 EXECUTOR - Initialization of module TC_26_7_2_1 finished.
2026/Jun/10 09:19:11.652022 EXECUTOR - Initializing module TC_26_7_2_2.
2026/Jun/10 09:19:11.652026 EXECUTOR - Initialization of module TC_26_7_2_2 finished.
2026/Jun/10 09:19:11.652028 EXECUTOR - Initializing module TC_26_7_3_1.
2026/Jun/10 09:19:11.652032 EXECUTOR - Initialization of module TC_26_7_3_1 finished.
2026/Jun/10 09:19:11.652034 EXECUTOR - Initializing module TC_26_7_3_2.
2026/Jun/10 09:19:11.652038 EXECUTOR - Initialization of module TC_26_7_3_2 finished.
2026/Jun/10 09:19:11.652040 EXECUTOR - Initializing module TC_26_7_4_1.
2026/Jun/10 09:19:11.652044 EXECUTOR - Initialization of module TC_26_7_4_1 finished.
2026/Jun/10 09:19:11.652046 EXECUTOR - Initializing module TC_26_7_4_2_1.
2026/Jun/10 09:19:11.652051 EXECUTOR - Initialization of module TC_26_7_4_2_1 finished.
2026/Jun/10 09:19:11.652053 EXECUTOR - Initializing module TC_26_7_4_2_2_1.
2026/Jun/10 09:19:11.652057 EXECUTOR - Initialization of module TC_26_7_4_2_2_1 finished.
2026/Jun/10 09:19:11.652059 EXECUTOR - Initializing module TC_26_7_4_2_2_2.
2026/Jun/10 09:19:11.652063 EXECUTOR - Initialization of module TC_26_7_4_2_2_2 finished.
2026/Jun/10 09:19:11.652065 EXECUTOR - Initializing module TC_26_7_4_2_3.
2026/Jun/10 09:19:11.652069 EXECUTOR - Initialization of module TC_26_7_4_2_3 finished.
2026/Jun/10 09:19:11.652071 EXECUTOR - Initializing module TC_26_7_4_2_4_1.
2026/Jun/10 09:19:11.652075 EXECUTOR - Initialization of module TC_26_7_4_2_4_1 finished.
2026/Jun/10 09:19:11.652078 EXECUTOR - Initializing module TC_26_7_4_2_4_2.
2026/Jun/10 09:19:11.652082 EXECUTOR - Initialization of module TC_26_7_4_2_4_2 finished.
2026/Jun/10 09:19:11.652084 EXECUTOR - Initializing module TC_26_7_4_2_4_3.
2026/Jun/10 09:19:11.652088 EXECUTOR - Initialization of module TC_26_7_4_2_4_3 finished.
2026/Jun/10 09:19:11.652090 EXECUTOR - Initializing module TC_26_7_4_2_4_4.
2026/Jun/10 09:19:11.652098 EXECUTOR - Initialization of module TC_26_7_4_2_4_4 finished.
2026/Jun/10 09:19:11.652100 EXECUTOR - Initializing module TC_26_7_4_2_4_5.
2026/Jun/10 09:19:11.652104 EXECUTOR - Initialization of module TC_26_7_4_2_4_5 finished.
2026/Jun/10 09:19:11.652106 EXECUTOR - Initializing module TC_26_7_4_3_1.
2026/Jun/10 09:19:11.652110 EXECUTOR - Initialization of module TC_26_7_4_3_1 finished.
2026/Jun/10 09:19:11.652112 EXECUTOR - Initializing module TC_26_7_4_3_2.
2026/Jun/10 09:19:11.652116 EXECUTOR - Initialization of module TC_26_7_4_3_2 finished.
2026/Jun/10 09:19:11.652118 EXECUTOR - Initializing module TC_26_7_4_3_3.
2026/Jun/10 09:19:11.652123 EXECUTOR - Initialization of module TC_26_7_4_3_3 finished.
2026/Jun/10 09:19:11.652125 EXECUTOR - Initializing module TC_26_7_4_3_4.
2026/Jun/10 09:19:11.652129 EXECUTOR - Initialization of module TC_26_7_4_3_4 finished.
2026/Jun/10 09:19:11.652131 EXECUTOR - Initializing module TC_26_7_4_4.
2026/Jun/10 09:19:11.652135 EXECUTOR - Initialization of module TC_26_7_4_4 finished.
2026/Jun/10 09:19:11.652137 EXECUTOR - Initializing module TC_26_7_4_5_1.
2026/Jun/10 09:19:11.652141 EXECUTOR - Initialization of module TC_26_7_4_5_1 finished.
2026/Jun/10 09:19:11.652143 EXECUTOR - Initializing module TC_26_7_4_5_2.
2026/Jun/10 09:19:11.652146 EXECUTOR - Initialization of module TC_26_7_4_5_2 finished.
2026/Jun/10 09:19:11.652148 EXECUTOR - Initializing module TC_26_7_4_5_3.
2026/Jun/10 09:19:11.652152 EXECUTOR - Initialization of module TC_26_7_4_5_3 finished.
2026/Jun/10 09:19:11.652155 EXECUTOR - Initializing module TC_26_7_4_5_4_2.
2026/Jun/10 09:19:11.652159 EXECUTOR - Initialization of module TC_26_7_4_5_4_2 finished.
2026/Jun/10 09:19:11.652161 EXECUTOR - Initializing module TC_26_7_5_2.
2026/Jun/10 09:19:11.652165 EXECUTOR - Initialization of module TC_26_7_5_2 finished.
2026/Jun/10 09:19:11.652167 EXECUTOR - Initializing module TC_26_7_5_3.
2026/Jun/10 09:19:11.652171 EXECUTOR - Initialization of module TC_26_7_5_3 finished.
2026/Jun/10 09:19:11.652173 EXECUTOR - Initializing module TC_26_7_5_4.
2026/Jun/10 09:19:11.652177 EXECUTOR - Initialization of module TC_26_7_5_4 finished.
2026/Jun/10 09:19:11.652179 EXECUTOR - Initializing module TC_26_7_5_5.
2026/Jun/10 09:19:11.652183 EXECUTOR - Initialization of module TC_26_7_5_5 finished.
2026/Jun/10 09:19:11.652185 EXECUTOR - Initializing module TC_26_7_5_6.
2026/Jun/10 09:19:11.652189 EXECUTOR - Initialization of module TC_26_7_5_6 finished.
2026/Jun/10 09:19:11.652191 EXECUTOR - Initializing module TC_26_7_5_7_1.
2026/Jun/10 09:19:11.652195 EXECUTOR - Initialization of module TC_26_7_5_7_1 finished.
2026/Jun/10 09:19:11.652197 EXECUTOR - Initializing module TC_26_7_5_8_1.
2026/Jun/10 09:19:11.652201 EXECUTOR - Initialization of module TC_26_7_5_8_1 finished.
2026/Jun/10 09:19:11.652203 EXECUTOR - Initializing module TC_26_7_5_8_2.
2026/Jun/10 09:19:11.652207 EXECUTOR - Initialization of module TC_26_7_5_8_2 finished.
2026/Jun/10 09:19:11.652209 EXECUTOR - Initializing module TC_26_7_5_8_3.
2026/Jun/10 09:19:11.652213 EXECUTOR - Initialization of module TC_26_7_5_8_3 finished.
2026/Jun/10 09:19:11.652215 EXECUTOR - Initializing module TC_26_8_1_2_1_1.
2026/Jun/10 09:19:11.652219 EXECUTOR - Initialization of module TC_26_8_1_2_1_1 finished.
2026/Jun/10 09:19:11.652221 EXECUTOR - Initializing module TC_26_8_1_2_2_1.
2026/Jun/10 09:19:11.652225 EXECUTOR - Initialization of module TC_26_8_1_2_2_1 finished.
2026/Jun/10 09:19:11.652227 EXECUTOR - Initializing module TC_26_8_1_2_2_2.
2026/Jun/10 09:19:11.652232 EXECUTOR - Initialization of module TC_26_8_1_2_2_2 finished.
2026/Jun/10 09:19:11.652234 EXECUTOR - Initializing module TC_26_8_1_2_2_3.
2026/Jun/10 09:19:11.652238 EXECUTOR - Initialization of module TC_26_8_1_2_2_3 finished.
2026/Jun/10 09:19:11.652240 EXECUTOR - Initializing module TC_26_8_1_2_3_1.
2026/Jun/10 09:19:11.652244 EXECUTOR - Initialization of module TC_26_8_1_2_3_1 finished.
2026/Jun/10 09:19:11.652246 EXECUTOR - Initializing module TC_26_8_1_2_3_2.
2026/Jun/10 09:19:11.652253 EXECUTOR - Initialization of module TC_26_8_1_2_3_2 finished.
2026/Jun/10 09:19:11.652255 EXECUTOR - Initializing module TC_26_8_1_2_3_3.
2026/Jun/10 09:19:11.652259 EXECUTOR - Initialization of module TC_26_8_1_2_3_3 finished.
2026/Jun/10 09:19:11.652261 EXECUTOR - Initializing module TC_26_8_1_2_3_4.
2026/Jun/10 09:19:11.652265 EXECUTOR - Initialization of module TC_26_8_1_2_3_4 finished.
2026/Jun/10 09:19:11.652267 EXECUTOR - Initializing module TC_26_8_1_2_3_5.
2026/Jun/10 09:19:11.652271 EXECUTOR - Initialization of module TC_26_8_1_2_3_5 finished.
2026/Jun/10 09:19:11.652273 EXECUTOR - Initializing module TC_26_8_1_2_3_6.
2026/Jun/10 09:19:11.652278 EXECUTOR - Initialization of module TC_26_8_1_2_3_6 finished.
2026/Jun/10 09:19:11.652280 EXECUTOR - Initializing module TC_26_8_1_2_3_7.
2026/Jun/10 09:19:11.652284 EXECUTOR - Initialization of module TC_26_8_1_2_3_7 finished.
2026/Jun/10 09:19:11.652286 EXECUTOR - Initializing module TC_26_8_1_2_4_1.
2026/Jun/10 09:19:11.652290 EXECUTOR - Initialization of module TC_26_8_1_2_4_1 finished.
2026/Jun/10 09:19:11.652292 EXECUTOR - Initializing module TC_26_8_1_2_4_13.
2026/Jun/10 09:19:11.652297 EXECUTOR - Initialization of module TC_26_8_1_2_4_13 finished.
2026/Jun/10 09:19:11.652299 EXECUTOR - Initializing module TC_26_8_1_2_4_2.
2026/Jun/10 09:19:11.652303 EXECUTOR - Initialization of module TC_26_8_1_2_4_2 finished.
2026/Jun/10 09:19:11.652305 EXECUTOR - Initializing module TC_26_8_1_2_4_3.
2026/Jun/10 09:19:11.652309 EXECUTOR - Initialization of module TC_26_8_1_2_4_3 finished.
2026/Jun/10 09:19:11.652311 EXECUTOR - Initializing module TC_26_8_1_2_4_4.
2026/Jun/10 09:19:11.652316 EXECUTOR - Initialization of module TC_26_8_1_2_4_4 finished.
2026/Jun/10 09:19:11.652318 EXECUTOR - Initializing module TC_26_8_1_2_4_5.
2026/Jun/10 09:19:11.652322 EXECUTOR - Initialization of module TC_26_8_1_2_4_5 finished.
2026/Jun/10 09:19:11.652324 EXECUTOR - Initializing module TC_26_8_1_2_6_1.
2026/Jun/10 09:19:11.652328 EXECUTOR - Initialization of module TC_26_8_1_2_6_1 finished.
2026/Jun/10 09:19:11.652330 EXECUTOR - Initializing module TC_26_8_1_2_6_2.
2026/Jun/10 09:19:11.652335 EXECUTOR - Initialization of module TC_26_8_1_2_6_2 finished.
2026/Jun/10 09:19:11.652337 EXECUTOR - Initializing module TC_26_8_1_2_6_3.
2026/Jun/10 09:19:11.652341 EXECUTOR - Initialization of module TC_26_8_1_2_6_3 finished.
2026/Jun/10 09:19:11.652343 EXECUTOR - Initializing module TC_26_8_1_2_6_6.
2026/Jun/10 09:19:11.652347 EXECUTOR - Initialization of module TC_26_8_1_2_6_6 finished.
2026/Jun/10 09:19:11.652350 EXECUTOR - Initializing module TC_26_8_1_3_1_1.
2026/Jun/10 09:19:11.652354 EXECUTOR - Initialization of module TC_26_8_1_3_1_1 finished.
2026/Jun/10 09:19:11.652356 EXECUTOR - Initializing module TC_26_8_1_3_2_1.
2026/Jun/10 09:19:11.652361 EXECUTOR - Initialization of module TC_26_8_1_3_2_1 finished.
2026/Jun/10 09:19:11.652363 EXECUTOR - Initializing module TC_26_8_1_3_3_1.
2026/Jun/10 09:19:11.652367 EXECUTOR - Initialization of module TC_26_8_1_3_3_1 finished.
2026/Jun/10 09:19:11.652369 EXECUTOR - Initializing module TC_26_8_1_3_3_2.
2026/Jun/10 09:19:11.652374 EXECUTOR - Initialization of module TC_26_8_1_3_3_2 finished.
2026/Jun/10 09:19:11.652376 EXECUTOR - Initializing module TC_26_8_1_3_3_3.
2026/Jun/10 09:19:11.652380 EXECUTOR - Initialization of module TC_26_8_1_3_3_3 finished.
2026/Jun/10 09:19:11.652382 EXECUTOR - Initializing module TC_26_8_1_3_3_4.
2026/Jun/10 09:19:11.652386 EXECUTOR - Initialization of module TC_26_8_1_3_3_4 finished.
2026/Jun/10 09:19:11.652388 EXECUTOR - Initializing module TC_26_8_1_3_3_5.
2026/Jun/10 09:19:11.652393 EXECUTOR - Initialization of module TC_26_8_1_3_3_5 finished.
2026/Jun/10 09:19:11.652395 EXECUTOR - Initializing module TC_26_8_1_3_3_6.
2026/Jun/10 09:19:11.652400 EXECUTOR - Initialization of module TC_26_8_1_3_3_6 finished.
2026/Jun/10 09:19:11.652402 EXECUTOR - Initializing module TC_26_8_1_3_3_7.
2026/Jun/10 09:19:11.652406 EXECUTOR - Initialization of module TC_26_8_1_3_3_7 finished.
2026/Jun/10 09:19:11.652408 EXECUTOR - Initializing module TC_26_8_1_3_4_1.
2026/Jun/10 09:19:11.652415 EXECUTOR - Initialization of module TC_26_8_1_3_4_1 finished.
2026/Jun/10 09:19:11.652418 EXECUTOR - Initializing module TC_26_8_1_3_4_2.
2026/Jun/10 09:19:11.652422 EXECUTOR - Initialization of module TC_26_8_1_3_4_2 finished.
2026/Jun/10 09:19:11.652424 EXECUTOR - Initializing module TC_26_8_1_3_4_3.
2026/Jun/10 09:19:11.652428 EXECUTOR - Initialization of module TC_26_8_1_3_4_3 finished.
2026/Jun/10 09:19:11.652430 EXECUTOR - Initializing module TC_26_8_1_3_4_4.
2026/Jun/10 09:19:11.652435 EXECUTOR - Initialization of module TC_26_8_1_3_4_4 finished.
2026/Jun/10 09:19:11.652437 EXECUTOR - Initializing module TC_26_8_1_3_4_5.
2026/Jun/10 09:19:11.652441 EXECUTOR - Initialization of module TC_26_8_1_3_4_5 finished.
2026/Jun/10 09:19:11.652443 EXECUTOR - Initializing module TC_26_8_1_3_4_6.
2026/Jun/10 09:19:11.652447 EXECUTOR - Initialization of module TC_26_8_1_3_4_6 finished.
2026/Jun/10 09:19:11.652449 EXECUTOR - Initializing module TC_26_8_1_3_4_7.
2026/Jun/10 09:19:11.652453 EXECUTOR - Initialization of module TC_26_8_1_3_4_7 finished.
2026/Jun/10 09:19:11.652456 EXECUTOR - Initializing module TC_26_8_1_3_4_8.
2026/Jun/10 09:19:11.652459 EXECUTOR - Initialization of module TC_26_8_1_3_4_8 finished.
2026/Jun/10 09:19:11.652461 EXECUTOR - Initializing module TC_26_8_1_3_5_1.
2026/Jun/10 09:19:11.652466 EXECUTOR - Initialization of module TC_26_8_1_3_5_1 finished.
2026/Jun/10 09:19:11.652468 EXECUTOR - Initializing module TC_26_8_1_3_5_2.
2026/Jun/10 09:19:11.652472 EXECUTOR - Initialization of module TC_26_8_1_3_5_2 finished.
2026/Jun/10 09:19:11.652474 EXECUTOR - Initializing module TC_26_8_1_3_5_3.
2026/Jun/10 09:19:11.652479 EXECUTOR - Initialization of module TC_26_8_1_3_5_3 finished.
2026/Jun/10 09:19:11.652481 EXECUTOR - Initializing module TC_26_8_1_3_5_4.
2026/Jun/10 09:19:11.652485 EXECUTOR - Initialization of module TC_26_8_1_3_5_4 finished.
2026/Jun/10 09:19:11.652488 EXECUTOR - Initializing module TC_26_8_1_3_5_5.
2026/Jun/10 09:19:11.652492 EXECUTOR - Initialization of module TC_26_8_1_3_5_5 finished.
2026/Jun/10 09:19:11.652494 EXECUTOR - Initializing module TC_26_8_1_3_5_6.
2026/Jun/10 09:19:11.652498 EXECUTOR - Initialization of module TC_26_8_1_3_5_6 finished.
2026/Jun/10 09:19:11.652500 EXECUTOR - Initializing module TC_26_8_1_3_5_7.
2026/Jun/10 09:19:11.652506 EXECUTOR - Initialization of module TC_26_8_1_3_5_7 finished.
2026/Jun/10 09:19:11.652508 EXECUTOR - Initializing module TC_26_8_1_3_5_8.
2026/Jun/10 09:19:11.652512 EXECUTOR - Initialization of module TC_26_8_1_3_5_8 finished.
2026/Jun/10 09:19:11.652514 EXECUTOR - Initializing module TC_26_8_1_3_5_9.
2026/Jun/10 09:19:11.652518 EXECUTOR - Initialization of module TC_26_8_1_3_5_9 finished.
2026/Jun/10 09:19:11.652521 EXECUTOR - Initializing module TC_26_8_2_1.
2026/Jun/10 09:19:11.652525 EXECUTOR - Initialization of module TC_26_8_2_1 finished.
2026/Jun/10 09:19:11.652527 EXECUTOR - Initializing module TC_26_8_2_2.
2026/Jun/10 09:19:11.652531 EXECUTOR - Initialization of module TC_26_8_2_2 finished.
2026/Jun/10 09:19:11.652533 EXECUTOR - Initializing module TC_26_8_2_3.
2026/Jun/10 09:19:11.652538 EXECUTOR - Initialization of module TC_26_8_2_3 finished.
2026/Jun/10 09:19:11.652540 EXECUTOR - Initializing module TC_26_8_3.
2026/Jun/10 09:19:11.652544 EXECUTOR - Initialization of module TC_26_8_3 finished.
2026/Jun/10 09:19:11.652546 EXECUTOR - Initializing module TC_34_2_2.
2026/Jun/10 09:19:11.652550 EXECUTOR - Initialization of module TC_34_2_2 finished.
2026/Jun/10 09:19:11.652552 EXECUTOR - Initializing module TitanLoggerApi.
2026/Jun/10 09:19:11.652554 EXECUTOR - Initialization of module TitanLoggerApi finished.
2026/Jun/10 09:19:11.652556 EXECUTOR - Initializing module TitanLoggerControl.
2026/Jun/10 09:19:11.652559 EXECUTOR - Initialization of module TitanLoggerControl finished.
2026/Jun/10 09:19:11.652568 EXECUTOR - Configuration data was processed successfully.
2026/Jun/10 09:19:11.654079 EXECUTOR - MTC was created. Process id: 39.
2026/Jun/10 09:20:34.257002 EXECUTOR - Exit was requested from MC. Terminating HC.
2026/Jun/10 09:20:34.257162 EXECUTOR - Disconnected from MC.
2026/Jun/10 09:20:34.257186 EXECUTOR - TTCN-3 Host Controller finished.
