/usr/local/bin/virtphy.real: option requires an argument -- 'd'
Mon Jun 29 05:42:43 2026 DVIRPHY virtphy.c:248 Virtual physical layer starting up...
Mon Jun 29 05:42:43 2026 DVIRPHY virtphy.c:257 Virtual physical layer ready, waiting for l23 app(s) on /tmp/osmocom_l2
Mon Jun 29 05:42:49 2026 DMAIN virt_l1_model.c:42 MS 0000: allocated
Mon Jun 29 05:42:49 2026 DL1C l1ctl_sock.c:138 Accepted client (fd=6) from server (fd=5)
Mon Jun 29 05:42:49 2026 DL1C l1ctl_sap.c:578 MS 0000: Tx L1CTL_RESET_CONF (reset_type: 1)
Mon Jun 29 05:42:49 2026 DL1C l1ctl_sap.c:578 MS 0000: Tx L1CTL_RESET_CONF (reset_type: 1)
Mon Jun 29 05:42:50 2026 DL1C l1ctl_sap.c:578 MS 0000: Tx L1CTL_RESET_CONF (reset_type: 1)
Mon Jun 29 05:42:50 2026 DL1C virt_prim_fbsb.c:57 MS 0000: Rx L1CTL_FBSB_REQ (arfcn=51, flags=0x7)
Mon Jun 29 05:42:50 2026 DL1C virt_prim_fbsb.c:126 MS 0000: Tx L1CTL_FBSB_CONF (res: 0)
Mon Jun 29 05:42:51 2026 DL1C l1ctl_sap.c:472 MS 0000: Rx L1CTL_CCCH_MODE_REQ (mode=2)
Mon Jun 29 05:42:51 2026 DL1C l1ctl_sap.c:600 MS 0000: Tx L1CTL_CCCH_MODE_CONF (mode: 2)
Mon Jun 29 05:42:51 2026 DL1C l1ctl_sap.c:578 MS 0000: Tx L1CTL_RESET_CONF (reset_type: 1)
Mon Jun 29 05:42:51 2026 DL1C l1ctl_sap.c:578 MS 0000: Tx L1CTL_RESET_CONF (reset_type: 1)
Mon Jun 29 05:42:51 2026 DL1C virt_prim_fbsb.c:57 MS 0000: Rx L1CTL_FBSB_REQ (arfcn=51, flags=0x7)
Mon Jun 29 05:42:51 2026 DL1C virt_prim_fbsb.c:126 MS 0000: Tx L1CTL_FBSB_CONF (res: 0)
Mon Jun 29 05:42:52 2026 DL1C l1ctl_sap.c:472 MS 0000: Rx L1CTL_CCCH_MODE_REQ (mode=2)
Mon Jun 29 05:42:52 2026 DL1C l1ctl_sap.c:600 MS 0000: Tx L1CTL_CCCH_MODE_CONF (mode: 2)
Mon Jun 29 05:42:52 2026 DL1C l1ctl_sap.c:578 MS 0000: Tx L1CTL_RESET_CONF (reset_type: 1)
Mon Jun 29 05:42:53 2026 DL1C l1ctl_sap.c:578 MS 0000: Tx L1CTL_RESET_CONF (reset_type: 1)
Mon Jun 29 05:42:53 2026 DL1C virt_prim_fbsb.c:57 MS 0000: Rx L1CTL_FBSB_REQ (arfcn=51, flags=0x7)
Mon Jun 29 05:42:53 2026 DL1C virt_prim_fbsb.c:126 MS 0000: Tx L1CTL_FBSB_CONF (res: 0)
Mon Jun 29 05:42:54 2026 DL1C l1ctl_sap.c:472 MS 0000: Rx L1CTL_CCCH_MODE_REQ (mode=2)
Mon Jun 29 05:42:54 2026 DL1C l1ctl_sap.c:600 MS 0000: Tx L1CTL_CCCH_MODE_CONF (mode: 2)
Mon Jun 29 05:42:54 2026 DL1C l1ctl_sap.c:578 MS 0000: Tx L1CTL_RESET_CONF (reset_type: 1)
Mon Jun 29 05:42:54 2026 DL1C virt_prim_fbsb.c:57 MS 0000: Rx L1CTL_FBSB_REQ (arfcn=51, flags=0x7)
Mon Jun 29 05:42:54 2026 DL1C virt_prim_fbsb.c:126 MS 0000: Tx L1CTL_FBSB_CONF (res: 0)
Mon Jun 29 05:42:54 2026 DL1C l1ctl_sap.c:411 MS 0000: Rx L1CTL_PARAM_REQ (ta=0, tx_power=14)
Mon Jun 29 05:42:54 2026 DL1C virt_prim_rach.c:81 MS 0000: Rx L1CTL_RACH_REQ (ra=0x08, offset=0 combined=1)
Mon Jun 29 05:42:54 2026 DL1C virt_prim_rach.c:124 MS 0000: Tx L1CTL_RACH_CONF (fn: 1646, arfcn: 51)
Mon Jun 29 05:42:54 2026 DL1C l1ctl_sap.c:411 MS 0000: Rx L1CTL_PARAM_REQ (ta=0, tx_power=14)
Mon Jun 29 05:42:54 2026 DL1C virt_prim_rach.c:81 MS 0000: Rx L1CTL_RACH_REQ (ra=0x09, offset=116 combined=1)
Mon Jun 29 05:42:55 2026 DL1C virt_prim_rach.c:124 MS 0000: Tx L1CTL_RACH_CONF (fn: 1860, arfcn: 51)
Mon Jun 29 05:42:55 2026 DL1C l1ctl_sap.c:411 MS 0000: Rx L1CTL_PARAM_REQ (ta=0, tx_power=14)
Mon Jun 29 05:42:55 2026 DL1C virt_prim_rach.c:81 MS 0000: Rx L1CTL_RACH_REQ (ra=0x02, offset=117 combined=1)
Mon Jun 29 05:42:56 2026 DL1C virt_prim_rach.c:124 MS 0000: Tx L1CTL_RACH_CONF (fn: 2112, arfcn: 51)
Mon Jun 29 05:42:56 2026 DL1C l1ctl_sap.c:411 MS 0000: Rx L1CTL_PARAM_REQ (ta=0, tx_power=14)
Mon Jun 29 05:42:56 2026 DL1C virt_prim_rach.c:81 MS 0000: Rx L1CTL_RACH_REQ (ra=0x0d, offset=124 combined=1)
Mon Jun 29 05:42:58 2026 DL1C virt_prim_rach.c:124 MS 0000: Tx L1CTL_RACH_CONF (fn: 2374, arfcn: 51)
Mon Jun 29 05:42:58 2026 DL1C l1ctl_sap.c:411 MS 0000: Rx L1CTL_PARAM_REQ (ta=0, tx_power=14)
Mon Jun 29 05:42:58 2026 DL1C virt_prim_rach.c:81 MS 0000: Rx L1CTL_RACH_REQ (ra=0x04, offset=117 combined=1)
Mon Jun 29 05:42:59 2026 DL1C virt_prim_rach.c:124 MS 0000: Tx L1CTL_RACH_CONF (fn: 2622, arfcn: 51)
Mon Jun 29 05:42:59 2026 DL1C l1ctl_sap.c:411 MS 0000: Rx L1CTL_PARAM_REQ (ta=0, tx_power=14)
Mon Jun 29 05:42:59 2026 DL1C virt_prim_rach.c:81 MS 0000: Rx L1CTL_RACH_REQ (ra=0x08, offset=122 combined=1)
Mon Jun 29 05:43:00 2026 DL1C virt_prim_rach.c:124 MS 0000: Tx L1CTL_RACH_CONF (fn: 2882, arfcn: 51)
Mon Jun 29 05:43:00 2026 DL1C l1ctl_sap.c:411 MS 0000: Rx L1CTL_PARAM_REQ (ta=0, tx_power=14)
Mon Jun 29 05:43:00 2026 DL1C virt_prim_rach.c:81 MS 0000: Rx L1CTL_RACH_REQ (ra=0x0f, offset=124 combined=1)
Mon Jun 29 05:43:01 2026 DL1C virt_prim_rach.c:124 MS 0000: Tx L1CTL_RACH_CONF (fn: 3139, arfcn: 51)
Mon Jun 29 05:43:01 2026 DL1C l1ctl_sap.c:411 MS 0000: Rx L1CTL_PARAM_REQ (ta=0, tx_power=14)
Mon Jun 29 05:43:01 2026 DL1C virt_prim_rach.c:81 MS 0000: Rx L1CTL_RACH_REQ (ra=0x0e, offset=123 combined=1)
Mon Jun 29 05:43:02 2026 DL1C virt_prim_rach.c:124 MS 0000: Tx L1CTL_RACH_CONF (fn: 3393, arfcn: 51)
Mon Jun 29 05:43:07 2026 DL1C l1ctl_sap.c:379 MS 0000: Rx L1CTL_DM_REL_REQ
Mon Jun 29 05:43:07 2026 DL1C l1ctl_sap.c:578 MS 0000: Tx L1CTL_RESET_CONF (reset_type: 1)
Mon Jun 29 05:43:07 2026 DL1C l1ctl_sap.c:578 MS 0000: Tx L1CTL_RESET_CONF (reset_type: 1)
Mon Jun 29 05:43:07 2026 DL1C virt_prim_fbsb.c:57 MS 0000: Rx L1CTL_FBSB_REQ (arfcn=51, flags=0x7)
Mon Jun 29 05:43:07 2026 DL1C virt_prim_fbsb.c:126 MS 0000: Tx L1CTL_FBSB_CONF (res: 0)
Mon Jun 29 05:43:07 2026 DL1C l1ctl_sap.c:526 MS 0000: Rx L1CTL_NEIGH_PM_REQ (list with 0 entries): IGNORED
Mon Jun 29 05:43:22 2026 DL1C l1ctl_sap.c:578 MS 0000: Tx L1CTL_RESET_CONF (reset_type: 1)
Mon Jun 29 05:43:22 2026 DL1C virt_prim_fbsb.c:57 MS 0000: Rx L1CTL_FBSB_REQ (arfcn=51, flags=0x7)
Mon Jun 29 05:43:22 2026 DL1C virt_prim_fbsb.c:126 MS 0000: Tx L1CTL_FBSB_CONF (res: 0)
Mon Jun 29 05:43:22 2026 DL1C l1ctl_sap.c:411 MS 0000: Rx L1CTL_PARAM_REQ (ta=0, tx_power=14)
Mon Jun 29 05:43:22 2026 DL1C virt_prim_rach.c:81 MS 0000: Rx L1CTL_RACH_REQ (ra=0x01, offset=2 combined=1)
Mon Jun 29 05:43:22 2026 DL1C virt_prim_rach.c:124 MS 0000: Tx L1CTL_RACH_CONF (fn: 7768, arfcn: 51)
Mon Jun 29 05:43:22 2026 DL1C l1ctl_sap.c:411 MS 0000: Rx L1CTL_PARAM_REQ (ta=0, tx_power=14)
Mon Jun 29 05:43:22 2026 DL1C virt_prim_rach.c:81 MS 0000: Rx L1CTL_RACH_REQ (ra=0x08, offset=119 combined=1)
Mon Jun 29 05:43:24 2026 DL1C virt_prim_rach.c:124 MS 0000: Tx L1CTL_RACH_CONF (fn: 7983, arfcn: 51)
Mon Jun 29 05:43:24 2026 DL1C l1ctl_sap.c:411 MS 0000: Rx L1CTL_PARAM_REQ (ta=0, tx_power=14)
Mon Jun 29 05:43:24 2026 DL1C virt_prim_rach.c:81 MS 0000: Rx L1CTL_RACH_REQ (ra=0x02, offset=117 combined=1)
Mon Jun 29 05:43:25 2026 DL1C virt_prim_rach.c:124 MS 0000: Tx L1CTL_RACH_CONF (fn: 8232, arfcn: 51)
Mon Jun 29 05:43:25 2026 DL1C l1ctl_sap.c:411 MS 0000: Rx L1CTL_PARAM_REQ (ta=0, tx_power=14)
Mon Jun 29 05:43:25 2026 DL1C virt_prim_rach.c:81 MS 0000: Rx L1CTL_RACH_REQ (ra=0x07, offset=126 combined=1)
Mon Jun 29 05:43:26 2026 DL1C virt_prim_rach.c:124 MS 0000: Tx L1CTL_RACH_CONF (fn: 8496, arfcn: 51)
Mon Jun 29 05:43:26 2026 DL1C l1ctl_sap.c:411 MS 0000: Rx L1CTL_PARAM_REQ (ta=0, tx_power=14)
Mon Jun 29 05:43:26 2026 DL1C virt_prim_rach.c:81 MS 0000: Rx L1CTL_RACH_REQ (ra=0x01, offset=116 combined=1)
Mon Jun 29 05:43:27 2026 DL1C virt_prim_rach.c:124 MS 0000: Tx L1CTL_RACH_CONF (fn: 8741, arfcn: 51)
Mon Jun 29 05:43:27 2026 DL1C l1ctl_sap.c:411 MS 0000: Rx L1CTL_PARAM_REQ (ta=0, tx_power=14)
Mon Jun 29 05:43:27 2026 DL1C virt_prim_rach.c:81 MS 0000: Rx L1CTL_RACH_REQ (ra=0x0c, offset=126 combined=1)
Mon Jun 29 05:43:28 2026 DL1C virt_prim_rach.c:124 MS 0000: Tx L1CTL_RACH_CONF (fn: 9006, arfcn: 51)
Mon Jun 29 05:43:28 2026 DL1C l1ctl_sap.c:411 MS 0000: Rx L1CTL_PARAM_REQ (ta=0, tx_power=14)
Mon Jun 29 05:43:28 2026 DL1C virt_prim_rach.c:81 MS 0000: Rx L1CTL_RACH_REQ (ra=0x04, offset=126 combined=1)
Mon Jun 29 05:43:29 2026 DL1C virt_prim_rach.c:124 MS 0000: Tx L1CTL_RACH_CONF (fn: 9261, arfcn: 51)
Mon Jun 29 05:43:29 2026 DL1C l1ctl_sap.c:411 MS 0000: Rx L1CTL_PARAM_REQ (ta=0, tx_power=14)
Mon Jun 29 05:43:29 2026 DL1C virt_prim_rach.c:81 MS 0000: Rx L1CTL_RACH_REQ (ra=0x02, offset=118 combined=1)
Mon Jun 29 05:43:31 2026 DL1C virt_prim_rach.c:124 MS 0000: Tx L1CTL_RACH_CONF (fn: 9508, arfcn: 51)
Mon Jun 29 05:43:36 2026 DL1C l1ctl_sap.c:379 MS 0000: Rx L1CTL_DM_REL_REQ
Mon Jun 29 05:43:36 2026 DL1C l1ctl_sap.c:578 MS 0000: Tx L1CTL_RESET_CONF (reset_type: 1)
Mon Jun 29 05:43:36 2026 DL1C l1ctl_sap.c:578 MS 0000: Tx L1CTL_RESET_CONF (reset_type: 1)
Mon Jun 29 05:43:36 2026 DL1C virt_prim_fbsb.c:57 MS 0000: Rx L1CTL_FBSB_REQ (arfcn=51, flags=0x7)
Mon Jun 29 05:43:36 2026 DL1C virt_prim_fbsb.c:126 MS 0000: Tx L1CTL_FBSB_CONF (res: 0)
Mon Jun 29 05:43:36 2026 DL1C l1ctl_sap.c:526 MS 0000: Rx L1CTL_NEIGH_PM_REQ (list with 0 entries): IGNORED
Mon Jun 29 05:43:51 2026 DL1C l1ctl_sap.c:578 MS 0000: Tx L1CTL_RESET_CONF (reset_type: 1)
Mon Jun 29 05:43:51 2026 DL1C virt_prim_fbsb.c:57 MS 0000: Rx L1CTL_FBSB_REQ (arfcn=51, flags=0x7)
Mon Jun 29 05:43:51 2026 DL1C virt_prim_fbsb.c:126 MS 0000: Tx L1CTL_FBSB_CONF (res: 0)
Mon Jun 29 05:43:51 2026 DL1C l1ctl_sap.c:411 MS 0000: Rx L1CTL_PARAM_REQ (ta=0, tx_power=14)
Mon Jun 29 05:43:51 2026 DL1C virt_prim_rach.c:81 MS 0000: Rx L1CTL_RACH_REQ (ra=0x03, offset=10 combined=1)
Mon Jun 29 05:43:51 2026 DL1C virt_prim_rach.c:124 MS 0000: Tx L1CTL_RACH_CONF (fn: 13896, arfcn: 51)
Mon Jun 29 05:43:51 2026 DL1C l1ctl_sap.c:411 MS 0000: Rx L1CTL_PARAM_REQ (ta=0, tx_power=14)
Mon Jun 29 05:43:51 2026 DL1C virt_prim_rach.c:81 MS 0000: Rx L1CTL_RACH_REQ (ra=0x0e, offset=121 combined=1)
Mon Jun 29 05:43:52 2026 DL1C virt_prim_rach.c:124 MS 0000: Tx L1CTL_RACH_CONF (fn: 14152, arfcn: 51)
Mon Jun 29 05:43:52 2026 DL1C l1ctl_sap.c:411 MS 0000: Rx L1CTL_PARAM_REQ (ta=0, tx_power=14)
Mon Jun 29 05:43:52 2026 DL1C virt_prim_rach.c:81 MS 0000: Rx L1CTL_RACH_REQ (ra=0x00, offset=126 combined=1)
Mon Jun 29 05:43:53 2026 DL1C virt_prim_rach.c:124 MS 0000: Tx L1CTL_RACH_CONF (fn: 14412, arfcn: 51)
Mon Jun 29 05:43:53 2026 DL1C l1ctl_sap.c:411 MS 0000: Rx L1CTL_PARAM_REQ (ta=0, tx_power=14)
Mon Jun 29 05:43:53 2026 DL1C virt_prim_rach.c:81 MS 0000: Rx L1CTL_RACH_REQ (ra=0x00, offset=126 combined=1)
Mon Jun 29 05:43:54 2026 DL1C virt_prim_rach.c:124 MS 0000: Tx L1CTL_RACH_CONF (fn: 14667, arfcn: 51)
Mon Jun 29 05:43:54 2026 DL1C l1ctl_sap.c:411 MS 0000: Rx L1CTL_PARAM_REQ (ta=0, tx_power=14)
Mon Jun 29 05:43:54 2026 DL1C virt_prim_rach.c:81 MS 0000: Rx L1CTL_RACH_REQ (ra=0x08, offset=119 combined=1)
Mon Jun 29 05:43:56 2026 DL1C virt_prim_rach.c:124 MS 0000: Tx L1CTL_RACH_CONF (fn: 14915, arfcn: 51)
Mon Jun 29 05:43:56 2026 DL1C l1ctl_sap.c:411 MS 0000: Rx L1CTL_PARAM_REQ (ta=0, tx_power=14)
Mon Jun 29 05:43:56 2026 DL1C virt_prim_rach.c:81 MS 0000: Rx L1CTL_RACH_REQ (ra=0x0b, offset=116 combined=1)
Mon Jun 29 05:43:57 2026 DL1C virt_prim_rach.c:124 MS 0000: Tx L1CTL_RACH_CONF (fn: 15167, arfcn: 51)
Mon Jun 29 05:43:57 2026 DL1C l1ctl_sap.c:411 MS 0000: Rx L1CTL_PARAM_REQ (ta=0, tx_power=14)
Mon Jun 29 05:43:57 2026 DL1C virt_prim_rach.c:81 MS 0000: Rx L1CTL_RACH_REQ (ra=0x07, offset=124 combined=1)
Mon Jun 29 05:43:58 2026 DL1C virt_prim_rach.c:124 MS 0000: Tx L1CTL_RACH_CONF (fn: 15430, arfcn: 51)
Mon Jun 29 05:43:58 2026 DL1C l1ctl_sap.c:411 MS 0000: Rx L1CTL_PARAM_REQ (ta=0, tx_power=14)
Mon Jun 29 05:43:58 2026 DL1C virt_prim_rach.c:81 MS 0000: Rx L1CTL_RACH_REQ (ra=0x03, offset=125 combined=1)
Mon Jun 29 05:43:59 2026 DL1C virt_prim_rach.c:124 MS 0000: Tx L1CTL_RACH_CONF (fn: 15686, arfcn: 51)
Mon Jun 29 05:44:04 2026 DL1C l1ctl_sap.c:379 MS 0000: Rx L1CTL_DM_REL_REQ
Mon Jun 29 05:44:04 2026 DL1C l1ctl_sap.c:578 MS 0000: Tx L1CTL_RESET_CONF (reset_type: 1)
Mon Jun 29 05:44:04 2026 DL1C l1ctl_sap.c:578 MS 0000: Tx L1CTL_RESET_CONF (reset_type: 1)
Mon Jun 29 05:44:04 2026 DL1C virt_prim_fbsb.c:57 MS 0000: Rx L1CTL_FBSB_REQ (arfcn=51, flags=0x7)
Mon Jun 29 05:44:04 2026 DL1C virt_prim_fbsb.c:126 MS 0000: Tx L1CTL_FBSB_CONF (res: 0)
Mon Jun 29 05:44:04 2026 DL1C l1ctl_sap.c:526 MS 0000: Rx L1CTL_NEIGH_PM_REQ (list with 0 entries): IGNORED
Mon Jun 29 05:44:19 2026 DL1C l1ctl_sap.c:578 MS 0000: Tx L1CTL_RESET_CONF (reset_type: 1)
Mon Jun 29 05:44:19 2026 DL1C virt_prim_fbsb.c:57 MS 0000: Rx L1CTL_FBSB_REQ (arfcn=51, flags=0x7)
Mon Jun 29 05:44:19 2026 DL1C virt_prim_fbsb.c:126 MS 0000: Tx L1CTL_FBSB_CONF (res: 0)
Mon Jun 29 05:44:19 2026 DL1C l1ctl_sap.c:411 MS 0000: Rx L1CTL_PARAM_REQ (ta=0, tx_power=14)
Mon Jun 29 05:44:19 2026 DL1C virt_prim_rach.c:81 MS 0000: Rx L1CTL_RACH_REQ (ra=0x06, offset=5 combined=1)
Mon Jun 29 05:44:19 2026 DL1C virt_prim_rach.c:124 MS 0000: Tx L1CTL_RACH_CONF (fn: 20062, arfcn: 51)
Mon Jun 29 05:44:19 2026 DL1C l1ctl_sap.c:411 MS 0000: Rx L1CTL_PARAM_REQ (ta=0, tx_power=14)
Mon Jun 29 05:44:19 2026 DL1C virt_prim_rach.c:81 MS 0000: Rx L1CTL_RACH_REQ (ra=0x07, offset=126 combined=1)
Mon Jun 29 05:44:21 2026 DL1C virt_prim_rach.c:124 MS 0000: Tx L1CTL_RACH_CONF (fn: 20328, arfcn: 51)
Mon Jun 29 05:44:21 2026 DL1C l1ctl_sap.c:411 MS 0000: Rx L1CTL_PARAM_REQ (ta=0, tx_power=14)
Mon Jun 29 05:44:21 2026 DL1C virt_prim_rach.c:81 MS 0000: Rx L1CTL_RACH_REQ (ra=0x0e, offset=117 combined=1)
Mon Jun 29 05:44:22 2026 DL1C virt_prim_rach.c:124 MS 0000: Tx L1CTL_RACH_CONF (fn: 20574, arfcn: 51)
Mon Jun 29 05:44:22 2026 DL1C l1ctl_sap.c:411 MS 0000: Rx L1CTL_PARAM_REQ (ta=0, tx_power=14)
Mon Jun 29 05:44:22 2026 DL1C virt_prim_rach.c:81 MS 0000: Rx L1CTL_RACH_REQ (ra=0x03, offset=117 combined=1)
Mon Jun 29 05:44:23 2026 DL1C virt_prim_rach.c:124 MS 0000: Tx L1CTL_RACH_CONF (fn: 20829, arfcn: 51)
Mon Jun 29 05:44:23 2026 DL1C l1ctl_sap.c:411 MS 0000: Rx L1CTL_PARAM_REQ (ta=0, tx_power=14)
Mon Jun 29 05:44:23 2026 DL1C virt_prim_rach.c:81 MS 0000: Rx L1CTL_RACH_REQ (ra=0x0d, offset=123 combined=1)
Mon Jun 29 05:44:24 2026 DL1C virt_prim_rach.c:124 MS 0000: Tx L1CTL_RACH_CONF (fn: 21090, arfcn: 51)
Mon Jun 29 05:44:24 2026 DL1C l1ctl_sap.c:411 MS 0000: Rx L1CTL_PARAM_REQ (ta=0, tx_power=14)
Mon Jun 29 05:44:24 2026 DL1C virt_prim_rach.c:81 MS 0000: Rx L1CTL_RACH_REQ (ra=0x03, offset=115 combined=1)
Mon Jun 29 05:44:25 2026 DL1C virt_prim_rach.c:124 MS 0000: Tx L1CTL_RACH_CONF (fn: 21337, arfcn: 51)
Mon Jun 29 05:44:25 2026 DL1C l1ctl_sap.c:411 MS 0000: Rx L1CTL_PARAM_REQ (ta=0, tx_power=14)
Mon Jun 29 05:44:25 2026 DL1C virt_prim_rach.c:81 MS 0000: Rx L1CTL_RACH_REQ (ra=0x0c, offset=117 combined=1)
Mon Jun 29 05:44:26 2026 DL1C virt_prim_rach.c:124 MS 0000: Tx L1CTL_RACH_CONF (fn: 21594, arfcn: 51)
Mon Jun 29 05:44:26 2026 DL1C l1ctl_sap.c:411 MS 0000: Rx L1CTL_PARAM_REQ (ta=0, tx_power=14)
Mon Jun 29 05:44:26 2026 DL1C virt_prim_rach.c:81 MS 0000: Rx L1CTL_RACH_REQ (ra=0x0e, offset=124 combined=1)
Mon Jun 29 05:44:28 2026 DL1C virt_prim_rach.c:124 MS 0000: Tx L1CTL_RACH_CONF (fn: 21856, arfcn: 51)
Mon Jun 29 05:44:33 2026 DL1C l1ctl_sap.c:379 MS 0000: Rx L1CTL_DM_REL_REQ
Mon Jun 29 05:44:33 2026 DL1C l1ctl_sap.c:578 MS 0000: Tx L1CTL_RESET_CONF (reset_type: 1)
Mon Jun 29 05:44:33 2026 DL1C l1ctl_sap.c:578 MS 0000: Tx L1CTL_RESET_CONF (reset_type: 1)
Mon Jun 29 05:44:33 2026 DL1C virt_prim_fbsb.c:57 MS 0000: Rx L1CTL_FBSB_REQ (arfcn=51, flags=0x7)
Mon Jun 29 05:44:33 2026 DL1C virt_prim_fbsb.c:126 MS 0000: Tx L1CTL_FBSB_CONF (res: 0)
Mon Jun 29 05:44:33 2026 DL1C l1ctl_sap.c:526 MS 0000: Rx L1CTL_NEIGH_PM_REQ (list with 0 entries): IGNORED
Mon Jun 29 05:45:34 2026 DL1C l1ctl_sap.c:578 MS 0000: Tx L1CTL_RESET_CONF (reset_type: 1)
Mon Jun 29 05:45:34 2026 DL1C l1ctl_sock.c:99 Failed to receive msg from l2. Connection will be closed.
Mon Jun 29 05:45:34 2026 DMAIN virt_l1_model.c:49 MS 0000: destroyed
Mon Jun 29 05:45:55 2026 DMAIN virt_l1_model.c:42 MS 0001: allocated
Mon Jun 29 05:45:55 2026 DL1C l1ctl_sock.c:138 Accepted client (fd=6) from server (fd=5)
Mon Jun 29 05:45:55 2026 DL1C l1ctl_sap.c:578 MS 0001: Tx L1CTL_RESET_CONF (reset_type: 1)
Mon Jun 29 05:45:55 2026 DL1C l1ctl_sap.c:578 MS 0001: Tx L1CTL_RESET_CONF (reset_type: 1)
Mon Jun 29 05:45:56 2026 DL1C l1ctl_sap.c:578 MS 0001: Tx L1CTL_RESET_CONF (reset_type: 1)
Mon Jun 29 05:45:56 2026 DL1C virt_prim_fbsb.c:57 MS 0001: Rx L1CTL_FBSB_REQ (arfcn=51, flags=0x7)
Mon Jun 29 05:45:56 2026 DL1C virt_prim_fbsb.c:126 MS 0001: Tx L1CTL_FBSB_CONF (res: 0)
Mon Jun 29 05:45:56 2026 DL1C l1ctl_sap.c:472 MS 0001: Rx L1CTL_CCCH_MODE_REQ (mode=2)
Mon Jun 29 05:45:56 2026 DL1C l1ctl_sap.c:600 MS 0001: Tx L1CTL_CCCH_MODE_CONF (mode: 2)
Mon Jun 29 05:45:57 2026 DL1C l1ctl_sap.c:578 MS 0001: Tx L1CTL_RESET_CONF (reset_type: 1)
Mon Jun 29 05:45:57 2026 DL1C virt_prim_fbsb.c:57 MS 0001: Rx L1CTL_FBSB_REQ (arfcn=51, flags=0x7)
Mon Jun 29 05:45:57 2026 DL1C virt_prim_fbsb.c:126 MS 0001: Tx L1CTL_FBSB_CONF (res: 0)
Mon Jun 29 05:45:57 2026 DL1C l1ctl_sap.c:411 MS 0001: Rx L1CTL_PARAM_REQ (ta=0, tx_power=14)
Mon Jun 29 05:45:57 2026 DL1C virt_prim_rach.c:81 MS 0001: Rx L1CTL_RACH_REQ (ra=0x0a, offset=2 combined=1)
Mon Jun 29 05:45:57 2026 DL1C virt_prim_rach.c:124 MS 0001: Tx L1CTL_RACH_CONF (fn: 41224, arfcn: 51)
Mon Jun 29 05:45:57 2026 DL1C l1ctl_sap.c:411 MS 0001: Rx L1CTL_PARAM_REQ (ta=0, tx_power=14)
Mon Jun 29 05:45:57 2026 DL1C virt_prim_rach.c:81 MS 0001: Rx L1CTL_RACH_REQ (ra=0x06, offset=119 combined=1)
Mon Jun 29 05:45:58 2026 DL1C virt_prim_rach.c:124 MS 0001: Tx L1CTL_RACH_CONF (fn: 41439, arfcn: 51)
Mon Jun 29 05:45:58 2026 DL1C l1ctl_sap.c:411 MS 0001: Rx L1CTL_PARAM_REQ (ta=0, tx_power=14)
Mon Jun 29 05:45:58 2026 DL1C virt_prim_rach.c:81 MS 0001: Rx L1CTL_RACH_REQ (ra=0x0b, offset=121 combined=1)
Mon Jun 29 05:45:59 2026 DL1C virt_prim_rach.c:124 MS 0001: Tx L1CTL_RACH_CONF (fn: 41692, arfcn: 51)
Mon Jun 29 05:45:59 2026 DL1C l1ctl_sap.c:411 MS 0001: Rx L1CTL_PARAM_REQ (ta=0, tx_power=14)
Mon Jun 29 05:45:59 2026 DL1C virt_prim_rach.c:81 MS 0001: Rx L1CTL_RACH_REQ (ra=0x0e, offset=123 combined=1)
Mon Jun 29 05:46:00 2026 DL1C virt_prim_rach.c:124 MS 0001: Tx L1CTL_RACH_CONF (fn: 41949, arfcn: 51)
Mon Jun 29 05:46:00 2026 DL1C l1ctl_sap.c:411 MS 0001: Rx L1CTL_PARAM_REQ (ta=0, tx_power=14)
Mon Jun 29 05:46:00 2026 DL1C virt_prim_rach.c:81 MS 0001: Rx L1CTL_RACH_REQ (ra=0x0a, offset=118 combined=1)
Mon Jun 29 05:46:01 2026 DL1C virt_prim_rach.c:124 MS 0001: Tx L1CTL_RACH_CONF (fn: 42199, arfcn: 51)
Mon Jun 29 05:46:01 2026 DL1C l1ctl_sap.c:411 MS 0001: Rx L1CTL_PARAM_REQ (ta=0, tx_power=14)
Mon Jun 29 05:46:01 2026 DL1C virt_prim_rach.c:81 MS 0001: Rx L1CTL_RACH_REQ (ra=0x0d, offset=122 combined=1)
Mon Jun 29 05:46:02 2026 DL1C l1ctl_sap.c:578 MS 0001: Tx L1CTL_RESET_CONF (reset_type: 2)
Mon Jun 29 05:46:02 2026 DL1C l1ctl_sap.c:411 MS 0001: Rx L1CTL_PARAM_REQ (ta=30, tx_power=14)
Mon Jun 29 05:46:03 2026 DL1C l1ctl_sap.c:411 MS 0001: Rx L1CTL_PARAM_REQ (ta=0, tx_power=19)
Mon Jun 29 05:46:03 2026 DL1C l1ctl_sap.c:411 MS 0001: Rx L1CTL_PARAM_REQ (ta=30, tx_power=19)
Mon Jun 29 05:46:23 2026 DL1C l1ctl_sap.c:379 MS 0001: Rx L1CTL_DM_REL_REQ
Mon Jun 29 05:46:23 2026 DL1C l1ctl_sap.c:578 MS 0001: Tx L1CTL_RESET_CONF (reset_type: 1)
Mon Jun 29 05:46:23 2026 DL1C l1ctl_sap.c:578 MS 0001: Tx L1CTL_RESET_CONF (reset_type: 1)
Mon Jun 29 05:46:23 2026 DL1C virt_prim_fbsb.c:57 MS 0001: Rx L1CTL_FBSB_REQ (arfcn=51, flags=0x7)
Mon Jun 29 05:46:23 2026 DL1C virt_prim_fbsb.c:126 MS 0001: Tx L1CTL_FBSB_CONF (res: 0)
Mon Jun 29 05:46:23 2026 DL1C l1ctl_sap.c:526 MS 0001: Rx L1CTL_NEIGH_PM_REQ (list with 0 entries): IGNORED
Mon Jun 29 05:46:38 2026 DL1C l1ctl_sap.c:578 MS 0001: Tx L1CTL_RESET_CONF (reset_type: 1)
Mon Jun 29 05:46:38 2026 DL1C virt_prim_fbsb.c:57 MS 0001: Rx L1CTL_FBSB_REQ (arfcn=51, flags=0x7)
Mon Jun 29 05:46:38 2026 DL1C virt_prim_fbsb.c:126 MS 0001: Tx L1CTL_FBSB_CONF (res: 0)
Mon Jun 29 05:46:38 2026 DL1C l1ctl_sap.c:411 MS 0001: Rx L1CTL_PARAM_REQ (ta=0, tx_power=14)
Mon Jun 29 05:46:38 2026 DL1C virt_prim_rach.c:81 MS 0001: Rx L1CTL_RACH_REQ (ra=0x01, offset=8 combined=1)
Mon Jun 29 05:46:38 2026 DL1C virt_prim_rach.c:124 MS 0001: Tx L1CTL_RACH_CONF (fn: 50153, arfcn: 51)
Mon Jun 29 05:46:38 2026 DL1C l1ctl_sap.c:411 MS 0001: Rx L1CTL_PARAM_REQ (ta=0, tx_power=14)
Mon Jun 29 05:46:38 2026 DL1C virt_prim_rach.c:81 MS 0001: Rx L1CTL_RACH_REQ (ra=0x09, offset=121 combined=1)
Mon Jun 29 05:46:39 2026 DL1C virt_prim_rach.c:124 MS 0001: Tx L1CTL_RACH_CONF (fn: 50413, arfcn: 51)
Mon Jun 29 05:46:39 2026 DL1C l1ctl_sap.c:411 MS 0001: Rx L1CTL_PARAM_REQ (ta=0, tx_power=14)
Mon Jun 29 05:46:39 2026 DL1C virt_prim_rach.c:81 MS 0001: Rx L1CTL_RACH_REQ (ra=0x0a, offset=118 combined=1)
Mon Jun 29 05:46:40 2026 DL1C virt_prim_rach.c:124 MS 0001: Tx L1CTL_RACH_CONF (fn: 50658, arfcn: 51)
Mon Jun 29 05:46:40 2026 DL1C l1ctl_sap.c:411 MS 0001: Rx L1CTL_PARAM_REQ (ta=0, tx_power=14)
Mon Jun 29 05:46:40 2026 DL1C virt_prim_rach.c:81 MS 0001: Rx L1CTL_RACH_REQ (ra=0x08, offset=118 combined=1)
Mon Jun 29 05:46:41 2026 DL1C virt_prim_rach.c:124 MS 0001: Tx L1CTL_RACH_CONF (fn: 50873, arfcn: 51)
Mon Jun 29 05:46:41 2026 DL1C l1ctl_sap.c:411 MS 0001: Rx L1CTL_PARAM_REQ (ta=0, tx_power=14)
Mon Jun 29 05:46:41 2026 DL1C virt_prim_rach.c:81 MS 0001: Rx L1CTL_RACH_REQ (ra=0x04, offset=120 combined=1)
Mon Jun 29 05:46:43 2026 DL1C virt_prim_rach.c:124 MS 0001: Tx L1CTL_RACH_CONF (fn: 51126, arfcn: 51)
Mon Jun 29 05:46:43 2026 DL1C l1ctl_sap.c:411 MS 0001: Rx L1CTL_PARAM_REQ (ta=0, tx_power=14)
Mon Jun 29 05:46:43 2026 DL1C virt_prim_rach.c:81 MS 0001: Rx L1CTL_RACH_REQ (ra=0x08, offset=120 combined=1)
Mon Jun 29 05:46:44 2026 DL1C virt_prim_rach.c:124 MS 0001: Tx L1CTL_RACH_CONF (fn: 51374, arfcn: 51)
Mon Jun 29 05:46:44 2026 DL1C l1ctl_sap.c:411 MS 0001: Rx L1CTL_PARAM_REQ (ta=0, tx_power=14)
Mon Jun 29 05:46:44 2026 DL1C virt_prim_rach.c:81 MS 0001: Rx L1CTL_RACH_REQ (ra=0x0f, offset=117 combined=1)
Mon Jun 29 05:46:45 2026 DL1C virt_prim_rach.c:124 MS 0001: Tx L1CTL_RACH_CONF (fn: 51633, arfcn: 51)
Mon Jun 29 05:46:45 2026 DL1C l1ctl_sap.c:411 MS 0001: Rx L1CTL_PARAM_REQ (ta=0, tx_power=14)
Mon Jun 29 05:46:45 2026 DL1C virt_prim_rach.c:81 MS 0001: Rx L1CTL_RACH_REQ (ra=0x0f, offset=123 combined=1)
Mon Jun 29 05:46:46 2026 DL1C virt_prim_rach.c:124 MS 0001: Tx L1CTL_RACH_CONF (fn: 51887, arfcn: 51)
Mon Jun 29 05:46:51 2026 DL1C l1ctl_sap.c:379 MS 0001: Rx L1CTL_DM_REL_REQ
Mon Jun 29 05:46:51 2026 DL1C l1ctl_sap.c:578 MS 0001: Tx L1CTL_RESET_CONF (reset_type: 1)
Mon Jun 29 05:46:51 2026 DL1C l1ctl_sap.c:578 MS 0001: Tx L1CTL_RESET_CONF (reset_type: 1)
Mon Jun 29 05:46:51 2026 DL1C virt_prim_fbsb.c:57 MS 0001: Rx L1CTL_FBSB_REQ (arfcn=51, flags=0x7)
Mon Jun 29 05:46:51 2026 DL1C virt_prim_fbsb.c:126 MS 0001: Tx L1CTL_FBSB_CONF (res: 0)
Mon Jun 29 05:46:51 2026 DL1C l1ctl_sap.c:526 MS 0001: Rx L1CTL_NEIGH_PM_REQ (list with 0 entries): IGNORED
Mon Jun 29 05:47:06 2026 DL1C l1ctl_sap.c:578 MS 0001: Tx L1CTL_RESET_CONF (reset_type: 1)
Mon Jun 29 05:47:06 2026 DL1C virt_prim_fbsb.c:57 MS 0001: Rx L1CTL_FBSB_REQ (arfcn=51, flags=0x7)
Mon Jun 29 05:47:06 2026 DL1C virt_prim_fbsb.c:126 MS 0001: Tx L1CTL_FBSB_CONF (res: 0)
Mon Jun 29 05:47:06 2026 DL1C l1ctl_sap.c:411 MS 0001: Rx L1CTL_PARAM_REQ (ta=0, tx_power=14)
Mon Jun 29 05:47:06 2026 DL1C virt_prim_rach.c:81 MS 0001: Rx L1CTL_RACH_REQ (ra=0x0d, offset=0 combined=1)
Mon Jun 29 05:47:06 2026 DL1C virt_prim_rach.c:124 MS 0001: Tx L1CTL_RACH_CONF (fn: 56257, arfcn: 51)
Mon Jun 29 05:47:06 2026 DL1C l1ctl_sap.c:411 MS 0001: Rx L1CTL_PARAM_REQ (ta=0, tx_power=14)
Mon Jun 29 05:47:06 2026 DL1C virt_prim_rach.c:81 MS 0001: Rx L1CTL_RACH_REQ (ra=0x07, offset=116 combined=1)
Mon Jun 29 05:47:07 2026 DL1C virt_prim_rach.c:124 MS 0001: Tx L1CTL_RACH_CONF (fn: 56479, arfcn: 51)
Mon Jun 29 05:47:07 2026 DL1C l1ctl_sap.c:411 MS 0001: Rx L1CTL_PARAM_REQ (ta=0, tx_power=14)
Mon Jun 29 05:47:07 2026 DL1C virt_prim_rach.c:81 MS 0001: Rx L1CTL_RACH_REQ (ra=0x0d, offset=122 combined=1)
Mon Jun 29 05:47:08 2026 DL1C virt_prim_rach.c:124 MS 0001: Tx L1CTL_RACH_CONF (fn: 56738, arfcn: 51)
Mon Jun 29 05:47:08 2026 DL1C l1ctl_sap.c:411 MS 0001: Rx L1CTL_PARAM_REQ (ta=0, tx_power=14)
Mon Jun 29 05:47:08 2026 DL1C virt_prim_rach.c:81 MS 0001: Rx L1CTL_RACH_REQ (ra=0x06, offset=119 combined=1)
Mon Jun 29 05:47:10 2026 DL1C virt_prim_rach.c:124 MS 0001: Tx L1CTL_RACH_CONF (fn: 56983, arfcn: 51)
Mon Jun 29 05:47:10 2026 DL1C l1ctl_sap.c:411 MS 0001: Rx L1CTL_PARAM_REQ (ta=0, tx_power=14)
Mon Jun 29 05:47:10 2026 DL1C virt_prim_rach.c:81 MS 0001: Rx L1CTL_RACH_REQ (ra=0x08, offset=115 combined=1)
Mon Jun 29 05:47:11 2026 DL1C virt_prim_rach.c:124 MS 0001: Tx L1CTL_RACH_CONF (fn: 57194, arfcn: 51)
Mon Jun 29 05:47:11 2026 DL1C l1ctl_sap.c:411 MS 0001: Rx L1CTL_PARAM_REQ (ta=0, tx_power=14)
Mon Jun 29 05:47:11 2026 DL1C virt_prim_rach.c:81 MS 0001: Rx L1CTL_RACH_REQ (ra=0x08, offset=126 combined=1)
Mon Jun 29 05:47:12 2026 DL1C virt_prim_rach.c:124 MS 0001: Tx L1CTL_RACH_CONF (fn: 57456, arfcn: 51)
Mon Jun 29 05:47:12 2026 DL1C l1ctl_sap.c:411 MS 0001: Rx L1CTL_PARAM_REQ (ta=0, tx_power=14)
Mon Jun 29 05:47:12 2026 DL1C virt_prim_rach.c:81 MS 0001: Rx L1CTL_RACH_REQ (ra=0x0c, offset=120 combined=1)
Mon Jun 29 05:47:13 2026 DL1C virt_prim_rach.c:124 MS 0001: Tx L1CTL_RACH_CONF (fn: 57698, arfcn: 51)
Mon Jun 29 05:47:13 2026 DL1C l1ctl_sap.c:411 MS 0001: Rx L1CTL_PARAM_REQ (ta=0, tx_power=14)
Mon Jun 29 05:47:13 2026 DL1C virt_prim_rach.c:81 MS 0001: Rx L1CTL_RACH_REQ (ra=0x07, offset=116 combined=1)
Mon Jun 29 05:47:14 2026 DL1C virt_prim_rach.c:124 MS 0001: Tx L1CTL_RACH_CONF (fn: 57956, arfcn: 51)
