[run-one] Namespace : gsm-14
[run-one] Tests     : TC_26_7_3_2
[run-one] Results   : results/week04/cores-sweep/run20260617-093657-N16/ns-14/TC_26_7_3_2
[run-one] INFO  Images already in local registry.
[run-one] INFO  Installing Helm release gsm-14 from /work/gouri.naik/sampige-scaling-intern-2026/refs/osmocom-demo/k8s/chart ...
Release "gsm-14" does not exist. Installing it now.
NAME: gsm-14
LAST DEPLOYED: Wed Jun 17 15:06:58 2026
NAMESPACE: gsm-14
STATUS: deployed
REVISION: 1
TEST SUITE: None
[run-one] INFO  Waiting up to 240s for Deployments to be Ready...
  Not ready: msc-test-stub//1
osmo-bsc//1
osmo-bts-virtual//1
osmo-hlr//1
osmo-mgw//1
osmo-mobile//1
osmo-stp//1
virtphy//1
  Not ready: msc-test-stub//1
osmo-bsc//1
osmo-bts-virtual//1
osmo-hlr//1
osmo-mgw//1
osmo-mobile//1
osmo-stp//1
virtphy//1
  Not ready: msc-test-stub//1
osmo-bsc//1
osmo-bts-virtual//1
osmo-hlr//1
osmo-mgw//1
osmo-mobile//1
osmo-stp//1
virtphy//1
  Not ready: msc-test-stub//1
osmo-bsc//1
osmo-bts-virtual//1
osmo-hlr//1
osmo-mgw//1
osmo-mobile//1
osmo-stp//1
virtphy//1
  Not ready: msc-test-stub//1
osmo-bsc//1
osmo-bts-virtual//1
osmo-hlr//1
osmo-mgw//1
osmo-mobile//1
osmo-stp//1
virtphy//1
  Not ready: msc-test-stub//1
osmo-bsc//1
osmo-bts-virtual//1
osmo-hlr//1
osmo-mgw//1
osmo-mobile//1
osmo-stp//1
virtphy//1
  Not ready: msc-test-stub//1
osmo-bsc//1
osmo-bts-virtual//1
osmo-hlr//1
osmo-mgw//1
osmo-mobile//1
osmo-stp//1
virtphy//1
  Not ready: msc-test-stub//1
osmo-bsc//1
osmo-bts-virtual//1
osmo-hlr//1
osmo-mgw//1
osmo-mobile//1
osmo-stp//1
virtphy//1
  Not ready: msc-test-stub//1
osmo-bsc//1
osmo-bts-virtual//1
osmo-hlr//1
osmo-mgw//1
osmo-mobile//1
osmo-stp//1
virtphy//1
  Not ready: msc-test-stub//1
osmo-bsc//1
osmo-bts-virtual//1
osmo-hlr//1
osmo-mgw//1
osmo-mobile//1
osmo-stp//1
virtphy//1
  Not ready: msc-test-stub//1
osmo-bsc//1
osmo-bts-virtual//1
osmo-hlr//1
osmo-mgw//1
osmo-mobile//1
osmo-stp//1
virtphy//1
  Not ready: msc-test-stub//1
osmo-bsc//1
osmo-bts-virtual//1
osmo-hlr//1
osmo-mgw//1
osmo-mobile//1
osmo-stp//1
virtphy//1
  Not ready: msc-test-stub//1
osmo-bsc//1
osmo-bts-virtual//1
osmo-hlr//1
osmo-mgw//1
osmo-mobile//1
osmo-stp//1
virtphy//1
  Not ready: msc-test-stub//1
osmo-bsc//1
osmo-bts-virtual//1
osmo-hlr//1
osmo-mgw//1
osmo-mobile//1
osmo-stp//1
virtphy//1
  Not ready: msc-test-stub//1
osmo-bsc//1
osmo-bts-virtual//1
osmo-hlr//1
osmo-mgw//1
osmo-mobile//1
osmo-stp//1
virtphy//1
  Not ready: msc-test-stub//1
osmo-bsc//1
osmo-bts-virtual//1
osmo-hlr//1
osmo-mgw//1
osmo-mobile//1
osmo-stp//1
virtphy//1
  Not ready: msc-test-stub//1
osmo-bsc//1
osmo-bts-virtual//1
osmo-hlr//1
osmo-mgw//1
osmo-mobile//1
osmo-stp//1
virtphy//1
  Not ready: msc-test-stub//1
osmo-bsc//1
osmo-bts-virtual//1
osmo-hlr//1
osmo-mgw//1
osmo-mobile//1
osmo-stp//1
virtphy//1
  Not ready: msc-test-stub//1
osmo-bsc//1
osmo-bts-virtual//1
osmo-hlr//1
osmo-mgw//1
osmo-mobile//1
osmo-stp//1
virtphy//1
  Not ready: msc-test-stub//1
osmo-bsc//1
osmo-bts-virtual//1
osmo-hlr//1
osmo-mgw//1
osmo-mobile//1
osmo-stp//1
virtphy//1
  Not ready: msc-test-stub//1
osmo-bsc//1
osmo-bts-virtual//1
osmo-hlr//1
osmo-mgw//1
osmo-mobile//1
osmo-stp//1
virtphy//1
  Not ready: msc-test-stub//1
osmo-bsc//1
osmo-bts-virtual//1
osmo-hlr//1
osmo-mgw//1
osmo-mobile//1
osmo-stp//1
virtphy//1
  Not ready: msc-test-stub//1
osmo-bsc//1
osmo-bts-virtual//1
osmo-hlr//1
osmo-mgw//1
osmo-mobile//1
osmo-stp//1
virtphy//1
  Not ready: msc-test-stub//1
osmo-bsc//1
osmo-bts-virtual//1
osmo-hlr//1
osmo-mgw//1
osmo-mobile//1
osmo-stp//1
virtphy//1
  Not ready: msc-test-stub//1
osmo-bsc//1
osmo-bts-virtual//1
osmo-hlr//1
osmo-mgw//1
osmo-mobile//1
osmo-stp//1
virtphy//1
  Not ready: msc-test-stub//1
osmo-bsc//1
osmo-bts-virtual//1
osmo-hlr//1
osmo-mgw//1
osmo-mobile//1
osmo-stp//1
virtphy//1
  Not ready: msc-test-stub//1
osmo-bsc//1
osmo-bts-virtual//1
osmo-hlr//1
osmo-mgw//1
osmo-mobile//1
osmo-stp//1
virtphy//1
  Not ready: msc-test-stub//1
osmo-bsc//1
osmo-bts-virtual//1
osmo-hlr//1
osmo-mgw//1
osmo-mobile//1
osmo-stp//1
virtphy//1
  Not ready: msc-test-stub//1
osmo-bsc//1
osmo-bts-virtual//1
osmo-hlr//1
osmo-mgw//1
osmo-mobile//1
osmo-stp//1
virtphy//1
  Not ready: msc-test-stub//1
osmo-bsc//1
osmo-bts-virtual//1
osmo-hlr//1
osmo-mgw//1
osmo-mobile//1
osmo-stp//1
virtphy//1
  Not ready: msc-test-stub//1
osmo-bsc//1
osmo-bts-virtual//1
osmo-hlr//1
osmo-mgw//1
osmo-mobile//1
osmo-stp//1
virtphy//1
  Not ready: msc-test-stub//1
osmo-bsc//1
osmo-bts-virtual//1
osmo-hlr//1
osmo-mgw//1
osmo-mobile//1
osmo-stp//1
virtphy//1
  Not ready: msc-test-stub//1
osmo-bsc//1
osmo-bts-virtual//1
osmo-hlr//1
osmo-mgw//1
osmo-mobile//1
osmo-stp//1
virtphy//1
  Not ready: msc-test-stub//1
osmo-bsc//1
osmo-bts-virtual//1
osmo-hlr//1
osmo-mgw//1
osmo-mobile//1
osmo-stp//1
virtphy//1
  Not ready: msc-test-stub//1
osmo-bsc//1
osmo-bts-virtual//1
osmo-hlr//1
osmo-mgw//1
osmo-mobile//1
osmo-stp//1
virtphy//1
  Not ready: msc-test-stub//1
osmo-bsc//1
osmo-bts-virtual//1
osmo-hlr//1
osmo-mgw//1
osmo-mobile//1
osmo-stp//1
virtphy//1
  Not ready: msc-test-stub//1
osmo-bsc//1
osmo-bts-virtual//1
osmo-hlr//1
osmo-mgw//1
osmo-mobile//1
osmo-stp//1
virtphy//1
  Not ready: msc-test-stub//1
osmo-bsc//1
osmo-bts-virtual//1
osmo-hlr//1
osmo-mgw//1
osmo-mobile//1
osmo-stp//1
virtphy//1
  Not ready: msc-test-stub//1
osmo-bsc//1
osmo-bts-virtual//1
osmo-hlr//1
osmo-mgw//1
osmo-mobile//1
osmo-stp//1
virtphy//1
  Not ready: msc-test-stub//1
osmo-bsc//1
osmo-bts-virtual//1
osmo-hlr//1
osmo-mgw//1
osmo-mobile//1
osmo-stp//1
virtphy//1
  Not ready: msc-test-stub//1
osmo-bsc//1
osmo-bts-virtual//1
osmo-hlr//1
osmo-mgw//1
osmo-mobile//1
osmo-stp//1
virtphy//1
  Not ready: msc-test-stub//1
osmo-bsc//1
osmo-bts-virtual//1
osmo-hlr//1
osmo-mgw//1
osmo-mobile//1
osmo-stp//1
virtphy//1
  Not ready: msc-test-stub//1
osmo-bsc//1
osmo-bts-virtual//1
osmo-hlr//1
osmo-mgw//1
osmo-mobile//1
osmo-stp//1
virtphy//1
  Not ready: msc-test-stub//1
osmo-bsc//1
osmo-bts-virtual//1
osmo-hlr//1
osmo-mgw//1
osmo-mobile//1
osmo-stp//1
virtphy//1
  Not ready: msc-test-stub//1
osmo-bsc//1
osmo-bts-virtual//1
osmo-hlr//1
osmo-mgw//1
osmo-mobile//1
osmo-stp//1
virtphy//1
  Not ready: msc-test-stub//1
osmo-bsc//1
osmo-bts-virtual//1
osmo-hlr//1
osmo-mgw//1
osmo-mobile//1
osmo-stp//1
virtphy//1
[run-one] FAIL  Timeout waiting for Deployments: msc-test-stub//1
osmo-bsc//1
osmo-bts-virtual//1
osmo-hlr//1
osmo-mgw//1
osmo-mobile//1
osmo-stp//1
virtphy//1
[run-one] INFO  Teardown: uninstalling Helm release gsm-14...
release "gsm-14" uninstalled
[run-one] INFO  Teardown: deleting namespace gsm-14...
namespace "gsm-14" deleted
{
  "namespaces": [
    {
      "namespace": "gsm-14",
      "bringup_s": null,
      "testing_s": null,
      "teardown_s": null,
      "total_s": 262.134,
      "verdicts": [],
      "pass": 0,
      "fail": 0,
      "inconclusive": 0
    }
  ],
  "T_suite_s": 262.134,
  "N": 1,
  "pass": 0,
  "fail": 0,
  "inconclusive": 0,
  "pods": {
    "total_restarts": 0,
    "oom_kills": 0
  },
  "S": null,
  "E": null
}
