2026/Jun/15 13:11:53.675100 EXECUTOR - TTCN-3 Main Test Component started on ttcn3-tc-26-7-2-1-1-74hr5. Version: 11.1.0.
2026/Jun/15 13:11:53.675216 EXECUTOR - TTCN Logger v2.2 options: TimeStampFormat:=DateTime; LogEntityName:=No; LogEventTypes:=Yes; SourceInfoFormat:=Single; LogSensitiveData:=No; *.FileMask:=LOG_ALL; *.ConsoleMask:=ERROR | TESTCASE | USER | VERDICTOP | WARNING; LogFileSize:=0; LogFileNumber:=1; DiskFullAction:=Error
2026/Jun/15 13:11:53.675284 EXECUTOR - Connected to MC.
2026/Jun/15 13:11:53.675458 EXECUTOR - Executing test case TC_26_7_2_1 in module TC_26_7_2_1.
2026/Jun/15 13:11:53.675657 TESTCASE TC_26_7_2_1.ttcn3:32 Test case TC_26_7_2_1 started.
2026/Jun/15 13:11:53.675719 PARALLEL TC_26_7_2_1.ttcn3:32 Initializing variables, timers and ports of component type GSM_Component_Definitions.GSM_CT inside testcase TC_26_7_2_1.
2026/Jun/15 13:11:53.675949 USER TC_26_7_2_1.ttcn3:32 MSC_Port: set_parameter msc_stub_host = 10.42.0.171
2026/Jun/15 13:11:53.676000 USER TC_26_7_2_1.ttcn3:32 MSC_Port: set_parameter msc_stub_port = 5000
2026/Jun/15 13:11:53.676060 USER TC_26_7_2_1.ttcn3:32 L3_Port: user_start called
2026/Jun/15 13:11:53.676071 PORTEVENT TC_26_7_2_1.ttcn3:32 Port L was started.
2026/Jun/15 13:11:53.676124 PORTEVENT TC_26_7_2_1.ttcn3:32 Port RR was started.
2026/Jun/15 13:11:53.676130 PORTEVENT TC_26_7_2_1.ttcn3:32 Port MM was started.
2026/Jun/15 13:11:53.676135 PORTEVENT TC_26_7_2_1.ttcn3:32 Port CC was started.
2026/Jun/15 13:11:53.676138 USER TC_26_7_2_1.ttcn3:32 MSC_Port: user_start called
2026/Jun/15 13:11:53.676143 PORTEVENT TC_26_7_2_1.ttcn3:32 Port MSC was started.
2026/Jun/15 13:11:53.676148 PORTEVENT TC_26_7_2_1.ttcn3:32 Port BSC was started.
2026/Jun/15 13:11:53.676153 PORTEVENT TC_26_7_2_1.ttcn3:32 Port RSL was started.
2026/Jun/15 13:11:53.676159 USER TC_26_7_2_1.ttcn3:32 VTY_PT: Starting
2026/Jun/15 13:11:53.676163 PORTEVENT TC_26_7_2_1.ttcn3:32 Port VTY was started.
2026/Jun/15 13:11:53.676168 PORTEVENT TC_26_7_2_1.ttcn3:32 Port COORD was started.
2026/Jun/15 13:11:53.676171 PARALLEL TC_26_7_2_1.ttcn3:32 Component type GSM_Component_Definitions.GSM_CT was initialized.
2026/Jun/15 13:11:53.676198 WARNING GSM_Component_Definitions.ttcn3:364 Warning: Stopping inactive timer T_guard.
2026/Jun/15 13:11:53.676207 WARNING GSM_Component_Definitions.ttcn3:365 Warning: Stopping inactive timer T301.
2026/Jun/15 13:11:53.676213 WARNING GSM_Component_Definitions.ttcn3:366 Warning: Stopping inactive timer T303.
2026/Jun/15 13:11:53.676217 WARNING GSM_Component_Definitions.ttcn3:367 Warning: Stopping inactive timer T305.
2026/Jun/15 13:11:53.676223 WARNING GSM_Component_Definitions.ttcn3:368 Warning: Stopping inactive timer T308.
2026/Jun/15 13:11:53.676227 WARNING GSM_Component_Definitions.ttcn3:369 Warning: Stopping inactive timer T310.
2026/Jun/15 13:11:53.676232 WARNING GSM_Component_Definitions.ttcn3:370 Warning: Stopping inactive timer T313.
2026/Jun/15 13:11:53.676240 USER GSM_Component_Definitions.ttcn3:386 Component initialized
2026/Jun/15 13:11:53.676257 PARALLEL GSM_Component_Definitions.ttcn3:334 Mapping port mtc:L to system:L.
2026/Jun/15 13:11:53.676301 USER GSM_Component_Definitions.ttcn3:334 L3_Port: Mapping to L
2026/Jun/15 13:11:53.676364 USER GSM_Component_Definitions.ttcn3:334 L3_Port: GSMTAP listening on port 4729
2026/Jun/15 13:11:53.676371 USER GSM_Component_Definitions.ttcn3:334 L3_Port: Mapped successfully (GSMTAP: 0.0.0.0:4729)
2026/Jun/15 13:11:53.676378 WARNING GSM_Component_Definitions.ttcn3:334 Warning: The maximum number of open file descriptors (1048576) is greater than FD_SETSIZE (1024). Ensure that Test Ports using Install_Handler do not try to wait for events of file descriptors with values greater than FD_SETSIZE (1024). (Current caller of Install_Handler is "L")
2026/Jun/15 13:11:53.676404 PORTEVENT GSM_Component_Definitions.ttcn3:334 Port L was mapped to system:L.
2026/Jun/15 13:11:53.676463 PARALLEL GSM_Component_Definitions.ttcn3:334 Map operation of mtc:L to system:L finished.
2026/Jun/15 13:11:53.676494 PARALLEL GSM_Component_Definitions.ttcn3:335 Mapping port mtc:RR to system:RR.
2026/Jun/15 13:11:53.676521 PORTEVENT GSM_Component_Definitions.ttcn3:335 Port RR was mapped to system:RR.
2026/Jun/15 13:11:53.676539 PARALLEL GSM_Component_Definitions.ttcn3:335 Map operation of mtc:RR to system:RR finished.
2026/Jun/15 13:11:53.676545 PARALLEL GSM_Component_Definitions.ttcn3:336 Mapping port mtc:MM to system:MM.
2026/Jun/15 13:11:53.676562 PORTEVENT GSM_Component_Definitions.ttcn3:336 Port MM was mapped to system:MM.
2026/Jun/15 13:11:53.676580 PARALLEL GSM_Component_Definitions.ttcn3:336 Map operation of mtc:MM to system:MM finished.
2026/Jun/15 13:11:53.676584 PARALLEL GSM_Component_Definitions.ttcn3:337 Mapping port mtc:CC to system:CC.
2026/Jun/15 13:11:53.676601 PORTEVENT GSM_Component_Definitions.ttcn3:337 Port CC was mapped to system:CC.
2026/Jun/15 13:11:53.676616 PARALLEL GSM_Component_Definitions.ttcn3:337 Map operation of mtc:CC to system:CC finished.
2026/Jun/15 13:11:53.676620 PARALLEL GSM_Component_Definitions.ttcn3:338 Mapping port mtc:MSC to system:MSC.
2026/Jun/15 13:11:53.676637 USER GSM_Component_Definitions.ttcn3:338 MSC_Port: Mapping to MSC
2026/Jun/15 13:11:53.677042 USER GSM_Component_Definitions.ttcn3:338 MSC_Port: Registered socket for async events
2026/Jun/15 13:11:53.677064 USER GSM_Component_Definitions.ttcn3:338 MSC_Port: Connected to MSC stub at 10.42.0.171:5000
2026/Jun/15 13:11:53.677070 PORTEVENT GSM_Component_Definitions.ttcn3:338 Port MSC was mapped to system:MSC.
2026/Jun/15 13:11:53.677095 PARALLEL GSM_Component_Definitions.ttcn3:338 Map operation of mtc:MSC to system:MSC finished.
2026/Jun/15 13:11:53.677102 PARALLEL GSM_Component_Definitions.ttcn3:339 Mapping port mtc:VTY to system:VTY.
2026/Jun/15 13:11:53.677120 USER GSM_Component_Definitions.ttcn3:339 VTY_PT: Mapping port to VTY interface
2026/Jun/15 13:11:53.677322 USER GSM_Component_Definitions.ttcn3:339 VTY_PT: Connected to VTY at 10.43.17.90:4247
2026/Jun/15 13:11:54.177703 USER GSM_Component_Definitions.ttcn3:339 VTY_PT: Initial banner received
2026/Jun/15 13:11:54.177789 PORTEVENT GSM_Component_Definitions.ttcn3:339 Port VTY was mapped to system:VTY.
2026/Jun/15 13:11:54.177903 USER GSM_Component_Definitions.ttcn3:339 MSC_Port: RX: {"type": "WELCOME", "status": "connected"}
2026/Jun/15 13:11:54.178001 PORTEVENT GSM_Component_Definitions.ttcn3:339 Message enqueued on MSC from system charstring : "{\"type\": \"WELCOME\", \"status\": \"connected\"}" id 1
2026/Jun/15 13:11:54.178060 PARALLEL GSM_Component_Definitions.ttcn3:339 Map operation of mtc:VTY to system:VTY finished.
2026/Jun/15 13:11:54.178088 TIMEROP TC_26_7_2_1.ttcn3:54 Start timer T_guard: 300 s
2026/Jun/15 13:11:54.178152 USER TC_26_7_2_1.ttcn3:56 ==========================================================
2026/Jun/15 13:11:54.178159 USER TC_26_7_2_1.ttcn3:57 *** TC_26_7_2_1: Authentication Procedure Test ***
2026/Jun/15 13:11:54.178164 USER TC_26_7_2_1.ttcn3:58 ==========================================================
2026/Jun/15 13:11:54.178170 USER TC_26_7_2_1.ttcn3:64 *** Step 1: Waiting for initial Location Update ***
2026/Jun/15 13:11:54.178199 PORTEVENT TC_26_7_2_1.ttcn3:67 Sent on MSC to system charstring : "{\"command\": \"SET_AUTO_RESPOND\", \"params\": {\"enabled\": false}}"
2026/Jun/15 13:11:54.178318 USER TC_26_7_2_1.ttcn3:67 MSC_Port: TX: {"command": "SET_AUTO_RESPOND", "params": {"enabled": false}}
2026/Jun/15 13:11:54.178337 TIMEROP TC_26_7_2_1.ttcn3:70 Start timer T_wait: 60 s
2026/Jun/15 13:11:54.178384 PORTEVENT TC_26_7_2_1.ttcn3:73 Receive operation on port MSC succeeded, message from system(): charstring : "{\"type\": \"WELCOME\", \"status\": \"connected\"}" id 1
2026/Jun/15 13:11:54.178421 PORTEVENT TC_26_7_2_1.ttcn3:73 Message with id 1 was extracted from the queue of MSC.
2026/Jun/15 13:11:54.178819 USER TC_26_7_2_1.ttcn3:72 MSC_Port: RX: {"status": "ok", "auto_respond": false}
2026/Jun/15 13:11:54.178842 PORTEVENT TC_26_7_2_1.ttcn3:72 Message enqueued on MSC from system charstring : "{\"status\": \"ok\", \"auto_respond\": false}" id 2
2026/Jun/15 13:11:54.178852 PORTEVENT TC_26_7_2_1.ttcn3:73 Receive operation on port MSC succeeded, message from system(): charstring : "{\"status\": \"ok\", \"auto_respond\": false}" id 2
2026/Jun/15 13:11:54.178866 PORTEVENT TC_26_7_2_1.ttcn3:73 Message with id 2 was extracted from the queue of MSC.
2026/Jun/15 13:11:59.184048 USER TC_26_7_2_1.ttcn3:72 MSC_Port: RX: {"type": "HEARTBEAT"}
2026/Jun/15 13:11:59.184136 PORTEVENT TC_26_7_2_1.ttcn3:72 Message enqueued on MSC from system charstring : "{\"type\": \"HEARTBEAT\"}" id 3
2026/Jun/15 13:11:59.184168 PORTEVENT TC_26_7_2_1.ttcn3:73 Receive operation on port MSC succeeded, message from system(): charstring : "{\"type\": \"HEARTBEAT\"}" id 3
2026/Jun/15 13:11:59.184184 PORTEVENT TC_26_7_2_1.ttcn3:73 Message with id 3 was extracted from the queue of MSC.
2026/Jun/15 13:12:04.189187 USER TC_26_7_2_1.ttcn3:72 MSC_Port: RX: {"type": "HEARTBEAT"}
2026/Jun/15 13:12:04.189284 PORTEVENT TC_26_7_2_1.ttcn3:72 Message enqueued on MSC from system charstring : "{\"type\": \"HEARTBEAT\"}" id 4
2026/Jun/15 13:12:04.189322 PORTEVENT TC_26_7_2_1.ttcn3:73 Receive operation on port MSC succeeded, message from system(): charstring : "{\"type\": \"HEARTBEAT\"}" id 4
2026/Jun/15 13:12:04.189341 PORTEVENT TC_26_7_2_1.ttcn3:73 Message with id 4 was extracted from the queue of MSC.
2026/Jun/15 13:12:05.797795 USER TC_26_7_2_1.ttcn3:72 VTY_PT: Received data (buffered): 68 bytes
2026/Jun/15 13:12:09.194436 USER TC_26_7_2_1.ttcn3:72 MSC_Port: RX: {"type": "HEARTBEAT"}
2026/Jun/15 13:12:09.194528 PORTEVENT TC_26_7_2_1.ttcn3:72 Message enqueued on MSC from system charstring : "{\"type\": \"HEARTBEAT\"}" id 5
2026/Jun/15 13:12:09.194567 PORTEVENT TC_26_7_2_1.ttcn3:73 Receive operation on port MSC succeeded, message from system(): charstring : "{\"type\": \"HEARTBEAT\"}" id 5
2026/Jun/15 13:12:09.194585 PORTEVENT TC_26_7_2_1.ttcn3:73 Message with id 5 was extracted from the queue of MSC.
2026/Jun/15 13:12:14.199316 USER TC_26_7_2_1.ttcn3:72 MSC_Port: RX: {"type": "HEARTBEAT"}
2026/Jun/15 13:12:14.199417 PORTEVENT TC_26_7_2_1.ttcn3:72 Message enqueued on MSC from system charstring : "{\"type\": \"HEARTBEAT\"}" id 6
2026/Jun/15 13:12:14.199456 PORTEVENT TC_26_7_2_1.ttcn3:73 Receive operation on port MSC succeeded, message from system(): charstring : "{\"type\": \"HEARTBEAT\"}" id 6
2026/Jun/15 13:12:14.199475 PORTEVENT TC_26_7_2_1.ttcn3:73 Message with id 6 was extracted from the queue of MSC.
2026/Jun/15 13:12:19.203042 USER TC_26_7_2_1.ttcn3:72 MSC_Port: RX: {"type": "HEARTBEAT"}
2026/Jun/15 13:12:19.203142 PORTEVENT TC_26_7_2_1.ttcn3:72 Message enqueued on MSC from system charstring : "{\"type\": \"HEARTBEAT\"}" id 7
2026/Jun/15 13:12:19.203179 PORTEVENT TC_26_7_2_1.ttcn3:73 Receive operation on port MSC succeeded, message from system(): charstring : "{\"type\": \"HEARTBEAT\"}" id 7
2026/Jun/15 13:12:19.203197 PORTEVENT TC_26_7_2_1.ttcn3:73 Message with id 7 was extracted from the queue of MSC.
2026/Jun/15 13:12:24.208106 USER TC_26_7_2_1.ttcn3:72 MSC_Port: RX: {"type": "HEARTBEAT"}
2026/Jun/15 13:12:24.208206 PORTEVENT TC_26_7_2_1.ttcn3:72 Message enqueued on MSC from system charstring : "{\"type\": \"HEARTBEAT\"}" id 8
2026/Jun/15 13:12:24.208244 PORTEVENT TC_26_7_2_1.ttcn3:73 Receive operation on port MSC succeeded, message from system(): charstring : "{\"type\": \"HEARTBEAT\"}" id 8
2026/Jun/15 13:12:24.208263 PORTEVENT TC_26_7_2_1.ttcn3:73 Message with id 8 was extracted from the queue of MSC.
2026/Jun/15 13:12:28.626356 USER TC_26_7_2_1.ttcn3:72 VTY_PT: Received data (buffered): 68 bytes
2026/Jun/15 13:12:29.213057 USER TC_26_7_2_1.ttcn3:72 MSC_Port: RX: {"type": "HEARTBEAT"}
2026/Jun/15 13:12:29.213119 PORTEVENT TC_26_7_2_1.ttcn3:72 Message enqueued on MSC from system charstring : "{\"type\": \"HEARTBEAT\"}" id 9
2026/Jun/15 13:12:29.213141 PORTEVENT TC_26_7_2_1.ttcn3:73 Receive operation on port MSC succeeded, message from system(): charstring : "{\"type\": \"HEARTBEAT\"}" id 9
2026/Jun/15 13:12:29.213152 PORTEVENT TC_26_7_2_1.ttcn3:73 Message with id 9 was extracted from the queue of MSC.
2026/Jun/15 13:12:34.217234 USER TC_26_7_2_1.ttcn3:72 MSC_Port: RX: {"type": "HEARTBEAT"}
2026/Jun/15 13:12:34.217316 PORTEVENT TC_26_7_2_1.ttcn3:72 Message enqueued on MSC from system charstring : "{\"type\": \"HEARTBEAT\"}" id 10
2026/Jun/15 13:12:34.217338 PORTEVENT TC_26_7_2_1.ttcn3:73 Receive operation on port MSC succeeded, message from system(): charstring : "{\"type\": \"HEARTBEAT\"}" id 10
2026/Jun/15 13:12:34.217347 PORTEVENT TC_26_7_2_1.ttcn3:73 Message with id 10 was extracted from the queue of MSC.
2026/Jun/15 13:12:39.222113 USER TC_26_7_2_1.ttcn3:72 MSC_Port: RX: {"type": "HEARTBEAT"}
2026/Jun/15 13:12:39.222193 PORTEVENT TC_26_7_2_1.ttcn3:72 Message enqueued on MSC from system charstring : "{\"type\": \"HEARTBEAT\"}" id 11
2026/Jun/15 13:12:39.222222 PORTEVENT TC_26_7_2_1.ttcn3:73 Receive operation on port MSC succeeded, message from system(): charstring : "{\"type\": \"HEARTBEAT\"}" id 11
2026/Jun/15 13:12:39.222235 PORTEVENT TC_26_7_2_1.ttcn3:73 Message with id 11 was extracted from the queue of MSC.
2026/Jun/15 13:12:44.140471 USER TC_26_7_2_1.ttcn3:72 MSC_Port: RX: {"type": "EVENT_LU_REQUEST", "bsc_slr": 2, "msc_slr": 2, "cksn": 7, "lu_type": 0, "old_mcc": "901", "old_mnc": "70", "old_lac": 0, "mi_type": "imsi"}
2026/Jun/15 13:12:44.140547 PORTEVENT TC_26_7_2_1.ttcn3:72 Message enqueued on MSC from system charstring : "{\"type\": \"EVENT_LU_REQUEST\", \"bsc_slr\": 2, \"msc_slr\": 2, \"cksn\": 7, \"lu_type\": 0, \"old_mcc\": \"901\", \"old_mnc\": \"70\", \"old_lac\": 0, \"mi_type\": \"imsi\"}" id 12
2026/Jun/15 13:12:44.140577 PORTEVENT TC_26_7_2_1.ttcn3:73 Receive operation on port MSC succeeded, message from system(): charstring : "{\"type\": \"EVENT_LU_REQUEST\", \"bsc_slr\": 2, \"msc_slr\": 2, \"cksn\": 7, \"lu_type\": 0, \"old_mcc\": \"901\", \"old_mnc\": \"70\", \"old_lac\": 0, \"mi_type\": \"imsi\"}" id 12
2026/Jun/15 13:12:44.140588 PORTEVENT TC_26_7_2_1.ttcn3:73 Message with id 12 was extracted from the queue of MSC.
2026/Jun/15 13:12:44.140756 USER GSM_Functions.ttcn3:365 f_extractJsonInt: Searching for key '"bsc_slr"' in JSON: "{\"type\": \"EVENT_LU_REQUEST\", \"bsc_slr\": 2, \"msc_slr\": 2, \"cksn\": 7, \"lu_type\": 0, \"old_mcc\": \"901\", \"old_mnc\": \"70\", \"old_lac\": 0, \"mi_type\": \"imsi\"}"
2026/Jun/15 13:12:44.140847 USER GSM_Functions.ttcn3:372 f_extractJsonInt: Found key at position 29 (pattern: "\"bsc_slr\":")
2026/Jun/15 13:12:44.140908 USER GSM_Functions.ttcn3:422 f_extractJsonInt: Extracted number string '"2"' => integer 2
2026/Jun/15 13:12:44.140926 USER TC_26_7_2_1.ttcn3:76 MS sending LU Request, bsc_slr=2
2026/Jun/15 13:12:44.140954 PORTEVENT TC_26_7_2_1.ttcn3:80 Sent on MSC to system charstring : "{\"command\": \"CMD_SEND_LU_ACCEPT\", \"params\": {\"bsc_slr\": 2, \"mcc\": \"901\", \"mnc\": \"70\", \"lac\": 4242, \"tmsi\": 12345678}}"
2026/Jun/15 13:12:44.140993 USER TC_26_7_2_1.ttcn3:80 MSC_Port: TX: {"command": "CMD_SEND_LU_ACCEPT", "params": {"bsc_slr": 2, "mcc": "901", "mnc": "70", "lac": 4242, "tmsi": 12345678}}
2026/Jun/15 13:12:44.141011 TIMEROP TC_26_7_2_1.ttcn3:81 Stop timer T_wait: 60 s
2026/Jun/15 13:12:44.141030 TIMEROP TC_26_7_2_1.ttcn3:93 Start timer T_wait: 20 s
2026/Jun/15 13:12:44.642217 USER TC_26_7_2_1.ttcn3:94 MSC_Port: RX: {"status": "ok", "sent": true}
2026/Jun/15 13:12:44.642285 PORTEVENT TC_26_7_2_1.ttcn3:94 Message enqueued on MSC from system charstring : "{\"status\": \"ok\", \"sent\": true}" id 13
2026/Jun/15 13:12:44.642314 PORTEVENT TC_26_7_2_1.ttcn3:95 Receive operation on port MSC succeeded, message from system(): charstring : "{\"status\": \"ok\", \"sent\": true}" id 13
2026/Jun/15 13:12:44.642324 PORTEVENT TC_26_7_2_1.ttcn3:95 Message with id 13 was extracted from the queue of MSC.
2026/Jun/15 13:12:44.796567 USER TC_26_7_2_1.ttcn3:94 MSC_Port: RX: {"type": "EVENT_DTAP", "bsc_slr": 2, "pd": 5, "msg_type": 27}
2026/Jun/15 13:12:44.796673 PORTEVENT TC_26_7_2_1.ttcn3:94 Message enqueued on MSC from system charstring : "{\"type\": \"EVENT_DTAP\", \"bsc_slr\": 2, \"pd\": 5, \"msg_type\": 27}" id 14
2026/Jun/15 13:12:44.796718 PORTEVENT TC_26_7_2_1.ttcn3:95 Receive operation on port MSC succeeded, message from system(): charstring : "{\"type\": \"EVENT_DTAP\", \"bsc_slr\": 2, \"pd\": 5, \"msg_type\": 27}" id 14
2026/Jun/15 13:12:44.796751 PORTEVENT TC_26_7_2_1.ttcn3:95 Message with id 14 was extracted from the queue of MSC.
2026/Jun/15 13:12:44.797011 USER TC_26_7_2_1.ttcn3:94 MSC_Port: RX: {"type": "EVENT_TMSI_REALLOC_COMPLETE", "bsc_slr": 2}
2026/Jun/15 13:12:44.797044 PORTEVENT TC_26_7_2_1.ttcn3:94 Message enqueued on MSC from system charstring : "{\"type\": \"EVENT_TMSI_REALLOC_COMPLETE\", \"bsc_slr\": 2}" id 15
2026/Jun/15 13:12:44.797065 PORTEVENT TC_26_7_2_1.ttcn3:95 Receive operation on port MSC succeeded, message from system(): charstring : "{\"type\": \"EVENT_TMSI_REALLOC_COMPLETE\", \"bsc_slr\": 2}" id 15
2026/Jun/15 13:12:44.797077 PORTEVENT TC_26_7_2_1.ttcn3:95 Message with id 15 was extracted from the queue of MSC.
2026/Jun/15 13:12:45.643030 USER TC_26_7_2_1.ttcn3:94 MSC_Port: RX: {"type": "HEARTBEAT"}
2026/Jun/15 13:12:45.643126 PORTEVENT TC_26_7_2_1.ttcn3:94 Message enqueued on MSC from system charstring : "{\"type\": \"HEARTBEAT\"}" id 16
2026/Jun/15 13:12:45.643160 PORTEVENT TC_26_7_2_1.ttcn3:95 Receive operation on port MSC succeeded, message from system(): charstring : "{\"type\": \"HEARTBEAT\"}" id 16
2026/Jun/15 13:12:45.643175 PORTEVENT TC_26_7_2_1.ttcn3:95 Message with id 16 was extracted from the queue of MSC.
2026/Jun/15 13:12:50.648009 USER TC_26_7_2_1.ttcn3:94 MSC_Port: RX: {"type": "HEARTBEAT"}
2026/Jun/15 13:12:50.648078 PORTEVENT TC_26_7_2_1.ttcn3:94 Message enqueued on MSC from system charstring : "{\"type\": \"HEARTBEAT\"}" id 17
2026/Jun/15 13:12:50.648104 PORTEVENT TC_26_7_2_1.ttcn3:95 Receive operation on port MSC succeeded, message from system(): charstring : "{\"type\": \"HEARTBEAT\"}" id 17
2026/Jun/15 13:12:50.648115 PORTEVENT TC_26_7_2_1.ttcn3:95 Message with id 17 was extracted from the queue of MSC.
2026/Jun/15 13:12:54.967577 USER TC_26_7_2_1.ttcn3:94 MSC_Port: RX: {"type": "EVENT_CLEAR_REQUEST", "bsc_slr": 2}
2026/Jun/15 13:12:54.967646 PORTEVENT TC_26_7_2_1.ttcn3:94 Message enqueued on MSC from system charstring : "{\"type\": \"EVENT_CLEAR_REQUEST\", \"bsc_slr\": 2}" id 18
2026/Jun/15 13:12:54.967673 PORTEVENT TC_26_7_2_1.ttcn3:95 Receive operation on port MSC succeeded, message from system(): charstring : "{\"type\": \"EVENT_CLEAR_REQUEST\", \"bsc_slr\": 2}" id 18
2026/Jun/15 13:12:54.967686 PORTEVENT TC_26_7_2_1.ttcn3:95 Message with id 18 was extracted from the queue of MSC.
2026/Jun/15 13:12:54.967951 USER TC_26_7_2_1.ttcn3:100 Initial connection release requested by BSC
2026/Jun/15 13:12:54.967978 PORTEVENT TC_26_7_2_1.ttcn3:102 Sent on MSC to system charstring : "{\"command\": \"CMD_SEND_CLEAR_CMD\", \"params\": {\"bsc_slr\": 2, \"cause\": 0}}"
2026/Jun/15 13:12:54.968039 USER TC_26_7_2_1.ttcn3:102 MSC_Port: TX: {"command": "CMD_SEND_CLEAR_CMD", "params": {"bsc_slr": 2, "cause": 0}}
2026/Jun/15 13:12:54.968541 USER TC_26_7_2_1.ttcn3:94 MSC_Port: RX: {"status": "ok"}
2026/Jun/15 13:12:54.968557 PORTEVENT TC_26_7_2_1.ttcn3:94 Message enqueued on MSC from system charstring : "{\"status\": \"ok\"}" id 19
2026/Jun/15 13:12:54.968570 PORTEVENT TC_26_7_2_1.ttcn3:95 Receive operation on port MSC succeeded, message from system(): charstring : "{\"status\": \"ok\"}" id 19
2026/Jun/15 13:12:54.968579 PORTEVENT TC_26_7_2_1.ttcn3:95 Message with id 19 was extracted from the queue of MSC.
2026/Jun/15 13:12:55.009927 USER TC_26_7_2_1.ttcn3:94 MSC_Port: RX: {"type": "EVENT_BSSMAP_CLEAR_COMPLETE", "bsc_slr": 2}
2026/Jun/15 13:12:55.009991 PORTEVENT TC_26_7_2_1.ttcn3:94 Message enqueued on MSC from system charstring : "{\"type\": \"EVENT_BSSMAP_CLEAR_COMPLETE\", \"bsc_slr\": 2}" id 20
2026/Jun/15 13:12:55.010014 PORTEVENT TC_26_7_2_1.ttcn3:95 Receive operation on port MSC succeeded, message from system(): charstring : "{\"type\": \"EVENT_BSSMAP_CLEAR_COMPLETE\", \"bsc_slr\": 2}" id 20
2026/Jun/15 13:12:55.010024 PORTEVENT TC_26_7_2_1.ttcn3:95 Message with id 20 was extracted from the queue of MSC.
2026/Jun/15 13:12:55.010143 USER TC_26_7_2_1.ttcn3:97 Initial connection fully cleared
2026/Jun/15 13:12:55.010154 TIMEROP TC_26_7_2_1.ttcn3:98 Stop timer T_wait: 20 s
2026/Jun/15 13:12:55.010213 TIMEROP GSM_Functions.ttcn3:2084 Start timer T_dly: 10 s
2026/Jun/15 13:12:55.057883 USER GSM_Functions.ttcn3:2085 VTY_PT: Received data (buffered): 61 bytes
2026/Jun/15 13:12:55.969023 USER GSM_Functions.ttcn3:2085 MSC_Port: RX: {"type": "HEARTBEAT"}
2026/Jun/15 13:12:55.969086 PORTEVENT GSM_Functions.ttcn3:2085 Message enqueued on MSC from system charstring : "{\"type\": \"HEARTBEAT\"}" id 21
2026/Jun/15 13:13:00.974067 USER GSM_Functions.ttcn3:2085 MSC_Port: RX: {"type": "HEARTBEAT"}
2026/Jun/15 13:13:00.974167 PORTEVENT GSM_Functions.ttcn3:2085 Message enqueued on MSC from system charstring : "{\"type\": \"HEARTBEAT\"}" id 22
2026/Jun/15 13:13:05.013889 TIMEROP GSM_Functions.ttcn3:2086 Timeout T_dly: 10 s
2026/Jun/15 13:13:05.013987 USER TC_26_7_2_1.ttcn3:120 *** Step 2: Sending Paging Request to trigger RR establishment ***
2026/Jun/15 13:13:05.014046 PORTEVENT TC_26_7_2_1.ttcn3:123 Sent on MSC to system charstring : "{\"command\": \"CMD_SEND_PAGING\", \"params\": {\"imsi\": \"901700000000001\", \"lac\": 4242, \"cell_id\": 4242, \"tmsi\": 12345678}}"
2026/Jun/15 13:13:05.014143 USER TC_26_7_2_1.ttcn3:123 MSC_Port: TX: {"command": "CMD_SEND_PAGING", "params": {"imsi": "901700000000001", "lac": 4242, "cell_id": 4242, "tmsi": 12345678}}
2026/Jun/15 13:13:05.014167 TIMEROP TC_26_7_2_1.ttcn3:125 Start timer T_wait: 30 s
2026/Jun/15 13:13:05.014195 PORTEVENT TC_26_7_2_1.ttcn3:127 Receive operation on port MSC succeeded, message from system(): charstring : "{\"type\": \"HEARTBEAT\"}" id 21
2026/Jun/15 13:13:05.014214 PORTEVENT TC_26_7_2_1.ttcn3:127 Message with id 21 was extracted from the queue of MSC.
2026/Jun/15 13:13:05.014366 PORTEVENT TC_26_7_2_1.ttcn3:127 Receive operation on port MSC succeeded, message from system(): charstring : "{\"type\": \"HEARTBEAT\"}" id 22
2026/Jun/15 13:13:05.014381 PORTEVENT TC_26_7_2_1.ttcn3:127 Message with id 22 was extracted from the queue of MSC.
2026/Jun/15 13:13:05.015207 USER TC_26_7_2_1.ttcn3:126 MSC_Port: RX: {"status": "ok", "sent": true}
2026/Jun/15 13:13:05.015247 PORTEVENT TC_26_7_2_1.ttcn3:126 Message enqueued on MSC from system charstring : "{\"status\": \"ok\", \"sent\": true}" id 23
2026/Jun/15 13:13:05.015271 PORTEVENT TC_26_7_2_1.ttcn3:127 Receive operation on port MSC succeeded, message from system(): charstring : "{\"status\": \"ok\", \"sent\": true}" id 23
2026/Jun/15 13:13:05.015285 PORTEVENT TC_26_7_2_1.ttcn3:127 Message with id 23 was extracted from the queue of MSC.
2026/Jun/15 13:13:05.795084 USER TC_26_7_2_1.ttcn3:126 MSC_Port: RX: {"type": "EVENT_PAGING_RESPONSE", "bsc_slr": 3, "msc_slr": 3, "cksn": 7, "mi_type": "tmsi", "tmsi": 12345678}
2026/Jun/15 13:13:05.795180 PORTEVENT TC_26_7_2_1.ttcn3:126 Message enqueued on MSC from system charstring : "{\"type\": \"EVENT_PAGING_RESPONSE\", \"bsc_slr\": 3, \"msc_slr\": 3, \"cksn\": 7, \"mi_type\": \"tmsi\", \"tmsi\": 12345678}" id 24
2026/Jun/15 13:13:05.795225 PORTEVENT TC_26_7_2_1.ttcn3:127 Receive operation on port MSC succeeded, message from system(): charstring : "{\"type\": \"EVENT_PAGING_RESPONSE\", \"bsc_slr\": 3, \"msc_slr\": 3, \"cksn\": 7, \"mi_type\": \"tmsi\", \"tmsi\": 12345678}" id 24
2026/Jun/15 13:13:05.795245 PORTEVENT TC_26_7_2_1.ttcn3:127 Message with id 24 was extracted from the queue of MSC.
2026/Jun/15 13:13:05.795442 USER GSM_Functions.ttcn3:365 f_extractJsonInt: Searching for key '"bsc_slr"' in JSON: "{\"type\": \"EVENT_PAGING_RESPONSE\", \"bsc_slr\": 3, \"msc_slr\": 3, \"cksn\": 7, \"mi_type\": \"tmsi\", \"tmsi\": 12345678}"
2026/Jun/15 13:13:05.795501 USER GSM_Functions.ttcn3:372 f_extractJsonInt: Found key at position 34 (pattern: "\"bsc_slr\":")
2026/Jun/15 13:13:05.795538 USER GSM_Functions.ttcn3:422 f_extractJsonInt: Extracted number string '"3"' => integer 3
2026/Jun/15 13:13:05.795561 USER TC_26_7_2_1.ttcn3:130 MS responded to paging, bsc_slr=3
2026/Jun/15 13:13:05.795578 TIMEROP TC_26_7_2_1.ttcn3:131 Stop timer T_wait: 30 s
2026/Jun/15 13:13:05.795598 USER TC_26_7_2_1.ttcn3:142 *** Step 4: Sending Authentication Request with new CKSN=4 ***
2026/Jun/15 13:13:05.795648 PORTEVENT TC_26_7_2_1.ttcn3:144 Sent on MSC to system charstring : "{\"command\": \"CMD_SEND_AUTH_REQ\", \"params\": {\"bsc_slr\": 3, \"cksn\": 4, \"rand\": \"0123456789ABCDEF0123456789ABCDEF\"}}"
2026/Jun/15 13:13:05.795722 USER TC_26_7_2_1.ttcn3:144 MSC_Port: TX: {"command": "CMD_SEND_AUTH_REQ", "params": {"bsc_slr": 3, "cksn": 4, "rand": "0123456789ABCDEF0123456789ABCDEF"}}
2026/Jun/15 13:13:05.795742 TIMEROP TC_26_7_2_1.ttcn3:146 Start timer T_wait: 10 s
2026/Jun/15 13:13:05.796341 USER TC_26_7_2_1.ttcn3:147 MSC_Port: RX: {"status": "ok", "sent": true}
2026/Jun/15 13:13:05.796369 PORTEVENT TC_26_7_2_1.ttcn3:147 Message enqueued on MSC from system charstring : "{\"status\": \"ok\", \"sent\": true}" id 25
2026/Jun/15 13:13:05.796390 PORTEVENT TC_26_7_2_1.ttcn3:148 Receive operation on port MSC succeeded, message from system(): charstring : "{\"status\": \"ok\", \"sent\": true}" id 25
2026/Jun/15 13:13:05.796402 PORTEVENT TC_26_7_2_1.ttcn3:148 Message with id 25 was extracted from the queue of MSC.
2026/Jun/15 13:13:06.265844 USER TC_26_7_2_1.ttcn3:147 MSC_Port: RX: {"type": "EVENT_DTAP", "bsc_slr": 3, "pd": 5, "msg_type": 20}
2026/Jun/15 13:13:06.265939 PORTEVENT TC_26_7_2_1.ttcn3:147 Message enqueued on MSC from system charstring : "{\"type\": \"EVENT_DTAP\", \"bsc_slr\": 3, \"pd\": 5, \"msg_type\": 20}" id 26
2026/Jun/15 13:13:06.265980 PORTEVENT TC_26_7_2_1.ttcn3:148 Receive operation on port MSC succeeded, message from system(): charstring : "{\"type\": \"EVENT_DTAP\", \"bsc_slr\": 3, \"pd\": 5, \"msg_type\": 20}" id 26
2026/Jun/15 13:13:06.265998 PORTEVENT TC_26_7_2_1.ttcn3:148 Message with id 26 was extracted from the queue of MSC.
2026/Jun/15 13:13:06.266122 USER TC_26_7_2_1.ttcn3:147 MSC_Port: RX: {"type": "EVENT_AUTH_RESPONSE", "bsc_slr": 3, "sres": "51e2bd26"}
2026/Jun/15 13:13:06.266149 PORTEVENT TC_26_7_2_1.ttcn3:147 Message enqueued on MSC from system charstring : "{\"type\": \"EVENT_AUTH_RESPONSE\", \"bsc_slr\": 3, \"sres\": \"51e2bd26\"}" id 27
2026/Jun/15 13:13:06.266169 PORTEVENT TC_26_7_2_1.ttcn3:148 Receive operation on port MSC succeeded, message from system(): charstring : "{\"type\": \"EVENT_AUTH_RESPONSE\", \"bsc_slr\": 3, \"sres\": \"51e2bd26\"}" id 27
2026/Jun/15 13:13:06.266181 PORTEVENT TC_26_7_2_1.ttcn3:148 Message with id 27 was extracted from the queue of MSC.
2026/Jun/15 13:13:06.266330 USER TC_26_7_2_1.ttcn3:150 Received AUTHENTICATION RESPONSE
2026/Jun/15 13:13:06.266465 VERDICTOP TC_26_7_2_1.ttcn3:152 setverdict(pass): none -> pass reason: "Sub-test 1 (Auth Response) passed", new component reason: "Sub-test 1 (Auth Response) passed"
2026/Jun/15 13:13:06.266586 TIMEROP TC_26_7_2_1.ttcn3:153 Stop timer T_wait: 10 s
2026/Jun/15 13:13:06.266605 USER TC_26_7_2_1.ttcn3:168 *** Step 5: Releasing Channel ***
2026/Jun/15 13:13:06.266632 PORTEVENT TC_26_7_2_1.ttcn3:170 Sent on MSC to system charstring : "{\"command\": \"CMD_SEND_CLEAR_CMD\", \"params\": {\"bsc_slr\": 3, \"cause\": 0}}"
2026/Jun/15 13:13:06.266705 USER TC_26_7_2_1.ttcn3:170 MSC_Port: TX: {"command": "CMD_SEND_CLEAR_CMD", "params": {"bsc_slr": 3, "cause": 0}}
2026/Jun/15 13:13:06.266723 TIMEROP TC_26_7_2_1.ttcn3:172 Start timer T_wait: 10 s
2026/Jun/15 13:13:06.267437 USER TC_26_7_2_1.ttcn3:173 MSC_Port: RX: {"status": "ok"}
2026/Jun/15 13:13:06.267472 PORTEVENT TC_26_7_2_1.ttcn3:173 Message enqueued on MSC from system charstring : "{\"status\": \"ok\"}" id 28
2026/Jun/15 13:13:06.267492 PORTEVENT TC_26_7_2_1.ttcn3:174 Receive operation on port MSC succeeded, message from system(): charstring : "{\"status\": \"ok\"}" id 28
2026/Jun/15 13:13:06.267504 PORTEVENT TC_26_7_2_1.ttcn3:174 Message with id 28 was extracted from the queue of MSC.
2026/Jun/15 13:13:06.267608 USER TC_26_7_2_1.ttcn3:176 Channel released
2026/Jun/15 13:13:06.267624 TIMEROP TC_26_7_2_1.ttcn3:177 Stop timer T_wait: 10 s
2026/Jun/15 13:13:06.267638 TIMEROP GSM_Functions.ttcn3:2084 Start timer T_dly: 10 s
2026/Jun/15 13:13:06.307988 USER GSM_Functions.ttcn3:2085 MSC_Port: RX: {"type": "EVENT_BSSMAP_CLEAR_COMPLETE", "bsc_slr": 3}
2026/Jun/15 13:13:06.308086 PORTEVENT GSM_Functions.ttcn3:2085 Message enqueued on MSC from system charstring : "{\"type\": \"EVENT_BSSMAP_CLEAR_COMPLETE\", \"bsc_slr\": 3}" id 29
2026/Jun/15 13:13:07.268067 USER GSM_Functions.ttcn3:2085 MSC_Port: RX: {"type": "HEARTBEAT"}
2026/Jun/15 13:13:07.268172 PORTEVENT GSM_Functions.ttcn3:2085 Message enqueued on MSC from system charstring : "{\"type\": \"HEARTBEAT\"}" id 30
2026/Jun/15 13:13:08.146175 USER GSM_Functions.ttcn3:2085 VTY_PT: Received data (buffered): 61 bytes
2026/Jun/15 13:13:09.274322 USER GSM_Functions.ttcn3:2085 MSC_Port: RX: {"type": "EVENT_PAGING_RESPONSE", "bsc_slr": 4, "msc_slr": 4, "cksn": 4, "mi_type": "tmsi", "tmsi": 12345678}
2026/Jun/15 13:13:09.274426 PORTEVENT GSM_Functions.ttcn3:2085 Message enqueued on MSC from system charstring : "{\"type\": \"EVENT_PAGING_RESPONSE\", \"bsc_slr\": 4, \"msc_slr\": 4, \"cksn\": 4, \"mi_type\": \"tmsi\", \"tmsi\": 12345678}" id 31
2026/Jun/15 13:13:12.273101 USER GSM_Functions.ttcn3:2085 MSC_Port: RX: {"type": "HEARTBEAT"}
2026/Jun/15 13:13:12.273160 PORTEVENT GSM_Functions.ttcn3:2085 Message enqueued on MSC from system charstring : "{\"type\": \"HEARTBEAT\"}" id 32
2026/Jun/15 13:13:16.270851 TIMEROP GSM_Functions.ttcn3:2086 Timeout T_dly: 10 s
2026/Jun/15 13:13:16.270938 USER TC_26_7_2_1.ttcn3:193 *** Step 7: Second Paging to verify CKSN usage ***
2026/Jun/15 13:13:16.271000 PORTEVENT TC_26_7_2_1.ttcn3:194 Sent on MSC to system charstring : "{\"command\": \"CMD_SEND_PAGING\", \"params\": {\"imsi\": \"901700000000001\", \"lac\": 4242, \"cell_id\": 4242, \"tmsi\": 12345678}}"
2026/Jun/15 13:13:16.271096 USER TC_26_7_2_1.ttcn3:194 MSC_Port: TX: {"command": "CMD_SEND_PAGING", "params": {"imsi": "901700000000001", "lac": 4242, "cell_id": 4242, "tmsi": 12345678}}
2026/Jun/15 13:13:16.271120 TIMEROP TC_26_7_2_1.ttcn3:196 Start timer T_wait: 30 s
2026/Jun/15 13:13:16.271151 PORTEVENT TC_26_7_2_1.ttcn3:198 Receive operation on port MSC succeeded, message from system(): charstring : "{\"type\": \"EVENT_BSSMAP_CLEAR_COMPLETE\", \"bsc_slr\": 3}" id 29
2026/Jun/15 13:13:16.271170 PORTEVENT TC_26_7_2_1.ttcn3:198 Message with id 29 was extracted from the queue of MSC.
2026/Jun/15 13:13:16.271358 PORTEVENT TC_26_7_2_1.ttcn3:198 Receive operation on port MSC succeeded, message from system(): charstring : "{\"type\": \"HEARTBEAT\"}" id 30
2026/Jun/15 13:13:16.271373 PORTEVENT TC_26_7_2_1.ttcn3:198 Message with id 30 was extracted from the queue of MSC.
2026/Jun/15 13:13:16.271469 PORTEVENT TC_26_7_2_1.ttcn3:198 Receive operation on port MSC succeeded, message from system(): charstring : "{\"type\": \"EVENT_PAGING_RESPONSE\", \"bsc_slr\": 4, \"msc_slr\": 4, \"cksn\": 4, \"mi_type\": \"tmsi\", \"tmsi\": 12345678}" id 31
2026/Jun/15 13:13:16.271484 PORTEVENT TC_26_7_2_1.ttcn3:198 Message with id 31 was extracted from the queue of MSC.
2026/Jun/15 13:13:16.271644 USER GSM_Functions.ttcn3:365 f_extractJsonInt: Searching for key '"cksn"' in JSON: "{\"type\": \"EVENT_PAGING_RESPONSE\", \"bsc_slr\": 4, \"msc_slr\": 4, \"cksn\": 4, \"mi_type\": \"tmsi\", \"tmsi\": 12345678}"
2026/Jun/15 13:13:16.271712 USER GSM_Functions.ttcn3:372 f_extractJsonInt: Found key at position 62 (pattern: "\"cksn\":")
2026/Jun/15 13:13:16.271746 USER GSM_Functions.ttcn3:422 f_extractJsonInt: Extracted number string '"4"' => integer 4
2026/Jun/15 13:13:16.271765 USER TC_26_7_2_1.ttcn3:201 MS responded to paging. CKSN in message: 4
2026/Jun/15 13:13:16.271806 USER TC_26_7_2_1.ttcn3:204 SUCCESS: MS used the new CKSN allocated earlier
2026/Jun/15 13:13:16.271849 VERDICTOP TC_26_7_2_1.ttcn3:206 setverdict(pass): pass -> pass reason: "Sub-test 2 (CKSN verification) passed", component reason not changed
2026/Jun/15 13:13:16.271878 TIMEROP TC_26_7_2_1.ttcn3:211 Stop timer T_wait: 30 s
2026/Jun/15 13:13:16.271906 PARALLEL GSM_Component_Definitions.ttcn3:346 Unmapping port mtc:L from system:L.
2026/Jun/15 13:13:16.272004 USER GSM_Component_Definitions.ttcn3:346 L3_Port: Unmapping from L
2026/Jun/15 13:13:16.272053 PORTEVENT GSM_Component_Definitions.ttcn3:346 Port L was unmapped from system:L.
2026/Jun/15 13:13:16.272158 PARALLEL GSM_Component_Definitions.ttcn3:346 Unmap operation of mtc:L from system:L finished.
2026/Jun/15 13:13:16.272178 PARALLEL GSM_Component_Definitions.ttcn3:347 Unmapping port mtc:RR from system:RR.
2026/Jun/15 13:13:16.272209 USER GSM_Component_Definitions.ttcn3:347 MSC_Port: RX: {"status": "ok", "sent": true}
2026/Jun/15 13:13:16.272230 PORTEVENT GSM_Component_Definitions.ttcn3:347 Message enqueued on MSC from system charstring : "{\"status\": \"ok\", \"sent\": true}" id 33
2026/Jun/15 13:13:16.272255 PORTEVENT GSM_Component_Definitions.ttcn3:347 Port RR was unmapped from system:RR.
2026/Jun/15 13:13:16.272300 PARALLEL GSM_Component_Definitions.ttcn3:347 Unmap operation of mtc:RR from system:RR finished.
2026/Jun/15 13:13:16.272314 PARALLEL GSM_Component_Definitions.ttcn3:348 Unmapping port mtc:MM from system:MM.
2026/Jun/15 13:13:16.272360 PORTEVENT GSM_Component_Definitions.ttcn3:348 Port MM was unmapped from system:MM.
2026/Jun/15 13:13:16.272402 PARALLEL GSM_Component_Definitions.ttcn3:348 Unmap operation of mtc:MM from system:MM finished.
2026/Jun/15 13:13:16.272415 PARALLEL GSM_Component_Definitions.ttcn3:349 Unmapping port mtc:CC from system:CC.
2026/Jun/15 13:13:16.272460 PORTEVENT GSM_Component_Definitions.ttcn3:349 Port CC was unmapped from system:CC.
2026/Jun/15 13:13:16.272503 PARALLEL GSM_Component_Definitions.ttcn3:349 Unmap operation of mtc:CC from system:CC finished.
2026/Jun/15 13:13:16.272515 PARALLEL GSM_Component_Definitions.ttcn3:350 Unmapping port mtc:MSC from system:MSC.
2026/Jun/15 13:13:16.272558 USER GSM_Component_Definitions.ttcn3:350 MSC_Port: Unmapping from MSC
2026/Jun/15 13:13:16.272634 PORTEVENT GSM_Component_Definitions.ttcn3:350 Port MSC was unmapped from system:MSC.
2026/Jun/15 13:13:16.272683 PARALLEL GSM_Component_Definitions.ttcn3:350 Unmap operation of mtc:MSC from system:MSC finished.
2026/Jun/15 13:13:16.272696 PARALLEL GSM_Component_Definitions.ttcn3:351 Unmapping port mtc:VTY from system:VTY.
2026/Jun/15 13:13:16.272741 USER GSM_Component_Definitions.ttcn3:351 VTY_PT: Unmapping port from VTY interface
2026/Jun/15 13:13:16.272876 USER GSM_Component_Definitions.ttcn3:351 VTY_PT: Disconnected from VTY
2026/Jun/15 13:13:16.272904 PORTEVENT GSM_Component_Definitions.ttcn3:351 Port VTY was unmapped from system:VTY.
2026/Jun/15 13:13:16.272968 PARALLEL GSM_Component_Definitions.ttcn3:351 Unmap operation of mtc:VTY from system:VTY finished.
2026/Jun/15 13:13:16.272991 VERDICTOP TC_26_7_2_1.ttcn3:226 setverdict(pass): pass -> pass reason: "TC_26_7_2_1 passed", component reason not changed
2026/Jun/15 13:13:16.273034 PARALLEL TC_26_7_2_1.ttcn3:226 Terminating component type GSM_Component_Definitions.GSM_CT.
2026/Jun/15 13:13:16.273057 TIMEROP TC_26_7_2_1.ttcn3:226 Stop timer T_guard: 300 s
2026/Jun/15 13:13:16.273087 USER TC_26_7_2_1.ttcn3:226 L3_Port: user_stop called
2026/Jun/15 13:13:16.273102 PORTEVENT TC_26_7_2_1.ttcn3:226 Port L was stopped.
2026/Jun/15 13:13:16.273135 PORTEVENT TC_26_7_2_1.ttcn3:226 Port RR was stopped.
2026/Jun/15 13:13:16.273157 PORTEVENT TC_26_7_2_1.ttcn3:226 Port MM was stopped.
2026/Jun/15 13:13:16.273173 PORTEVENT TC_26_7_2_1.ttcn3:226 Port CC was stopped.
2026/Jun/15 13:13:16.273181 USER TC_26_7_2_1.ttcn3:226 MSC_Port: user_stop called
2026/Jun/15 13:13:16.273194 PORTEVENT TC_26_7_2_1.ttcn3:226 Message with id 32 was extracted from the queue of MSC.
2026/Jun/15 13:13:16.273204 PORTEVENT TC_26_7_2_1.ttcn3:226 Message with id 33 was extracted from the queue of MSC.
2026/Jun/15 13:13:16.273211 PORTEVENT TC_26_7_2_1.ttcn3:226 Port MSC was stopped.
2026/Jun/15 13:13:16.273227 USER TC_26_7_2_1.ttcn3:226 BSC_Port: user_stop called
2026/Jun/15 13:13:16.273239 PORTEVENT TC_26_7_2_1.ttcn3:226 Port BSC was stopped.
2026/Jun/15 13:13:16.273247 PORTEVENT TC_26_7_2_1.ttcn3:226 Port RSL was stopped.
2026/Jun/15 13:13:16.273254 USER TC_26_7_2_1.ttcn3:226 VTY_PT: Stopping
2026/Jun/15 13:13:16.273266 PORTEVENT TC_26_7_2_1.ttcn3:226 Port VTY was stopped.
2026/Jun/15 13:13:16.273274 PORTEVENT TC_26_7_2_1.ttcn3:226 Port COORD was stopped.
2026/Jun/15 13:13:16.273301 PARALLEL TC_26_7_2_1.ttcn3:226 Component type GSM_Component_Definitions.GSM_CT was shut down inside testcase TC_26_7_2_1.
2026/Jun/15 13:13:16.273315 EXECUTOR TC_26_7_2_1.ttcn3:226 Waiting for PTCs to finish.
2026/Jun/15 13:13:16.273391 VERDICTOP TC_26_7_2_1.ttcn3:226 Setting final verdict of the test case.
2026/Jun/15 13:13:16.273476 VERDICTOP TC_26_7_2_1.ttcn3:226 Local verdict of MTC: pass reason: "Sub-test 1 (Auth Response) passed"
2026/Jun/15 13:13:16.273522 VERDICTOP TC_26_7_2_1.ttcn3:226 No PTCs were created.
2026/Jun/15 13:13:16.273545 TESTCASE TC_26_7_2_1.ttcn3:226 Test case TC_26_7_2_1 finished. Verdict: pass reason: Sub-test 1 (Auth Response) passed
2026/Jun/15 13:13:16.273733 STATISTICS - Verdict statistics: 0 none (0.00 %), 1 pass (100.00 %), 0 inconc (0.00 %), 0 fail (0.00 %), 0 error (0.00 %).
2026/Jun/15 13:13:16.273819 STATISTICS - Test execution summary: 1 test case was executed. Overall verdict: pass
2026/Jun/15 13:13:16.273843 EXECUTOR - Exit was requested from MC. Terminating MTC.
