11:55:10.154533 TTCN-3 Host Controller started on ttcn3-tc-26-7-5-8-3-12-qb9w9. Version: 11.1.0.
11:55:10.154663 TTCN Logger v2.2 options: TimeStampFormat:=Time; LogEntityName:=No; LogEventTypes:=No; SourceInfoFormat:=None; LogSensitiveData:=No; *.FileMask:=LOG_ALL; *.ConsoleMask:=ERROR | TESTCASE | USER | VERDICTOP | WARNING; LogFileSize:=0; LogFileNumber:=1; DiskFullAction:=Error
11:55:10.154672 Maximum number of open file descriptors: 1048576,   FD_SETSIZE = 1024
11:55:10.154775 Warning: The address of MC was set to a local IP address. This may cause incorrect behavior if a HC from a remote host also connects to MC.
11:55:10.154804 The address of MC was set to 127.0.0.1:0.
11:55:10.154912 Connected to MC.
11:55:10.154981 This host supports UNIX domain sockets for local communication.
11:55:10.155282 Processing configuration data received from MC.
11:55:10.155663 Warning: Skeleton `/results/TC_26_7_5_8_3-2026-06-08-115050/%n.log' does not guarantee unique log file name for every test system process. It may cause unpredictable results if several test components try to write into the same log file.
11:55:10.155956 Module GSM_Constants has the following parameters: { TSPC_Serv_TS11 := true, TSPC_Serv_TS61 := false, TSPC_Serv_TS62 := false, TSPC_Serv_BS21 := false, TSPC_Serv_BS22 := false, TSPC_Serv_BS24 := false, TSPC_Serv_BS25 := false, TSPC_Serv_BS26 := false, TSPC_Serv_BS31 := false, TSPC_Serv_BS32 := false, TSPC_Serv_BS33 := false, TSPC_Serv_BS34 := false, TSPC_Serv_BS41 := false, TSPC_Serv_BS42 := false, TSPC_Serv_BS43 := false, TSPC_Serv_BS44 := false, TSPC_Serv_BS45 := false, TSPC_Serv_BS51 := false, TSPC_Serv_BS61 := false, TSPC_Serv_BS81 := false, TSPC_DualRate := false, TSPC_MTsvc := true, TSPX_IMSI := '901700000000001F'O, TSPX_TMSI := '1914D97F'O, TSPX_CKSNDef := 0, TSPX_RANDDef := '00112233445566778899AABBCCDDEEFF'O, TSPX_SRES := '12345678'O, TSPX_Kc := '0000000000000000'O, TSPX_SDCCH4SubDef := 0, TSPX_TmSltDef := 0, TSPX_TscDef := 7, TSPX_TCHHSubDef := 0, TCV_CC := true, TSPX_Telephony_Rate := C_Full (0), TSPX_MOBscSvcA := C_Telephony (0), TSPX_MOBscSvcB := C_Telephony (0), TSPX_MOBscSvcC := C_Telephony (0), TSPX_MOBscSvcD := C_Telephony (0), TSPX_MOBscSvcE := C_Telephony (0), TSPX_MOBscSvcF := C_Telephony (0), TSPX_MOBscSvcG := C_Telephony (0), TSPX_MOChRateA := C_Full (0), TSPX_MOChRateB := C_Full (0), TSPX_MOChRateC := C_Full (0), TSPX_MOChRateD := C_Full (0), TSPX_MOChRateE := C_Full (0), TSPX_MOChRateF := C_Full (0), TSPX_MOChRateG := C_Full (0), TSPX_MTBscSvcA := C_Telephony (0), TSPX_MTBscSvcB := C_Telephony (0), TSPX_MTBscSvcC := C_Telephony (0), TSPX_MTBscSvcD := C_Telephony (0), TSPX_MTBscSvcE := C_Telephony (0), TSPX_MTBscSvcF := C_Telephony (0), TSPX_MTBscSvcG := C_Telephony (0), TSPX_MTBscSvcH := C_Telephony (0), TSPX_MTBscSvcI := C_Telephony (0), TSPX_MTBscSvcJ := C_Telephony (0), TSPX_MTChRateA := C_Full (0), TSPX_MTChRateB := C_Full (0), TSPX_MTChRateC := C_Full (0), TSPX_MTChRateD := C_Full (0), TSPX_MTChRateE := C_Full (0), TSPX_MTChRateF := C_Full (0), TSPX_MTChRateG := C_Full (0), TSPX_MTChRateH := C_Full (0), TSPX_MTChRateI := C_Full (0), TSPX_MTChRateJ := C_Full (0), C_arfcnA := 100 }
11:55:10.156030 Module TC_26_6_1_2 has the following parameters: { TSPX_nPara := 3, TSPX_i1Para := 3, TSPX_kPara := 5, TSPX_i2Para := 1, TSPX_rPara := 4, TSPX_i3Para := 4 }
11:55:10.156055 Initializing module GSM_Component_Definitions.
11:55:10.156061 Initializing module GSM_Templates.
11:55:10.156065 Initializing module GSM_Constants.
11:55:10.156068 Initializing module GSM_Types.
11:55:10.156070 Initialization of module GSM_Types finished.
11:55:10.156072 Initialization of module GSM_Constants finished.
11:55:10.156125 Initialization of module GSM_Templates finished.
11:55:10.156128 Initialization of module GSM_Component_Definitions finished.
11:55:10.156130 Initializing module GSM_Functions.
11:55:10.156147 Initialization of module GSM_Functions finished.
11:55:10.156150 Initializing module PreGenRecordOf.
11:55:10.156152 Initialization of module PreGenRecordOf finished.
11:55:10.156154 Initializing module TC_26_2_1_3.
11:55:10.156164 Initialization of module TC_26_2_1_3 finished.
11:55:10.156167 Initializing module TC_26_2_2.
11:55:10.156170 Initialization of module TC_26_2_2 finished.
11:55:10.156172 Initializing module TC_26_2_3.
11:55:10.156176 Initialization of module TC_26_2_3 finished.
11:55:10.156178 Initializing module TC_26_6_11_1.
11:55:10.156182 Initialization of module TC_26_6_11_1 finished.
11:55:10.156184 Initializing module TC_26_6_11_2.
11:55:10.156188 Initialization of module TC_26_6_11_2 finished.
11:55:10.156190 Initializing module TC_26_6_12_1.
11:55:10.156194 Initialization of module TC_26_6_12_1 finished.
11:55:10.156196 Initializing module TC_26_6_12_2.
11:55:10.156199 Initialization of module TC_26_6_12_2 finished.
11:55:10.156202 Initializing module TC_26_6_12_3.
11:55:10.156205 Initialization of module TC_26_6_12_3 finished.
11:55:10.156207 Initializing module TC_26_6_12_4.
11:55:10.156211 Initialization of module TC_26_6_12_4 finished.
11:55:10.156213 Initializing module TC_26_6_13_10.
11:55:10.156216 Initialization of module TC_26_6_13_10 finished.
11:55:10.156219 Initializing module TC_26_6_13_9.
11:55:10.156223 Initialization of module TC_26_6_13_9 finished.
11:55:10.156225 Initializing module TC_26_6_1_1.
11:55:10.156229 Initialization of module TC_26_6_1_1 finished.
11:55:10.156231 Initializing module TC_26_6_1_2.
11:55:10.156235 Initialization of module TC_26_6_1_2 finished.
11:55:10.156237 Initializing module TC_26_6_1_3.
11:55:10.156240 Initialization of module TC_26_6_1_3 finished.
11:55:10.156242 Initializing module TC_26_6_1_4.
11:55:10.156246 Initialization of module TC_26_6_1_4 finished.
11:55:10.156248 Initializing module TC_26_6_1_5.
11:55:10.156252 Initialization of module TC_26_6_1_5 finished.
11:55:10.156254 Initializing module TC_26_6_2_1_1.
11:55:10.156258 Initialization of module TC_26_6_2_1_1 finished.
11:55:10.156260 Initializing module TC_26_6_2_1_2.
11:55:10.156264 Initialization of module TC_26_6_2_1_2 finished.
11:55:10.156266 Initializing module TC_26_6_2_1_3.
11:55:10.156270 Initialization of module TC_26_6_2_1_3 finished.
11:55:10.156272 Initializing module TC_26_6_2_2.
11:55:10.156276 Initialization of module TC_26_6_2_2 finished.
11:55:10.156278 Initializing module TC_26_6_2_3_1.
11:55:10.156282 Initialization of module TC_26_6_2_3_1 finished.
11:55:10.156284 Initializing module TC_26_6_2_3_2.
11:55:10.156288 Initialization of module TC_26_6_2_3_2 finished.
11:55:10.156290 Initializing module TC_26_6_2_4.
11:55:10.156294 Initialization of module TC_26_6_2_4 finished.
11:55:10.156296 Initializing module TC_26_6_3_1.
11:55:10.156299 Initialization of module TC_26_6_3_1 finished.
11:55:10.156301 Initializing module TC_26_6_3_4.
11:55:10.156305 Initialization of module TC_26_6_3_4 finished.
11:55:10.156307 Initializing module TC_26_6_4_1.
11:55:10.156311 Initialization of module TC_26_6_4_1 finished.
11:55:10.156313 Initializing module TC_26_6_4_2_2.
11:55:10.156317 Initialization of module TC_26_6_4_2_2 finished.
11:55:10.156319 Initializing module TC_26_6_5_1.
11:55:10.156323 Initialization of module TC_26_6_5_1 finished.
11:55:10.156325 Initializing module TC_26_6_5_2_1.
11:55:10.156328 Initialization of module TC_26_6_5_2_1 finished.
11:55:10.156330 Initializing module TC_26_6_8_1.
11:55:10.156334 Initialization of module TC_26_6_8_1 finished.
11:55:10.156336 Initializing module TC_26_6_8_2.
11:55:10.156340 Initialization of module TC_26_6_8_2 finished.
11:55:10.156342 Initializing module TC_26_6_8_3.
11:55:10.156346 Initialization of module TC_26_6_8_3 finished.
11:55:10.156348 Initializing module TC_26_6_8_4.
11:55:10.156351 Initialization of module TC_26_6_8_4 finished.
11:55:10.156353 Initializing module TC_26_6_8_5.
11:55:10.156357 Initialization of module TC_26_6_8_5 finished.
11:55:10.156359 Initializing module TC_26_7_1.
11:55:10.156363 Initialization of module TC_26_7_1 finished.
11:55:10.156365 Initializing module TC_26_7_2_1.
11:55:10.156368 Initialization of module TC_26_7_2_1 finished.
11:55:10.156370 Initializing module TC_26_7_2_2.
11:55:10.156374 Initialization of module TC_26_7_2_2 finished.
11:55:10.156379 Initializing module TC_26_7_3_1.
11:55:10.156383 Initialization of module TC_26_7_3_1 finished.
11:55:10.156385 Initializing module TC_26_7_3_2.
11:55:10.156388 Initialization of module TC_26_7_3_2 finished.
11:55:10.156390 Initializing module TC_26_7_4_1.
11:55:10.156394 Initialization of module TC_26_7_4_1 finished.
11:55:10.156396 Initializing module TC_26_7_4_2_1.
11:55:10.156400 Initialization of module TC_26_7_4_2_1 finished.
11:55:10.156402 Initializing module TC_26_7_4_2_2_1.
11:55:10.156406 Initialization of module TC_26_7_4_2_2_1 finished.
11:55:10.156408 Initializing module TC_26_7_4_2_2_2.
11:55:10.156412 Initialization of module TC_26_7_4_2_2_2 finished.
11:55:10.156414 Initializing module TC_26_7_4_2_3.
11:55:10.156418 Initialization of module TC_26_7_4_2_3 finished.
11:55:10.156420 Initializing module TC_26_7_4_2_4_1.
11:55:10.156424 Initialization of module TC_26_7_4_2_4_1 finished.
11:55:10.156426 Initializing module TC_26_7_4_2_4_2.
11:55:10.156430 Initialization of module TC_26_7_4_2_4_2 finished.
11:55:10.156432 Initializing module TC_26_7_4_2_4_3.
11:55:10.156435 Initialization of module TC_26_7_4_2_4_3 finished.
11:55:10.156438 Initializing module TC_26_7_4_2_4_4.
11:55:10.156442 Initialization of module TC_26_7_4_2_4_4 finished.
11:55:10.156444 Initializing module TC_26_7_4_2_4_5.
11:55:10.156447 Initialization of module TC_26_7_4_2_4_5 finished.
11:55:10.156449 Initializing module TC_26_7_4_3_1.
11:55:10.156453 Initialization of module TC_26_7_4_3_1 finished.
11:55:10.156455 Initializing module TC_26_7_4_3_2.
11:55:10.156459 Initialization of module TC_26_7_4_3_2 finished.
11:55:10.156461 Initializing module TC_26_7_4_3_3.
11:55:10.156465 Initialization of module TC_26_7_4_3_3 finished.
11:55:10.156467 Initializing module TC_26_7_4_3_4.
11:55:10.156471 Initialization of module TC_26_7_4_3_4 finished.
11:55:10.156473 Initializing module TC_26_7_4_4.
11:55:10.156476 Initialization of module TC_26_7_4_4 finished.
11:55:10.156479 Initializing module TC_26_7_4_5_1.
11:55:10.156482 Initialization of module TC_26_7_4_5_1 finished.
11:55:10.156485 Initializing module TC_26_7_4_5_2.
11:55:10.156488 Initialization of module TC_26_7_4_5_2 finished.
11:55:10.156490 Initializing module TC_26_7_4_5_3.
11:55:10.156494 Initialization of module TC_26_7_4_5_3 finished.
11:55:10.156496 Initializing module TC_26_7_4_5_4_2.
11:55:10.156500 Initialization of module TC_26_7_4_5_4_2 finished.
11:55:10.156502 Initializing module TC_26_7_5_2.
11:55:10.156506 Initialization of module TC_26_7_5_2 finished.
11:55:10.156508 Initializing module TC_26_7_5_3.
11:55:10.156512 Initialization of module TC_26_7_5_3 finished.
11:55:10.156514 Initializing module TC_26_7_5_4.
11:55:10.156517 Initialization of module TC_26_7_5_4 finished.
11:55:10.156519 Initializing module TC_26_7_5_5.
11:55:10.156523 Initialization of module TC_26_7_5_5 finished.
11:55:10.156525 Initializing module TC_26_7_5_6.
11:55:10.156529 Initialization of module TC_26_7_5_6 finished.
11:55:10.156531 Initializing module TC_26_7_5_7_1.
11:55:10.156534 Initialization of module TC_26_7_5_7_1 finished.
11:55:10.156537 Initializing module TC_26_7_5_8_1.
11:55:10.156541 Initialization of module TC_26_7_5_8_1 finished.
11:55:10.156543 Initializing module TC_26_7_5_8_2.
11:55:10.156546 Initialization of module TC_26_7_5_8_2 finished.
11:55:10.156548 Initializing module TC_26_7_5_8_3.
11:55:10.156552 Initialization of module TC_26_7_5_8_3 finished.
11:55:10.156554 Initializing module TC_26_8_1_2_1_1.
11:55:10.156558 Initialization of module TC_26_8_1_2_1_1 finished.
11:55:10.156560 Initializing module TC_26_8_1_2_2_1.
11:55:10.156564 Initialization of module TC_26_8_1_2_2_1 finished.
11:55:10.156566 Initializing module TC_26_8_1_2_2_2.
11:55:10.156569 Initialization of module TC_26_8_1_2_2_2 finished.
11:55:10.156571 Initializing module TC_26_8_1_2_2_3.
11:55:10.156575 Initialization of module TC_26_8_1_2_2_3 finished.
11:55:10.156578 Initializing module TC_26_8_1_2_3_1.
11:55:10.156582 Initialization of module TC_26_8_1_2_3_1 finished.
11:55:10.156586 Initializing module TC_26_8_1_2_3_2.
11:55:10.156590 Initialization of module TC_26_8_1_2_3_2 finished.
11:55:10.156593 Initializing module TC_26_8_1_2_3_3.
11:55:10.156596 Initialization of module TC_26_8_1_2_3_3 finished.
11:55:10.156598 Initializing module TC_26_8_1_2_3_4.
11:55:10.156602 Initialization of module TC_26_8_1_2_3_4 finished.
11:55:10.156604 Initializing module TC_26_8_1_2_3_5.
11:55:10.156608 Initialization of module TC_26_8_1_2_3_5 finished.
11:55:10.156610 Initializing module TC_26_8_1_2_3_6.
11:55:10.156614 Initialization of module TC_26_8_1_2_3_6 finished.
11:55:10.156616 Initializing module TC_26_8_1_2_3_7.
11:55:10.156620 Initialization of module TC_26_8_1_2_3_7 finished.
11:55:10.156622 Initializing module TC_26_8_1_2_4_1.
11:55:10.156626 Initialization of module TC_26_8_1_2_4_1 finished.
11:55:10.156628 Initializing module TC_26_8_1_2_4_13.
11:55:10.156632 Initialization of module TC_26_8_1_2_4_13 finished.
11:55:10.156634 Initializing module TC_26_8_1_2_4_2.
11:55:10.156638 Initialization of module TC_26_8_1_2_4_2 finished.
11:55:10.156640 Initializing module TC_26_8_1_2_4_3.
11:55:10.156644 Initialization of module TC_26_8_1_2_4_3 finished.
11:55:10.156646 Initializing module TC_26_8_1_2_4_4.
11:55:10.156650 Initialization of module TC_26_8_1_2_4_4 finished.
11:55:10.156652 Initializing module TC_26_8_1_2_4_5.
11:55:10.156656 Initialization of module TC_26_8_1_2_4_5 finished.
11:55:10.156658 Initializing module TC_26_8_1_2_6_1.
11:55:10.156662 Initialization of module TC_26_8_1_2_6_1 finished.
11:55:10.156664 Initializing module TC_26_8_1_2_6_2.
11:55:10.156668 Initialization of module TC_26_8_1_2_6_2 finished.
11:55:10.156670 Initializing module TC_26_8_1_2_6_3.
11:55:10.156673 Initialization of module TC_26_8_1_2_6_3 finished.
11:55:10.156676 Initializing module TC_26_8_1_2_6_6.
11:55:10.156679 Initialization of module TC_26_8_1_2_6_6 finished.
11:55:10.156681 Initializing module TC_26_8_1_3_1_1.
11:55:10.156685 Initialization of module TC_26_8_1_3_1_1 finished.
11:55:10.156687 Initializing module TC_26_8_1_3_2_1.
11:55:10.156691 Initialization of module TC_26_8_1_3_2_1 finished.
11:55:10.156693 Initializing module TC_26_8_1_3_3_1.
11:55:10.156697 Initialization of module TC_26_8_1_3_3_1 finished.
11:55:10.156699 Initializing module TC_26_8_1_3_3_2.
11:55:10.156703 Initialization of module TC_26_8_1_3_3_2 finished.
11:55:10.156705 Initializing module TC_26_8_1_3_3_3.
11:55:10.156708 Initialization of module TC_26_8_1_3_3_3 finished.
11:55:10.156710 Initializing module TC_26_8_1_3_3_4.
11:55:10.156714 Initialization of module TC_26_8_1_3_3_4 finished.
11:55:10.156716 Initializing module TC_26_8_1_3_3_5.
11:55:10.156720 Initialization of module TC_26_8_1_3_3_5 finished.
11:55:10.156722 Initializing module TC_26_8_1_3_3_6.
11:55:10.156726 Initialization of module TC_26_8_1_3_3_6 finished.
11:55:10.156728 Initializing module TC_26_8_1_3_3_7.
11:55:10.156732 Initialization of module TC_26_8_1_3_3_7 finished.
11:55:10.156734 Initializing module TC_26_8_1_3_4_1.
11:55:10.156738 Initialization of module TC_26_8_1_3_4_1 finished.
11:55:10.156740 Initializing module TC_26_8_1_3_4_2.
11:55:10.156744 Initialization of module TC_26_8_1_3_4_2 finished.
11:55:10.156746 Initializing module TC_26_8_1_3_4_3.
11:55:10.156750 Initialization of module TC_26_8_1_3_4_3 finished.
11:55:10.156752 Initializing module TC_26_8_1_3_4_4.
11:55:10.156756 Initialization of module TC_26_8_1_3_4_4 finished.
11:55:10.156758 Initializing module TC_26_8_1_3_4_5.
11:55:10.156762 Initialization of module TC_26_8_1_3_4_5 finished.
11:55:10.156764 Initializing module TC_26_8_1_3_4_6.
11:55:10.156768 Initialization of module TC_26_8_1_3_4_6 finished.
11:55:10.156770 Initializing module TC_26_8_1_3_4_7.
11:55:10.156774 Initialization of module TC_26_8_1_3_4_7 finished.
11:55:10.156776 Initializing module TC_26_8_1_3_4_8.
11:55:10.156780 Initialization of module TC_26_8_1_3_4_8 finished.
11:55:10.156782 Initializing module TC_26_8_1_3_5_1.
11:55:10.156785 Initialization of module TC_26_8_1_3_5_1 finished.
11:55:10.156790 Initializing module TC_26_8_1_3_5_2.
11:55:10.156794 Initialization of module TC_26_8_1_3_5_2 finished.
11:55:10.156796 Initializing module TC_26_8_1_3_5_3.
11:55:10.156800 Initialization of module TC_26_8_1_3_5_3 finished.
11:55:10.156802 Initializing module TC_26_8_1_3_5_4.
11:55:10.156806 Initialization of module TC_26_8_1_3_5_4 finished.
11:55:10.156808 Initializing module TC_26_8_1_3_5_5.
11:55:10.156812 Initialization of module TC_26_8_1_3_5_5 finished.
11:55:10.156814 Initializing module TC_26_8_1_3_5_6.
11:55:10.156817 Initialization of module TC_26_8_1_3_5_6 finished.
11:55:10.156820 Initializing module TC_26_8_1_3_5_7.
11:55:10.156832 Initialization of module TC_26_8_1_3_5_7 finished.
11:55:10.156834 Initializing module TC_26_8_1_3_5_8.
11:55:10.156838 Initialization of module TC_26_8_1_3_5_8 finished.
11:55:10.156840 Initializing module TC_26_8_1_3_5_9.
11:55:10.156844 Initialization of module TC_26_8_1_3_5_9 finished.
11:55:10.156846 Initializing module TC_26_8_2_1.
11:55:10.156850 Initialization of module TC_26_8_2_1 finished.
11:55:10.156852 Initializing module TC_26_8_2_2.
11:55:10.156856 Initialization of module TC_26_8_2_2 finished.
11:55:10.156858 Initializing module TC_26_8_2_3.
11:55:10.156861 Initialization of module TC_26_8_2_3 finished.
11:55:10.156863 Initializing module TC_26_8_3.
11:55:10.156867 Initialization of module TC_26_8_3 finished.
11:55:10.156869 Initializing module TC_34_2_2.
11:55:10.156873 Initialization of module TC_34_2_2 finished.
11:55:10.156875 Initializing module TitanLoggerApi.
11:55:10.156877 Initialization of module TitanLoggerApi finished.
11:55:10.156879 Initializing module TitanLoggerControl.
11:55:10.156881 Initialization of module TitanLoggerControl finished.
11:55:10.156890 Configuration data was processed successfully.
11:55:10.158591 MTC was created. Process id: 297.
11:56:34.034947 Exit was requested from MC. Terminating HC.
11:56:34.035146 Disconnected from MC.
11:56:34.035189 TTCN-3 Host Controller finished.
