======================================================
Waiting for mobile to register (5 seconds)...
======================================================
======================================================
Starting TC_26_2_3 Test Case
======================================================
Waiting for DNS: msc-test-stub
Waiting for DNS: msc-test-stub
Waiting for DNS: msc-test-stub
Waiting for DNS: msc-test-stub
Waiting for DNS: msc-test-stub
Waiting for DNS: msc-test-stub
Waiting for DNS: msc-test-stub
Waiting for DNS: msc-test-stub
Waiting for DNS: msc-test-stub
Waiting for DNS: msc-test-stub
Waiting for DNS: msc-test-stub
Waiting for DNS: msc-test-stub
Waiting for DNS: msc-test-stub
Waiting for DNS: msc-test-stub
Waiting for DNS: msc-test-stub
Waiting for DNS: msc-test-stub
Waiting for DNS: msc-test-stub
Waiting for DNS: msc-test-stub
Waiting for DNS: msc-test-stub
Waiting for DNS: msc-test-stub
Waiting for DNS: msc-test-stub
Waiting for DNS: msc-test-stub
Waiting for DNS: msc-test-stub
Waiting for DNS: msc-test-stub
Waiting for DNS: msc-test-stub
Waiting for DNS: msc-test-stub
Waiting for DNS: msc-test-stub
Waiting for DNS: msc-test-stub
Waiting for DNS: msc-test-stub
Waiting for DNS: msc-test-stub
Waiting for DNS: msc-test-stub
Waiting for DNS: msc-test-stub
Waiting for DNS: msc-test-stub
Waiting for DNS: msc-test-stub
Waiting for DNS: msc-test-stub
Waiting for DNS: msc-test-stub
Waiting for DNS: msc-test-stub
Waiting for DNS: msc-test-stub
Waiting for DNS: msc-test-stub
Waiting for DNS: msc-test-stub
Waiting for DNS: msc-test-stub
Waiting for DNS: msc-test-stub
Waiting for DNS: msc-test-stub
Waiting for DNS: msc-test-stub
Waiting for DNS: msc-test-stub
Waiting for DNS: msc-test-stub
Waiting for DNS: msc-test-stub
Waiting for DNS: msc-test-stub
Waiting for DNS: msc-test-stub
Waiting for DNS: msc-test-stub
Waiting for DNS: msc-test-stub
Waiting for DNS: msc-test-stub
Waiting for DNS: msc-test-stub
Waiting for DNS: msc-test-stub
Waiting for DNS: msc-test-stub
Waiting for DNS: msc-test-stub
Waiting for DNS: msc-test-stub
Waiting for DNS: msc-test-stub
Waiting for DNS: msc-test-stub
Waiting for DNS: msc-test-stub
Waiting for DNS: msc-test-stub
Waiting for DNS: msc-test-stub
Waiting for DNS: msc-test-stub
Waiting for DNS: msc-test-stub
Waiting for DNS: msc-test-stub
Waiting for DNS: msc-test-stub
Waiting for DNS: msc-test-stub
Waiting for DNS: msc-test-stub
Waiting for DNS: msc-test-stub
Waiting for DNS: msc-test-stub
Waiting for DNS: msc-test-stub
Waiting for DNS: msc-test-stub
Waiting for DNS: msc-test-stub
Waiting for DNS: msc-test-stub
Waiting for DNS: msc-test-stub
Waiting for DNS: msc-test-stub
Waiting for DNS: msc-test-stub
Waiting for DNS: msc-test-stub
Waiting for DNS: msc-test-stub
Waiting for DNS: msc-test-stub
Waiting for DNS: msc-test-stub
Waiting for DNS: msc-test-stub
Waiting for DNS: msc-test-stub
Waiting for DNS: msc-test-stub
Waiting for DNS: msc-test-stub
Waiting for DNS: msc-test-stub
Waiting for DNS: msc-test-stub
Waiting for DNS: msc-test-stub
Waiting for DNS: msc-test-stub
Waiting for DNS: msc-test-stub
Waiting for DNS: msc-test-stub
Waiting for DNS: msc-test-stub
Waiting for DNS: msc-test-stub
Waiting for DNS: msc-test-stub
Waiting for DNS: msc-test-stub
Waiting for DNS: msc-test-stub
Waiting for DNS: msc-test-stub
Waiting for DNS: msc-test-stub
Waiting for DNS: msc-test-stub
Waiting for DNS: msc-test-stub
Waiting for DNS: msc-test-stub
Waiting for DNS: msc-test-stub
Waiting for DNS: msc-test-stub
Waiting for DNS: msc-test-stub
Waiting for DNS: msc-test-stub
Waiting for DNS: msc-test-stub
Waiting for DNS: msc-test-stub
Waiting for DNS: msc-test-stub
Waiting for DNS: msc-test-stub
Waiting for DNS: msc-test-stub
Waiting for DNS: msc-test-stub
Waiting for DNS: msc-test-stub
Waiting for DNS: msc-test-stub
Waiting for DNS: msc-test-stub
Waiting for DNS: msc-test-stub
Waiting for DNS: msc-test-stub
Waiting for DNS: msc-test-stub
Waiting for DNS: msc-test-stub
Waiting for DNS: msc-test-stub
Waiting for DNS: msc-test-stub
Waiting for DNS: msc-test-stub
Waiting for DNS: msc-test-stub
Waiting for DNS: msc-test-stub
Waiting for DNS: msc-test-stub
Waiting for DNS: msc-test-stub
Waiting for DNS: msc-test-stub
Waiting for DNS: msc-test-stub
Waiting for DNS: msc-test-stub
Waiting for DNS: msc-test-stub
Waiting for DNS: msc-test-stub
Waiting for DNS: msc-test-stub
Waiting for DNS: msc-test-stub
Waiting for DNS: msc-test-stub
Waiting for DNS: msc-test-stub
Waiting for DNS: msc-test-stub
Waiting for DNS: msc-test-stub
Waiting for DNS: msc-test-stub
Waiting for DNS: msc-test-stub
Waiting for DNS: msc-test-stub
Waiting for DNS: msc-test-stub
Waiting for DNS: msc-test-stub
Waiting for DNS: msc-test-stub
Waiting for DNS: msc-test-stub
Waiting for DNS: msc-test-stub
Waiting for DNS: msc-test-stub
Waiting for DNS: msc-test-stub
Waiting for DNS: msc-test-stub
Waiting for DNS: msc-test-stub
Waiting for DNS: msc-test-stub
Waiting for DNS: msc-test-stub
Waiting for DNS: msc-test-stub
Waiting for DNS: msc-test-stub
Waiting for DNS: msc-test-stub
Waiting for DNS: msc-test-stub
Waiting for DNS: msc-test-stub
Waiting for DNS: msc-test-stub
Resolved: msc=10.42.0.137 mobile=10.43.58.199 bsc=10.42.0.134
DEBUG: [EXECUTE] section:
[EXECUTE]
TC_26_2_3.TC_26_2_3
  Waiting for MC... (1/30)
Main Controller ready (attempt 2)
Starting Host Controller...
TTCN-3 Host Controller (parallel mode), version 11.1.0
The address of MC was set to a local IP address. This may cause incorrect behavior if a HC from a remote host also connects to MC.
Result dir: /results/TC_26_2_3-2026-06-05-094701
Waiting for log files...
2026/Jun/05 09:52:15.473292 EXECUTOR - TTCN-3 Host Controller started on ttcn3-tc-26-2-3-8-9gzz7. Version: 11.1.0.
2026/Jun/05 09:52:15.473434 EXECUTOR - TTCN Logger v2.2 options: TimeStampFormat:=DateTime; LogEntityName:=No; LogEventTypes:=Yes; SourceInfoFormat:=Single; LogSensitiveData:=No; *.FileMask:=LOG_ALL; *.ConsoleMask:=ERROR | TESTCASE | USER | VERDICTOP | WARNING; LogFileSize:=0; LogFileNumber:=1; DiskFullAction:=Error
2026/Jun/05 09:52:15.473443 EXECUTOR - Maximum number of open file descriptors: 1048576,   FD_SETSIZE = 1024
2026/Jun/05 09:52:15.473552 WARNING - Warning: The address of MC was set to a local IP address. This may cause incorrect behavior if a HC from a remote host also connects to MC.
2026/Jun/05 09:52:15.473582 EXECUTOR - The address of MC was set to 127.0.0.1:0.
2026/Jun/05 09:52:15.473690 EXECUTOR - Connected to MC.
2026/Jun/05 09:52:15.473775 EXECUTOR - This host supports UNIX domain sockets for local communication.
2026/Jun/05 09:52:15.474045 EXECUTOR - Processing configuration data received from MC.
2026/Jun/05 09:52:15.474263 WARNING - Warning: Skeleton `/results/TC_26_2_3-2026-06-05-094701/%n.log' does not guarantee unique log file name for every test system process. It may cause unpredictable results if several test components try to write into the same log file.
2026/Jun/05 09:52:15.474547 EXECUTOR - Module GSM_Constants has the following parameters: { TSPC_Serv_TS11 := true, TSPC_Serv_TS61 := false, TSPC_Serv_TS62 := false, TSPC_Serv_BS21 := false, TSPC_Serv_BS22 := false, TSPC_Serv_BS24 := false, TSPC_Serv_BS25 := false, TSPC_Serv_BS26 := false, TSPC_Serv_BS31 := false, TSPC_Serv_BS32 := false, TSPC_Serv_BS33 := false, TSPC_Serv_BS34 := false, TSPC_Serv_BS41 := false, TSPC_Serv_BS42 := false, TSPC_Serv_BS43 := false, TSPC_Serv_BS44 := false, TSPC_Serv_BS45 := false, TSPC_Serv_BS51 := false, TSPC_Serv_BS61 := false, TSPC_Serv_BS81 := false, TSPC_DualRate := false, TSPC_MTsvc := true, TSPX_IMSI := '901700000000001F'O, TSPX_TMSI := '1914D97F'O, TSPX_CKSNDef := 0, TSPX_RANDDef := '00112233445566778899AABBCCDDEEFF'O, TSPX_SRES := '12345678'O, TSPX_Kc := '0000000000000000'O, TSPX_SDCCH4SubDef := 0, TSPX_TmSltDef := 0, TSPX_TscDef := 7, TSPX_TCHHSubDef := 0, TCV_CC := true, TSPX_Telephony_Rate := C_Full (0), TSPX_MOBscSvcA := C_Telephony (0), TSPX_MOBscSvcB := C_Telephony (0), TSPX_MOBscSvcC := C_Telephony (0), TSPX_MOBscSvcD := C_Telephony (0), TSPX_MOBscSvcE := C_Telephony (0), TSPX_MOBscSvcF := C_Telephony (0), TSPX_MOBscSvcG := C_Telephony (0), TSPX_MOChRateA := C_Full (0), TSPX_MOChRateB := C_Full (0), TSPX_MOChRateC := C_Full (0), TSPX_MOChRateD := C_Full (0), TSPX_MOChRateE := C_Full (0), TSPX_MOChRateF := C_Full (0), TSPX_MOChRateG := C_Full (0), TSPX_MTBscSvcA := C_Telephony (0), TSPX_MTBscSvcB := C_Telephony (0), TSPX_MTBscSvcC := C_Telephony (0), TSPX_MTBscSvcD := C_Telephony (0), TSPX_MTBscSvcE := C_Telephony (0), TSPX_MTBscSvcF := C_Telephony (0), TSPX_MTBscSvcG := C_Telephony (0), TSPX_MTBscSvcH := C_Telephony (0), TSPX_MTBscSvcI := C_Telephony (0), TSPX_MTBscSvcJ := C_Telephony (0), TSPX_MTChRateA := C_Full (0), TSPX_MTChRateB := C_Full (0), TSPX_MTChRateC := C_Full (0), TSPX_MTChRateD := C_Full (0), TSPX_MTChRateE := C_Full (0), TSPX_MTChRateF := C_Full (0), TSPX_MTChRateG := C_Full (0), TSPX_MTChRateH := C_Full (0), TSPX_MTChRateI := C_Full (0), TSPX_MTChRateJ := C_Full (0), C_arfcnA := 51 }
2026/Jun/05 09:52:15.474619 EXECUTOR - Module TC_26_6_1_2 has the following parameters: { TSPX_nPara := 3, TSPX_i1Para := 3, TSPX_kPara := 5, TSPX_i2Para := 1, TSPX_rPara := 4, TSPX_i3Para := 4 }
2026/Jun/05 09:52:15.474646 EXECUTOR - Initializing module GSM_Component_Definitions.
2026/Jun/05 09:52:15.474652 EXECUTOR GSM_Component_Definitions.ttcn3:0 Initializing module GSM_Templates.
2026/Jun/05 09:52:15.474668 EXECUTOR GSM_Templates.ttcn3:0 Initializing module GSM_Constants.
2026/Jun/05 09:52:15.474673 EXECUTOR GSM_Constants.ttcn3:0 Initializing module GSM_Types.
2026/Jun/05 09:52:15.474676 EXECUTOR GSM_Constants.ttcn3:0 Initialization of module GSM_Types finished.
2026/Jun/05 09:52:15.474679 EXECUTOR GSM_Templates.ttcn3:0 Initialization of module GSM_Constants finished.
2026/Jun/05 09:52:15.474741 EXECUTOR GSM_Component_Definitions.ttcn3:0 Initialization of module GSM_Templates finished.
2026/Jun/05 09:52:15.474745 EXECUTOR - Initialization of module GSM_Component_Definitions finished.
2026/Jun/05 09:52:15.474747 EXECUTOR - Initializing module GSM_Functions.
2026/Jun/05 09:52:15.474767 EXECUTOR - Initialization of module GSM_Functions finished.
2026/Jun/05 09:52:15.474770 EXECUTOR - Initializing module PreGenRecordOf.
2026/Jun/05 09:52:15.474772 EXECUTOR - Initialization of module PreGenRecordOf finished.
2026/Jun/05 09:52:15.474774 EXECUTOR - Initializing module TC_26_2_1_3.
2026/Jun/05 09:52:15.474777 EXECUTOR - Initialization of module TC_26_2_1_3 finished.
2026/Jun/05 09:52:15.474779 EXECUTOR - Initializing module TC_26_2_2.
2026/Jun/05 09:52:15.474783 EXECUTOR - Initialization of module TC_26_2_2 finished.
2026/Jun/05 09:52:15.474785 EXECUTOR - Initializing module TC_26_2_3.
2026/Jun/05 09:52:15.474789 EXECUTOR - Initialization of module TC_26_2_3 finished.
2026/Jun/05 09:52:15.474791 EXECUTOR - Initializing module TC_26_6_11_1.
2026/Jun/05 09:52:15.474795 EXECUTOR - Initialization of module TC_26_6_11_1 finished.
2026/Jun/05 09:52:15.474797 EXECUTOR - Initializing module TC_26_6_11_2.
2026/Jun/05 09:52:15.474801 EXECUTOR - Initialization of module TC_26_6_11_2 finished.
2026/Jun/05 09:52:15.474803 EXECUTOR - Initializing module TC_26_6_12_1.
2026/Jun/05 09:52:15.474807 EXECUTOR - Initialization of module TC_26_6_12_1 finished.
2026/Jun/05 09:52:15.474809 EXECUTOR - Initializing module TC_26_6_12_2.
2026/Jun/05 09:52:15.474812 EXECUTOR - Initialization of module TC_26_6_12_2 finished.
2026/Jun/05 09:52:15.474815 EXECUTOR - Initializing module TC_26_6_12_3.
2026/Jun/05 09:52:15.474818 EXECUTOR - Initialization of module TC_26_6_12_3 finished.
2026/Jun/05 09:52:15.474831 EXECUTOR - Initializing module TC_26_6_12_4.
2026/Jun/05 09:52:15.474835 EXECUTOR - Initialization of module TC_26_6_12_4 finished.
2026/Jun/05 09:52:15.474837 EXECUTOR - Initializing module TC_26_6_13_10.
2026/Jun/05 09:52:15.474841 EXECUTOR - Initialization of module TC_26_6_13_10 finished.
2026/Jun/05 09:52:15.474843 EXECUTOR - Initializing module TC_26_6_13_9.
2026/Jun/05 09:52:15.474846 EXECUTOR - Initialization of module TC_26_6_13_9 finished.
2026/Jun/05 09:52:15.474848 EXECUTOR - Initializing module TC_26_6_1_1.
2026/Jun/05 09:52:15.474852 EXECUTOR - Initialization of module TC_26_6_1_1 finished.
2026/Jun/05 09:52:15.474854 EXECUTOR - Initializing module TC_26_6_1_2.
2026/Jun/05 09:52:15.474858 EXECUTOR - Initialization of module TC_26_6_1_2 finished.
2026/Jun/05 09:52:15.474860 EXECUTOR - Initializing module TC_26_6_1_3.
2026/Jun/05 09:52:15.474863 EXECUTOR - Initialization of module TC_26_6_1_3 finished.
2026/Jun/05 09:52:15.474866 EXECUTOR - Initializing module TC_26_6_1_4.
2026/Jun/05 09:52:15.474869 EXECUTOR - Initialization of module TC_26_6_1_4 finished.
2026/Jun/05 09:52:15.474871 EXECUTOR - Initializing module TC_26_6_1_5.
2026/Jun/05 09:52:15.474875 EXECUTOR - Initialization of module TC_26_6_1_5 finished.
2026/Jun/05 09:52:15.474877 EXECUTOR - Initializing module TC_26_6_2_1_1.
2026/Jun/05 09:52:15.474881 EXECUTOR - Initialization of module TC_26_6_2_1_1 finished.
2026/Jun/05 09:52:15.474883 EXECUTOR - Initializing module TC_26_6_2_1_2.
2026/Jun/05 09:52:15.474887 EXECUTOR - Initialization of module TC_26_6_2_1_2 finished.
2026/Jun/05 09:52:15.474889 EXECUTOR - Initializing module TC_26_6_2_1_3.
2026/Jun/05 09:52:15.474893 EXECUTOR - Initialization of module TC_26_6_2_1_3 finished.
2026/Jun/05 09:52:15.474895 EXECUTOR - Initializing module TC_26_6_2_2.
2026/Jun/05 09:52:15.474899 EXECUTOR - Initialization of module TC_26_6_2_2 finished.
2026/Jun/05 09:52:15.474901 EXECUTOR - Initializing module TC_26_6_2_3_1.
2026/Jun/05 09:52:15.474905 EXECUTOR - Initialization of module TC_26_6_2_3_1 finished.
2026/Jun/05 09:52:15.474907 EXECUTOR - Initializing module TC_26_6_2_3_2.
2026/Jun/05 09:52:15.474911 EXECUTOR - Initialization of module TC_26_6_2_3_2 finished.
2026/Jun/05 09:52:15.474918 EXECUTOR - Initializing module TC_26_6_2_4.
2026/Jun/05 09:52:15.474922 EXECUTOR - Initialization of module TC_26_6_2_4 finished.
2026/Jun/05 09:52:15.474924 EXECUTOR - Initializing module TC_26_6_3_1.
2026/Jun/05 09:52:15.474929 EXECUTOR - Initialization of module TC_26_6_3_1 finished.
2026/Jun/05 09:52:15.474931 EXECUTOR - Initializing module TC_26_6_3_4.
2026/Jun/05 09:52:15.474935 EXECUTOR - Initialization of module TC_26_6_3_4 finished.
2026/Jun/05 09:52:15.474937 EXECUTOR - Initializing module TC_26_6_4_1.
2026/Jun/05 09:52:15.474940 EXECUTOR - Initialization of module TC_26_6_4_1 finished.
2026/Jun/05 09:52:15.474942 EXECUTOR - Initializing module TC_26_6_4_2_2.
2026/Jun/05 09:52:15.474946 EXECUTOR - Initialization of module TC_26_6_4_2_2 finished.
2026/Jun/05 09:52:15.474948 EXECUTOR - Initializing module TC_26_6_5_1.
2026/Jun/05 09:52:15.474952 EXECUTOR - Initialization of module TC_26_6_5_1 finished.
2026/Jun/05 09:52:15.474954 EXECUTOR - Initializing module TC_26_6_5_2_1.
2026/Jun/05 09:52:15.474958 EXECUTOR - Initialization of module TC_26_6_5_2_1 finished.
2026/Jun/05 09:52:15.474960 EXECUTOR - Initializing module TC_26_6_8_1.
2026/Jun/05 09:52:15.474964 EXECUTOR - Initialization of module TC_26_6_8_1 finished.
2026/Jun/05 09:52:15.474966 EXECUTOR - Initializing module TC_26_6_8_2.
2026/Jun/05 09:52:15.474970 EXECUTOR - Initialization of module TC_26_6_8_2 finished.
2026/Jun/05 09:52:15.474972 EXECUTOR - Initializing module TC_26_6_8_3.
2026/Jun/05 09:52:15.474976 EXECUTOR - Initialization of module TC_26_6_8_3 finished.
2026/Jun/05 09:52:15.474978 EXECUTOR - Initializing module TC_26_6_8_4.
2026/Jun/05 09:52:15.474982 EXECUTOR - Initialization of module TC_26_6_8_4 finished.
2026/Jun/05 09:52:15.474984 EXECUTOR - Initializing module TC_26_6_8_5.
2026/Jun/05 09:52:15.474988 EXECUTOR - Initialization of module TC_26_6_8_5 finished.
2026/Jun/05 09:52:15.474990 EXECUTOR - Initializing module TC_26_7_1.
2026/Jun/05 09:52:15.474994 EXECUTOR - Initialization of module TC_26_7_1 finished.
2026/Jun/05 09:52:15.474996 EXECUTOR - Initializing module TC_26_7_2_1.
2026/Jun/05 09:52:15.475000 EXECUTOR - Initialization of module TC_26_7_2_1 finished.
2026/Jun/05 09:52:15.475002 EXECUTOR - Initializing module TC_26_7_2_2.
2026/Jun/05 09:52:15.475006 EXECUTOR - Initialization of module TC_26_7_2_2 finished.
2026/Jun/05 09:52:15.475008 EXECUTOR - Initializing module TC_26_7_3_1.
2026/Jun/05 09:52:15.475011 EXECUTOR - Initialization of module TC_26_7_3_1 finished.
2026/Jun/05 09:52:15.475013 EXECUTOR - Initializing module TC_26_7_3_2.
2026/Jun/05 09:52:15.475017 EXECUTOR - Initialization of module TC_26_7_3_2 finished.
2026/Jun/05 09:52:15.475019 EXECUTOR - Initializing module TC_26_7_4_1.
2026/Jun/05 09:52:15.475023 EXECUTOR - Initialization of module TC_26_7_4_1 finished.
2026/Jun/05 09:52:15.475026 EXECUTOR - Initializing module TC_26_7_4_2_1.
2026/Jun/05 09:52:15.475029 EXECUTOR - Initialization of module TC_26_7_4_2_1 finished.
2026/Jun/05 09:52:15.475031 EXECUTOR - Initializing module TC_26_7_4_2_2_1.
2026/Jun/05 09:52:15.475035 EXECUTOR - Initialization of module TC_26_7_4_2_2_1 finished.
2026/Jun/05 09:52:15.475037 EXECUTOR - Initializing module TC_26_7_4_2_2_2.
2026/Jun/05 09:52:15.475041 EXECUTOR - Initialization of module TC_26_7_4_2_2_2 finished.
2026/Jun/05 09:52:15.475043 EXECUTOR - Initializing module TC_26_7_4_2_3.
2026/Jun/05 09:52:15.475047 EXECUTOR - Initialization of module TC_26_7_4_2_3 finished.
2026/Jun/05 09:52:15.475049 EXECUTOR - Initializing module TC_26_7_4_2_4_1.
2026/Jun/05 09:52:15.475053 EXECUTOR - Initialization of module TC_26_7_4_2_4_1 finished.
2026/Jun/05 09:52:15.475055 EXECUTOR - Initializing module TC_26_7_4_2_4_2.
2026/Jun/05 09:52:15.475059 EXECUTOR - Initialization of module TC_26_7_4_2_4_2 finished.
2026/Jun/05 09:52:15.475061 EXECUTOR - Initializing module TC_26_7_4_2_4_3.
2026/Jun/05 09:52:15.475065 EXECUTOR - Initialization of module TC_26_7_4_2_4_3 finished.
2026/Jun/05 09:52:15.475067 EXECUTOR - Initializing module TC_26_7_4_2_4_4.
2026/Jun/05 09:52:15.475075 EXECUTOR - Initialization of module TC_26_7_4_2_4_4 finished.
2026/Jun/05 09:52:15.475077 EXECUTOR - Initializing module TC_26_7_4_2_4_5.
2026/Jun/05 09:52:15.475081 EXECUTOR - Initialization of module TC_26_7_4_2_4_5 finished.
2026/Jun/05 09:52:15.475083 EXECUTOR - Initializing module TC_26_7_4_3_1.
2026/Jun/05 09:52:15.475087 EXECUTOR - Initialization of module TC_26_7_4_3_1 finished.
2026/Jun/05 09:52:15.475089 EXECUTOR - Initializing module TC_26_7_4_3_2.
2026/Jun/05 09:52:15.475093 EXECUTOR - Initialization of module TC_26_7_4_3_2 finished.
2026/Jun/05 09:52:15.475095 EXECUTOR - Initializing module TC_26_7_4_3_3.
2026/Jun/05 09:52:15.475098 EXECUTOR - Initialization of module TC_26_7_4_3_3 finished.
2026/Jun/05 09:52:15.475100 EXECUTOR - Initializing module TC_26_7_4_3_4.
2026/Jun/05 09:52:15.475104 EXECUTOR - Initialization of module TC_26_7_4_3_4 finished.
2026/Jun/05 09:52:15.475106 EXECUTOR - Initializing module TC_26_7_4_4.
2026/Jun/05 09:52:15.475110 EXECUTOR - Initialization of module TC_26_7_4_4 finished.
2026/Jun/05 09:52:15.475112 EXECUTOR - Initializing module TC_26_7_4_5_1.
2026/Jun/05 09:52:15.475116 EXECUTOR - Initialization of module TC_26_7_4_5_1 finished.
2026/Jun/05 09:52:15.475118 EXECUTOR - Initializing module TC_26_7_4_5_2.
2026/Jun/05 09:52:15.475122 EXECUTOR - Initialization of module TC_26_7_4_5_2 finished.
2026/Jun/05 09:52:15.475124 EXECUTOR - Initializing module TC_26_7_4_5_3.
2026/Jun/05 09:52:15.475128 EXECUTOR - Initialization of module TC_26_7_4_5_3 finished.
2026/Jun/05 09:52:15.475130 EXECUTOR - Initializing module TC_26_7_4_5_4_2.
2026/Jun/05 09:52:15.475134 EXECUTOR - Initialization of module TC_26_7_4_5_4_2 finished.
2026/Jun/05 09:52:15.475136 EXECUTOR - Initializing module TC_26_7_5_2.
2026/Jun/05 09:52:15.475140 EXECUTOR - Initialization of module TC_26_7_5_2 finished.
2026/Jun/05 09:52:15.475142 EXECUTOR - Initializing module TC_26_7_5_3.
2026/Jun/05 09:52:15.475146 EXECUTOR - Initialization of module TC_26_7_5_3 finished.
2026/Jun/05 09:52:15.475148 EXECUTOR - Initializing module TC_26_7_5_4.
2026/Jun/05 09:52:15.475151 EXECUTOR - Initialization of module TC_26_7_5_4 finished.
2026/Jun/05 09:52:15.475154 EXECUTOR - Initializing module TC_26_7_5_5.
2026/Jun/05 09:52:15.475157 EXECUTOR - Initialization of module TC_26_7_5_5 finished.
2026/Jun/05 09:52:15.475159 EXECUTOR - Initializing module TC_26_7_5_6.
2026/Jun/05 09:52:15.475164 EXECUTOR - Initialization of module TC_26_7_5_6 finished.
2026/Jun/05 09:52:15.475166 EXECUTOR - Initializing module TC_26_7_5_7_1.
2026/Jun/05 09:52:15.475169 EXECUTOR - Initialization of module TC_26_7_5_7_1 finished.
2026/Jun/05 09:52:15.475171 EXECUTOR - Initializing module TC_26_7_5_8_1.
2026/Jun/05 09:52:15.475175 EXECUTOR - Initialization of module TC_26_7_5_8_1 finished.
2026/Jun/05 09:52:15.475177 EXECUTOR - Initializing module TC_26_7_5_8_2.
2026/Jun/05 09:52:15.475181 EXECUTOR - Initialization of module TC_26_7_5_8_2 finished.
2026/Jun/05 09:52:15.475183 EXECUTOR - Initializing module TC_26_7_5_8_3.
2026/Jun/05 09:52:15.475187 EXECUTOR - Initialization of module TC_26_7_5_8_3 finished.
2026/Jun/05 09:52:15.475189 EXECUTOR - Initializing module TC_26_8_1_2_1_1.
2026/Jun/05 09:52:15.475192 EXECUTOR - Initialization of module TC_26_8_1_2_1_1 finished.
2026/Jun/05 09:52:15.475194 EXECUTOR - Initializing module TC_26_8_1_2_2_1.
2026/Jun/05 09:52:15.475198 EXECUTOR - Initialization of module TC_26_8_1_2_2_1 finished.
2026/Jun/05 09:52:15.475200 EXECUTOR - Initializing module TC_26_8_1_2_2_2.
2026/Jun/05 09:52:15.475204 EXECUTOR - Initialization of module TC_26_8_1_2_2_2 finished.
2026/Jun/05 09:52:15.475207 EXECUTOR - Initializing module TC_26_8_1_2_2_3.
2026/Jun/05 09:52:15.475210 EXECUTOR - Initialization of module TC_26_8_1_2_2_3 finished.
2026/Jun/05 09:52:15.475212 EXECUTOR - Initializing module TC_26_8_1_2_3_1.
2026/Jun/05 09:52:15.475216 EXECUTOR - Initialization of module TC_26_8_1_2_3_1 finished.
2026/Jun/05 09:52:15.475218 EXECUTOR - Initializing module TC_26_8_1_2_3_2.
2026/Jun/05 09:52:15.475222 EXECUTOR - Initialization of module TC_26_8_1_2_3_2 finished.
2026/Jun/05 09:52:15.475227 EXECUTOR - Initializing module TC_26_8_1_2_3_3.
2026/Jun/05 09:52:15.475231 EXECUTOR - Initialization of module TC_26_8_1_2_3_3 finished.
2026/Jun/05 09:52:15.475233 EXECUTOR - Initializing module TC_26_8_1_2_3_4.
2026/Jun/05 09:52:15.475236 EXECUTOR - Initialization of module TC_26_8_1_2_3_4 finished.
2026/Jun/05 09:52:15.475238 EXECUTOR - Initializing module TC_26_8_1_2_3_5.
2026/Jun/05 09:52:15.475242 EXECUTOR - Initialization of module TC_26_8_1_2_3_5 finished.
2026/Jun/05 09:52:15.475244 EXECUTOR - Initializing module TC_26_8_1_2_3_6.
2026/Jun/05 09:52:15.475248 EXECUTOR - Initialization of module TC_26_8_1_2_3_6 finished.
2026/Jun/05 09:52:15.475250 EXECUTOR - Initializing module TC_26_8_1_2_3_7.
2026/Jun/05 09:52:15.475254 EXECUTOR - Initialization of module TC_26_8_1_2_3_7 finished.
2026/Jun/05 09:52:15.475256 EXECUTOR - Initializing module TC_26_8_1_2_4_1.
2026/Jun/05 09:52:15.475260 EXECUTOR - Initialization of module TC_26_8_1_2_4_1 finished.
2026/Jun/05 09:52:15.475262 EXECUTOR - Initializing module TC_26_8_1_2_4_13.
2026/Jun/05 09:52:15.475266 EXECUTOR - Initialization of module TC_26_8_1_2_4_13 finished.
2026/Jun/05 09:52:15.475268 EXECUTOR - Initializing module TC_26_8_1_2_4_2.
2026/Jun/05 09:52:15.475272 EXECUTOR - Initialization of module TC_26_8_1_2_4_2 finished.
2026/Jun/05 09:52:15.475274 EXECUTOR - Initializing module TC_26_8_1_2_4_3.
2026/Jun/05 09:52:15.475278 EXECUTOR - Initialization of module TC_26_8_1_2_4_3 finished.
2026/Jun/05 09:52:15.475280 EXECUTOR - Initializing module TC_26_8_1_2_4_4.
2026/Jun/05 09:52:15.475283 EXECUTOR - Initialization of module TC_26_8_1_2_4_4 finished.
2026/Jun/05 09:52:15.475285 EXECUTOR - Initializing module TC_26_8_1_2_4_5.
2026/Jun/05 09:52:15.475289 EXECUTOR - Initialization of module TC_26_8_1_2_4_5 finished.
2026/Jun/05 09:52:15.475291 EXECUTOR - Initializing module TC_26_8_1_2_6_1.
2026/Jun/05 09:52:15.475295 EXECUTOR - Initialization of module TC_26_8_1_2_6_1 finished.
2026/Jun/05 09:52:15.475297 EXECUTOR - Initializing module TC_26_8_1_2_6_2.
2026/Jun/05 09:52:15.475301 EXECUTOR - Initialization of module TC_26_8_1_2_6_2 finished.
2026/Jun/05 09:52:15.475303 EXECUTOR - Initializing module TC_26_8_1_2_6_3.
2026/Jun/05 09:52:15.475307 EXECUTOR - Initialization of module TC_26_8_1_2_6_3 finished.
2026/Jun/05 09:52:15.475309 EXECUTOR - Initializing module TC_26_8_1_2_6_6.
2026/Jun/05 09:52:15.475313 EXECUTOR - Initialization of module TC_26_8_1_2_6_6 finished.
2026/Jun/05 09:52:15.475315 EXECUTOR - Initializing module TC_26_8_1_3_1_1.
2026/Jun/05 09:52:15.475319 EXECUTOR - Initialization of module TC_26_8_1_3_1_1 finished.
2026/Jun/05 09:52:15.475321 EXECUTOR - Initializing module TC_26_8_1_3_2_1.
2026/Jun/05 09:52:15.475325 EXECUTOR - Initialization of module TC_26_8_1_3_2_1 finished.
2026/Jun/05 09:52:15.475327 EXECUTOR - Initializing module TC_26_8_1_3_3_1.
2026/Jun/05 09:52:15.475331 EXECUTOR - Initialization of module TC_26_8_1_3_3_1 finished.
2026/Jun/05 09:52:15.475333 EXECUTOR - Initializing module TC_26_8_1_3_3_2.
2026/Jun/05 09:52:15.475336 EXECUTOR - Initialization of module TC_26_8_1_3_3_2 finished.
2026/Jun/05 09:52:15.475339 EXECUTOR - Initializing module TC_26_8_1_3_3_3.
2026/Jun/05 09:52:15.475342 EXECUTOR - Initialization of module TC_26_8_1_3_3_3 finished.
2026/Jun/05 09:52:15.475345 EXECUTOR - Initializing module TC_26_8_1_3_3_4.
2026/Jun/05 09:52:15.475348 EXECUTOR - Initialization of module TC_26_8_1_3_3_4 finished.
2026/Jun/05 09:52:15.475350 EXECUTOR - Initializing module TC_26_8_1_3_3_5.
2026/Jun/05 09:52:15.475354 EXECUTOR - Initialization of module TC_26_8_1_3_3_5 finished.
2026/Jun/05 09:52:15.475356 EXECUTOR - Initializing module TC_26_8_1_3_3_6.
2026/Jun/05 09:52:15.475360 EXECUTOR - Initialization of module TC_26_8_1_3_3_6 finished.
2026/Jun/05 09:52:15.475362 EXECUTOR - Initializing module TC_26_8_1_3_3_7.
2026/Jun/05 09:52:15.475366 EXECUTOR - Initialization of module TC_26_8_1_3_3_7 finished.
2026/Jun/05 09:52:15.475368 EXECUTOR - Initializing module TC_26_8_1_3_4_1.
2026/Jun/05 09:52:15.475374 EXECUTOR - Initialization of module TC_26_8_1_3_4_1 finished.
2026/Jun/05 09:52:15.475376 EXECUTOR - Initializing module TC_26_8_1_3_4_2.
2026/Jun/05 09:52:15.475380 EXECUTOR - Initialization of module TC_26_8_1_3_4_2 finished.
2026/Jun/05 09:52:15.475382 EXECUTOR - Initializing module TC_26_8_1_3_4_3.
2026/Jun/05 09:52:15.475386 EXECUTOR - Initialization of module TC_26_8_1_3_4_3 finished.
2026/Jun/05 09:52:15.475388 EXECUTOR - Initializing module TC_26_8_1_3_4_4.
2026/Jun/05 09:52:15.475392 EXECUTOR - Initialization of module TC_26_8_1_3_4_4 finished.
2026/Jun/05 09:52:15.475394 EXECUTOR - Initializing module TC_26_8_1_3_4_5.
2026/Jun/05 09:52:15.475398 EXECUTOR - Initialization of module TC_26_8_1_3_4_5 finished.
2026/Jun/05 09:52:15.475400 EXECUTOR - Initializing module TC_26_8_1_3_4_6.
2026/Jun/05 09:52:15.475404 EXECUTOR - Initialization of module TC_26_8_1_3_4_6 finished.
2026/Jun/05 09:52:15.475406 EXECUTOR - Initializing module TC_26_8_1_3_4_7.
2026/Jun/05 09:52:15.475410 EXECUTOR - Initialization of module TC_26_8_1_3_4_7 finished.
2026/Jun/05 09:52:15.475412 EXECUTOR - Initializing module TC_26_8_1_3_4_8.
2026/Jun/05 09:52:15.475416 EXECUTOR - Initialization of module TC_26_8_1_3_4_8 finished.
2026/Jun/05 09:52:15.475418 EXECUTOR - Initializing module TC_26_8_1_3_5_1.
2026/Jun/05 09:52:15.475421 EXECUTOR - Initialization of module TC_26_8_1_3_5_1 finished.
2026/Jun/05 09:52:15.475424 EXECUTOR - Initializing module TC_26_8_1_3_5_2.
2026/Jun/05 09:52:15.475427 EXECUTOR - Initialization of module TC_26_8_1_3_5_2 finished.
2026/Jun/05 09:52:15.475429 EXECUTOR - Initializing module TC_26_8_1_3_5_3.
2026/Jun/05 09:52:15.475433 EXECUTOR - Initialization of module TC_26_8_1_3_5_3 finished.
2026/Jun/05 09:52:15.475435 EXECUTOR - Initializing module TC_26_8_1_3_5_4.
2026/Jun/05 09:52:15.475439 EXECUTOR - Initialization of module TC_26_8_1_3_5_4 finished.
2026/Jun/05 09:52:15.475441 EXECUTOR - Initializing module TC_26_8_1_3_5_5.
2026/Jun/05 09:52:15.475445 EXECUTOR - Initialization of module TC_26_8_1_3_5_5 finished.
2026/Jun/05 09:52:15.475447 EXECUTOR - Initializing module TC_26_8_1_3_5_6.
2026/Jun/05 09:52:15.475451 EXECUTOR - Initialization of module TC_26_8_1_3_5_6 finished.
2026/Jun/05 09:52:15.475453 EXECUTOR - Initializing module TC_26_8_1_3_5_7.
2026/Jun/05 09:52:15.475457 EXECUTOR - Initialization of module TC_26_8_1_3_5_7 finished.
2026/Jun/05 09:52:15.475459 EXECUTOR - Initializing module TC_26_8_1_3_5_8.
2026/Jun/05 09:52:15.475463 EXECUTOR - Initialization of module TC_26_8_1_3_5_8 finished.
2026/Jun/05 09:52:15.475465 EXECUTOR - Initializing module TC_26_8_1_3_5_9.
2026/Jun/05 09:52:15.475469 EXECUTOR - Initialization of module TC_26_8_1_3_5_9 finished.
2026/Jun/05 09:52:15.475471 EXECUTOR - Initializing module TC_26_8_2_1.
2026/Jun/05 09:52:15.475474 EXECUTOR - Initialization of module TC_26_8_2_1 finished.
2026/Jun/05 09:52:15.475477 EXECUTOR - Initializing module TC_26_8_2_2.
2026/Jun/05 09:52:15.475480 EXECUTOR - Initialization of module TC_26_8_2_2 finished.
2026/Jun/05 09:52:15.475482 EXECUTOR - Initializing module TC_26_8_2_3.
2026/Jun/05 09:52:15.475486 EXECUTOR - Initialization of module TC_26_8_2_3 finished.
2026/Jun/05 09:52:15.475488 EXECUTOR - Initializing module TC_26_8_3.
2026/Jun/05 09:52:15.475492 EXECUTOR - Initialization of module TC_26_8_3 finished.
2026/Jun/05 09:52:15.475494 EXECUTOR - Initializing module TC_34_2_2.
2026/Jun/05 09:52:15.475498 EXECUTOR - Initialization of module TC_34_2_2 finished.
2026/Jun/05 09:52:15.475500 EXECUTOR - Initializing module TitanLoggerApi.
2026/Jun/05 09:52:15.475502 EXECUTOR - Initialization of module TitanLoggerApi finished.
2026/Jun/05 09:52:15.475504 EXECUTOR - Initializing module TitanLoggerControl.
2026/Jun/05 09:52:15.475506 EXECUTOR - Initialization of module TitanLoggerControl finished.
2026/Jun/05 09:52:15.475514 EXECUTOR - Configuration data was processed successfully.
2026/Jun/05 09:52:15.476815 EXECUTOR - MTC was created. Process id: 351.
2026/Jun/05 09:53:02.196543 EXECUTOR - Exit was requested from MC. Terminating HC.
2026/Jun/05 09:53:02.196684 EXECUTOR - Disconnected from MC.
2026/Jun/05 09:53:02.196705 EXECUTOR - TTCN-3 Host Controller finished.
2026/Jun/05 09:52:15.477726 EXECUTOR - TTCN-3 Main Test Component started on ttcn3-tc-26-2-3-8-9gzz7. Version: 11.1.0.
2026/Jun/05 09:52:15.477878 EXECUTOR - TTCN Logger v2.2 options: TimeStampFormat:=DateTime; LogEntityName:=No; LogEventTypes:=Yes; SourceInfoFormat:=Single; LogSensitiveData:=No; *.FileMask:=LOG_ALL; *.ConsoleMask:=ERROR | TESTCASE | USER | VERDICTOP | WARNING; LogFileSize:=0; LogFileNumber:=1; DiskFullAction:=Error
2026/Jun/05 09:52:15.477947 EXECUTOR - Connected to MC.
2026/Jun/05 09:52:15.478105 EXECUTOR - Executing test case TC_26_2_3 in module TC_26_2_3.
2026/Jun/05 09:52:15.478225 TESTCASE TC_26_2_3.ttcn3:42 Test case TC_26_2_3 started.
2026/Jun/05 09:52:15.478304 PARALLEL TC_26_2_3.ttcn3:42 Initializing variables, timers and ports of component type GSM_Component_Definitions.GSM_CT inside testcase TC_26_2_3.
2026/Jun/05 09:52:15.478526 USER TC_26_2_3.ttcn3:42 MSC_Port: set_parameter msc_stub_host = 10.42.0.137
2026/Jun/05 09:52:15.478583 USER TC_26_2_3.ttcn3:42 MSC_Port: set_parameter msc_stub_port = 5000
2026/Jun/05 09:52:15.478633 USER TC_26_2_3.ttcn3:42 L3_Port: set_parameter gsmtap_host = 127.0.0.1
2026/Jun/05 09:52:15.478649 USER TC_26_2_3.ttcn3:42 L3_Port: set_parameter gsmtap_port = 4729
2026/Jun/05 09:52:15.478659 USER TC_26_2_3.ttcn3:42 L3_Port: set_parameter local_port = 4730
2026/Jun/05 09:52:15.478664 USER TC_26_2_3.ttcn3:42 L3_Port: set_parameter arfcn = 51
2026/Jun/05 09:52:15.478674 USER TC_26_2_3.ttcn3:42 L3_Port: user_start called
2026/Jun/05 09:52:15.478684 PORTEVENT TC_26_2_3.ttcn3:42 Port L was started.
2026/Jun/05 09:52:15.478738 PORTEVENT TC_26_2_3.ttcn3:42 Port RR was started.
2026/Jun/05 09:52:15.478744 PORTEVENT TC_26_2_3.ttcn3:42 Port MM was started.
2026/Jun/05 09:52:15.478749 PORTEVENT TC_26_2_3.ttcn3:42 Port CC was started.
2026/Jun/05 09:52:15.478753 USER TC_26_2_3.ttcn3:42 MSC_Port: user_start called
2026/Jun/05 09:52:15.478759 PORTEVENT TC_26_2_3.ttcn3:42 Port MSC was started.
2026/Jun/05 09:52:15.478764 PORTEVENT TC_26_2_3.ttcn3:42 Port BSC was started.
2026/Jun/05 09:52:15.478769 PORTEVENT TC_26_2_3.ttcn3:42 Port RSL was started.
2026/Jun/05 09:52:15.478775 USER TC_26_2_3.ttcn3:42 VTY_PT: Starting
2026/Jun/05 09:52:15.478781 PORTEVENT TC_26_2_3.ttcn3:42 Port VTY was started.
2026/Jun/05 09:52:15.478786 PORTEVENT TC_26_2_3.ttcn3:42 Port COORD was started.
2026/Jun/05 09:52:15.478790 PARALLEL TC_26_2_3.ttcn3:42 Component type GSM_Component_Definitions.GSM_CT was initialized.
2026/Jun/05 09:52:15.478817 WARNING GSM_Component_Definitions.ttcn3:364 Warning: Stopping inactive timer T_guard.
2026/Jun/05 09:52:15.478836 WARNING GSM_Component_Definitions.ttcn3:365 Warning: Stopping inactive timer T301.
2026/Jun/05 09:52:15.478842 WARNING GSM_Component_Definitions.ttcn3:366 Warning: Stopping inactive timer T303.
2026/Jun/05 09:52:15.478847 WARNING GSM_Component_Definitions.ttcn3:367 Warning: Stopping inactive timer T305.
2026/Jun/05 09:52:15.478852 WARNING GSM_Component_Definitions.ttcn3:368 Warning: Stopping inactive timer T308.
2026/Jun/05 09:52:15.478857 WARNING GSM_Component_Definitions.ttcn3:369 Warning: Stopping inactive timer T310.
2026/Jun/05 09:52:15.478862 WARNING GSM_Component_Definitions.ttcn3:370 Warning: Stopping inactive timer T313.
2026/Jun/05 09:52:15.478872 USER GSM_Component_Definitions.ttcn3:386 Component initialized
2026/Jun/05 09:52:15.478888 PARALLEL GSM_Component_Definitions.ttcn3:334 Mapping port mtc:L to system:L.
2026/Jun/05 09:52:15.478943 USER GSM_Component_Definitions.ttcn3:334 L3_Port: Mapping to L
2026/Jun/05 09:52:15.479008 USER GSM_Component_Definitions.ttcn3:334 L3_Port: GSMTAP listening on port 4730
2026/Jun/05 09:52:15.479016 USER GSM_Component_Definitions.ttcn3:334 L3_Port: Mapped successfully (GSMTAP: 127.0.0.1:4729)
2026/Jun/05 09:52:15.479024 WARNING GSM_Component_Definitions.ttcn3:334 Warning: The maximum number of open file descriptors (1048576) is greater than FD_SETSIZE (1024). Ensure that Test Ports using Install_Handler do not try to wait for events of file descriptors with values greater than FD_SETSIZE (1024). (Current caller of Install_Handler is "L")
2026/Jun/05 09:52:15.479059 PORTEVENT GSM_Component_Definitions.ttcn3:334 Port L was mapped to system:L.
2026/Jun/05 09:52:15.479137 PARALLEL GSM_Component_Definitions.ttcn3:334 Map operation of mtc:L to system:L finished.
2026/Jun/05 09:52:15.479165 PARALLEL GSM_Component_Definitions.ttcn3:335 Mapping port mtc:RR to system:RR.
2026/Jun/05 09:52:15.479193 PORTEVENT GSM_Component_Definitions.ttcn3:335 Port RR was mapped to system:RR.
2026/Jun/05 09:52:15.479221 PARALLEL GSM_Component_Definitions.ttcn3:335 Map operation of mtc:RR to system:RR finished.
2026/Jun/05 09:52:15.479227 PARALLEL GSM_Component_Definitions.ttcn3:336 Mapping port mtc:MM to system:MM.
2026/Jun/05 09:52:15.479253 PORTEVENT GSM_Component_Definitions.ttcn3:336 Port MM was mapped to system:MM.
2026/Jun/05 09:52:15.479279 PARALLEL GSM_Component_Definitions.ttcn3:336 Map operation of mtc:MM to system:MM finished.
2026/Jun/05 09:52:15.479284 PARALLEL GSM_Component_Definitions.ttcn3:337 Mapping port mtc:CC to system:CC.
2026/Jun/05 09:52:15.479310 PORTEVENT GSM_Component_Definitions.ttcn3:337 Port CC was mapped to system:CC.
2026/Jun/05 09:52:15.479336 PARALLEL GSM_Component_Definitions.ttcn3:337 Map operation of mtc:CC to system:CC finished.
2026/Jun/05 09:52:15.479342 PARALLEL GSM_Component_Definitions.ttcn3:338 Mapping port mtc:MSC to system:MSC.
2026/Jun/05 09:52:15.479383 USER GSM_Component_Definitions.ttcn3:338 MSC_Port: Mapping to MSC
2026/Jun/05 09:52:15.479672 USER GSM_Component_Definitions.ttcn3:338 MSC_Port: Registered socket for async events
2026/Jun/05 09:52:15.479687 USER GSM_Component_Definitions.ttcn3:338 MSC_Port: Connected to MSC stub at 10.42.0.137:5000
2026/Jun/05 09:52:15.479692 PORTEVENT GSM_Component_Definitions.ttcn3:338 Port MSC was mapped to system:MSC.
2026/Jun/05 09:52:15.479724 PARALLEL GSM_Component_Definitions.ttcn3:338 Map operation of mtc:MSC to system:MSC finished.
2026/Jun/05 09:52:15.479731 PARALLEL GSM_Component_Definitions.ttcn3:339 Mapping port mtc:VTY to system:VTY.
2026/Jun/05 09:52:15.479762 USER GSM_Component_Definitions.ttcn3:339 VTY_PT: Mapping port to VTY interface
2026/Jun/05 09:52:15.479930 USER GSM_Component_Definitions.ttcn3:339 VTY_PT: Connected to VTY at 10.43.58.199:4247
2026/Jun/05 09:52:15.980184 USER GSM_Component_Definitions.ttcn3:339 VTY_PT: Initial banner received
2026/Jun/05 09:52:15.980240 PORTEVENT GSM_Component_Definitions.ttcn3:339 Port VTY was mapped to system:VTY.
2026/Jun/05 09:52:15.980287 USER GSM_Component_Definitions.ttcn3:339 MSC_Port: RX: {"type": "WELCOME", "status": "connected"}
2026/Jun/05 09:52:15.980341 PORTEVENT GSM_Component_Definitions.ttcn3:339 Message enqueued on MSC from system charstring : "{\"type\": \"WELCOME\", \"status\": \"connected\"}" id 1
2026/Jun/05 09:52:15.980382 PARALLEL GSM_Component_Definitions.ttcn3:339 Map operation of mtc:VTY to system:VTY finished.
2026/Jun/05 09:52:15.980407 TIMEROP TC_26_2_3.ttcn3:66 Start timer T_guard: 300 s
2026/Jun/05 09:52:15.980460 USER TC_26_2_3.ttcn3:68 ==========================================================
2026/Jun/05 09:52:15.980466 USER TC_26_2_3.ttcn3:69 *** TC_26_2_3: V(SD) Handling in RR Connection ***
2026/Jun/05 09:52:15.980470 USER TC_26_2_3.ttcn3:70 *** Test via A-interface with Native Osmocom Stack ***
2026/Jun/05 09:52:15.980473 USER TC_26_2_3.ttcn3:71 *** Enhanced with VTY Interface Debugging ***
2026/Jun/05 09:52:15.980477 USER TC_26_2_3.ttcn3:72 ==========================================================
2026/Jun/05 09:52:15.980481 USER TC_26_2_3.ttcn3:78 *** Pre-test: Verifying mobile state via VTY ***
2026/Jun/05 09:52:15.980486 USER GSM_Component_Definitions.ttcn3:455 VTY: Sending command: "show subscriber"
2026/Jun/05 09:52:15.980515 PORTEVENT GSM_Component_Definitions.ttcn3:456 Sent on VTY to system charstring : "show subscriber"
2026/Jun/05 09:52:15.980543 USER GSM_Component_Definitions.ttcn3:456 VTY_PT: Sending command: "show subscriber"
2026/Jun/05 09:52:16.180741 USER GSM_Component_Definitions.ttcn3:456 VTY_PT: Received response: show subscriber
Mobile Subscriber of MS '1':
 IMSI: 901700000000001
 Status: U2_NOT_UPDATED  IMSI detached  LAI: invalid
 GPRS Status: GU0_NULL IMSI detached  PTMSI 0xffffffff  PTMSI-sig 0x000000  RAI: invalid
  P-TMSI 0x00000000 Registered PLMN: MCC-MNC 901-70  (International, 70)
 Access barred cells: no
 Access classes: C0 C1 C2 C3 C4 C5 C6 C7 C8 C9 C10 C11 C12 C13 C14 C15

OsmocomBB(mobile)> 
OsmocomBB(mobile)> 
2026/Jun/05 09:52:16.180901 PORTEVENT GSM_Component_Definitions.ttcn3:456 Message enqueued on VTY from system charstring : "show subscriber\r\nMobile Subscriber of MS '1':\r\n IMSI: 901700000000001\r\n Status: U2_NOT_UPDATED  IMSI detached  LAI: invalid\r\n GPRS Status: GU0_NULL IMSI detached  PTMSI 0xffffffff  PTMSI-sig 0x000000  RAI: invalid\r\n  P-TMSI 0x00000000 Registered PLMN: MCC-MNC 901-70  (International, 70)\r\n Access barred cells: no\r\n Access classes: C0 C1 C2 C3 C4 C5 C6 C7 C8 C9 C10 C11 C12 C13 C14 C15\r\n\r\nOsmocomBB(mobile)> \r\nOsmocomBB(mobile)> " id 1
2026/Jun/05 09:52:16.180939 TIMEROP GSM_Component_Definitions.ttcn3:459 Start timer T_vty: 5 s
2026/Jun/05 09:52:16.181011 PORTEVENT GSM_Component_Definitions.ttcn3:462 Receive operation on port VTY succeeded, message from system(): charstring : "show subscriber\r\nMobile Subscriber of MS '1':\r\n IMSI: 901700000000001\r\n Status: U2_NOT_UPDATED  IMSI detached  LAI: invalid\r\n GPRS Status: GU0_NULL IMSI detached  PTMSI 0xffffffff  PTMSI-sig 0x000000  RAI: invalid\r\n  P-TMSI 0x00000000 Registered PLMN: MCC-MNC 901-70  (International, 70)\r\n Access barred cells: no\r\n Access classes: C0 C1 C2 C3 C4 C5 C6 C7 C8 C9 C10 C11 C12 C13 C14 C15\r\n\r\nOsmocomBB(mobile)> \r\nOsmocomBB(mobile)> " id 1
2026/Jun/05 09:52:16.181056 PORTEVENT GSM_Component_Definitions.ttcn3:462 Message with id 1 was extracted from the queue of VTY.
2026/Jun/05 09:52:16.181071 TIMEROP GSM_Component_Definitions.ttcn3:463 Stop timer T_vty: 5 s
2026/Jun/05 09:52:16.181086 USER GSM_Component_Definitions.ttcn3:464 VTY: Received response: "show subscriber\r\nMobile Subscriber of MS '1':\r\n IMSI: 901700000000001\r\n Status: U2_NOT_UPDATED  IMSI detached  LAI: invalid\r\n GPRS Status: GU0_NULL IMSI detached  PTMSI 0xffffffff  PTMSI-sig 0x000000  RAI: invalid\r\n  P-TMSI 0x00000000 Registered PLMN: MCC-MNC 901-70  (International, 70)\r\n Access barred cells: no\r\n Access classes: C0 C1 C2 C3 C4 C5 C6 C7 C8 C9 C10 C11 C12 C13 C14 C15\r\n\r\nOsmocomBB(mobile)> \r\nOsmocomBB(mobile)> "
2026/Jun/05 09:52:16.181128 USER TC_26_2_3.ttcn3:80 Initial subscriber state: "show subscriber\r\nMobile Subscriber of MS '1':\r\n IMSI: 901700000000001\r\n Status: U2_NOT_UPDATED  IMSI detached  LAI: invalid\r\n GPRS Status: GU0_NULL IMSI detached  PTMSI 0xffffffff  PTMSI-sig 0x000000  RAI: invalid\r\n  P-TMSI 0x00000000 Registered PLMN: MCC-MNC 901-70  (International, 70)\r\n Access barred cells: no\r\n Access classes: C0 C1 C2 C3 C4 C5 C6 C7 C8 C9 C10 C11 C12 C13 C14 C15\r\n\r\nOsmocomBB(mobile)> \r\nOsmocomBB(mobile)> "
2026/Jun/05 09:52:16.181453 USER TC_26_2_3.ttcn3:84 char(0, 0, 39, 5) & " Correct IMSI configured: 901700000000001"
2026/Jun/05 09:52:16.181540 USER TC_26_2_3.ttcn3:91 char(0, 0, 33, 57) & char(0, 0, 254, 15) & " Mobile has TMSI from previous session"
2026/Jun/05 09:52:16.181555 USER GSM_Component_Definitions.ttcn3:455 VTY: Sending command: "show network"
2026/Jun/05 09:52:16.181569 PORTEVENT GSM_Component_Definitions.ttcn3:456 Sent on VTY to system charstring : "show network"
2026/Jun/05 09:52:16.181581 USER GSM_Component_Definitions.ttcn3:456 VTY_PT: Sending command: "show network"
2026/Jun/05 09:52:16.381764 USER GSM_Component_Definitions.ttcn3:456 VTY_PT: Received response: show network
% Unknown command.
OsmocomBB(mobile)> 
OsmocomBB(mobile)> 
2026/Jun/05 09:52:16.381849 PORTEVENT GSM_Component_Definitions.ttcn3:456 Message enqueued on VTY from system charstring : "show network\r\n% Unknown command.\r\nOsmocomBB(mobile)> \r\nOsmocomBB(mobile)> " id 2
2026/Jun/05 09:52:16.381867 TIMEROP GSM_Component_Definitions.ttcn3:459 Start timer T_vty: 5 s
2026/Jun/05 09:52:16.381884 PORTEVENT GSM_Component_Definitions.ttcn3:462 Receive operation on port VTY succeeded, message from system(): charstring : "show network\r\n% Unknown command.\r\nOsmocomBB(mobile)> \r\nOsmocomBB(mobile)> " id 2
2026/Jun/05 09:52:16.381898 PORTEVENT GSM_Component_Definitions.ttcn3:462 Message with id 2 was extracted from the queue of VTY.
2026/Jun/05 09:52:16.381903 TIMEROP GSM_Component_Definitions.ttcn3:463 Stop timer T_vty: 5 s
2026/Jun/05 09:52:16.381907 USER GSM_Component_Definitions.ttcn3:464 VTY: Received response: "show network\r\n% Unknown command.\r\nOsmocomBB(mobile)> \r\nOsmocomBB(mobile)> "
2026/Jun/05 09:52:16.381918 USER TC_26_2_3.ttcn3:98 Network registration state: "show network\r\n% Unknown command.\r\nOsmocomBB(mobile)> \r\nOsmocomBB(mobile)> "
2026/Jun/05 09:52:16.381927 USER TC_26_2_3.ttcn3:104 *** Step 1: Draining stale buffered events (from 60s ago) ***
2026/Jun/05 09:52:16.381953 TIMEROP TC_26_2_3.ttcn3:110 Start timer T_drain: 2 s
2026/Jun/05 09:52:16.381967 PORTEVENT TC_26_2_3.ttcn3:112 Receive operation on port MSC succeeded, message from system(): charstring : "{\"type\": \"WELCOME\", \"status\": \"connected\"}" id 1
2026/Jun/05 09:52:16.381972 PORTEVENT TC_26_2_3.ttcn3:112 Message with id 1 was extracted from the queue of MSC.
2026/Jun/05 09:52:16.382038 USER TC_26_2_3.ttcn3:117 Connection established: "{\"type\": \"WELCOME\", \"status\": \"connected\"}"
2026/Jun/05 09:52:18.384876 TIMEROP TC_26_2_3.ttcn3:124 Timeout T_drain: 2 s
2026/Jun/05 09:52:18.384941 USER TC_26_2_3.ttcn3:125 Finished draining buffered events
2026/Jun/05 09:52:18.384969 USER TC_26_2_3.ttcn3:129 *** Step 1b: Sending CLEAR to tear down stale connections and trigger fresh LU ***
2026/Jun/05 09:52:18.384987 PORTEVENT TC_26_2_3.ttcn3:132 Sent on MSC to system charstring : "{\"command\": \"CLEAR\", \"params\": {}}"
2026/Jun/05 09:52:18.385101 USER TC_26_2_3.ttcn3:132 MSC_Port: TX: {"command": "CLEAR", "params": {}}
2026/Jun/05 09:52:18.385114 TIMEROP TC_26_2_3.ttcn3:136 Start timer T_clear_wait: 2 s
2026/Jun/05 09:52:18.385407 USER TC_26_2_3.ttcn3:137 MSC_Port: RX: {"status": "ok"}
2026/Jun/05 09:52:18.385425 PORTEVENT TC_26_2_3.ttcn3:137 Message enqueued on MSC from system charstring : "{\"status\": \"ok\"}" id 2
2026/Jun/05 09:52:18.385439 PORTEVENT TC_26_2_3.ttcn3:138 Receive operation on port MSC succeeded, message from system(): charstring : "{\"status\": \"ok\"}" id 2
2026/Jun/05 09:52:18.385446 PORTEVENT TC_26_2_3.ttcn3:138 Message with id 2 was extracted from the queue of MSC.
2026/Jun/05 09:52:18.385504 USER TC_26_2_3.ttcn3:140 CLEAR successful: "{\"status\": \"ok\"}"
2026/Jun/05 09:52:18.385524 TIMEROP TC_26_2_3.ttcn3:141 Stop timer T_clear_wait: 2 s
2026/Jun/05 09:52:18.385531 USER TC_26_2_3.ttcn3:152 *** Step 1c: Disabling MSC stub auto_respond mode ***
2026/Jun/05 09:52:18.385546 PORTEVENT TC_26_2_3.ttcn3:154 Sent on MSC to system charstring : "{\"command\": \"SET_AUTO_RESPOND\", \"params\": {\"enabled\": false}}"
2026/Jun/05 09:52:18.385577 USER TC_26_2_3.ttcn3:154 MSC_Port: TX: {"command": "SET_AUTO_RESPOND", "params": {"enabled": false}}
2026/Jun/05 09:52:18.385587 TIMEROP TC_26_2_3.ttcn3:158 Start timer T_ack: 2 s
2026/Jun/05 09:52:18.385774 USER TC_26_2_3.ttcn3:159 MSC_Port: RX: {"status": "ok", "auto_respond": false}
2026/Jun/05 09:52:18.385836 PORTEVENT TC_26_2_3.ttcn3:159 Message enqueued on MSC from system charstring : "{\"status\": \"ok\", \"auto_respond\": false}" id 3
2026/Jun/05 09:52:18.385867 PORTEVENT TC_26_2_3.ttcn3:160 Receive operation on port MSC succeeded, message from system(): charstring : "{\"status\": \"ok\", \"auto_respond\": false}" id 3
2026/Jun/05 09:52:18.385879 PORTEVENT TC_26_2_3.ttcn3:160 Message with id 3 was extracted from the queue of MSC.
2026/Jun/05 09:52:18.386000 USER TC_26_2_3.ttcn3:162 Auto_respond disabled: "{\"status\": \"ok\", \"auto_respond\": false}"
2026/Jun/05 09:52:18.386021 TIMEROP TC_26_2_3.ttcn3:163 Stop timer T_ack: 2 s
2026/Jun/05 09:52:18.386032 USER TC_26_2_3.ttcn3:181 *** Step 1d: Restarting mobile to trigger fresh LU ***
2026/Jun/05 09:52:18.386114 USER TC_26_2_3.ttcn3:183 docker.sock not found — using VTY power-cycle (k8s mode)
2026/Jun/05 09:52:18.386143 USER TC_26_2_3.ttcn3:183 === k8s fallback: VTY power-cycle mobile at 10.43.58.199:4247 ===
2026/Jun/05 09:52:23.629994 USER TC_26_2_3.ttcn3:183 Waiting 10 seconds (power off)...
2026/Jun/05 09:52:38.990949 USER TC_26_2_3.ttcn3:183 VTY 'clear-loci' sent — LOCI erased
2026/Jun/05 09:52:46.157908 USER TC_26_2_3.ttcn3:183 === VTY power-cycle complete — MS will send LU shortly ===
2026/Jun/05 09:52:46.158013 USER TC_26_2_3.ttcn3:190 *** Waiting additional 15 seconds for LU to be sent ***
2026/Jun/05 09:52:46.158025 TIMEROP TC_26_2_3.ttcn3:192 Start timer T_boot: 15 s
2026/Jun/05 09:52:46.158065 USER TC_26_2_3.ttcn3:193 VTY_PT: Received data (buffered): 94 bytes
2026/Jun/05 09:52:46.158107 USER TC_26_2_3.ttcn3:193 MSC_Port: RX: {"type": "HEARTBEAT"}
2026/Jun/05 09:52:46.158123 PORTEVENT TC_26_2_3.ttcn3:193 Message enqueued on MSC from system charstring : "{\"type\": \"HEARTBEAT\"}" id 4
2026/Jun/05 09:52:46.158140 USER TC_26_2_3.ttcn3:193 MSC_Port: RX: {"type": "HEARTBEAT"}
2026/Jun/05 09:52:46.158149 PORTEVENT TC_26_2_3.ttcn3:193 Message enqueued on MSC from system charstring : "{\"type\": \"HEARTBEAT\"}" id 5
2026/Jun/05 09:52:46.158156 USER TC_26_2_3.ttcn3:193 MSC_Port: RX: {"type": "HEARTBEAT"}
2026/Jun/05 09:52:46.158165 PORTEVENT TC_26_2_3.ttcn3:193 Message enqueued on MSC from system charstring : "{\"type\": \"HEARTBEAT\"}" id 6
2026/Jun/05 09:52:46.158172 USER TC_26_2_3.ttcn3:193 MSC_Port: RX: {"type": "HEARTBEAT"}
2026/Jun/05 09:52:46.158179 PORTEVENT TC_26_2_3.ttcn3:193 Message enqueued on MSC from system charstring : "{\"type\": \"HEARTBEAT\"}" id 7
2026/Jun/05 09:52:46.158186 USER TC_26_2_3.ttcn3:193 MSC_Port: RX: {"type": "EVENT_LU_REQUEST", "bsc_slr": 14, "msc_slr": 1, "cksn": 0, "lu_type": 7, "old_mcc": "901", "old_mnc": "70", "old_lac": 0, "mi_type": "imsi"}
2026/Jun/05 09:52:46.158201 PORTEVENT TC_26_2_3.ttcn3:193 Message enqueued on MSC from system charstring : "{\"type\": \"EVENT_LU_REQUEST\", \"bsc_slr\": 14, \"msc_slr\": 1, \"cksn\": 0, \"lu_type\": 7, \"old_mcc\": \"901\", \"old_mnc\": \"70\", \"old_lac\": 0, \"mi_type\": \"imsi\"}" id 8
2026/Jun/05 09:52:46.158209 USER TC_26_2_3.ttcn3:193 MSC_Port: RX: {"type": "HEARTBEAT"}
2026/Jun/05 09:52:46.158217 PORTEVENT TC_26_2_3.ttcn3:193 Message enqueued on MSC from system charstring : "{\"type\": \"HEARTBEAT\"}" id 9
2026/Jun/05 09:52:46.158228 PORTEVENT TC_26_2_3.ttcn3:194 Receive operation on port MSC succeeded, message from system(): charstring : "{\"type\": \"HEARTBEAT\"}" id 4
2026/Jun/05 09:52:46.158238 PORTEVENT TC_26_2_3.ttcn3:194 Message with id 4 was extracted from the queue of MSC.
2026/Jun/05 09:52:46.158343 PORTEVENT TC_26_2_3.ttcn3:194 Receive operation on port MSC succeeded, message from system(): charstring : "{\"type\": \"HEARTBEAT\"}" id 5
2026/Jun/05 09:52:46.158350 PORTEVENT TC_26_2_3.ttcn3:194 Message with id 5 was extracted from the queue of MSC.
2026/Jun/05 09:52:46.158407 PORTEVENT TC_26_2_3.ttcn3:194 Receive operation on port MSC succeeded, message from system(): charstring : "{\"type\": \"HEARTBEAT\"}" id 6
2026/Jun/05 09:52:46.158413 PORTEVENT TC_26_2_3.ttcn3:194 Message with id 6 was extracted from the queue of MSC.
2026/Jun/05 09:52:46.158465 PORTEVENT TC_26_2_3.ttcn3:194 Receive operation on port MSC succeeded, message from system(): charstring : "{\"type\": \"HEARTBEAT\"}" id 7
2026/Jun/05 09:52:46.158471 PORTEVENT TC_26_2_3.ttcn3:194 Message with id 7 was extracted from the queue of MSC.
2026/Jun/05 09:52:46.158527 PORTEVENT TC_26_2_3.ttcn3:194 Receive operation on port MSC succeeded, message from system(): charstring : "{\"type\": \"EVENT_LU_REQUEST\", \"bsc_slr\": 14, \"msc_slr\": 1, \"cksn\": 0, \"lu_type\": 7, \"old_mcc\": \"901\", \"old_mnc\": \"70\", \"old_lac\": 0, \"mi_type\": \"imsi\"}" id 8
2026/Jun/05 09:52:46.158534 PORTEVENT TC_26_2_3.ttcn3:194 Message with id 8 was extracted from the queue of MSC.
2026/Jun/05 09:52:46.158627 USER TC_26_2_3.ttcn3:196 *** Received FRESH LU Request from restarted mobile! ***
2026/Jun/05 09:52:46.158774 USER TC_26_2_3.ttcn3:580 Extracted bsc_slr = 1 from event
2026/Jun/05 09:52:46.158803 USER TC_26_2_3.ttcn3:199 *** Extracted fresh bsc_slr = 1 ***
2026/Jun/05 09:52:46.158812 TIMEROP TC_26_2_3.ttcn3:200 Stop timer T_boot: 15 s
2026/Jun/05 09:52:46.158835 USER TC_26_2_3.ttcn3:216 *** Step 2: Waiting for mobile's Location Update Request ***
2026/Jun/05 09:52:46.158843 USER TC_26_2_3.ttcn3:217 *** (Mobile triggers RR connection after restart) ***
2026/Jun/05 09:52:46.158852 USER TC_26_2_3.ttcn3:220 *** LU Request already captured during boot wait - skipping ***
2026/Jun/05 09:52:46.158861 USER TC_26_2_3.ttcn3:284 *** Step 3: Sending first IDENTITY REQUEST ***
2026/Jun/05 09:52:46.158870 USER TC_26_2_3.ttcn3:285 *** Recording N(SD) baseline for toggling verification ***
2026/Jun/05 09:52:46.158875 USER TC_26_2_3.ttcn3:286 *** Using bsc_slr = 1 ***
2026/Jun/05 09:52:46.158913 PORTEVENT TC_26_2_3.ttcn3:289 Sent on MSC to system charstring : "{\"command\": \"CMD_SEND_IDENTITY_REQUEST\", \"params\": {\"bsc_slr\": 1, \"id_type\": 1}}"
2026/Jun/05 09:52:46.158957 USER TC_26_2_3.ttcn3:289 MSC_Port: TX: {"command": "CMD_SEND_IDENTITY_REQUEST", "params": {"bsc_slr": 1, "id_type": 1}}
2026/Jun/05 09:52:46.158968 TIMEROP TC_26_2_3.ttcn3:292 Start timer T_id_resp: 10 s
2026/Jun/05 09:52:46.158978 PORTEVENT TC_26_2_3.ttcn3:295 Receive operation on port MSC succeeded, message from system(): charstring : "{\"type\": \"HEARTBEAT\"}" id 9
2026/Jun/05 09:52:46.158984 PORTEVENT TC_26_2_3.ttcn3:295 Message with id 9 was extracted from the queue of MSC.
2026/Jun/05 09:52:46.158989 USER TC_26_2_3.ttcn3:296 MSC Event: "{\"type\": \"HEARTBEAT\"}"
2026/Jun/05 09:52:46.159444 USER TC_26_2_3.ttcn3:294 MSC_Port: RX: {"status": "ok", "sent": true}
2026/Jun/05 09:52:46.159457 PORTEVENT TC_26_2_3.ttcn3:294 Message enqueued on MSC from system charstring : "{\"status\": \"ok\", \"sent\": true}" id 10
2026/Jun/05 09:52:46.159467 PORTEVENT TC_26_2_3.ttcn3:295 Receive operation on port MSC succeeded, message from system(): charstring : "{\"status\": \"ok\", \"sent\": true}" id 10
2026/Jun/05 09:52:46.159473 PORTEVENT TC_26_2_3.ttcn3:295 Message with id 10 was extracted from the queue of MSC.
2026/Jun/05 09:52:46.159477 USER TC_26_2_3.ttcn3:296 MSC Event: "{\"status\": \"ok\", \"sent\": true}"
2026/Jun/05 09:52:46.159523 USER TC_26_2_3.ttcn3:309 Command acknowledged
2026/Jun/05 09:52:47.160101 USER TC_26_2_3.ttcn3:294 MSC_Port: RX: {"type": "HEARTBEAT"}
2026/Jun/05 09:52:47.160198 PORTEVENT TC_26_2_3.ttcn3:294 Message enqueued on MSC from system charstring : "{\"type\": \"HEARTBEAT\"}" id 11
2026/Jun/05 09:52:47.160239 PORTEVENT TC_26_2_3.ttcn3:295 Receive operation on port MSC succeeded, message from system(): charstring : "{\"type\": \"HEARTBEAT\"}" id 11
2026/Jun/05 09:52:47.160256 PORTEVENT TC_26_2_3.ttcn3:295 Message with id 11 was extracted from the queue of MSC.
2026/Jun/05 09:52:47.160266 USER TC_26_2_3.ttcn3:296 MSC Event: "{\"type\": \"HEARTBEAT\"}"
2026/Jun/05 09:52:52.164115 USER TC_26_2_3.ttcn3:294 MSC_Port: RX: {"type": "HEARTBEAT"}
2026/Jun/05 09:52:52.164228 PORTEVENT TC_26_2_3.ttcn3:294 Message enqueued on MSC from system charstring : "{\"type\": \"HEARTBEAT\"}" id 12
2026/Jun/05 09:52:52.164271 PORTEVENT TC_26_2_3.ttcn3:295 Receive operation on port MSC succeeded, message from system(): charstring : "{\"type\": \"HEARTBEAT\"}" id 12
2026/Jun/05 09:52:52.164291 PORTEVENT TC_26_2_3.ttcn3:295 Message with id 12 was extracted from the queue of MSC.
2026/Jun/05 09:52:52.164303 USER TC_26_2_3.ttcn3:296 MSC Event: "{\"type\": \"HEARTBEAT\"}"
2026/Jun/05 09:52:56.161863 TIMEROP TC_26_2_3.ttcn3:318 Timeout T_id_resp: 10 s
2026/Jun/05 09:52:56.390538 USER TC_26_2_3.ttcn3:319 FAIL: No IDENTITY RESPONSE received within 10 seconds
2026/Jun/05 09:52:56.390617 USER TC_26_2_3.ttcn3:328 *** Step 4: Testing N(SD) toggling with multiple IDENTITY REQUESTs ***
2026/Jun/05 09:52:56.390697 USER TC_26_2_3.ttcn3:380 *** Step 5: Sending LOCATION UPDATE ACCEPT ***
2026/Jun/05 09:52:56.390744 PORTEVENT TC_26_2_3.ttcn3:382 Sent on MSC to system charstring : "{\"command\": \"CMD_SEND_LU_ACCEPT_CUSTOM\", \"params\": {\"bsc_slr\": 1, \"mcc\": \"901\", \"mnc\": \"70\", \"lac\": 1, \"tmsi\": 305419896}}"
2026/Jun/05 09:52:56.390865 USER TC_26_2_3.ttcn3:382 MSC_Port: TX: {"command": "CMD_SEND_LU_ACCEPT_CUSTOM", "params": {"bsc_slr": 1, "mcc": "901", "mnc": "70", "lac": 1, "tmsi": 305419896}}
2026/Jun/05 09:52:56.390891 TIMEROP TC_26_2_3.ttcn3:385 Start timer T_lu_accept: 5 s
2026/Jun/05 09:52:56.391509 USER TC_26_2_3.ttcn3:386 MSC_Port: RX: {"status": "ok", "sent": true}
2026/Jun/05 09:52:56.391536 PORTEVENT TC_26_2_3.ttcn3:386 Message enqueued on MSC from system charstring : "{\"status\": \"ok\", \"sent\": true}" id 13
2026/Jun/05 09:52:56.391563 PORTEVENT TC_26_2_3.ttcn3:387 Receive operation on port MSC succeeded, message from system(): charstring : "{\"status\": \"ok\", \"sent\": true}" id 13
2026/Jun/05 09:52:56.391578 PORTEVENT TC_26_2_3.ttcn3:387 Message with id 13 was extracted from the queue of MSC.
2026/Jun/05 09:52:56.391710 USER TC_26_2_3.ttcn3:391 LU Accept processed: "{\"status\": \"ok\", \"sent\": true}"
2026/Jun/05 09:52:56.391737 TIMEROP TC_26_2_3.ttcn3:392 Stop timer T_lu_accept: 5 s
2026/Jun/05 09:52:56.391750 USER TC_26_2_3.ttcn3:409 *** VTY Verification: Checking TMSI assignment ***
2026/Jun/05 09:52:56.391763 TIMEROP TC_26_2_3.ttcn3:413 Start timer T_tmsi_settle: 2 s
2026/Jun/05 09:52:57.392099 USER TC_26_2_3.ttcn3:414 MSC_Port: RX: {"type": "HEARTBEAT"}
2026/Jun/05 09:52:57.392194 PORTEVENT TC_26_2_3.ttcn3:414 Message enqueued on MSC from system charstring : "{\"type\": \"HEARTBEAT\"}" id 14
2026/Jun/05 09:52:58.391868 TIMEROP TC_26_2_3.ttcn3:414 Timeout T_tmsi_settle: 2 s
2026/Jun/05 09:52:58.391976 USER GSM_Component_Definitions.ttcn3:455 VTY: Sending command: "show subscriber"
2026/Jun/05 09:52:58.392036 PORTEVENT GSM_Component_Definitions.ttcn3:456 Sent on VTY to system charstring : "show subscriber"
2026/Jun/05 09:52:58.392067 USER GSM_Component_Definitions.ttcn3:456 VTY_PT: Sending command: "show subscriber"
2026/Jun/05 09:52:58.592267 USER GSM_Component_Definitions.ttcn3:456 VTY_PT: Received response: 
% (MS 1)
% Power off!

% (MS 1)
% Trying to register with network International, 70...
show subscriber
Mobile Subscriber of MS '1':
 IMSI: 901700000000001
 Status: U2_NOT_UPDATED  IMSI detached  LAI: invalid
 GPRS Status: GU0_NULL IMSI detached  PTMSI 0xffffffff  PTMSI-sig 0x000000  RAI: invalid
  P-TMSI 0x00000000 Registered PLMN: MCC-MNC 901-70  (International, 70)
 Access barred cells: no
 Access classes: C0 C1 C2 C3 C4 C5 C6 C7 C8 C9 C10 C11 C12 C13 C14 C15

OsmocomBB(mobile)> 
OsmocomBB(mobile)> 
2026/Jun/05 09:52:58.592384 PORTEVENT GSM_Component_Definitions.ttcn3:456 Message enqueued on VTY from system charstring : "\r\n% (MS 1)\r\n% Power off!\r\n\r\n% (MS 1)\r\n% Trying to register with network International, 70...\r\nshow subscriber\r\nMobile Subscriber of MS '1':\r\n IMSI: 901700000000001\r\n Status: U2_NOT_UPDATED  IMSI detached  LAI: invalid\r\n GPRS Status: GU0_NULL IMSI detached  PTMSI 0xffffffff  PTMSI-sig 0x000000  RAI: invalid\r\n  P-TMSI 0x00000000 Registered PLMN: MCC-MNC 901-70  (International, 70)\r\n Access barred cells: no\r\n Access classes: C0 C1 C2 C3 C4 C5 C6 C7 C8 C9 C10 C11 C12 C13 C14 C15\r\n\r\nOsmocomBB(mobile)> \r\nOsmocomBB(mobile)> " id 3
2026/Jun/05 09:52:58.592409 TIMEROP GSM_Component_Definitions.ttcn3:459 Start timer T_vty: 5 s
2026/Jun/05 09:52:58.592456 PORTEVENT GSM_Component_Definitions.ttcn3:462 Receive operation on port VTY succeeded, message from system(): charstring : "\r\n% (MS 1)\r\n% Power off!\r\n\r\n% (MS 1)\r\n% Trying to register with network International, 70...\r\nshow subscriber\r\nMobile Subscriber of MS '1':\r\n IMSI: 901700000000001\r\n Status: U2_NOT_UPDATED  IMSI detached  LAI: invalid\r\n GPRS Status: GU0_NULL IMSI detached  PTMSI 0xffffffff  PTMSI-sig 0x000000  RAI: invalid\r\n  P-TMSI 0x00000000 Registered PLMN: MCC-MNC 901-70  (International, 70)\r\n Access barred cells: no\r\n Access classes: C0 C1 C2 C3 C4 C5 C6 C7 C8 C9 C10 C11 C12 C13 C14 C15\r\n\r\nOsmocomBB(mobile)> \r\nOsmocomBB(mobile)> " id 3
2026/Jun/05 09:52:58.592485 PORTEVENT GSM_Component_Definitions.ttcn3:462 Message with id 3 was extracted from the queue of VTY.
2026/Jun/05 09:52:58.592491 TIMEROP GSM_Component_Definitions.ttcn3:463 Stop timer T_vty: 5 s
2026/Jun/05 09:52:58.592496 USER GSM_Component_Definitions.ttcn3:464 VTY: Received response: "\r\n% (MS 1)\r\n% Power off!\r\n\r\n% (MS 1)\r\n% Trying to register with network International, 70...\r\nshow subscriber\r\nMobile Subscriber of MS '1':\r\n IMSI: 901700000000001\r\n Status: U2_NOT_UPDATED  IMSI detached  LAI: invalid\r\n GPRS Status: GU0_NULL IMSI detached  PTMSI 0xffffffff  PTMSI-sig 0x000000  RAI: invalid\r\n  P-TMSI 0x00000000 Registered PLMN: MCC-MNC 901-70  (International, 70)\r\n Access barred cells: no\r\n Access classes: C0 C1 C2 C3 C4 C5 C6 C7 C8 C9 C10 C11 C12 C13 C14 C15\r\n\r\nOsmocomBB(mobile)> \r\nOsmocomBB(mobile)> "
2026/Jun/05 09:52:58.592535 USER TC_26_2_3.ttcn3:417 Subscriber state after LU Accept: "\r\n% (MS 1)\r\n% Power off!\r\n\r\n% (MS 1)\r\n% Trying to register with network International, 70...\r\nshow subscriber\r\nMobile Subscriber of MS '1':\r\n IMSI: 901700000000001\r\n Status: U2_NOT_UPDATED  IMSI detached  LAI: invalid\r\n GPRS Status: GU0_NULL IMSI detached  PTMSI 0xffffffff  PTMSI-sig 0x000000  RAI: invalid\r\n  P-TMSI 0x00000000 Registered PLMN: MCC-MNC 901-70  (International, 70)\r\n Access barred cells: no\r\n Access classes: C0 C1 C2 C3 C4 C5 C6 C7 C8 C9 C10 C11 C12 C13 C14 C15\r\n\r\nOsmocomBB(mobile)> \r\nOsmocomBB(mobile)> "
2026/Jun/05 09:52:58.592654 USER TC_26_2_3.ttcn3:420 char(0, 0, 39, 5) & " TMSI assigned and stored in mobile"
2026/Jun/05 09:52:58.592713 USER TC_26_2_3.ttcn3:435 *** Step 6: Releasing RR Connection ***
2026/Jun/05 09:52:58.592731 PORTEVENT TC_26_2_3.ttcn3:437 Sent on MSC to system charstring : "{\"command\": \"CMD_SEND_CLEAR_CMD\", \"params\": {\"bsc_slr\": 1, \"cause\": 0}}"
2026/Jun/05 09:52:58.592786 USER TC_26_2_3.ttcn3:437 MSC_Port: TX: {"command": "CMD_SEND_CLEAR_CMD", "params": {"bsc_slr": 1, "cause": 0}}
2026/Jun/05 09:52:58.592796 TIMEROP TC_26_2_3.ttcn3:439 Start timer T_clear: 5 s
2026/Jun/05 09:52:58.592805 PORTEVENT TC_26_2_3.ttcn3:441 Receive operation on port MSC succeeded, message from system(): charstring : "{\"type\": \"HEARTBEAT\"}" id 14
2026/Jun/05 09:52:58.592812 PORTEVENT TC_26_2_3.ttcn3:441 Message with id 14 was extracted from the queue of MSC.
2026/Jun/05 09:52:58.593192 USER TC_26_2_3.ttcn3:440 MSC_Port: RX: {"status": "ok"}
2026/Jun/05 09:52:58.593209 PORTEVENT TC_26_2_3.ttcn3:440 Message enqueued on MSC from system charstring : "{\"status\": \"ok\"}" id 15
2026/Jun/05 09:52:58.593220 PORTEVENT TC_26_2_3.ttcn3:441 Receive operation on port MSC succeeded, message from system(): charstring : "{\"status\": \"ok\"}" id 15
2026/Jun/05 09:52:58.593226 PORTEVENT TC_26_2_3.ttcn3:441 Message with id 15 was extracted from the queue of MSC.
2026/Jun/05 09:52:58.593264 USER TC_26_2_3.ttcn3:444 Connection released: "{\"status\": \"ok\"}"
2026/Jun/05 09:52:58.593274 TIMEROP TC_26_2_3.ttcn3:445 Stop timer T_clear: 5 s
2026/Jun/05 09:52:58.593281 USER TC_26_2_3.ttcn3:462 *** Post-test: Final mobile state verification ***
2026/Jun/05 09:52:58.593287 TIMEROP TC_26_2_3.ttcn3:466 Start timer T_idle_wait: 3 s
2026/Jun/05 09:53:01.485086 USER TC_26_2_3.ttcn3:467 MSC_Port: RX: {"type": "EVENT_CLEAR_REQUEST", "bsc_slr": 1}
2026/Jun/05 09:53:01.485190 PORTEVENT TC_26_2_3.ttcn3:467 Message enqueued on MSC from system charstring : "{\"type\": \"EVENT_CLEAR_REQUEST\", \"bsc_slr\": 1}" id 16
2026/Jun/05 09:53:01.576206 USER TC_26_2_3.ttcn3:467 VTY_PT: Received data (buffered): 68 bytes
2026/Jun/05 09:53:01.593297 TIMEROP TC_26_2_3.ttcn3:467 Timeout T_idle_wait: 3 s
2026/Jun/05 09:53:01.593363 USER GSM_Component_Definitions.ttcn3:455 VTY: Sending command: "show subscriber"
2026/Jun/05 09:53:01.593409 PORTEVENT GSM_Component_Definitions.ttcn3:456 Sent on VTY to system charstring : "show subscriber"
2026/Jun/05 09:53:01.593436 USER GSM_Component_Definitions.ttcn3:456 VTY_PT: Sending command: "show subscriber"
2026/Jun/05 09:53:01.793628 USER GSM_Component_Definitions.ttcn3:456 VTY_PT: Received response: 
% (MS 1)
% Trying to register with network International, 70...
show subscriber
Mobile Subscriber of MS '1':
 IMSI: 901700000000001
 Status: U2_NOT_UPDATED  IMSI detached  LAI: invalid
 GPRS Status: GU0_NULL IMSI detached  PTMSI 0xffffffff  PTMSI-sig 0x000000  RAI: invalid
  P-TMSI 0x00000000 Registered PLMN: MCC-MNC 901-70  (International, 70)
 Access barred cells: no
 Access classes: C0 C1 C2 C3 C4 C5 C6 C7 C8 C9 C10 C11 C12 C13 C14 C15

OsmocomBB(mobile)> 
OsmocomBB(mobile)> 
2026/Jun/05 09:53:01.793810 PORTEVENT GSM_Component_Definitions.ttcn3:456 Message enqueued on VTY from system charstring : "\r\n% (MS 1)\r\n% Trying to register with network International, 70...\r\nshow subscriber\r\nMobile Subscriber of MS '1':\r\n IMSI: 901700000000001\r\n Status: U2_NOT_UPDATED  IMSI detached  LAI: invalid\r\n GPRS Status: GU0_NULL IMSI detached  PTMSI 0xffffffff  PTMSI-sig 0x000000  RAI: invalid\r\n  P-TMSI 0x00000000 Registered PLMN: MCC-MNC 901-70  (International, 70)\r\n Access barred cells: no\r\n Access classes: C0 C1 C2 C3 C4 C5 C6 C7 C8 C9 C10 C11 C12 C13 C14 C15\r\n\r\nOsmocomBB(mobile)> \r\nOsmocomBB(mobile)> " id 4
2026/Jun/05 09:53:01.793871 TIMEROP GSM_Component_Definitions.ttcn3:459 Start timer T_vty: 5 s
2026/Jun/05 09:53:01.793944 PORTEVENT GSM_Component_Definitions.ttcn3:462 Receive operation on port VTY succeeded, message from system(): charstring : "\r\n% (MS 1)\r\n% Trying to register with network International, 70...\r\nshow subscriber\r\nMobile Subscriber of MS '1':\r\n IMSI: 901700000000001\r\n Status: U2_NOT_UPDATED  IMSI detached  LAI: invalid\r\n GPRS Status: GU0_NULL IMSI detached  PTMSI 0xffffffff  PTMSI-sig 0x000000  RAI: invalid\r\n  P-TMSI 0x00000000 Registered PLMN: MCC-MNC 901-70  (International, 70)\r\n Access barred cells: no\r\n Access classes: C0 C1 C2 C3 C4 C5 C6 C7 C8 C9 C10 C11 C12 C13 C14 C15\r\n\r\nOsmocomBB(mobile)> \r\nOsmocomBB(mobile)> " id 4
2026/Jun/05 09:53:01.793966 PORTEVENT GSM_Component_Definitions.ttcn3:462 Message with id 4 was extracted from the queue of VTY.
2026/Jun/05 09:53:01.793978 TIMEROP GSM_Component_Definitions.ttcn3:463 Stop timer T_vty: 5 s
2026/Jun/05 09:53:01.793989 USER GSM_Component_Definitions.ttcn3:464 VTY: Received response: "\r\n% (MS 1)\r\n% Trying to register with network International, 70...\r\nshow subscriber\r\nMobile Subscriber of MS '1':\r\n IMSI: 901700000000001\r\n Status: U2_NOT_UPDATED  IMSI detached  LAI: invalid\r\n GPRS Status: GU0_NULL IMSI detached  PTMSI 0xffffffff  PTMSI-sig 0x000000  RAI: invalid\r\n  P-TMSI 0x00000000 Registered PLMN: MCC-MNC 901-70  (International, 70)\r\n Access barred cells: no\r\n Access classes: C0 C1 C2 C3 C4 C5 C6 C7 C8 C9 C10 C11 C12 C13 C14 C15\r\n\r\nOsmocomBB(mobile)> \r\nOsmocomBB(mobile)> "
2026/Jun/05 09:53:01.794053 USER TC_26_2_3.ttcn3:470 Final subscriber state: "\r\n% (MS 1)\r\n% Trying to register with network International, 70...\r\nshow subscriber\r\nMobile Subscriber of MS '1':\r\n IMSI: 901700000000001\r\n Status: U2_NOT_UPDATED  IMSI detached  LAI: invalid\r\n GPRS Status: GU0_NULL IMSI detached  PTMSI 0xffffffff  PTMSI-sig 0x000000  RAI: invalid\r\n  P-TMSI 0x00000000 Registered PLMN: MCC-MNC 901-70  (International, 70)\r\n Access barred cells: no\r\n Access classes: C0 C1 C2 C3 C4 C5 C6 C7 C8 C9 C10 C11 C12 C13 C14 C15\r\n\r\nOsmocomBB(mobile)> \r\nOsmocomBB(mobile)> "
2026/Jun/05 09:53:01.794109 USER GSM_Component_Definitions.ttcn3:455 VTY: Sending command: "show network"
2026/Jun/05 09:53:01.794132 PORTEVENT GSM_Component_Definitions.ttcn3:456 Sent on VTY to system charstring : "show network"
2026/Jun/05 09:53:01.794147 USER GSM_Component_Definitions.ttcn3:456 VTY_PT: Sending command: "show network"
2026/Jun/05 09:53:01.994333 USER GSM_Component_Definitions.ttcn3:456 VTY_PT: Received response: show network
% Unknown command.
OsmocomBB(mobile)> 
OsmocomBB(mobile)> 
2026/Jun/05 09:53:01.994451 PORTEVENT GSM_Component_Definitions.ttcn3:456 Message enqueued on VTY from system charstring : "show network\r\n% Unknown command.\r\nOsmocomBB(mobile)> \r\nOsmocomBB(mobile)> " id 5
2026/Jun/05 09:53:01.994497 TIMEROP GSM_Component_Definitions.ttcn3:459 Start timer T_vty: 5 s
2026/Jun/05 09:53:01.994534 PORTEVENT GSM_Component_Definitions.ttcn3:462 Receive operation on port VTY succeeded, message from system(): charstring : "show network\r\n% Unknown command.\r\nOsmocomBB(mobile)> \r\nOsmocomBB(mobile)> " id 5
2026/Jun/05 09:53:01.994550 PORTEVENT GSM_Component_Definitions.ttcn3:462 Message with id 5 was extracted from the queue of VTY.
2026/Jun/05 09:53:01.994561 TIMEROP GSM_Component_Definitions.ttcn3:463 Stop timer T_vty: 5 s
2026/Jun/05 09:53:01.994572 USER GSM_Component_Definitions.ttcn3:464 VTY: Received response: "show network\r\n% Unknown command.\r\nOsmocomBB(mobile)> \r\nOsmocomBB(mobile)> "
2026/Jun/05 09:53:01.994598 USER TC_26_2_3.ttcn3:473 Final network state: "show network\r\n% Unknown command.\r\nOsmocomBB(mobile)> \r\nOsmocomBB(mobile)> "
2026/Jun/05 09:53:01.994701 USER GSM_Component_Definitions.ttcn3:455 VTY: Sending command: "show ms"
2026/Jun/05 09:53:01.994725 PORTEVENT GSM_Component_Definitions.ttcn3:456 Sent on VTY to system charstring : "show ms"
2026/Jun/05 09:53:01.994741 USER GSM_Component_Definitions.ttcn3:456 VTY_PT: Sending command: "show ms"
2026/Jun/05 09:53:02.194940 USER GSM_Component_Definitions.ttcn3:456 VTY_PT: Received response: show ms
MS '1' is up, service is limited (pending)
  IMEI: 000000000000000
     IMEISV: 0000000000000000
     IMEI generation: fixed
  automatic network selection state: A1 trying RPLMN
                                     MCC=901 MNC=70 (International, 70)
  cell selection state: C3 camped normally
                        ARFCN=51 CGI=901-70-4242-4242
                        (International, 70)
  radio resource layer state: idle
  mobility management layer state: MM idle, attempting to update

OsmocomBB(mobile)> 
OsmocomBB(mobile)> 
2026/Jun/05 09:53:02.195036 PORTEVENT GSM_Component_Definitions.ttcn3:456 Message enqueued on VTY from system charstring : "show ms\r\nMS '1' is up, service is limited (pending)\r\n  IMEI: 000000000000000\r\n     IMEISV: 0000000000000000\r\n     IMEI generation: fixed\r\n  automatic network selection state: A1 trying RPLMN\r\n                                     MCC=901 MNC=70 (International, 70)\r\n  cell selection state: C3 camped normally\r\n                        ARFCN=51 CGI=901-70-4242-4242\r\n                        (International, 70)\r\n  radio resource layer state: idle\r\n  mobility management layer state: MM idle, attempting to update\r\n\r\nOsmocomBB(mobile)> \r\nOsmocomBB(mobile)> " id 6
2026/Jun/05 09:53:02.195057 TIMEROP GSM_Component_Definitions.ttcn3:459 Start timer T_vty: 5 s
2026/Jun/05 09:53:02.195093 PORTEVENT GSM_Component_Definitions.ttcn3:462 Receive operation on port VTY succeeded, message from system(): charstring : "show ms\r\nMS '1' is up, service is limited (pending)\r\n  IMEI: 000000000000000\r\n     IMEISV: 0000000000000000\r\n     IMEI generation: fixed\r\n  automatic network selection state: A1 trying RPLMN\r\n                                     MCC=901 MNC=70 (International, 70)\r\n  cell selection state: C3 camped normally\r\n                        ARFCN=51 CGI=901-70-4242-4242\r\n                        (International, 70)\r\n  radio resource layer state: idle\r\n  mobility management layer state: MM idle, attempting to update\r\n\r\nOsmocomBB(mobile)> \r\nOsmocomBB(mobile)> " id 6
2026/Jun/05 09:53:02.195104 PORTEVENT GSM_Component_Definitions.ttcn3:462 Message with id 6 was extracted from the queue of VTY.
2026/Jun/05 09:53:02.195108 TIMEROP GSM_Component_Definitions.ttcn3:463 Stop timer T_vty: 5 s
2026/Jun/05 09:53:02.195112 USER GSM_Component_Definitions.ttcn3:464 VTY: Received response: "show ms\r\nMS '1' is up, service is limited (pending)\r\n  IMEI: 000000000000000\r\n     IMEISV: 0000000000000000\r\n     IMEI generation: fixed\r\n  automatic network selection state: A1 trying RPLMN\r\n                                     MCC=901 MNC=70 (International, 70)\r\n  cell selection state: C3 camped normally\r\n                        ARFCN=51 CGI=901-70-4242-4242\r\n                        (International, 70)\r\n  radio resource layer state: idle\r\n  mobility management layer state: MM idle, attempting to update\r\n\r\nOsmocomBB(mobile)> \r\nOsmocomBB(mobile)> "
2026/Jun/05 09:53:02.195146 USER TC_26_2_3.ttcn3:480 Final mobile status: "show ms\r\nMS '1' is up, service is limited (pending)\r\n  IMEI: 000000000000000\r\n     IMEISV: 0000000000000000\r\n     IMEI generation: fixed\r\n  automatic network selection state: A1 trying RPLMN\r\n                                     MCC=901 MNC=70 (International, 70)\r\n  cell selection state: C3 camped normally\r\n                        ARFCN=51 CGI=901-70-4242-4242\r\n                        (International, 70)\r\n  radio resource layer state: idle\r\n  mobility management layer state: MM idle, attempting to update\r\n\r\nOsmocomBB(mobile)> \r\nOsmocomBB(mobile)> "
2026/Jun/05 09:53:02.195173 TIMEROP TC_26_2_3.ttcn3:486 Stop timer T_guard: 300 s
2026/Jun/05 09:53:02.195178 USER TC_26_2_3.ttcn3:488 ==========================================================
2026/Jun/05 09:53:02.195183 USER TC_26_2_3.ttcn3:489 *** TC_26_2_3: TEST SUMMARY (VTY Enhanced) ***
2026/Jun/05 09:53:02.195188 USER TC_26_2_3.ttcn3:490 ==========================================================
2026/Jun/05 09:53:02.195191 USER TC_26_2_3.ttcn3:491 *** Total IDENTITY exchanges: 0
2026/Jun/05 09:53:02.195197 USER TC_26_2_3.ttcn3:492 *** All N(SD) values verified: false
2026/Jun/05 09:53:02.195242 USER TC_26_2_3.ttcn3:499 *** VERDICT: FAIL ***
2026/Jun/05 09:53:02.195246 USER TC_26_2_3.ttcn3:500 *** Insufficient IDENTITY exchanges (need at least 2) ***
2026/Jun/05 09:53:02.195274 VERDICTOP TC_26_2_3.ttcn3:501 setverdict(fail): none -> fail
2026/Jun/05 09:53:02.195350 USER TC_26_2_3.ttcn3:508 ==========================================================
2026/Jun/05 09:53:02.195355 USER TC_26_2_3.ttcn3:509 *** TC_26_2_3: Test Complete (with VTY diagnostics) ***
2026/Jun/05 09:53:02.195359 USER TC_26_2_3.ttcn3:510 ==========================================================
2026/Jun/05 09:53:02.195369 PARALLEL GSM_Component_Definitions.ttcn3:346 Unmapping port mtc:L from system:L.
2026/Jun/05 09:53:02.195421 USER GSM_Component_Definitions.ttcn3:346 L3_Port: Unmapping from L
2026/Jun/05 09:53:02.195450 PORTEVENT GSM_Component_Definitions.ttcn3:346 Port L was unmapped from system:L.
2026/Jun/05 09:53:02.195480 PARALLEL GSM_Component_Definitions.ttcn3:346 Unmap operation of mtc:L from system:L finished.
2026/Jun/05 09:53:02.195490 PARALLEL GSM_Component_Definitions.ttcn3:347 Unmapping port mtc:RR from system:RR.
2026/Jun/05 09:53:02.195511 PORTEVENT GSM_Component_Definitions.ttcn3:347 Port RR was unmapped from system:RR.
2026/Jun/05 09:53:02.195537 PARALLEL GSM_Component_Definitions.ttcn3:347 Unmap operation of mtc:RR from system:RR finished.
2026/Jun/05 09:53:02.195543 PARALLEL GSM_Component_Definitions.ttcn3:348 Unmapping port mtc:MM from system:MM.
2026/Jun/05 09:53:02.195562 PORTEVENT GSM_Component_Definitions.ttcn3:348 Port MM was unmapped from system:MM.
2026/Jun/05 09:53:02.195581 PARALLEL GSM_Component_Definitions.ttcn3:348 Unmap operation of mtc:MM from system:MM finished.
2026/Jun/05 09:53:02.195586 PARALLEL GSM_Component_Definitions.ttcn3:349 Unmapping port mtc:CC from system:CC.
2026/Jun/05 09:53:02.195606 PORTEVENT GSM_Component_Definitions.ttcn3:349 Port CC was unmapped from system:CC.
2026/Jun/05 09:53:02.195625 PARALLEL GSM_Component_Definitions.ttcn3:349 Unmap operation of mtc:CC from system:CC finished.
2026/Jun/05 09:53:02.195630 PARALLEL GSM_Component_Definitions.ttcn3:350 Unmapping port mtc:MSC from system:MSC.
2026/Jun/05 09:53:02.195649 USER GSM_Component_Definitions.ttcn3:350 MSC_Port: Unmapping from MSC
2026/Jun/05 09:53:02.195702 PORTEVENT GSM_Component_Definitions.ttcn3:350 Port MSC was unmapped from system:MSC.
2026/Jun/05 09:53:02.195725 PARALLEL GSM_Component_Definitions.ttcn3:350 Unmap operation of mtc:MSC from system:MSC finished.
2026/Jun/05 09:53:02.195731 PARALLEL GSM_Component_Definitions.ttcn3:351 Unmapping port mtc:VTY from system:VTY.
2026/Jun/05 09:53:02.195763 USER GSM_Component_Definitions.ttcn3:351 VTY_PT: Unmapping port from VTY interface
2026/Jun/05 09:53:02.195809 USER GSM_Component_Definitions.ttcn3:351 VTY_PT: Disconnected from VTY
2026/Jun/05 09:53:02.195816 PORTEVENT GSM_Component_Definitions.ttcn3:351 Port VTY was unmapped from system:VTY.
2026/Jun/05 09:53:02.195870 PARALLEL GSM_Component_Definitions.ttcn3:351 Unmap operation of mtc:VTY from system:VTY finished.
2026/Jun/05 09:53:02.195891 PARALLEL TC_26_2_3.ttcn3:512 Terminating component type GSM_Component_Definitions.GSM_CT.
2026/Jun/05 09:53:02.195910 USER TC_26_2_3.ttcn3:512 L3_Port: user_stop called
2026/Jun/05 09:53:02.195916 PORTEVENT TC_26_2_3.ttcn3:512 Port L was stopped.
2026/Jun/05 09:53:02.195931 PORTEVENT TC_26_2_3.ttcn3:512 Port RR was stopped.
2026/Jun/05 09:53:02.195942 PORTEVENT TC_26_2_3.ttcn3:512 Port MM was stopped.
2026/Jun/05 09:53:02.195946 PORTEVENT TC_26_2_3.ttcn3:512 Port CC was stopped.
2026/Jun/05 09:53:02.195948 USER TC_26_2_3.ttcn3:512 MSC_Port: user_stop called
2026/Jun/05 09:53:02.195954 PORTEVENT TC_26_2_3.ttcn3:512 Message with id 16 was extracted from the queue of MSC.
2026/Jun/05 09:53:02.195957 PORTEVENT TC_26_2_3.ttcn3:512 Port MSC was stopped.
2026/Jun/05 09:53:02.195966 USER TC_26_2_3.ttcn3:512 BSC_Port: user_stop called
2026/Jun/05 09:53:02.195971 PORTEVENT TC_26_2_3.ttcn3:512 Port BSC was stopped.
2026/Jun/05 09:53:02.195974 PORTEVENT TC_26_2_3.ttcn3:512 Port RSL was stopped.
2026/Jun/05 09:53:02.195976 USER TC_26_2_3.ttcn3:512 VTY_PT: Stopping
2026/Jun/05 09:53:02.195981 PORTEVENT TC_26_2_3.ttcn3:512 Port VTY was stopped.
2026/Jun/05 09:53:02.195984 PORTEVENT TC_26_2_3.ttcn3:512 Port COORD was stopped.
2026/Jun/05 09:53:02.195987 PARALLEL TC_26_2_3.ttcn3:512 Component type GSM_Component_Definitions.GSM_CT was shut down inside testcase TC_26_2_3.
2026/Jun/05 09:53:02.195993 EXECUTOR TC_26_2_3.ttcn3:512 Waiting for PTCs to finish.
2026/Jun/05 09:53:02.196031 VERDICTOP TC_26_2_3.ttcn3:512 Setting final verdict of the test case.
2026/Jun/05 09:53:02.196073 VERDICTOP TC_26_2_3.ttcn3:512 Local verdict of MTC: fail
2026/Jun/05 09:53:02.196094 VERDICTOP TC_26_2_3.ttcn3:512 No PTCs were created.
2026/Jun/05 09:53:02.196104 TESTCASE TC_26_2_3.ttcn3:512 Test case TC_26_2_3 finished. Verdict: fail
2026/Jun/05 09:53:02.196265 STATISTICS - Verdict statistics: 0 none (0.00 %), 0 pass (0.00 %), 0 inconc (0.00 %), 1 fail (100.00 %), 0 error (0.00 %).
2026/Jun/05 09:53:02.196339 STATISTICS - Test execution summary: 1 test case was executed. Overall verdict: fail
2026/Jun/05 09:53:02.196346 EXECUTOR - Exit was requested from MC. Terminating MTC.
======================================================
TEST RESULT: FAIL
