2026/Jun/26 10:22:08.785435 EXECUTOR - TTCN-3 Main Test Component started on ttcn3-tc-26-6-1-5-1-s5n9j. Version: 11.1.0.
2026/Jun/26 10:22:08.785566 EXECUTOR - TTCN Logger v2.2 options: TimeStampFormat:=DateTime; LogEntityName:=No; LogEventTypes:=Yes; SourceInfoFormat:=Single; LogSensitiveData:=No; *.FileMask:=LOG_ALL; *.ConsoleMask:=ERROR | TESTCASE | USER | VERDICTOP | WARNING; LogFileSize:=0; LogFileNumber:=1; DiskFullAction:=Error
2026/Jun/26 10:22:08.785697 EXECUTOR - Connected to MC.
2026/Jun/26 10:22:08.785796 EXECUTOR - Executing test case TC_26_6_1_5 in module TC_26_6_1_5.
2026/Jun/26 10:22:08.785955 TESTCASE TC_26_6_1_5.ttcn3:33 Test case TC_26_6_1_5 started.
2026/Jun/26 10:22:08.786018 PARALLEL TC_26_6_1_5.ttcn3:33 Initializing variables, timers and ports of component type GSM_Component_Definitions.GSM_CT inside testcase TC_26_6_1_5.
2026/Jun/26 10:22:08.786274 USER TC_26_6_1_5.ttcn3:33 MSC_Port: set_parameter msc_stub_host = 10.42.0.186
2026/Jun/26 10:22:08.786328 USER TC_26_6_1_5.ttcn3:33 MSC_Port: set_parameter msc_stub_port = 5000
2026/Jun/26 10:22:08.786378 USER TC_26_6_1_5.ttcn3:33 L3_Port: set_parameter gsmtap_host = 127.0.0.1
2026/Jun/26 10:22:08.786393 USER TC_26_6_1_5.ttcn3:33 L3_Port: set_parameter gsmtap_port = 4729
2026/Jun/26 10:22:08.786399 USER TC_26_6_1_5.ttcn3:33 L3_Port: set_parameter local_port = 4729
2026/Jun/26 10:22:08.786403 USER TC_26_6_1_5.ttcn3:33 L3_Port: set_parameter ul_multicast_group = 239.193.23.2
2026/Jun/26 10:22:08.786408 USER TC_26_6_1_5.ttcn3:33 L3_Port: Will join UL multicast group 239.193.23.2 for RACH capture
2026/Jun/26 10:22:08.786412 USER TC_26_6_1_5.ttcn3:33 L3_Port: set_parameter arfcn = 51
2026/Jun/26 10:22:08.786421 USER TC_26_6_1_5.ttcn3:33 L3_Port: user_start called
2026/Jun/26 10:22:08.786430 PORTEVENT TC_26_6_1_5.ttcn3:33 Port L was started.
2026/Jun/26 10:22:08.786480 PORTEVENT TC_26_6_1_5.ttcn3:33 Port RR was started.
2026/Jun/26 10:22:08.786485 PORTEVENT TC_26_6_1_5.ttcn3:33 Port MM was started.
2026/Jun/26 10:22:08.786490 PORTEVENT TC_26_6_1_5.ttcn3:33 Port CC was started.
2026/Jun/26 10:22:08.786493 USER TC_26_6_1_5.ttcn3:33 MSC_Port: user_start called
2026/Jun/26 10:22:08.786497 PORTEVENT TC_26_6_1_5.ttcn3:33 Port MSC was started.
2026/Jun/26 10:22:08.786502 PORTEVENT TC_26_6_1_5.ttcn3:33 Port BSC was started.
2026/Jun/26 10:22:08.786507 PORTEVENT TC_26_6_1_5.ttcn3:33 Port RSL was started.
2026/Jun/26 10:22:08.786513 USER TC_26_6_1_5.ttcn3:33 VTY_PT: Starting
2026/Jun/26 10:22:08.786516 PORTEVENT TC_26_6_1_5.ttcn3:33 Port VTY was started.
2026/Jun/26 10:22:08.786521 PORTEVENT TC_26_6_1_5.ttcn3:33 Port COORD was started.
2026/Jun/26 10:22:08.786524 PARALLEL TC_26_6_1_5.ttcn3:33 Component type GSM_Component_Definitions.GSM_CT was initialized.
2026/Jun/26 10:22:08.786556 WARNING GSM_Component_Definitions.ttcn3:364 Warning: Stopping inactive timer T_guard.
2026/Jun/26 10:22:08.786565 WARNING GSM_Component_Definitions.ttcn3:365 Warning: Stopping inactive timer T301.
2026/Jun/26 10:22:08.786570 WARNING GSM_Component_Definitions.ttcn3:366 Warning: Stopping inactive timer T303.
2026/Jun/26 10:22:08.786575 WARNING GSM_Component_Definitions.ttcn3:367 Warning: Stopping inactive timer T305.
2026/Jun/26 10:22:08.786580 WARNING GSM_Component_Definitions.ttcn3:368 Warning: Stopping inactive timer T308.
2026/Jun/26 10:22:08.786584 WARNING GSM_Component_Definitions.ttcn3:369 Warning: Stopping inactive timer T310.
2026/Jun/26 10:22:08.786589 WARNING GSM_Component_Definitions.ttcn3:370 Warning: Stopping inactive timer T313.
2026/Jun/26 10:22:08.786597 USER GSM_Component_Definitions.ttcn3:386 Component initialized
2026/Jun/26 10:22:08.786615 PARALLEL GSM_Component_Definitions.ttcn3:334 Mapping port mtc:L to system:L.
2026/Jun/26 10:22:08.786738 USER GSM_Component_Definitions.ttcn3:334 L3_Port: Mapping to L
2026/Jun/26 10:22:09.380972 USER GSM_Component_Definitions.ttcn3:334 L3_Port: Joined UL multicast group 239.193.23.2 for RACH capture
2026/Jun/26 10:22:09.381070 USER GSM_Component_Definitions.ttcn3:334 L3_Port: GSMTAP listening on port 4729
2026/Jun/26 10:22:09.381079 USER GSM_Component_Definitions.ttcn3:334 L3_Port: Mapped successfully (GSMTAP: 127.0.0.1:4729)
2026/Jun/26 10:22:09.381100 WARNING GSM_Component_Definitions.ttcn3:334 Warning: The maximum number of open file descriptors (1048576) is greater than FD_SETSIZE (1024). Ensure that Test Ports using Install_Handler do not try to wait for events of file descriptors with values greater than FD_SETSIZE (1024). (Current caller of Install_Handler is "L")
2026/Jun/26 10:22:09.381155 PORTEVENT GSM_Component_Definitions.ttcn3:334 Port L was mapped to system:L.
2026/Jun/26 10:22:09.381272 PARALLEL GSM_Component_Definitions.ttcn3:334 Map operation of mtc:L to system:L finished.
2026/Jun/26 10:22:09.381320 PARALLEL GSM_Component_Definitions.ttcn3:335 Mapping port mtc:RR to system:RR.
2026/Jun/26 10:22:09.381359 PORTEVENT GSM_Component_Definitions.ttcn3:335 Port RR was mapped to system:RR.
2026/Jun/26 10:22:09.381390 PARALLEL GSM_Component_Definitions.ttcn3:335 Map operation of mtc:RR to system:RR finished.
2026/Jun/26 10:22:09.381396 PARALLEL GSM_Component_Definitions.ttcn3:336 Mapping port mtc:MM to system:MM.
2026/Jun/26 10:22:09.381426 PORTEVENT GSM_Component_Definitions.ttcn3:336 Port MM was mapped to system:MM.
2026/Jun/26 10:22:09.381457 PARALLEL GSM_Component_Definitions.ttcn3:336 Map operation of mtc:MM to system:MM finished.
2026/Jun/26 10:22:09.381462 PARALLEL GSM_Component_Definitions.ttcn3:337 Mapping port mtc:CC to system:CC.
2026/Jun/26 10:22:09.381491 PORTEVENT GSM_Component_Definitions.ttcn3:337 Port CC was mapped to system:CC.
2026/Jun/26 10:22:09.381520 PARALLEL GSM_Component_Definitions.ttcn3:337 Map operation of mtc:CC to system:CC finished.
2026/Jun/26 10:22:09.381524 PARALLEL GSM_Component_Definitions.ttcn3:338 Mapping port mtc:MSC to system:MSC.
2026/Jun/26 10:22:09.381554 USER GSM_Component_Definitions.ttcn3:338 MSC_Port: Mapping to MSC
2026/Jun/26 10:22:09.382139 USER GSM_Component_Definitions.ttcn3:338 MSC_Port: Registered socket for async events
2026/Jun/26 10:22:09.382165 USER GSM_Component_Definitions.ttcn3:338 MSC_Port: Connected to MSC stub at 10.42.0.186:5000
2026/Jun/26 10:22:09.382171 PORTEVENT GSM_Component_Definitions.ttcn3:338 Port MSC was mapped to system:MSC.
2026/Jun/26 10:22:09.382355 PARALLEL GSM_Component_Definitions.ttcn3:338 Map operation of mtc:MSC to system:MSC finished.
2026/Jun/26 10:22:09.382364 PARALLEL GSM_Component_Definitions.ttcn3:339 Mapping port mtc:VTY to system:VTY.
2026/Jun/26 10:22:09.382408 USER GSM_Component_Definitions.ttcn3:339 VTY_PT: Mapping port to VTY interface
2026/Jun/26 10:22:09.382741 USER GSM_Component_Definitions.ttcn3:339 VTY_PT: Connected to VTY at 10.43.185.82:4247
2026/Jun/26 10:22:09.883133 USER GSM_Component_Definitions.ttcn3:339 VTY_PT: Initial banner received
2026/Jun/26 10:22:09.883201 PORTEVENT GSM_Component_Definitions.ttcn3:339 Port VTY was mapped to system:VTY.
2026/Jun/26 10:22:09.883259 USER GSM_Component_Definitions.ttcn3:339 MSC_Port: RX: {"type": "WELCOME", "status": "connected"}
2026/Jun/26 10:22:09.883327 PORTEVENT GSM_Component_Definitions.ttcn3:339 Message enqueued on MSC from system charstring : "{\"type\": \"WELCOME\", \"status\": \"connected\"}" id 1
2026/Jun/26 10:22:09.883431 PARALLEL GSM_Component_Definitions.ttcn3:339 Map operation of mtc:VTY to system:VTY finished.
2026/Jun/26 10:22:09.883463 TIMEROP TC_26_6_1_5.ttcn3:46 Start timer T_guard: 300 s
2026/Jun/26 10:22:09.883522 USER TC_26_6_1_5.ttcn3:48 ==========================================================
2026/Jun/26 10:22:09.883539 USER TC_26_6_1_5.ttcn3:49 *** TC_26_6_1_5: Immediate Assignment after Immediate Assignment Reject ***
2026/Jun/26 10:22:09.883552 USER TC_26_6_1_5.ttcn3:50 ==========================================================
2026/Jun/26 10:22:09.883564 USER TC_26_6_1_5.ttcn3:56 *** Step 1: Disable auto_respond, accept boot LU ***
2026/Jun/26 10:22:09.883597 PORTEVENT TC_26_6_1_5.ttcn3:57 Sent on MSC to system charstring : "{\"command\": \"SET_AUTO_RESPOND\", \"params\": {\"enabled\": false}}"
2026/Jun/26 10:22:09.883699 USER TC_26_6_1_5.ttcn3:57 MSC_Port: TX: {"command": "SET_AUTO_RESPOND", "params": {"enabled": false}}
2026/Jun/26 10:22:09.883739 TIMEROP TC_26_6_1_5.ttcn3:59 Start timer T_ack: 3 s
2026/Jun/26 10:22:09.883784 PORTEVENT TC_26_6_1_5.ttcn3:61 Receive operation on port MSC succeeded, message from system(): charstring : "{\"type\": \"WELCOME\", \"status\": \"connected\"}" id 1
2026/Jun/26 10:22:09.883815 PORTEVENT TC_26_6_1_5.ttcn3:61 Message with id 1 was extracted from the queue of MSC.
2026/Jun/26 10:22:09.884093 USER TC_26_6_1_5.ttcn3:60 MSC_Port: RX: {"status": "ok", "auto_respond": false}
2026/Jun/26 10:22:09.884126 PORTEVENT TC_26_6_1_5.ttcn3:60 Message enqueued on MSC from system charstring : "{\"status\": \"ok\", \"auto_respond\": false}" id 2
2026/Jun/26 10:22:09.884136 PORTEVENT TC_26_6_1_5.ttcn3:61 Receive operation on port MSC succeeded, message from system(): charstring : "{\"status\": \"ok\", \"auto_respond\": false}" id 2
2026/Jun/26 10:22:09.884141 PORTEVENT TC_26_6_1_5.ttcn3:61 Message with id 2 was extracted from the queue of MSC.
2026/Jun/26 10:22:09.884228 TIMEROP TC_26_6_1_5.ttcn3:63 Stop timer T_ack: 3 s
2026/Jun/26 10:22:09.884242 USER TC_26_6_1_5.ttcn3:91 *** Step 2: Drain boot events ***
2026/Jun/26 10:22:09.884261 TIMEROP TC_26_6_1_5.ttcn3:93 Start timer T_drain: 10 s
2026/Jun/26 10:22:10.290426 USER TC_26_6_1_5.ttcn3:94 L3_Port: Received 39 bytes
2026/Jun/26 10:22:10.290561 USER TC_26_6_1_5.ttcn3:94 L3_Port: RAW GSMTAP hdr->arfcn=0x4033 RxArfcn=0x4033 Uplink=1 Chan=135 Len=23
2026/Jun/26 10:22:10.290579 USER TC_26_6_1_5.ttcn3:94 L3_Port: RX: 0E 00 01 03 49 06 15 00 40 01 C0 00 00 00 00 00 00 00 00 00 00 00 00 
2026/Jun/26 10:22:10.290606 PORTEVENT TC_26_6_1_5.ttcn3:94 Message enqueued on L from system octetstring : '0E000103490615004001C0000000000000000000000000'O id 1
2026/Jun/26 10:22:10.290627 USER TC_26_6_1_5.ttcn3:94 L3_Port: Message delivered to TTCN-3
2026/Jun/26 10:22:10.290651 PORTEVENT TC_26_6_1_5.ttcn3:112 Receive operation on port L succeeded, message from system(): octetstring : '0E000103490615004001C0000000000000000000000000'O id 1
2026/Jun/26 10:22:10.290662 PORTEVENT TC_26_6_1_5.ttcn3:112 Message with id 1 was extracted from the queue of L.
2026/Jun/26 10:22:11.231836 USER TC_26_6_1_5.ttcn3:94 L3_Port: Received 39 bytes
2026/Jun/26 10:22:11.231901 USER TC_26_6_1_5.ttcn3:94 L3_Port: RAW GSMTAP hdr->arfcn=0x4033 RxArfcn=0x4033 Uplink=1 Chan=135 Len=23
2026/Jun/26 10:22:11.231911 USER TC_26_6_1_5.ttcn3:94 L3_Port: RX: 0E 00 01 03 49 06 15 00 40 01 C0 00 00 00 00 00 00 00 00 00 00 00 00 
2026/Jun/26 10:22:11.231925 PORTEVENT TC_26_6_1_5.ttcn3:94 Message enqueued on L from system octetstring : '0E000103490615004001C0000000000000000000000000'O id 2
2026/Jun/26 10:22:11.231939 USER TC_26_6_1_5.ttcn3:94 L3_Port: Message delivered to TTCN-3
2026/Jun/26 10:22:11.231953 PORTEVENT TC_26_6_1_5.ttcn3:112 Receive operation on port L succeeded, message from system(): octetstring : '0E000103490615004001C0000000000000000000000000'O id 2
2026/Jun/26 10:22:11.231962 PORTEVENT TC_26_6_1_5.ttcn3:112 Message with id 2 was extracted from the queue of L.
2026/Jun/26 10:22:14.889369 USER TC_26_6_1_5.ttcn3:94 MSC_Port: RX: {"type": "HEARTBEAT"}
2026/Jun/26 10:22:14.889482 PORTEVENT TC_26_6_1_5.ttcn3:94 Message enqueued on MSC from system charstring : "{\"type\": \"HEARTBEAT\"}" id 3
2026/Jun/26 10:22:14.889524 PORTEVENT TC_26_6_1_5.ttcn3:95 Receive operation on port MSC succeeded, message from system(): charstring : "{\"type\": \"HEARTBEAT\"}" id 3
2026/Jun/26 10:22:14.889544 PORTEVENT TC_26_6_1_5.ttcn3:95 Message with id 3 was extracted from the queue of MSC.
2026/Jun/26 10:22:17.934542 USER TC_26_6_1_5.ttcn3:94 VTY_PT: Received data (buffered): 68 bytes
2026/Jun/26 10:22:19.884904 TIMEROP TC_26_6_1_5.ttcn3:113 Timeout T_drain: 10 s
2026/Jun/26 10:22:19.884982 USER TC_26_6_1_5.ttcn3:116 *** Step 2b: Settle 20s ***
2026/Jun/26 10:22:19.885012 TIMEROP TC_26_6_1_5.ttcn3:118 Start timer T_settle: 20 s
2026/Jun/26 10:22:19.894066 USER TC_26_6_1_5.ttcn3:119 MSC_Port: RX: {"type": "HEARTBEAT"}
2026/Jun/26 10:22:19.894139 PORTEVENT TC_26_6_1_5.ttcn3:119 Message enqueued on MSC from system charstring : "{\"type\": \"HEARTBEAT\"}" id 4
2026/Jun/26 10:22:19.894172 PORTEVENT TC_26_6_1_5.ttcn3:120 Receive operation on port MSC succeeded, message from system(): charstring : "{\"type\": \"HEARTBEAT\"}" id 4
2026/Jun/26 10:22:19.894181 PORTEVENT TC_26_6_1_5.ttcn3:120 Message with id 4 was extracted from the queue of MSC.
2026/Jun/26 10:22:24.899059 USER TC_26_6_1_5.ttcn3:119 MSC_Port: RX: {"type": "HEARTBEAT"}
2026/Jun/26 10:22:24.899137 PORTEVENT TC_26_6_1_5.ttcn3:119 Message enqueued on MSC from system charstring : "{\"type\": \"HEARTBEAT\"}" id 5
2026/Jun/26 10:22:24.899160 PORTEVENT TC_26_6_1_5.ttcn3:120 Receive operation on port MSC succeeded, message from system(): charstring : "{\"type\": \"HEARTBEAT\"}" id 5
2026/Jun/26 10:22:24.899169 PORTEVENT TC_26_6_1_5.ttcn3:120 Message with id 5 was extracted from the queue of MSC.
2026/Jun/26 10:22:29.904051 USER TC_26_6_1_5.ttcn3:119 MSC_Port: RX: {"type": "HEARTBEAT"}
2026/Jun/26 10:22:29.904123 PORTEVENT TC_26_6_1_5.ttcn3:119 Message enqueued on MSC from system charstring : "{\"type\": \"HEARTBEAT\"}" id 6
2026/Jun/26 10:22:29.904147 PORTEVENT TC_26_6_1_5.ttcn3:120 Receive operation on port MSC succeeded, message from system(): charstring : "{\"type\": \"HEARTBEAT\"}" id 6
2026/Jun/26 10:22:29.904156 PORTEVENT TC_26_6_1_5.ttcn3:120 Message with id 6 was extracted from the queue of MSC.
2026/Jun/26 10:22:34.909556 USER TC_26_6_1_5.ttcn3:119 MSC_Port: RX: {"type": "HEARTBEAT"}
2026/Jun/26 10:22:34.909653 PORTEVENT TC_26_6_1_5.ttcn3:119 Message enqueued on MSC from system charstring : "{\"type\": \"HEARTBEAT\"}" id 7
2026/Jun/26 10:22:34.909694 PORTEVENT TC_26_6_1_5.ttcn3:120 Receive operation on port MSC succeeded, message from system(): charstring : "{\"type\": \"HEARTBEAT\"}" id 7
2026/Jun/26 10:22:34.909712 PORTEVENT TC_26_6_1_5.ttcn3:120 Message with id 7 was extracted from the queue of MSC.
2026/Jun/26 10:22:35.945331 USER TC_26_6_1_5.ttcn3:119 L3_Port: Received 17 bytes
2026/Jun/26 10:22:35.945407 USER TC_26_6_1_5.ttcn3:119 L3_Port: RAW GSMTAP hdr->arfcn=0x4033 RxArfcn=0x4033 Uplink=1 Chan=3 Len=1
2026/Jun/26 10:22:35.945418 USER TC_26_6_1_5.ttcn3:119 L3_Port: RX: 07 
2026/Jun/26 10:22:35.945434 PORTEVENT TC_26_6_1_5.ttcn3:119 Message enqueued on L from system octetstring : '0700003B0D'O id 3
2026/Jun/26 10:22:35.945448 USER TC_26_6_1_5.ttcn3:119 L3_Port: Message delivered to TTCN-3
2026/Jun/26 10:22:35.945464 PORTEVENT TC_26_6_1_5.ttcn3:121 Receive operation on port L succeeded, message from system(): octetstring : '0700003B0D'O id 3
2026/Jun/26 10:22:35.945475 PORTEVENT TC_26_6_1_5.ttcn3:121 Message with id 3 was extracted from the queue of L.
2026/Jun/26 10:22:36.037786 USER TC_26_6_1_5.ttcn3:119 L3_Port: Received 39 bytes
2026/Jun/26 10:22:36.037886 USER TC_26_6_1_5.ttcn3:119 L3_Port: RAW GSMTAP hdr->arfcn=0x4033 RxArfcn=0x4033 Uplink=1 Chan=135 Len=23
2026/Jun/26 10:22:36.037901 USER TC_26_6_1_5.ttcn3:119 L3_Port: RX: 0E 00 01 03 49 06 15 00 40 01 C0 00 00 00 00 00 00 00 00 00 00 00 00 
2026/Jun/26 10:22:36.037921 PORTEVENT TC_26_6_1_5.ttcn3:119 Message enqueued on L from system octetstring : '0E000103490615004001C0000000000000000000000000'O id 4
2026/Jun/26 10:22:36.037939 USER TC_26_6_1_5.ttcn3:119 L3_Port: Message delivered to TTCN-3
2026/Jun/26 10:22:36.037961 PORTEVENT TC_26_6_1_5.ttcn3:121 Receive operation on port L succeeded, message from system(): octetstring : '0E000103490615004001C0000000000000000000000000'O id 4
2026/Jun/26 10:22:36.037973 PORTEVENT TC_26_6_1_5.ttcn3:121 Message with id 4 was extracted from the queue of L.
2026/Jun/26 10:22:36.180839 USER TC_26_6_1_5.ttcn3:119 L3_Port: Received 39 bytes
2026/Jun/26 10:22:36.180906 USER TC_26_6_1_5.ttcn3:119 L3_Port: RAW GSMTAP hdr->arfcn=0x4033 RxArfcn=0x4033 Uplink=1 Chan=7 Len=23
2026/Jun/26 10:22:36.180918 USER TC_26_6_1_5.ttcn3:119 L3_Port: RX: 01 3F 49 05 08 70 09 F1 07 00 00 33 08 99 10 07 00 00 00 00 10 2B 2B 
2026/Jun/26 10:22:36.180934 PORTEVENT TC_26_6_1_5.ttcn3:119 Message enqueued on L from system octetstring : '013F4905087009F1070000330899100700000000102B2B'O id 5
2026/Jun/26 10:22:36.180957 USER TC_26_6_1_5.ttcn3:119 L3_Port: Message delivered to TTCN-3
2026/Jun/26 10:22:36.180971 PORTEVENT TC_26_6_1_5.ttcn3:121 Receive operation on port L succeeded, message from system(): octetstring : '013F4905087009F1070000330899100700000000102B2B'O id 5
2026/Jun/26 10:22:36.180979 PORTEVENT TC_26_6_1_5.ttcn3:121 Message with id 5 was extracted from the queue of L.
2026/Jun/26 10:22:37.121994 USER TC_26_6_1_5.ttcn3:119 L3_Port: Received 39 bytes
2026/Jun/26 10:22:37.122060 USER TC_26_6_1_5.ttcn3:119 L3_Port: RAW GSMTAP hdr->arfcn=0x4033 RxArfcn=0x4033 Uplink=1 Chan=135 Len=23
2026/Jun/26 10:22:37.122071 USER TC_26_6_1_5.ttcn3:119 L3_Port: RX: 0E 00 01 03 49 06 15 3F 3F 01 C0 00 00 00 00 00 00 00 00 00 00 00 00 
2026/Jun/26 10:22:37.122085 PORTEVENT TC_26_6_1_5.ttcn3:119 Message enqueued on L from system octetstring : '0E0001034906153F3F01C0000000000000000000000000'O id 6
2026/Jun/26 10:22:37.122099 USER TC_26_6_1_5.ttcn3:119 L3_Port: Message delivered to TTCN-3
2026/Jun/26 10:22:37.122114 PORTEVENT TC_26_6_1_5.ttcn3:121 Receive operation on port L succeeded, message from system(): octetstring : '0E0001034906153F3F01C0000000000000000000000000'O id 6
2026/Jun/26 10:22:37.122123 PORTEVENT TC_26_6_1_5.ttcn3:121 Message with id 6 was extracted from the queue of L.
2026/Jun/26 10:22:37.122393 USER TC_26_6_1_5.ttcn3:119 L3_Port: Received 39 bytes
2026/Jun/26 10:22:37.122403 USER TC_26_6_1_5.ttcn3:119 L3_Port: RAW GSMTAP hdr->arfcn=0x4033 RxArfcn=0x4033 Uplink=1 Chan=7 Len=23
2026/Jun/26 10:22:37.122410 USER TC_26_6_1_5.ttcn3:119 L3_Port: RX: 01 3F 49 05 08 70 09 F1 07 00 00 33 08 99 10 07 00 00 00 00 10 2B 2B 
2026/Jun/26 10:22:37.122416 PORTEVENT TC_26_6_1_5.ttcn3:119 Message enqueued on L from system octetstring : '013F4905087009F1070000330899100700000000102B2B'O id 7
2026/Jun/26 10:22:37.122420 USER TC_26_6_1_5.ttcn3:119 L3_Port: Message delivered to TTCN-3
2026/Jun/26 10:22:37.122427 PORTEVENT TC_26_6_1_5.ttcn3:121 Receive operation on port L succeeded, message from system(): octetstring : '013F4905087009F1070000330899100700000000102B2B'O id 7
2026/Jun/26 10:22:37.122431 PORTEVENT TC_26_6_1_5.ttcn3:121 Message with id 7 was extracted from the queue of L.
2026/Jun/26 10:22:38.063631 USER TC_26_6_1_5.ttcn3:119 L3_Port: Received 39 bytes
2026/Jun/26 10:22:38.063691 USER TC_26_6_1_5.ttcn3:119 L3_Port: RAW GSMTAP hdr->arfcn=0x4033 RxArfcn=0x4033 Uplink=1 Chan=135 Len=23
2026/Jun/26 10:22:38.063702 USER TC_26_6_1_5.ttcn3:119 L3_Port: RX: 0E 00 01 03 49 06 15 00 40 01 C0 00 00 00 00 00 00 00 00 00 00 00 00 
2026/Jun/26 10:22:38.063717 PORTEVENT TC_26_6_1_5.ttcn3:119 Message enqueued on L from system octetstring : '0E000103490615004001C0000000000000000000000000'O id 8
2026/Jun/26 10:22:38.063730 USER TC_26_6_1_5.ttcn3:119 L3_Port: Message delivered to TTCN-3
2026/Jun/26 10:22:38.063746 PORTEVENT TC_26_6_1_5.ttcn3:121 Receive operation on port L succeeded, message from system(): octetstring : '0E000103490615004001C0000000000000000000000000'O id 8
2026/Jun/26 10:22:38.063755 PORTEVENT TC_26_6_1_5.ttcn3:121 Message with id 8 was extracted from the queue of L.
2026/Jun/26 10:22:38.064046 USER TC_26_6_1_5.ttcn3:119 L3_Port: Received 39 bytes
2026/Jun/26 10:22:38.064062 USER TC_26_6_1_5.ttcn3:119 L3_Port: RAW GSMTAP hdr->arfcn=0x4033 RxArfcn=0x4033 Uplink=1 Chan=7 Len=23
2026/Jun/26 10:22:38.064070 USER TC_26_6_1_5.ttcn3:119 L3_Port: RX: 01 3F 49 05 08 70 09 F1 07 00 00 33 08 99 10 07 00 00 00 00 10 2B 2B 
2026/Jun/26 10:22:38.064077 PORTEVENT TC_26_6_1_5.ttcn3:119 Message enqueued on L from system octetstring : '013F4905087009F1070000330899100700000000102B2B'O id 9
2026/Jun/26 10:22:38.064083 USER TC_26_6_1_5.ttcn3:119 L3_Port: Message delivered to TTCN-3
2026/Jun/26 10:22:38.064091 PORTEVENT TC_26_6_1_5.ttcn3:121 Receive operation on port L succeeded, message from system(): octetstring : '013F4905087009F1070000330899100700000000102B2B'O id 9
2026/Jun/26 10:22:38.064096 PORTEVENT TC_26_6_1_5.ttcn3:121 Message with id 9 was extracted from the queue of L.
2026/Jun/26 10:22:39.005001 USER TC_26_6_1_5.ttcn3:119 L3_Port: Received 39 bytes
2026/Jun/26 10:22:39.005097 USER TC_26_6_1_5.ttcn3:119 L3_Port: RAW GSMTAP hdr->arfcn=0x4033 RxArfcn=0x4033 Uplink=1 Chan=135 Len=23
2026/Jun/26 10:22:39.005107 USER TC_26_6_1_5.ttcn3:119 L3_Port: RX: 0E 00 01 03 49 06 15 00 40 01 C0 00 00 00 00 00 00 00 00 00 00 00 00 
2026/Jun/26 10:22:39.005120 PORTEVENT TC_26_6_1_5.ttcn3:119 Message enqueued on L from system octetstring : '0E000103490615004001C0000000000000000000000000'O id 10
2026/Jun/26 10:22:39.005132 USER TC_26_6_1_5.ttcn3:119 L3_Port: Message delivered to TTCN-3
2026/Jun/26 10:22:39.005147 PORTEVENT TC_26_6_1_5.ttcn3:121 Receive operation on port L succeeded, message from system(): octetstring : '0E000103490615004001C0000000000000000000000000'O id 10
2026/Jun/26 10:22:39.005156 PORTEVENT TC_26_6_1_5.ttcn3:121 Message with id 10 was extracted from the queue of L.
2026/Jun/26 10:22:39.005444 USER TC_26_6_1_5.ttcn3:119 L3_Port: Received 39 bytes
2026/Jun/26 10:22:39.005465 USER TC_26_6_1_5.ttcn3:119 L3_Port: RAW GSMTAP hdr->arfcn=0x4033 RxArfcn=0x4033 Uplink=1 Chan=7 Len=23
2026/Jun/26 10:22:39.005474 USER TC_26_6_1_5.ttcn3:119 L3_Port: RX: 01 3F 49 05 08 70 09 F1 07 00 00 33 08 99 10 07 00 00 00 00 10 2B 2B 
2026/Jun/26 10:22:39.005481 PORTEVENT TC_26_6_1_5.ttcn3:119 Message enqueued on L from system octetstring : '013F4905087009F1070000330899100700000000102B2B'O id 11
2026/Jun/26 10:22:39.005486 USER TC_26_6_1_5.ttcn3:119 L3_Port: Message delivered to TTCN-3
2026/Jun/26 10:22:39.005494 PORTEVENT TC_26_6_1_5.ttcn3:121 Receive operation on port L succeeded, message from system(): octetstring : '013F4905087009F1070000330899100700000000102B2B'O id 11
2026/Jun/26 10:22:39.005499 PORTEVENT TC_26_6_1_5.ttcn3:121 Message with id 11 was extracted from the queue of L.
2026/Jun/26 10:22:39.885040 TIMEROP TC_26_6_1_5.ttcn3:122 Timeout T_settle: 20 s
2026/Jun/26 10:22:39.885122 USER TC_26_6_1_5.ttcn3:129 *** Step 3: Lock BSC TS1-7 (best-effort IMMED ASS REJECT trigger) ***
2026/Jun/26 10:22:39.885161 PORTEVENT TC_26_6_1_5.ttcn3:130 Sent on MSC to system charstring : "{\"command\": \"CMD_LOCK_BSC_TIMESLOTS\", \"params\": {\"timeslots\": [1,2,3,4,5,6,7]}}"
2026/Jun/26 10:22:39.885263 USER TC_26_6_1_5.ttcn3:130 MSC_Port: TX: {"command": "CMD_LOCK_BSC_TIMESLOTS", "params": {"timeslots": [1,2,3,4,5,6,7]}}
2026/Jun/26 10:22:39.885274 TIMEROP TC_26_6_1_5.ttcn3:132 Start timer T_lock: 5 s
2026/Jun/26 10:22:40.182510 USER TC_26_6_1_5.ttcn3:133 L3_Port: Received 39 bytes
2026/Jun/26 10:22:40.182588 USER TC_26_6_1_5.ttcn3:133 L3_Port: RAW GSMTAP hdr->arfcn=0x4033 RxArfcn=0x4033 Uplink=1 Chan=7 Len=23
2026/Jun/26 10:22:40.182600 USER TC_26_6_1_5.ttcn3:133 L3_Port: RX: 01 3F 49 05 08 70 09 F1 07 00 00 33 08 99 10 07 00 00 00 00 10 2B 2B 
2026/Jun/26 10:22:40.182616 PORTEVENT TC_26_6_1_5.ttcn3:133 Message enqueued on L from system octetstring : '013F4905087009F1070000330899100700000000102B2B'O id 12
2026/Jun/26 10:22:40.182630 USER TC_26_6_1_5.ttcn3:133 L3_Port: Message delivered to TTCN-3
2026/Jun/26 10:22:40.417417 USER TC_26_6_1_5.ttcn3:133 L3_Port: Received 39 bytes
2026/Jun/26 10:22:40.417485 USER TC_26_6_1_5.ttcn3:133 L3_Port: RAW GSMTAP hdr->arfcn=0x4033 RxArfcn=0x4033 Uplink=1 Chan=135 Len=23
2026/Jun/26 10:22:40.417497 USER TC_26_6_1_5.ttcn3:133 L3_Port: RX: 0E 00 01 03 49 06 15 00 40 01 C0 00 00 00 00 00 00 00 00 00 00 00 00 
2026/Jun/26 10:22:40.417510 PORTEVENT TC_26_6_1_5.ttcn3:133 Message enqueued on L from system octetstring : '0E000103490615004001C0000000000000000000000000'O id 13
2026/Jun/26 10:22:40.417523 USER TC_26_6_1_5.ttcn3:133 L3_Port: Message delivered to TTCN-3
2026/Jun/26 10:22:40.763315 USER TC_26_6_1_5.ttcn3:133 VTY_PT: Received data (buffered): 68 bytes
2026/Jun/26 10:22:41.123685 USER TC_26_6_1_5.ttcn3:133 L3_Port: Received 39 bytes
2026/Jun/26 10:22:41.123761 USER TC_26_6_1_5.ttcn3:133 L3_Port: RAW GSMTAP hdr->arfcn=0x4033 RxArfcn=0x4033 Uplink=1 Chan=7 Len=23
2026/Jun/26 10:22:41.123773 USER TC_26_6_1_5.ttcn3:133 L3_Port: RX: 01 3F 49 05 08 70 09 F1 07 00 00 33 08 99 10 07 00 00 00 00 10 2B 2B 
2026/Jun/26 10:22:41.123789 PORTEVENT TC_26_6_1_5.ttcn3:133 Message enqueued on L from system octetstring : '013F4905087009F1070000330899100700000000102B2B'O id 14
2026/Jun/26 10:22:41.123813 USER TC_26_6_1_5.ttcn3:133 L3_Port: Message delivered to TTCN-3
2026/Jun/26 10:22:41.358495 USER TC_26_6_1_5.ttcn3:133 L3_Port: Received 39 bytes
2026/Jun/26 10:22:41.358570 USER TC_26_6_1_5.ttcn3:133 L3_Port: RAW GSMTAP hdr->arfcn=0x4033 RxArfcn=0x4033 Uplink=1 Chan=135 Len=23
2026/Jun/26 10:22:41.358583 USER TC_26_6_1_5.ttcn3:133 L3_Port: RX: 0E 00 01 03 49 06 15 00 40 01 C0 00 00 00 00 00 00 00 00 00 00 00 00 
2026/Jun/26 10:22:41.358601 PORTEVENT TC_26_6_1_5.ttcn3:133 Message enqueued on L from system octetstring : '0E000103490615004001C0000000000000000000000000'O id 15
2026/Jun/26 10:22:41.358618 USER TC_26_6_1_5.ttcn3:133 L3_Port: Message delivered to TTCN-3
2026/Jun/26 10:22:42.300149 USER TC_26_6_1_5.ttcn3:133 L3_Port: Received 39 bytes
2026/Jun/26 10:22:42.300223 USER TC_26_6_1_5.ttcn3:133 L3_Port: RAW GSMTAP hdr->arfcn=0x4033 RxArfcn=0x4033 Uplink=1 Chan=135 Len=23
2026/Jun/26 10:22:42.300237 USER TC_26_6_1_5.ttcn3:133 L3_Port: RX: 0E 00 01 03 49 06 15 00 40 01 C0 00 00 00 00 00 00 00 00 00 00 00 00 
2026/Jun/26 10:22:42.300251 PORTEVENT TC_26_6_1_5.ttcn3:133 Message enqueued on L from system octetstring : '0E000103490615004001C0000000000000000000000000'O id 16
2026/Jun/26 10:22:42.300264 USER TC_26_6_1_5.ttcn3:133 L3_Port: Message delivered to TTCN-3
2026/Jun/26 10:22:43.242512 USER TC_26_6_1_5.ttcn3:133 L3_Port: Received 39 bytes
2026/Jun/26 10:22:43.242590 USER TC_26_6_1_5.ttcn3:133 L3_Port: RAW GSMTAP hdr->arfcn=0x4033 RxArfcn=0x4033 Uplink=1 Chan=135 Len=23
2026/Jun/26 10:22:43.242601 USER TC_26_6_1_5.ttcn3:133 L3_Port: RX: 0E 00 01 03 49 06 15 00 40 01 C0 00 00 00 00 00 00 00 00 00 00 00 00 
2026/Jun/26 10:22:43.242616 PORTEVENT TC_26_6_1_5.ttcn3:133 Message enqueued on L from system octetstring : '0E000103490615004001C0000000000000000000000000'O id 17
2026/Jun/26 10:22:43.242629 USER TC_26_6_1_5.ttcn3:133 L3_Port: Message delivered to TTCN-3
2026/Jun/26 10:22:44.886789 TIMEROP TC_26_6_1_5.ttcn3:140 Timeout T_lock: 5 s
2026/Jun/26 10:22:44.886867 USER TC_26_6_1_5.ttcn3:140 Lock ack timeout, continuing...
2026/Jun/26 10:22:44.886891 USER TC_26_6_1_5.ttcn3:149 *** Step 4a: Send PAGING, wait for first RACH on L port (up to 20s) ***
2026/Jun/26 10:22:44.886958 PORTEVENT TC_26_6_1_5.ttcn3:150 Sent on MSC to system charstring : "{\"command\": \"CMD_SEND_PAGING\", \"params\": {\"tmsi\": 305419896, \"lac\": 4242}}"
2026/Jun/26 10:22:44.887037 USER TC_26_6_1_5.ttcn3:150 MSC_Port: TX: {"command": "CMD_SEND_PAGING", "params": {"tmsi": 305419896, "lac": 4242}}
2026/Jun/26 10:22:44.887048 TIMEROP TC_26_6_1_5.ttcn3:154 Start timer T_rach1: 20 s
2026/Jun/26 10:22:44.887065 PORTEVENT TC_26_6_1_5.ttcn3:156 Receive operation on port L succeeded, message from system(): octetstring : '013F4905087009F1070000330899100700000000102B2B'O id 12
2026/Jun/26 10:22:44.887074 PORTEVENT TC_26_6_1_5.ttcn3:156 Message with id 12 was extracted from the queue of L.
2026/Jun/26 10:22:44.887084 PORTEVENT TC_26_6_1_5.ttcn3:156 Receive operation on port L succeeded, message from system(): octetstring : '0E000103490615004001C0000000000000000000000000'O id 13
2026/Jun/26 10:22:44.887089 PORTEVENT TC_26_6_1_5.ttcn3:156 Message with id 13 was extracted from the queue of L.
2026/Jun/26 10:22:44.887093 PORTEVENT TC_26_6_1_5.ttcn3:156 Receive operation on port L succeeded, message from system(): octetstring : '013F4905087009F1070000330899100700000000102B2B'O id 14
2026/Jun/26 10:22:44.887097 PORTEVENT TC_26_6_1_5.ttcn3:156 Message with id 14 was extracted from the queue of L.
2026/Jun/26 10:22:44.887101 PORTEVENT TC_26_6_1_5.ttcn3:156 Receive operation on port L succeeded, message from system(): octetstring : '0E000103490615004001C0000000000000000000000000'O id 15
2026/Jun/26 10:22:44.887104 PORTEVENT TC_26_6_1_5.ttcn3:156 Message with id 15 was extracted from the queue of L.
2026/Jun/26 10:22:44.887108 PORTEVENT TC_26_6_1_5.ttcn3:156 Receive operation on port L succeeded, message from system(): octetstring : '0E000103490615004001C0000000000000000000000000'O id 16
2026/Jun/26 10:22:44.887120 PORTEVENT TC_26_6_1_5.ttcn3:156 Message with id 16 was extracted from the queue of L.
2026/Jun/26 10:22:44.887124 PORTEVENT TC_26_6_1_5.ttcn3:156 Receive operation on port L succeeded, message from system(): octetstring : '0E000103490615004001C0000000000000000000000000'O id 17
2026/Jun/26 10:22:44.887127 PORTEVENT TC_26_6_1_5.ttcn3:156 Message with id 17 was extracted from the queue of L.
2026/Jun/26 10:22:44.891261 USER TC_26_6_1_5.ttcn3:155 MSC_Port: RX: {"status": "error", "message": "timed out"}
2026/Jun/26 10:22:44.891327 PORTEVENT TC_26_6_1_5.ttcn3:155 Message enqueued on MSC from system charstring : "{\"status\": \"error\", \"message\": \"timed out\"}" id 8
2026/Jun/26 10:22:44.891351 PORTEVENT TC_26_6_1_5.ttcn3:165 Receive operation on port MSC succeeded, message from system(): charstring : "{\"status\": \"error\", \"message\": \"timed out\"}" id 8
2026/Jun/26 10:22:44.891361 PORTEVENT TC_26_6_1_5.ttcn3:165 Message with id 8 was extracted from the queue of MSC.
2026/Jun/26 10:22:44.891459 USER TC_26_6_1_5.ttcn3:171 MSC during 1st RACH wait: "{\"status\": \"error\", \"message\": \"timed out\"}"
2026/Jun/26 10:22:44.891652 USER TC_26_6_1_5.ttcn3:155 MSC_Port: RX: {"status": "ok", "sent": true}
2026/Jun/26 10:22:44.891664 PORTEVENT TC_26_6_1_5.ttcn3:155 Message enqueued on MSC from system charstring : "{\"status\": \"ok\", \"sent\": true}" id 9
2026/Jun/26 10:22:44.891672 PORTEVENT TC_26_6_1_5.ttcn3:165 Receive operation on port MSC succeeded, message from system(): charstring : "{\"status\": \"ok\", \"sent\": true}" id 9
2026/Jun/26 10:22:44.891677 PORTEVENT TC_26_6_1_5.ttcn3:165 Message with id 9 was extracted from the queue of MSC.
2026/Jun/26 10:22:45.892811 USER TC_26_6_1_5.ttcn3:155 MSC_Port: RX: {"type": "HEARTBEAT"}
2026/Jun/26 10:22:45.892899 PORTEVENT TC_26_6_1_5.ttcn3:155 Message enqueued on MSC from system charstring : "{\"type\": \"HEARTBEAT\"}" id 10
2026/Jun/26 10:22:45.892925 PORTEVENT TC_26_6_1_5.ttcn3:165 Receive operation on port MSC succeeded, message from system(): charstring : "{\"type\": \"HEARTBEAT\"}" id 10
2026/Jun/26 10:22:45.892934 PORTEVENT TC_26_6_1_5.ttcn3:165 Message with id 10 was extracted from the queue of MSC.
2026/Jun/26 10:22:50.897072 USER TC_26_6_1_5.ttcn3:155 MSC_Port: RX: {"type": "HEARTBEAT"}
2026/Jun/26 10:22:50.897147 PORTEVENT TC_26_6_1_5.ttcn3:155 Message enqueued on MSC from system charstring : "{\"type\": \"HEARTBEAT\"}" id 11
2026/Jun/26 10:22:50.897175 PORTEVENT TC_26_6_1_5.ttcn3:165 Receive operation on port MSC succeeded, message from system(): charstring : "{\"type\": \"HEARTBEAT\"}" id 11
2026/Jun/26 10:22:50.897185 PORTEVENT TC_26_6_1_5.ttcn3:165 Message with id 11 was extracted from the queue of MSC.
2026/Jun/26 10:22:55.903064 USER TC_26_6_1_5.ttcn3:155 MSC_Port: RX: {"type": "HEARTBEAT"}
2026/Jun/26 10:22:55.903138 PORTEVENT TC_26_6_1_5.ttcn3:155 Message enqueued on MSC from system charstring : "{\"type\": \"HEARTBEAT\"}" id 12
2026/Jun/26 10:22:55.903165 PORTEVENT TC_26_6_1_5.ttcn3:165 Receive operation on port MSC succeeded, message from system(): charstring : "{\"type\": \"HEARTBEAT\"}" id 12
2026/Jun/26 10:22:55.903174 PORTEVENT TC_26_6_1_5.ttcn3:165 Message with id 12 was extracted from the queue of MSC.
2026/Jun/26 10:22:56.277441 USER TC_26_6_1_5.ttcn3:155 MSC_Port: RX: {"type": "EVENT_LU_REQUEST", "bsc_slr": 2, "msc_slr": 2, "cksn": 7, "lu_type": 0, "old_mcc": "901", "old_mnc": "70", "old_lac": 0, "mi_type": "imsi"}
2026/Jun/26 10:22:56.277517 PORTEVENT TC_26_6_1_5.ttcn3:155 Message enqueued on MSC from system charstring : "{\"type\": \"EVENT_LU_REQUEST\", \"bsc_slr\": 2, \"msc_slr\": 2, \"cksn\": 7, \"lu_type\": 0, \"old_mcc\": \"901\", \"old_mnc\": \"70\", \"old_lac\": 0, \"mi_type\": \"imsi\"}" id 13
2026/Jun/26 10:22:56.277549 PORTEVENT TC_26_6_1_5.ttcn3:165 Receive operation on port MSC succeeded, message from system(): charstring : "{\"type\": \"EVENT_LU_REQUEST\", \"bsc_slr\": 2, \"msc_slr\": 2, \"cksn\": 7, \"lu_type\": 0, \"old_mcc\": \"901\", \"old_mnc\": \"70\", \"old_lac\": 0, \"mi_type\": \"imsi\"}" id 13
2026/Jun/26 10:22:56.277565 PORTEVENT TC_26_6_1_5.ttcn3:165 Message with id 13 was extracted from the queue of MSC.
2026/Jun/26 10:22:56.277653 USER TC_26_6_1_5.ttcn3:171 MSC during 1st RACH wait: "{\"type\": \"EVENT_LU_REQUEST\", \"bsc_slr\": 2, \"msc_slr\": 2, \"cksn\": 7, \"lu_type\": 0, \"old_mcc\": \"901\", \"old_mnc\": \"70\", \"old_lac\": 0, \"mi_type\": \"imsi\"}"
2026/Jun/26 10:22:58.776015 USER TC_26_6_1_5.ttcn3:155 L3_Port: Received 17 bytes
2026/Jun/26 10:22:58.776068 USER TC_26_6_1_5.ttcn3:155 L3_Port: RAW GSMTAP hdr->arfcn=0x4033 RxArfcn=0x4033 Uplink=1 Chan=3 Len=1
2026/Jun/26 10:22:58.776075 USER TC_26_6_1_5.ttcn3:155 L3_Port: RX: 0D 
2026/Jun/26 10:22:58.776086 PORTEVENT TC_26_6_1_5.ttcn3:155 Message enqueued on L from system octetstring : '0D00004E5F'O id 18
2026/Jun/26 10:22:58.776097 USER TC_26_6_1_5.ttcn3:155 L3_Port: Message delivered to TTCN-3
2026/Jun/26 10:22:58.776109 PORTEVENT TC_26_6_1_5.ttcn3:156 Receive operation on port L succeeded, message from system(): octetstring : '0D00004E5F'O id 18
2026/Jun/26 10:22:58.776118 PORTEVENT TC_26_6_1_5.ttcn3:156 Message with id 18 was extracted from the queue of L.
2026/Jun/26 10:22:58.776223 USER TC_26_6_1_5.ttcn3:159 *** SUB-TEST 1: First RACH RA=0x"0D" random_ref=13" " & char(0, 0, 32, 20) & " BSC should now send IMMED ASS REJECT ***"
2026/Jun/26 10:22:58.776289 TIMEROP TC_26_6_1_5.ttcn3:162 Stop timer T_rach1: 20 s
2026/Jun/26 10:22:58.776303 USER TC_26_6_1_5.ttcn3:195 *** Step 4b: Wait for RACH retry proving IMMED ASS REJECT received (up to 45s) ***
2026/Jun/26 10:22:58.776309 TIMEROP TC_26_6_1_5.ttcn3:197 Start timer T_retry: 45 s
2026/Jun/26 10:22:58.960726 USER TC_26_6_1_5.ttcn3:198 L3_Port: Received 39 bytes
2026/Jun/26 10:22:58.960783 USER TC_26_6_1_5.ttcn3:198 L3_Port: RAW GSMTAP hdr->arfcn=0x4033 RxArfcn=0x4033 Uplink=1 Chan=7 Len=23
2026/Jun/26 10:22:58.960792 USER TC_26_6_1_5.ttcn3:198 L3_Port: RX: 01 3F 49 05 08 70 09 F1 07 00 00 33 08 99 10 07 00 00 00 00 10 2B 2B 
2026/Jun/26 10:22:58.960805 PORTEVENT TC_26_6_1_5.ttcn3:198 Message enqueued on L from system octetstring : '013F4905087009F1070000330899100700000000102B2B'O id 19
2026/Jun/26 10:22:58.960817 USER TC_26_6_1_5.ttcn3:198 L3_Port: Message delivered to TTCN-3
2026/Jun/26 10:22:58.960846 PORTEVENT TC_26_6_1_5.ttcn3:199 Receive operation on port L succeeded, message from system(): octetstring : '013F4905087009F1070000330899100700000000102B2B'O id 19
2026/Jun/26 10:22:58.960857 PORTEVENT TC_26_6_1_5.ttcn3:199 Message with id 19 was extracted from the queue of L.
2026/Jun/26 10:22:59.103663 USER TC_26_6_1_5.ttcn3:198 L3_Port: Received 39 bytes
2026/Jun/26 10:22:59.103726 USER TC_26_6_1_5.ttcn3:198 L3_Port: RAW GSMTAP hdr->arfcn=0x4033 RxArfcn=0x4033 Uplink=1 Chan=135 Len=23
2026/Jun/26 10:22:59.103735 USER TC_26_6_1_5.ttcn3:198 L3_Port: RX: 0E 00 01 03 49 06 15 00 40 01 C0 00 00 00 00 00 00 00 00 00 00 00 00 
2026/Jun/26 10:22:59.103747 PORTEVENT TC_26_6_1_5.ttcn3:198 Message enqueued on L from system octetstring : '0E000103490615004001C0000000000000000000000000'O id 20
2026/Jun/26 10:22:59.105909 USER TC_26_6_1_5.ttcn3:198 L3_Port: Message delivered to TTCN-3
2026/Jun/26 10:22:59.105953 PORTEVENT TC_26_6_1_5.ttcn3:199 Receive operation on port L succeeded, message from system(): octetstring : '0E000103490615004001C0000000000000000000000000'O id 20
2026/Jun/26 10:22:59.105965 PORTEVENT TC_26_6_1_5.ttcn3:199 Message with id 20 was extracted from the queue of L.
2026/Jun/26 10:23:00.188062 USER TC_26_6_1_5.ttcn3:198 L3_Port: Received 39 bytes
2026/Jun/26 10:23:00.188114 USER TC_26_6_1_5.ttcn3:198 L3_Port: RAW GSMTAP hdr->arfcn=0x4033 RxArfcn=0x4033 Uplink=1 Chan=135 Len=23
2026/Jun/26 10:23:00.188124 USER TC_26_6_1_5.ttcn3:198 L3_Port: RX: 0E 00 01 03 49 06 15 BF 3F 00 00 00 00 00 00 00 00 00 00 00 00 00 00 
2026/Jun/26 10:23:00.188136 PORTEVENT TC_26_6_1_5.ttcn3:198 Message enqueued on L from system octetstring : '0E000103490615BF3F0000000000000000000000000000'O id 21
2026/Jun/26 10:23:00.188147 USER TC_26_6_1_5.ttcn3:198 L3_Port: Message delivered to TTCN-3
2026/Jun/26 10:23:00.188169 PORTEVENT TC_26_6_1_5.ttcn3:199 Receive operation on port L succeeded, message from system(): octetstring : '0E000103490615BF3F0000000000000000000000000000'O id 21
2026/Jun/26 10:23:00.188176 PORTEVENT TC_26_6_1_5.ttcn3:199 Message with id 21 was extracted from the queue of L.
2026/Jun/26 10:23:00.908068 USER TC_26_6_1_5.ttcn3:198 MSC_Port: RX: {"type": "HEARTBEAT"}
2026/Jun/26 10:23:00.908141 PORTEVENT TC_26_6_1_5.ttcn3:198 Message enqueued on MSC from system charstring : "{\"type\": \"HEARTBEAT\"}" id 14
2026/Jun/26 10:23:00.908166 PORTEVENT TC_26_6_1_5.ttcn3:212 Receive operation on port MSC succeeded, message from system(): charstring : "{\"type\": \"HEARTBEAT\"}" id 14
2026/Jun/26 10:23:00.908175 PORTEVENT TC_26_6_1_5.ttcn3:212 Message with id 14 was extracted from the queue of MSC.
2026/Jun/26 10:23:01.129072 USER TC_26_6_1_5.ttcn3:198 L3_Port: Received 39 bytes
2026/Jun/26 10:23:01.129125 USER TC_26_6_1_5.ttcn3:198 L3_Port: RAW GSMTAP hdr->arfcn=0x4033 RxArfcn=0x4033 Uplink=1 Chan=135 Len=23
2026/Jun/26 10:23:01.129134 USER TC_26_6_1_5.ttcn3:198 L3_Port: RX: 0E 00 01 03 49 06 15 BF 3F 00 00 00 00 00 00 00 00 00 00 00 00 00 00 
2026/Jun/26 10:23:01.129148 PORTEVENT TC_26_6_1_5.ttcn3:198 Message enqueued on L from system octetstring : '0E000103490615BF3F0000000000000000000000000000'O id 22
2026/Jun/26 10:23:01.129162 USER TC_26_6_1_5.ttcn3:198 L3_Port: Message delivered to TTCN-3
2026/Jun/26 10:23:01.129176 PORTEVENT TC_26_6_1_5.ttcn3:199 Receive operation on port L succeeded, message from system(): octetstring : '0E000103490615BF3F0000000000000000000000000000'O id 22
2026/Jun/26 10:23:01.129185 PORTEVENT TC_26_6_1_5.ttcn3:199 Message with id 22 was extracted from the queue of L.
2026/Jun/26 10:23:02.070641 USER TC_26_6_1_5.ttcn3:198 L3_Port: Received 39 bytes
2026/Jun/26 10:23:02.070699 USER TC_26_6_1_5.ttcn3:198 L3_Port: RAW GSMTAP hdr->arfcn=0x4033 RxArfcn=0x4033 Uplink=1 Chan=135 Len=23
2026/Jun/26 10:23:02.070710 USER TC_26_6_1_5.ttcn3:198 L3_Port: RX: 0E 00 01 03 49 06 15 BF 3F 00 00 00 00 00 00 00 00 00 00 00 00 00 00 
2026/Jun/26 10:23:02.070722 PORTEVENT TC_26_6_1_5.ttcn3:198 Message enqueued on L from system octetstring : '0E000103490615BF3F0000000000000000000000000000'O id 23
2026/Jun/26 10:23:02.070731 USER TC_26_6_1_5.ttcn3:198 L3_Port: Message delivered to TTCN-3
2026/Jun/26 10:23:02.070744 PORTEVENT TC_26_6_1_5.ttcn3:199 Receive operation on port L succeeded, message from system(): octetstring : '0E000103490615BF3F0000000000000000000000000000'O id 23
2026/Jun/26 10:23:02.070752 PORTEVENT TC_26_6_1_5.ttcn3:199 Message with id 23 was extracted from the queue of L.
2026/Jun/26 10:23:02.869669 USER TC_26_6_1_5.ttcn3:198 L3_Port: Received 39 bytes
2026/Jun/26 10:23:02.869725 USER TC_26_6_1_5.ttcn3:198 L3_Port: RAW GSMTAP hdr->arfcn=0x4033 RxArfcn=0x4033 Uplink=1 Chan=135 Len=23
2026/Jun/26 10:23:02.869736 USER TC_26_6_1_5.ttcn3:198 L3_Port: RX: 0E 00 01 03 49 06 15 BF 3F 00 00 00 00 00 00 00 00 00 00 00 00 00 00 
2026/Jun/26 10:23:02.869747 PORTEVENT TC_26_6_1_5.ttcn3:198 Message enqueued on L from system octetstring : '0E000103490615BF3F0000000000000000000000000000'O id 24
2026/Jun/26 10:23:02.869757 USER TC_26_6_1_5.ttcn3:198 L3_Port: Message delivered to TTCN-3
2026/Jun/26 10:23:02.869769 PORTEVENT TC_26_6_1_5.ttcn3:199 Receive operation on port L succeeded, message from system(): octetstring : '0E000103490615BF3F0000000000000000000000000000'O id 24
2026/Jun/26 10:23:02.869777 PORTEVENT TC_26_6_1_5.ttcn3:199 Message with id 24 was extracted from the queue of L.
2026/Jun/26 10:23:03.953377 USER TC_26_6_1_5.ttcn3:198 L3_Port: Received 39 bytes
2026/Jun/26 10:23:03.953430 USER TC_26_6_1_5.ttcn3:198 L3_Port: RAW GSMTAP hdr->arfcn=0x4033 RxArfcn=0x4033 Uplink=1 Chan=135 Len=23
2026/Jun/26 10:23:03.953441 USER TC_26_6_1_5.ttcn3:198 L3_Port: RX: 0E 00 01 03 49 06 15 BF 3F 00 00 00 00 00 00 00 00 00 00 00 00 00 00 
2026/Jun/26 10:23:03.953452 PORTEVENT TC_26_6_1_5.ttcn3:198 Message enqueued on L from system octetstring : '0E000103490615BF3F0000000000000000000000000000'O id 25
2026/Jun/26 10:23:03.953470 USER TC_26_6_1_5.ttcn3:198 L3_Port: Message delivered to TTCN-3
2026/Jun/26 10:23:03.953481 PORTEVENT TC_26_6_1_5.ttcn3:199 Receive operation on port L succeeded, message from system(): octetstring : '0E000103490615BF3F0000000000000000000000000000'O id 25
2026/Jun/26 10:23:03.953488 PORTEVENT TC_26_6_1_5.ttcn3:199 Message with id 25 was extracted from the queue of L.
2026/Jun/26 10:23:04.895087 USER TC_26_6_1_5.ttcn3:198 L3_Port: Received 39 bytes
2026/Jun/26 10:23:04.895139 USER TC_26_6_1_5.ttcn3:198 L3_Port: RAW GSMTAP hdr->arfcn=0x4033 RxArfcn=0x4033 Uplink=1 Chan=135 Len=23
2026/Jun/26 10:23:04.895149 USER TC_26_6_1_5.ttcn3:198 L3_Port: RX: 0E 00 01 03 49 06 15 BF 3F 00 00 00 00 00 00 00 00 00 00 00 00 00 00 
2026/Jun/26 10:23:04.895160 PORTEVENT TC_26_6_1_5.ttcn3:198 Message enqueued on L from system octetstring : '0E000103490615BF3F0000000000000000000000000000'O id 26
2026/Jun/26 10:23:04.895170 USER TC_26_6_1_5.ttcn3:198 L3_Port: Message delivered to TTCN-3
2026/Jun/26 10:23:04.895182 PORTEVENT TC_26_6_1_5.ttcn3:199 Receive operation on port L succeeded, message from system(): octetstring : '0E000103490615BF3F0000000000000000000000000000'O id 26
2026/Jun/26 10:23:04.895190 PORTEVENT TC_26_6_1_5.ttcn3:199 Message with id 26 was extracted from the queue of L.
2026/Jun/26 10:23:05.837192 USER TC_26_6_1_5.ttcn3:198 L3_Port: Received 39 bytes
2026/Jun/26 10:23:05.837231 USER TC_26_6_1_5.ttcn3:198 L3_Port: RAW GSMTAP hdr->arfcn=0x4033 RxArfcn=0x4033 Uplink=1 Chan=135 Len=23
2026/Jun/26 10:23:05.837240 USER TC_26_6_1_5.ttcn3:198 L3_Port: RX: 0E 00 01 03 49 06 15 BF 3F 00 00 00 00 00 00 00 00 00 00 00 00 00 00 
2026/Jun/26 10:23:05.837251 PORTEVENT TC_26_6_1_5.ttcn3:198 Message enqueued on L from system octetstring : '0E000103490615BF3F0000000000000000000000000000'O id 27
2026/Jun/26 10:23:05.837260 USER TC_26_6_1_5.ttcn3:198 L3_Port: Message delivered to TTCN-3
2026/Jun/26 10:23:05.837274 PORTEVENT TC_26_6_1_5.ttcn3:199 Receive operation on port L succeeded, message from system(): octetstring : '0E000103490615BF3F0000000000000000000000000000'O id 27
2026/Jun/26 10:23:05.837281 PORTEVENT TC_26_6_1_5.ttcn3:199 Message with id 27 was extracted from the queue of L.
2026/Jun/26 10:23:05.913063 USER TC_26_6_1_5.ttcn3:198 MSC_Port: RX: {"type": "HEARTBEAT"}
2026/Jun/26 10:23:05.913133 PORTEVENT TC_26_6_1_5.ttcn3:198 Message enqueued on MSC from system charstring : "{\"type\": \"HEARTBEAT\"}" id 15
2026/Jun/26 10:23:05.913158 PORTEVENT TC_26_6_1_5.ttcn3:212 Receive operation on port MSC succeeded, message from system(): charstring : "{\"type\": \"HEARTBEAT\"}" id 15
2026/Jun/26 10:23:05.913167 PORTEVENT TC_26_6_1_5.ttcn3:212 Message with id 15 was extracted from the queue of MSC.
2026/Jun/26 10:23:06.949861 USER TC_26_6_1_5.ttcn3:198 L3_Port: Received 39 bytes
2026/Jun/26 10:23:06.949922 USER TC_26_6_1_5.ttcn3:198 L3_Port: RAW GSMTAP hdr->arfcn=0x4033 RxArfcn=0x4033 Uplink=1 Chan=135 Len=23
2026/Jun/26 10:23:06.949932 USER TC_26_6_1_5.ttcn3:198 L3_Port: RX: 0E 00 01 03 49 06 15 BF 3F 00 00 00 00 00 00 00 00 00 00 00 00 00 00 
2026/Jun/26 10:23:06.949945 PORTEVENT TC_26_6_1_5.ttcn3:198 Message enqueued on L from system octetstring : '0E000103490615BF3F0000000000000000000000000000'O id 28
2026/Jun/26 10:23:06.949956 USER TC_26_6_1_5.ttcn3:198 L3_Port: Message delivered to TTCN-3
2026/Jun/26 10:23:06.949970 PORTEVENT TC_26_6_1_5.ttcn3:199 Receive operation on port L succeeded, message from system(): octetstring : '0E000103490615BF3F0000000000000000000000000000'O id 28
2026/Jun/26 10:23:06.949978 PORTEVENT TC_26_6_1_5.ttcn3:199 Message with id 28 was extracted from the queue of L.
2026/Jun/26 10:23:08.191124 USER TC_26_6_1_5.ttcn3:198 L3_Port: Received 39 bytes
2026/Jun/26 10:23:08.191190 USER TC_26_6_1_5.ttcn3:198 L3_Port: RAW GSMTAP hdr->arfcn=0x4033 RxArfcn=0x4033 Uplink=1 Chan=135 Len=23
2026/Jun/26 10:23:08.191202 USER TC_26_6_1_5.ttcn3:198 L3_Port: RX: 0E 00 01 03 49 06 15 BF 3F 00 00 00 00 00 00 00 00 00 00 00 00 00 00 
2026/Jun/26 10:23:08.191215 PORTEVENT TC_26_6_1_5.ttcn3:198 Message enqueued on L from system octetstring : '0E000103490615BF3F0000000000000000000000000000'O id 29
2026/Jun/26 10:23:08.191237 USER TC_26_6_1_5.ttcn3:198 L3_Port: Message delivered to TTCN-3
2026/Jun/26 10:23:08.191250 PORTEVENT TC_26_6_1_5.ttcn3:199 Receive operation on port L succeeded, message from system(): octetstring : '0E000103490615BF3F0000000000000000000000000000'O id 29
2026/Jun/26 10:23:08.191257 PORTEVENT TC_26_6_1_5.ttcn3:199 Message with id 29 was extracted from the queue of L.
2026/Jun/26 10:23:09.131744 USER TC_26_6_1_5.ttcn3:198 L3_Port: Received 39 bytes
2026/Jun/26 10:23:09.131795 USER TC_26_6_1_5.ttcn3:198 L3_Port: RAW GSMTAP hdr->arfcn=0x4033 RxArfcn=0x4033 Uplink=1 Chan=135 Len=23
2026/Jun/26 10:23:09.131805 USER TC_26_6_1_5.ttcn3:198 L3_Port: RX: 0E 00 01 03 49 06 15 BF 3F 00 00 00 00 00 00 00 00 00 00 00 00 00 00 
2026/Jun/26 10:23:09.131816 PORTEVENT TC_26_6_1_5.ttcn3:198 Message enqueued on L from system octetstring : '0E000103490615BF3F0000000000000000000000000000'O id 30
2026/Jun/26 10:23:09.131843 USER TC_26_6_1_5.ttcn3:198 L3_Port: Message delivered to TTCN-3
2026/Jun/26 10:23:09.131855 PORTEVENT TC_26_6_1_5.ttcn3:199 Receive operation on port L succeeded, message from system(): octetstring : '0E000103490615BF3F0000000000000000000000000000'O id 30
2026/Jun/26 10:23:09.131863 PORTEVENT TC_26_6_1_5.ttcn3:199 Message with id 30 was extracted from the queue of L.
2026/Jun/26 10:23:10.073695 USER TC_26_6_1_5.ttcn3:198 L3_Port: Received 39 bytes
2026/Jun/26 10:23:10.073754 USER TC_26_6_1_5.ttcn3:198 L3_Port: RAW GSMTAP hdr->arfcn=0x4033 RxArfcn=0x4033 Uplink=1 Chan=135 Len=23
2026/Jun/26 10:23:10.073763 USER TC_26_6_1_5.ttcn3:198 L3_Port: RX: 0E 00 01 03 49 06 15 BF 3F 00 00 00 00 00 00 00 00 00 00 00 00 00 00 
2026/Jun/26 10:23:10.073775 PORTEVENT TC_26_6_1_5.ttcn3:198 Message enqueued on L from system octetstring : '0E000103490615BF3F0000000000000000000000000000'O id 31
2026/Jun/26 10:23:10.073785 USER TC_26_6_1_5.ttcn3:198 L3_Port: Message delivered to TTCN-3
2026/Jun/26 10:23:10.073797 PORTEVENT TC_26_6_1_5.ttcn3:199 Receive operation on port L succeeded, message from system(): octetstring : '0E000103490615BF3F0000000000000000000000000000'O id 31
2026/Jun/26 10:23:10.073805 PORTEVENT TC_26_6_1_5.ttcn3:199 Message with id 31 was extracted from the queue of L.
2026/Jun/26 10:23:10.873257 USER TC_26_6_1_5.ttcn3:198 L3_Port: Received 39 bytes
2026/Jun/26 10:23:10.873324 USER TC_26_6_1_5.ttcn3:198 L3_Port: RAW GSMTAP hdr->arfcn=0x4033 RxArfcn=0x4033 Uplink=1 Chan=135 Len=23
2026/Jun/26 10:23:10.873335 USER TC_26_6_1_5.ttcn3:198 L3_Port: RX: 0E 00 01 03 49 06 15 BF 3F 00 00 00 00 00 00 00 00 00 00 00 00 00 00 
2026/Jun/26 10:23:10.873349 PORTEVENT TC_26_6_1_5.ttcn3:198 Message enqueued on L from system octetstring : '0E000103490615BF3F0000000000000000000000000000'O id 32
2026/Jun/26 10:23:10.873361 USER TC_26_6_1_5.ttcn3:198 L3_Port: Message delivered to TTCN-3
2026/Jun/26 10:23:10.873376 PORTEVENT TC_26_6_1_5.ttcn3:199 Receive operation on port L succeeded, message from system(): octetstring : '0E000103490615BF3F0000000000000000000000000000'O id 32
2026/Jun/26 10:23:10.873386 PORTEVENT TC_26_6_1_5.ttcn3:199 Message with id 32 was extracted from the queue of L.
2026/Jun/26 10:23:10.918046 USER TC_26_6_1_5.ttcn3:198 MSC_Port: RX: {"type": "HEARTBEAT"}
2026/Jun/26 10:23:10.918115 PORTEVENT TC_26_6_1_5.ttcn3:198 Message enqueued on MSC from system charstring : "{\"type\": \"HEARTBEAT\"}" id 16
2026/Jun/26 10:23:10.918141 PORTEVENT TC_26_6_1_5.ttcn3:212 Receive operation on port MSC succeeded, message from system(): charstring : "{\"type\": \"HEARTBEAT\"}" id 16
2026/Jun/26 10:23:10.918149 PORTEVENT TC_26_6_1_5.ttcn3:212 Message with id 16 was extracted from the queue of MSC.
2026/Jun/26 10:23:11.955781 USER TC_26_6_1_5.ttcn3:198 L3_Port: Received 39 bytes
2026/Jun/26 10:23:11.955848 USER TC_26_6_1_5.ttcn3:198 L3_Port: RAW GSMTAP hdr->arfcn=0x4033 RxArfcn=0x4033 Uplink=1 Chan=135 Len=23
2026/Jun/26 10:23:11.955861 USER TC_26_6_1_5.ttcn3:198 L3_Port: RX: 0E 00 01 03 49 06 15 BF 3F 00 00 00 00 00 00 00 00 00 00 00 00 00 00 
2026/Jun/26 10:23:11.955880 PORTEVENT TC_26_6_1_5.ttcn3:198 Message enqueued on L from system octetstring : '0E000103490615BF3F0000000000000000000000000000'O id 33
2026/Jun/26 10:23:11.955890 USER TC_26_6_1_5.ttcn3:198 L3_Port: Message delivered to TTCN-3
2026/Jun/26 10:23:11.955902 PORTEVENT TC_26_6_1_5.ttcn3:199 Receive operation on port L succeeded, message from system(): octetstring : '0E000103490615BF3F0000000000000000000000000000'O id 33
2026/Jun/26 10:23:11.955911 PORTEVENT TC_26_6_1_5.ttcn3:199 Message with id 33 was extracted from the queue of L.
2026/Jun/26 10:23:12.898139 USER TC_26_6_1_5.ttcn3:198 L3_Port: Received 39 bytes
2026/Jun/26 10:23:12.898198 USER TC_26_6_1_5.ttcn3:198 L3_Port: RAW GSMTAP hdr->arfcn=0x4033 RxArfcn=0x4033 Uplink=1 Chan=135 Len=23
2026/Jun/26 10:23:12.898208 USER TC_26_6_1_5.ttcn3:198 L3_Port: RX: 0E 00 01 03 49 06 15 BF 3F 00 00 00 00 00 00 00 00 00 00 00 00 00 00 
2026/Jun/26 10:23:12.898219 PORTEVENT TC_26_6_1_5.ttcn3:198 Message enqueued on L from system octetstring : '0E000103490615BF3F0000000000000000000000000000'O id 34
2026/Jun/26 10:23:12.898229 USER TC_26_6_1_5.ttcn3:198 L3_Port: Message delivered to TTCN-3
2026/Jun/26 10:23:12.898242 PORTEVENT TC_26_6_1_5.ttcn3:199 Receive operation on port L succeeded, message from system(): octetstring : '0E000103490615BF3F0000000000000000000000000000'O id 34
2026/Jun/26 10:23:12.898249 PORTEVENT TC_26_6_1_5.ttcn3:199 Message with id 34 was extracted from the queue of L.
2026/Jun/26 10:23:13.839876 USER TC_26_6_1_5.ttcn3:198 L3_Port: Received 39 bytes
2026/Jun/26 10:23:13.839925 USER TC_26_6_1_5.ttcn3:198 L3_Port: RAW GSMTAP hdr->arfcn=0x4033 RxArfcn=0x4033 Uplink=1 Chan=135 Len=23
2026/Jun/26 10:23:13.839935 USER TC_26_6_1_5.ttcn3:198 L3_Port: RX: 0E 00 01 03 49 06 15 BF 3F 00 00 00 00 00 00 00 00 00 00 00 00 00 00 
2026/Jun/26 10:23:13.839948 PORTEVENT TC_26_6_1_5.ttcn3:198 Message enqueued on L from system octetstring : '0E000103490615BF3F0000000000000000000000000000'O id 35
2026/Jun/26 10:23:13.839959 USER TC_26_6_1_5.ttcn3:198 L3_Port: Message delivered to TTCN-3
2026/Jun/26 10:23:13.839972 PORTEVENT TC_26_6_1_5.ttcn3:199 Receive operation on port L succeeded, message from system(): octetstring : '0E000103490615BF3F0000000000000000000000000000'O id 35
2026/Jun/26 10:23:13.839980 PORTEVENT TC_26_6_1_5.ttcn3:199 Message with id 35 was extracted from the queue of L.
2026/Jun/26 10:23:15.108470 USER TC_26_6_1_5.ttcn3:198 L3_Port: Received 39 bytes
2026/Jun/26 10:23:15.108522 USER TC_26_6_1_5.ttcn3:198 L3_Port: RAW GSMTAP hdr->arfcn=0x4033 RxArfcn=0x4033 Uplink=1 Chan=135 Len=23
2026/Jun/26 10:23:15.108531 USER TC_26_6_1_5.ttcn3:198 L3_Port: RX: 0E 00 01 03 49 06 15 BF 3F 00 00 00 00 00 00 00 00 00 00 00 00 00 00 
2026/Jun/26 10:23:15.108547 PORTEVENT TC_26_6_1_5.ttcn3:198 Message enqueued on L from system octetstring : '0E000103490615BF3F0000000000000000000000000000'O id 36
2026/Jun/26 10:23:15.108560 USER TC_26_6_1_5.ttcn3:198 L3_Port: Message delivered to TTCN-3
2026/Jun/26 10:23:15.108574 PORTEVENT TC_26_6_1_5.ttcn3:199 Receive operation on port L succeeded, message from system(): octetstring : '0E000103490615BF3F0000000000000000000000000000'O id 36
2026/Jun/26 10:23:15.108583 PORTEVENT TC_26_6_1_5.ttcn3:199 Message with id 36 was extracted from the queue of L.
2026/Jun/26 10:23:15.926077 USER TC_26_6_1_5.ttcn3:198 MSC_Port: RX: {"type": "HEARTBEAT"}
2026/Jun/26 10:23:16.333706 PORTEVENT TC_26_6_1_5.ttcn3:198 Message enqueued on MSC from system charstring : "{\"type\": \"HEARTBEAT\"}" id 17
2026/Jun/26 10:23:16.333747 PORTEVENT TC_26_6_1_5.ttcn3:212 Receive operation on port MSC succeeded, message from system(): charstring : "{\"type\": \"HEARTBEAT\"}" id 17
2026/Jun/26 10:23:16.333757 PORTEVENT TC_26_6_1_5.ttcn3:212 Message with id 17 was extracted from the queue of MSC.
2026/Jun/26 10:23:16.333845 USER TC_26_6_1_5.ttcn3:198 L3_Port: Received 39 bytes
2026/Jun/26 10:23:16.333862 USER TC_26_6_1_5.ttcn3:198 L3_Port: RAW GSMTAP hdr->arfcn=0x4033 RxArfcn=0x4033 Uplink=1 Chan=135 Len=23
2026/Jun/26 10:23:16.333870 USER TC_26_6_1_5.ttcn3:198 L3_Port: RX: 0E 00 01 03 49 06 15 BF 3F 00 00 00 00 00 00 00 00 00 00 00 00 00 00 
2026/Jun/26 10:23:16.333885 PORTEVENT TC_26_6_1_5.ttcn3:198 Message enqueued on L from system octetstring : '0E000103490615BF3F0000000000000000000000000000'O id 37
2026/Jun/26 10:23:16.333890 USER TC_26_6_1_5.ttcn3:198 L3_Port: Message delivered to TTCN-3
2026/Jun/26 10:23:16.333902 PORTEVENT TC_26_6_1_5.ttcn3:199 Receive operation on port L succeeded, message from system(): octetstring : '0E000103490615BF3F0000000000000000000000000000'O id 37
2026/Jun/26 10:23:16.333907 PORTEVENT TC_26_6_1_5.ttcn3:199 Message with id 37 was extracted from the queue of L.
2026/Jun/26 10:23:16.518700 USER TC_26_6_1_5.ttcn3:198 MSC_Port: RX: {"type": "EVENT_CLEAR_REQUEST", "bsc_slr": 2}
2026/Jun/26 10:23:16.518765 PORTEVENT TC_26_6_1_5.ttcn3:198 Message enqueued on MSC from system charstring : "{\"type\": \"EVENT_CLEAR_REQUEST\", \"bsc_slr\": 2}" id 18
2026/Jun/26 10:23:16.518791 PORTEVENT TC_26_6_1_5.ttcn3:212 Receive operation on port MSC succeeded, message from system(): charstring : "{\"type\": \"EVENT_CLEAR_REQUEST\", \"bsc_slr\": 2}" id 18
2026/Jun/26 10:23:16.518800 PORTEVENT TC_26_6_1_5.ttcn3:212 Message with id 18 was extracted from the queue of MSC.
2026/Jun/26 10:23:16.518867 USER TC_26_6_1_5.ttcn3:217 MSC during retry wait: "{\"type\": \"EVENT_CLEAR_REQUEST\", \"bsc_slr\": 2}"
2026/Jun/26 10:23:16.610060 USER TC_26_6_1_5.ttcn3:198 VTY_PT: Received data (buffered): 68 bytes
2026/Jun/26 10:23:17.134352 USER TC_26_6_1_5.ttcn3:198 L3_Port: Received 39 bytes
2026/Jun/26 10:23:17.134404 USER TC_26_6_1_5.ttcn3:198 L3_Port: RAW GSMTAP hdr->arfcn=0x4033 RxArfcn=0x4033 Uplink=1 Chan=135 Len=23
2026/Jun/26 10:23:17.134414 USER TC_26_6_1_5.ttcn3:198 L3_Port: RX: 0E 00 01 03 49 06 15 BF 3F 00 00 00 00 00 00 00 00 00 00 00 00 00 00 
2026/Jun/26 10:23:17.134426 PORTEVENT TC_26_6_1_5.ttcn3:198 Message enqueued on L from system octetstring : '0E000103490615BF3F0000000000000000000000000000'O id 38
2026/Jun/26 10:23:17.134438 USER TC_26_6_1_5.ttcn3:198 L3_Port: Message delivered to TTCN-3
2026/Jun/26 10:23:17.134449 PORTEVENT TC_26_6_1_5.ttcn3:199 Receive operation on port L succeeded, message from system(): octetstring : '0E000103490615BF3F0000000000000000000000000000'O id 38
2026/Jun/26 10:23:17.134459 PORTEVENT TC_26_6_1_5.ttcn3:199 Message with id 38 was extracted from the queue of L.
2026/Jun/26 10:23:17.841222 USER TC_26_6_1_5.ttcn3:198 L3_Port: Received 39 bytes
2026/Jun/26 10:23:17.841279 USER TC_26_6_1_5.ttcn3:198 L3_Port: RAW GSMTAP hdr->arfcn=0x4033 RxArfcn=0x4033 Uplink=1 Chan=135 Len=23
2026/Jun/26 10:23:17.841288 USER TC_26_6_1_5.ttcn3:198 L3_Port: RX: 0E 00 01 03 49 06 15 BF 3F 00 00 00 00 00 00 00 00 00 00 00 00 00 00 
2026/Jun/26 10:23:17.841300 PORTEVENT TC_26_6_1_5.ttcn3:198 Message enqueued on L from system octetstring : '0E000103490615BF3F0000000000000000000000000000'O id 39
2026/Jun/26 10:23:17.841312 USER TC_26_6_1_5.ttcn3:198 L3_Port: Message delivered to TTCN-3
2026/Jun/26 10:23:17.841324 PORTEVENT TC_26_6_1_5.ttcn3:199 Receive operation on port L succeeded, message from system(): octetstring : '0E000103490615BF3F0000000000000000000000000000'O id 39
2026/Jun/26 10:23:17.841332 PORTEVENT TC_26_6_1_5.ttcn3:199 Message with id 39 was extracted from the queue of L.
2026/Jun/26 10:23:18.873695 USER TC_26_6_1_5.ttcn3:198 L3_Port: Received 39 bytes
2026/Jun/26 10:23:18.873757 USER TC_26_6_1_5.ttcn3:198 L3_Port: RAW GSMTAP hdr->arfcn=0x4033 RxArfcn=0x4033 Uplink=1 Chan=135 Len=23
2026/Jun/26 10:23:18.873766 USER TC_26_6_1_5.ttcn3:198 L3_Port: RX: 0E 00 01 03 49 06 15 BF 3F 00 00 00 00 00 00 00 00 00 00 00 00 00 00 
2026/Jun/26 10:23:18.873780 PORTEVENT TC_26_6_1_5.ttcn3:198 Message enqueued on L from system octetstring : '0E000103490615BF3F0000000000000000000000000000'O id 40
2026/Jun/26 10:23:18.873794 USER TC_26_6_1_5.ttcn3:198 L3_Port: Message delivered to TTCN-3
2026/Jun/26 10:23:18.873806 PORTEVENT TC_26_6_1_5.ttcn3:199 Receive operation on port L succeeded, message from system(): octetstring : '0E000103490615BF3F0000000000000000000000000000'O id 40
2026/Jun/26 10:23:18.873843 PORTEVENT TC_26_6_1_5.ttcn3:199 Message with id 40 was extracted from the queue of L.
2026/Jun/26 10:23:19.201927 USER TC_26_6_1_5.ttcn3:198 L3_Port: Received 39 bytes
2026/Jun/26 10:23:19.201987 USER TC_26_6_1_5.ttcn3:198 L3_Port: RAW GSMTAP hdr->arfcn=0x4033 RxArfcn=0x4033 Uplink=1 Chan=7 Len=23
2026/Jun/26 10:23:19.201995 USER TC_26_6_1_5.ttcn3:198 L3_Port: RX: 01 53 01 2B 2B 2B 2B 2B 2B 2B 2B 2B 2B 2B 2B 2B 2B 2B 2B 2B 2B 2B 2B 
2026/Jun/26 10:23:19.202008 PORTEVENT TC_26_6_1_5.ttcn3:198 Message enqueued on L from system octetstring : '0153012B2B2B2B2B2B2B2B2B2B2B2B2B2B2B2B2B2B2B2B'O id 41
2026/Jun/26 10:23:19.202020 USER TC_26_6_1_5.ttcn3:198 L3_Port: Message delivered to TTCN-3
2026/Jun/26 10:23:19.202032 PORTEVENT TC_26_6_1_5.ttcn3:199 Receive operation on port L succeeded, message from system(): octetstring : '0153012B2B2B2B2B2B2B2B2B2B2B2B2B2B2B2B2B2B2B2B'O id 41
2026/Jun/26 10:23:19.202041 PORTEVENT TC_26_6_1_5.ttcn3:199 Message with id 41 was extracted from the queue of L.
2026/Jun/26 10:23:20.931070 USER TC_26_6_1_5.ttcn3:198 MSC_Port: RX: {"type": "HEARTBEAT"}
2026/Jun/26 10:23:20.931146 PORTEVENT TC_26_6_1_5.ttcn3:198 Message enqueued on MSC from system charstring : "{\"type\": \"HEARTBEAT\"}" id 19
2026/Jun/26 10:23:20.931172 PORTEVENT TC_26_6_1_5.ttcn3:212 Receive operation on port MSC succeeded, message from system(): charstring : "{\"type\": \"HEARTBEAT\"}" id 19
2026/Jun/26 10:23:20.931181 PORTEVENT TC_26_6_1_5.ttcn3:212 Message with id 19 was extracted from the queue of MSC.
2026/Jun/26 10:23:25.936044 USER TC_26_6_1_5.ttcn3:198 MSC_Port: RX: {"type": "HEARTBEAT"}
2026/Jun/26 10:23:25.936122 PORTEVENT TC_26_6_1_5.ttcn3:198 Message enqueued on MSC from system charstring : "{\"type\": \"HEARTBEAT\"}" id 20
2026/Jun/26 10:23:25.936148 PORTEVENT TC_26_6_1_5.ttcn3:212 Receive operation on port MSC succeeded, message from system(): charstring : "{\"type\": \"HEARTBEAT\"}" id 20
2026/Jun/26 10:23:25.936157 PORTEVENT TC_26_6_1_5.ttcn3:212 Message with id 20 was extracted from the queue of MSC.
2026/Jun/26 10:23:30.942105 USER TC_26_6_1_5.ttcn3:198 MSC_Port: RX: {"type": "HEARTBEAT"}
2026/Jun/26 10:23:30.942178 PORTEVENT TC_26_6_1_5.ttcn3:198 Message enqueued on MSC from system charstring : "{\"type\": \"HEARTBEAT\"}" id 21
2026/Jun/26 10:23:30.942205 PORTEVENT TC_26_6_1_5.ttcn3:212 Receive operation on port MSC succeeded, message from system(): charstring : "{\"type\": \"HEARTBEAT\"}" id 21
2026/Jun/26 10:23:30.942214 PORTEVENT TC_26_6_1_5.ttcn3:212 Message with id 21 was extracted from the queue of MSC.
2026/Jun/26 10:23:34.551626 USER TC_26_6_1_5.ttcn3:198 L3_Port: Received 17 bytes
2026/Jun/26 10:23:34.551684 USER TC_26_6_1_5.ttcn3:198 L3_Port: RAW GSMTAP hdr->arfcn=0x4033 RxArfcn=0x4033 Uplink=1 Chan=3 Len=1
2026/Jun/26 10:23:34.551693 USER TC_26_6_1_5.ttcn3:198 L3_Port: RX: 0E 
2026/Jun/26 10:23:34.551706 PORTEVENT TC_26_6_1_5.ttcn3:198 Message enqueued on L from system octetstring : '0E00006CA6'O id 42
2026/Jun/26 10:23:34.551720 USER TC_26_6_1_5.ttcn3:198 L3_Port: Message delivered to TTCN-3
2026/Jun/26 10:23:34.551732 PORTEVENT TC_26_6_1_5.ttcn3:199 Receive operation on port L succeeded, message from system(): octetstring : '0E00006CA6'O id 42
2026/Jun/26 10:23:34.551742 PORTEVENT TC_26_6_1_5.ttcn3:199 Message with id 42 was extracted from the queue of L.
2026/Jun/26 10:23:34.551754 USER TC_26_6_1_5.ttcn3:202 *** SUB-TEST 2: RACH retry RA=0x"0E" random_ref=14" " & char(0, 0, 32, 20) & " MS waited T3122 and retried, proving IMMED ASS REJECT was received ***"
2026/Jun/26 10:23:34.551785 PORTEVENT TC_26_6_1_5.ttcn3:207 Sent on MSC to system charstring : "{\"command\": \"CMD_UNLOCK_BSC_TIMESLOT\", \"params\": {\"timeslots\": [1]}}"
2026/Jun/26 10:23:34.551852 USER TC_26_6_1_5.ttcn3:207 MSC_Port: TX: {"command": "CMD_UNLOCK_BSC_TIMESLOT", "params": {"timeslots": [1]}}
2026/Jun/26 10:23:34.551866 USER TC_26_6_1_5.ttcn3:208 "TS1 unlocked " & char(0, 0, 32, 20) & " BSC can now assign SDCCH8"
2026/Jun/26 10:23:34.551876 TIMEROP TC_26_6_1_5.ttcn3:209 Stop timer T_retry: 45 s
2026/Jun/26 10:23:34.551994 USER TC_26_6_1_5.ttcn3:233 *** Step 4c: Wait for PAGING RESPONSE after IMMED ASS (up to 20s) ***
2026/Jun/26 10:23:34.552062 TIMEROP TC_26_6_1_5.ttcn3:235 Start timer T_pr: 20 s
2026/Jun/26 10:23:34.735505 USER TC_26_6_1_5.ttcn3:236 L3_Port: Received 39 bytes
2026/Jun/26 10:23:34.735552 USER TC_26_6_1_5.ttcn3:236 L3_Port: RAW GSMTAP hdr->arfcn=0x4033 RxArfcn=0x4033 Uplink=1 Chan=7 Len=23
2026/Jun/26 10:23:34.735561 USER TC_26_6_1_5.ttcn3:236 L3_Port: RX: 01 3F 49 05 08 70 09 F1 07 00 00 33 08 99 10 07 00 00 00 00 10 2B 2B 
2026/Jun/26 10:23:34.735572 PORTEVENT TC_26_6_1_5.ttcn3:236 Message enqueued on L from system octetstring : '013F4905087009F1070000330899100700000000102B2B'O id 43
2026/Jun/26 10:23:34.735581 USER TC_26_6_1_5.ttcn3:236 L3_Port: Message delivered to TTCN-3
2026/Jun/26 10:23:34.735595 PORTEVENT TC_26_6_1_5.ttcn3:254 Receive operation on port L succeeded, message from system(): octetstring : '013F4905087009F1070000330899100700000000102B2B'O id 43
2026/Jun/26 10:23:34.735604 PORTEVENT TC_26_6_1_5.ttcn3:254 Message with id 43 was extracted from the queue of L.
2026/Jun/26 10:23:35.022522 USER TC_26_6_1_5.ttcn3:236 L3_Port: Received 39 bytes
2026/Jun/26 10:23:35.022575 USER TC_26_6_1_5.ttcn3:236 L3_Port: RAW GSMTAP hdr->arfcn=0x4033 RxArfcn=0x4033 Uplink=1 Chan=135 Len=23
2026/Jun/26 10:23:35.022596 USER TC_26_6_1_5.ttcn3:236 L3_Port: RX: 0E 00 01 03 49 06 15 80 40 00 00 00 00 00 00 00 00 00 00 00 00 00 00 
2026/Jun/26 10:23:35.022607 PORTEVENT TC_26_6_1_5.ttcn3:236 Message enqueued on L from system octetstring : '0E00010349061580400000000000000000000000000000'O id 44
2026/Jun/26 10:23:35.022618 USER TC_26_6_1_5.ttcn3:236 L3_Port: Message delivered to TTCN-3
2026/Jun/26 10:23:35.022631 PORTEVENT TC_26_6_1_5.ttcn3:254 Receive operation on port L succeeded, message from system(): octetstring : '0E00010349061580400000000000000000000000000000'O id 44
2026/Jun/26 10:23:35.022639 PORTEVENT TC_26_6_1_5.ttcn3:254 Message with id 44 was extracted from the queue of L.
2026/Jun/26 10:23:35.729400 USER TC_26_6_1_5.ttcn3:236 L3_Port: Received 39 bytes
2026/Jun/26 10:23:35.729451 USER TC_26_6_1_5.ttcn3:236 L3_Port: RAW GSMTAP hdr->arfcn=0x4033 RxArfcn=0x4033 Uplink=1 Chan=7 Len=23
2026/Jun/26 10:23:35.729461 USER TC_26_6_1_5.ttcn3:236 L3_Port: RX: 01 3F 49 05 08 70 09 F1 07 00 00 33 08 99 10 07 00 00 00 00 10 2B 2B 
2026/Jun/26 10:23:35.729473 PORTEVENT TC_26_6_1_5.ttcn3:236 Message enqueued on L from system octetstring : '013F4905087009F1070000330899100700000000102B2B'O id 45
2026/Jun/26 10:23:35.729484 USER TC_26_6_1_5.ttcn3:236 L3_Port: Message delivered to TTCN-3
2026/Jun/26 10:23:35.729500 PORTEVENT TC_26_6_1_5.ttcn3:254 Receive operation on port L succeeded, message from system(): octetstring : '013F4905087009F1070000330899100700000000102B2B'O id 45
2026/Jun/26 10:23:35.729507 PORTEVENT TC_26_6_1_5.ttcn3:254 Message with id 45 was extracted from the queue of L.
2026/Jun/26 10:23:35.962791 USER TC_26_6_1_5.ttcn3:236 L3_Port: Received 39 bytes
2026/Jun/26 10:23:35.962867 USER TC_26_6_1_5.ttcn3:236 L3_Port: RAW GSMTAP hdr->arfcn=0x4033 RxArfcn=0x4033 Uplink=1 Chan=135 Len=23
2026/Jun/26 10:23:35.962879 USER TC_26_6_1_5.ttcn3:236 L3_Port: RX: 0E 00 01 03 49 06 15 3F 3F 01 C0 00 00 00 00 00 00 00 00 00 00 00 00 
2026/Jun/26 10:23:35.962891 PORTEVENT TC_26_6_1_5.ttcn3:236 Message enqueued on L from system octetstring : '0E0001034906153F3F01C0000000000000000000000000'O id 46
2026/Jun/26 10:23:35.962901 USER TC_26_6_1_5.ttcn3:236 L3_Port: Message delivered to TTCN-3
2026/Jun/26 10:23:35.962915 PORTEVENT TC_26_6_1_5.ttcn3:254 Receive operation on port L succeeded, message from system(): octetstring : '0E0001034906153F3F01C0000000000000000000000000'O id 46
2026/Jun/26 10:23:35.962923 PORTEVENT TC_26_6_1_5.ttcn3:254 Message with id 46 was extracted from the queue of L.
2026/Jun/26 10:23:36.670136 USER TC_26_6_1_5.ttcn3:236 L3_Port: Received 39 bytes
2026/Jun/26 10:23:36.670176 USER TC_26_6_1_5.ttcn3:236 L3_Port: RAW GSMTAP hdr->arfcn=0x4033 RxArfcn=0x4033 Uplink=1 Chan=7 Len=23
2026/Jun/26 10:23:36.670193 USER TC_26_6_1_5.ttcn3:236 L3_Port: RX: 01 3F 49 05 08 70 09 F1 07 00 00 33 08 99 10 07 00 00 00 00 10 2B 2B 
2026/Jun/26 10:23:36.670204 PORTEVENT TC_26_6_1_5.ttcn3:236 Message enqueued on L from system octetstring : '013F4905087009F1070000330899100700000000102B2B'O id 47
2026/Jun/26 10:23:36.670213 USER TC_26_6_1_5.ttcn3:236 L3_Port: Message delivered to TTCN-3
2026/Jun/26 10:23:36.670227 PORTEVENT TC_26_6_1_5.ttcn3:254 Receive operation on port L succeeded, message from system(): octetstring : '013F4905087009F1070000330899100700000000102B2B'O id 47
2026/Jun/26 10:23:36.670233 PORTEVENT TC_26_6_1_5.ttcn3:254 Message with id 47 was extracted from the queue of L.
2026/Jun/26 10:23:36.904512 USER TC_26_6_1_5.ttcn3:236 L3_Port: Received 39 bytes
2026/Jun/26 10:23:36.904569 USER TC_26_6_1_5.ttcn3:236 L3_Port: RAW GSMTAP hdr->arfcn=0x4033 RxArfcn=0x4033 Uplink=1 Chan=135 Len=23
2026/Jun/26 10:23:36.904578 USER TC_26_6_1_5.ttcn3:236 L3_Port: RX: 0E 00 01 03 49 06 15 00 40 01 C0 00 00 00 00 00 00 00 00 00 00 00 00 
2026/Jun/26 10:23:36.904592 PORTEVENT TC_26_6_1_5.ttcn3:236 Message enqueued on L from system octetstring : '0E000103490615004001C0000000000000000000000000'O id 48
2026/Jun/26 10:23:36.904605 USER TC_26_6_1_5.ttcn3:236 L3_Port: Message delivered to TTCN-3
2026/Jun/26 10:23:36.904619 PORTEVENT TC_26_6_1_5.ttcn3:254 Receive operation on port L succeeded, message from system(): octetstring : '0E000103490615004001C0000000000000000000000000'O id 48
2026/Jun/26 10:23:36.904628 PORTEVENT TC_26_6_1_5.ttcn3:254 Message with id 48 was extracted from the queue of L.
2026/Jun/26 10:23:37.610589 USER TC_26_6_1_5.ttcn3:236 L3_Port: Received 39 bytes
2026/Jun/26 10:23:37.610663 USER TC_26_6_1_5.ttcn3:236 L3_Port: RAW GSMTAP hdr->arfcn=0x4033 RxArfcn=0x4033 Uplink=1 Chan=7 Len=23
2026/Jun/26 10:23:37.610673 USER TC_26_6_1_5.ttcn3:236 L3_Port: RX: 01 3F 49 05 08 70 09 F1 07 00 00 33 08 99 10 07 00 00 00 00 10 2B 2B 
2026/Jun/26 10:23:37.610687 PORTEVENT TC_26_6_1_5.ttcn3:236 Message enqueued on L from system octetstring : '013F4905087009F1070000330899100700000000102B2B'O id 49
2026/Jun/26 10:23:37.610702 USER TC_26_6_1_5.ttcn3:236 L3_Port: Message delivered to TTCN-3
2026/Jun/26 10:23:37.610717 PORTEVENT TC_26_6_1_5.ttcn3:254 Receive operation on port L succeeded, message from system(): octetstring : '013F4905087009F1070000330899100700000000102B2B'O id 49
2026/Jun/26 10:23:37.610726 PORTEVENT TC_26_6_1_5.ttcn3:254 Message with id 49 was extracted from the queue of L.
2026/Jun/26 10:23:37.845797 USER TC_26_6_1_5.ttcn3:236 L3_Port: Received 39 bytes
2026/Jun/26 10:23:37.845865 USER TC_26_6_1_5.ttcn3:236 L3_Port: RAW GSMTAP hdr->arfcn=0x4033 RxArfcn=0x4033 Uplink=1 Chan=135 Len=23
2026/Jun/26 10:23:37.845875 USER TC_26_6_1_5.ttcn3:236 L3_Port: RX: 0E 00 01 03 49 06 15 00 40 01 C0 00 00 00 00 00 00 00 00 00 00 00 00 
2026/Jun/26 10:23:37.845889 PORTEVENT TC_26_6_1_5.ttcn3:236 Message enqueued on L from system octetstring : '0E000103490615004001C0000000000000000000000000'O id 50
2026/Jun/26 10:23:37.845902 USER TC_26_6_1_5.ttcn3:236 L3_Port: Message delivered to TTCN-3
2026/Jun/26 10:23:37.845916 PORTEVENT TC_26_6_1_5.ttcn3:254 Receive operation on port L succeeded, message from system(): octetstring : '0E000103490615004001C0000000000000000000000000'O id 50
2026/Jun/26 10:23:37.845924 PORTEVENT TC_26_6_1_5.ttcn3:254 Message with id 50 was extracted from the queue of L.
2026/Jun/26 10:23:38.787481 USER TC_26_6_1_5.ttcn3:236 L3_Port: Received 39 bytes
2026/Jun/26 10:23:38.787536 USER TC_26_6_1_5.ttcn3:236 L3_Port: RAW GSMTAP hdr->arfcn=0x4033 RxArfcn=0x4033 Uplink=1 Chan=135 Len=23
2026/Jun/26 10:23:38.787545 USER TC_26_6_1_5.ttcn3:236 L3_Port: RX: 0E 00 01 03 49 06 15 00 40 01 C0 00 00 00 00 00 00 00 00 00 00 00 00 
2026/Jun/26 10:23:38.787557 PORTEVENT TC_26_6_1_5.ttcn3:236 Message enqueued on L from system octetstring : '0E000103490615004001C0000000000000000000000000'O id 51
2026/Jun/26 10:23:38.787568 USER TC_26_6_1_5.ttcn3:236 L3_Port: Message delivered to TTCN-3
2026/Jun/26 10:23:38.787583 PORTEVENT TC_26_6_1_5.ttcn3:254 Receive operation on port L succeeded, message from system(): octetstring : '0E000103490615004001C0000000000000000000000000'O id 51
2026/Jun/26 10:23:38.787598 PORTEVENT TC_26_6_1_5.ttcn3:254 Message with id 51 was extracted from the queue of L.
2026/Jun/26 10:23:38.788009 USER TC_26_6_1_5.ttcn3:236 L3_Port: Received 39 bytes
2026/Jun/26 10:23:38.788082 USER TC_26_6_1_5.ttcn3:236 L3_Port: RAW GSMTAP hdr->arfcn=0x4033 RxArfcn=0x4033 Uplink=1 Chan=7 Len=23
2026/Jun/26 10:23:38.788221 USER TC_26_6_1_5.ttcn3:236 L3_Port: RX: 01 3F 49 05 08 70 09 F1 07 00 00 33 08 99 10 07 00 00 00 00 10 2B 2B 
2026/Jun/26 10:23:38.788240 PORTEVENT TC_26_6_1_5.ttcn3:236 Message enqueued on L from system octetstring : '013F4905087009F1070000330899100700000000102B2B'O id 52
2026/Jun/26 10:23:38.788247 USER TC_26_6_1_5.ttcn3:236 L3_Port: Message delivered to TTCN-3
2026/Jun/26 10:23:38.788263 PORTEVENT TC_26_6_1_5.ttcn3:254 Receive operation on port L succeeded, message from system(): octetstring : '013F4905087009F1070000330899100700000000102B2B'O id 52
2026/Jun/26 10:23:38.788269 PORTEVENT TC_26_6_1_5.ttcn3:254 Message with id 52 was extracted from the queue of L.
2026/Jun/26 10:23:39.558632 USER TC_26_6_1_5.ttcn3:236 MSC_Port: RX: {"status": "error", "message": "timed out"}
2026/Jun/26 10:23:39.558709 PORTEVENT TC_26_6_1_5.ttcn3:236 Message enqueued on MSC from system charstring : "{\"status\": \"error\", \"message\": \"timed out\"}" id 22
2026/Jun/26 10:23:39.558734 PORTEVENT TC_26_6_1_5.ttcn3:237 Receive operation on port MSC succeeded, message from system(): charstring : "{\"status\": \"error\", \"message\": \"timed out\"}" id 22
2026/Jun/26 10:23:39.558744 PORTEVENT TC_26_6_1_5.ttcn3:237 Message with id 22 was extracted from the queue of MSC.
2026/Jun/26 10:23:39.558877 USER TC_26_6_1_5.ttcn3:250 MSC during paging response wait: "{\"status\": \"error\", \"message\": \"timed out\"}"
2026/Jun/26 10:23:39.729408 USER TC_26_6_1_5.ttcn3:236 L3_Port: Received 39 bytes
2026/Jun/26 10:23:39.729481 USER TC_26_6_1_5.ttcn3:236 L3_Port: RAW GSMTAP hdr->arfcn=0x4033 RxArfcn=0x4033 Uplink=1 Chan=135 Len=23
2026/Jun/26 10:23:39.729491 USER TC_26_6_1_5.ttcn3:236 L3_Port: RX: 0E 00 01 03 49 06 15 00 40 01 C0 00 00 00 00 00 00 00 00 00 00 00 00 
2026/Jun/26 10:23:39.729507 PORTEVENT TC_26_6_1_5.ttcn3:236 Message enqueued on L from system octetstring : '0E000103490615004001C0000000000000000000000000'O id 53
2026/Jun/26 10:23:39.729522 USER TC_26_6_1_5.ttcn3:236 L3_Port: Message delivered to TTCN-3
2026/Jun/26 10:23:39.729539 PORTEVENT TC_26_6_1_5.ttcn3:254 Receive operation on port L succeeded, message from system(): octetstring : '0E000103490615004001C0000000000000000000000000'O id 53
2026/Jun/26 10:23:39.729549 PORTEVENT TC_26_6_1_5.ttcn3:254 Message with id 53 was extracted from the queue of L.
2026/Jun/26 10:23:39.730139 USER TC_26_6_1_5.ttcn3:236 L3_Port: Received 39 bytes
2026/Jun/26 10:23:39.730167 USER TC_26_6_1_5.ttcn3:236 L3_Port: RAW GSMTAP hdr->arfcn=0x4033 RxArfcn=0x4033 Uplink=1 Chan=7 Len=23
2026/Jun/26 10:23:39.730185 USER TC_26_6_1_5.ttcn3:236 L3_Port: RX: 01 3F 49 05 08 70 09 F1 07 00 00 33 08 99 10 07 00 00 00 00 10 2B 2B 
2026/Jun/26 10:23:39.730201 PORTEVENT TC_26_6_1_5.ttcn3:236 Message enqueued on L from system octetstring : '013F4905087009F1070000330899100700000000102B2B'O id 54
2026/Jun/26 10:23:39.730209 USER TC_26_6_1_5.ttcn3:236 L3_Port: Message delivered to TTCN-3
2026/Jun/26 10:23:39.730226 PORTEVENT TC_26_6_1_5.ttcn3:254 Receive operation on port L succeeded, message from system(): octetstring : '013F4905087009F1070000330899100700000000102B2B'O id 54
2026/Jun/26 10:23:39.730232 PORTEVENT TC_26_6_1_5.ttcn3:254 Message with id 54 was extracted from the queue of L.
2026/Jun/26 10:23:40.559602 USER TC_26_6_1_5.ttcn3:236 MSC_Port: RX: {"type": "HEARTBEAT"}
2026/Jun/26 10:23:40.559724 PORTEVENT TC_26_6_1_5.ttcn3:236 Message enqueued on MSC from system charstring : "{\"type\": \"HEARTBEAT\"}" id 23
2026/Jun/26 10:23:40.559750 PORTEVENT TC_26_6_1_5.ttcn3:237 Receive operation on port MSC succeeded, message from system(): charstring : "{\"type\": \"HEARTBEAT\"}" id 23
2026/Jun/26 10:23:40.559768 PORTEVENT TC_26_6_1_5.ttcn3:237 Message with id 23 was extracted from the queue of MSC.
2026/Jun/26 10:23:40.671117 USER TC_26_6_1_5.ttcn3:236 L3_Port: Received 39 bytes
2026/Jun/26 10:23:40.671183 USER TC_26_6_1_5.ttcn3:236 L3_Port: RAW GSMTAP hdr->arfcn=0x4033 RxArfcn=0x4033 Uplink=1 Chan=135 Len=23
2026/Jun/26 10:23:40.671194 USER TC_26_6_1_5.ttcn3:236 L3_Port: RX: 0E 00 01 03 49 06 15 00 40 01 C0 00 00 00 00 00 00 00 00 00 00 00 00 
2026/Jun/26 10:23:40.671207 PORTEVENT TC_26_6_1_5.ttcn3:236 Message enqueued on L from system octetstring : '0E000103490615004001C0000000000000000000000000'O id 55
2026/Jun/26 10:23:40.671221 USER TC_26_6_1_5.ttcn3:236 L3_Port: Message delivered to TTCN-3
2026/Jun/26 10:23:40.671235 PORTEVENT TC_26_6_1_5.ttcn3:254 Receive operation on port L succeeded, message from system(): octetstring : '0E000103490615004001C0000000000000000000000000'O id 55
2026/Jun/26 10:23:40.671245 PORTEVENT TC_26_6_1_5.ttcn3:254 Message with id 55 was extracted from the queue of L.
2026/Jun/26 10:23:41.611970 USER TC_26_6_1_5.ttcn3:236 L3_Port: Received 39 bytes
2026/Jun/26 10:23:41.612032 USER TC_26_6_1_5.ttcn3:236 L3_Port: RAW GSMTAP hdr->arfcn=0x4033 RxArfcn=0x4033 Uplink=1 Chan=135 Len=23
2026/Jun/26 10:23:41.612041 USER TC_26_6_1_5.ttcn3:236 L3_Port: RX: 0E 00 01 03 49 06 15 00 40 01 C0 00 00 00 00 00 00 00 00 00 00 00 00 
2026/Jun/26 10:23:41.612054 PORTEVENT TC_26_6_1_5.ttcn3:236 Message enqueued on L from system octetstring : '0E000103490615004001C0000000000000000000000000'O id 56
2026/Jun/26 10:23:41.612067 USER TC_26_6_1_5.ttcn3:236 L3_Port: Message delivered to TTCN-3
2026/Jun/26 10:23:41.612081 PORTEVENT TC_26_6_1_5.ttcn3:254 Receive operation on port L succeeded, message from system(): octetstring : '0E000103490615004001C0000000000000000000000000'O id 56
2026/Jun/26 10:23:41.612090 PORTEVENT TC_26_6_1_5.ttcn3:254 Message with id 56 was extracted from the queue of L.
2026/Jun/26 10:23:45.564050 USER TC_26_6_1_5.ttcn3:236 MSC_Port: RX: {"type": "HEARTBEAT"}
2026/Jun/26 10:23:45.564124 PORTEVENT TC_26_6_1_5.ttcn3:236 Message enqueued on MSC from system charstring : "{\"type\": \"HEARTBEAT\"}" id 24
2026/Jun/26 10:23:45.564147 PORTEVENT TC_26_6_1_5.ttcn3:237 Receive operation on port MSC succeeded, message from system(): charstring : "{\"type\": \"HEARTBEAT\"}" id 24
2026/Jun/26 10:23:45.564156 PORTEVENT TC_26_6_1_5.ttcn3:237 Message with id 24 was extracted from the queue of MSC.
2026/Jun/26 10:23:50.569084 USER TC_26_6_1_5.ttcn3:236 MSC_Port: RX: {"type": "HEARTBEAT"}
2026/Jun/26 10:23:50.569154 PORTEVENT TC_26_6_1_5.ttcn3:236 Message enqueued on MSC from system charstring : "{\"type\": \"HEARTBEAT\"}" id 25
2026/Jun/26 10:23:50.569177 PORTEVENT TC_26_6_1_5.ttcn3:237 Receive operation on port MSC succeeded, message from system(): charstring : "{\"type\": \"HEARTBEAT\"}" id 25
2026/Jun/26 10:23:50.569185 PORTEVENT TC_26_6_1_5.ttcn3:237 Message with id 25 was extracted from the queue of MSC.
2026/Jun/26 10:23:54.554847 TIMEROP TC_26_6_1_5.ttcn3:255 Timeout T_pr: 20 s
2026/Jun/26 10:23:54.554903 USER TC_26_6_1_5.ttcn3:256 SUB-TEST 3 FAIL: No PAGING RESPONSE within 20s after RACH retry
2026/Jun/26 10:23:54.554968 PORTEVENT TC_26_6_1_5.ttcn3:286 Sent on MSC to system charstring : "{\"command\": \"CMD_UNLOCK_BSC_TIMESLOT\", \"params\": {\"timeslots\": [1,2,3,4,5,6,7]}}"
2026/Jun/26 10:23:54.555053 USER TC_26_6_1_5.ttcn3:286 MSC_Port: TX: {"command": "CMD_UNLOCK_BSC_TIMESLOT", "params": {"timeslots": [1,2,3,4,5,6,7]}}
2026/Jun/26 10:23:54.555063 TIMEROP TC_26_6_1_5.ttcn3:288 Start timer T_restore: 3 s
2026/Jun/26 10:23:57.381712 USER TC_26_6_1_5.ttcn3:289 L3_Port: Received 17 bytes
2026/Jun/26 10:23:57.381776 USER TC_26_6_1_5.ttcn3:289 L3_Port: RAW GSMTAP hdr->arfcn=0x4033 RxArfcn=0x4033 Uplink=1 Chan=3 Len=1
2026/Jun/26 10:23:57.381785 USER TC_26_6_1_5.ttcn3:289 L3_Port: RX: 0A 
2026/Jun/26 10:23:57.381798 PORTEVENT TC_26_6_1_5.ttcn3:289 Message enqueued on L from system octetstring : '0A00007FFD'O id 57
2026/Jun/26 10:23:57.381819 USER TC_26_6_1_5.ttcn3:289 L3_Port: Message delivered to TTCN-3
2026/Jun/26 10:23:57.473887 USER TC_26_6_1_5.ttcn3:289 L3_Port: Received 39 bytes
2026/Jun/26 10:23:57.473945 USER TC_26_6_1_5.ttcn3:289 L3_Port: RAW GSMTAP hdr->arfcn=0x4033 RxArfcn=0x4033 Uplink=1 Chan=135 Len=23
2026/Jun/26 10:23:57.473953 USER TC_26_6_1_5.ttcn3:289 L3_Port: RX: 0E 00 01 03 49 06 15 00 40 01 C0 00 00 00 00 00 00 00 00 00 00 00 00 
2026/Jun/26 10:23:57.473966 PORTEVENT TC_26_6_1_5.ttcn3:289 Message enqueued on L from system octetstring : '0E000103490615004001C0000000000000000000000000'O id 58
2026/Jun/26 10:23:57.473980 USER TC_26_6_1_5.ttcn3:289 L3_Port: Message delivered to TTCN-3
2026/Jun/26 10:23:57.555101 TIMEROP TC_26_6_1_5.ttcn3:294 Timeout T_restore: 3 s
2026/Jun/26 10:23:57.555155 USER TC_26_6_1_5.ttcn3:301 ========== TEST SUMMARY ==========
2026/Jun/26 10:23:57.555182 USER TC_26_6_1_5.ttcn3:302 SUB-TEST 1 (RACH on L port after paging):  true
2026/Jun/26 10:23:57.555223 USER TC_26_6_1_5.ttcn3:303 SUB-TEST 2 (channel assigned, PAGING RESP): true
2026/Jun/26 10:23:57.555227 USER TC_26_6_1_5.ttcn3:304 SUB-TEST 3 (PAGING RESPONSE at MSC):       false
2026/Jun/26 10:23:57.555240 USER TC_26_6_1_5.ttcn3:310 ========== OVERALL VERDICT: FAIL ==========
2026/Jun/26 10:23:57.555268 VERDICTOP TC_26_6_1_5.ttcn3:311 setverdict(fail): none -> fail
2026/Jun/26 10:23:57.555345 PARALLEL GSM_Component_Definitions.ttcn3:346 Unmapping port mtc:L from system:L.
2026/Jun/26 10:23:57.555440 USER GSM_Component_Definitions.ttcn3:346 L3_Port: Unmapping from L
2026/Jun/26 10:23:58.197209 PORTEVENT GSM_Component_Definitions.ttcn3:346 Port L was unmapped from system:L.
2026/Jun/26 10:23:58.197352 PARALLEL GSM_Component_Definitions.ttcn3:346 Unmap operation of mtc:L from system:L finished.
2026/Jun/26 10:23:58.197367 PARALLEL GSM_Component_Definitions.ttcn3:347 Unmapping port mtc:RR from system:RR.
2026/Jun/26 10:23:58.197391 PORTEVENT GSM_Component_Definitions.ttcn3:347 Port RR was unmapped from system:RR.
2026/Jun/26 10:23:58.197406 PARALLEL GSM_Component_Definitions.ttcn3:347 Unmap operation of mtc:RR from system:RR finished.
2026/Jun/26 10:23:58.197411 PARALLEL GSM_Component_Definitions.ttcn3:348 Unmapping port mtc:MM from system:MM.
2026/Jun/26 10:23:58.197425 PORTEVENT GSM_Component_Definitions.ttcn3:348 Port MM was unmapped from system:MM.
2026/Jun/26 10:23:58.197439 PARALLEL GSM_Component_Definitions.ttcn3:348 Unmap operation of mtc:MM from system:MM finished.
2026/Jun/26 10:23:58.197444 PARALLEL GSM_Component_Definitions.ttcn3:349 Unmapping port mtc:CC from system:CC.
2026/Jun/26 10:23:58.197457 PORTEVENT GSM_Component_Definitions.ttcn3:349 Port CC was unmapped from system:CC.
2026/Jun/26 10:23:58.197470 PARALLEL GSM_Component_Definitions.ttcn3:349 Unmap operation of mtc:CC from system:CC finished.
2026/Jun/26 10:23:58.197475 PARALLEL GSM_Component_Definitions.ttcn3:350 Unmapping port mtc:MSC from system:MSC.
2026/Jun/26 10:23:58.197490 USER GSM_Component_Definitions.ttcn3:350 MSC_Port: Unmapping from MSC
2026/Jun/26 10:23:58.197586 PORTEVENT GSM_Component_Definitions.ttcn3:350 Port MSC was unmapped from system:MSC.
2026/Jun/26 10:23:58.197608 PARALLEL GSM_Component_Definitions.ttcn3:350 Unmap operation of mtc:MSC from system:MSC finished.
2026/Jun/26 10:23:58.197613 PARALLEL GSM_Component_Definitions.ttcn3:351 Unmapping port mtc:VTY from system:VTY.
2026/Jun/26 10:23:58.197628 USER GSM_Component_Definitions.ttcn3:351 VTY_PT: Unmapping port from VTY interface
2026/Jun/26 10:23:58.197733 USER GSM_Component_Definitions.ttcn3:351 VTY_PT: Disconnected from VTY
2026/Jun/26 10:23:58.197752 PORTEVENT GSM_Component_Definitions.ttcn3:351 Port VTY was unmapped from system:VTY.
2026/Jun/26 10:23:58.197768 PARALLEL GSM_Component_Definitions.ttcn3:351 Unmap operation of mtc:VTY from system:VTY finished.
2026/Jun/26 10:23:58.197787 PARALLEL TC_26_6_1_5.ttcn3:314 Terminating component type GSM_Component_Definitions.GSM_CT.
2026/Jun/26 10:23:58.197801 TIMEROP TC_26_6_1_5.ttcn3:314 Stop timer T_guard: 300 s
2026/Jun/26 10:23:58.197837 USER TC_26_6_1_5.ttcn3:314 L3_Port: user_stop called
2026/Jun/26 10:23:58.197866 PORTEVENT TC_26_6_1_5.ttcn3:314 Message with id 57 was extracted from the queue of L.
2026/Jun/26 10:23:58.197872 PORTEVENT TC_26_6_1_5.ttcn3:314 Message with id 58 was extracted from the queue of L.
2026/Jun/26 10:23:58.197875 PORTEVENT TC_26_6_1_5.ttcn3:314 Port L was stopped.
2026/Jun/26 10:23:58.197891 PORTEVENT TC_26_6_1_5.ttcn3:314 Port RR was stopped.
2026/Jun/26 10:23:58.197901 PORTEVENT TC_26_6_1_5.ttcn3:314 Port MM was stopped.
2026/Jun/26 10:23:58.197908 PORTEVENT TC_26_6_1_5.ttcn3:314 Port CC was stopped.
2026/Jun/26 10:23:58.197921 USER TC_26_6_1_5.ttcn3:314 MSC_Port: user_stop called
2026/Jun/26 10:23:58.197935 PORTEVENT TC_26_6_1_5.ttcn3:314 Port MSC was stopped.
2026/Jun/26 10:23:58.197945 USER TC_26_6_1_5.ttcn3:314 BSC_Port: user_stop called
2026/Jun/26 10:23:58.197957 PORTEVENT TC_26_6_1_5.ttcn3:314 Port BSC was stopped.
2026/Jun/26 10:23:58.197961 PORTEVENT TC_26_6_1_5.ttcn3:314 Port RSL was stopped.
2026/Jun/26 10:23:58.197964 USER TC_26_6_1_5.ttcn3:314 VTY_PT: Stopping
2026/Jun/26 10:23:58.197975 PORTEVENT TC_26_6_1_5.ttcn3:314 Port VTY was stopped.
2026/Jun/26 10:23:58.197979 PORTEVENT TC_26_6_1_5.ttcn3:314 Port COORD was stopped.
2026/Jun/26 10:23:58.197982 PARALLEL TC_26_6_1_5.ttcn3:314 Component type GSM_Component_Definitions.GSM_CT was shut down inside testcase TC_26_6_1_5.
2026/Jun/26 10:23:58.197990 EXECUTOR TC_26_6_1_5.ttcn3:314 Waiting for PTCs to finish.
2026/Jun/26 10:23:58.198025 VERDICTOP TC_26_6_1_5.ttcn3:314 Setting final verdict of the test case.
2026/Jun/26 10:23:58.198087 VERDICTOP TC_26_6_1_5.ttcn3:314 Local verdict of MTC: fail
2026/Jun/26 10:23:58.198118 VERDICTOP TC_26_6_1_5.ttcn3:314 No PTCs were created.
2026/Jun/26 10:23:58.198138 TESTCASE TC_26_6_1_5.ttcn3:314 Test case TC_26_6_1_5 finished. Verdict: fail
2026/Jun/26 10:23:58.198312 STATISTICS - Verdict statistics: 0 none (0.00 %), 0 pass (0.00 %), 0 inconc (0.00 %), 1 fail (100.00 %), 0 error (0.00 %).
2026/Jun/26 10:23:58.198403 STATISTICS - Test execution summary: 1 test case was executed. Overall verdict: fail
2026/Jun/26 10:23:58.198410 EXECUTOR - Exit was requested from MC. Terminating MTC.
