2026/Jun/10 10:19:51.166033 EXECUTOR - TTCN-3 Host Controller started on ttcn3-tc-26-8-1-3-4-7-1-ll7vk. Version: 11.1.0.
2026/Jun/10 10:19:51.166352 EXECUTOR - TTCN Logger v2.2 options: TimeStampFormat:=DateTime; LogEntityName:=No; LogEventTypes:=Yes; SourceInfoFormat:=Single; LogSensitiveData:=No; *.FileMask:=LOG_ALL; *.ConsoleMask:=ERROR | TESTCASE | USER | VERDICTOP | WARNING; LogFileSize:=0; LogFileNumber:=1; DiskFullAction:=Error
2026/Jun/10 10:19:51.166378 EXECUTOR - Maximum number of open file descriptors: 1048576,   FD_SETSIZE = 1024
2026/Jun/10 10:19:51.166627 WARNING - Warning: The address of MC was set to a local IP address. This may cause incorrect behavior if a HC from a remote host also connects to MC.
2026/Jun/10 10:19:51.166702 EXECUTOR - The address of MC was set to 127.0.0.1:0.
2026/Jun/10 10:19:51.166944 EXECUTOR - Connected to MC.
2026/Jun/10 10:19:51.168472 EXECUTOR - This host supports UNIX domain sockets for local communication.
2026/Jun/10 10:19:51.168798 EXECUTOR - Processing configuration data received from MC.
2026/Jun/10 10:19:51.169238 WARNING - Warning: Skeleton `/results/TC_26_8_1_3_4_7-2026-06-10-101949/%n.log' does not guarantee unique log file name for every test system process. It may cause unpredictable results if several test components try to write into the same log file.
2026/Jun/10 10:19:51.169913 EXECUTOR - Module GSM_Constants has the following parameters: { TSPC_Serv_TS11 := true, TSPC_Serv_TS61 := false, TSPC_Serv_TS62 := false, TSPC_Serv_BS21 := false, TSPC_Serv_BS22 := false, TSPC_Serv_BS24 := false, TSPC_Serv_BS25 := false, TSPC_Serv_BS26 := false, TSPC_Serv_BS31 := false, TSPC_Serv_BS32 := false, TSPC_Serv_BS33 := false, TSPC_Serv_BS34 := false, TSPC_Serv_BS41 := false, TSPC_Serv_BS42 := false, TSPC_Serv_BS43 := false, TSPC_Serv_BS44 := false, TSPC_Serv_BS45 := false, TSPC_Serv_BS51 := false, TSPC_Serv_BS61 := false, TSPC_Serv_BS81 := false, TSPC_DualRate := false, TSPC_MTsvc := true, TSPX_IMSI := '901700000000001F'O, TSPX_TMSI := '1914D97F'O, TSPX_CKSNDef := 0, TSPX_RANDDef := '00112233445566778899AABBCCDDEEFF'O, TSPX_SRES := '12345678'O, TSPX_Kc := '0000000000000000'O, TSPX_SDCCH4SubDef := 0, TSPX_TmSltDef := 0, TSPX_TscDef := 7, TSPX_TCHHSubDef := 0, TCV_CC := true, TSPX_Telephony_Rate := C_Full (0), TSPX_MOBscSvcA := C_Telephony (0), TSPX_MOBscSvcB := C_Telephony (0), TSPX_MOBscSvcC := C_Telephony (0), TSPX_MOBscSvcD := C_Telephony (0), TSPX_MOBscSvcE := C_Telephony (0), TSPX_MOBscSvcF := C_Telephony (0), TSPX_MOBscSvcG := C_Telephony (0), TSPX_MOChRateA := C_Full (0), TSPX_MOChRateB := C_Full (0), TSPX_MOChRateC := C_Full (0), TSPX_MOChRateD := C_Full (0), TSPX_MOChRateE := C_Full (0), TSPX_MOChRateF := C_Full (0), TSPX_MOChRateG := C_Full (0), TSPX_MTBscSvcA := C_Telephony (0), TSPX_MTBscSvcB := C_Telephony (0), TSPX_MTBscSvcC := C_Telephony (0), TSPX_MTBscSvcD := C_Telephony (0), TSPX_MTBscSvcE := C_Telephony (0), TSPX_MTBscSvcF := C_Telephony (0), TSPX_MTBscSvcG := C_Telephony (0), TSPX_MTBscSvcH := C_Telephony (0), TSPX_MTBscSvcI := C_Telephony (0), TSPX_MTBscSvcJ := C_Telephony (0), TSPX_MTChRateA := C_Full (0), TSPX_MTChRateB := C_Full (0), TSPX_MTChRateC := C_Full (0), TSPX_MTChRateD := C_Full (0), TSPX_MTChRateE := C_Full (0), TSPX_MTChRateF := C_Full (0), TSPX_MTChRateG := C_Full (0), TSPX_MTChRateH := C_Full (0), TSPX_MTChRateI := C_Full (0), TSPX_MTChRateJ := C_Full (0), C_arfcnA := 100 }
2026/Jun/10 10:19:51.175603 EXECUTOR - Module TC_26_6_1_2 has the following parameters: { TSPX_nPara := 3, TSPX_i1Para := 3, TSPX_kPara := 5, TSPX_i2Para := 1, TSPX_rPara := 4, TSPX_i3Para := 4 }
2026/Jun/10 10:19:51.175664 EXECUTOR - Initializing module GSM_Component_Definitions.
2026/Jun/10 10:19:51.175679 EXECUTOR GSM_Component_Definitions.ttcn3:0 Initializing module GSM_Templates.
2026/Jun/10 10:19:51.175718 EXECUTOR GSM_Templates.ttcn3:0 Initializing module GSM_Constants.
2026/Jun/10 10:19:51.175732 EXECUTOR GSM_Constants.ttcn3:0 Initializing module GSM_Types.
2026/Jun/10 10:19:51.175741 EXECUTOR GSM_Constants.ttcn3:0 Initialization of module GSM_Types finished.
2026/Jun/10 10:19:51.175749 EXECUTOR GSM_Templates.ttcn3:0 Initialization of module GSM_Constants finished.
2026/Jun/10 10:19:51.175899 EXECUTOR GSM_Component_Definitions.ttcn3:0 Initialization of module GSM_Templates finished.
2026/Jun/10 10:19:51.175915 EXECUTOR - Initialization of module GSM_Component_Definitions finished.
2026/Jun/10 10:19:51.175922 EXECUTOR - Initializing module GSM_Functions.
2026/Jun/10 10:19:51.175972 EXECUTOR - Initialization of module GSM_Functions finished.
2026/Jun/10 10:19:51.175978 EXECUTOR - Initializing module PreGenRecordOf.
2026/Jun/10 10:19:51.175984 EXECUTOR - Initialization of module PreGenRecordOf finished.
2026/Jun/10 10:19:51.175991 EXECUTOR - Initializing module TC_26_2_1_3.
2026/Jun/10 10:19:51.176001 EXECUTOR - Initialization of module TC_26_2_1_3 finished.
2026/Jun/10 10:19:51.176007 EXECUTOR - Initializing module TC_26_2_2.
2026/Jun/10 10:19:51.176017 EXECUTOR - Initialization of module TC_26_2_2 finished.
2026/Jun/10 10:19:51.176023 EXECUTOR - Initializing module TC_26_2_3.
2026/Jun/10 10:19:51.176034 EXECUTOR - Initialization of module TC_26_2_3 finished.
2026/Jun/10 10:19:51.176040 EXECUTOR - Initializing module TC_26_6_11_1.
2026/Jun/10 10:19:51.176051 EXECUTOR - Initialization of module TC_26_6_11_1 finished.
2026/Jun/10 10:19:51.176057 EXECUTOR - Initializing module TC_26_6_11_2.
2026/Jun/10 10:19:51.176067 EXECUTOR - Initialization of module TC_26_6_11_2 finished.
2026/Jun/10 10:19:51.176074 EXECUTOR - Initializing module TC_26_6_12_1.
2026/Jun/10 10:19:51.176084 EXECUTOR - Initialization of module TC_26_6_12_1 finished.
2026/Jun/10 10:19:51.176090 EXECUTOR - Initializing module TC_26_6_12_2.
2026/Jun/10 10:19:51.176100 EXECUTOR - Initialization of module TC_26_6_12_2 finished.
2026/Jun/10 10:19:51.176106 EXECUTOR - Initializing module TC_26_6_12_3.
2026/Jun/10 10:19:51.176116 EXECUTOR - Initialization of module TC_26_6_12_3 finished.
2026/Jun/10 10:19:51.176122 EXECUTOR - Initializing module TC_26_6_12_4.
2026/Jun/10 10:19:51.176133 EXECUTOR - Initialization of module TC_26_6_12_4 finished.
2026/Jun/10 10:19:51.176139 EXECUTOR - Initializing module TC_26_6_13_10.
2026/Jun/10 10:19:51.176149 EXECUTOR - Initialization of module TC_26_6_13_10 finished.
2026/Jun/10 10:19:51.176155 EXECUTOR - Initializing module TC_26_6_13_9.
2026/Jun/10 10:19:51.176165 EXECUTOR - Initialization of module TC_26_6_13_9 finished.
2026/Jun/10 10:19:51.176171 EXECUTOR - Initializing module TC_26_6_1_1.
2026/Jun/10 10:19:51.176181 EXECUTOR - Initialization of module TC_26_6_1_1 finished.
2026/Jun/10 10:19:51.176187 EXECUTOR - Initializing module TC_26_6_1_2.
2026/Jun/10 10:19:51.176198 EXECUTOR - Initialization of module TC_26_6_1_2 finished.
2026/Jun/10 10:19:51.176204 EXECUTOR - Initializing module TC_26_6_1_3.
2026/Jun/10 10:19:51.176214 EXECUTOR - Initialization of module TC_26_6_1_3 finished.
2026/Jun/10 10:19:51.176220 EXECUTOR - Initializing module TC_26_6_1_4.
2026/Jun/10 10:19:51.176231 EXECUTOR - Initialization of module TC_26_6_1_4 finished.
2026/Jun/10 10:19:51.176237 EXECUTOR - Initializing module TC_26_6_1_5.
2026/Jun/10 10:19:51.176248 EXECUTOR - Initialization of module TC_26_6_1_5 finished.
2026/Jun/10 10:19:51.176254 EXECUTOR - Initializing module TC_26_6_2_1_1.
2026/Jun/10 10:19:51.176264 EXECUTOR - Initialization of module TC_26_6_2_1_1 finished.
2026/Jun/10 10:19:51.176270 EXECUTOR - Initializing module TC_26_6_2_1_2.
2026/Jun/10 10:19:51.176281 EXECUTOR - Initialization of module TC_26_6_2_1_2 finished.
2026/Jun/10 10:19:51.176287 EXECUTOR - Initializing module TC_26_6_2_1_3.
2026/Jun/10 10:19:51.176297 EXECUTOR - Initialization of module TC_26_6_2_1_3 finished.
2026/Jun/10 10:19:51.176303 EXECUTOR - Initializing module TC_26_6_2_2.
2026/Jun/10 10:19:51.176314 EXECUTOR - Initialization of module TC_26_6_2_2 finished.
2026/Jun/10 10:19:51.176320 EXECUTOR - Initializing module TC_26_6_2_3_1.
2026/Jun/10 10:19:51.176330 EXECUTOR - Initialization of module TC_26_6_2_3_1 finished.
2026/Jun/10 10:19:51.176337 EXECUTOR - Initializing module TC_26_6_2_3_2.
2026/Jun/10 10:19:51.176347 EXECUTOR - Initialization of module TC_26_6_2_3_2 finished.
2026/Jun/10 10:19:51.176361 EXECUTOR - Initializing module TC_26_6_2_4.
2026/Jun/10 10:19:51.176372 EXECUTOR - Initialization of module TC_26_6_2_4 finished.
2026/Jun/10 10:19:51.176378 EXECUTOR - Initializing module TC_26_6_3_1.
2026/Jun/10 10:19:51.176389 EXECUTOR - Initialization of module TC_26_6_3_1 finished.
2026/Jun/10 10:19:51.176395 EXECUTOR - Initializing module TC_26_6_3_4.
2026/Jun/10 10:19:51.176406 EXECUTOR - Initialization of module TC_26_6_3_4 finished.
2026/Jun/10 10:19:51.176412 EXECUTOR - Initializing module TC_26_6_4_1.
2026/Jun/10 10:19:51.176423 EXECUTOR - Initialization of module TC_26_6_4_1 finished.
2026/Jun/10 10:19:51.176429 EXECUTOR - Initializing module TC_26_6_4_2_2.
2026/Jun/10 10:19:51.176439 EXECUTOR - Initialization of module TC_26_6_4_2_2 finished.
2026/Jun/10 10:19:51.176445 EXECUTOR - Initializing module TC_26_6_5_1.
2026/Jun/10 10:19:51.176456 EXECUTOR - Initialization of module TC_26_6_5_1 finished.
2026/Jun/10 10:19:51.176462 EXECUTOR - Initializing module TC_26_6_5_2_1.
2026/Jun/10 10:19:51.176472 EXECUTOR - Initialization of module TC_26_6_5_2_1 finished.
2026/Jun/10 10:19:51.176479 EXECUTOR - Initializing module TC_26_6_8_1.
2026/Jun/10 10:19:51.176490 EXECUTOR - Initialization of module TC_26_6_8_1 finished.
2026/Jun/10 10:19:51.176496 EXECUTOR - Initializing module TC_26_6_8_2.
2026/Jun/10 10:19:51.176506 EXECUTOR - Initialization of module TC_26_6_8_2 finished.
2026/Jun/10 10:19:51.176512 EXECUTOR - Initializing module TC_26_6_8_3.
2026/Jun/10 10:19:51.176523 EXECUTOR - Initialization of module TC_26_6_8_3 finished.
2026/Jun/10 10:19:51.176529 EXECUTOR - Initializing module TC_26_6_8_4.
2026/Jun/10 10:19:51.176540 EXECUTOR - Initialization of module TC_26_6_8_4 finished.
2026/Jun/10 10:19:51.176546 EXECUTOR - Initializing module TC_26_6_8_5.
2026/Jun/10 10:19:51.176556 EXECUTOR - Initialization of module TC_26_6_8_5 finished.
2026/Jun/10 10:19:51.176562 EXECUTOR - Initializing module TC_26_7_1.
2026/Jun/10 10:19:51.176573 EXECUTOR - Initialization of module TC_26_7_1 finished.
2026/Jun/10 10:19:51.176579 EXECUTOR - Initializing module TC_26_7_2_1.
2026/Jun/10 10:19:51.176590 EXECUTOR - Initialization of module TC_26_7_2_1 finished.
2026/Jun/10 10:19:51.176596 EXECUTOR - Initializing module TC_26_7_2_2.
2026/Jun/10 10:19:51.176607 EXECUTOR - Initialization of module TC_26_7_2_2 finished.
2026/Jun/10 10:19:51.176613 EXECUTOR - Initializing module TC_26_7_3_1.
2026/Jun/10 10:19:51.176624 EXECUTOR - Initialization of module TC_26_7_3_1 finished.
2026/Jun/10 10:19:51.176630 EXECUTOR - Initializing module TC_26_7_3_2.
2026/Jun/10 10:19:51.176640 EXECUTOR - Initialization of module TC_26_7_3_2 finished.
2026/Jun/10 10:19:51.176647 EXECUTOR - Initializing module TC_26_7_4_1.
2026/Jun/10 10:19:51.176657 EXECUTOR - Initialization of module TC_26_7_4_1 finished.
2026/Jun/10 10:19:51.176663 EXECUTOR - Initializing module TC_26_7_4_2_1.
2026/Jun/10 10:19:51.176674 EXECUTOR - Initialization of module TC_26_7_4_2_1 finished.
2026/Jun/10 10:19:51.176680 EXECUTOR - Initializing module TC_26_7_4_2_2_1.
2026/Jun/10 10:19:51.176692 EXECUTOR - Initialization of module TC_26_7_4_2_2_1 finished.
2026/Jun/10 10:19:51.176698 EXECUTOR - Initializing module TC_26_7_4_2_2_2.
2026/Jun/10 10:19:51.176708 EXECUTOR - Initialization of module TC_26_7_4_2_2_2 finished.
2026/Jun/10 10:19:51.176714 EXECUTOR - Initializing module TC_26_7_4_2_3.
2026/Jun/10 10:19:51.176725 EXECUTOR - Initialization of module TC_26_7_4_2_3 finished.
2026/Jun/10 10:19:51.176731 EXECUTOR - Initializing module TC_26_7_4_2_4_1.
2026/Jun/10 10:19:51.176742 EXECUTOR - Initialization of module TC_26_7_4_2_4_1 finished.
2026/Jun/10 10:19:51.176748 EXECUTOR - Initializing module TC_26_7_4_2_4_2.
2026/Jun/10 10:19:51.176759 EXECUTOR - Initialization of module TC_26_7_4_2_4_2 finished.
2026/Jun/10 10:19:51.176765 EXECUTOR - Initializing module TC_26_7_4_2_4_3.
2026/Jun/10 10:19:51.176775 EXECUTOR - Initialization of module TC_26_7_4_2_4_3 finished.
2026/Jun/10 10:19:51.176781 EXECUTOR - Initializing module TC_26_7_4_2_4_4.
2026/Jun/10 10:19:51.176798 EXECUTOR - Initialization of module TC_26_7_4_2_4_4 finished.
2026/Jun/10 10:19:51.176805 EXECUTOR - Initializing module TC_26_7_4_2_4_5.
2026/Jun/10 10:19:51.176816 EXECUTOR - Initialization of module TC_26_7_4_2_4_5 finished.
2026/Jun/10 10:19:51.176833 EXECUTOR - Initializing module TC_26_7_4_3_1.
2026/Jun/10 10:19:51.176844 EXECUTOR - Initialization of module TC_26_7_4_3_1 finished.
2026/Jun/10 10:19:51.176850 EXECUTOR - Initializing module TC_26_7_4_3_2.
2026/Jun/10 10:19:51.176861 EXECUTOR - Initialization of module TC_26_7_4_3_2 finished.
2026/Jun/10 10:19:51.176868 EXECUTOR - Initializing module TC_26_7_4_3_3.
2026/Jun/10 10:19:51.176879 EXECUTOR - Initialization of module TC_26_7_4_3_3 finished.
2026/Jun/10 10:19:51.176885 EXECUTOR - Initializing module TC_26_7_4_3_4.
2026/Jun/10 10:19:51.176896 EXECUTOR - Initialization of module TC_26_7_4_3_4 finished.
2026/Jun/10 10:19:51.176902 EXECUTOR - Initializing module TC_26_7_4_4.
2026/Jun/10 10:19:51.176913 EXECUTOR - Initialization of module TC_26_7_4_4 finished.
2026/Jun/10 10:19:51.176919 EXECUTOR - Initializing module TC_26_7_4_5_1.
2026/Jun/10 10:19:51.176930 EXECUTOR - Initialization of module TC_26_7_4_5_1 finished.
2026/Jun/10 10:19:51.176936 EXECUTOR - Initializing module TC_26_7_4_5_2.
2026/Jun/10 10:19:51.176947 EXECUTOR - Initialization of module TC_26_7_4_5_2 finished.
2026/Jun/10 10:19:51.176953 EXECUTOR - Initializing module TC_26_7_4_5_3.
2026/Jun/10 10:19:51.176964 EXECUTOR - Initialization of module TC_26_7_4_5_3 finished.
2026/Jun/10 10:19:51.176970 EXECUTOR - Initializing module TC_26_7_4_5_4_2.
2026/Jun/10 10:19:51.176980 EXECUTOR - Initialization of module TC_26_7_4_5_4_2 finished.
2026/Jun/10 10:19:51.176987 EXECUTOR - Initializing module TC_26_7_5_2.
2026/Jun/10 10:19:51.176997 EXECUTOR - Initialization of module TC_26_7_5_2 finished.
2026/Jun/10 10:19:51.177003 EXECUTOR - Initializing module TC_26_7_5_3.
2026/Jun/10 10:19:51.177015 EXECUTOR - Initialization of module TC_26_7_5_3 finished.
2026/Jun/10 10:19:51.177021 EXECUTOR - Initializing module TC_26_7_5_4.
2026/Jun/10 10:19:51.177031 EXECUTOR - Initialization of module TC_26_7_5_4 finished.
2026/Jun/10 10:19:51.177037 EXECUTOR - Initializing module TC_26_7_5_5.
2026/Jun/10 10:19:51.177048 EXECUTOR - Initialization of module TC_26_7_5_5 finished.
2026/Jun/10 10:19:51.177054 EXECUTOR - Initializing module TC_26_7_5_6.
2026/Jun/10 10:19:51.177065 EXECUTOR - Initialization of module TC_26_7_5_6 finished.
2026/Jun/10 10:19:51.177071 EXECUTOR - Initializing module TC_26_7_5_7_1.
2026/Jun/10 10:19:51.177082 EXECUTOR - Initialization of module TC_26_7_5_7_1 finished.
2026/Jun/10 10:19:51.177089 EXECUTOR - Initializing module TC_26_7_5_8_1.
2026/Jun/10 10:19:51.177099 EXECUTOR - Initialization of module TC_26_7_5_8_1 finished.
2026/Jun/10 10:19:51.177105 EXECUTOR - Initializing module TC_26_7_5_8_2.
2026/Jun/10 10:19:51.177116 EXECUTOR - Initialization of module TC_26_7_5_8_2 finished.
2026/Jun/10 10:19:51.177122 EXECUTOR - Initializing module TC_26_7_5_8_3.
2026/Jun/10 10:19:51.177133 EXECUTOR - Initialization of module TC_26_7_5_8_3 finished.
2026/Jun/10 10:19:51.177140 EXECUTOR - Initializing module TC_26_8_1_2_1_1.
2026/Jun/10 10:19:51.177150 EXECUTOR - Initialization of module TC_26_8_1_2_1_1 finished.
2026/Jun/10 10:19:51.177157 EXECUTOR - Initializing module TC_26_8_1_2_2_1.
2026/Jun/10 10:19:51.177167 EXECUTOR - Initialization of module TC_26_8_1_2_2_1 finished.
2026/Jun/10 10:19:51.177174 EXECUTOR - Initializing module TC_26_8_1_2_2_2.
2026/Jun/10 10:19:51.177184 EXECUTOR - Initialization of module TC_26_8_1_2_2_2 finished.
2026/Jun/10 10:19:51.177191 EXECUTOR - Initializing module TC_26_8_1_2_2_3.
2026/Jun/10 10:19:51.177201 EXECUTOR - Initialization of module TC_26_8_1_2_2_3 finished.
2026/Jun/10 10:19:51.177208 EXECUTOR - Initializing module TC_26_8_1_2_3_1.
2026/Jun/10 10:19:51.177219 EXECUTOR - Initialization of module TC_26_8_1_2_3_1 finished.
2026/Jun/10 10:19:51.177225 EXECUTOR - Initializing module TC_26_8_1_2_3_2.
2026/Jun/10 10:19:51.177242 EXECUTOR - Initialization of module TC_26_8_1_2_3_2 finished.
2026/Jun/10 10:19:51.177249 EXECUTOR - Initializing module TC_26_8_1_2_3_3.
2026/Jun/10 10:19:51.177259 EXECUTOR - Initialization of module TC_26_8_1_2_3_3 finished.
2026/Jun/10 10:19:51.177265 EXECUTOR - Initializing module TC_26_8_1_2_3_4.
2026/Jun/10 10:19:51.177276 EXECUTOR - Initialization of module TC_26_8_1_2_3_4 finished.
2026/Jun/10 10:19:51.177283 EXECUTOR - Initializing module TC_26_8_1_2_3_5.
2026/Jun/10 10:19:51.177294 EXECUTOR - Initialization of module TC_26_8_1_2_3_5 finished.
2026/Jun/10 10:19:51.177300 EXECUTOR - Initializing module TC_26_8_1_2_3_6.
2026/Jun/10 10:19:51.177311 EXECUTOR - Initialization of module TC_26_8_1_2_3_6 finished.
2026/Jun/10 10:19:51.177317 EXECUTOR - Initializing module TC_26_8_1_2_3_7.
2026/Jun/10 10:19:51.177328 EXECUTOR - Initialization of module TC_26_8_1_2_3_7 finished.
2026/Jun/10 10:19:51.177334 EXECUTOR - Initializing module TC_26_8_1_2_4_1.
2026/Jun/10 10:19:51.177345 EXECUTOR - Initialization of module TC_26_8_1_2_4_1 finished.
2026/Jun/10 10:19:51.177351 EXECUTOR - Initializing module TC_26_8_1_2_4_13.
2026/Jun/10 10:19:51.177361 EXECUTOR - Initialization of module TC_26_8_1_2_4_13 finished.
2026/Jun/10 10:19:51.177368 EXECUTOR - Initializing module TC_26_8_1_2_4_2.
2026/Jun/10 10:19:51.177378 EXECUTOR - Initialization of module TC_26_8_1_2_4_2 finished.
2026/Jun/10 10:19:51.177384 EXECUTOR - Initializing module TC_26_8_1_2_4_3.
2026/Jun/10 10:19:51.177395 EXECUTOR - Initialization of module TC_26_8_1_2_4_3 finished.
2026/Jun/10 10:19:51.177401 EXECUTOR - Initializing module TC_26_8_1_2_4_4.
2026/Jun/10 10:19:51.177412 EXECUTOR - Initialization of module TC_26_8_1_2_4_4 finished.
2026/Jun/10 10:19:51.177419 EXECUTOR - Initializing module TC_26_8_1_2_4_5.
2026/Jun/10 10:19:51.177430 EXECUTOR - Initialization of module TC_26_8_1_2_4_5 finished.
2026/Jun/10 10:19:51.177436 EXECUTOR - Initializing module TC_26_8_1_2_6_1.
2026/Jun/10 10:19:51.177447 EXECUTOR - Initialization of module TC_26_8_1_2_6_1 finished.
2026/Jun/10 10:19:51.177453 EXECUTOR - Initializing module TC_26_8_1_2_6_2.
2026/Jun/10 10:19:51.177464 EXECUTOR - Initialization of module TC_26_8_1_2_6_2 finished.
2026/Jun/10 10:19:51.177470 EXECUTOR - Initializing module TC_26_8_1_2_6_3.
2026/Jun/10 10:19:51.177481 EXECUTOR - Initialization of module TC_26_8_1_2_6_3 finished.
2026/Jun/10 10:19:51.177488 EXECUTOR - Initializing module TC_26_8_1_2_6_6.
2026/Jun/10 10:19:51.177499 EXECUTOR - Initialization of module TC_26_8_1_2_6_6 finished.
2026/Jun/10 10:19:51.177505 EXECUTOR - Initializing module TC_26_8_1_3_1_1.
2026/Jun/10 10:19:51.177516 EXECUTOR - Initialization of module TC_26_8_1_3_1_1 finished.
2026/Jun/10 10:19:51.177522 EXECUTOR - Initializing module TC_26_8_1_3_2_1.
2026/Jun/10 10:19:51.177533 EXECUTOR - Initialization of module TC_26_8_1_3_2_1 finished.
2026/Jun/10 10:19:51.177539 EXECUTOR - Initializing module TC_26_8_1_3_3_1.
2026/Jun/10 10:19:51.177550 EXECUTOR - Initialization of module TC_26_8_1_3_3_1 finished.
2026/Jun/10 10:19:51.177557 EXECUTOR - Initializing module TC_26_8_1_3_3_2.
2026/Jun/10 10:19:51.177568 EXECUTOR - Initialization of module TC_26_8_1_3_3_2 finished.
2026/Jun/10 10:19:51.177574 EXECUTOR - Initializing module TC_26_8_1_3_3_3.
2026/Jun/10 10:19:51.177586 EXECUTOR - Initialization of module TC_26_8_1_3_3_3 finished.
2026/Jun/10 10:19:51.177591 EXECUTOR - Initializing module TC_26_8_1_3_3_4.
2026/Jun/10 10:19:51.177603 EXECUTOR - Initialization of module TC_26_8_1_3_3_4 finished.
2026/Jun/10 10:19:51.177609 EXECUTOR - Initializing module TC_26_8_1_3_3_5.
2026/Jun/10 10:19:51.177620 EXECUTOR - Initialization of module TC_26_8_1_3_3_5 finished.
2026/Jun/10 10:19:51.177627 EXECUTOR - Initializing module TC_26_8_1_3_3_6.
2026/Jun/10 10:19:51.177637 EXECUTOR - Initialization of module TC_26_8_1_3_3_6 finished.
2026/Jun/10 10:19:51.177644 EXECUTOR - Initializing module TC_26_8_1_3_3_7.
2026/Jun/10 10:19:51.177655 EXECUTOR - Initialization of module TC_26_8_1_3_3_7 finished.
2026/Jun/10 10:19:51.177661 EXECUTOR - Initializing module TC_26_8_1_3_4_1.
2026/Jun/10 10:19:51.177677 EXECUTOR - Initialization of module TC_26_8_1_3_4_1 finished.
2026/Jun/10 10:19:51.177683 EXECUTOR - Initializing module TC_26_8_1_3_4_2.
2026/Jun/10 10:19:51.177695 EXECUTOR - Initialization of module TC_26_8_1_3_4_2 finished.
2026/Jun/10 10:19:51.177701 EXECUTOR - Initializing module TC_26_8_1_3_4_3.
2026/Jun/10 10:19:51.177712 EXECUTOR - Initialization of module TC_26_8_1_3_4_3 finished.
2026/Jun/10 10:19:51.177718 EXECUTOR - Initializing module TC_26_8_1_3_4_4.
2026/Jun/10 10:19:51.177729 EXECUTOR - Initialization of module TC_26_8_1_3_4_4 finished.
2026/Jun/10 10:19:51.177735 EXECUTOR - Initializing module TC_26_8_1_3_4_5.
2026/Jun/10 10:19:51.177745 EXECUTOR - Initialization of module TC_26_8_1_3_4_5 finished.
2026/Jun/10 10:19:51.177752 EXECUTOR - Initializing module TC_26_8_1_3_4_6.
2026/Jun/10 10:19:51.177763 EXECUTOR - Initialization of module TC_26_8_1_3_4_6 finished.
2026/Jun/10 10:19:51.177769 EXECUTOR - Initializing module TC_26_8_1_3_4_7.
2026/Jun/10 10:19:51.177779 EXECUTOR - Initialization of module TC_26_8_1_3_4_7 finished.
2026/Jun/10 10:19:51.177785 EXECUTOR - Initializing module TC_26_8_1_3_4_8.
2026/Jun/10 10:19:51.177796 EXECUTOR - Initialization of module TC_26_8_1_3_4_8 finished.
2026/Jun/10 10:19:51.177802 EXECUTOR - Initializing module TC_26_8_1_3_5_1.
2026/Jun/10 10:19:51.177813 EXECUTOR - Initialization of module TC_26_8_1_3_5_1 finished.
2026/Jun/10 10:19:51.177819 EXECUTOR - Initializing module TC_26_8_1_3_5_2.
2026/Jun/10 10:19:51.177842 EXECUTOR - Initialization of module TC_26_8_1_3_5_2 finished.
2026/Jun/10 10:19:51.177848 EXECUTOR - Initializing module TC_26_8_1_3_5_3.
2026/Jun/10 10:19:51.177859 EXECUTOR - Initialization of module TC_26_8_1_3_5_3 finished.
2026/Jun/10 10:19:51.177865 EXECUTOR - Initializing module TC_26_8_1_3_5_4.
2026/Jun/10 10:19:51.177881 EXECUTOR - Initialization of module TC_26_8_1_3_5_4 finished.
2026/Jun/10 10:19:51.177888 EXECUTOR - Initializing module TC_26_8_1_3_5_5.
2026/Jun/10 10:19:51.177898 EXECUTOR - Initialization of module TC_26_8_1_3_5_5 finished.
2026/Jun/10 10:19:51.177904 EXECUTOR - Initializing module TC_26_8_1_3_5_6.
2026/Jun/10 10:19:51.177915 EXECUTOR - Initialization of module TC_26_8_1_3_5_6 finished.
2026/Jun/10 10:19:51.177921 EXECUTOR - Initializing module TC_26_8_1_3_5_7.
2026/Jun/10 10:19:51.177931 EXECUTOR - Initialization of module TC_26_8_1_3_5_7 finished.
2026/Jun/10 10:19:51.177937 EXECUTOR - Initializing module TC_26_8_1_3_5_8.
2026/Jun/10 10:19:51.177948 EXECUTOR - Initialization of module TC_26_8_1_3_5_8 finished.
2026/Jun/10 10:19:51.177954 EXECUTOR - Initializing module TC_26_8_1_3_5_9.
2026/Jun/10 10:19:51.177965 EXECUTOR - Initialization of module TC_26_8_1_3_5_9 finished.
2026/Jun/10 10:19:51.177971 EXECUTOR - Initializing module TC_26_8_2_1.
2026/Jun/10 10:19:51.177982 EXECUTOR - Initialization of module TC_26_8_2_1 finished.
2026/Jun/10 10:19:51.177988 EXECUTOR - Initializing module TC_26_8_2_2.
2026/Jun/10 10:19:51.178000 EXECUTOR - Initialization of module TC_26_8_2_2 finished.
2026/Jun/10 10:19:51.178006 EXECUTOR - Initializing module TC_26_8_2_3.
2026/Jun/10 10:19:51.178016 EXECUTOR - Initialization of module TC_26_8_2_3 finished.
2026/Jun/10 10:19:51.178022 EXECUTOR - Initializing module TC_26_8_3.
2026/Jun/10 10:19:51.178033 EXECUTOR - Initialization of module TC_26_8_3 finished.
2026/Jun/10 10:19:51.178039 EXECUTOR - Initializing module TC_34_2_2.
2026/Jun/10 10:19:51.178049 EXECUTOR - Initialization of module TC_34_2_2 finished.
2026/Jun/10 10:19:51.178055 EXECUTOR - Initializing module TitanLoggerApi.
2026/Jun/10 10:19:51.178061 EXECUTOR - Initialization of module TitanLoggerApi finished.
2026/Jun/10 10:19:51.178067 EXECUTOR - Initializing module TitanLoggerControl.
2026/Jun/10 10:19:51.178073 EXECUTOR - Initialization of module TitanLoggerControl finished.
2026/Jun/10 10:19:51.178096 EXECUTOR - Configuration data was processed successfully.
2026/Jun/10 10:19:51.180348 EXECUTOR - MTC was created. Process id: 39.
2026/Jun/10 10:22:13.507530 EXECUTOR - Exit was requested from MC. Terminating HC.
2026/Jun/10 10:22:13.507759 EXECUTOR - Disconnected from MC.
2026/Jun/10 10:22:13.507802 EXECUTOR - TTCN-3 Host Controller finished.
