2026/Jun/23 10:48:18.470357 EXECUTOR - TTCN-3 Host Controller started on ttcn3-tc-26-6-8-2-1-k6jgz. Version: 11.1.0.
2026/Jun/23 10:48:18.470521 EXECUTOR - TTCN Logger v2.2 options: TimeStampFormat:=DateTime; LogEntityName:=No; LogEventTypes:=Yes; SourceInfoFormat:=Single; LogSensitiveData:=No; *.FileMask:=LOG_ALL | MATCHING | DEBUG; *.ConsoleMask:=LOG_ALL; LogFileSize:=0; LogFileNumber:=1; DiskFullAction:=Error
2026/Jun/23 10:48:18.470533 EXECUTOR - Maximum number of open file descriptors: 1048576,   FD_SETSIZE = 1024
2026/Jun/23 10:48:18.470661 WARNING - Warning: The address of MC was set to a local IP address. This may cause incorrect behavior if a HC from a remote host also connects to MC.
2026/Jun/23 10:48:18.470699 EXECUTOR - The address of MC was set to 127.0.0.1:0.
2026/Jun/23 10:48:18.470865 EXECUTOR - Connected to MC.
2026/Jun/23 10:48:18.470966 EXECUTOR - This host supports UNIX domain sockets for local communication.
2026/Jun/23 10:48:18.471140 EXECUTOR - Processing configuration data received from MC.
2026/Jun/23 10:48:18.471379 WARNING - Warning: Skeleton `/results/TC_26_6_8_2-2026-06-23-104817/%n.log' does not guarantee unique log file name for every test system process. It may cause unpredictable results if several test components try to write into the same log file.
2026/Jun/23 10:48:18.482065 EXECUTOR - Module GSM_Constants has the following parameters: { TSPC_Serv_TS11 := true, TSPC_Serv_TS61 := false, TSPC_Serv_TS62 := false, TSPC_Serv_BS21 := false, TSPC_Serv_BS22 := false, TSPC_Serv_BS24 := false, TSPC_Serv_BS25 := false, TSPC_Serv_BS26 := false, TSPC_Serv_BS31 := false, TSPC_Serv_BS32 := false, TSPC_Serv_BS33 := false, TSPC_Serv_BS34 := false, TSPC_Serv_BS41 := false, TSPC_Serv_BS42 := false, TSPC_Serv_BS43 := false, TSPC_Serv_BS44 := false, TSPC_Serv_BS45 := false, TSPC_Serv_BS51 := false, TSPC_Serv_BS61 := false, TSPC_Serv_BS81 := false, TSPC_DualRate := false, TSPC_MTsvc := true, TSPX_IMSI := '901700000000001F'O, TSPX_TMSI := '1914D97F'O, TSPX_CKSNDef := 0, TSPX_RANDDef := '00112233445566778899AABBCCDDEEFF'O, TSPX_SRES := '12345678'O, TSPX_Kc := '0000000000000000'O, TSPX_SDCCH4SubDef := 0, TSPX_TmSltDef := 0, TSPX_TscDef := 7, TSPX_TCHHSubDef := 0, TCV_CC := true, TSPX_Telephony_Rate := C_Full (0), TSPX_MOBscSvcA := C_Telephony (0), TSPX_MOBscSvcB := C_Telephony (0), TSPX_MOBscSvcC := C_Telephony (0), TSPX_MOBscSvcD := C_Telephony (0), TSPX_MOBscSvcE := C_Telephony (0), TSPX_MOBscSvcF := C_Telephony (0), TSPX_MOBscSvcG := C_Telephony (0), TSPX_MOChRateA := C_Full (0), TSPX_MOChRateB := C_Full (0), TSPX_MOChRateC := C_Full (0), TSPX_MOChRateD := C_Full (0), TSPX_MOChRateE := C_Full (0), TSPX_MOChRateF := C_Full (0), TSPX_MOChRateG := C_Full (0), TSPX_MTBscSvcA := C_Telephony (0), TSPX_MTBscSvcB := C_Telephony (0), TSPX_MTBscSvcC := C_Telephony (0), TSPX_MTBscSvcD := C_Telephony (0), TSPX_MTBscSvcE := C_Telephony (0), TSPX_MTBscSvcF := C_Telephony (0), TSPX_MTBscSvcG := C_Telephony (0), TSPX_MTBscSvcH := C_Telephony (0), TSPX_MTBscSvcI := C_Telephony (0), TSPX_MTBscSvcJ := C_Telephony (0), TSPX_MTChRateA := C_Full (0), TSPX_MTChRateB := C_Full (0), TSPX_MTChRateC := C_Full (0), TSPX_MTChRateD := C_Full (0), TSPX_MTChRateE := C_Full (0), TSPX_MTChRateF := C_Full (0), TSPX_MTChRateG := C_Full (0), TSPX_MTChRateH := C_Full (0), TSPX_MTChRateI := C_Full (0), TSPX_MTChRateJ := C_Full (0), C_arfcnA := 100 }
2026/Jun/23 10:48:18.482160 EXECUTOR - Module TC_26_6_1_2 has the following parameters: { TSPX_nPara := 3, TSPX_i1Para := 3, TSPX_kPara := 5, TSPX_i2Para := 1, TSPX_rPara := 4, TSPX_i3Para := 4 }
2026/Jun/23 10:48:18.482203 EXECUTOR - Initializing module GSM_Component_Definitions.
2026/Jun/23 10:48:18.482214 EXECUTOR GSM_Component_Definitions.ttcn3:0 Initializing module GSM_Templates.
2026/Jun/23 10:48:18.482235 EXECUTOR GSM_Templates.ttcn3:0 Initializing module GSM_Constants.
2026/Jun/23 10:48:18.482242 EXECUTOR GSM_Constants.ttcn3:0 Initializing module GSM_Types.
2026/Jun/23 10:48:18.482247 EXECUTOR GSM_Constants.ttcn3:0 Initialization of module GSM_Types finished.
2026/Jun/23 10:48:18.482251 EXECUTOR GSM_Templates.ttcn3:0 Initialization of module GSM_Constants finished.
2026/Jun/23 10:48:18.482353 EXECUTOR GSM_Component_Definitions.ttcn3:0 Initialization of module GSM_Templates finished.
2026/Jun/23 10:48:18.482361 EXECUTOR - Initialization of module GSM_Component_Definitions finished.
2026/Jun/23 10:48:18.482365 EXECUTOR - Initializing module GSM_Functions.
2026/Jun/23 10:48:18.482394 EXECUTOR - Initialization of module GSM_Functions finished.
2026/Jun/23 10:48:18.482399 EXECUTOR - Initializing module PreGenRecordOf.
2026/Jun/23 10:48:18.482403 EXECUTOR - Initialization of module PreGenRecordOf finished.
2026/Jun/23 10:48:18.482407 EXECUTOR - Initializing module TC_26_2_1_3.
2026/Jun/23 10:48:18.482415 EXECUTOR - Initialization of module TC_26_2_1_3 finished.
2026/Jun/23 10:48:18.482418 EXECUTOR - Initializing module TC_26_2_2.
2026/Jun/23 10:48:18.482426 EXECUTOR - Initialization of module TC_26_2_2 finished.
2026/Jun/23 10:48:18.482430 EXECUTOR - Initializing module TC_26_2_3.
2026/Jun/23 10:48:18.482437 EXECUTOR - Initialization of module TC_26_2_3 finished.
2026/Jun/23 10:48:18.482442 EXECUTOR - Initializing module TC_26_6_11_1.
2026/Jun/23 10:48:18.482448 EXECUTOR - Initialization of module TC_26_6_11_1 finished.
2026/Jun/23 10:48:18.482453 EXECUTOR - Initializing module TC_26_6_11_2.
2026/Jun/23 10:48:18.482460 EXECUTOR - Initialization of module TC_26_6_11_2 finished.
2026/Jun/23 10:48:18.482464 EXECUTOR - Initializing module TC_26_6_12_1.
2026/Jun/23 10:48:18.482471 EXECUTOR - Initialization of module TC_26_6_12_1 finished.
2026/Jun/23 10:48:18.482475 EXECUTOR - Initializing module TC_26_6_12_2.
2026/Jun/23 10:48:18.482482 EXECUTOR - Initialization of module TC_26_6_12_2 finished.
2026/Jun/23 10:48:18.482487 EXECUTOR - Initializing module TC_26_6_12_3.
2026/Jun/23 10:48:18.482493 EXECUTOR - Initialization of module TC_26_6_12_3 finished.
2026/Jun/23 10:48:18.482498 EXECUTOR - Initializing module TC_26_6_12_4.
2026/Jun/23 10:48:18.482505 EXECUTOR - Initialization of module TC_26_6_12_4 finished.
2026/Jun/23 10:48:18.482509 EXECUTOR - Initializing module TC_26_6_13_10.
2026/Jun/23 10:48:18.482516 EXECUTOR - Initialization of module TC_26_6_13_10 finished.
2026/Jun/23 10:48:18.482521 EXECUTOR - Initializing module TC_26_6_13_9.
2026/Jun/23 10:48:18.482528 EXECUTOR - Initialization of module TC_26_6_13_9 finished.
2026/Jun/23 10:48:18.482532 EXECUTOR - Initializing module TC_26_6_1_1.
2026/Jun/23 10:48:18.482539 EXECUTOR - Initialization of module TC_26_6_1_1 finished.
2026/Jun/23 10:48:18.482547 EXECUTOR - Initializing module TC_26_6_1_2.
2026/Jun/23 10:48:18.482554 EXECUTOR - Initialization of module TC_26_6_1_2 finished.
2026/Jun/23 10:48:18.482558 EXECUTOR - Initializing module TC_26_6_1_3.
2026/Jun/23 10:48:18.482565 EXECUTOR - Initialization of module TC_26_6_1_3 finished.
2026/Jun/23 10:48:18.482568 EXECUTOR - Initializing module TC_26_6_1_4.
2026/Jun/23 10:48:18.482575 EXECUTOR - Initialization of module TC_26_6_1_4 finished.
2026/Jun/23 10:48:18.482578 EXECUTOR - Initializing module TC_26_6_1_5.
2026/Jun/23 10:48:18.482585 EXECUTOR - Initialization of module TC_26_6_1_5 finished.
2026/Jun/23 10:48:18.482588 EXECUTOR - Initializing module TC_26_6_2_1_1.
2026/Jun/23 10:48:18.482594 EXECUTOR - Initialization of module TC_26_6_2_1_1 finished.
2026/Jun/23 10:48:18.482598 EXECUTOR - Initializing module TC_26_6_2_1_2.
2026/Jun/23 10:48:18.482606 EXECUTOR - Initialization of module TC_26_6_2_1_2 finished.
2026/Jun/23 10:48:18.482609 EXECUTOR - Initializing module TC_26_6_2_1_3.
2026/Jun/23 10:48:18.482616 EXECUTOR - Initialization of module TC_26_6_2_1_3 finished.
2026/Jun/23 10:48:18.482620 EXECUTOR - Initializing module TC_26_6_2_2.
2026/Jun/23 10:48:18.482626 EXECUTOR - Initialization of module TC_26_6_2_2 finished.
2026/Jun/23 10:48:18.482630 EXECUTOR - Initializing module TC_26_6_2_3_1.
2026/Jun/23 10:48:18.482637 EXECUTOR - Initialization of module TC_26_6_2_3_1 finished.
2026/Jun/23 10:48:18.482641 EXECUTOR - Initializing module TC_26_6_2_3_2.
2026/Jun/23 10:48:18.482647 EXECUTOR - Initialization of module TC_26_6_2_3_2 finished.
2026/Jun/23 10:48:18.482655 EXECUTOR - Initializing module TC_26_6_2_4.
2026/Jun/23 10:48:18.482662 EXECUTOR - Initialization of module TC_26_6_2_4 finished.
2026/Jun/23 10:48:18.482668 EXECUTOR - Initializing module TC_26_6_3_1.
2026/Jun/23 10:48:18.482675 EXECUTOR - Initialization of module TC_26_6_3_1 finished.
2026/Jun/23 10:48:18.482680 EXECUTOR - Initializing module TC_26_6_3_4.
2026/Jun/23 10:48:18.482688 EXECUTOR - Initialization of module TC_26_6_3_4 finished.
2026/Jun/23 10:48:18.482693 EXECUTOR - Initializing module TC_26_6_4_1.
2026/Jun/23 10:48:18.482700 EXECUTOR - Initialization of module TC_26_6_4_1 finished.
2026/Jun/23 10:48:18.482703 EXECUTOR - Initializing module TC_26_6_4_2_2.
2026/Jun/23 10:48:18.482710 EXECUTOR - Initialization of module TC_26_6_4_2_2 finished.
2026/Jun/23 10:48:18.482714 EXECUTOR - Initializing module TC_26_6_5_1.
2026/Jun/23 10:48:18.482721 EXECUTOR - Initialization of module TC_26_6_5_1 finished.
2026/Jun/23 10:48:18.482725 EXECUTOR - Initializing module TC_26_6_5_2_1.
2026/Jun/23 10:48:18.482731 EXECUTOR - Initialization of module TC_26_6_5_2_1 finished.
2026/Jun/23 10:48:18.482735 EXECUTOR - Initializing module TC_26_6_8_1.
2026/Jun/23 10:48:18.482742 EXECUTOR - Initialization of module TC_26_6_8_1 finished.
2026/Jun/23 10:48:18.482747 EXECUTOR - Initializing module TC_26_6_8_2.
2026/Jun/23 10:48:18.482754 EXECUTOR - Initialization of module TC_26_6_8_2 finished.
2026/Jun/23 10:48:18.482760 EXECUTOR - Initializing module TC_26_6_8_3.
2026/Jun/23 10:48:18.482768 EXECUTOR - Initialization of module TC_26_6_8_3 finished.
2026/Jun/23 10:48:18.482772 EXECUTOR - Initializing module TC_26_6_8_4.
2026/Jun/23 10:48:18.482780 EXECUTOR - Initialization of module TC_26_6_8_4 finished.
2026/Jun/23 10:48:18.482785 EXECUTOR - Initializing module TC_26_6_8_5.
2026/Jun/23 10:48:18.482792 EXECUTOR - Initialization of module TC_26_6_8_5 finished.
2026/Jun/23 10:48:18.482795 EXECUTOR - Initializing module TC_26_7_1.
2026/Jun/23 10:48:18.482801 EXECUTOR - Initialization of module TC_26_7_1 finished.
2026/Jun/23 10:48:18.482805 EXECUTOR - Initializing module TC_26_7_2_1.
2026/Jun/23 10:48:18.482811 EXECUTOR - Initialization of module TC_26_7_2_1 finished.
2026/Jun/23 10:48:18.482818 EXECUTOR - Initializing module TC_26_7_2_2.
2026/Jun/23 10:48:18.482837 EXECUTOR - Initialization of module TC_26_7_2_2 finished.
2026/Jun/23 10:48:18.482844 EXECUTOR - Initializing module TC_26_7_3_1.
2026/Jun/23 10:48:18.482850 EXECUTOR - Initialization of module TC_26_7_3_1 finished.
2026/Jun/23 10:48:18.482854 EXECUTOR - Initializing module TC_26_7_3_2.
2026/Jun/23 10:48:18.482862 EXECUTOR - Initialization of module TC_26_7_3_2 finished.
2026/Jun/23 10:48:18.482867 EXECUTOR - Initializing module TC_26_7_4_1.
2026/Jun/23 10:48:18.482874 EXECUTOR - Initialization of module TC_26_7_4_1 finished.
2026/Jun/23 10:48:18.482880 EXECUTOR - Initializing module TC_26_7_4_2_1.
2026/Jun/23 10:48:18.482887 EXECUTOR - Initialization of module TC_26_7_4_2_1 finished.
2026/Jun/23 10:48:18.482892 EXECUTOR - Initializing module TC_26_7_4_2_2_1.
2026/Jun/23 10:48:18.482901 EXECUTOR - Initialization of module TC_26_7_4_2_2_1 finished.
2026/Jun/23 10:48:18.482907 EXECUTOR - Initializing module TC_26_7_4_2_2_2.
2026/Jun/23 10:48:18.482913 EXECUTOR - Initialization of module TC_26_7_4_2_2_2 finished.
2026/Jun/23 10:48:18.482917 EXECUTOR - Initializing module TC_26_7_4_2_3.
2026/Jun/23 10:48:18.482926 EXECUTOR - Initialization of module TC_26_7_4_2_3 finished.
2026/Jun/23 10:48:18.482930 EXECUTOR - Initializing module TC_26_7_4_2_4_1.
2026/Jun/23 10:48:18.482939 EXECUTOR - Initialization of module TC_26_7_4_2_4_1 finished.
2026/Jun/23 10:48:18.482945 EXECUTOR - Initializing module TC_26_7_4_2_4_2.
2026/Jun/23 10:48:18.482951 EXECUTOR - Initialization of module TC_26_7_4_2_4_2 finished.
2026/Jun/23 10:48:18.482956 EXECUTOR - Initializing module TC_26_7_4_2_4_3.
2026/Jun/23 10:48:18.482964 EXECUTOR - Initialization of module TC_26_7_4_2_4_3 finished.
2026/Jun/23 10:48:18.482975 EXECUTOR - Initializing module TC_26_7_4_2_4_4.
2026/Jun/23 10:48:18.482986 EXECUTOR - Initialization of module TC_26_7_4_2_4_4 finished.
2026/Jun/23 10:48:18.482990 EXECUTOR - Initializing module TC_26_7_4_2_4_5.
2026/Jun/23 10:48:18.482997 EXECUTOR - Initialization of module TC_26_7_4_2_4_5 finished.
2026/Jun/23 10:48:18.483001 EXECUTOR - Initializing module TC_26_7_4_3_1.
2026/Jun/23 10:48:18.483007 EXECUTOR - Initialization of module TC_26_7_4_3_1 finished.
2026/Jun/23 10:48:18.483011 EXECUTOR - Initializing module TC_26_7_4_3_2.
2026/Jun/23 10:48:18.483018 EXECUTOR - Initialization of module TC_26_7_4_3_2 finished.
2026/Jun/23 10:48:18.483021 EXECUTOR - Initializing module TC_26_7_4_3_3.
2026/Jun/23 10:48:18.483028 EXECUTOR - Initialization of module TC_26_7_4_3_3 finished.
2026/Jun/23 10:48:18.483032 EXECUTOR - Initializing module TC_26_7_4_3_4.
2026/Jun/23 10:48:18.483039 EXECUTOR - Initialization of module TC_26_7_4_3_4 finished.
2026/Jun/23 10:48:18.483043 EXECUTOR - Initializing module TC_26_7_4_4.
2026/Jun/23 10:48:18.483049 EXECUTOR - Initialization of module TC_26_7_4_4 finished.
2026/Jun/23 10:48:18.483053 EXECUTOR - Initializing module TC_26_7_4_5_1.
2026/Jun/23 10:48:18.483060 EXECUTOR - Initialization of module TC_26_7_4_5_1 finished.
2026/Jun/23 10:48:18.483064 EXECUTOR - Initializing module TC_26_7_4_5_2.
2026/Jun/23 10:48:18.483070 EXECUTOR - Initialization of module TC_26_7_4_5_2 finished.
2026/Jun/23 10:48:18.483074 EXECUTOR - Initializing module TC_26_7_4_5_3.
2026/Jun/23 10:48:18.483080 EXECUTOR - Initialization of module TC_26_7_4_5_3 finished.
2026/Jun/23 10:48:18.483084 EXECUTOR - Initializing module TC_26_7_4_5_4_2.
2026/Jun/23 10:48:18.483092 EXECUTOR - Initialization of module TC_26_7_4_5_4_2 finished.
2026/Jun/23 10:48:18.483095 EXECUTOR - Initializing module TC_26_7_5_2.
2026/Jun/23 10:48:18.483102 EXECUTOR - Initialization of module TC_26_7_5_2 finished.
2026/Jun/23 10:48:18.483106 EXECUTOR - Initializing module TC_26_7_5_3.
2026/Jun/23 10:48:18.483112 EXECUTOR - Initialization of module TC_26_7_5_3 finished.
2026/Jun/23 10:48:18.483115 EXECUTOR - Initializing module TC_26_7_5_4.
2026/Jun/23 10:48:18.483122 EXECUTOR - Initialization of module TC_26_7_5_4 finished.
2026/Jun/23 10:48:18.483125 EXECUTOR - Initializing module TC_26_7_5_5.
2026/Jun/23 10:48:18.483132 EXECUTOR - Initialization of module TC_26_7_5_5 finished.
2026/Jun/23 10:48:18.483135 EXECUTOR - Initializing module TC_26_7_5_6.
2026/Jun/23 10:48:18.483142 EXECUTOR - Initialization of module TC_26_7_5_6 finished.
2026/Jun/23 10:48:18.483146 EXECUTOR - Initializing module TC_26_7_5_7_1.
2026/Jun/23 10:48:18.483152 EXECUTOR - Initialization of module TC_26_7_5_7_1 finished.
2026/Jun/23 10:48:18.483156 EXECUTOR - Initializing module TC_26_7_5_8_1.
2026/Jun/23 10:48:18.483162 EXECUTOR - Initialization of module TC_26_7_5_8_1 finished.
2026/Jun/23 10:48:18.483166 EXECUTOR - Initializing module TC_26_7_5_8_2.
2026/Jun/23 10:48:18.483172 EXECUTOR - Initialization of module TC_26_7_5_8_2 finished.
2026/Jun/23 10:48:18.483175 EXECUTOR - Initializing module TC_26_7_5_8_3.
2026/Jun/23 10:48:18.483181 EXECUTOR - Initialization of module TC_26_7_5_8_3 finished.
2026/Jun/23 10:48:18.483185 EXECUTOR - Initializing module TC_26_8_1_2_1_1.
2026/Jun/23 10:48:18.483192 EXECUTOR - Initialization of module TC_26_8_1_2_1_1 finished.
2026/Jun/23 10:48:18.483195 EXECUTOR - Initializing module TC_26_8_1_2_2_1.
2026/Jun/23 10:48:18.483201 EXECUTOR - Initialization of module TC_26_8_1_2_2_1 finished.
2026/Jun/23 10:48:18.483205 EXECUTOR - Initializing module TC_26_8_1_2_2_2.
2026/Jun/23 10:48:18.483211 EXECUTOR - Initialization of module TC_26_8_1_2_2_2 finished.
2026/Jun/23 10:48:18.483215 EXECUTOR - Initializing module TC_26_8_1_2_2_3.
2026/Jun/23 10:48:18.483221 EXECUTOR - Initialization of module TC_26_8_1_2_2_3 finished.
2026/Jun/23 10:48:18.483225 EXECUTOR - Initializing module TC_26_8_1_2_3_1.
2026/Jun/23 10:48:18.483231 EXECUTOR - Initialization of module TC_26_8_1_2_3_1 finished.
2026/Jun/23 10:48:18.483234 EXECUTOR - Initializing module TC_26_8_1_2_3_2.
2026/Jun/23 10:48:18.483240 EXECUTOR - Initialization of module TC_26_8_1_2_3_2 finished.
2026/Jun/23 10:48:18.483246 EXECUTOR - Initializing module TC_26_8_1_2_3_3.
2026/Jun/23 10:48:18.483254 EXECUTOR - Initialization of module TC_26_8_1_2_3_3 finished.
2026/Jun/23 10:48:18.483258 EXECUTOR - Initializing module TC_26_8_1_2_3_4.
2026/Jun/23 10:48:18.483264 EXECUTOR - Initialization of module TC_26_8_1_2_3_4 finished.
2026/Jun/23 10:48:18.483267 EXECUTOR - Initializing module TC_26_8_1_2_3_5.
2026/Jun/23 10:48:18.483274 EXECUTOR - Initialization of module TC_26_8_1_2_3_5 finished.
2026/Jun/23 10:48:18.483278 EXECUTOR - Initializing module TC_26_8_1_2_3_6.
2026/Jun/23 10:48:18.483285 EXECUTOR - Initialization of module TC_26_8_1_2_3_6 finished.
2026/Jun/23 10:48:18.483288 EXECUTOR - Initializing module TC_26_8_1_2_3_7.
2026/Jun/23 10:48:18.483294 EXECUTOR - Initialization of module TC_26_8_1_2_3_7 finished.
2026/Jun/23 10:48:18.483298 EXECUTOR - Initializing module TC_26_8_1_2_4_1.
2026/Jun/23 10:48:18.483304 EXECUTOR - Initialization of module TC_26_8_1_2_4_1 finished.
2026/Jun/23 10:48:18.483308 EXECUTOR - Initializing module TC_26_8_1_2_4_13.
2026/Jun/23 10:48:18.483314 EXECUTOR - Initialization of module TC_26_8_1_2_4_13 finished.
2026/Jun/23 10:48:18.483319 EXECUTOR - Initializing module TC_26_8_1_2_4_2.
2026/Jun/23 10:48:18.483326 EXECUTOR - Initialization of module TC_26_8_1_2_4_2 finished.
2026/Jun/23 10:48:18.483330 EXECUTOR - Initializing module TC_26_8_1_2_4_3.
2026/Jun/23 10:48:18.483337 EXECUTOR - Initialization of module TC_26_8_1_2_4_3 finished.
2026/Jun/23 10:48:18.483340 EXECUTOR - Initializing module TC_26_8_1_2_4_4.
2026/Jun/23 10:48:18.483347 EXECUTOR - Initialization of module TC_26_8_1_2_4_4 finished.
2026/Jun/23 10:48:18.483351 EXECUTOR - Initializing module TC_26_8_1_2_4_5.
2026/Jun/23 10:48:18.483358 EXECUTOR - Initialization of module TC_26_8_1_2_4_5 finished.
2026/Jun/23 10:48:18.483361 EXECUTOR - Initializing module TC_26_8_1_2_6_1.
2026/Jun/23 10:48:18.483368 EXECUTOR - Initialization of module TC_26_8_1_2_6_1 finished.
2026/Jun/23 10:48:18.483372 EXECUTOR - Initializing module TC_26_8_1_2_6_2.
2026/Jun/23 10:48:18.483379 EXECUTOR - Initialization of module TC_26_8_1_2_6_2 finished.
2026/Jun/23 10:48:18.483383 EXECUTOR - Initializing module TC_26_8_1_2_6_3.
2026/Jun/23 10:48:18.483390 EXECUTOR - Initialization of module TC_26_8_1_2_6_3 finished.
2026/Jun/23 10:48:18.483403 EXECUTOR - Initializing module TC_26_8_1_2_6_6.
2026/Jun/23 10:48:18.483410 EXECUTOR - Initialization of module TC_26_8_1_2_6_6 finished.
2026/Jun/23 10:48:18.483414 EXECUTOR - Initializing module TC_26_8_1_3_1_1.
2026/Jun/23 10:48:18.483420 EXECUTOR - Initialization of module TC_26_8_1_3_1_1 finished.
2026/Jun/23 10:48:18.483423 EXECUTOR - Initializing module TC_26_8_1_3_2_1.
2026/Jun/23 10:48:18.483430 EXECUTOR - Initialization of module TC_26_8_1_3_2_1 finished.
2026/Jun/23 10:48:18.483434 EXECUTOR - Initializing module TC_26_8_1_3_3_1.
2026/Jun/23 10:48:18.483440 EXECUTOR - Initialization of module TC_26_8_1_3_3_1 finished.
2026/Jun/23 10:48:18.483444 EXECUTOR - Initializing module TC_26_8_1_3_3_2.
2026/Jun/23 10:48:18.483451 EXECUTOR - Initialization of module TC_26_8_1_3_3_2 finished.
2026/Jun/23 10:48:18.483454 EXECUTOR - Initializing module TC_26_8_1_3_3_3.
2026/Jun/23 10:48:18.483460 EXECUTOR - Initialization of module TC_26_8_1_3_3_3 finished.
2026/Jun/23 10:48:18.483464 EXECUTOR - Initializing module TC_26_8_1_3_3_4.
2026/Jun/23 10:48:18.483470 EXECUTOR - Initialization of module TC_26_8_1_3_3_4 finished.
2026/Jun/23 10:48:18.483474 EXECUTOR - Initializing module TC_26_8_1_3_3_5.
2026/Jun/23 10:48:18.483480 EXECUTOR - Initialization of module TC_26_8_1_3_3_5 finished.
2026/Jun/23 10:48:18.483484 EXECUTOR - Initializing module TC_26_8_1_3_3_6.
2026/Jun/23 10:48:18.483491 EXECUTOR - Initialization of module TC_26_8_1_3_3_6 finished.
2026/Jun/23 10:48:18.483495 EXECUTOR - Initializing module TC_26_8_1_3_3_7.
2026/Jun/23 10:48:18.483501 EXECUTOR - Initialization of module TC_26_8_1_3_3_7 finished.
2026/Jun/23 10:48:18.483505 EXECUTOR - Initializing module TC_26_8_1_3_4_1.
2026/Jun/23 10:48:18.483518 EXECUTOR - Initialization of module TC_26_8_1_3_4_1 finished.
2026/Jun/23 10:48:18.483522 EXECUTOR - Initializing module TC_26_8_1_3_4_2.
2026/Jun/23 10:48:18.483529 EXECUTOR - Initialization of module TC_26_8_1_3_4_2 finished.
2026/Jun/23 10:48:18.483532 EXECUTOR - Initializing module TC_26_8_1_3_4_3.
2026/Jun/23 10:48:18.483538 EXECUTOR - Initialization of module TC_26_8_1_3_4_3 finished.
2026/Jun/23 10:48:18.483541 EXECUTOR - Initializing module TC_26_8_1_3_4_4.
2026/Jun/23 10:48:18.483548 EXECUTOR - Initialization of module TC_26_8_1_3_4_4 finished.
2026/Jun/23 10:48:18.483551 EXECUTOR - Initializing module TC_26_8_1_3_4_5.
2026/Jun/23 10:48:18.483558 EXECUTOR - Initialization of module TC_26_8_1_3_4_5 finished.
2026/Jun/23 10:48:18.483562 EXECUTOR - Initializing module TC_26_8_1_3_4_6.
2026/Jun/23 10:48:18.483569 EXECUTOR - Initialization of module TC_26_8_1_3_4_6 finished.
2026/Jun/23 10:48:18.483576 EXECUTOR - Initializing module TC_26_8_1_3_4_7.
2026/Jun/23 10:48:18.483582 EXECUTOR - Initialization of module TC_26_8_1_3_4_7 finished.
2026/Jun/23 10:48:18.483586 EXECUTOR - Initializing module TC_26_8_1_3_4_8.
2026/Jun/23 10:48:18.483592 EXECUTOR - Initialization of module TC_26_8_1_3_4_8 finished.
2026/Jun/23 10:48:18.483595 EXECUTOR - Initializing module TC_26_8_1_3_5_1.
2026/Jun/23 10:48:18.483601 EXECUTOR - Initialization of module TC_26_8_1_3_5_1 finished.
2026/Jun/23 10:48:18.483604 EXECUTOR - Initializing module TC_26_8_1_3_5_2.
2026/Jun/23 10:48:18.483611 EXECUTOR - Initialization of module TC_26_8_1_3_5_2 finished.
2026/Jun/23 10:48:18.483615 EXECUTOR - Initializing module TC_26_8_1_3_5_3.
2026/Jun/23 10:48:18.483621 EXECUTOR - Initialization of module TC_26_8_1_3_5_3 finished.
2026/Jun/23 10:48:18.483624 EXECUTOR - Initializing module TC_26_8_1_3_5_4.
2026/Jun/23 10:48:18.483630 EXECUTOR - Initialization of module TC_26_8_1_3_5_4 finished.
2026/Jun/23 10:48:18.483634 EXECUTOR - Initializing module TC_26_8_1_3_5_5.
2026/Jun/23 10:48:18.483640 EXECUTOR - Initialization of module TC_26_8_1_3_5_5 finished.
2026/Jun/23 10:48:18.483643 EXECUTOR - Initializing module TC_26_8_1_3_5_6.
2026/Jun/23 10:48:18.483649 EXECUTOR - Initialization of module TC_26_8_1_3_5_6 finished.
2026/Jun/23 10:48:18.483653 EXECUTOR - Initializing module TC_26_8_1_3_5_7.
2026/Jun/23 10:48:18.483660 EXECUTOR - Initialization of module TC_26_8_1_3_5_7 finished.
2026/Jun/23 10:48:18.483663 EXECUTOR - Initializing module TC_26_8_1_3_5_8.
2026/Jun/23 10:48:18.483669 EXECUTOR - Initialization of module TC_26_8_1_3_5_8 finished.
2026/Jun/23 10:48:18.483673 EXECUTOR - Initializing module TC_26_8_1_3_5_9.
2026/Jun/23 10:48:18.483679 EXECUTOR - Initialization of module TC_26_8_1_3_5_9 finished.
2026/Jun/23 10:48:18.483682 EXECUTOR - Initializing module TC_26_8_2_1.
2026/Jun/23 10:48:18.483689 EXECUTOR - Initialization of module TC_26_8_2_1 finished.
2026/Jun/23 10:48:18.483693 EXECUTOR - Initializing module TC_26_8_2_2.
2026/Jun/23 10:48:18.483699 EXECUTOR - Initialization of module TC_26_8_2_2 finished.
2026/Jun/23 10:48:18.483703 EXECUTOR - Initializing module TC_26_8_2_3.
2026/Jun/23 10:48:18.483709 EXECUTOR - Initialization of module TC_26_8_2_3 finished.
2026/Jun/23 10:48:18.483713 EXECUTOR - Initializing module TC_26_8_3.
2026/Jun/23 10:48:18.483719 EXECUTOR - Initialization of module TC_26_8_3 finished.
2026/Jun/23 10:48:18.483722 EXECUTOR - Initializing module TC_34_2_2.
2026/Jun/23 10:48:18.483728 EXECUTOR - Initialization of module TC_34_2_2 finished.
2026/Jun/23 10:48:18.483736 EXECUTOR - Initializing module TitanLoggerApi.
2026/Jun/23 10:48:18.483739 EXECUTOR - Initialization of module TitanLoggerApi finished.
2026/Jun/23 10:48:18.483743 EXECUTOR - Initializing module TitanLoggerControl.
2026/Jun/23 10:48:18.483746 EXECUTOR - Initialization of module TitanLoggerControl finished.
2026/Jun/23 10:48:18.483754 EXECUTOR - Configuration data was processed successfully.
2026/Jun/23 10:48:18.485507 EXECUTOR - MTC was created. Process id: 39.
