2026/Jun/15 13:15:07.725977 EXECUTOR - TTCN-3 Host Controller started on ttcn3-tc-34-2-2-1-lt8rb. Version: 11.1.0.
2026/Jun/15 13:15:07.726130 EXECUTOR - TTCN Logger v2.2 options: TimeStampFormat:=DateTime; LogEntityName:=No; LogEventTypes:=Yes; SourceInfoFormat:=Single; LogSensitiveData:=No; *.FileMask:=LOG_ALL; *.ConsoleMask:=ERROR | TESTCASE | USER | VERDICTOP | WARNING; LogFileSize:=0; LogFileNumber:=1; DiskFullAction:=Error
2026/Jun/15 13:15:07.726142 EXECUTOR - Maximum number of open file descriptors: 1048576,   FD_SETSIZE = 1024
2026/Jun/15 13:15:07.726283 WARNING - Warning: The address of MC was set to a local IP address. This may cause incorrect behavior if a HC from a remote host also connects to MC.
2026/Jun/15 13:15:07.726322 EXECUTOR - The address of MC was set to 127.0.0.1:0.
2026/Jun/15 13:15:07.726444 EXECUTOR - Connected to MC.
2026/Jun/15 13:15:07.726538 EXECUTOR - This host supports UNIX domain sockets for local communication.
2026/Jun/15 13:15:07.726966 EXECUTOR - Processing configuration data received from MC.
2026/Jun/15 13:15:07.727371 WARNING - Warning: Skeleton `/results/TC_34_2_2-2026-06-15-131506/%n.log' does not guarantee unique log file name for every test system process. It may cause unpredictable results if several test components try to write into the same log file.
2026/Jun/15 13:15:07.727739 EXECUTOR - Module GSM_Constants has the following parameters: { TSPC_Serv_TS11 := true, TSPC_Serv_TS61 := false, TSPC_Serv_TS62 := false, TSPC_Serv_BS21 := false, TSPC_Serv_BS22 := false, TSPC_Serv_BS24 := false, TSPC_Serv_BS25 := false, TSPC_Serv_BS26 := false, TSPC_Serv_BS31 := false, TSPC_Serv_BS32 := false, TSPC_Serv_BS33 := false, TSPC_Serv_BS34 := false, TSPC_Serv_BS41 := false, TSPC_Serv_BS42 := false, TSPC_Serv_BS43 := false, TSPC_Serv_BS44 := false, TSPC_Serv_BS45 := false, TSPC_Serv_BS51 := false, TSPC_Serv_BS61 := false, TSPC_Serv_BS81 := false, TSPC_DualRate := false, TSPC_MTsvc := true, TSPX_IMSI := '901700000000001F'O, TSPX_TMSI := '1914D97F'O, TSPX_CKSNDef := 0, TSPX_RANDDef := '00112233445566778899AABBCCDDEEFF'O, TSPX_SRES := '12345678'O, TSPX_Kc := '0000000000000000'O, TSPX_SDCCH4SubDef := 0, TSPX_TmSltDef := 0, TSPX_TscDef := 7, TSPX_TCHHSubDef := 0, TCV_CC := true, TSPX_Telephony_Rate := C_Full (0), TSPX_MOBscSvcA := C_Telephony (0), TSPX_MOBscSvcB := C_Telephony (0), TSPX_MOBscSvcC := C_Telephony (0), TSPX_MOBscSvcD := C_Telephony (0), TSPX_MOBscSvcE := C_Telephony (0), TSPX_MOBscSvcF := C_Telephony (0), TSPX_MOBscSvcG := C_Telephony (0), TSPX_MOChRateA := C_Full (0), TSPX_MOChRateB := C_Full (0), TSPX_MOChRateC := C_Full (0), TSPX_MOChRateD := C_Full (0), TSPX_MOChRateE := C_Full (0), TSPX_MOChRateF := C_Full (0), TSPX_MOChRateG := C_Full (0), TSPX_MTBscSvcA := C_Telephony (0), TSPX_MTBscSvcB := C_Telephony (0), TSPX_MTBscSvcC := C_Telephony (0), TSPX_MTBscSvcD := C_Telephony (0), TSPX_MTBscSvcE := C_Telephony (0), TSPX_MTBscSvcF := C_Telephony (0), TSPX_MTBscSvcG := C_Telephony (0), TSPX_MTBscSvcH := C_Telephony (0), TSPX_MTBscSvcI := C_Telephony (0), TSPX_MTBscSvcJ := C_Telephony (0), TSPX_MTChRateA := C_Full (0), TSPX_MTChRateB := C_Full (0), TSPX_MTChRateC := C_Full (0), TSPX_MTChRateD := C_Full (0), TSPX_MTChRateE := C_Full (0), TSPX_MTChRateF := C_Full (0), TSPX_MTChRateG := C_Full (0), TSPX_MTChRateH := C_Full (0), TSPX_MTChRateI := C_Full (0), TSPX_MTChRateJ := C_Full (0), C_arfcnA := 100 }
2026/Jun/15 13:15:07.727842 EXECUTOR - Module TC_26_6_1_2 has the following parameters: { TSPX_nPara := 3, TSPX_i1Para := 3, TSPX_kPara := 5, TSPX_i2Para := 1, TSPX_rPara := 4, TSPX_i3Para := 4 }
2026/Jun/15 13:15:07.727885 EXECUTOR - Initializing module GSM_Component_Definitions.
2026/Jun/15 13:15:07.727895 EXECUTOR GSM_Component_Definitions.ttcn3:0 Initializing module GSM_Templates.
2026/Jun/15 13:15:07.727916 EXECUTOR GSM_Templates.ttcn3:0 Initializing module GSM_Constants.
2026/Jun/15 13:15:07.727922 EXECUTOR GSM_Constants.ttcn3:0 Initializing module GSM_Types.
2026/Jun/15 13:15:07.727925 EXECUTOR GSM_Constants.ttcn3:0 Initialization of module GSM_Types finished.
2026/Jun/15 13:15:07.727929 EXECUTOR GSM_Templates.ttcn3:0 Initialization of module GSM_Constants finished.
2026/Jun/15 13:15:07.728015 EXECUTOR GSM_Component_Definitions.ttcn3:0 Initialization of module GSM_Templates finished.
2026/Jun/15 13:15:07.728019 EXECUTOR - Initialization of module GSM_Component_Definitions finished.
2026/Jun/15 13:15:07.728022 EXECUTOR - Initializing module GSM_Functions.
2026/Jun/15 13:15:07.728050 EXECUTOR - Initialization of module GSM_Functions finished.
2026/Jun/15 13:15:07.728053 EXECUTOR - Initializing module PreGenRecordOf.
2026/Jun/15 13:15:07.728055 EXECUTOR - Initialization of module PreGenRecordOf finished.
2026/Jun/15 13:15:07.728058 EXECUTOR - Initializing module TC_26_2_1_3.
2026/Jun/15 13:15:07.728064 EXECUTOR - Initialization of module TC_26_2_1_3 finished.
2026/Jun/15 13:15:07.728066 EXECUTOR - Initializing module TC_26_2_2.
2026/Jun/15 13:15:07.728072 EXECUTOR - Initialization of module TC_26_2_2 finished.
2026/Jun/15 13:15:07.728074 EXECUTOR - Initializing module TC_26_2_3.
2026/Jun/15 13:15:07.728080 EXECUTOR - Initialization of module TC_26_2_3 finished.
2026/Jun/15 13:15:07.728083 EXECUTOR - Initializing module TC_26_6_11_1.
2026/Jun/15 13:15:07.728088 EXECUTOR - Initialization of module TC_26_6_11_1 finished.
2026/Jun/15 13:15:07.728091 EXECUTOR - Initializing module TC_26_6_11_2.
2026/Jun/15 13:15:07.728096 EXECUTOR - Initialization of module TC_26_6_11_2 finished.
2026/Jun/15 13:15:07.728099 EXECUTOR - Initializing module TC_26_6_12_1.
2026/Jun/15 13:15:07.728104 EXECUTOR - Initialization of module TC_26_6_12_1 finished.
2026/Jun/15 13:15:07.728107 EXECUTOR - Initializing module TC_26_6_12_2.
2026/Jun/15 13:15:07.728112 EXECUTOR - Initialization of module TC_26_6_12_2 finished.
2026/Jun/15 13:15:07.728115 EXECUTOR - Initializing module TC_26_6_12_3.
2026/Jun/15 13:15:07.728121 EXECUTOR - Initialization of module TC_26_6_12_3 finished.
2026/Jun/15 13:15:07.728123 EXECUTOR - Initializing module TC_26_6_12_4.
2026/Jun/15 13:15:07.728128 EXECUTOR - Initialization of module TC_26_6_12_4 finished.
2026/Jun/15 13:15:07.728131 EXECUTOR - Initializing module TC_26_6_13_10.
2026/Jun/15 13:15:07.728136 EXECUTOR - Initialization of module TC_26_6_13_10 finished.
2026/Jun/15 13:15:07.728138 EXECUTOR - Initializing module TC_26_6_13_9.
2026/Jun/15 13:15:07.728144 EXECUTOR - Initialization of module TC_26_6_13_9 finished.
2026/Jun/15 13:15:07.728146 EXECUTOR - Initializing module TC_26_6_1_1.
2026/Jun/15 13:15:07.728152 EXECUTOR - Initialization of module TC_26_6_1_1 finished.
2026/Jun/15 13:15:07.728154 EXECUTOR - Initializing module TC_26_6_1_2.
2026/Jun/15 13:15:07.728159 EXECUTOR - Initialization of module TC_26_6_1_2 finished.
2026/Jun/15 13:15:07.728162 EXECUTOR - Initializing module TC_26_6_1_3.
2026/Jun/15 13:15:07.728167 EXECUTOR - Initialization of module TC_26_6_1_3 finished.
2026/Jun/15 13:15:07.728170 EXECUTOR - Initializing module TC_26_6_1_4.
2026/Jun/15 13:15:07.728176 EXECUTOR - Initialization of module TC_26_6_1_4 finished.
2026/Jun/15 13:15:07.728178 EXECUTOR - Initializing module TC_26_6_1_5.
2026/Jun/15 13:15:07.728183 EXECUTOR - Initialization of module TC_26_6_1_5 finished.
2026/Jun/15 13:15:07.728186 EXECUTOR - Initializing module TC_26_6_2_1_1.
2026/Jun/15 13:15:07.728191 EXECUTOR - Initialization of module TC_26_6_2_1_1 finished.
2026/Jun/15 13:15:07.728193 EXECUTOR - Initializing module TC_26_6_2_1_2.
2026/Jun/15 13:15:07.728199 EXECUTOR - Initialization of module TC_26_6_2_1_2 finished.
2026/Jun/15 13:15:07.728202 EXECUTOR - Initializing module TC_26_6_2_1_3.
2026/Jun/15 13:15:07.728207 EXECUTOR - Initialization of module TC_26_6_2_1_3 finished.
2026/Jun/15 13:15:07.728210 EXECUTOR - Initializing module TC_26_6_2_2.
2026/Jun/15 13:15:07.728215 EXECUTOR - Initialization of module TC_26_6_2_2 finished.
2026/Jun/15 13:15:07.728217 EXECUTOR - Initializing module TC_26_6_2_3_1.
2026/Jun/15 13:15:07.728223 EXECUTOR - Initialization of module TC_26_6_2_3_1 finished.
2026/Jun/15 13:15:07.728225 EXECUTOR - Initializing module TC_26_6_2_3_2.
2026/Jun/15 13:15:07.728231 EXECUTOR - Initialization of module TC_26_6_2_3_2 finished.
2026/Jun/15 13:15:07.728236 EXECUTOR - Initializing module TC_26_6_2_4.
2026/Jun/15 13:15:07.728242 EXECUTOR - Initialization of module TC_26_6_2_4 finished.
2026/Jun/15 13:15:07.728244 EXECUTOR - Initializing module TC_26_6_3_1.
2026/Jun/15 13:15:07.728250 EXECUTOR - Initialization of module TC_26_6_3_1 finished.
2026/Jun/15 13:15:07.728253 EXECUTOR - Initializing module TC_26_6_3_4.
2026/Jun/15 13:15:07.728258 EXECUTOR - Initialization of module TC_26_6_3_4 finished.
2026/Jun/15 13:15:07.728261 EXECUTOR - Initializing module TC_26_6_4_1.
2026/Jun/15 13:15:07.728266 EXECUTOR - Initialization of module TC_26_6_4_1 finished.
2026/Jun/15 13:15:07.728269 EXECUTOR - Initializing module TC_26_6_4_2_2.
2026/Jun/15 13:15:07.728274 EXECUTOR - Initialization of module TC_26_6_4_2_2 finished.
2026/Jun/15 13:15:07.728277 EXECUTOR - Initializing module TC_26_6_5_1.
2026/Jun/15 13:15:07.728282 EXECUTOR - Initialization of module TC_26_6_5_1 finished.
2026/Jun/15 13:15:07.728284 EXECUTOR - Initializing module TC_26_6_5_2_1.
2026/Jun/15 13:15:07.728289 EXECUTOR - Initialization of module TC_26_6_5_2_1 finished.
2026/Jun/15 13:15:07.728292 EXECUTOR - Initializing module TC_26_6_8_1.
2026/Jun/15 13:15:07.728297 EXECUTOR - Initialization of module TC_26_6_8_1 finished.
2026/Jun/15 13:15:07.728300 EXECUTOR - Initializing module TC_26_6_8_2.
2026/Jun/15 13:15:07.728305 EXECUTOR - Initialization of module TC_26_6_8_2 finished.
2026/Jun/15 13:15:07.728307 EXECUTOR - Initializing module TC_26_6_8_3.
2026/Jun/15 13:15:07.728312 EXECUTOR - Initialization of module TC_26_6_8_3 finished.
2026/Jun/15 13:15:07.728315 EXECUTOR - Initializing module TC_26_6_8_4.
2026/Jun/15 13:15:07.728320 EXECUTOR - Initialization of module TC_26_6_8_4 finished.
2026/Jun/15 13:15:07.728322 EXECUTOR - Initializing module TC_26_6_8_5.
2026/Jun/15 13:15:07.728328 EXECUTOR - Initialization of module TC_26_6_8_5 finished.
2026/Jun/15 13:15:07.728330 EXECUTOR - Initializing module TC_26_7_1.
2026/Jun/15 13:15:07.728336 EXECUTOR - Initialization of module TC_26_7_1 finished.
2026/Jun/15 13:15:07.728338 EXECUTOR - Initializing module TC_26_7_2_1.
2026/Jun/15 13:15:07.728343 EXECUTOR - Initialization of module TC_26_7_2_1 finished.
2026/Jun/15 13:15:07.728346 EXECUTOR - Initializing module TC_26_7_2_2.
2026/Jun/15 13:15:07.728351 EXECUTOR - Initialization of module TC_26_7_2_2 finished.
2026/Jun/15 13:15:07.728354 EXECUTOR - Initializing module TC_26_7_3_1.
2026/Jun/15 13:15:07.728359 EXECUTOR - Initialization of module TC_26_7_3_1 finished.
2026/Jun/15 13:15:07.728362 EXECUTOR - Initializing module TC_26_7_3_2.
2026/Jun/15 13:15:07.728367 EXECUTOR - Initialization of module TC_26_7_3_2 finished.
2026/Jun/15 13:15:07.728369 EXECUTOR - Initializing module TC_26_7_4_1.
2026/Jun/15 13:15:07.728374 EXECUTOR - Initialization of module TC_26_7_4_1 finished.
2026/Jun/15 13:15:07.728377 EXECUTOR - Initializing module TC_26_7_4_2_1.
2026/Jun/15 13:15:07.728382 EXECUTOR - Initialization of module TC_26_7_4_2_1 finished.
2026/Jun/15 13:15:07.728384 EXECUTOR - Initializing module TC_26_7_4_2_2_1.
2026/Jun/15 13:15:07.728390 EXECUTOR - Initialization of module TC_26_7_4_2_2_1 finished.
2026/Jun/15 13:15:07.728392 EXECUTOR - Initializing module TC_26_7_4_2_2_2.
2026/Jun/15 13:15:07.728397 EXECUTOR - Initialization of module TC_26_7_4_2_2_2 finished.
2026/Jun/15 13:15:07.728400 EXECUTOR - Initializing module TC_26_7_4_2_3.
2026/Jun/15 13:15:07.728405 EXECUTOR - Initialization of module TC_26_7_4_2_3 finished.
2026/Jun/15 13:15:07.728407 EXECUTOR - Initializing module TC_26_7_4_2_4_1.
2026/Jun/15 13:15:07.728412 EXECUTOR - Initialization of module TC_26_7_4_2_4_1 finished.
2026/Jun/15 13:15:07.728415 EXECUTOR - Initializing module TC_26_7_4_2_4_2.
2026/Jun/15 13:15:07.728420 EXECUTOR - Initialization of module TC_26_7_4_2_4_2 finished.
2026/Jun/15 13:15:07.728422 EXECUTOR - Initializing module TC_26_7_4_2_4_3.
2026/Jun/15 13:15:07.728428 EXECUTOR - Initialization of module TC_26_7_4_2_4_3 finished.
2026/Jun/15 13:15:07.728430 EXECUTOR - Initializing module TC_26_7_4_2_4_4.
2026/Jun/15 13:15:07.728439 EXECUTOR - Initialization of module TC_26_7_4_2_4_4 finished.
2026/Jun/15 13:15:07.728441 EXECUTOR - Initializing module TC_26_7_4_2_4_5.
2026/Jun/15 13:15:07.728447 EXECUTOR - Initialization of module TC_26_7_4_2_4_5 finished.
2026/Jun/15 13:15:07.728449 EXECUTOR - Initializing module TC_26_7_4_3_1.
2026/Jun/15 13:15:07.728454 EXECUTOR - Initialization of module TC_26_7_4_3_1 finished.
2026/Jun/15 13:15:07.728456 EXECUTOR - Initializing module TC_26_7_4_3_2.
2026/Jun/15 13:15:07.728462 EXECUTOR - Initialization of module TC_26_7_4_3_2 finished.
2026/Jun/15 13:15:07.728464 EXECUTOR - Initializing module TC_26_7_4_3_3.
2026/Jun/15 13:15:07.728470 EXECUTOR - Initialization of module TC_26_7_4_3_3 finished.
2026/Jun/15 13:15:07.728472 EXECUTOR - Initializing module TC_26_7_4_3_4.
2026/Jun/15 13:15:07.728477 EXECUTOR - Initialization of module TC_26_7_4_3_4 finished.
2026/Jun/15 13:15:07.728480 EXECUTOR - Initializing module TC_26_7_4_4.
2026/Jun/15 13:15:07.728485 EXECUTOR - Initialization of module TC_26_7_4_4 finished.
2026/Jun/15 13:15:07.728488 EXECUTOR - Initializing module TC_26_7_4_5_1.
2026/Jun/15 13:15:07.728493 EXECUTOR - Initialization of module TC_26_7_4_5_1 finished.
2026/Jun/15 13:15:07.728496 EXECUTOR - Initializing module TC_26_7_4_5_2.
2026/Jun/15 13:15:07.728502 EXECUTOR - Initialization of module TC_26_7_4_5_2 finished.
2026/Jun/15 13:15:07.728504 EXECUTOR - Initializing module TC_26_7_4_5_3.
2026/Jun/15 13:15:07.728510 EXECUTOR - Initialization of module TC_26_7_4_5_3 finished.
2026/Jun/15 13:15:07.728513 EXECUTOR - Initializing module TC_26_7_4_5_4_2.
2026/Jun/15 13:15:07.728518 EXECUTOR - Initialization of module TC_26_7_4_5_4_2 finished.
2026/Jun/15 13:15:07.728521 EXECUTOR - Initializing module TC_26_7_5_2.
2026/Jun/15 13:15:07.728526 EXECUTOR - Initialization of module TC_26_7_5_2 finished.
2026/Jun/15 13:15:07.728529 EXECUTOR - Initializing module TC_26_7_5_3.
2026/Jun/15 13:15:07.728534 EXECUTOR - Initialization of module TC_26_7_5_3 finished.
2026/Jun/15 13:15:07.728537 EXECUTOR - Initializing module TC_26_7_5_4.
2026/Jun/15 13:15:07.728542 EXECUTOR - Initialization of module TC_26_7_5_4 finished.
2026/Jun/15 13:15:07.728545 EXECUTOR - Initializing module TC_26_7_5_5.
2026/Jun/15 13:15:07.728550 EXECUTOR - Initialization of module TC_26_7_5_5 finished.
2026/Jun/15 13:15:07.728553 EXECUTOR - Initializing module TC_26_7_5_6.
2026/Jun/15 13:15:07.728559 EXECUTOR - Initialization of module TC_26_7_5_6 finished.
2026/Jun/15 13:15:07.728561 EXECUTOR - Initializing module TC_26_7_5_7_1.
2026/Jun/15 13:15:07.728566 EXECUTOR - Initialization of module TC_26_7_5_7_1 finished.
2026/Jun/15 13:15:07.728569 EXECUTOR - Initializing module TC_26_7_5_8_1.
2026/Jun/15 13:15:07.728574 EXECUTOR - Initialization of module TC_26_7_5_8_1 finished.
2026/Jun/15 13:15:07.728577 EXECUTOR - Initializing module TC_26_7_5_8_2.
2026/Jun/15 13:15:07.728583 EXECUTOR - Initialization of module TC_26_7_5_8_2 finished.
2026/Jun/15 13:15:07.728585 EXECUTOR - Initializing module TC_26_7_5_8_3.
2026/Jun/15 13:15:07.728590 EXECUTOR - Initialization of module TC_26_7_5_8_3 finished.
2026/Jun/15 13:15:07.728593 EXECUTOR - Initializing module TC_26_8_1_2_1_1.
2026/Jun/15 13:15:07.728598 EXECUTOR - Initialization of module TC_26_8_1_2_1_1 finished.
2026/Jun/15 13:15:07.728601 EXECUTOR - Initializing module TC_26_8_1_2_2_1.
2026/Jun/15 13:15:07.728606 EXECUTOR - Initialization of module TC_26_8_1_2_2_1 finished.
2026/Jun/15 13:15:07.728609 EXECUTOR - Initializing module TC_26_8_1_2_2_2.
2026/Jun/15 13:15:07.728614 EXECUTOR - Initialization of module TC_26_8_1_2_2_2 finished.
2026/Jun/15 13:15:07.728617 EXECUTOR - Initializing module TC_26_8_1_2_2_3.
2026/Jun/15 13:15:07.728622 EXECUTOR - Initialization of module TC_26_8_1_2_2_3 finished.
2026/Jun/15 13:15:07.728625 EXECUTOR - Initializing module TC_26_8_1_2_3_1.
2026/Jun/15 13:15:07.728630 EXECUTOR - Initialization of module TC_26_8_1_2_3_1 finished.
2026/Jun/15 13:15:07.728633 EXECUTOR - Initializing module TC_26_8_1_2_3_2.
2026/Jun/15 13:15:07.728638 EXECUTOR - Initialization of module TC_26_8_1_2_3_2 finished.
2026/Jun/15 13:15:07.728643 EXECUTOR - Initializing module TC_26_8_1_2_3_3.
2026/Jun/15 13:15:07.728649 EXECUTOR - Initialization of module TC_26_8_1_2_3_3 finished.
2026/Jun/15 13:15:07.728651 EXECUTOR - Initializing module TC_26_8_1_2_3_4.
2026/Jun/15 13:15:07.728657 EXECUTOR - Initialization of module TC_26_8_1_2_3_4 finished.
2026/Jun/15 13:15:07.728659 EXECUTOR - Initializing module TC_26_8_1_2_3_5.
2026/Jun/15 13:15:07.728665 EXECUTOR - Initialization of module TC_26_8_1_2_3_5 finished.
2026/Jun/15 13:15:07.728667 EXECUTOR - Initializing module TC_26_8_1_2_3_6.
2026/Jun/15 13:15:07.728673 EXECUTOR - Initialization of module TC_26_8_1_2_3_6 finished.
2026/Jun/15 13:15:07.728675 EXECUTOR - Initializing module TC_26_8_1_2_3_7.
2026/Jun/15 13:15:07.728681 EXECUTOR - Initialization of module TC_26_8_1_2_3_7 finished.
2026/Jun/15 13:15:07.728683 EXECUTOR - Initializing module TC_26_8_1_2_4_1.
2026/Jun/15 13:15:07.728689 EXECUTOR - Initialization of module TC_26_8_1_2_4_1 finished.
2026/Jun/15 13:15:07.728691 EXECUTOR - Initializing module TC_26_8_1_2_4_13.
2026/Jun/15 13:15:07.728697 EXECUTOR - Initialization of module TC_26_8_1_2_4_13 finished.
2026/Jun/15 13:15:07.728700 EXECUTOR - Initializing module TC_26_8_1_2_4_2.
2026/Jun/15 13:15:07.728705 EXECUTOR - Initialization of module TC_26_8_1_2_4_2 finished.
2026/Jun/15 13:15:07.728707 EXECUTOR - Initializing module TC_26_8_1_2_4_3.
2026/Jun/15 13:15:07.728713 EXECUTOR - Initialization of module TC_26_8_1_2_4_3 finished.
2026/Jun/15 13:15:07.728715 EXECUTOR - Initializing module TC_26_8_1_2_4_4.
2026/Jun/15 13:15:07.728721 EXECUTOR - Initialization of module TC_26_8_1_2_4_4 finished.
2026/Jun/15 13:15:07.728723 EXECUTOR - Initializing module TC_26_8_1_2_4_5.
2026/Jun/15 13:15:07.728729 EXECUTOR - Initialization of module TC_26_8_1_2_4_5 finished.
2026/Jun/15 13:15:07.728731 EXECUTOR - Initializing module TC_26_8_1_2_6_1.
2026/Jun/15 13:15:07.728737 EXECUTOR - Initialization of module TC_26_8_1_2_6_1 finished.
2026/Jun/15 13:15:07.728739 EXECUTOR - Initializing module TC_26_8_1_2_6_2.
2026/Jun/15 13:15:07.728745 EXECUTOR - Initialization of module TC_26_8_1_2_6_2 finished.
2026/Jun/15 13:15:07.728747 EXECUTOR - Initializing module TC_26_8_1_2_6_3.
2026/Jun/15 13:15:07.728753 EXECUTOR - Initialization of module TC_26_8_1_2_6_3 finished.
2026/Jun/15 13:15:07.728756 EXECUTOR - Initializing module TC_26_8_1_2_6_6.
2026/Jun/15 13:15:07.728761 EXECUTOR - Initialization of module TC_26_8_1_2_6_6 finished.
2026/Jun/15 13:15:07.728763 EXECUTOR - Initializing module TC_26_8_1_3_1_1.
2026/Jun/15 13:15:07.728768 EXECUTOR - Initialization of module TC_26_8_1_3_1_1 finished.
2026/Jun/15 13:15:07.728771 EXECUTOR - Initializing module TC_26_8_1_3_2_1.
2026/Jun/15 13:15:07.728776 EXECUTOR - Initialization of module TC_26_8_1_3_2_1 finished.
2026/Jun/15 13:15:07.728779 EXECUTOR - Initializing module TC_26_8_1_3_3_1.
2026/Jun/15 13:15:07.728785 EXECUTOR - Initialization of module TC_26_8_1_3_3_1 finished.
2026/Jun/15 13:15:07.728787 EXECUTOR - Initializing module TC_26_8_1_3_3_2.
2026/Jun/15 13:15:07.728793 EXECUTOR - Initialization of module TC_26_8_1_3_3_2 finished.
2026/Jun/15 13:15:07.728795 EXECUTOR - Initializing module TC_26_8_1_3_3_3.
2026/Jun/15 13:15:07.728800 EXECUTOR - Initialization of module TC_26_8_1_3_3_3 finished.
2026/Jun/15 13:15:07.728803 EXECUTOR - Initializing module TC_26_8_1_3_3_4.
2026/Jun/15 13:15:07.728808 EXECUTOR - Initialization of module TC_26_8_1_3_3_4 finished.
2026/Jun/15 13:15:07.728811 EXECUTOR - Initializing module TC_26_8_1_3_3_5.
2026/Jun/15 13:15:07.728816 EXECUTOR - Initialization of module TC_26_8_1_3_3_5 finished.
2026/Jun/15 13:15:07.728819 EXECUTOR - Initializing module TC_26_8_1_3_3_6.
2026/Jun/15 13:15:07.728834 EXECUTOR - Initialization of module TC_26_8_1_3_3_6 finished.
2026/Jun/15 13:15:07.728837 EXECUTOR - Initializing module TC_26_8_1_3_3_7.
2026/Jun/15 13:15:07.728842 EXECUTOR - Initialization of module TC_26_8_1_3_3_7 finished.
2026/Jun/15 13:15:07.728845 EXECUTOR - Initializing module TC_26_8_1_3_4_1.
2026/Jun/15 13:15:07.728853 EXECUTOR - Initialization of module TC_26_8_1_3_4_1 finished.
2026/Jun/15 13:15:07.728855 EXECUTOR - Initializing module TC_26_8_1_3_4_2.
2026/Jun/15 13:15:07.728861 EXECUTOR - Initialization of module TC_26_8_1_3_4_2 finished.
2026/Jun/15 13:15:07.728863 EXECUTOR - Initializing module TC_26_8_1_3_4_3.
2026/Jun/15 13:15:07.728869 EXECUTOR - Initialization of module TC_26_8_1_3_4_3 finished.
2026/Jun/15 13:15:07.728871 EXECUTOR - Initializing module TC_26_8_1_3_4_4.
2026/Jun/15 13:15:07.728877 EXECUTOR - Initialization of module TC_26_8_1_3_4_4 finished.
2026/Jun/15 13:15:07.728879 EXECUTOR - Initializing module TC_26_8_1_3_4_5.
2026/Jun/15 13:15:07.728885 EXECUTOR - Initialization of module TC_26_8_1_3_4_5 finished.
2026/Jun/15 13:15:07.728887 EXECUTOR - Initializing module TC_26_8_1_3_4_6.
2026/Jun/15 13:15:07.728892 EXECUTOR - Initialization of module TC_26_8_1_3_4_6 finished.
2026/Jun/15 13:15:07.728895 EXECUTOR - Initializing module TC_26_8_1_3_4_7.
2026/Jun/15 13:15:07.728900 EXECUTOR - Initialization of module TC_26_8_1_3_4_7 finished.
2026/Jun/15 13:15:07.728903 EXECUTOR - Initializing module TC_26_8_1_3_4_8.
2026/Jun/15 13:15:07.728908 EXECUTOR - Initialization of module TC_26_8_1_3_4_8 finished.
2026/Jun/15 13:15:07.728910 EXECUTOR - Initializing module TC_26_8_1_3_5_1.
2026/Jun/15 13:15:07.728916 EXECUTOR - Initialization of module TC_26_8_1_3_5_1 finished.
2026/Jun/15 13:15:07.728918 EXECUTOR - Initializing module TC_26_8_1_3_5_2.
2026/Jun/15 13:15:07.728924 EXECUTOR - Initialization of module TC_26_8_1_3_5_2 finished.
2026/Jun/15 13:15:07.728926 EXECUTOR - Initializing module TC_26_8_1_3_5_3.
2026/Jun/15 13:15:07.728932 EXECUTOR - Initialization of module TC_26_8_1_3_5_3 finished.
2026/Jun/15 13:15:07.728934 EXECUTOR - Initializing module TC_26_8_1_3_5_4.
2026/Jun/15 13:15:07.728940 EXECUTOR - Initialization of module TC_26_8_1_3_5_4 finished.
2026/Jun/15 13:15:07.728942 EXECUTOR - Initializing module TC_26_8_1_3_5_5.
2026/Jun/15 13:15:07.728948 EXECUTOR - Initialization of module TC_26_8_1_3_5_5 finished.
2026/Jun/15 13:15:07.728950 EXECUTOR - Initializing module TC_26_8_1_3_5_6.
2026/Jun/15 13:15:07.728955 EXECUTOR - Initialization of module TC_26_8_1_3_5_6 finished.
2026/Jun/15 13:15:07.728958 EXECUTOR - Initializing module TC_26_8_1_3_5_7.
2026/Jun/15 13:15:07.728963 EXECUTOR - Initialization of module TC_26_8_1_3_5_7 finished.
2026/Jun/15 13:15:07.728965 EXECUTOR - Initializing module TC_26_8_1_3_5_8.
2026/Jun/15 13:15:07.728971 EXECUTOR - Initialization of module TC_26_8_1_3_5_8 finished.
2026/Jun/15 13:15:07.728974 EXECUTOR - Initializing module TC_26_8_1_3_5_9.
2026/Jun/15 13:15:07.728979 EXECUTOR - Initialization of module TC_26_8_1_3_5_9 finished.
2026/Jun/15 13:15:07.728981 EXECUTOR - Initializing module TC_26_8_2_1.
2026/Jun/15 13:15:07.728986 EXECUTOR - Initialization of module TC_26_8_2_1 finished.
2026/Jun/15 13:15:07.728989 EXECUTOR - Initializing module TC_26_8_2_2.
2026/Jun/15 13:15:07.728994 EXECUTOR - Initialization of module TC_26_8_2_2 finished.
2026/Jun/15 13:15:07.728997 EXECUTOR - Initializing module TC_26_8_2_3.
2026/Jun/15 13:15:07.729001 EXECUTOR - Initialization of module TC_26_8_2_3 finished.
2026/Jun/15 13:15:07.729004 EXECUTOR - Initializing module TC_26_8_3.
2026/Jun/15 13:15:07.729009 EXECUTOR - Initialization of module TC_26_8_3 finished.
2026/Jun/15 13:15:07.729011 EXECUTOR - Initializing module TC_34_2_2.
2026/Jun/15 13:15:07.729016 EXECUTOR - Initialization of module TC_34_2_2 finished.
2026/Jun/15 13:15:07.729019 EXECUTOR - Initializing module TitanLoggerApi.
2026/Jun/15 13:15:07.729021 EXECUTOR - Initialization of module TitanLoggerApi finished.
2026/Jun/15 13:15:07.729024 EXECUTOR - Initializing module TitanLoggerControl.
2026/Jun/15 13:15:07.729026 EXECUTOR - Initialization of module TitanLoggerControl finished.
2026/Jun/15 13:15:07.729037 EXECUTOR - Configuration data was processed successfully.
2026/Jun/15 13:15:07.730678 EXECUTOR - MTC was created. Process id: 39.
2026/Jun/15 13:20:25.606099 EXECUTOR - Exit was requested from MC. Terminating HC.
2026/Jun/15 13:20:25.606313 EXECUTOR - Disconnected from MC.
2026/Jun/15 13:20:25.606355 EXECUTOR - TTCN-3 Host Controller finished.
