2026/Jun/15 13:34:03.494425 EXECUTOR - TTCN-3 Host Controller started on ttcn3-tc-26-6-2-1-1-1-2tnjk. Version: 11.1.0.
2026/Jun/15 13:34:03.494546 EXECUTOR - TTCN Logger v2.2 options: TimeStampFormat:=DateTime; LogEntityName:=No; LogEventTypes:=Yes; SourceInfoFormat:=Single; LogSensitiveData:=No; *.FileMask:=LOG_ALL; *.ConsoleMask:=ERROR | TESTCASE | USER | VERDICTOP | WARNING; LogFileSize:=0; LogFileNumber:=1; DiskFullAction:=Error
2026/Jun/15 13:34:03.494556 EXECUTOR - Maximum number of open file descriptors: 1048576,   FD_SETSIZE = 1024
2026/Jun/15 13:34:03.494654 WARNING - Warning: The address of MC was set to a local IP address. This may cause incorrect behavior if a HC from a remote host also connects to MC.
2026/Jun/15 13:34:03.494688 EXECUTOR - The address of MC was set to 127.0.0.1:0.
2026/Jun/15 13:34:03.494789 EXECUTOR - Connected to MC.
2026/Jun/15 13:34:03.494865 EXECUTOR - This host supports UNIX domain sockets for local communication.
2026/Jun/15 13:34:03.495267 EXECUTOR - Processing configuration data received from MC.
2026/Jun/15 13:34:03.495730 WARNING - Warning: Skeleton `/results/TC_26_6_2_1_1-2026-06-15-133402/%n.log' does not guarantee unique log file name for every test system process. It may cause unpredictable results if several test components try to write into the same log file.
2026/Jun/15 13:34:03.676252 EXECUTOR - Module GSM_Constants has the following parameters: { TSPC_Serv_TS11 := true, TSPC_Serv_TS61 := false, TSPC_Serv_TS62 := false, TSPC_Serv_BS21 := false, TSPC_Serv_BS22 := false, TSPC_Serv_BS24 := false, TSPC_Serv_BS25 := false, TSPC_Serv_BS26 := false, TSPC_Serv_BS31 := false, TSPC_Serv_BS32 := false, TSPC_Serv_BS33 := false, TSPC_Serv_BS34 := false, TSPC_Serv_BS41 := false, TSPC_Serv_BS42 := false, TSPC_Serv_BS43 := false, TSPC_Serv_BS44 := false, TSPC_Serv_BS45 := false, TSPC_Serv_BS51 := false, TSPC_Serv_BS61 := false, TSPC_Serv_BS81 := false, TSPC_DualRate := false, TSPC_MTsvc := true, TSPX_IMSI := '901700000000001F'O, TSPX_TMSI := '1914D97F'O, TSPX_CKSNDef := 0, TSPX_RANDDef := '00112233445566778899AABBCCDDEEFF'O, TSPX_SRES := '12345678'O, TSPX_Kc := '0000000000000000'O, TSPX_SDCCH4SubDef := 0, TSPX_TmSltDef := 0, TSPX_TscDef := 7, TSPX_TCHHSubDef := 0, TCV_CC := true, TSPX_Telephony_Rate := C_Full (0), TSPX_MOBscSvcA := C_Telephony (0), TSPX_MOBscSvcB := C_Telephony (0), TSPX_MOBscSvcC := C_Telephony (0), TSPX_MOBscSvcD := C_Telephony (0), TSPX_MOBscSvcE := C_Telephony (0), TSPX_MOBscSvcF := C_Telephony (0), TSPX_MOBscSvcG := C_Telephony (0), TSPX_MOChRateA := C_Full (0), TSPX_MOChRateB := C_Full (0), TSPX_MOChRateC := C_Full (0), TSPX_MOChRateD := C_Full (0), TSPX_MOChRateE := C_Full (0), TSPX_MOChRateF := C_Full (0), TSPX_MOChRateG := C_Full (0), TSPX_MTBscSvcA := C_Telephony (0), TSPX_MTBscSvcB := C_Telephony (0), TSPX_MTBscSvcC := C_Telephony (0), TSPX_MTBscSvcD := C_Telephony (0), TSPX_MTBscSvcE := C_Telephony (0), TSPX_MTBscSvcF := C_Telephony (0), TSPX_MTBscSvcG := C_Telephony (0), TSPX_MTBscSvcH := C_Telephony (0), TSPX_MTBscSvcI := C_Telephony (0), TSPX_MTBscSvcJ := C_Telephony (0), TSPX_MTChRateA := C_Full (0), TSPX_MTChRateB := C_Full (0), TSPX_MTChRateC := C_Full (0), TSPX_MTChRateD := C_Full (0), TSPX_MTChRateE := C_Full (0), TSPX_MTChRateF := C_Full (0), TSPX_MTChRateG := C_Full (0), TSPX_MTChRateH := C_Full (0), TSPX_MTChRateI := C_Full (0), TSPX_MTChRateJ := C_Full (0), C_arfcnA := 51 }
2026/Jun/15 13:34:03.676339 EXECUTOR - Module TC_26_6_1_2 has the following parameters: { TSPX_nPara := 3, TSPX_i1Para := 3, TSPX_kPara := 5, TSPX_i2Para := 1, TSPX_rPara := 4, TSPX_i3Para := 4 }
2026/Jun/15 13:34:03.676377 EXECUTOR - Initializing module GSM_Component_Definitions.
2026/Jun/15 13:34:03.676386 EXECUTOR GSM_Component_Definitions.ttcn3:0 Initializing module GSM_Templates.
2026/Jun/15 13:34:03.676406 EXECUTOR GSM_Templates.ttcn3:0 Initializing module GSM_Constants.
2026/Jun/15 13:34:03.676411 EXECUTOR GSM_Constants.ttcn3:0 Initializing module GSM_Types.
2026/Jun/15 13:34:03.676415 EXECUTOR GSM_Constants.ttcn3:0 Initialization of module GSM_Types finished.
2026/Jun/15 13:34:03.676418 EXECUTOR GSM_Templates.ttcn3:0 Initialization of module GSM_Constants finished.
2026/Jun/15 13:34:03.676495 EXECUTOR GSM_Component_Definitions.ttcn3:0 Initialization of module GSM_Templates finished.
2026/Jun/15 13:34:03.676499 EXECUTOR - Initialization of module GSM_Component_Definitions finished.
2026/Jun/15 13:34:03.676502 EXECUTOR - Initializing module GSM_Functions.
2026/Jun/15 13:34:03.676526 EXECUTOR - Initialization of module GSM_Functions finished.
2026/Jun/15 13:34:03.676528 EXECUTOR - Initializing module PreGenRecordOf.
2026/Jun/15 13:34:03.676531 EXECUTOR - Initialization of module PreGenRecordOf finished.
2026/Jun/15 13:34:03.676533 EXECUTOR - Initializing module TC_26_2_1_3.
2026/Jun/15 13:34:03.676538 EXECUTOR - Initialization of module TC_26_2_1_3 finished.
2026/Jun/15 13:34:03.676541 EXECUTOR - Initializing module TC_26_2_2.
2026/Jun/15 13:34:03.676546 EXECUTOR - Initialization of module TC_26_2_2 finished.
2026/Jun/15 13:34:03.676548 EXECUTOR - Initializing module TC_26_2_3.
2026/Jun/15 13:34:03.676554 EXECUTOR - Initialization of module TC_26_2_3 finished.
2026/Jun/15 13:34:03.676556 EXECUTOR - Initializing module TC_26_6_11_1.
2026/Jun/15 13:34:03.676561 EXECUTOR - Initialization of module TC_26_6_11_1 finished.
2026/Jun/15 13:34:03.676564 EXECUTOR - Initializing module TC_26_6_11_2.
2026/Jun/15 13:34:03.676569 EXECUTOR - Initialization of module TC_26_6_11_2 finished.
2026/Jun/15 13:34:03.676571 EXECUTOR - Initializing module TC_26_6_12_1.
2026/Jun/15 13:34:03.676577 EXECUTOR - Initialization of module TC_26_6_12_1 finished.
2026/Jun/15 13:34:03.676579 EXECUTOR - Initializing module TC_26_6_12_2.
2026/Jun/15 13:34:03.676584 EXECUTOR - Initialization of module TC_26_6_12_2 finished.
2026/Jun/15 13:34:03.676587 EXECUTOR - Initializing module TC_26_6_12_3.
2026/Jun/15 13:34:03.676592 EXECUTOR - Initialization of module TC_26_6_12_3 finished.
2026/Jun/15 13:34:03.676594 EXECUTOR - Initializing module TC_26_6_12_4.
2026/Jun/15 13:34:03.676600 EXECUTOR - Initialization of module TC_26_6_12_4 finished.
2026/Jun/15 13:34:03.676602 EXECUTOR - Initializing module TC_26_6_13_10.
2026/Jun/15 13:34:03.676607 EXECUTOR - Initialization of module TC_26_6_13_10 finished.
2026/Jun/15 13:34:03.676609 EXECUTOR - Initializing module TC_26_6_13_9.
2026/Jun/15 13:34:03.676614 EXECUTOR - Initialization of module TC_26_6_13_9 finished.
2026/Jun/15 13:34:03.676617 EXECUTOR - Initializing module TC_26_6_1_1.
2026/Jun/15 13:34:03.676622 EXECUTOR - Initialization of module TC_26_6_1_1 finished.
2026/Jun/15 13:34:03.676624 EXECUTOR - Initializing module TC_26_6_1_2.
2026/Jun/15 13:34:03.676629 EXECUTOR - Initialization of module TC_26_6_1_2 finished.
2026/Jun/15 13:34:03.676631 EXECUTOR - Initializing module TC_26_6_1_3.
2026/Jun/15 13:34:03.676636 EXECUTOR - Initialization of module TC_26_6_1_3 finished.
2026/Jun/15 13:34:03.676639 EXECUTOR - Initializing module TC_26_6_1_4.
2026/Jun/15 13:34:03.676644 EXECUTOR - Initialization of module TC_26_6_1_4 finished.
2026/Jun/15 13:34:03.676646 EXECUTOR - Initializing module TC_26_6_1_5.
2026/Jun/15 13:34:03.676652 EXECUTOR - Initialization of module TC_26_6_1_5 finished.
2026/Jun/15 13:34:03.676654 EXECUTOR - Initializing module TC_26_6_2_1_1.
2026/Jun/15 13:34:03.676659 EXECUTOR - Initialization of module TC_26_6_2_1_1 finished.
2026/Jun/15 13:34:03.676661 EXECUTOR - Initializing module TC_26_6_2_1_2.
2026/Jun/15 13:34:03.676666 EXECUTOR - Initialization of module TC_26_6_2_1_2 finished.
2026/Jun/15 13:34:03.676668 EXECUTOR - Initializing module TC_26_6_2_1_3.
2026/Jun/15 13:34:03.676674 EXECUTOR - Initialization of module TC_26_6_2_1_3 finished.
2026/Jun/15 13:34:03.676677 EXECUTOR - Initializing module TC_26_6_2_2.
2026/Jun/15 13:34:03.676682 EXECUTOR - Initialization of module TC_26_6_2_2 finished.
2026/Jun/15 13:34:03.676684 EXECUTOR - Initializing module TC_26_6_2_3_1.
2026/Jun/15 13:34:03.676689 EXECUTOR - Initialization of module TC_26_6_2_3_1 finished.
2026/Jun/15 13:34:03.676691 EXECUTOR - Initializing module TC_26_6_2_3_2.
2026/Jun/15 13:34:03.676696 EXECUTOR - Initialization of module TC_26_6_2_3_2 finished.
2026/Jun/15 13:34:03.676702 EXECUTOR - Initializing module TC_26_6_2_4.
2026/Jun/15 13:34:03.676707 EXECUTOR - Initialization of module TC_26_6_2_4 finished.
2026/Jun/15 13:34:03.676709 EXECUTOR - Initializing module TC_26_6_3_1.
2026/Jun/15 13:34:03.676715 EXECUTOR - Initialization of module TC_26_6_3_1 finished.
2026/Jun/15 13:34:03.676717 EXECUTOR - Initializing module TC_26_6_3_4.
2026/Jun/15 13:34:03.676722 EXECUTOR - Initialization of module TC_26_6_3_4 finished.
2026/Jun/15 13:34:03.676725 EXECUTOR - Initializing module TC_26_6_4_1.
2026/Jun/15 13:34:03.676730 EXECUTOR - Initialization of module TC_26_6_4_1 finished.
2026/Jun/15 13:34:03.676732 EXECUTOR - Initializing module TC_26_6_4_2_2.
2026/Jun/15 13:34:03.676737 EXECUTOR - Initialization of module TC_26_6_4_2_2 finished.
2026/Jun/15 13:34:03.676740 EXECUTOR - Initializing module TC_26_6_5_1.
2026/Jun/15 13:34:03.676745 EXECUTOR - Initialization of module TC_26_6_5_1 finished.
2026/Jun/15 13:34:03.676747 EXECUTOR - Initializing module TC_26_6_5_2_1.
2026/Jun/15 13:34:03.676752 EXECUTOR - Initialization of module TC_26_6_5_2_1 finished.
2026/Jun/15 13:34:03.676754 EXECUTOR - Initializing module TC_26_6_8_1.
2026/Jun/15 13:34:03.676759 EXECUTOR - Initialization of module TC_26_6_8_1 finished.
2026/Jun/15 13:34:03.676761 EXECUTOR - Initializing module TC_26_6_8_2.
2026/Jun/15 13:34:03.676766 EXECUTOR - Initialization of module TC_26_6_8_2 finished.
2026/Jun/15 13:34:03.676768 EXECUTOR - Initializing module TC_26_6_8_3.
2026/Jun/15 13:34:03.676774 EXECUTOR - Initialization of module TC_26_6_8_3 finished.
2026/Jun/15 13:34:03.676776 EXECUTOR - Initializing module TC_26_6_8_4.
2026/Jun/15 13:34:03.676782 EXECUTOR - Initialization of module TC_26_6_8_4 finished.
2026/Jun/15 13:34:03.676784 EXECUTOR - Initializing module TC_26_6_8_5.
2026/Jun/15 13:34:03.676789 EXECUTOR - Initialization of module TC_26_6_8_5 finished.
2026/Jun/15 13:34:03.676791 EXECUTOR - Initializing module TC_26_7_1.
2026/Jun/15 13:34:03.676796 EXECUTOR - Initialization of module TC_26_7_1 finished.
2026/Jun/15 13:34:03.676799 EXECUTOR - Initializing module TC_26_7_2_1.
2026/Jun/15 13:34:03.676804 EXECUTOR - Initialization of module TC_26_7_2_1 finished.
2026/Jun/15 13:34:03.676806 EXECUTOR - Initializing module TC_26_7_2_2.
2026/Jun/15 13:34:03.676811 EXECUTOR - Initialization of module TC_26_7_2_2 finished.
2026/Jun/15 13:34:03.676814 EXECUTOR - Initializing module TC_26_7_3_1.
2026/Jun/15 13:34:03.676819 EXECUTOR - Initialization of module TC_26_7_3_1 finished.
2026/Jun/15 13:34:03.676834 EXECUTOR - Initializing module TC_26_7_3_2.
2026/Jun/15 13:34:03.676840 EXECUTOR - Initialization of module TC_26_7_3_2 finished.
2026/Jun/15 13:34:03.676842 EXECUTOR - Initializing module TC_26_7_4_1.
2026/Jun/15 13:34:03.676847 EXECUTOR - Initialization of module TC_26_7_4_1 finished.
2026/Jun/15 13:34:03.676849 EXECUTOR - Initializing module TC_26_7_4_2_1.
2026/Jun/15 13:34:03.676855 EXECUTOR - Initialization of module TC_26_7_4_2_1 finished.
2026/Jun/15 13:34:03.676857 EXECUTOR - Initializing module TC_26_7_4_2_2_1.
2026/Jun/15 13:34:03.676862 EXECUTOR - Initialization of module TC_26_7_4_2_2_1 finished.
2026/Jun/15 13:34:03.676865 EXECUTOR - Initializing module TC_26_7_4_2_2_2.
2026/Jun/15 13:34:03.676870 EXECUTOR - Initialization of module TC_26_7_4_2_2_2 finished.
2026/Jun/15 13:34:03.676872 EXECUTOR - Initializing module TC_26_7_4_2_3.
2026/Jun/15 13:34:03.676878 EXECUTOR - Initialization of module TC_26_7_4_2_3 finished.
2026/Jun/15 13:34:03.676880 EXECUTOR - Initializing module TC_26_7_4_2_4_1.
2026/Jun/15 13:34:03.676885 EXECUTOR - Initialization of module TC_26_7_4_2_4_1 finished.
2026/Jun/15 13:34:03.676888 EXECUTOR - Initializing module TC_26_7_4_2_4_2.
2026/Jun/15 13:34:03.676893 EXECUTOR - Initialization of module TC_26_7_4_2_4_2 finished.
2026/Jun/15 13:34:03.676896 EXECUTOR - Initializing module TC_26_7_4_2_4_3.
2026/Jun/15 13:34:03.676901 EXECUTOR - Initialization of module TC_26_7_4_2_4_3 finished.
2026/Jun/15 13:34:03.676903 EXECUTOR - Initializing module TC_26_7_4_2_4_4.
2026/Jun/15 13:34:03.676912 EXECUTOR - Initialization of module TC_26_7_4_2_4_4 finished.
2026/Jun/15 13:34:03.676915 EXECUTOR - Initializing module TC_26_7_4_2_4_5.
2026/Jun/15 13:34:03.676920 EXECUTOR - Initialization of module TC_26_7_4_2_4_5 finished.
2026/Jun/15 13:34:03.676922 EXECUTOR - Initializing module TC_26_7_4_3_1.
2026/Jun/15 13:34:03.676927 EXECUTOR - Initialization of module TC_26_7_4_3_1 finished.
2026/Jun/15 13:34:03.676929 EXECUTOR - Initializing module TC_26_7_4_3_2.
2026/Jun/15 13:34:03.676935 EXECUTOR - Initialization of module TC_26_7_4_3_2 finished.
2026/Jun/15 13:34:03.676937 EXECUTOR - Initializing module TC_26_7_4_3_3.
2026/Jun/15 13:34:03.676942 EXECUTOR - Initialization of module TC_26_7_4_3_3 finished.
2026/Jun/15 13:34:03.676944 EXECUTOR - Initializing module TC_26_7_4_3_4.
2026/Jun/15 13:34:03.676950 EXECUTOR - Initialization of module TC_26_7_4_3_4 finished.
2026/Jun/15 13:34:03.676952 EXECUTOR - Initializing module TC_26_7_4_4.
2026/Jun/15 13:34:03.676957 EXECUTOR - Initialization of module TC_26_7_4_4 finished.
2026/Jun/15 13:34:03.676959 EXECUTOR - Initializing module TC_26_7_4_5_1.
2026/Jun/15 13:34:03.676964 EXECUTOR - Initialization of module TC_26_7_4_5_1 finished.
2026/Jun/15 13:34:03.676967 EXECUTOR - Initializing module TC_26_7_4_5_2.
2026/Jun/15 13:34:03.676972 EXECUTOR - Initialization of module TC_26_7_4_5_2 finished.
2026/Jun/15 13:34:03.676974 EXECUTOR - Initializing module TC_26_7_4_5_3.
2026/Jun/15 13:34:03.676979 EXECUTOR - Initialization of module TC_26_7_4_5_3 finished.
2026/Jun/15 13:34:03.676981 EXECUTOR - Initializing module TC_26_7_4_5_4_2.
2026/Jun/15 13:34:03.676986 EXECUTOR - Initialization of module TC_26_7_4_5_4_2 finished.
2026/Jun/15 13:34:03.676989 EXECUTOR - Initializing module TC_26_7_5_2.
2026/Jun/15 13:34:03.676994 EXECUTOR - Initialization of module TC_26_7_5_2 finished.
2026/Jun/15 13:34:03.676997 EXECUTOR - Initializing module TC_26_7_5_3.
2026/Jun/15 13:34:03.677002 EXECUTOR - Initialization of module TC_26_7_5_3 finished.
2026/Jun/15 13:34:03.677004 EXECUTOR - Initializing module TC_26_7_5_4.
2026/Jun/15 13:34:03.677010 EXECUTOR - Initialization of module TC_26_7_5_4 finished.
2026/Jun/15 13:34:03.677012 EXECUTOR - Initializing module TC_26_7_5_5.
2026/Jun/15 13:34:03.677017 EXECUTOR - Initialization of module TC_26_7_5_5 finished.
2026/Jun/15 13:34:03.677020 EXECUTOR - Initializing module TC_26_7_5_6.
2026/Jun/15 13:34:03.677025 EXECUTOR - Initialization of module TC_26_7_5_6 finished.
2026/Jun/15 13:34:03.677027 EXECUTOR - Initializing module TC_26_7_5_7_1.
2026/Jun/15 13:34:03.677033 EXECUTOR - Initialization of module TC_26_7_5_7_1 finished.
2026/Jun/15 13:34:03.677035 EXECUTOR - Initializing module TC_26_7_5_8_1.
2026/Jun/15 13:34:03.677040 EXECUTOR - Initialization of module TC_26_7_5_8_1 finished.
2026/Jun/15 13:34:03.677043 EXECUTOR - Initializing module TC_26_7_5_8_2.
2026/Jun/15 13:34:03.677048 EXECUTOR - Initialization of module TC_26_7_5_8_2 finished.
2026/Jun/15 13:34:03.677050 EXECUTOR - Initializing module TC_26_7_5_8_3.
2026/Jun/15 13:34:03.677055 EXECUTOR - Initialization of module TC_26_7_5_8_3 finished.
2026/Jun/15 13:34:03.677058 EXECUTOR - Initializing module TC_26_8_1_2_1_1.
2026/Jun/15 13:34:03.677062 EXECUTOR - Initialization of module TC_26_8_1_2_1_1 finished.
2026/Jun/15 13:34:03.677065 EXECUTOR - Initializing module TC_26_8_1_2_2_1.
2026/Jun/15 13:34:03.677070 EXECUTOR - Initialization of module TC_26_8_1_2_2_1 finished.
2026/Jun/15 13:34:03.677073 EXECUTOR - Initializing module TC_26_8_1_2_2_2.
2026/Jun/15 13:34:03.677078 EXECUTOR - Initialization of module TC_26_8_1_2_2_2 finished.
2026/Jun/15 13:34:03.677081 EXECUTOR - Initializing module TC_26_8_1_2_2_3.
2026/Jun/15 13:34:03.677086 EXECUTOR - Initialization of module TC_26_8_1_2_2_3 finished.
2026/Jun/15 13:34:03.677088 EXECUTOR - Initializing module TC_26_8_1_2_3_1.
2026/Jun/15 13:34:03.677094 EXECUTOR - Initialization of module TC_26_8_1_2_3_1 finished.
2026/Jun/15 13:34:03.677096 EXECUTOR - Initializing module TC_26_8_1_2_3_2.
2026/Jun/15 13:34:03.677101 EXECUTOR - Initialization of module TC_26_8_1_2_3_2 finished.
2026/Jun/15 13:34:03.677106 EXECUTOR - Initializing module TC_26_8_1_2_3_3.
2026/Jun/15 13:34:03.677111 EXECUTOR - Initialization of module TC_26_8_1_2_3_3 finished.
2026/Jun/15 13:34:03.677114 EXECUTOR - Initializing module TC_26_8_1_2_3_4.
2026/Jun/15 13:34:03.677119 EXECUTOR - Initialization of module TC_26_8_1_2_3_4 finished.
2026/Jun/15 13:34:03.677121 EXECUTOR - Initializing module TC_26_8_1_2_3_5.
2026/Jun/15 13:34:03.677126 EXECUTOR - Initialization of module TC_26_8_1_2_3_5 finished.
2026/Jun/15 13:34:03.677129 EXECUTOR - Initializing module TC_26_8_1_2_3_6.
2026/Jun/15 13:34:03.677134 EXECUTOR - Initialization of module TC_26_8_1_2_3_6 finished.
2026/Jun/15 13:34:03.677136 EXECUTOR - Initializing module TC_26_8_1_2_3_7.
2026/Jun/15 13:34:03.677142 EXECUTOR - Initialization of module TC_26_8_1_2_3_7 finished.
2026/Jun/15 13:34:03.677144 EXECUTOR - Initializing module TC_26_8_1_2_4_1.
2026/Jun/15 13:34:03.677150 EXECUTOR - Initialization of module TC_26_8_1_2_4_1 finished.
2026/Jun/15 13:34:03.677152 EXECUTOR - Initializing module TC_26_8_1_2_4_13.
2026/Jun/15 13:34:03.677158 EXECUTOR - Initialization of module TC_26_8_1_2_4_13 finished.
2026/Jun/15 13:34:03.677160 EXECUTOR - Initializing module TC_26_8_1_2_4_2.
2026/Jun/15 13:34:03.677166 EXECUTOR - Initialization of module TC_26_8_1_2_4_2 finished.
2026/Jun/15 13:34:03.677168 EXECUTOR - Initializing module TC_26_8_1_2_4_3.
2026/Jun/15 13:34:03.677174 EXECUTOR - Initialization of module TC_26_8_1_2_4_3 finished.
2026/Jun/15 13:34:03.677176 EXECUTOR - Initializing module TC_26_8_1_2_4_4.
2026/Jun/15 13:34:03.677182 EXECUTOR - Initialization of module TC_26_8_1_2_4_4 finished.
2026/Jun/15 13:34:03.677184 EXECUTOR - Initializing module TC_26_8_1_2_4_5.
2026/Jun/15 13:34:03.677189 EXECUTOR - Initialization of module TC_26_8_1_2_4_5 finished.
2026/Jun/15 13:34:03.677192 EXECUTOR - Initializing module TC_26_8_1_2_6_1.
2026/Jun/15 13:34:03.677197 EXECUTOR - Initialization of module TC_26_8_1_2_6_1 finished.
2026/Jun/15 13:34:03.677199 EXECUTOR - Initializing module TC_26_8_1_2_6_2.
2026/Jun/15 13:34:03.677205 EXECUTOR - Initialization of module TC_26_8_1_2_6_2 finished.
2026/Jun/15 13:34:03.677207 EXECUTOR - Initializing module TC_26_8_1_2_6_3.
2026/Jun/15 13:34:03.677212 EXECUTOR - Initialization of module TC_26_8_1_2_6_3 finished.
2026/Jun/15 13:34:03.677215 EXECUTOR - Initializing module TC_26_8_1_2_6_6.
2026/Jun/15 13:34:03.677220 EXECUTOR - Initialization of module TC_26_8_1_2_6_6 finished.
2026/Jun/15 13:34:03.677222 EXECUTOR - Initializing module TC_26_8_1_3_1_1.
2026/Jun/15 13:34:03.677228 EXECUTOR - Initialization of module TC_26_8_1_3_1_1 finished.
2026/Jun/15 13:34:03.677230 EXECUTOR - Initializing module TC_26_8_1_3_2_1.
2026/Jun/15 13:34:03.677236 EXECUTOR - Initialization of module TC_26_8_1_3_2_1 finished.
2026/Jun/15 13:34:03.677238 EXECUTOR - Initializing module TC_26_8_1_3_3_1.
2026/Jun/15 13:34:03.677243 EXECUTOR - Initialization of module TC_26_8_1_3_3_1 finished.
2026/Jun/15 13:34:03.677246 EXECUTOR - Initializing module TC_26_8_1_3_3_2.
2026/Jun/15 13:34:03.677251 EXECUTOR - Initialization of module TC_26_8_1_3_3_2 finished.
2026/Jun/15 13:34:03.677254 EXECUTOR - Initializing module TC_26_8_1_3_3_3.
2026/Jun/15 13:34:03.677260 EXECUTOR - Initialization of module TC_26_8_1_3_3_3 finished.
2026/Jun/15 13:34:03.677262 EXECUTOR - Initializing module TC_26_8_1_3_3_4.
2026/Jun/15 13:34:03.677267 EXECUTOR - Initialization of module TC_26_8_1_3_3_4 finished.
2026/Jun/15 13:34:03.677270 EXECUTOR - Initializing module TC_26_8_1_3_3_5.
2026/Jun/15 13:34:03.677275 EXECUTOR - Initialization of module TC_26_8_1_3_3_5 finished.
2026/Jun/15 13:34:03.677277 EXECUTOR - Initializing module TC_26_8_1_3_3_6.
2026/Jun/15 13:34:03.677283 EXECUTOR - Initialization of module TC_26_8_1_3_3_6 finished.
2026/Jun/15 13:34:03.677285 EXECUTOR - Initializing module TC_26_8_1_3_3_7.
2026/Jun/15 13:34:03.677290 EXECUTOR - Initialization of module TC_26_8_1_3_3_7 finished.
2026/Jun/15 13:34:03.677292 EXECUTOR - Initializing module TC_26_8_1_3_4_1.
2026/Jun/15 13:34:03.677300 EXECUTOR - Initialization of module TC_26_8_1_3_4_1 finished.
2026/Jun/15 13:34:03.677303 EXECUTOR - Initializing module TC_26_8_1_3_4_2.
2026/Jun/15 13:34:03.677309 EXECUTOR - Initialization of module TC_26_8_1_3_4_2 finished.
2026/Jun/15 13:34:03.677311 EXECUTOR - Initializing module TC_26_8_1_3_4_3.
2026/Jun/15 13:34:03.677316 EXECUTOR - Initialization of module TC_26_8_1_3_4_3 finished.
2026/Jun/15 13:34:03.677319 EXECUTOR - Initializing module TC_26_8_1_3_4_4.
2026/Jun/15 13:34:03.677324 EXECUTOR - Initialization of module TC_26_8_1_3_4_4 finished.
2026/Jun/15 13:34:03.677327 EXECUTOR - Initializing module TC_26_8_1_3_4_5.
2026/Jun/15 13:34:03.677332 EXECUTOR - Initialization of module TC_26_8_1_3_4_5 finished.
2026/Jun/15 13:34:03.677334 EXECUTOR - Initializing module TC_26_8_1_3_4_6.
2026/Jun/15 13:34:03.677339 EXECUTOR - Initialization of module TC_26_8_1_3_4_6 finished.
2026/Jun/15 13:34:03.677342 EXECUTOR - Initializing module TC_26_8_1_3_4_7.
2026/Jun/15 13:34:03.677347 EXECUTOR - Initialization of module TC_26_8_1_3_4_7 finished.
2026/Jun/15 13:34:03.677349 EXECUTOR - Initializing module TC_26_8_1_3_4_8.
2026/Jun/15 13:34:03.677355 EXECUTOR - Initialization of module TC_26_8_1_3_4_8 finished.
2026/Jun/15 13:34:03.677357 EXECUTOR - Initializing module TC_26_8_1_3_5_1.
2026/Jun/15 13:34:03.677362 EXECUTOR - Initialization of module TC_26_8_1_3_5_1 finished.
2026/Jun/15 13:34:03.677365 EXECUTOR - Initializing module TC_26_8_1_3_5_2.
2026/Jun/15 13:34:03.677369 EXECUTOR - Initialization of module TC_26_8_1_3_5_2 finished.
2026/Jun/15 13:34:03.677372 EXECUTOR - Initializing module TC_26_8_1_3_5_3.
2026/Jun/15 13:34:03.677376 EXECUTOR - Initialization of module TC_26_8_1_3_5_3 finished.
2026/Jun/15 13:34:03.677378 EXECUTOR - Initializing module TC_26_8_1_3_5_4.
2026/Jun/15 13:34:03.677384 EXECUTOR - Initialization of module TC_26_8_1_3_5_4 finished.
2026/Jun/15 13:34:03.677386 EXECUTOR - Initializing module TC_26_8_1_3_5_5.
2026/Jun/15 13:34:03.677391 EXECUTOR - Initialization of module TC_26_8_1_3_5_5 finished.
2026/Jun/15 13:34:03.677393 EXECUTOR - Initializing module TC_26_8_1_3_5_6.
2026/Jun/15 13:34:03.677399 EXECUTOR - Initialization of module TC_26_8_1_3_5_6 finished.
2026/Jun/15 13:34:03.677402 EXECUTOR - Initializing module TC_26_8_1_3_5_7.
2026/Jun/15 13:34:03.677407 EXECUTOR - Initialization of module TC_26_8_1_3_5_7 finished.
2026/Jun/15 13:34:03.677409 EXECUTOR - Initializing module TC_26_8_1_3_5_8.
2026/Jun/15 13:34:03.677414 EXECUTOR - Initialization of module TC_26_8_1_3_5_8 finished.
2026/Jun/15 13:34:03.677417 EXECUTOR - Initializing module TC_26_8_1_3_5_9.
2026/Jun/15 13:34:03.677423 EXECUTOR - Initialization of module TC_26_8_1_3_5_9 finished.
2026/Jun/15 13:34:03.677425 EXECUTOR - Initializing module TC_26_8_2_1.
2026/Jun/15 13:34:03.677431 EXECUTOR - Initialization of module TC_26_8_2_1 finished.
2026/Jun/15 13:34:03.677434 EXECUTOR - Initializing module TC_26_8_2_2.
2026/Jun/15 13:34:03.677440 EXECUTOR - Initialization of module TC_26_8_2_2 finished.
2026/Jun/15 13:34:03.677442 EXECUTOR - Initializing module TC_26_8_2_3.
2026/Jun/15 13:34:03.677447 EXECUTOR - Initialization of module TC_26_8_2_3 finished.
2026/Jun/15 13:34:03.677449 EXECUTOR - Initializing module TC_26_8_3.
2026/Jun/15 13:34:03.677455 EXECUTOR - Initialization of module TC_26_8_3 finished.
2026/Jun/15 13:34:03.677457 EXECUTOR - Initializing module TC_34_2_2.
2026/Jun/15 13:34:03.677462 EXECUTOR - Initialization of module TC_34_2_2 finished.
2026/Jun/15 13:34:03.677464 EXECUTOR - Initializing module TitanLoggerApi.
2026/Jun/15 13:34:03.677467 EXECUTOR - Initialization of module TitanLoggerApi finished.
2026/Jun/15 13:34:03.677469 EXECUTOR - Initializing module TitanLoggerControl.
2026/Jun/15 13:34:03.677471 EXECUTOR - Initialization of module TitanLoggerControl finished.
2026/Jun/15 13:34:03.677483 EXECUTOR - Configuration data was processed successfully.
2026/Jun/15 13:34:03.679196 EXECUTOR - MTC was created. Process id: 39.
2026/Jun/15 13:37:03.841771 EXECUTOR - Exit was requested from MC. Terminating HC.
2026/Jun/15 13:37:03.842000 EXECUTOR - Disconnected from MC.
2026/Jun/15 13:37:03.842031 EXECUTOR - TTCN-3 Host Controller finished.
