2026/Jun/08 11:37:20.893055 EXECUTOR - TTCN-3 Host Controller started on ttcn3-tc-26-6-8-5-15-2fv5m. Version: 11.1.0.
2026/Jun/08 11:37:20.893216 EXECUTOR - TTCN Logger v2.2 options: TimeStampFormat:=DateTime; LogEntityName:=No; LogEventTypes:=Yes; SourceInfoFormat:=Single; LogSensitiveData:=No; *.FileMask:=LOG_ALL; *.ConsoleMask:=ERROR | TESTCASE | USER | VERDICTOP | WARNING; LogFileSize:=0; LogFileNumber:=1; DiskFullAction:=Error
2026/Jun/08 11:37:20.893228 EXECUTOR - Maximum number of open file descriptors: 1048576,   FD_SETSIZE = 1024
2026/Jun/08 11:37:20.893341 WARNING - Warning: The address of MC was set to a local IP address. This may cause incorrect behavior if a HC from a remote host also connects to MC.
2026/Jun/08 11:37:20.893377 EXECUTOR - The address of MC was set to 127.0.0.1:0.
2026/Jun/08 11:37:20.893481 EXECUTOR - Connected to MC.
2026/Jun/08 11:37:20.893568 EXECUTOR - This host supports UNIX domain sockets for local communication.
2026/Jun/08 11:37:20.893801 EXECUTOR - Processing configuration data received from MC.
2026/Jun/08 11:37:20.894052 WARNING - Warning: Skeleton `/results/TC_26_6_8_5-2026-06-08-113702/%n.log' does not guarantee unique log file name for every test system process. It may cause unpredictable results if several test components try to write into the same log file.
2026/Jun/08 11:37:20.894341 EXECUTOR - Module GSM_Constants has the following parameters: { TSPC_Serv_TS11 := true, TSPC_Serv_TS61 := false, TSPC_Serv_TS62 := false, TSPC_Serv_BS21 := false, TSPC_Serv_BS22 := false, TSPC_Serv_BS24 := false, TSPC_Serv_BS25 := false, TSPC_Serv_BS26 := false, TSPC_Serv_BS31 := false, TSPC_Serv_BS32 := false, TSPC_Serv_BS33 := false, TSPC_Serv_BS34 := false, TSPC_Serv_BS41 := false, TSPC_Serv_BS42 := false, TSPC_Serv_BS43 := false, TSPC_Serv_BS44 := false, TSPC_Serv_BS45 := false, TSPC_Serv_BS51 := false, TSPC_Serv_BS61 := false, TSPC_Serv_BS81 := false, TSPC_DualRate := false, TSPC_MTsvc := true, TSPX_IMSI := '901700000000001F'O, TSPX_TMSI := '1914D97F'O, TSPX_CKSNDef := 0, TSPX_RANDDef := '00112233445566778899AABBCCDDEEFF'O, TSPX_SRES := '12345678'O, TSPX_Kc := '0000000000000000'O, TSPX_SDCCH4SubDef := 0, TSPX_TmSltDef := 0, TSPX_TscDef := 7, TSPX_TCHHSubDef := 0, TCV_CC := true, TSPX_Telephony_Rate := C_Full (0), TSPX_MOBscSvcA := C_Telephony (0), TSPX_MOBscSvcB := C_Telephony (0), TSPX_MOBscSvcC := C_Telephony (0), TSPX_MOBscSvcD := C_Telephony (0), TSPX_MOBscSvcE := C_Telephony (0), TSPX_MOBscSvcF := C_Telephony (0), TSPX_MOBscSvcG := C_Telephony (0), TSPX_MOChRateA := C_Full (0), TSPX_MOChRateB := C_Full (0), TSPX_MOChRateC := C_Full (0), TSPX_MOChRateD := C_Full (0), TSPX_MOChRateE := C_Full (0), TSPX_MOChRateF := C_Full (0), TSPX_MOChRateG := C_Full (0), TSPX_MTBscSvcA := C_Telephony (0), TSPX_MTBscSvcB := C_Telephony (0), TSPX_MTBscSvcC := C_Telephony (0), TSPX_MTBscSvcD := C_Telephony (0), TSPX_MTBscSvcE := C_Telephony (0), TSPX_MTBscSvcF := C_Telephony (0), TSPX_MTBscSvcG := C_Telephony (0), TSPX_MTBscSvcH := C_Telephony (0), TSPX_MTBscSvcI := C_Telephony (0), TSPX_MTBscSvcJ := C_Telephony (0), TSPX_MTChRateA := C_Full (0), TSPX_MTChRateB := C_Full (0), TSPX_MTChRateC := C_Full (0), TSPX_MTChRateD := C_Full (0), TSPX_MTChRateE := C_Full (0), TSPX_MTChRateF := C_Full (0), TSPX_MTChRateG := C_Full (0), TSPX_MTChRateH := C_Full (0), TSPX_MTChRateI := C_Full (0), TSPX_MTChRateJ := C_Full (0), C_arfcnA := 100 }
2026/Jun/08 11:37:20.894422 EXECUTOR - Module TC_26_6_1_2 has the following parameters: { TSPX_nPara := 3, TSPX_i1Para := 3, TSPX_kPara := 5, TSPX_i2Para := 1, TSPX_rPara := 4, TSPX_i3Para := 4 }
2026/Jun/08 11:37:20.894469 EXECUTOR - Initializing module GSM_Component_Definitions.
2026/Jun/08 11:37:20.894478 EXECUTOR GSM_Component_Definitions.ttcn3:0 Initializing module GSM_Templates.
2026/Jun/08 11:37:20.894495 EXECUTOR GSM_Templates.ttcn3:0 Initializing module GSM_Constants.
2026/Jun/08 11:37:20.894500 EXECUTOR GSM_Constants.ttcn3:0 Initializing module GSM_Types.
2026/Jun/08 11:37:20.894504 EXECUTOR GSM_Constants.ttcn3:0 Initialization of module GSM_Types finished.
2026/Jun/08 11:37:20.894507 EXECUTOR GSM_Templates.ttcn3:0 Initialization of module GSM_Constants finished.
2026/Jun/08 11:37:20.894600 EXECUTOR GSM_Component_Definitions.ttcn3:0 Initialization of module GSM_Templates finished.
2026/Jun/08 11:37:20.894604 EXECUTOR - Initialization of module GSM_Component_Definitions finished.
2026/Jun/08 11:37:20.894606 EXECUTOR - Initializing module GSM_Functions.
2026/Jun/08 11:37:20.894630 EXECUTOR - Initialization of module GSM_Functions finished.
2026/Jun/08 11:37:20.894632 EXECUTOR - Initializing module PreGenRecordOf.
2026/Jun/08 11:37:20.894635 EXECUTOR - Initialization of module PreGenRecordOf finished.
2026/Jun/08 11:37:20.894637 EXECUTOR - Initializing module TC_26_2_1_3.
2026/Jun/08 11:37:20.894641 EXECUTOR - Initialization of module TC_26_2_1_3 finished.
2026/Jun/08 11:37:20.894643 EXECUTOR - Initializing module TC_26_2_2.
2026/Jun/08 11:37:20.894648 EXECUTOR - Initialization of module TC_26_2_2 finished.
2026/Jun/08 11:37:20.894650 EXECUTOR - Initializing module TC_26_2_3.
2026/Jun/08 11:37:20.894655 EXECUTOR - Initialization of module TC_26_2_3 finished.
2026/Jun/08 11:37:20.894657 EXECUTOR - Initializing module TC_26_6_11_1.
2026/Jun/08 11:37:20.894662 EXECUTOR - Initialization of module TC_26_6_11_1 finished.
2026/Jun/08 11:37:20.894664 EXECUTOR - Initializing module TC_26_6_11_2.
2026/Jun/08 11:37:20.894669 EXECUTOR - Initialization of module TC_26_6_11_2 finished.
2026/Jun/08 11:37:20.894671 EXECUTOR - Initializing module TC_26_6_12_1.
2026/Jun/08 11:37:20.894676 EXECUTOR - Initialization of module TC_26_6_12_1 finished.
2026/Jun/08 11:37:20.894678 EXECUTOR - Initializing module TC_26_6_12_2.
2026/Jun/08 11:37:20.894683 EXECUTOR - Initialization of module TC_26_6_12_2 finished.
2026/Jun/08 11:37:20.894685 EXECUTOR - Initializing module TC_26_6_12_3.
2026/Jun/08 11:37:20.894690 EXECUTOR - Initialization of module TC_26_6_12_3 finished.
2026/Jun/08 11:37:20.894692 EXECUTOR - Initializing module TC_26_6_12_4.
2026/Jun/08 11:37:20.894697 EXECUTOR - Initialization of module TC_26_6_12_4 finished.
2026/Jun/08 11:37:20.894699 EXECUTOR - Initializing module TC_26_6_13_10.
2026/Jun/08 11:37:20.894704 EXECUTOR - Initialization of module TC_26_6_13_10 finished.
2026/Jun/08 11:37:20.894706 EXECUTOR - Initializing module TC_26_6_13_9.
2026/Jun/08 11:37:20.894710 EXECUTOR - Initialization of module TC_26_6_13_9 finished.
2026/Jun/08 11:37:20.894712 EXECUTOR - Initializing module TC_26_6_1_1.
2026/Jun/08 11:37:20.894717 EXECUTOR - Initialization of module TC_26_6_1_1 finished.
2026/Jun/08 11:37:20.894719 EXECUTOR - Initializing module TC_26_6_1_2.
2026/Jun/08 11:37:20.894724 EXECUTOR - Initialization of module TC_26_6_1_2 finished.
2026/Jun/08 11:37:20.894726 EXECUTOR - Initializing module TC_26_6_1_3.
2026/Jun/08 11:37:20.894731 EXECUTOR - Initialization of module TC_26_6_1_3 finished.
2026/Jun/08 11:37:20.894733 EXECUTOR - Initializing module TC_26_6_1_4.
2026/Jun/08 11:37:20.894737 EXECUTOR - Initialization of module TC_26_6_1_4 finished.
2026/Jun/08 11:37:20.894740 EXECUTOR - Initializing module TC_26_6_1_5.
2026/Jun/08 11:37:20.894744 EXECUTOR - Initialization of module TC_26_6_1_5 finished.
2026/Jun/08 11:37:20.894746 EXECUTOR - Initializing module TC_26_6_2_1_1.
2026/Jun/08 11:37:20.894751 EXECUTOR - Initialization of module TC_26_6_2_1_1 finished.
2026/Jun/08 11:37:20.894753 EXECUTOR - Initializing module TC_26_6_2_1_2.
2026/Jun/08 11:37:20.894758 EXECUTOR - Initialization of module TC_26_6_2_1_2 finished.
2026/Jun/08 11:37:20.894760 EXECUTOR - Initializing module TC_26_6_2_1_3.
2026/Jun/08 11:37:20.894765 EXECUTOR - Initialization of module TC_26_6_2_1_3 finished.
2026/Jun/08 11:37:20.894767 EXECUTOR - Initializing module TC_26_6_2_2.
2026/Jun/08 11:37:20.894772 EXECUTOR - Initialization of module TC_26_6_2_2 finished.
2026/Jun/08 11:37:20.894774 EXECUTOR - Initializing module TC_26_6_2_3_1.
2026/Jun/08 11:37:20.894779 EXECUTOR - Initialization of module TC_26_6_2_3_1 finished.
2026/Jun/08 11:37:20.894781 EXECUTOR - Initializing module TC_26_6_2_3_2.
2026/Jun/08 11:37:20.894786 EXECUTOR - Initialization of module TC_26_6_2_3_2 finished.
2026/Jun/08 11:37:20.894795 EXECUTOR - Initializing module TC_26_6_2_4.
2026/Jun/08 11:37:20.894799 EXECUTOR - Initialization of module TC_26_6_2_4 finished.
2026/Jun/08 11:37:20.894802 EXECUTOR - Initializing module TC_26_6_3_1.
2026/Jun/08 11:37:20.894807 EXECUTOR - Initialization of module TC_26_6_3_1 finished.
2026/Jun/08 11:37:20.894809 EXECUTOR - Initializing module TC_26_6_3_4.
2026/Jun/08 11:37:20.894814 EXECUTOR - Initialization of module TC_26_6_3_4 finished.
2026/Jun/08 11:37:20.894816 EXECUTOR - Initializing module TC_26_6_4_1.
2026/Jun/08 11:37:20.894829 EXECUTOR - Initialization of module TC_26_6_4_1 finished.
2026/Jun/08 11:37:20.894834 EXECUTOR - Initializing module TC_26_6_4_2_2.
2026/Jun/08 11:37:20.894839 EXECUTOR - Initialization of module TC_26_6_4_2_2 finished.
2026/Jun/08 11:37:20.894841 EXECUTOR - Initializing module TC_26_6_5_1.
2026/Jun/08 11:37:20.894846 EXECUTOR - Initialization of module TC_26_6_5_1 finished.
2026/Jun/08 11:37:20.894848 EXECUTOR - Initializing module TC_26_6_5_2_1.
2026/Jun/08 11:37:20.894853 EXECUTOR - Initialization of module TC_26_6_5_2_1 finished.
2026/Jun/08 11:37:20.894855 EXECUTOR - Initializing module TC_26_6_8_1.
2026/Jun/08 11:37:20.894861 EXECUTOR - Initialization of module TC_26_6_8_1 finished.
2026/Jun/08 11:37:20.894863 EXECUTOR - Initializing module TC_26_6_8_2.
2026/Jun/08 11:37:20.894868 EXECUTOR - Initialization of module TC_26_6_8_2 finished.
2026/Jun/08 11:37:20.894870 EXECUTOR - Initializing module TC_26_6_8_3.
2026/Jun/08 11:37:20.894874 EXECUTOR - Initialization of module TC_26_6_8_3 finished.
2026/Jun/08 11:37:20.894876 EXECUTOR - Initializing module TC_26_6_8_4.
2026/Jun/08 11:37:20.894881 EXECUTOR - Initialization of module TC_26_6_8_4 finished.
2026/Jun/08 11:37:20.894883 EXECUTOR - Initializing module TC_26_6_8_5.
2026/Jun/08 11:37:20.894888 EXECUTOR - Initialization of module TC_26_6_8_5 finished.
2026/Jun/08 11:37:20.894890 EXECUTOR - Initializing module TC_26_7_1.
2026/Jun/08 11:37:20.894895 EXECUTOR - Initialization of module TC_26_7_1 finished.
2026/Jun/08 11:37:20.894897 EXECUTOR - Initializing module TC_26_7_2_1.
2026/Jun/08 11:37:20.894901 EXECUTOR - Initialization of module TC_26_7_2_1 finished.
2026/Jun/08 11:37:20.894904 EXECUTOR - Initializing module TC_26_7_2_2.
2026/Jun/08 11:37:20.894912 EXECUTOR - Initialization of module TC_26_7_2_2 finished.
2026/Jun/08 11:37:20.894914 EXECUTOR - Initializing module TC_26_7_3_1.
2026/Jun/08 11:37:20.894919 EXECUTOR - Initialization of module TC_26_7_3_1 finished.
2026/Jun/08 11:37:20.894921 EXECUTOR - Initializing module TC_26_7_3_2.
2026/Jun/08 11:37:20.894927 EXECUTOR - Initialization of module TC_26_7_3_2 finished.
2026/Jun/08 11:37:20.894929 EXECUTOR - Initializing module TC_26_7_4_1.
2026/Jun/08 11:37:20.894934 EXECUTOR - Initialization of module TC_26_7_4_1 finished.
2026/Jun/08 11:37:20.894936 EXECUTOR - Initializing module TC_26_7_4_2_1.
2026/Jun/08 11:37:20.894941 EXECUTOR - Initialization of module TC_26_7_4_2_1 finished.
2026/Jun/08 11:37:20.894943 EXECUTOR - Initializing module TC_26_7_4_2_2_1.
2026/Jun/08 11:37:20.894949 EXECUTOR - Initialization of module TC_26_7_4_2_2_1 finished.
2026/Jun/08 11:37:20.894951 EXECUTOR - Initializing module TC_26_7_4_2_2_2.
2026/Jun/08 11:37:20.894956 EXECUTOR - Initialization of module TC_26_7_4_2_2_2 finished.
2026/Jun/08 11:37:20.894958 EXECUTOR - Initializing module TC_26_7_4_2_3.
2026/Jun/08 11:37:20.894963 EXECUTOR - Initialization of module TC_26_7_4_2_3 finished.
2026/Jun/08 11:37:20.894965 EXECUTOR - Initializing module TC_26_7_4_2_4_1.
2026/Jun/08 11:37:20.894970 EXECUTOR - Initialization of module TC_26_7_4_2_4_1 finished.
2026/Jun/08 11:37:20.894972 EXECUTOR - Initializing module TC_26_7_4_2_4_2.
2026/Jun/08 11:37:20.894977 EXECUTOR - Initialization of module TC_26_7_4_2_4_2 finished.
2026/Jun/08 11:37:20.894979 EXECUTOR - Initializing module TC_26_7_4_2_4_3.
2026/Jun/08 11:37:20.894984 EXECUTOR - Initialization of module TC_26_7_4_2_4_3 finished.
2026/Jun/08 11:37:20.894986 EXECUTOR - Initializing module TC_26_7_4_2_4_4.
2026/Jun/08 11:37:20.894994 EXECUTOR - Initialization of module TC_26_7_4_2_4_4 finished.
2026/Jun/08 11:37:20.894996 EXECUTOR - Initializing module TC_26_7_4_2_4_5.
2026/Jun/08 11:37:20.895000 EXECUTOR - Initialization of module TC_26_7_4_2_4_5 finished.
2026/Jun/08 11:37:20.895003 EXECUTOR - Initializing module TC_26_7_4_3_1.
2026/Jun/08 11:37:20.895007 EXECUTOR - Initialization of module TC_26_7_4_3_1 finished.
2026/Jun/08 11:37:20.895010 EXECUTOR - Initializing module TC_26_7_4_3_2.
2026/Jun/08 11:37:20.895015 EXECUTOR - Initialization of module TC_26_7_4_3_2 finished.
2026/Jun/08 11:37:20.895017 EXECUTOR - Initializing module TC_26_7_4_3_3.
2026/Jun/08 11:37:20.895022 EXECUTOR - Initialization of module TC_26_7_4_3_3 finished.
2026/Jun/08 11:37:20.895024 EXECUTOR - Initializing module TC_26_7_4_3_4.
2026/Jun/08 11:37:20.895029 EXECUTOR - Initialization of module TC_26_7_4_3_4 finished.
2026/Jun/08 11:37:20.895031 EXECUTOR - Initializing module TC_26_7_4_4.
2026/Jun/08 11:37:20.895036 EXECUTOR - Initialization of module TC_26_7_4_4 finished.
2026/Jun/08 11:37:20.895038 EXECUTOR - Initializing module TC_26_7_4_5_1.
2026/Jun/08 11:37:20.895043 EXECUTOR - Initialization of module TC_26_7_4_5_1 finished.
2026/Jun/08 11:37:20.895045 EXECUTOR - Initializing module TC_26_7_4_5_2.
2026/Jun/08 11:37:20.895050 EXECUTOR - Initialization of module TC_26_7_4_5_2 finished.
2026/Jun/08 11:37:20.895052 EXECUTOR - Initializing module TC_26_7_4_5_3.
2026/Jun/08 11:37:20.895057 EXECUTOR - Initialization of module TC_26_7_4_5_3 finished.
2026/Jun/08 11:37:20.895059 EXECUTOR - Initializing module TC_26_7_4_5_4_2.
2026/Jun/08 11:37:20.895063 EXECUTOR - Initialization of module TC_26_7_4_5_4_2 finished.
2026/Jun/08 11:37:20.895066 EXECUTOR - Initializing module TC_26_7_5_2.
2026/Jun/08 11:37:20.895071 EXECUTOR - Initialization of module TC_26_7_5_2 finished.
2026/Jun/08 11:37:20.895073 EXECUTOR - Initializing module TC_26_7_5_3.
2026/Jun/08 11:37:20.895078 EXECUTOR - Initialization of module TC_26_7_5_3 finished.
2026/Jun/08 11:37:20.895080 EXECUTOR - Initializing module TC_26_7_5_4.
2026/Jun/08 11:37:20.895085 EXECUTOR - Initialization of module TC_26_7_5_4 finished.
2026/Jun/08 11:37:20.895087 EXECUTOR - Initializing module TC_26_7_5_5.
2026/Jun/08 11:37:20.895092 EXECUTOR - Initialization of module TC_26_7_5_5 finished.
2026/Jun/08 11:37:20.895094 EXECUTOR - Initializing module TC_26_7_5_6.
2026/Jun/08 11:37:20.895100 EXECUTOR - Initialization of module TC_26_7_5_6 finished.
2026/Jun/08 11:37:20.895102 EXECUTOR - Initializing module TC_26_7_5_7_1.
2026/Jun/08 11:37:20.895107 EXECUTOR - Initialization of module TC_26_7_5_7_1 finished.
2026/Jun/08 11:37:20.895109 EXECUTOR - Initializing module TC_26_7_5_8_1.
2026/Jun/08 11:37:20.895114 EXECUTOR - Initialization of module TC_26_7_5_8_1 finished.
2026/Jun/08 11:37:20.895116 EXECUTOR - Initializing module TC_26_7_5_8_2.
2026/Jun/08 11:37:20.895121 EXECUTOR - Initialization of module TC_26_7_5_8_2 finished.
2026/Jun/08 11:37:20.895123 EXECUTOR - Initializing module TC_26_7_5_8_3.
2026/Jun/08 11:37:20.895128 EXECUTOR - Initialization of module TC_26_7_5_8_3 finished.
2026/Jun/08 11:37:20.895130 EXECUTOR - Initializing module TC_26_8_1_2_1_1.
2026/Jun/08 11:37:20.895135 EXECUTOR - Initialization of module TC_26_8_1_2_1_1 finished.
2026/Jun/08 11:37:20.895137 EXECUTOR - Initializing module TC_26_8_1_2_2_1.
2026/Jun/08 11:37:20.895142 EXECUTOR - Initialization of module TC_26_8_1_2_2_1 finished.
2026/Jun/08 11:37:20.895144 EXECUTOR - Initializing module TC_26_8_1_2_2_2.
2026/Jun/08 11:37:20.895148 EXECUTOR - Initialization of module TC_26_8_1_2_2_2 finished.
2026/Jun/08 11:37:20.895151 EXECUTOR - Initializing module TC_26_8_1_2_2_3.
2026/Jun/08 11:37:20.895155 EXECUTOR - Initialization of module TC_26_8_1_2_2_3 finished.
2026/Jun/08 11:37:20.895157 EXECUTOR - Initializing module TC_26_8_1_2_3_1.
2026/Jun/08 11:37:20.895162 EXECUTOR - Initialization of module TC_26_8_1_2_3_1 finished.
2026/Jun/08 11:37:20.895164 EXECUTOR - Initializing module TC_26_8_1_2_3_2.
2026/Jun/08 11:37:20.895169 EXECUTOR - Initialization of module TC_26_8_1_2_3_2 finished.
2026/Jun/08 11:37:20.895173 EXECUTOR - Initializing module TC_26_8_1_2_3_3.
2026/Jun/08 11:37:20.895179 EXECUTOR - Initialization of module TC_26_8_1_2_3_3 finished.
2026/Jun/08 11:37:20.895181 EXECUTOR - Initializing module TC_26_8_1_2_3_4.
2026/Jun/08 11:37:20.895186 EXECUTOR - Initialization of module TC_26_8_1_2_3_4 finished.
2026/Jun/08 11:37:20.895188 EXECUTOR - Initializing module TC_26_8_1_2_3_5.
2026/Jun/08 11:37:20.895193 EXECUTOR - Initialization of module TC_26_8_1_2_3_5 finished.
2026/Jun/08 11:37:20.895195 EXECUTOR - Initializing module TC_26_8_1_2_3_6.
2026/Jun/08 11:37:20.895200 EXECUTOR - Initialization of module TC_26_8_1_2_3_6 finished.
2026/Jun/08 11:37:20.895203 EXECUTOR - Initializing module TC_26_8_1_2_3_7.
2026/Jun/08 11:37:20.895208 EXECUTOR - Initialization of module TC_26_8_1_2_3_7 finished.
2026/Jun/08 11:37:20.895210 EXECUTOR - Initializing module TC_26_8_1_2_4_1.
2026/Jun/08 11:37:20.895215 EXECUTOR - Initialization of module TC_26_8_1_2_4_1 finished.
2026/Jun/08 11:37:20.895217 EXECUTOR - Initializing module TC_26_8_1_2_4_13.
2026/Jun/08 11:37:20.895222 EXECUTOR - Initialization of module TC_26_8_1_2_4_13 finished.
2026/Jun/08 11:37:20.895224 EXECUTOR - Initializing module TC_26_8_1_2_4_2.
2026/Jun/08 11:37:20.895229 EXECUTOR - Initialization of module TC_26_8_1_2_4_2 finished.
2026/Jun/08 11:37:20.895232 EXECUTOR - Initializing module TC_26_8_1_2_4_3.
2026/Jun/08 11:37:20.895237 EXECUTOR - Initialization of module TC_26_8_1_2_4_3 finished.
2026/Jun/08 11:37:20.895239 EXECUTOR - Initializing module TC_26_8_1_2_4_4.
2026/Jun/08 11:37:20.895243 EXECUTOR - Initialization of module TC_26_8_1_2_4_4 finished.
2026/Jun/08 11:37:20.895245 EXECUTOR - Initializing module TC_26_8_1_2_4_5.
2026/Jun/08 11:37:20.895250 EXECUTOR - Initialization of module TC_26_8_1_2_4_5 finished.
2026/Jun/08 11:37:20.895252 EXECUTOR - Initializing module TC_26_8_1_2_6_1.
2026/Jun/08 11:37:20.895257 EXECUTOR - Initialization of module TC_26_8_1_2_6_1 finished.
2026/Jun/08 11:37:20.895259 EXECUTOR - Initializing module TC_26_8_1_2_6_2.
2026/Jun/08 11:37:20.895264 EXECUTOR - Initialization of module TC_26_8_1_2_6_2 finished.
2026/Jun/08 11:37:20.895266 EXECUTOR - Initializing module TC_26_8_1_2_6_3.
2026/Jun/08 11:37:20.895270 EXECUTOR - Initialization of module TC_26_8_1_2_6_3 finished.
2026/Jun/08 11:37:20.895272 EXECUTOR - Initializing module TC_26_8_1_2_6_6.
2026/Jun/08 11:37:20.895277 EXECUTOR - Initialization of module TC_26_8_1_2_6_6 finished.
2026/Jun/08 11:37:20.895279 EXECUTOR - Initializing module TC_26_8_1_3_1_1.
2026/Jun/08 11:37:20.895284 EXECUTOR - Initialization of module TC_26_8_1_3_1_1 finished.
2026/Jun/08 11:37:20.895286 EXECUTOR - Initializing module TC_26_8_1_3_2_1.
2026/Jun/08 11:37:20.895291 EXECUTOR - Initialization of module TC_26_8_1_3_2_1 finished.
2026/Jun/08 11:37:20.895294 EXECUTOR - Initializing module TC_26_8_1_3_3_1.
2026/Jun/08 11:37:20.895299 EXECUTOR - Initialization of module TC_26_8_1_3_3_1 finished.
2026/Jun/08 11:37:20.895301 EXECUTOR - Initializing module TC_26_8_1_3_3_2.
2026/Jun/08 11:37:20.895306 EXECUTOR - Initialization of module TC_26_8_1_3_3_2 finished.
2026/Jun/08 11:37:20.895308 EXECUTOR - Initializing module TC_26_8_1_3_3_3.
2026/Jun/08 11:37:20.895313 EXECUTOR - Initialization of module TC_26_8_1_3_3_3 finished.
2026/Jun/08 11:37:20.895315 EXECUTOR - Initializing module TC_26_8_1_3_3_4.
2026/Jun/08 11:37:20.895320 EXECUTOR - Initialization of module TC_26_8_1_3_3_4 finished.
2026/Jun/08 11:37:20.895322 EXECUTOR - Initializing module TC_26_8_1_3_3_5.
2026/Jun/08 11:37:20.895327 EXECUTOR - Initialization of module TC_26_8_1_3_3_5 finished.
2026/Jun/08 11:37:20.895329 EXECUTOR - Initializing module TC_26_8_1_3_3_6.
2026/Jun/08 11:37:20.895334 EXECUTOR - Initialization of module TC_26_8_1_3_3_6 finished.
2026/Jun/08 11:37:20.895336 EXECUTOR - Initializing module TC_26_8_1_3_3_7.
2026/Jun/08 11:37:20.895341 EXECUTOR - Initialization of module TC_26_8_1_3_3_7 finished.
2026/Jun/08 11:37:20.895343 EXECUTOR - Initializing module TC_26_8_1_3_4_1.
2026/Jun/08 11:37:20.895351 EXECUTOR - Initialization of module TC_26_8_1_3_4_1 finished.
2026/Jun/08 11:37:20.895353 EXECUTOR - Initializing module TC_26_8_1_3_4_2.
2026/Jun/08 11:37:20.895358 EXECUTOR - Initialization of module TC_26_8_1_3_4_2 finished.
2026/Jun/08 11:37:20.895360 EXECUTOR - Initializing module TC_26_8_1_3_4_3.
2026/Jun/08 11:37:20.895365 EXECUTOR - Initialization of module TC_26_8_1_3_4_3 finished.
2026/Jun/08 11:37:20.895368 EXECUTOR - Initializing module TC_26_8_1_3_4_4.
2026/Jun/08 11:37:20.895373 EXECUTOR - Initialization of module TC_26_8_1_3_4_4 finished.
2026/Jun/08 11:37:20.895375 EXECUTOR - Initializing module TC_26_8_1_3_4_5.
2026/Jun/08 11:37:20.895380 EXECUTOR - Initialization of module TC_26_8_1_3_4_5 finished.
2026/Jun/08 11:37:20.895382 EXECUTOR - Initializing module TC_26_8_1_3_4_6.
2026/Jun/08 11:37:20.895387 EXECUTOR - Initialization of module TC_26_8_1_3_4_6 finished.
2026/Jun/08 11:37:20.895389 EXECUTOR - Initializing module TC_26_8_1_3_4_7.
2026/Jun/08 11:37:20.895395 EXECUTOR - Initialization of module TC_26_8_1_3_4_7 finished.
2026/Jun/08 11:37:20.895397 EXECUTOR - Initializing module TC_26_8_1_3_4_8.
2026/Jun/08 11:37:20.895402 EXECUTOR - Initialization of module TC_26_8_1_3_4_8 finished.
2026/Jun/08 11:37:20.895404 EXECUTOR - Initializing module TC_26_8_1_3_5_1.
2026/Jun/08 11:37:20.895409 EXECUTOR - Initialization of module TC_26_8_1_3_5_1 finished.
2026/Jun/08 11:37:20.895411 EXECUTOR - Initializing module TC_26_8_1_3_5_2.
2026/Jun/08 11:37:20.895417 EXECUTOR - Initialization of module TC_26_8_1_3_5_2 finished.
2026/Jun/08 11:37:20.895419 EXECUTOR - Initializing module TC_26_8_1_3_5_3.
2026/Jun/08 11:37:20.895424 EXECUTOR - Initialization of module TC_26_8_1_3_5_3 finished.
2026/Jun/08 11:37:20.895426 EXECUTOR - Initializing module TC_26_8_1_3_5_4.
2026/Jun/08 11:37:20.895431 EXECUTOR - Initialization of module TC_26_8_1_3_5_4 finished.
2026/Jun/08 11:37:20.895433 EXECUTOR - Initializing module TC_26_8_1_3_5_5.
2026/Jun/08 11:37:20.895438 EXECUTOR - Initialization of module TC_26_8_1_3_5_5 finished.
2026/Jun/08 11:37:20.895441 EXECUTOR - Initializing module TC_26_8_1_3_5_6.
2026/Jun/08 11:37:20.895446 EXECUTOR - Initialization of module TC_26_8_1_3_5_6 finished.
2026/Jun/08 11:37:20.895448 EXECUTOR - Initializing module TC_26_8_1_3_5_7.
2026/Jun/08 11:37:20.895453 EXECUTOR - Initialization of module TC_26_8_1_3_5_7 finished.
2026/Jun/08 11:37:20.895455 EXECUTOR - Initializing module TC_26_8_1_3_5_8.
2026/Jun/08 11:37:20.895460 EXECUTOR - Initialization of module TC_26_8_1_3_5_8 finished.
2026/Jun/08 11:37:20.895462 EXECUTOR - Initializing module TC_26_8_1_3_5_9.
2026/Jun/08 11:37:20.895467 EXECUTOR - Initialization of module TC_26_8_1_3_5_9 finished.
2026/Jun/08 11:37:20.895469 EXECUTOR - Initializing module TC_26_8_2_1.
2026/Jun/08 11:37:20.895475 EXECUTOR - Initialization of module TC_26_8_2_1 finished.
2026/Jun/08 11:37:20.895477 EXECUTOR - Initializing module TC_26_8_2_2.
2026/Jun/08 11:37:20.895481 EXECUTOR - Initialization of module TC_26_8_2_2 finished.
2026/Jun/08 11:37:20.895483 EXECUTOR - Initializing module TC_26_8_2_3.
2026/Jun/08 11:37:20.895488 EXECUTOR - Initialization of module TC_26_8_2_3 finished.
2026/Jun/08 11:37:20.895490 EXECUTOR - Initializing module TC_26_8_3.
2026/Jun/08 11:37:20.895495 EXECUTOR - Initialization of module TC_26_8_3 finished.
2026/Jun/08 11:37:20.895497 EXECUTOR - Initializing module TC_34_2_2.
2026/Jun/08 11:37:20.895502 EXECUTOR - Initialization of module TC_34_2_2 finished.
2026/Jun/08 11:37:20.895504 EXECUTOR - Initializing module TitanLoggerApi.
2026/Jun/08 11:37:20.895507 EXECUTOR - Initialization of module TitanLoggerApi finished.
2026/Jun/08 11:37:20.895509 EXECUTOR - Initializing module TitanLoggerControl.
2026/Jun/08 11:37:20.895511 EXECUTOR - Initialization of module TitanLoggerControl finished.
2026/Jun/08 11:37:20.895521 EXECUTOR - Configuration data was processed successfully.
2026/Jun/08 11:37:20.897219 EXECUTOR - MTC was created. Process id: 53.
2026/Jun/08 11:39:18.798044 EXECUTOR - Exit was requested from MC. Terminating HC.
2026/Jun/08 11:39:18.798265 EXECUTOR - Disconnected from MC.
2026/Jun/08 11:39:18.798306 EXECUTOR - TTCN-3 Host Controller finished.
