/usr/local/bin/virtphy.real: option requires an argument -- 'd'
Thu Jul  2 08:59:50 2026 DVIRPHY virtphy.c:248 Virtual physical layer starting up...
Thu Jul  2 08:59:50 2026 DVIRPHY virtphy.c:257 Virtual physical layer ready, waiting for l23 app(s) on /tmp/osmocom_l2
Thu Jul  2 08:59:57 2026 DMAIN virt_l1_model.c:42 MS 0000: allocated
Thu Jul  2 08:59:57 2026 DL1C l1ctl_sock.c:138 Accepted client (fd=6) from server (fd=5)
Thu Jul  2 08:59:57 2026 DL1C l1ctl_sap.c:625 MS 0000: Tx L1CTL_RESET_CONF (reset_type: 1)
Thu Jul  2 08:59:57 2026 DL1C l1ctl_sap.c:625 MS 0000: Tx L1CTL_RESET_CONF (reset_type: 1)
Thu Jul  2 08:59:57 2026 DL1C virt_prim_pm.c:94 MS 0000: Rx L1CTL_PM_REQ TYPE=1, FROM=51, TO=51 — scheduling PM_CONF in 300ms
Thu Jul  2 08:59:57 2026 DL1C virt_prim_pm.c:151 MS 0000: Tx L1CTL_PM_CONF (timer fired!)
Thu Jul  2 08:59:57 2026 DL1C l1ctl_sap.c:625 MS 0000: Tx L1CTL_RESET_CONF (reset_type: 1)
Thu Jul  2 08:59:57 2026 DL1C virt_prim_fbsb.c:57 MS 0000: Rx L1CTL_FBSB_REQ (arfcn=51, flags=0x7)
Thu Jul  2 09:00:01 2026 DL1C virt_prim_pm.c:57 MS 0000: Power measurement set for arfcn 51. Set signal level to -63 (== rxlev: 47).
Thu Jul  2 09:00:01 2026 DL1C virt_prim_fbsb.c:127 MS 0000: Tx L1CTL_FBSB_CONF (res: 0)
Thu Jul  2 09:00:01 2026 DL1C l1ctl_sap.c:519 MS 0000: Rx L1CTL_CCCH_MODE_REQ (mode=2)
Thu Jul  2 09:00:01 2026 DL1C l1ctl_sap.c:647 MS 0000: Tx L1CTL_CCCH_MODE_CONF (mode: 2)
Thu Jul  2 09:00:03 2026 DL1C l1ctl_sap.c:625 MS 0000: Tx L1CTL_RESET_CONF (reset_type: 1)
Thu Jul  2 09:00:03 2026 DL1C virt_prim_fbsb.c:57 MS 0000: Rx L1CTL_FBSB_REQ (arfcn=51, flags=0x7)
Thu Jul  2 09:00:03 2026 DL1C virt_prim_fbsb.c:127 MS 0000: Tx L1CTL_FBSB_CONF (res: 0)
Thu Jul  2 09:00:03 2026 DL1C l1ctl_sap.c:458 MS 0000: Rx L1CTL_PARAM_REQ (ta=0, tx_power=14)
Thu Jul  2 09:00:03 2026 DL1C virt_prim_rach.c:81 MS 0000: Rx L1CTL_RACH_REQ (ra=0x0e, offset=6 combined=1)
Thu Jul  2 09:00:03 2026 DL1C virt_prim_rach.c:124 MS 0000: Tx L1CTL_RACH_CONF (fn: 428, arfcn: 51)
Thu Jul  2 09:00:03 2026 DL1C l1ctl_sap.c:458 MS 0000: Rx L1CTL_PARAM_REQ (ta=0, tx_power=14)
Thu Jul  2 09:00:03 2026 DL1C virt_prim_rach.c:81 MS 0000: Rx L1CTL_RACH_REQ (ra=0x0e, offset=115 combined=1)
Thu Jul  2 09:00:03 2026 DL1C l1ctl_sap.c:625 MS 0000: Tx L1CTL_RESET_CONF (reset_type: 2)
Thu Jul  2 09:00:03 2026 DL1C l1ctl_sap.c:458 MS 0000: Rx L1CTL_PARAM_REQ (ta=0, tx_power=14)
Thu Jul  2 09:00:03 2026 DL1C l1ctl_sap.c:313 MS 0000: Rx L1CTL_DM_EST_REQ (chan_nr=0x20 arfcn=51 tn=0 ss=0)
Thu Jul  2 09:00:03 2026 DVIRPHY gsmtapl1_if.c:220 MS 0000: DL-DIAG fwd=1 ded=0/0 dl=0/0 ct=0x07 st=3 l2=030301
Thu Jul  2 09:00:03 2026 DVIRPHY gsmtapl1_if.c:220 MS 0000: DL-DIAG fwd=1 ded=0/0 dl=0/0 ct=0x07 st=3 l2=017349
Thu Jul  2 09:00:03 2026 DVIRPHY gsmtapl1_if.c:220 MS 0000: DL-DIAG fwd=1 ded=0/0 dl=0/0 ct=0x87 st=3 l2=0e0003
Thu Jul  2 09:00:04 2026 DVIRPHY gsmtapl1_if.c:220 MS 0000: DL-DIAG fwd=1 ded=0/0 dl=0/0 ct=0x07 st=3 l2=030301
Thu Jul  2 09:00:04 2026 DVIRPHY gsmtapl1_if.c:220 MS 0000: DL-DIAG fwd=1 ded=0/0 dl=0/0 ct=0x07 st=3 l2=030301
Thu Jul  2 09:00:04 2026 DVIRPHY gsmtapl1_if.c:220 MS 0000: DL-DIAG fwd=1 ded=0/0 dl=0/0 ct=0x87 st=3 l2=0e0003
Thu Jul  2 09:00:04 2026 DVIRPHY gsmtapl1_if.c:220 MS 0000: DL-DIAG fwd=1 ded=0/0 dl=0/0 ct=0x07 st=3 l2=030301
Thu Jul  2 09:00:04 2026 DVIRPHY gsmtapl1_if.c:220 MS 0000: DL-DIAG fwd=1 ded=0/0 dl=0/0 ct=0x07 st=3 l2=030301
Thu Jul  2 09:00:04 2026 DVIRPHY gsmtapl1_if.c:220 MS 0000: DL-DIAG fwd=1 ded=0/0 dl=0/0 ct=0x87 st=3 l2=0e0003
Thu Jul  2 09:00:04 2026 DVIRPHY gsmtapl1_if.c:220 MS 0000: DL-DIAG fwd=1 ded=0/0 dl=0/0 ct=0x07 st=3 l2=030301
Thu Jul  2 09:00:05 2026 DVIRPHY gsmtapl1_if.c:220 MS 0000: DL-DIAG fwd=1 ded=0/0 dl=0/0 ct=0x07 st=3 l2=030301
Thu Jul  2 09:00:05 2026 DVIRPHY gsmtapl1_if.c:220 MS 0000: DL-DIAG fwd=1 ded=0/0 dl=0/0 ct=0x87 st=3 l2=0e0003
Thu Jul  2 09:00:05 2026 DVIRPHY gsmtapl1_if.c:220 MS 0000: DL-DIAG fwd=1 ded=0/0 dl=0/0 ct=0x07 st=3 l2=030301
Thu Jul  2 09:00:05 2026 DVIRPHY gsmtapl1_if.c:220 MS 0000: DL-DIAG fwd=1 ded=0/0 dl=0/0 ct=0x07 st=3 l2=030301
Thu Jul  2 09:00:05 2026 DVIRPHY gsmtapl1_if.c:220 MS 0000: DL-DIAG fwd=1 ded=0/0 dl=0/0 ct=0x87 st=3 l2=0e0003
Thu Jul  2 09:00:05 2026 DVIRPHY gsmtapl1_if.c:220 MS 0000: DL-DIAG fwd=1 ded=0/0 dl=0/0 ct=0x07 st=3 l2=030301
Thu Jul  2 09:00:06 2026 DVIRPHY gsmtapl1_if.c:220 MS 0000: DL-DIAG fwd=1 ded=0/0 dl=0/0 ct=0x07 st=3 l2=030301
Thu Jul  2 09:00:06 2026 DVIRPHY gsmtapl1_if.c:220 MS 0000: DL-DIAG fwd=1 ded=0/0 dl=0/0 ct=0x87 st=3 l2=0e0003
Thu Jul  2 09:00:06 2026 DVIRPHY gsmtapl1_if.c:220 MS 0000: DL-DIAG fwd=1 ded=0/0 dl=0/0 ct=0x07 st=3 l2=030301
Thu Jul  2 09:00:06 2026 DVIRPHY gsmtapl1_if.c:220 MS 0000: DL-DIAG fwd=1 ded=0/0 dl=0/0 ct=0x07 st=3 l2=030301
Thu Jul  2 09:00:06 2026 DVIRPHY gsmtapl1_if.c:220 MS 0000: DL-DIAG fwd=1 ded=0/0 dl=0/0 ct=0x87 st=3 l2=0e0003
Thu Jul  2 09:00:06 2026 DVIRPHY gsmtapl1_if.c:220 MS 0000: DL-DIAG fwd=1 ded=0/0 dl=0/0 ct=0x07 st=3 l2=030301
Thu Jul  2 09:00:07 2026 DVIRPHY gsmtapl1_if.c:220 MS 0000: DL-DIAG fwd=1 ded=0/0 dl=0/0 ct=0x07 st=3 l2=030301
Thu Jul  2 09:00:07 2026 DVIRPHY gsmtapl1_if.c:220 MS 0000: DL-DIAG fwd=1 ded=0/0 dl=0/0 ct=0x87 st=3 l2=0e0003
Thu Jul  2 09:00:07 2026 DVIRPHY gsmtapl1_if.c:220 MS 0000: DL-DIAG fwd=1 ded=0/0 dl=0/0 ct=0x07 st=3 l2=030301
Thu Jul  2 09:00:07 2026 DVIRPHY gsmtapl1_if.c:220 MS 0000: DL-DIAG fwd=1 ded=0/0 dl=0/0 ct=0x07 st=3 l2=030301
Thu Jul  2 09:00:07 2026 DVIRPHY gsmtapl1_if.c:220 MS 0000: DL-DIAG fwd=1 ded=0/0 dl=0/0 ct=0x87 st=3 l2=0e0003
Thu Jul  2 09:00:07 2026 DVIRPHY gsmtapl1_if.c:220 MS 0000: DL-DIAG fwd=1 ded=0/0 dl=0/0 ct=0x07 st=3 l2=030301
Thu Jul  2 09:00:08 2026 DVIRPHY gsmtapl1_if.c:220 MS 0000: DL-DIAG fwd=1 ded=0/0 dl=0/0 ct=0x07 st=3 l2=030301
Thu Jul  2 09:00:08 2026 DVIRPHY gsmtapl1_if.c:220 MS 0000: DL-DIAG fwd=1 ded=0/0 dl=0/0 ct=0x87 st=3 l2=0e0003
Thu Jul  2 09:00:08 2026 DVIRPHY gsmtapl1_if.c:220 MS 0000: DL-DIAG fwd=1 ded=0/0 dl=0/0 ct=0x07 st=3 l2=030301
Thu Jul  2 09:00:08 2026 DVIRPHY gsmtapl1_if.c:220 MS 0000: DL-DIAG fwd=1 ded=0/0 dl=0/0 ct=0x07 st=3 l2=030301
Thu Jul  2 09:00:08 2026 DVIRPHY gsmtapl1_if.c:220 MS 0000: DL-DIAG fwd=1 ded=0/0 dl=0/0 ct=0x87 st=3 l2=0e0003
Thu Jul  2 09:00:08 2026 DVIRPHY gsmtapl1_if.c:220 MS 0000: DL-DIAG fwd=1 ded=0/0 dl=0/0 ct=0x07 st=3 l2=030301
Thu Jul  2 09:00:08 2026 DVIRPHY gsmtapl1_if.c:220 MS 0000: DL-DIAG fwd=1 ded=0/0 dl=0/0 ct=0x07 st=3 l2=030301
Thu Jul  2 09:00:09 2026 DVIRPHY gsmtapl1_if.c:220 MS 0000: DL-DIAG fwd=1 ded=0/0 dl=0/0 ct=0x87 st=3 l2=0e0003
Thu Jul  2 09:00:09 2026 DVIRPHY gsmtapl1_if.c:220 MS 0000: DL-DIAG fwd=1 ded=0/0 dl=0/0 ct=0x07 st=3 l2=030301
Thu Jul  2 09:00:09 2026 DVIRPHY gsmtapl1_if.c:220 MS 0000: DL-DIAG fwd=1 ded=0/0 dl=0/0 ct=0x07 st=3 l2=030301
Thu Jul  2 09:00:09 2026 DVIRPHY gsmtapl1_if.c:220 MS 0000: DL-DIAG fwd=1 ded=0/0 dl=0/0 ct=0x87 st=3 l2=0e0003
Thu Jul  2 09:00:09 2026 DVIRPHY gsmtapl1_if.c:220 MS 0000: DL-DIAG fwd=1 ded=0/0 dl=0/0 ct=0x07 st=3 l2=030301
Thu Jul  2 09:00:09 2026 DVIRPHY gsmtapl1_if.c:220 MS 0000: DL-DIAG fwd=1 ded=0/0 dl=0/0 ct=0x07 st=3 l2=030301
Thu Jul  2 09:00:10 2026 DVIRPHY gsmtapl1_if.c:220 MS 0000: DL-DIAG fwd=1 ded=0/0 dl=0/0 ct=0x87 st=3 l2=0e0003
Thu Jul  2 09:00:10 2026 DVIRPHY gsmtapl1_if.c:220 MS 0000: DL-DIAG fwd=1 ded=0/0 dl=0/0 ct=0x07 st=3 l2=030301
Thu Jul  2 09:00:10 2026 DVIRPHY gsmtapl1_if.c:220 MS 0000: DL-DIAG fwd=1 ded=0/0 dl=0/0 ct=0x07 st=3 l2=030301
Thu Jul  2 09:00:10 2026 DVIRPHY gsmtapl1_if.c:220 MS 0000: DL-DIAG fwd=1 ded=0/0 dl=0/0 ct=0x87 st=3 l2=0e0003
Thu Jul  2 09:00:10 2026 DVIRPHY gsmtapl1_if.c:220 MS 0000: DL-DIAG fwd=1 ded=0/0 dl=0/0 ct=0x07 st=3 l2=030301
Thu Jul  2 09:00:10 2026 DVIRPHY gsmtapl1_if.c:220 MS 0000: DL-DIAG fwd=1 ded=0/0 dl=0/0 ct=0x07 st=3 l2=030301
Thu Jul  2 09:00:10 2026 DVIRPHY gsmtapl1_if.c:220 MS 0000: DL-DIAG fwd=1 ded=0/0 dl=0/0 ct=0x87 st=3 l2=0e0003
Thu Jul  2 09:00:11 2026 DVIRPHY gsmtapl1_if.c:220 MS 0000: DL-DIAG fwd=1 ded=0/0 dl=0/0 ct=0x07 st=3 l2=030301
Thu Jul  2 09:00:11 2026 DVIRPHY gsmtapl1_if.c:220 MS 0000: DL-DIAG fwd=1 ded=0/0 dl=0/0 ct=0x07 st=3 l2=030301
Thu Jul  2 09:00:11 2026 DVIRPHY gsmtapl1_if.c:220 MS 0000: DL-DIAG fwd=1 ded=0/0 dl=0/0 ct=0x87 st=3 l2=0e0003
Thu Jul  2 09:00:11 2026 DVIRPHY gsmtapl1_if.c:220 MS 0000: DL-DIAG fwd=1 ded=0/0 dl=0/0 ct=0x07 st=3 l2=030301
Thu Jul  2 09:00:11 2026 DVIRPHY gsmtapl1_if.c:220 MS 0000: DL-DIAG fwd=1 ded=0/0 dl=0/0 ct=0x07 st=3 l2=030301
Thu Jul  2 09:00:11 2026 DVIRPHY gsmtapl1_if.c:220 MS 0000: DL-DIAG fwd=1 ded=0/0 dl=0/0 ct=0x87 st=3 l2=0e0003
Thu Jul  2 09:00:12 2026 DVIRPHY gsmtapl1_if.c:220 MS 0000: DL-DIAG fwd=1 ded=0/0 dl=0/0 ct=0x07 st=3 l2=030301
Thu Jul  2 09:00:12 2026 DVIRPHY gsmtapl1_if.c:220 MS 0000: DL-DIAG fwd=1 ded=0/0 dl=0/0 ct=0x07 st=3 l2=030301
Thu Jul  2 09:00:12 2026 DVIRPHY gsmtapl1_if.c:220 MS 0000: DL-DIAG fwd=1 ded=0/0 dl=0/0 ct=0x87 st=3 l2=0e0003
Thu Jul  2 09:00:12 2026 DVIRPHY gsmtapl1_if.c:220 MS 0000: DL-DIAG fwd=1 ded=0/0 dl=0/0 ct=0x07 st=3 l2=030301
Thu Jul  2 09:00:12 2026 DVIRPHY gsmtapl1_if.c:220 MS 0000: DL-DIAG fwd=1 ded=0/0 dl=0/0 ct=0x07 st=3 l2=030301
Thu Jul  2 09:00:12 2026 DVIRPHY gsmtapl1_if.c:220 MS 0000: DL-DIAG fwd=1 ded=0/0 dl=0/0 ct=0x87 st=3 l2=0e0003
Thu Jul  2 09:00:12 2026 DVIRPHY gsmtapl1_if.c:220 MS 0000: DL-DIAG fwd=1 ded=0/0 dl=0/0 ct=0x07 st=3 l2=030301
Thu Jul  2 09:00:13 2026 DVIRPHY gsmtapl1_if.c:220 MS 0000: DL-DIAG fwd=1 ded=0/0 dl=0/0 ct=0x07 st=3 l2=030301
Thu Jul  2 09:00:13 2026 DVIRPHY gsmtapl1_if.c:220 MS 0000: DL-DIAG fwd=1 ded=0/0 dl=0/0 ct=0x87 st=3 l2=0e0003
Thu Jul  2 09:00:13 2026 DVIRPHY gsmtapl1_if.c:220 MS 0000: DL-DIAG fwd=1 ded=0/0 dl=0/0 ct=0x07 st=3 l2=030301
Thu Jul  2 09:00:13 2026 DVIRPHY gsmtapl1_if.c:220 MS 0000: DL-DIAG fwd=1 ded=0/0 dl=0/0 ct=0x07 st=3 l2=030301
Thu Jul  2 09:00:13 2026 DVIRPHY gsmtapl1_if.c:220 MS 0000: DL-DIAG fwd=1 ded=0/0 dl=0/0 ct=0x87 st=3 l2=0e0003
Thu Jul  2 09:00:13 2026 DVIRPHY gsmtapl1_if.c:220 MS 0000: DL-DIAG fwd=1 ded=0/0 dl=0/0 ct=0x07 st=3 l2=030301
Thu Jul  2 09:00:14 2026 DVIRPHY gsmtapl1_if.c:220 MS 0000: DL-DIAG fwd=1 ded=0/0 dl=0/0 ct=0x07 st=3 l2=030301
Thu Jul  2 09:00:14 2026 DVIRPHY gsmtapl1_if.c:220 MS 0000: DL-DIAG fwd=1 ded=0/0 dl=0/0 ct=0x87 st=3 l2=0e0003
Thu Jul  2 09:00:14 2026 DVIRPHY gsmtapl1_if.c:220 MS 0000: DL-DIAG fwd=1 ded=0/0 dl=0/0 ct=0x07 st=3 l2=030301
Thu Jul  2 09:00:14 2026 DVIRPHY gsmtapl1_if.c:220 MS 0000: DL-DIAG fwd=1 ded=0/0 dl=0/0 ct=0x07 st=3 l2=030301
Thu Jul  2 09:00:14 2026 DVIRPHY gsmtapl1_if.c:220 MS 0000: DL-DIAG fwd=1 ded=0/0 dl=0/0 ct=0x87 st=3 l2=0e0003
Thu Jul  2 09:00:14 2026 DVIRPHY gsmtapl1_if.c:220 MS 0000: DL-DIAG fwd=1 ded=0/0 dl=0/0 ct=0x07 st=3 l2=030301
Thu Jul  2 09:00:15 2026 DVIRPHY gsmtapl1_if.c:220 MS 0000: DL-DIAG fwd=1 ded=0/0 dl=0/0 ct=0x07 st=3 l2=030301
Thu Jul  2 09:00:15 2026 DVIRPHY gsmtapl1_if.c:220 MS 0000: DL-DIAG fwd=1 ded=0/0 dl=0/0 ct=0x87 st=3 l2=0e0003
Thu Jul  2 09:00:15 2026 DVIRPHY gsmtapl1_if.c:220 MS 0000: DL-DIAG fwd=1 ded=0/0 dl=0/0 ct=0x07 st=3 l2=030301
Thu Jul  2 09:00:15 2026 DVIRPHY gsmtapl1_if.c:220 MS 0000: DL-DIAG fwd=1 ded=0/0 dl=0/0 ct=0x07 st=3 l2=030301
Thu Jul  2 09:00:15 2026 DVIRPHY gsmtapl1_if.c:220 MS 0000: DL-DIAG fwd=1 ded=0/0 dl=0/0 ct=0x87 st=3 l2=0e0003
Thu Jul  2 09:00:15 2026 DVIRPHY gsmtapl1_if.c:220 MS 0000: DL-DIAG fwd=1 ded=0/0 dl=0/0 ct=0x07 st=3 l2=030301
Thu Jul  2 09:00:16 2026 DVIRPHY gsmtapl1_if.c:220 MS 0000: DL-DIAG fwd=1 ded=0/0 dl=0/0 ct=0x07 st=3 l2=030301
Thu Jul  2 09:00:16 2026 DVIRPHY gsmtapl1_if.c:220 MS 0000: DL-DIAG fwd=1 ded=0/0 dl=0/0 ct=0x87 st=3 l2=0e0003
Thu Jul  2 09:00:16 2026 DVIRPHY gsmtapl1_if.c:220 MS 0000: DL-DIAG fwd=1 ded=0/0 dl=0/0 ct=0x07 st=3 l2=030301
Thu Jul  2 09:00:16 2026 DVIRPHY gsmtapl1_if.c:220 MS 0000: DL-DIAG fwd=1 ded=0/0 dl=0/0 ct=0x07 st=3 l2=030301
Thu Jul  2 09:00:16 2026 DVIRPHY gsmtapl1_if.c:220 MS 0000: DL-DIAG fwd=1 ded=0/0 dl=0/0 ct=0x87 st=3 l2=0e0003
Thu Jul  2 09:00:16 2026 DVIRPHY gsmtapl1_if.c:220 MS 0000: DL-DIAG fwd=1 ded=0/0 dl=0/0 ct=0x07 st=3 l2=030301
Thu Jul  2 09:00:16 2026 DVIRPHY gsmtapl1_if.c:220 MS 0000: DL-DIAG fwd=1 ded=0/0 dl=0/0 ct=0x07 st=3 l2=030301
Thu Jul  2 09:00:17 2026 DVIRPHY gsmtapl1_if.c:220 MS 0000: DL-DIAG fwd=1 ded=0/0 dl=0/0 ct=0x87 st=3 l2=0e0003
Thu Jul  2 09:00:17 2026 DVIRPHY gsmtapl1_if.c:220 MS 0000: DL-DIAG fwd=1 ded=0/0 dl=0/0 ct=0x07 st=3 l2=030301
Thu Jul  2 09:00:17 2026 DVIRPHY gsmtapl1_if.c:220 MS 0000: DL-DIAG fwd=1 ded=0/0 dl=0/0 ct=0x07 st=3 l2=030301
Thu Jul  2 09:00:17 2026 DVIRPHY gsmtapl1_if.c:220 MS 0000: DL-DIAG fwd=1 ded=0/0 dl=0/0 ct=0x87 st=3 l2=0e0003
Thu Jul  2 09:00:17 2026 DVIRPHY gsmtapl1_if.c:220 MS 0000: DL-DIAG fwd=1 ded=0/0 dl=0/0 ct=0x07 st=3 l2=030301
Thu Jul  2 09:00:17 2026 DVIRPHY gsmtapl1_if.c:220 MS 0000: DL-DIAG fwd=1 ded=0/0 dl=0/0 ct=0x07 st=3 l2=030301
Thu Jul  2 09:00:18 2026 DVIRPHY gsmtapl1_if.c:220 MS 0000: DL-DIAG fwd=1 ded=0/0 dl=0/0 ct=0x87 st=3 l2=0e0003
Thu Jul  2 09:00:18 2026 DVIRPHY gsmtapl1_if.c:220 MS 0000: DL-DIAG fwd=1 ded=0/0 dl=0/0 ct=0x07 st=3 l2=030301
Thu Jul  2 09:00:18 2026 DVIRPHY gsmtapl1_if.c:220 MS 0000: DL-DIAG fwd=1 ded=0/0 dl=0/0 ct=0x07 st=3 l2=030301
Thu Jul  2 09:00:18 2026 DVIRPHY gsmtapl1_if.c:220 MS 0000: DL-DIAG fwd=1 ded=0/0 dl=0/0 ct=0x87 st=3 l2=0e0003
Thu Jul  2 09:00:18 2026 DVIRPHY gsmtapl1_if.c:220 MS 0000: DL-DIAG fwd=1 ded=0/0 dl=0/0 ct=0x07 st=3 l2=030301
Thu Jul  2 09:00:18 2026 DVIRPHY gsmtapl1_if.c:220 MS 0000: DL-DIAG fwd=1 ded=0/0 dl=0/0 ct=0x07 st=3 l2=030301
Thu Jul  2 09:00:18 2026 DVIRPHY gsmtapl1_if.c:220 MS 0000: DL-DIAG fwd=1 ded=0/0 dl=0/0 ct=0x87 st=3 l2=0e0003
Thu Jul  2 09:00:19 2026 DVIRPHY gsmtapl1_if.c:220 MS 0000: DL-DIAG fwd=1 ded=0/0 dl=0/0 ct=0x07 st=3 l2=030301
Thu Jul  2 09:00:19 2026 DVIRPHY gsmtapl1_if.c:220 MS 0000: DL-DIAG fwd=1 ded=0/0 dl=0/0 ct=0x07 st=3 l2=030301
Thu Jul  2 09:00:19 2026 DVIRPHY gsmtapl1_if.c:220 MS 0000: DL-DIAG fwd=1 ded=0/0 dl=0/0 ct=0x87 st=3 l2=0e0003
Thu Jul  2 09:00:19 2026 DVIRPHY gsmtapl1_if.c:220 MS 0000: DL-DIAG fwd=1 ded=0/0 dl=0/0 ct=0x07 st=3 l2=030301
Thu Jul  2 09:00:19 2026 DVIRPHY gsmtapl1_if.c:220 MS 0000: DL-DIAG fwd=1 ded=0/0 dl=0/0 ct=0x07 st=3 l2=030301
Thu Jul  2 09:00:19 2026 DVIRPHY gsmtapl1_if.c:220 MS 0000: DL-DIAG fwd=1 ded=0/0 dl=0/0 ct=0x87 st=3 l2=0e0003
Thu Jul  2 09:00:20 2026 DVIRPHY gsmtapl1_if.c:220 MS 0000: DL-DIAG fwd=1 ded=0/0 dl=0/0 ct=0x07 st=3 l2=030301
Thu Jul  2 09:00:20 2026 DVIRPHY gsmtapl1_if.c:220 MS 0000: DL-DIAG fwd=1 ded=0/0 dl=0/0 ct=0x07 st=3 l2=030301
Thu Jul  2 09:00:20 2026 DVIRPHY gsmtapl1_if.c:220 MS 0000: DL-DIAG fwd=1 ded=0/0 dl=0/0 ct=0x87 st=3 l2=0e0003
Thu Jul  2 09:00:20 2026 DVIRPHY gsmtapl1_if.c:220 MS 0000: DL-DIAG fwd=1 ded=0/0 dl=0/0 ct=0x07 st=3 l2=030301
Thu Jul  2 09:00:20 2026 DVIRPHY gsmtapl1_if.c:220 MS 0000: DL-DIAG fwd=1 ded=0/0 dl=0/0 ct=0x07 st=3 l2=030301
Thu Jul  2 09:00:20 2026 DVIRPHY gsmtapl1_if.c:220 MS 0000: DL-DIAG fwd=1 ded=0/0 dl=0/0 ct=0x87 st=3 l2=0e0003
Thu Jul  2 09:00:20 2026 DVIRPHY gsmtapl1_if.c:220 MS 0000: DL-DIAG fwd=1 ded=0/0 dl=0/0 ct=0x07 st=3 l2=030301
Thu Jul  2 09:00:21 2026 DVIRPHY gsmtapl1_if.c:220 MS 0000: DL-DIAG fwd=1 ded=0/0 dl=0/0 ct=0x07 st=3 l2=030301
Thu Jul  2 09:00:21 2026 DVIRPHY gsmtapl1_if.c:220 MS 0000: DL-DIAG fwd=1 ded=0/0 dl=0/0 ct=0x87 st=3 l2=0e0003
Thu Jul  2 09:00:21 2026 DVIRPHY gsmtapl1_if.c:220 MS 0000: DL-DIAG fwd=1 ded=0/0 dl=0/0 ct=0x07 st=3 l2=030301
Thu Jul  2 09:00:21 2026 DVIRPHY gsmtapl1_if.c:220 MS 0000: DL-DIAG fwd=1 ded=0/0 dl=0/0 ct=0x07 st=3 l2=030301
Thu Jul  2 09:00:21 2026 DVIRPHY gsmtapl1_if.c:220 MS 0000: DL-DIAG fwd=1 ded=0/0 dl=0/0 ct=0x87 st=3 l2=0e0003
Thu Jul  2 09:00:21 2026 DVIRPHY gsmtapl1_if.c:220 MS 0000: DL-DIAG fwd=1 ded=0/0 dl=0/0 ct=0x07 st=3 l2=030301
Thu Jul  2 09:00:22 2026 DVIRPHY gsmtapl1_if.c:220 MS 0000: DL-DIAG fwd=1 ded=0/0 dl=0/0 ct=0x07 st=3 l2=030301
Thu Jul  2 09:00:22 2026 DVIRPHY gsmtapl1_if.c:220 MS 0000: DL-DIAG fwd=1 ded=0/0 dl=0/0 ct=0x87 st=3 l2=0e0003
Thu Jul  2 09:00:22 2026 DVIRPHY gsmtapl1_if.c:220 MS 0000: DL-DIAG fwd=1 ded=0/0 dl=0/0 ct=0x07 st=3 l2=030301
Thu Jul  2 09:00:22 2026 DVIRPHY gsmtapl1_if.c:220 MS 0000: DL-DIAG fwd=1 ded=0/0 dl=0/0 ct=0x07 st=3 l2=030301
Thu Jul  2 09:00:22 2026 DVIRPHY gsmtapl1_if.c:220 MS 0000: DL-DIAG fwd=1 ded=0/0 dl=0/0 ct=0x87 st=3 l2=0e0003
Thu Jul  2 09:00:22 2026 DVIRPHY gsmtapl1_if.c:220 MS 0000: DL-DIAG fwd=1 ded=0/0 dl=0/0 ct=0x07 st=3 l2=030301
Thu Jul  2 09:00:23 2026 DVIRPHY gsmtapl1_if.c:220 MS 0000: DL-DIAG fwd=1 ded=0/0 dl=0/0 ct=0x07 st=3 l2=030301
Thu Jul  2 09:00:23 2026 DVIRPHY gsmtapl1_if.c:220 MS 0000: DL-DIAG fwd=1 ded=0/0 dl=0/0 ct=0x87 st=3 l2=0e0003
Thu Jul  2 09:00:23 2026 DVIRPHY gsmtapl1_if.c:220 MS 0000: DL-DIAG fwd=1 ded=0/0 dl=0/0 ct=0x07 st=3 l2=030301
Thu Jul  2 09:00:23 2026 DVIRPHY gsmtapl1_if.c:220 MS 0000: DL-DIAG fwd=1 ded=0/0 dl=0/0 ct=0x07 st=3 l2=030301
Thu Jul  2 09:00:23 2026 DVIRPHY gsmtapl1_if.c:220 MS 0000: DL-DIAG fwd=1 ded=0/0 dl=0/0 ct=0x87 st=3 l2=0e0003
Thu Jul  2 09:00:23 2026 DVIRPHY gsmtapl1_if.c:220 MS 0000: DL-DIAG fwd=1 ded=0/0 dl=0/0 ct=0x07 st=3 l2=030301
Thu Jul  2 09:00:24 2026 DVIRPHY gsmtapl1_if.c:220 MS 0000: DL-DIAG fwd=1 ded=0/0 dl=0/0 ct=0x07 st=3 l2=017301
Thu Jul  2 09:00:24 2026 DL1C l1ctl_sap.c:426 MS 0000: Rx L1CTL_DM_REL_REQ
Thu Jul  2 09:00:24 2026 DL1C l1ctl_sap.c:625 MS 0000: Tx L1CTL_RESET_CONF (reset_type: 1)
Thu Jul  2 09:00:24 2026 DL1C l1ctl_sap.c:625 MS 0000: Tx L1CTL_RESET_CONF (reset_type: 1)
Thu Jul  2 09:00:24 2026 DL1C virt_prim_fbsb.c:57 MS 0000: Rx L1CTL_FBSB_REQ (arfcn=51, flags=0x7)
Thu Jul  2 09:00:24 2026 DL1C virt_prim_fbsb.c:127 MS 0000: Tx L1CTL_FBSB_CONF (res: 0)
Thu Jul  2 09:00:24 2026 DL1C l1ctl_sap.c:573 MS 0000: Rx L1CTL_NEIGH_PM_REQ (list with 1 entries): IGNORED
Thu Jul  2 09:00:24 2026 DVIRPHY gsmtapl1_if.c:220 MS 0000: DL-DIAG fwd=1 ded=0/0 dl=0/0 ct=0x07 st=2 l2=030301
Thu Jul  2 09:00:24 2026 DVIRPHY gsmtapl1_if.c:220 MS 0000: DL-DIAG fwd=1 ded=0/0 dl=0/0 ct=0x07 st=2 l2=030301
Thu Jul  2 09:00:24 2026 DVIRPHY gsmtapl1_if.c:220 MS 0000: DL-DIAG fwd=1 ded=0/0 dl=0/0 ct=0x07 st=2 l2=030301
Thu Jul  2 09:00:24 2026 DVIRPHY gsmtapl1_if.c:220 MS 0000: DL-DIAG fwd=1 ded=0/0 dl=0/0 ct=0x07 st=2 l2=030301
Thu Jul  2 09:00:25 2026 DVIRPHY gsmtapl1_if.c:220 MS 0000: DL-DIAG fwd=1 ded=0/0 dl=0/0 ct=0x07 st=2 l2=030301
Thu Jul  2 09:00:25 2026 DVIRPHY gsmtapl1_if.c:220 MS 0000: DL-DIAG fwd=1 ded=0/0 dl=0/0 ct=0x07 st=2 l2=030301
Thu Jul  2 09:00:25 2026 DVIRPHY gsmtapl1_if.c:220 MS 0000: DL-DIAG fwd=1 ded=0/0 dl=0/0 ct=0x07 st=2 l2=030301
Thu Jul  2 09:00:25 2026 DVIRPHY gsmtapl1_if.c:220 MS 0000: DL-DIAG fwd=1 ded=0/0 dl=0/0 ct=0x07 st=2 l2=030301
Thu Jul  2 09:00:39 2026 DL1C l1ctl_sap.c:625 MS 0000: Tx L1CTL_RESET_CONF (reset_type: 1)
Thu Jul  2 09:00:39 2026 DL1C virt_prim_fbsb.c:57 MS 0000: Rx L1CTL_FBSB_REQ (arfcn=51, flags=0x7)
Thu Jul  2 09:00:39 2026 DL1C virt_prim_fbsb.c:127 MS 0000: Tx L1CTL_FBSB_CONF (res: 0)
Thu Jul  2 09:00:39 2026 DL1C l1ctl_sap.c:458 MS 0000: Rx L1CTL_PARAM_REQ (ta=0, tx_power=14)
Thu Jul  2 09:00:39 2026 DL1C virt_prim_rach.c:81 MS 0000: Rx L1CTL_RACH_REQ (ra=0x03, offset=1 combined=1)
Thu Jul  2 09:00:39 2026 DL1C virt_prim_rach.c:124 MS 0000: Tx L1CTL_RACH_CONF (fn: 8177, arfcn: 51)
Thu Jul  2 09:00:39 2026 DL1C l1ctl_sap.c:458 MS 0000: Rx L1CTL_PARAM_REQ (ta=0, tx_power=14)
Thu Jul  2 09:00:39 2026 DL1C virt_prim_rach.c:81 MS 0000: Rx L1CTL_RACH_REQ (ra=0x02, offset=124 combined=1)
Thu Jul  2 09:00:39 2026 DL1C l1ctl_sap.c:625 MS 0000: Tx L1CTL_RESET_CONF (reset_type: 2)
Thu Jul  2 09:00:39 2026 DL1C l1ctl_sap.c:458 MS 0000: Rx L1CTL_PARAM_REQ (ta=0, tx_power=14)
Thu Jul  2 09:00:39 2026 DL1C l1ctl_sap.c:313 MS 0000: Rx L1CTL_DM_EST_REQ (chan_nr=0x20 arfcn=51 tn=0 ss=0)
Thu Jul  2 09:00:39 2026 DVIRPHY gsmtapl1_if.c:220 MS 0000: DL-DIAG fwd=1 ded=0/0 dl=0/0 ct=0x07 st=3 l2=030301
Thu Jul  2 09:00:46 2026 DL1C l1ctl_sap.c:426 MS 0000: Rx L1CTL_DM_REL_REQ
Thu Jul  2 09:00:46 2026 DL1C l1ctl_sap.c:625 MS 0000: Tx L1CTL_RESET_CONF (reset_type: 1)
Thu Jul  2 09:00:46 2026 DL1C l1ctl_sap.c:625 MS 0000: Tx L1CTL_RESET_CONF (reset_type: 1)
Thu Jul  2 09:00:46 2026 DL1C virt_prim_fbsb.c:57 MS 0000: Rx L1CTL_FBSB_REQ (arfcn=51, flags=0x7)
Thu Jul  2 09:00:46 2026 DL1C virt_prim_fbsb.c:127 MS 0000: Tx L1CTL_FBSB_CONF (res: 0)
Thu Jul  2 09:00:46 2026 DL1C l1ctl_sap.c:573 MS 0000: Rx L1CTL_NEIGH_PM_REQ (list with 1 entries): IGNORED
Thu Jul  2 09:00:50 2026 DL1C l1ctl_sap.c:625 MS 0000: Tx L1CTL_RESET_CONF (reset_type: 1)
Thu Jul  2 09:00:50 2026 DL1C l1ctl_sock.c:99 Failed to receive msg from l2. Connection will be closed.
Thu Jul  2 09:00:50 2026 DMAIN virt_l1_model.c:49 MS 0000: destroyed
Thu Jul  2 09:01:10 2026 DMAIN virt_l1_model.c:42 MS 0001: allocated
Thu Jul  2 09:01:10 2026 DL1C l1ctl_sock.c:138 Accepted client (fd=6) from server (fd=5)
Thu Jul  2 09:01:10 2026 DL1C l1ctl_sap.c:625 MS 0001: Tx L1CTL_RESET_CONF (reset_type: 1)
Thu Jul  2 09:01:10 2026 DL1C l1ctl_sap.c:625 MS 0001: Tx L1CTL_RESET_CONF (reset_type: 1)
Thu Jul  2 09:01:10 2026 DL1C virt_prim_pm.c:94 MS 0001: Rx L1CTL_PM_REQ TYPE=1, FROM=51, TO=51 — scheduling PM_CONF in 300ms
Thu Jul  2 09:01:10 2026 DL1C virt_prim_pm.c:57 MS 0001: Power measurement set for arfcn 51. Set signal level to -63 (== rxlev: 47).
Thu Jul  2 09:01:11 2026 DL1C virt_prim_pm.c:151 MS 0001: Tx L1CTL_PM_CONF (timer fired!)
Thu Jul  2 09:01:11 2026 DL1C l1ctl_sap.c:625 MS 0001: Tx L1CTL_RESET_CONF (reset_type: 1)
Thu Jul  2 09:01:11 2026 DL1C virt_prim_fbsb.c:57 MS 0001: Rx L1CTL_FBSB_REQ (arfcn=51, flags=0x7)
Thu Jul  2 09:01:11 2026 DL1C virt_prim_fbsb.c:127 MS 0001: Tx L1CTL_FBSB_CONF (res: 0)
Thu Jul  2 09:01:11 2026 DL1C l1ctl_sap.c:519 MS 0001: Rx L1CTL_CCCH_MODE_REQ (mode=2)
Thu Jul  2 09:01:11 2026 DL1C l1ctl_sap.c:647 MS 0001: Tx L1CTL_CCCH_MODE_CONF (mode: 2)
Thu Jul  2 09:01:12 2026 DL1C l1ctl_sap.c:625 MS 0001: Tx L1CTL_RESET_CONF (reset_type: 1)
Thu Jul  2 09:01:12 2026 DL1C virt_prim_fbsb.c:57 MS 0001: Rx L1CTL_FBSB_REQ (arfcn=51, flags=0x7)
Thu Jul  2 09:01:12 2026 DL1C virt_prim_fbsb.c:127 MS 0001: Tx L1CTL_FBSB_CONF (res: 0)
Thu Jul  2 09:01:12 2026 DL1C l1ctl_sap.c:458 MS 0001: Rx L1CTL_PARAM_REQ (ta=0, tx_power=14)
Thu Jul  2 09:01:12 2026 DL1C virt_prim_rach.c:81 MS 0001: Rx L1CTL_RACH_REQ (ra=0x0a, offset=6 combined=1)
Thu Jul  2 09:01:13 2026 DL1C virt_prim_rach.c:124 MS 0001: Tx L1CTL_RACH_CONF (fn: 15524, arfcn: 51)
Thu Jul  2 09:01:13 2026 DL1C l1ctl_sap.c:458 MS 0001: Rx L1CTL_PARAM_REQ (ta=0, tx_power=14)
Thu Jul  2 09:01:13 2026 DL1C virt_prim_rach.c:81 MS 0001: Rx L1CTL_RACH_REQ (ra=0x0d, offset=116 combined=1)
Thu Jul  2 09:01:13 2026 DL1C l1ctl_sap.c:625 MS 0001: Tx L1CTL_RESET_CONF (reset_type: 2)
Thu Jul  2 09:01:13 2026 DL1C l1ctl_sap.c:458 MS 0001: Rx L1CTL_PARAM_REQ (ta=0, tx_power=14)
Thu Jul  2 09:01:13 2026 DL1C l1ctl_sap.c:313 MS 0001: Rx L1CTL_DM_EST_REQ (chan_nr=0x20 arfcn=51 tn=0 ss=0)
Thu Jul  2 09:01:13 2026 DVIRPHY gsmtapl1_if.c:220 MS 0001: DL-DIAG fwd=1 ded=0/0 dl=0/0 ct=0x07 st=3 l2=030301
Thu Jul  2 09:01:20 2026 DL1C l1ctl_sap.c:426 MS 0001: Rx L1CTL_DM_REL_REQ
Thu Jul  2 09:01:20 2026 DL1C l1ctl_sap.c:625 MS 0001: Tx L1CTL_RESET_CONF (reset_type: 1)
Thu Jul  2 09:01:20 2026 DL1C l1ctl_sap.c:625 MS 0001: Tx L1CTL_RESET_CONF (reset_type: 1)
Thu Jul  2 09:01:20 2026 DL1C virt_prim_fbsb.c:57 MS 0001: Rx L1CTL_FBSB_REQ (arfcn=51, flags=0x7)
Thu Jul  2 09:01:20 2026 DL1C virt_prim_fbsb.c:127 MS 0001: Tx L1CTL_FBSB_CONF (res: 0)
Thu Jul  2 09:01:20 2026 DL1C l1ctl_sap.c:573 MS 0001: Rx L1CTL_NEIGH_PM_REQ (list with 1 entries): IGNORED
Thu Jul  2 09:01:35 2026 DL1C l1ctl_sap.c:625 MS 0001: Tx L1CTL_RESET_CONF (reset_type: 1)
Thu Jul  2 09:01:35 2026 DL1C virt_prim_fbsb.c:57 MS 0001: Rx L1CTL_FBSB_REQ (arfcn=51, flags=0x7)
Thu Jul  2 09:01:35 2026 DL1C virt_prim_fbsb.c:127 MS 0001: Tx L1CTL_FBSB_CONF (res: 0)
Thu Jul  2 09:01:35 2026 DL1C l1ctl_sap.c:458 MS 0001: Rx L1CTL_PARAM_REQ (ta=0, tx_power=14)
Thu Jul  2 09:01:35 2026 DL1C virt_prim_rach.c:81 MS 0001: Rx L1CTL_RACH_REQ (ra=0x04, offset=4 combined=1)
Thu Jul  2 09:01:35 2026 DL1C virt_prim_rach.c:124 MS 0001: Tx L1CTL_RACH_CONF (fn: 20469, arfcn: 51)
Thu Jul  2 09:01:35 2026 DL1C l1ctl_sap.c:458 MS 0001: Rx L1CTL_PARAM_REQ (ta=0, tx_power=14)
Thu Jul  2 09:01:35 2026 DL1C virt_prim_rach.c:81 MS 0001: Rx L1CTL_RACH_REQ (ra=0x04, offset=125 combined=1)
Thu Jul  2 09:01:36 2026 DL1C l1ctl_sap.c:625 MS 0001: Tx L1CTL_RESET_CONF (reset_type: 2)
Thu Jul  2 09:01:36 2026 DL1C l1ctl_sap.c:458 MS 0001: Rx L1CTL_PARAM_REQ (ta=0, tx_power=14)
Thu Jul  2 09:01:36 2026 DL1C l1ctl_sap.c:313 MS 0001: Rx L1CTL_DM_EST_REQ (chan_nr=0x20 arfcn=51 tn=0 ss=0)
Thu Jul  2 09:01:36 2026 DVIRPHY gsmtapl1_if.c:220 MS 0001: DL-DIAG fwd=1 ded=0/0 dl=0/0 ct=0x07 st=3 l2=030301
Thu Jul  2 09:01:36 2026 DVIRPHY gsmtapl1_if.c:220 MS 0001: DL-DIAG fwd=1 ded=0/0 dl=0/0 ct=0x87 st=3 l2=0e0003
Thu Jul  2 09:01:36 2026 DVIRPHY gsmtapl1_if.c:220 MS 0001: DL-DIAG fwd=1 ded=0/0 dl=0/0 ct=0x07 st=3 l2=017349
Thu Jul  2 09:01:36 2026 DVIRPHY gsmtapl1_if.c:220 MS 0001: DL-DIAG fwd=1 ded=0/0 dl=0/0 ct=0x07 st=3 l2=030301
Thu Jul  2 09:01:36 2026 DVIRPHY gsmtapl1_if.c:220 MS 0001: DL-DIAG fwd=1 ded=0/0 dl=0/0 ct=0x87 st=3 l2=0e0003
Thu Jul  2 09:01:36 2026 DVIRPHY gsmtapl1_if.c:220 MS 0001: DL-DIAG fwd=1 ded=0/0 dl=0/0 ct=0x07 st=3 l2=030039
Thu Jul  2 09:01:37 2026 DVIRPHY gsmtapl1_if.c:220 MS 0001: DL-DIAG fwd=1 ded=0/0 dl=0/0 ct=0x07 st=3 l2=012101
Thu Jul  2 09:01:37 2026 DVIRPHY gsmtapl1_if.c:220 MS 0001: DL-DIAG fwd=1 ded=0/0 dl=0/0 ct=0x07 st=3 l2=03220d
Thu Jul  2 09:01:37 2026 DVIRPHY gsmtapl1_if.c:220 MS 0001: DL-DIAG fwd=1 ded=0/0 dl=0/0 ct=0x07 st=3 l2=017301
Thu Jul  2 09:01:37 2026 DL1C l1ctl_sap.c:426 MS 0001: Rx L1CTL_DM_REL_REQ
Thu Jul  2 09:01:37 2026 DL1C l1ctl_sap.c:625 MS 0001: Tx L1CTL_RESET_CONF (reset_type: 1)
Thu Jul  2 09:01:37 2026 DL1C l1ctl_sap.c:625 MS 0001: Tx L1CTL_RESET_CONF (reset_type: 1)
Thu Jul  2 09:01:37 2026 DL1C virt_prim_fbsb.c:57 MS 0001: Rx L1CTL_FBSB_REQ (arfcn=51, flags=0x7)
Thu Jul  2 09:01:37 2026 DL1C virt_prim_fbsb.c:127 MS 0001: Tx L1CTL_FBSB_CONF (res: 0)
Thu Jul  2 09:01:37 2026 DL1C l1ctl_sap.c:573 MS 0001: Rx L1CTL_NEIGH_PM_REQ (list with 1 entries): IGNORED
Thu Jul  2 09:01:37 2026 DVIRPHY gsmtapl1_if.c:220 MS 0001: DL-DIAG fwd=1 ded=0/0 dl=0/0 ct=0x07 st=2 l2=030301
Thu Jul  2 09:01:37 2026 DVIRPHY gsmtapl1_if.c:220 MS 0001: DL-DIAG fwd=1 ded=0/0 dl=0/0 ct=0x07 st=2 l2=030301
Thu Jul  2 09:01:38 2026 DVIRPHY gsmtapl1_if.c:220 MS 0001: DL-DIAG fwd=1 ded=0/0 dl=0/0 ct=0x07 st=2 l2=030301
Thu Jul  2 09:01:38 2026 DVIRPHY gsmtapl1_if.c:220 MS 0001: DL-DIAG fwd=1 ded=0/0 dl=0/0 ct=0x07 st=2 l2=030301
Thu Jul  2 09:01:38 2026 DVIRPHY gsmtapl1_if.c:220 MS 0001: DL-DIAG fwd=1 ded=0/0 dl=0/0 ct=0x07 st=2 l2=030301
Thu Jul  2 09:01:38 2026 DVIRPHY gsmtapl1_if.c:220 MS 0001: DL-DIAG fwd=1 ded=0/0 dl=0/0 ct=0x07 st=2 l2=030301
Thu Jul  2 09:01:42 2026 DL1C l1ctl_sap.c:625 MS 0001: Tx L1CTL_RESET_CONF (reset_type: 1)
Thu Jul  2 09:01:42 2026 DL1C virt_prim_fbsb.c:57 MS 0001: Rx L1CTL_FBSB_REQ (arfcn=51, flags=0x7)
Thu Jul  2 09:01:42 2026 DL1C virt_prim_fbsb.c:127 MS 0001: Tx L1CTL_FBSB_CONF (res: 0)
Thu Jul  2 09:01:42 2026 DL1C l1ctl_sap.c:458 MS 0001: Rx L1CTL_PARAM_REQ (ta=0, tx_power=14)
Thu Jul  2 09:01:42 2026 DL1C virt_prim_rach.c:81 MS 0001: Rx L1CTL_RACH_REQ (ra=0x19, offset=6 combined=1)
Thu Jul  2 09:01:42 2026 DL1C virt_prim_rach.c:124 MS 0001: Tx L1CTL_RACH_CONF (fn: 21850, arfcn: 51)
Thu Jul  2 09:01:42 2026 DL1C l1ctl_sap.c:458 MS 0001: Rx L1CTL_PARAM_REQ (ta=0, tx_power=14)
Thu Jul  2 09:01:42 2026 DL1C virt_prim_rach.c:81 MS 0001: Rx L1CTL_RACH_REQ (ra=0x15, offset=123 combined=1)
Thu Jul  2 09:01:42 2026 DL1C l1ctl_sap.c:625 MS 0001: Tx L1CTL_RESET_CONF (reset_type: 2)
Thu Jul  2 09:01:42 2026 DL1C l1ctl_sap.c:458 MS 0001: Rx L1CTL_PARAM_REQ (ta=0, tx_power=14)
Thu Jul  2 09:01:42 2026 DL1C l1ctl_sap.c:313 MS 0001: Rx L1CTL_DM_EST_REQ (chan_nr=0x20 arfcn=51 tn=0 ss=0)
Thu Jul  2 09:01:42 2026 DVIRPHY gsmtapl1_if.c:220 MS 0001: DL-DIAG fwd=1 ded=0/0 dl=0/0 ct=0x07 st=3 l2=030301
Thu Jul  2 09:01:42 2026 DVIRPHY gsmtapl1_if.c:220 MS 0001: DL-DIAG fwd=1 ded=0/0 dl=0/0 ct=0x07 st=3 l2=017325
Thu Jul  2 09:01:42 2026 DVIRPHY gsmtapl1_if.c:220 MS 0001: DL-DIAG fwd=1 ded=0/0 dl=0/0 ct=0x87 st=3 l2=0e0003
Thu Jul  2 09:01:42 2026 DVIRPHY gsmtapl1_if.c:220 MS 0001: DL-DIAG fwd=1 ded=0/0 dl=0/0 ct=0x07 st=3 l2=030301
Thu Jul  2 09:01:43 2026 DVIRPHY gsmtapl1_if.c:220 MS 0001: DL-DIAG fwd=1 ded=0/0 dl=0/0 ct=0x07 st=3 l2=030301
Thu Jul  2 09:01:43 2026 DVIRPHY gsmtapl1_if.c:220 MS 0001: DL-DIAG fwd=1 ded=0/0 dl=0/0 ct=0x87 st=3 l2=0e0003
Thu Jul  2 09:01:43 2026 DVIRPHY gsmtapl1_if.c:220 MS 0001: DL-DIAG fwd=1 ded=0/0 dl=0/0 ct=0x07 st=3 l2=030301
Thu Jul  2 09:01:43 2026 DVIRPHY gsmtapl1_if.c:220 MS 0001: DL-DIAG fwd=1 ded=0/0 dl=0/0 ct=0x07 st=3 l2=030301
Thu Jul  2 09:01:43 2026 DVIRPHY gsmtapl1_if.c:220 MS 0001: DL-DIAG fwd=1 ded=0/0 dl=0/0 ct=0x87 st=3 l2=0e0003
Thu Jul  2 09:01:43 2026 DVIRPHY gsmtapl1_if.c:220 MS 0001: DL-DIAG fwd=1 ded=0/0 dl=0/0 ct=0x07 st=3 l2=030301
Thu Jul  2 09:01:44 2026 DVIRPHY gsmtapl1_if.c:220 MS 0001: DL-DIAG fwd=1 ded=0/0 dl=0/0 ct=0x07 st=3 l2=030301
Thu Jul  2 09:01:44 2026 DVIRPHY gsmtapl1_if.c:220 MS 0001: DL-DIAG fwd=1 ded=0/0 dl=0/0 ct=0x87 st=3 l2=0e0003
Thu Jul  2 09:01:44 2026 DVIRPHY gsmtapl1_if.c:220 MS 0001: DL-DIAG fwd=1 ded=0/0 dl=0/0 ct=0x07 st=3 l2=030301
Thu Jul  2 09:01:44 2026 DVIRPHY gsmtapl1_if.c:220 MS 0001: DL-DIAG fwd=1 ded=0/0 dl=0/0 ct=0x07 st=3 l2=030301
Thu Jul  2 09:01:44 2026 DVIRPHY gsmtapl1_if.c:220 MS 0001: DL-DIAG fwd=1 ded=0/0 dl=0/0 ct=0x87 st=3 l2=0e0003
Thu Jul  2 09:01:44 2026 DVIRPHY gsmtapl1_if.c:220 MS 0001: DL-DIAG fwd=1 ded=0/0 dl=0/0 ct=0x07 st=3 l2=030301
Thu Jul  2 09:01:45 2026 DVIRPHY gsmtapl1_if.c:220 MS 0001: DL-DIAG fwd=1 ded=0/0 dl=0/0 ct=0x07 st=3 l2=030301
Thu Jul  2 09:01:45 2026 DVIRPHY gsmtapl1_if.c:220 MS 0001: DL-DIAG fwd=1 ded=0/0 dl=0/0 ct=0x87 st=3 l2=0e0003
Thu Jul  2 09:01:45 2026 DVIRPHY gsmtapl1_if.c:220 MS 0001: DL-DIAG fwd=1 ded=0/0 dl=0/0 ct=0x07 st=3 l2=030301
Thu Jul  2 09:01:45 2026 DVIRPHY gsmtapl1_if.c:220 MS 0001: DL-DIAG fwd=1 ded=0/0 dl=0/0 ct=0x07 st=3 l2=030301
Thu Jul  2 09:01:45 2026 DVIRPHY gsmtapl1_if.c:220 MS 0001: DL-DIAG fwd=1 ded=0/0 dl=0/0 ct=0x87 st=3 l2=0e0003
Thu Jul  2 09:01:45 2026 DVIRPHY gsmtapl1_if.c:220 MS 0001: DL-DIAG fwd=1 ded=0/0 dl=0/0 ct=0x07 st=3 l2=030301
Thu Jul  2 09:01:45 2026 DVIRPHY gsmtapl1_if.c:220 MS 0001: DL-DIAG fwd=1 ded=0/0 dl=0/0 ct=0x07 st=3 l2=030301
Thu Jul  2 09:01:46 2026 DVIRPHY gsmtapl1_if.c:220 MS 0001: DL-DIAG fwd=1 ded=0/0 dl=0/0 ct=0x87 st=3 l2=0e0003
Thu Jul  2 09:01:46 2026 DVIRPHY gsmtapl1_if.c:220 MS 0001: DL-DIAG fwd=1 ded=0/0 dl=0/0 ct=0x07 st=3 l2=030301
Thu Jul  2 09:01:46 2026 DVIRPHY gsmtapl1_if.c:220 MS 0001: DL-DIAG fwd=1 ded=0/0 dl=0/0 ct=0x07 st=3 l2=030301
Thu Jul  2 09:01:46 2026 DVIRPHY gsmtapl1_if.c:220 MS 0001: DL-DIAG fwd=1 ded=0/0 dl=0/0 ct=0x87 st=3 l2=0e0003
Thu Jul  2 09:01:46 2026 DVIRPHY gsmtapl1_if.c:220 MS 0001: DL-DIAG fwd=1 ded=0/0 dl=0/0 ct=0x07 st=3 l2=030301
Thu Jul  2 09:01:46 2026 DVIRPHY gsmtapl1_if.c:220 MS 0001: DL-DIAG fwd=1 ded=0/0 dl=0/0 ct=0x07 st=3 l2=030301
Thu Jul  2 09:01:46 2026 DVIRPHY gsmtapl1_if.c:220 MS 0001: DL-DIAG fwd=1 ded=0/0 dl=0/0 ct=0x87 st=3 l2=0e0003
Thu Jul  2 09:01:47 2026 DVIRPHY gsmtapl1_if.c:220 MS 0001: DL-DIAG fwd=1 ded=0/0 dl=0/0 ct=0x07 st=3 l2=030301
Thu Jul  2 09:01:47 2026 DVIRPHY gsmtapl1_if.c:220 MS 0001: DL-DIAG fwd=1 ded=0/0 dl=0/0 ct=0x07 st=3 l2=030301
Thu Jul  2 09:01:47 2026 DVIRPHY gsmtapl1_if.c:220 MS 0001: DL-DIAG fwd=1 ded=0/0 dl=0/0 ct=0x87 st=3 l2=0e0003
Thu Jul  2 09:01:47 2026 DVIRPHY gsmtapl1_if.c:220 MS 0001: DL-DIAG fwd=1 ded=0/0 dl=0/0 ct=0x07 st=3 l2=030301
Thu Jul  2 09:01:47 2026 DVIRPHY gsmtapl1_if.c:220 MS 0001: DL-DIAG fwd=1 ded=0/0 dl=0/0 ct=0x07 st=3 l2=017301
Thu Jul  2 09:01:47 2026 DL1C l1ctl_sap.c:426 MS 0001: Rx L1CTL_DM_REL_REQ
Thu Jul  2 09:01:47 2026 DL1C l1ctl_sap.c:625 MS 0001: Tx L1CTL_RESET_CONF (reset_type: 1)
Thu Jul  2 09:01:47 2026 DL1C l1ctl_sap.c:625 MS 0001: Tx L1CTL_RESET_CONF (reset_type: 1)
Thu Jul  2 09:01:47 2026 DL1C virt_prim_pm.c:94 MS 0001: Rx L1CTL_PM_REQ TYPE=1, FROM=51, TO=51 — scheduling PM_CONF in 300ms
Thu Jul  2 09:01:47 2026 DL1C l1ctl_sap.c:625 MS 0001: Tx L1CTL_RESET_CONF (reset_type: 1)
Thu Jul  2 09:01:47 2026 DL1C l1ctl_sock.c:99 Failed to receive msg from l2. Connection will be closed.
Thu Jul  2 09:01:47 2026 DMAIN virt_l1_model.c:49 MS 0001: destroyed
Thu Jul  2 09:02:03 2026 DMAIN virt_l1_model.c:42 MS 0002: allocated
Thu Jul  2 09:02:03 2026 DL1C l1ctl_sock.c:138 Accepted client (fd=6) from server (fd=5)
Thu Jul  2 09:02:03 2026 DL1C l1ctl_sap.c:625 MS 0002: Tx L1CTL_RESET_CONF (reset_type: 1)
Thu Jul  2 09:02:03 2026 DL1C l1ctl_sap.c:625 MS 0002: Tx L1CTL_RESET_CONF (reset_type: 1)
Thu Jul  2 09:02:03 2026 DL1C virt_prim_pm.c:94 MS 0002: Rx L1CTL_PM_REQ TYPE=1, FROM=51, TO=51 — scheduling PM_CONF in 300ms
Thu Jul  2 09:02:03 2026 DL1C virt_prim_pm.c:57 MS 0002: Power measurement set for arfcn 51. Set signal level to -63 (== rxlev: 47).
Thu Jul  2 09:02:03 2026 DL1C virt_prim_pm.c:151 MS 0002: Tx L1CTL_PM_CONF (timer fired!)
Thu Jul  2 09:02:03 2026 DL1C l1ctl_sap.c:625 MS 0002: Tx L1CTL_RESET_CONF (reset_type: 1)
Thu Jul  2 09:02:03 2026 DL1C virt_prim_fbsb.c:57 MS 0002: Rx L1CTL_FBSB_REQ (arfcn=51, flags=0x7)
Thu Jul  2 09:02:03 2026 DL1C virt_prim_fbsb.c:127 MS 0002: Tx L1CTL_FBSB_CONF (res: 0)
Thu Jul  2 09:02:04 2026 DL1C l1ctl_sap.c:519 MS 0002: Rx L1CTL_CCCH_MODE_REQ (mode=2)
Thu Jul  2 09:02:04 2026 DL1C l1ctl_sap.c:647 MS 0002: Tx L1CTL_CCCH_MODE_CONF (mode: 2)
Thu Jul  2 09:02:04 2026 DL1C l1ctl_sap.c:625 MS 0002: Tx L1CTL_RESET_CONF (reset_type: 1)
Thu Jul  2 09:02:04 2026 DL1C virt_prim_fbsb.c:57 MS 0002: Rx L1CTL_FBSB_REQ (arfcn=51, flags=0x7)
Thu Jul  2 09:02:04 2026 DL1C virt_prim_fbsb.c:127 MS 0002: Tx L1CTL_FBSB_CONF (res: 0)
Thu Jul  2 09:02:04 2026 DL1C l1ctl_sap.c:458 MS 0002: Rx L1CTL_PARAM_REQ (ta=0, tx_power=14)
Thu Jul  2 09:02:04 2026 DL1C virt_prim_rach.c:81 MS 0002: Rx L1CTL_RACH_REQ (ra=0x0a, offset=8 combined=1)
Thu Jul  2 09:02:04 2026 DL1C virt_prim_rach.c:124 MS 0002: Tx L1CTL_RACH_CONF (fn: 26644, arfcn: 51)
Thu Jul  2 09:02:04 2026 DL1C l1ctl_sap.c:458 MS 0002: Rx L1CTL_PARAM_REQ (ta=0, tx_power=14)
Thu Jul  2 09:02:04 2026 DL1C virt_prim_rach.c:81 MS 0002: Rx L1CTL_RACH_REQ (ra=0x0b, offset=119 combined=1)
Thu Jul  2 09:02:04 2026 DL1C l1ctl_sap.c:625 MS 0002: Tx L1CTL_RESET_CONF (reset_type: 2)
Thu Jul  2 09:02:04 2026 DL1C l1ctl_sap.c:458 MS 0002: Rx L1CTL_PARAM_REQ (ta=0, tx_power=14)
Thu Jul  2 09:02:04 2026 DL1C l1ctl_sap.c:313 MS 0002: Rx L1CTL_DM_EST_REQ (chan_nr=0x20 arfcn=51 tn=0 ss=0)
Thu Jul  2 09:02:04 2026 DVIRPHY gsmtapl1_if.c:220 MS 0002: DL-DIAG fwd=1 ded=0/0 dl=0/0 ct=0x07 st=3 l2=030301
Thu Jul  2 09:02:11 2026 DL1C l1ctl_sap.c:426 MS 0002: Rx L1CTL_DM_REL_REQ
Thu Jul  2 09:02:11 2026 DL1C l1ctl_sap.c:625 MS 0002: Tx L1CTL_RESET_CONF (reset_type: 1)
Thu Jul  2 09:02:11 2026 DL1C l1ctl_sap.c:625 MS 0002: Tx L1CTL_RESET_CONF (reset_type: 1)
Thu Jul  2 09:02:11 2026 DL1C virt_prim_fbsb.c:57 MS 0002: Rx L1CTL_FBSB_REQ (arfcn=51, flags=0x7)
Thu Jul  2 09:02:12 2026 DL1C virt_prim_fbsb.c:127 MS 0002: Tx L1CTL_FBSB_CONF (res: 0)
Thu Jul  2 09:02:12 2026 DL1C l1ctl_sap.c:573 MS 0002: Rx L1CTL_NEIGH_PM_REQ (list with 1 entries): IGNORED
Thu Jul  2 09:02:25 2026 DL1C l1ctl_sap.c:625 MS 0002: Tx L1CTL_RESET_CONF (reset_type: 1)
Thu Jul  2 09:02:25 2026 DL1C virt_prim_fbsb.c:57 MS 0002: Rx L1CTL_FBSB_REQ (arfcn=51, flags=0x7)
Thu Jul  2 09:02:25 2026 DL1C virt_prim_fbsb.c:127 MS 0002: Tx L1CTL_FBSB_CONF (res: 0)
Thu Jul  2 09:02:25 2026 DL1C l1ctl_sap.c:458 MS 0002: Rx L1CTL_PARAM_REQ (ta=0, tx_power=14)
Thu Jul  2 09:02:25 2026 DL1C virt_prim_rach.c:81 MS 0002: Rx L1CTL_RACH_REQ (ra=0x0b, offset=8 combined=1)
Thu Jul  2 09:02:25 2026 DL1C virt_prim_rach.c:124 MS 0002: Tx L1CTL_RACH_CONF (fn: 31285, arfcn: 51)
Thu Jul  2 09:02:25 2026 DL1C l1ctl_sap.c:458 MS 0002: Rx L1CTL_PARAM_REQ (ta=0, tx_power=14)
Thu Jul  2 09:02:25 2026 DL1C virt_prim_rach.c:81 MS 0002: Rx L1CTL_RACH_REQ (ra=0x0d, offset=116 combined=1)
Thu Jul  2 09:02:25 2026 DL1C l1ctl_sap.c:625 MS 0002: Tx L1CTL_RESET_CONF (reset_type: 2)
Thu Jul  2 09:02:25 2026 DL1C l1ctl_sap.c:458 MS 0002: Rx L1CTL_PARAM_REQ (ta=0, tx_power=14)
Thu Jul  2 09:02:25 2026 DL1C l1ctl_sap.c:313 MS 0002: Rx L1CTL_DM_EST_REQ (chan_nr=0x20 arfcn=51 tn=0 ss=0)
Thu Jul  2 09:02:25 2026 DVIRPHY gsmtapl1_if.c:220 MS 0002: DL-DIAG fwd=1 ded=0/0 dl=0/0 ct=0x07 st=3 l2=030301
Thu Jul  2 09:02:26 2026 DVIRPHY gsmtapl1_if.c:220 MS 0002: DL-DIAG fwd=1 ded=0/0 dl=0/0 ct=0x87 st=3 l2=0e0003
Thu Jul  2 09:02:33 2026 DL1C l1ctl_sap.c:426 MS 0002: Rx L1CTL_DM_REL_REQ
Thu Jul  2 09:02:33 2026 DL1C l1ctl_sap.c:625 MS 0002: Tx L1CTL_RESET_CONF (reset_type: 1)
Thu Jul  2 09:02:33 2026 DL1C l1ctl_sap.c:625 MS 0002: Tx L1CTL_RESET_CONF (reset_type: 1)
Thu Jul  2 09:02:33 2026 DL1C virt_prim_fbsb.c:57 MS 0002: Rx L1CTL_FBSB_REQ (arfcn=51, flags=0x7)
Thu Jul  2 09:02:33 2026 DL1C virt_prim_fbsb.c:127 MS 0002: Tx L1CTL_FBSB_CONF (res: 0)
Thu Jul  2 09:02:33 2026 DL1C l1ctl_sap.c:573 MS 0002: Rx L1CTL_NEIGH_PM_REQ (list with 1 entries): IGNORED
Thu Jul  2 09:02:46 2026 DL1C l1ctl_sap.c:625 MS 0002: Tx L1CTL_RESET_CONF (reset_type: 1)
Thu Jul  2 09:02:46 2026 DL1C virt_prim_fbsb.c:57 MS 0002: Rx L1CTL_FBSB_REQ (arfcn=51, flags=0x7)
Thu Jul  2 09:02:47 2026 DL1C virt_prim_fbsb.c:127 MS 0002: Tx L1CTL_FBSB_CONF (res: 0)
Thu Jul  2 09:02:47 2026 DL1C l1ctl_sap.c:458 MS 0002: Rx L1CTL_PARAM_REQ (ta=0, tx_power=14)
Thu Jul  2 09:02:47 2026 DL1C virt_prim_rach.c:81 MS 0002: Rx L1CTL_RACH_REQ (ra=0x08, offset=8 combined=1)
Thu Jul  2 09:02:47 2026 DL1C virt_prim_rach.c:124 MS 0002: Tx L1CTL_RACH_CONF (fn: 35926, arfcn: 51)
Thu Jul  2 09:02:47 2026 DL1C l1ctl_sap.c:458 MS 0002: Rx L1CTL_PARAM_REQ (ta=0, tx_power=14)
Thu Jul  2 09:02:47 2026 DL1C virt_prim_rach.c:81 MS 0002: Rx L1CTL_RACH_REQ (ra=0x04, offset=123 combined=1)
Thu Jul  2 09:02:47 2026 DL1C l1ctl_sap.c:625 MS 0002: Tx L1CTL_RESET_CONF (reset_type: 2)
Thu Jul  2 09:02:47 2026 DL1C l1ctl_sap.c:458 MS 0002: Rx L1CTL_PARAM_REQ (ta=0, tx_power=14)
Thu Jul  2 09:02:47 2026 DL1C l1ctl_sap.c:313 MS 0002: Rx L1CTL_DM_EST_REQ (chan_nr=0x20 arfcn=51 tn=0 ss=0)
Thu Jul  2 09:02:47 2026 DVIRPHY gsmtapl1_if.c:220 MS 0002: DL-DIAG fwd=1 ded=0/0 dl=0/0 ct=0x07 st=3 l2=030301
Thu Jul  2 09:02:54 2026 DL1C l1ctl_sap.c:426 MS 0002: Rx L1CTL_DM_REL_REQ
Thu Jul  2 09:02:54 2026 DL1C l1ctl_sap.c:625 MS 0002: Tx L1CTL_RESET_CONF (reset_type: 1)
Thu Jul  2 09:02:54 2026 DL1C l1ctl_sap.c:625 MS 0002: Tx L1CTL_RESET_CONF (reset_type: 1)
Thu Jul  2 09:02:54 2026 DL1C virt_prim_fbsb.c:57 MS 0002: Rx L1CTL_FBSB_REQ (arfcn=51, flags=0x7)
Thu Jul  2 09:02:54 2026 DL1C virt_prim_fbsb.c:127 MS 0002: Tx L1CTL_FBSB_CONF (res: 0)
Thu Jul  2 09:02:54 2026 DL1C l1ctl_sap.c:573 MS 0002: Rx L1CTL_NEIGH_PM_REQ (list with 1 entries): IGNORED
Thu Jul  2 09:03:08 2026 DL1C l1ctl_sap.c:625 MS 0002: Tx L1CTL_RESET_CONF (reset_type: 1)
Thu Jul  2 09:03:08 2026 DL1C virt_prim_fbsb.c:57 MS 0002: Rx L1CTL_FBSB_REQ (arfcn=51, flags=0x7)
Thu Jul  2 09:03:08 2026 DL1C virt_prim_fbsb.c:127 MS 0002: Tx L1CTL_FBSB_CONF (res: 0)
Thu Jul  2 09:03:08 2026 DL1C l1ctl_sap.c:458 MS 0002: Rx L1CTL_PARAM_REQ (ta=0, tx_power=14)
Thu Jul  2 09:03:08 2026 DL1C virt_prim_rach.c:81 MS 0002: Rx L1CTL_RACH_REQ (ra=0x0a, offset=0 combined=1)
Thu Jul  2 09:03:08 2026 DL1C virt_prim_rach.c:124 MS 0002: Tx L1CTL_RACH_CONF (fn: 40559, arfcn: 51)
Thu Jul  2 09:03:08 2026 DL1C l1ctl_sap.c:458 MS 0002: Rx L1CTL_PARAM_REQ (ta=0, tx_power=14)
Thu Jul  2 09:03:08 2026 DL1C virt_prim_rach.c:81 MS 0002: Rx L1CTL_RACH_REQ (ra=0x06, offset=125 combined=1)
Thu Jul  2 09:03:08 2026 DVIRPHY gsmtapl1_if.c:220 MS 0002: DL-DIAG fwd=1 ded=0/0 dl=0/0 ct=0x07 st=2 l2=030301
Thu Jul  2 09:03:08 2026 DL1C l1ctl_sap.c:625 MS 0002: Tx L1CTL_RESET_CONF (reset_type: 2)
Thu Jul  2 09:03:08 2026 DL1C l1ctl_sap.c:458 MS 0002: Rx L1CTL_PARAM_REQ (ta=0, tx_power=14)
Thu Jul  2 09:03:08 2026 DL1C l1ctl_sap.c:313 MS 0002: Rx L1CTL_DM_EST_REQ (chan_nr=0x20 arfcn=51 tn=0 ss=0)
Thu Jul  2 09:03:08 2026 DVIRPHY gsmtapl1_if.c:220 MS 0002: DL-DIAG fwd=1 ded=0/0 dl=0/0 ct=0x07 st=3 l2=030301
Thu Jul  2 09:03:08 2026 DVIRPHY gsmtapl1_if.c:220 MS 0002: DL-DIAG fwd=1 ded=0/0 dl=0/0 ct=0x87 st=3 l2=0e0003
Thu Jul  2 09:03:09 2026 DVIRPHY gsmtapl1_if.c:220 MS 0002: DL-DIAG fwd=1 ded=0/0 dl=0/0 ct=0x07 st=3 l2=01733d
Thu Jul  2 09:03:09 2026 DVIRPHY gsmtapl1_if.c:220 MS 0002: DL-DIAG fwd=1 ded=0/0 dl=0/0 ct=0x07 st=3 l2=03000d
Thu Jul  2 09:03:09 2026 DVIRPHY gsmtapl1_if.c:220 MS 0002: DL-DIAG fwd=1 ded=0/0 dl=0/0 ct=0x87 st=3 l2=0e0003
Thu Jul  2 09:03:09 2026 DVIRPHY gsmtapl1_if.c:220 MS 0002: DL-DIAG fwd=1 ded=0/0 dl=0/0 ct=0x07 st=3 l2=030301
Thu Jul  2 09:03:09 2026 DVIRPHY gsmtapl1_if.c:220 MS 0002: DL-DIAG fwd=1 ded=0/0 dl=0/0 ct=0x07 st=3 l2=030301
Thu Jul  2 09:03:09 2026 DVIRPHY gsmtapl1_if.c:220 MS 0002: DL-DIAG fwd=1 ded=0/0 dl=0/0 ct=0x87 st=3 l2=0e0003
Thu Jul  2 09:03:09 2026 DVIRPHY gsmtapl1_if.c:220 MS 0002: DL-DIAG fwd=1 ded=0/0 dl=0/0 ct=0x07 st=3 l2=03020d
Thu Jul  2 09:03:10 2026 DVIRPHY gsmtapl1_if.c:220 MS 0002: DL-DIAG fwd=1 ded=0/0 dl=0/0 ct=0x07 st=3 l2=017301
Thu Jul  2 09:03:10 2026 DL1C l1ctl_sap.c:426 MS 0002: Rx L1CTL_DM_REL_REQ
Thu Jul  2 09:03:10 2026 DL1C l1ctl_sap.c:625 MS 0002: Tx L1CTL_RESET_CONF (reset_type: 1)
Thu Jul  2 09:03:10 2026 DL1C l1ctl_sap.c:625 MS 0002: Tx L1CTL_RESET_CONF (reset_type: 1)
Thu Jul  2 09:03:10 2026 DL1C virt_prim_fbsb.c:57 MS 0002: Rx L1CTL_FBSB_REQ (arfcn=51, flags=0x7)
Thu Jul  2 09:03:10 2026 DL1C l1ctl_sap.c:625 MS 0002: Tx L1CTL_RESET_CONF (reset_type: 1)
Thu Jul  2 09:03:10 2026 DL1C virt_prim_pm.c:94 MS 0002: Rx L1CTL_PM_REQ TYPE=1, FROM=51, TO=51 — scheduling PM_CONF in 300ms
Thu Jul  2 09:03:10 2026 DVIRPHY gsmtapl1_if.c:220 MS 0002: DL-DIAG fwd=1 ded=0/0 dl=0/0 ct=0x07 st=0 l2=030301
Thu Jul  2 09:03:10 2026 DL1C virt_prim_pm.c:151 MS 0002: Tx L1CTL_PM_CONF (timer fired!)
Thu Jul  2 09:03:10 2026 DL1C l1ctl_sap.c:625 MS 0002: Tx L1CTL_RESET_CONF (reset_type: 1)
Thu Jul  2 09:03:10 2026 DL1C virt_prim_fbsb.c:57 MS 0002: Rx L1CTL_FBSB_REQ (arfcn=51, flags=0x7)
Thu Jul  2 09:03:10 2026 DL1C virt_prim_fbsb.c:127 MS 0002: Tx L1CTL_FBSB_CONF (res: 0)
Thu Jul  2 09:03:10 2026 DVIRPHY gsmtapl1_if.c:220 MS 0002: DL-DIAG fwd=1 ded=0/0 dl=0/0 ct=0x07 st=2 l2=030301
Thu Jul  2 09:03:10 2026 DVIRPHY gsmtapl1_if.c:220 MS 0002: DL-DIAG fwd=1 ded=0/0 dl=0/0 ct=0x07 st=2 l2=030301
Thu Jul  2 09:03:11 2026 DL1C l1ctl_sap.c:519 MS 0002: Rx L1CTL_CCCH_MODE_REQ (mode=2)
Thu Jul  2 09:03:11 2026 DL1C l1ctl_sap.c:647 MS 0002: Tx L1CTL_CCCH_MODE_CONF (mode: 2)
Thu Jul  2 09:03:11 2026 DVIRPHY gsmtapl1_if.c:220 MS 0002: DL-DIAG fwd=1 ded=0/0 dl=0/0 ct=0x07 st=2 l2=030301
Thu Jul  2 09:03:11 2026 DVIRPHY gsmtapl1_if.c:220 MS 0002: DL-DIAG fwd=1 ded=0/0 dl=0/0 ct=0x07 st=2 l2=030301
Thu Jul  2 09:03:11 2026 DL1C l1ctl_sap.c:625 MS 0002: Tx L1CTL_RESET_CONF (reset_type: 1)
Thu Jul  2 09:03:11 2026 DL1C virt_prim_fbsb.c:57 MS 0002: Rx L1CTL_FBSB_REQ (arfcn=51, flags=0x7)
Thu Jul  2 09:03:11 2026 DL1C virt_prim_fbsb.c:127 MS 0002: Tx L1CTL_FBSB_CONF (res: 0)
Thu Jul  2 09:03:11 2026 DVIRPHY gsmtapl1_if.c:220 MS 0002: DL-DIAG fwd=1 ded=0/0 dl=0/0 ct=0x07 st=2 l2=030301
Thu Jul  2 09:03:11 2026 DVIRPHY gsmtapl1_if.c:220 MS 0002: DL-DIAG fwd=1 ded=0/0 dl=0/0 ct=0x07 st=2 l2=030301
Thu Jul  2 09:03:11 2026 DL1C l1ctl_sap.c:519 MS 0002: Rx L1CTL_CCCH_MODE_REQ (mode=2)
Thu Jul  2 09:03:11 2026 DL1C l1ctl_sap.c:647 MS 0002: Tx L1CTL_CCCH_MODE_CONF (mode: 2)
Thu Jul  2 09:03:13 2026 DL1C l1ctl_sap.c:625 MS 0002: Tx L1CTL_RESET_CONF (reset_type: 1)
Thu Jul  2 09:03:13 2026 DL1C virt_prim_pm.c:94 MS 0002: Rx L1CTL_PM_REQ TYPE=1, FROM=51, TO=51 — scheduling PM_CONF in 300ms
Thu Jul  2 09:03:13 2026 DL1C virt_prim_pm.c:151 MS 0002: Tx L1CTL_PM_CONF (timer fired!)
Thu Jul  2 09:03:13 2026 DL1C l1ctl_sap.c:625 MS 0002: Tx L1CTL_RESET_CONF (reset_type: 1)
Thu Jul  2 09:03:13 2026 DL1C virt_prim_fbsb.c:57 MS 0002: Rx L1CTL_FBSB_REQ (arfcn=51, flags=0x7)
Thu Jul  2 09:03:13 2026 DL1C virt_prim_fbsb.c:127 MS 0002: Tx L1CTL_FBSB_CONF (res: 0)
Thu Jul  2 09:03:14 2026 DL1C l1ctl_sap.c:519 MS 0002: Rx L1CTL_CCCH_MODE_REQ (mode=2)
Thu Jul  2 09:03:14 2026 DL1C l1ctl_sap.c:647 MS 0002: Tx L1CTL_CCCH_MODE_CONF (mode: 2)
Thu Jul  2 09:03:15 2026 DL1C l1ctl_sap.c:625 MS 0002: Tx L1CTL_RESET_CONF (reset_type: 1)
Thu Jul  2 09:03:15 2026 DL1C virt_prim_fbsb.c:57 MS 0002: Rx L1CTL_FBSB_REQ (arfcn=51, flags=0x7)
Thu Jul  2 09:03:15 2026 DL1C virt_prim_fbsb.c:127 MS 0002: Tx L1CTL_FBSB_CONF (res: 0)
Thu Jul  2 09:03:15 2026 DL1C l1ctl_sap.c:573 MS 0002: Rx L1CTL_NEIGH_PM_REQ (list with 1 entries): IGNORED
Thu Jul  2 09:03:45 2026 DL1C l1ctl_sap.c:625 MS 0002: Tx L1CTL_RESET_CONF (reset_type: 1)
Thu Jul  2 09:03:45 2026 DL1C virt_prim_pm.c:94 MS 0002: Rx L1CTL_PM_REQ TYPE=1, FROM=51, TO=51 — scheduling PM_CONF in 300ms
Thu Jul  2 09:03:45 2026 DL1C virt_prim_pm.c:151 MS 0002: Tx L1CTL_PM_CONF (timer fired!)
Thu Jul  2 09:03:45 2026 DL1C l1ctl_sap.c:625 MS 0002: Tx L1CTL_RESET_CONF (reset_type: 1)
Thu Jul  2 09:03:45 2026 DL1C virt_prim_fbsb.c:57 MS 0002: Rx L1CTL_FBSB_REQ (arfcn=51, flags=0x7)
Thu Jul  2 09:03:45 2026 DL1C virt_prim_fbsb.c:127 MS 0002: Tx L1CTL_FBSB_CONF (res: 0)
Thu Jul  2 09:03:45 2026 DL1C l1ctl_sap.c:519 MS 0002: Rx L1CTL_CCCH_MODE_REQ (mode=2)
Thu Jul  2 09:03:45 2026 DL1C l1ctl_sap.c:647 MS 0002: Tx L1CTL_CCCH_MODE_CONF (mode: 2)
Thu Jul  2 09:03:47 2026 DL1C l1ctl_sap.c:625 MS 0002: Tx L1CTL_RESET_CONF (reset_type: 1)
Thu Jul  2 09:03:47 2026 DL1C virt_prim_fbsb.c:57 MS 0002: Rx L1CTL_FBSB_REQ (arfcn=51, flags=0x7)
Thu Jul  2 09:03:47 2026 DL1C virt_prim_fbsb.c:127 MS 0002: Tx L1CTL_FBSB_CONF (res: 0)
Thu Jul  2 09:03:47 2026 DL1C l1ctl_sap.c:573 MS 0002: Rx L1CTL_NEIGH_PM_REQ (list with 1 entries): IGNORED
Thu Jul  2 09:04:17 2026 DL1C l1ctl_sap.c:625 MS 0002: Tx L1CTL_RESET_CONF (reset_type: 1)
Thu Jul  2 09:04:17 2026 DL1C virt_prim_pm.c:94 MS 0002: Rx L1CTL_PM_REQ TYPE=1, FROM=51, TO=51 — scheduling PM_CONF in 300ms
Thu Jul  2 09:04:17 2026 DL1C virt_prim_pm.c:151 MS 0002: Tx L1CTL_PM_CONF (timer fired!)
Thu Jul  2 09:04:17 2026 DL1C l1ctl_sap.c:625 MS 0002: Tx L1CTL_RESET_CONF (reset_type: 1)
Thu Jul  2 09:04:17 2026 DL1C virt_prim_fbsb.c:57 MS 0002: Rx L1CTL_FBSB_REQ (arfcn=51, flags=0x7)
Thu Jul  2 09:04:17 2026 DL1C virt_prim_fbsb.c:127 MS 0002: Tx L1CTL_FBSB_CONF (res: 0)
Thu Jul  2 09:04:17 2026 DL1C l1ctl_sap.c:519 MS 0002: Rx L1CTL_CCCH_MODE_REQ (mode=2)
Thu Jul  2 09:04:17 2026 DL1C l1ctl_sap.c:647 MS 0002: Tx L1CTL_CCCH_MODE_CONF (mode: 2)
Thu Jul  2 09:04:19 2026 DL1C l1ctl_sap.c:625 MS 0002: Tx L1CTL_RESET_CONF (reset_type: 1)
Thu Jul  2 09:04:19 2026 DL1C virt_prim_fbsb.c:57 MS 0002: Rx L1CTL_FBSB_REQ (arfcn=51, flags=0x7)
Thu Jul  2 09:04:19 2026 DL1C virt_prim_fbsb.c:127 MS 0002: Tx L1CTL_FBSB_CONF (res: 0)
Thu Jul  2 09:04:19 2026 DL1C l1ctl_sap.c:573 MS 0002: Rx L1CTL_NEIGH_PM_REQ (list with 1 entries): IGNORED
Thu Jul  2 09:04:49 2026 DL1C l1ctl_sap.c:625 MS 0002: Tx L1CTL_RESET_CONF (reset_type: 1)
Thu Jul  2 09:04:49 2026 DL1C virt_prim_pm.c:94 MS 0002: Rx L1CTL_PM_REQ TYPE=1, FROM=51, TO=51 — scheduling PM_CONF in 300ms
Thu Jul  2 09:04:49 2026 DL1C virt_prim_pm.c:151 MS 0002: Tx L1CTL_PM_CONF (timer fired!)
Thu Jul  2 09:04:49 2026 DL1C l1ctl_sap.c:625 MS 0002: Tx L1CTL_RESET_CONF (reset_type: 1)
Thu Jul  2 09:04:49 2026 DL1C virt_prim_fbsb.c:57 MS 0002: Rx L1CTL_FBSB_REQ (arfcn=51, flags=0x7)
Thu Jul  2 09:04:49 2026 DL1C virt_prim_fbsb.c:127 MS 0002: Tx L1CTL_FBSB_CONF (res: 0)
Thu Jul  2 09:04:49 2026 DL1C l1ctl_sap.c:519 MS 0002: Rx L1CTL_CCCH_MODE_REQ (mode=2)
Thu Jul  2 09:04:49 2026 DL1C l1ctl_sap.c:647 MS 0002: Tx L1CTL_CCCH_MODE_CONF (mode: 2)
Thu Jul  2 09:04:51 2026 DL1C l1ctl_sap.c:625 MS 0002: Tx L1CTL_RESET_CONF (reset_type: 1)
Thu Jul  2 09:04:51 2026 DL1C virt_prim_fbsb.c:57 MS 0002: Rx L1CTL_FBSB_REQ (arfcn=51, flags=0x7)
Thu Jul  2 09:04:51 2026 DL1C virt_prim_fbsb.c:127 MS 0002: Tx L1CTL_FBSB_CONF (res: 0)
Thu Jul  2 09:04:51 2026 DL1C l1ctl_sap.c:573 MS 0002: Rx L1CTL_NEIGH_PM_REQ (list with 1 entries): IGNORED
Thu Jul  2 09:05:21 2026 DL1C l1ctl_sap.c:625 MS 0002: Tx L1CTL_RESET_CONF (reset_type: 1)
Thu Jul  2 09:05:21 2026 DL1C virt_prim_pm.c:94 MS 0002: Rx L1CTL_PM_REQ TYPE=1, FROM=51, TO=51 — scheduling PM_CONF in 300ms
Thu Jul  2 09:05:21 2026 DL1C virt_prim_pm.c:151 MS 0002: Tx L1CTL_PM_CONF (timer fired!)
Thu Jul  2 09:05:21 2026 DL1C l1ctl_sap.c:625 MS 0002: Tx L1CTL_RESET_CONF (reset_type: 1)
Thu Jul  2 09:05:21 2026 DL1C virt_prim_fbsb.c:57 MS 0002: Rx L1CTL_FBSB_REQ (arfcn=51, flags=0x7)
Thu Jul  2 09:05:21 2026 DL1C virt_prim_fbsb.c:127 MS 0002: Tx L1CTL_FBSB_CONF (res: 0)
Thu Jul  2 09:05:21 2026 DL1C l1ctl_sap.c:519 MS 0002: Rx L1CTL_CCCH_MODE_REQ (mode=2)
Thu Jul  2 09:05:21 2026 DL1C l1ctl_sap.c:647 MS 0002: Tx L1CTL_CCCH_MODE_CONF (mode: 2)
Thu Jul  2 09:05:23 2026 DL1C l1ctl_sap.c:625 MS 0002: Tx L1CTL_RESET_CONF (reset_type: 1)
Thu Jul  2 09:05:23 2026 DL1C virt_prim_fbsb.c:57 MS 0002: Rx L1CTL_FBSB_REQ (arfcn=51, flags=0x7)
Thu Jul  2 09:05:23 2026 DL1C virt_prim_fbsb.c:127 MS 0002: Tx L1CTL_FBSB_CONF (res: 0)
Thu Jul  2 09:05:23 2026 DL1C l1ctl_sap.c:573 MS 0002: Rx L1CTL_NEIGH_PM_REQ (list with 1 entries): IGNORED
Thu Jul  2 09:05:53 2026 DL1C l1ctl_sap.c:625 MS 0002: Tx L1CTL_RESET_CONF (reset_type: 1)
Thu Jul  2 09:05:53 2026 DL1C virt_prim_pm.c:94 MS 0002: Rx L1CTL_PM_REQ TYPE=1, FROM=51, TO=51 — scheduling PM_CONF in 300ms
Thu Jul  2 09:05:53 2026 DL1C virt_prim_pm.c:151 MS 0002: Tx L1CTL_PM_CONF (timer fired!)
Thu Jul  2 09:05:53 2026 DL1C l1ctl_sap.c:625 MS 0002: Tx L1CTL_RESET_CONF (reset_type: 1)
Thu Jul  2 09:05:53 2026 DL1C virt_prim_fbsb.c:57 MS 0002: Rx L1CTL_FBSB_REQ (arfcn=51, flags=0x7)
Thu Jul  2 09:05:53 2026 DL1C virt_prim_fbsb.c:127 MS 0002: Tx L1CTL_FBSB_CONF (res: 0)
Thu Jul  2 09:05:53 2026 DL1C l1ctl_sap.c:519 MS 0002: Rx L1CTL_CCCH_MODE_REQ (mode=2)
Thu Jul  2 09:05:53 2026 DL1C l1ctl_sap.c:647 MS 0002: Tx L1CTL_CCCH_MODE_CONF (mode: 2)
Thu Jul  2 09:05:55 2026 DL1C l1ctl_sap.c:625 MS 0002: Tx L1CTL_RESET_CONF (reset_type: 1)
Thu Jul  2 09:05:55 2026 DL1C virt_prim_fbsb.c:57 MS 0002: Rx L1CTL_FBSB_REQ (arfcn=51, flags=0x7)
Thu Jul  2 09:05:55 2026 DL1C virt_prim_fbsb.c:127 MS 0002: Tx L1CTL_FBSB_CONF (res: 0)
Thu Jul  2 09:05:55 2026 DL1C l1ctl_sap.c:573 MS 0002: Rx L1CTL_NEIGH_PM_REQ (list with 1 entries): IGNORED
Thu Jul  2 09:06:25 2026 DL1C l1ctl_sap.c:625 MS 0002: Tx L1CTL_RESET_CONF (reset_type: 1)
Thu Jul  2 09:06:25 2026 DL1C virt_prim_pm.c:94 MS 0002: Rx L1CTL_PM_REQ TYPE=1, FROM=51, TO=51 — scheduling PM_CONF in 300ms
Thu Jul  2 09:06:25 2026 DL1C virt_prim_pm.c:151 MS 0002: Tx L1CTL_PM_CONF (timer fired!)
Thu Jul  2 09:06:25 2026 DL1C l1ctl_sap.c:625 MS 0002: Tx L1CTL_RESET_CONF (reset_type: 1)
Thu Jul  2 09:06:25 2026 DL1C virt_prim_fbsb.c:57 MS 0002: Rx L1CTL_FBSB_REQ (arfcn=51, flags=0x7)
Thu Jul  2 09:06:25 2026 DL1C virt_prim_fbsb.c:127 MS 0002: Tx L1CTL_FBSB_CONF (res: 0)
Thu Jul  2 09:06:25 2026 DL1C l1ctl_sap.c:519 MS 0002: Rx L1CTL_CCCH_MODE_REQ (mode=2)
Thu Jul  2 09:06:25 2026 DL1C l1ctl_sap.c:647 MS 0002: Tx L1CTL_CCCH_MODE_CONF (mode: 2)
Thu Jul  2 09:06:27 2026 DL1C l1ctl_sap.c:625 MS 0002: Tx L1CTL_RESET_CONF (reset_type: 1)
Thu Jul  2 09:06:27 2026 DL1C virt_prim_fbsb.c:57 MS 0002: Rx L1CTL_FBSB_REQ (arfcn=51, flags=0x7)
Thu Jul  2 09:06:27 2026 DL1C virt_prim_fbsb.c:127 MS 0002: Tx L1CTL_FBSB_CONF (res: 0)
Thu Jul  2 09:06:27 2026 DL1C l1ctl_sap.c:573 MS 0002: Rx L1CTL_NEIGH_PM_REQ (list with 1 entries): IGNORED
Thu Jul  2 09:06:57 2026 DL1C l1ctl_sap.c:625 MS 0002: Tx L1CTL_RESET_CONF (reset_type: 1)
Thu Jul  2 09:06:57 2026 DL1C virt_prim_pm.c:94 MS 0002: Rx L1CTL_PM_REQ TYPE=1, FROM=51, TO=51 — scheduling PM_CONF in 300ms
Thu Jul  2 09:06:57 2026 DL1C virt_prim_pm.c:151 MS 0002: Tx L1CTL_PM_CONF (timer fired!)
Thu Jul  2 09:06:57 2026 DL1C l1ctl_sap.c:625 MS 0002: Tx L1CTL_RESET_CONF (reset_type: 1)
Thu Jul  2 09:06:57 2026 DL1C virt_prim_fbsb.c:57 MS 0002: Rx L1CTL_FBSB_REQ (arfcn=51, flags=0x7)
Thu Jul  2 09:06:57 2026 DL1C virt_prim_fbsb.c:127 MS 0002: Tx L1CTL_FBSB_CONF (res: 0)
Thu Jul  2 09:06:57 2026 DL1C l1ctl_sap.c:519 MS 0002: Rx L1CTL_CCCH_MODE_REQ (mode=2)
Thu Jul  2 09:06:57 2026 DL1C l1ctl_sap.c:647 MS 0002: Tx L1CTL_CCCH_MODE_CONF (mode: 2)
Thu Jul  2 09:06:59 2026 DL1C l1ctl_sap.c:625 MS 0002: Tx L1CTL_RESET_CONF (reset_type: 1)
Thu Jul  2 09:06:59 2026 DL1C virt_prim_fbsb.c:57 MS 0002: Rx L1CTL_FBSB_REQ (arfcn=51, flags=0x7)
Thu Jul  2 09:06:59 2026 DL1C virt_prim_fbsb.c:127 MS 0002: Tx L1CTL_FBSB_CONF (res: 0)
Thu Jul  2 09:06:59 2026 DL1C l1ctl_sap.c:573 MS 0002: Rx L1CTL_NEIGH_PM_REQ (list with 1 entries): IGNORED
Thu Jul  2 09:07:29 2026 DL1C l1ctl_sap.c:625 MS 0002: Tx L1CTL_RESET_CONF (reset_type: 1)
Thu Jul  2 09:07:29 2026 DL1C virt_prim_pm.c:94 MS 0002: Rx L1CTL_PM_REQ TYPE=1, FROM=51, TO=51 — scheduling PM_CONF in 300ms
Thu Jul  2 09:07:29 2026 DL1C virt_prim_pm.c:151 MS 0002: Tx L1CTL_PM_CONF (timer fired!)
Thu Jul  2 09:07:29 2026 DL1C l1ctl_sap.c:625 MS 0002: Tx L1CTL_RESET_CONF (reset_type: 1)
Thu Jul  2 09:07:29 2026 DL1C virt_prim_fbsb.c:57 MS 0002: Rx L1CTL_FBSB_REQ (arfcn=51, flags=0x7)
Thu Jul  2 09:07:29 2026 DL1C virt_prim_fbsb.c:127 MS 0002: Tx L1CTL_FBSB_CONF (res: 0)
Thu Jul  2 09:07:29 2026 DL1C l1ctl_sap.c:519 MS 0002: Rx L1CTL_CCCH_MODE_REQ (mode=2)
Thu Jul  2 09:07:29 2026 DL1C l1ctl_sap.c:647 MS 0002: Tx L1CTL_CCCH_MODE_CONF (mode: 2)
Thu Jul  2 09:07:31 2026 DL1C l1ctl_sap.c:625 MS 0002: Tx L1CTL_RESET_CONF (reset_type: 1)
Thu Jul  2 09:07:31 2026 DL1C virt_prim_fbsb.c:57 MS 0002: Rx L1CTL_FBSB_REQ (arfcn=51, flags=0x7)
Thu Jul  2 09:07:31 2026 DL1C virt_prim_fbsb.c:127 MS 0002: Tx L1CTL_FBSB_CONF (res: 0)
Thu Jul  2 09:07:31 2026 DL1C l1ctl_sap.c:573 MS 0002: Rx L1CTL_NEIGH_PM_REQ (list with 1 entries): IGNORED
Thu Jul  2 09:08:01 2026 DL1C l1ctl_sap.c:625 MS 0002: Tx L1CTL_RESET_CONF (reset_type: 1)
Thu Jul  2 09:08:01 2026 DL1C virt_prim_pm.c:94 MS 0002: Rx L1CTL_PM_REQ TYPE=1, FROM=51, TO=51 — scheduling PM_CONF in 300ms
Thu Jul  2 09:08:01 2026 DL1C virt_prim_pm.c:151 MS 0002: Tx L1CTL_PM_CONF (timer fired!)
Thu Jul  2 09:08:01 2026 DL1C l1ctl_sap.c:625 MS 0002: Tx L1CTL_RESET_CONF (reset_type: 1)
Thu Jul  2 09:08:01 2026 DL1C virt_prim_fbsb.c:57 MS 0002: Rx L1CTL_FBSB_REQ (arfcn=51, flags=0x7)
Thu Jul  2 09:08:01 2026 DL1C virt_prim_fbsb.c:127 MS 0002: Tx L1CTL_FBSB_CONF (res: 0)
Thu Jul  2 09:08:01 2026 DL1C l1ctl_sap.c:519 MS 0002: Rx L1CTL_CCCH_MODE_REQ (mode=2)
Thu Jul  2 09:08:01 2026 DL1C l1ctl_sap.c:647 MS 0002: Tx L1CTL_CCCH_MODE_CONF (mode: 2)
Thu Jul  2 09:08:03 2026 DL1C l1ctl_sap.c:625 MS 0002: Tx L1CTL_RESET_CONF (reset_type: 1)
Thu Jul  2 09:08:03 2026 DL1C virt_prim_fbsb.c:57 MS 0002: Rx L1CTL_FBSB_REQ (arfcn=51, flags=0x7)
Thu Jul  2 09:08:03 2026 DL1C virt_prim_fbsb.c:127 MS 0002: Tx L1CTL_FBSB_CONF (res: 0)
Thu Jul  2 09:08:03 2026 DL1C l1ctl_sap.c:573 MS 0002: Rx L1CTL_NEIGH_PM_REQ (list with 1 entries): IGNORED
Thu Jul  2 09:08:33 2026 DL1C l1ctl_sap.c:625 MS 0002: Tx L1CTL_RESET_CONF (reset_type: 1)
Thu Jul  2 09:08:33 2026 DL1C virt_prim_pm.c:94 MS 0002: Rx L1CTL_PM_REQ TYPE=1, FROM=51, TO=51 — scheduling PM_CONF in 300ms
Thu Jul  2 09:08:33 2026 DL1C virt_prim_pm.c:151 MS 0002: Tx L1CTL_PM_CONF (timer fired!)
Thu Jul  2 09:08:33 2026 DL1C l1ctl_sap.c:625 MS 0002: Tx L1CTL_RESET_CONF (reset_type: 1)
Thu Jul  2 09:08:33 2026 DL1C virt_prim_fbsb.c:57 MS 0002: Rx L1CTL_FBSB_REQ (arfcn=51, flags=0x7)
Thu Jul  2 09:08:33 2026 DL1C virt_prim_fbsb.c:127 MS 0002: Tx L1CTL_FBSB_CONF (res: 0)
Thu Jul  2 09:08:33 2026 DL1C l1ctl_sap.c:519 MS 0002: Rx L1CTL_CCCH_MODE_REQ (mode=2)
Thu Jul  2 09:08:33 2026 DL1C l1ctl_sap.c:647 MS 0002: Tx L1CTL_CCCH_MODE_CONF (mode: 2)
Thu Jul  2 09:08:35 2026 DL1C l1ctl_sap.c:625 MS 0002: Tx L1CTL_RESET_CONF (reset_type: 1)
Thu Jul  2 09:08:35 2026 DL1C virt_prim_fbsb.c:57 MS 0002: Rx L1CTL_FBSB_REQ (arfcn=51, flags=0x7)
Thu Jul  2 09:08:35 2026 DL1C virt_prim_fbsb.c:127 MS 0002: Tx L1CTL_FBSB_CONF (res: 0)
Thu Jul  2 09:08:35 2026 DL1C l1ctl_sap.c:573 MS 0002: Rx L1CTL_NEIGH_PM_REQ (list with 1 entries): IGNORED
Thu Jul  2 09:09:05 2026 DL1C l1ctl_sap.c:625 MS 0002: Tx L1CTL_RESET_CONF (reset_type: 1)
Thu Jul  2 09:09:05 2026 DL1C virt_prim_pm.c:94 MS 0002: Rx L1CTL_PM_REQ TYPE=1, FROM=51, TO=51 — scheduling PM_CONF in 300ms
Thu Jul  2 09:09:05 2026 DL1C virt_prim_pm.c:151 MS 0002: Tx L1CTL_PM_CONF (timer fired!)
Thu Jul  2 09:09:05 2026 DL1C l1ctl_sap.c:625 MS 0002: Tx L1CTL_RESET_CONF (reset_type: 1)
Thu Jul  2 09:09:05 2026 DL1C virt_prim_fbsb.c:57 MS 0002: Rx L1CTL_FBSB_REQ (arfcn=51, flags=0x7)
Thu Jul  2 09:09:05 2026 DL1C virt_prim_fbsb.c:127 MS 0002: Tx L1CTL_FBSB_CONF (res: 0)
Thu Jul  2 09:09:05 2026 DL1C l1ctl_sap.c:519 MS 0002: Rx L1CTL_CCCH_MODE_REQ (mode=2)
Thu Jul  2 09:09:05 2026 DL1C l1ctl_sap.c:647 MS 0002: Tx L1CTL_CCCH_MODE_CONF (mode: 2)
Thu Jul  2 09:09:07 2026 DL1C l1ctl_sap.c:625 MS 0002: Tx L1CTL_RESET_CONF (reset_type: 1)
Thu Jul  2 09:09:07 2026 DL1C virt_prim_fbsb.c:57 MS 0002: Rx L1CTL_FBSB_REQ (arfcn=51, flags=0x7)
Thu Jul  2 09:09:07 2026 DL1C virt_prim_fbsb.c:127 MS 0002: Tx L1CTL_FBSB_CONF (res: 0)
Thu Jul  2 09:09:07 2026 DL1C l1ctl_sap.c:573 MS 0002: Rx L1CTL_NEIGH_PM_REQ (list with 1 entries): IGNORED
Thu Jul  2 09:09:37 2026 DL1C l1ctl_sap.c:625 MS 0002: Tx L1CTL_RESET_CONF (reset_type: 1)
Thu Jul  2 09:09:37 2026 DL1C virt_prim_pm.c:94 MS 0002: Rx L1CTL_PM_REQ TYPE=1, FROM=51, TO=51 — scheduling PM_CONF in 300ms
Thu Jul  2 09:09:37 2026 DL1C virt_prim_pm.c:151 MS 0002: Tx L1CTL_PM_CONF (timer fired!)
Thu Jul  2 09:09:37 2026 DL1C l1ctl_sap.c:625 MS 0002: Tx L1CTL_RESET_CONF (reset_type: 1)
Thu Jul  2 09:09:37 2026 DL1C virt_prim_fbsb.c:57 MS 0002: Rx L1CTL_FBSB_REQ (arfcn=51, flags=0x7)
Thu Jul  2 09:09:37 2026 DL1C virt_prim_fbsb.c:127 MS 0002: Tx L1CTL_FBSB_CONF (res: 0)
Thu Jul  2 09:09:37 2026 DL1C l1ctl_sap.c:519 MS 0002: Rx L1CTL_CCCH_MODE_REQ (mode=2)
Thu Jul  2 09:09:37 2026 DL1C l1ctl_sap.c:647 MS 0002: Tx L1CTL_CCCH_MODE_CONF (mode: 2)
Thu Jul  2 09:09:39 2026 DL1C l1ctl_sap.c:625 MS 0002: Tx L1CTL_RESET_CONF (reset_type: 1)
Thu Jul  2 09:09:39 2026 DL1C virt_prim_fbsb.c:57 MS 0002: Rx L1CTL_FBSB_REQ (arfcn=51, flags=0x7)
Thu Jul  2 09:09:39 2026 DL1C virt_prim_fbsb.c:127 MS 0002: Tx L1CTL_FBSB_CONF (res: 0)
Thu Jul  2 09:09:39 2026 DL1C l1ctl_sap.c:573 MS 0002: Rx L1CTL_NEIGH_PM_REQ (list with 1 entries): IGNORED
Thu Jul  2 09:10:09 2026 DL1C l1ctl_sap.c:625 MS 0002: Tx L1CTL_RESET_CONF (reset_type: 1)
Thu Jul  2 09:10:09 2026 DL1C virt_prim_pm.c:94 MS 0002: Rx L1CTL_PM_REQ TYPE=1, FROM=51, TO=51 — scheduling PM_CONF in 300ms
Thu Jul  2 09:10:09 2026 DL1C virt_prim_pm.c:151 MS 0002: Tx L1CTL_PM_CONF (timer fired!)
Thu Jul  2 09:10:09 2026 DL1C l1ctl_sap.c:625 MS 0002: Tx L1CTL_RESET_CONF (reset_type: 1)
Thu Jul  2 09:10:09 2026 DL1C virt_prim_fbsb.c:57 MS 0002: Rx L1CTL_FBSB_REQ (arfcn=51, flags=0x7)
Thu Jul  2 09:10:09 2026 DL1C virt_prim_fbsb.c:127 MS 0002: Tx L1CTL_FBSB_CONF (res: 0)
Thu Jul  2 09:10:10 2026 DL1C l1ctl_sap.c:519 MS 0002: Rx L1CTL_CCCH_MODE_REQ (mode=2)
Thu Jul  2 09:10:10 2026 DL1C l1ctl_sap.c:647 MS 0002: Tx L1CTL_CCCH_MODE_CONF (mode: 2)
Thu Jul  2 09:10:11 2026 DL1C l1ctl_sap.c:625 MS 0002: Tx L1CTL_RESET_CONF (reset_type: 1)
Thu Jul  2 09:10:11 2026 DL1C virt_prim_fbsb.c:57 MS 0002: Rx L1CTL_FBSB_REQ (arfcn=51, flags=0x7)
Thu Jul  2 09:10:11 2026 DL1C virt_prim_fbsb.c:127 MS 0002: Tx L1CTL_FBSB_CONF (res: 0)
Thu Jul  2 09:10:11 2026 DL1C l1ctl_sap.c:573 MS 0002: Rx L1CTL_NEIGH_PM_REQ (list with 1 entries): IGNORED
Thu Jul  2 09:10:13 2026 DL1C l1ctl_sap.c:625 MS 0002: Tx L1CTL_RESET_CONF (reset_type: 1)
Thu Jul  2 09:10:13 2026 DL1C l1ctl_sock.c:99 Failed to receive msg from l2. Connection will be closed.
Thu Jul  2 09:10:13 2026 DMAIN virt_l1_model.c:49 MS 0002: destroyed
Thu Jul  2 09:10:27 2026 DMAIN virt_l1_model.c:42 MS 0003: allocated
Thu Jul  2 09:10:27 2026 DL1C l1ctl_sock.c:138 Accepted client (fd=6) from server (fd=5)
Thu Jul  2 09:10:27 2026 DL1C l1ctl_sap.c:625 MS 0003: Tx L1CTL_RESET_CONF (reset_type: 1)
Thu Jul  2 09:10:27 2026 DL1C l1ctl_sap.c:625 MS 0003: Tx L1CTL_RESET_CONF (reset_type: 1)
Thu Jul  2 09:10:27 2026 DL1C virt_prim_pm.c:94 MS 0003: Rx L1CTL_PM_REQ TYPE=1, FROM=51, TO=51 — scheduling PM_CONF in 300ms
Thu Jul  2 09:10:27 2026 DL1C virt_prim_pm.c:57 MS 0003: Power measurement set for arfcn 51. Set signal level to -63 (== rxlev: 47).
Thu Jul  2 09:10:27 2026 DL1C virt_prim_pm.c:151 MS 0003: Tx L1CTL_PM_CONF (timer fired!)
Thu Jul  2 09:10:27 2026 DL1C l1ctl_sap.c:625 MS 0003: Tx L1CTL_RESET_CONF (reset_type: 1)
Thu Jul  2 09:10:27 2026 DL1C virt_prim_fbsb.c:57 MS 0003: Rx L1CTL_FBSB_REQ (arfcn=51, flags=0x7)
Thu Jul  2 09:10:27 2026 DL1C virt_prim_fbsb.c:127 MS 0003: Tx L1CTL_FBSB_CONF (res: 0)
Thu Jul  2 09:10:27 2026 DL1C l1ctl_sap.c:519 MS 0003: Rx L1CTL_CCCH_MODE_REQ (mode=2)
Thu Jul  2 09:10:27 2026 DL1C l1ctl_sap.c:647 MS 0003: Tx L1CTL_CCCH_MODE_CONF (mode: 2)
Thu Jul  2 09:10:28 2026 DL1C l1ctl_sap.c:625 MS 0003: Tx L1CTL_RESET_CONF (reset_type: 1)
Thu Jul  2 09:10:28 2026 DL1C virt_prim_fbsb.c:57 MS 0003: Rx L1CTL_FBSB_REQ (arfcn=51, flags=0x7)
Thu Jul  2 09:10:28 2026 DL1C virt_prim_fbsb.c:127 MS 0003: Tx L1CTL_FBSB_CONF (res: 0)
Thu Jul  2 09:10:28 2026 DL1C l1ctl_sap.c:458 MS 0003: Rx L1CTL_PARAM_REQ (ta=0, tx_power=14)
Thu Jul  2 09:10:28 2026 DL1C virt_prim_rach.c:81 MS 0003: Rx L1CTL_RACH_REQ (ra=0x08, offset=3 combined=1)
Thu Jul  2 09:10:28 2026 DL1C virt_prim_rach.c:124 MS 0003: Tx L1CTL_RACH_CONF (fn: 135932, arfcn: 51)
Thu Jul  2 09:10:28 2026 DL1C l1ctl_sap.c:458 MS 0003: Rx L1CTL_PARAM_REQ (ta=0, tx_power=14)
Thu Jul  2 09:10:28 2026 DL1C virt_prim_rach.c:81 MS 0003: Rx L1CTL_RACH_REQ (ra=0x00, offset=126 combined=1)
Thu Jul  2 09:10:28 2026 DL1C l1ctl_sap.c:625 MS 0003: Tx L1CTL_RESET_CONF (reset_type: 2)
Thu Jul  2 09:10:28 2026 DL1C l1ctl_sap.c:458 MS 0003: Rx L1CTL_PARAM_REQ (ta=0, tx_power=14)
Thu Jul  2 09:10:28 2026 DL1C l1ctl_sap.c:313 MS 0003: Rx L1CTL_DM_EST_REQ (chan_nr=0x20 arfcn=51 tn=0 ss=0)
Thu Jul  2 09:10:28 2026 DVIRPHY gsmtapl1_if.c:220 MS 0003: DL-DIAG fwd=1 ded=0/0 dl=0/0 ct=0x07 st=3 l2=030301
Thu Jul  2 09:10:29 2026 DVIRPHY gsmtapl1_if.c:220 MS 0003: DL-DIAG fwd=1 ded=0/0 dl=0/0 ct=0x87 st=3 l2=0e0003
Thu Jul  2 09:10:29 2026 DVIRPHY gsmtapl1_if.c:220 MS 0003: DL-DIAG fwd=1 ded=0/0 dl=0/0 ct=0x07 st=3 l2=017349
Thu Jul  2 09:10:29 2026 DVIRPHY gsmtapl1_if.c:220 MS 0003: DL-DIAG fwd=1 ded=0/0 dl=0/0 ct=0x07 st=3 l2=030301
Thu Jul  2 09:10:29 2026 DVIRPHY gsmtapl1_if.c:220 MS 0003: DL-DIAG fwd=1 ded=0/0 dl=0/0 ct=0x87 st=3 l2=0e0003
Thu Jul  2 09:10:29 2026 DVIRPHY gsmtapl1_if.c:220 MS 0003: DL-DIAG fwd=1 ded=0/0 dl=0/0 ct=0x07 st=3 l2=030301
Thu Jul  2 09:10:29 2026 DVIRPHY gsmtapl1_if.c:220 MS 0003: DL-DIAG fwd=1 ded=0/0 dl=0/0 ct=0x07 st=3 l2=030301
Thu Jul  2 09:10:29 2026 DVIRPHY gsmtapl1_if.c:220 MS 0003: DL-DIAG fwd=1 ded=0/0 dl=0/0 ct=0x87 st=3 l2=0e0003
Thu Jul  2 09:10:30 2026 DVIRPHY gsmtapl1_if.c:220 MS 0003: DL-DIAG fwd=1 ded=0/0 dl=0/0 ct=0x07 st=3 l2=030301
Thu Jul  2 09:10:30 2026 DVIRPHY gsmtapl1_if.c:220 MS 0003: DL-DIAG fwd=1 ded=0/0 dl=0/0 ct=0x07 st=3 l2=030301
Thu Jul  2 09:10:30 2026 DVIRPHY gsmtapl1_if.c:220 MS 0003: DL-DIAG fwd=1 ded=0/0 dl=0/0 ct=0x87 st=3 l2=0e0003
Thu Jul  2 09:10:30 2026 DVIRPHY gsmtapl1_if.c:220 MS 0003: DL-DIAG fwd=1 ded=0/0 dl=0/0 ct=0x07 st=3 l2=030301
Thu Jul  2 09:10:30 2026 DVIRPHY gsmtapl1_if.c:220 MS 0003: DL-DIAG fwd=1 ded=0/0 dl=0/0 ct=0x07 st=3 l2=030301
Thu Jul  2 09:10:30 2026 DVIRPHY gsmtapl1_if.c:220 MS 0003: DL-DIAG fwd=1 ded=0/0 dl=0/0 ct=0x87 st=3 l2=0e0003
Thu Jul  2 09:10:31 2026 DVIRPHY gsmtapl1_if.c:220 MS 0003: DL-DIAG fwd=1 ded=0/0 dl=0/0 ct=0x07 st=3 l2=030301
Thu Jul  2 09:10:31 2026 DVIRPHY gsmtapl1_if.c:220 MS 0003: DL-DIAG fwd=1 ded=0/0 dl=0/0 ct=0x07 st=3 l2=030301
Thu Jul  2 09:10:31 2026 DVIRPHY gsmtapl1_if.c:220 MS 0003: DL-DIAG fwd=1 ded=0/0 dl=0/0 ct=0x87 st=3 l2=0e0003
Thu Jul  2 09:10:31 2026 DVIRPHY gsmtapl1_if.c:220 MS 0003: DL-DIAG fwd=1 ded=0/0 dl=0/0 ct=0x07 st=3 l2=030301
Thu Jul  2 09:10:31 2026 DVIRPHY gsmtapl1_if.c:220 MS 0003: DL-DIAG fwd=1 ded=0/0 dl=0/0 ct=0x07 st=3 l2=030301
Thu Jul  2 09:10:31 2026 DVIRPHY gsmtapl1_if.c:220 MS 0003: DL-DIAG fwd=1 ded=0/0 dl=0/0 ct=0x87 st=3 l2=0e0003
Thu Jul  2 09:10:31 2026 DVIRPHY gsmtapl1_if.c:220 MS 0003: DL-DIAG fwd=1 ded=0/0 dl=0/0 ct=0x07 st=3 l2=030301
Thu Jul  2 09:10:32 2026 DVIRPHY gsmtapl1_if.c:220 MS 0003: DL-DIAG fwd=1 ded=0/0 dl=0/0 ct=0x07 st=3 l2=030301
Thu Jul  2 09:10:32 2026 DVIRPHY gsmtapl1_if.c:220 MS 0003: DL-DIAG fwd=1 ded=0/0 dl=0/0 ct=0x87 st=3 l2=0e0003
Thu Jul  2 09:10:32 2026 DVIRPHY gsmtapl1_if.c:220 MS 0003: DL-DIAG fwd=1 ded=0/0 dl=0/0 ct=0x07 st=3 l2=030301
Thu Jul  2 09:10:32 2026 DVIRPHY gsmtapl1_if.c:220 MS 0003: DL-DIAG fwd=1 ded=0/0 dl=0/0 ct=0x07 st=3 l2=030301
Thu Jul  2 09:10:32 2026 DVIRPHY gsmtapl1_if.c:220 MS 0003: DL-DIAG fwd=1 ded=0/0 dl=0/0 ct=0x87 st=3 l2=0e0003
Thu Jul  2 09:10:32 2026 DVIRPHY gsmtapl1_if.c:220 MS 0003: DL-DIAG fwd=1 ded=0/0 dl=0/0 ct=0x07 st=3 l2=030301
Thu Jul  2 09:10:33 2026 DVIRPHY gsmtapl1_if.c:220 MS 0003: DL-DIAG fwd=1 ded=0/0 dl=0/0 ct=0x07 st=3 l2=030301
Thu Jul  2 09:10:33 2026 DVIRPHY gsmtapl1_if.c:220 MS 0003: DL-DIAG fwd=1 ded=0/0 dl=0/0 ct=0x87 st=3 l2=0e0003
Thu Jul  2 09:10:33 2026 DVIRPHY gsmtapl1_if.c:220 MS 0003: DL-DIAG fwd=1 ded=0/0 dl=0/0 ct=0x07 st=3 l2=030301
Thu Jul  2 09:10:33 2026 DVIRPHY gsmtapl1_if.c:220 MS 0003: DL-DIAG fwd=1 ded=0/0 dl=0/0 ct=0x07 st=3 l2=030301
Thu Jul  2 09:10:33 2026 DVIRPHY gsmtapl1_if.c:220 MS 0003: DL-DIAG fwd=1 ded=0/0 dl=0/0 ct=0x87 st=3 l2=0e0003
Thu Jul  2 09:10:33 2026 DVIRPHY gsmtapl1_if.c:220 MS 0003: DL-DIAG fwd=1 ded=0/0 dl=0/0 ct=0x07 st=3 l2=030301
Thu Jul  2 09:10:34 2026 DVIRPHY gsmtapl1_if.c:220 MS 0003: DL-DIAG fwd=1 ded=0/0 dl=0/0 ct=0x07 st=3 l2=030301
Thu Jul  2 09:10:34 2026 DVIRPHY gsmtapl1_if.c:220 MS 0003: DL-DIAG fwd=1 ded=0/0 dl=0/0 ct=0x87 st=3 l2=0e0003
Thu Jul  2 09:10:34 2026 DVIRPHY gsmtapl1_if.c:220 MS 0003: DL-DIAG fwd=1 ded=0/0 dl=0/0 ct=0x07 st=3 l2=030301
Thu Jul  2 09:10:34 2026 DVIRPHY gsmtapl1_if.c:220 MS 0003: DL-DIAG fwd=1 ded=0/0 dl=0/0 ct=0x07 st=3 l2=030301
Thu Jul  2 09:10:34 2026 DVIRPHY gsmtapl1_if.c:220 MS 0003: DL-DIAG fwd=1 ded=0/0 dl=0/0 ct=0x87 st=3 l2=0e0003
Thu Jul  2 09:10:34 2026 DVIRPHY gsmtapl1_if.c:220 MS 0003: DL-DIAG fwd=1 ded=0/0 dl=0/0 ct=0x07 st=3 l2=030301
Thu Jul  2 09:10:35 2026 DVIRPHY gsmtapl1_if.c:220 MS 0003: DL-DIAG fwd=1 ded=0/0 dl=0/0 ct=0x07 st=3 l2=030301
Thu Jul  2 09:10:35 2026 DVIRPHY gsmtapl1_if.c:220 MS 0003: DL-DIAG fwd=1 ded=0/0 dl=0/0 ct=0x87 st=3 l2=0e0003
Thu Jul  2 09:10:35 2026 DVIRPHY gsmtapl1_if.c:220 MS 0003: DL-DIAG fwd=1 ded=0/0 dl=0/0 ct=0x07 st=3 l2=030301
Thu Jul  2 09:10:35 2026 DVIRPHY gsmtapl1_if.c:220 MS 0003: DL-DIAG fwd=1 ded=0/0 dl=0/0 ct=0x07 st=3 l2=030301
Thu Jul  2 09:10:35 2026 DVIRPHY gsmtapl1_if.c:220 MS 0003: DL-DIAG fwd=1 ded=0/0 dl=0/0 ct=0x87 st=3 l2=0e0003
Thu Jul  2 09:10:35 2026 DVIRPHY gsmtapl1_if.c:220 MS 0003: DL-DIAG fwd=1 ded=0/0 dl=0/0 ct=0x07 st=3 l2=030301
Thu Jul  2 09:10:35 2026 DVIRPHY gsmtapl1_if.c:220 MS 0003: DL-DIAG fwd=1 ded=0/0 dl=0/0 ct=0x07 st=3 l2=030301
Thu Jul  2 09:10:36 2026 DVIRPHY gsmtapl1_if.c:220 MS 0003: DL-DIAG fwd=1 ded=0/0 dl=0/0 ct=0x87 st=3 l2=0e0003
Thu Jul  2 09:10:36 2026 DVIRPHY gsmtapl1_if.c:220 MS 0003: DL-DIAG fwd=1 ded=0/0 dl=0/0 ct=0x07 st=3 l2=030301
Thu Jul  2 09:10:36 2026 DVIRPHY gsmtapl1_if.c:220 MS 0003: DL-DIAG fwd=1 ded=0/0 dl=0/0 ct=0x07 st=3 l2=030301
Thu Jul  2 09:10:36 2026 DVIRPHY gsmtapl1_if.c:220 MS 0003: DL-DIAG fwd=1 ded=0/0 dl=0/0 ct=0x87 st=3 l2=0e0003
Thu Jul  2 09:10:36 2026 DVIRPHY gsmtapl1_if.c:220 MS 0003: DL-DIAG fwd=1 ded=0/0 dl=0/0 ct=0x07 st=3 l2=030301
Thu Jul  2 09:10:36 2026 DVIRPHY gsmtapl1_if.c:220 MS 0003: DL-DIAG fwd=1 ded=0/0 dl=0/0 ct=0x07 st=3 l2=030301
Thu Jul  2 09:10:37 2026 DVIRPHY gsmtapl1_if.c:220 MS 0003: DL-DIAG fwd=1 ded=0/0 dl=0/0 ct=0x87 st=3 l2=0e0003
Thu Jul  2 09:10:37 2026 DVIRPHY gsmtapl1_if.c:220 MS 0003: DL-DIAG fwd=1 ded=0/0 dl=0/0 ct=0x07 st=3 l2=030301
Thu Jul  2 09:10:37 2026 DVIRPHY gsmtapl1_if.c:220 MS 0003: DL-DIAG fwd=1 ded=0/0 dl=0/0 ct=0x07 st=3 l2=030301
Thu Jul  2 09:10:37 2026 DVIRPHY gsmtapl1_if.c:220 MS 0003: DL-DIAG fwd=1 ded=0/0 dl=0/0 ct=0x87 st=3 l2=0e0003
Thu Jul  2 09:10:37 2026 DVIRPHY gsmtapl1_if.c:220 MS 0003: DL-DIAG fwd=1 ded=0/0 dl=0/0 ct=0x07 st=3 l2=030301
Thu Jul  2 09:10:37 2026 DVIRPHY gsmtapl1_if.c:220 MS 0003: DL-DIAG fwd=1 ded=0/0 dl=0/0 ct=0x07 st=3 l2=030301
Thu Jul  2 09:10:37 2026 DVIRPHY gsmtapl1_if.c:220 MS 0003: DL-DIAG fwd=1 ded=0/0 dl=0/0 ct=0x87 st=3 l2=0e0003
Thu Jul  2 09:10:38 2026 DVIRPHY gsmtapl1_if.c:220 MS 0003: DL-DIAG fwd=1 ded=0/0 dl=0/0 ct=0x07 st=3 l2=030301
Thu Jul  2 09:10:38 2026 DVIRPHY gsmtapl1_if.c:220 MS 0003: DL-DIAG fwd=1 ded=0/0 dl=0/0 ct=0x07 st=3 l2=030301
Thu Jul  2 09:10:38 2026 DVIRPHY gsmtapl1_if.c:220 MS 0003: DL-DIAG fwd=1 ded=0/0 dl=0/0 ct=0x87 st=3 l2=0e0003
Thu Jul  2 09:10:38 2026 DVIRPHY gsmtapl1_if.c:220 MS 0003: DL-DIAG fwd=1 ded=0/0 dl=0/0 ct=0x07 st=3 l2=030301
Thu Jul  2 09:10:38 2026 DVIRPHY gsmtapl1_if.c:220 MS 0003: DL-DIAG fwd=1 ded=0/0 dl=0/0 ct=0x07 st=3 l2=030301
Thu Jul  2 09:10:38 2026 DVIRPHY gsmtapl1_if.c:220 MS 0003: DL-DIAG fwd=1 ded=0/0 dl=0/0 ct=0x87 st=3 l2=0e0003
Thu Jul  2 09:10:39 2026 DVIRPHY gsmtapl1_if.c:220 MS 0003: DL-DIAG fwd=1 ded=0/0 dl=0/0 ct=0x07 st=3 l2=030301
Thu Jul  2 09:10:39 2026 DVIRPHY gsmtapl1_if.c:220 MS 0003: DL-DIAG fwd=1 ded=0/0 dl=0/0 ct=0x07 st=3 l2=030301
Thu Jul  2 09:10:39 2026 DVIRPHY gsmtapl1_if.c:220 MS 0003: DL-DIAG fwd=1 ded=0/0 dl=0/0 ct=0x87 st=3 l2=0e0003
Thu Jul  2 09:10:39 2026 DVIRPHY gsmtapl1_if.c:220 MS 0003: DL-DIAG fwd=1 ded=0/0 dl=0/0 ct=0x07 st=3 l2=030301
Thu Jul  2 09:10:39 2026 DVIRPHY gsmtapl1_if.c:220 MS 0003: DL-DIAG fwd=1 ded=0/0 dl=0/0 ct=0x07 st=3 l2=030301
Thu Jul  2 09:10:39 2026 DVIRPHY gsmtapl1_if.c:220 MS 0003: DL-DIAG fwd=1 ded=0/0 dl=0/0 ct=0x87 st=3 l2=0e0003
Thu Jul  2 09:10:39 2026 DVIRPHY gsmtapl1_if.c:220 MS 0003: DL-DIAG fwd=1 ded=0/0 dl=0/0 ct=0x07 st=3 l2=030301
Thu Jul  2 09:10:40 2026 DVIRPHY gsmtapl1_if.c:220 MS 0003: DL-DIAG fwd=1 ded=0/0 dl=0/0 ct=0x07 st=3 l2=030301
Thu Jul  2 09:10:40 2026 DVIRPHY gsmtapl1_if.c:220 MS 0003: DL-DIAG fwd=1 ded=0/0 dl=0/0 ct=0x87 st=3 l2=0e0003
Thu Jul  2 09:10:40 2026 DVIRPHY gsmtapl1_if.c:220 MS 0003: DL-DIAG fwd=1 ded=0/0 dl=0/0 ct=0x07 st=3 l2=030301
Thu Jul  2 09:10:40 2026 DVIRPHY gsmtapl1_if.c:220 MS 0003: DL-DIAG fwd=1 ded=0/0 dl=0/0 ct=0x07 st=3 l2=030301
Thu Jul  2 09:10:40 2026 DVIRPHY gsmtapl1_if.c:220 MS 0003: DL-DIAG fwd=1 ded=0/0 dl=0/0 ct=0x87 st=3 l2=0e0003
Thu Jul  2 09:10:40 2026 DVIRPHY gsmtapl1_if.c:220 MS 0003: DL-DIAG fwd=1 ded=0/0 dl=0/0 ct=0x07 st=3 l2=030301
Thu Jul  2 09:10:41 2026 DVIRPHY gsmtapl1_if.c:220 MS 0003: DL-DIAG fwd=1 ded=0/0 dl=0/0 ct=0x07 st=3 l2=030301
Thu Jul  2 09:10:41 2026 DVIRPHY gsmtapl1_if.c:220 MS 0003: DL-DIAG fwd=1 ded=0/0 dl=0/0 ct=0x87 st=3 l2=0e0003
Thu Jul  2 09:10:41 2026 DVIRPHY gsmtapl1_if.c:220 MS 0003: DL-DIAG fwd=1 ded=0/0 dl=0/0 ct=0x07 st=3 l2=030301
Thu Jul  2 09:10:41 2026 DVIRPHY gsmtapl1_if.c:220 MS 0003: DL-DIAG fwd=1 ded=0/0 dl=0/0 ct=0x07 st=3 l2=030301
Thu Jul  2 09:10:41 2026 DVIRPHY gsmtapl1_if.c:220 MS 0003: DL-DIAG fwd=1 ded=0/0 dl=0/0 ct=0x87 st=3 l2=0e0003
Thu Jul  2 09:10:41 2026 DVIRPHY gsmtapl1_if.c:220 MS 0003: DL-DIAG fwd=1 ded=0/0 dl=0/0 ct=0x07 st=3 l2=030301
Thu Jul  2 09:10:42 2026 DVIRPHY gsmtapl1_if.c:220 MS 0003: DL-DIAG fwd=1 ded=0/0 dl=0/0 ct=0x07 st=3 l2=030301
Thu Jul  2 09:10:42 2026 DVIRPHY gsmtapl1_if.c:220 MS 0003: DL-DIAG fwd=1 ded=0/0 dl=0/0 ct=0x87 st=3 l2=0e0003
Thu Jul  2 09:10:42 2026 DVIRPHY gsmtapl1_if.c:220 MS 0003: DL-DIAG fwd=1 ded=0/0 dl=0/0 ct=0x07 st=3 l2=030301
Thu Jul  2 09:10:42 2026 DVIRPHY gsmtapl1_if.c:220 MS 0003: DL-DIAG fwd=1 ded=0/0 dl=0/0 ct=0x07 st=3 l2=030301
Thu Jul  2 09:10:42 2026 DVIRPHY gsmtapl1_if.c:220 MS 0003: DL-DIAG fwd=1 ded=0/0 dl=0/0 ct=0x87 st=3 l2=0e0003
Thu Jul  2 09:10:42 2026 DVIRPHY gsmtapl1_if.c:220 MS 0003: DL-DIAG fwd=1 ded=0/0 dl=0/0 ct=0x07 st=3 l2=030301
Thu Jul  2 09:10:43 2026 DVIRPHY gsmtapl1_if.c:220 MS 0003: DL-DIAG fwd=1 ded=0/0 dl=0/0 ct=0x07 st=3 l2=030301
Thu Jul  2 09:10:43 2026 DVIRPHY gsmtapl1_if.c:220 MS 0003: DL-DIAG fwd=1 ded=0/0 dl=0/0 ct=0x87 st=3 l2=0e0003
Thu Jul  2 09:10:43 2026 DVIRPHY gsmtapl1_if.c:220 MS 0003: DL-DIAG fwd=1 ded=0/0 dl=0/0 ct=0x07 st=3 l2=030301
Thu Jul  2 09:10:43 2026 DVIRPHY gsmtapl1_if.c:220 MS 0003: DL-DIAG fwd=1 ded=0/0 dl=0/0 ct=0x07 st=3 l2=030301
Thu Jul  2 09:10:43 2026 DVIRPHY gsmtapl1_if.c:220 MS 0003: DL-DIAG fwd=1 ded=0/0 dl=0/0 ct=0x87 st=3 l2=0e0003
Thu Jul  2 09:10:43 2026 DVIRPHY gsmtapl1_if.c:220 MS 0003: DL-DIAG fwd=1 ded=0/0 dl=0/0 ct=0x07 st=3 l2=030301
Thu Jul  2 09:10:43 2026 DVIRPHY gsmtapl1_if.c:220 MS 0003: DL-DIAG fwd=1 ded=0/0 dl=0/0 ct=0x07 st=3 l2=030301
Thu Jul  2 09:10:44 2026 DVIRPHY gsmtapl1_if.c:220 MS 0003: DL-DIAG fwd=1 ded=0/0 dl=0/0 ct=0x87 st=3 l2=0e0003
Thu Jul  2 09:10:44 2026 DVIRPHY gsmtapl1_if.c:220 MS 0003: DL-DIAG fwd=1 ded=0/0 dl=0/0 ct=0x07 st=3 l2=030301
Thu Jul  2 09:10:44 2026 DVIRPHY gsmtapl1_if.c:220 MS 0003: DL-DIAG fwd=1 ded=0/0 dl=0/0 ct=0x07 st=3 l2=030301
Thu Jul  2 09:10:44 2026 DVIRPHY gsmtapl1_if.c:220 MS 0003: DL-DIAG fwd=1 ded=0/0 dl=0/0 ct=0x87 st=3 l2=0e0003
Thu Jul  2 09:10:44 2026 DVIRPHY gsmtapl1_if.c:220 MS 0003: DL-DIAG fwd=1 ded=0/0 dl=0/0 ct=0x07 st=3 l2=030301
Thu Jul  2 09:10:44 2026 DVIRPHY gsmtapl1_if.c:220 MS 0003: DL-DIAG fwd=1 ded=0/0 dl=0/0 ct=0x07 st=3 l2=030301
Thu Jul  2 09:10:45 2026 DVIRPHY gsmtapl1_if.c:220 MS 0003: DL-DIAG fwd=1 ded=0/0 dl=0/0 ct=0x87 st=3 l2=0e0003
Thu Jul  2 09:10:45 2026 DVIRPHY gsmtapl1_if.c:220 MS 0003: DL-DIAG fwd=1 ded=0/0 dl=0/0 ct=0x07 st=3 l2=030301
Thu Jul  2 09:10:45 2026 DVIRPHY gsmtapl1_if.c:220 MS 0003: DL-DIAG fwd=1 ded=0/0 dl=0/0 ct=0x07 st=3 l2=030301
Thu Jul  2 09:10:45 2026 DVIRPHY gsmtapl1_if.c:220 MS 0003: DL-DIAG fwd=1 ded=0/0 dl=0/0 ct=0x87 st=3 l2=0e0003
Thu Jul  2 09:10:45 2026 DVIRPHY gsmtapl1_if.c:220 MS 0003: DL-DIAG fwd=1 ded=0/0 dl=0/0 ct=0x07 st=3 l2=030301
Thu Jul  2 09:10:45 2026 DVIRPHY gsmtapl1_if.c:220 MS 0003: DL-DIAG fwd=1 ded=0/0 dl=0/0 ct=0x07 st=3 l2=030301
Thu Jul  2 09:10:45 2026 DVIRPHY gsmtapl1_if.c:220 MS 0003: DL-DIAG fwd=1 ded=0/0 dl=0/0 ct=0x87 st=3 l2=0e0003
Thu Jul  2 09:10:46 2026 DVIRPHY gsmtapl1_if.c:220 MS 0003: DL-DIAG fwd=1 ded=0/0 dl=0/0 ct=0x07 st=3 l2=030301
Thu Jul  2 09:10:46 2026 DVIRPHY gsmtapl1_if.c:220 MS 0003: DL-DIAG fwd=1 ded=0/0 dl=0/0 ct=0x07 st=3 l2=030301
Thu Jul  2 09:10:46 2026 DVIRPHY gsmtapl1_if.c:220 MS 0003: DL-DIAG fwd=1 ded=0/0 dl=0/0 ct=0x87 st=3 l2=0e0003
Thu Jul  2 09:10:46 2026 DVIRPHY gsmtapl1_if.c:220 MS 0003: DL-DIAG fwd=1 ded=0/0 dl=0/0 ct=0x07 st=3 l2=030301
Thu Jul  2 09:10:46 2026 DVIRPHY gsmtapl1_if.c:220 MS 0003: DL-DIAG fwd=1 ded=0/0 dl=0/0 ct=0x07 st=3 l2=030301
Thu Jul  2 09:10:46 2026 DVIRPHY gsmtapl1_if.c:220 MS 0003: DL-DIAG fwd=1 ded=0/0 dl=0/0 ct=0x87 st=3 l2=0e0003
Thu Jul  2 09:10:47 2026 DVIRPHY gsmtapl1_if.c:220 MS 0003: DL-DIAG fwd=1 ded=0/0 dl=0/0 ct=0x07 st=3 l2=030301
Thu Jul  2 09:10:47 2026 DVIRPHY gsmtapl1_if.c:220 MS 0003: DL-DIAG fwd=1 ded=0/0 dl=0/0 ct=0x07 st=3 l2=030301
Thu Jul  2 09:10:47 2026 DVIRPHY gsmtapl1_if.c:220 MS 0003: DL-DIAG fwd=1 ded=0/0 dl=0/0 ct=0x87 st=3 l2=0e0003
Thu Jul  2 09:10:47 2026 DVIRPHY gsmtapl1_if.c:220 MS 0003: DL-DIAG fwd=1 ded=0/0 dl=0/0 ct=0x07 st=3 l2=030301
Thu Jul  2 09:10:47 2026 DVIRPHY gsmtapl1_if.c:220 MS 0003: DL-DIAG fwd=1 ded=0/0 dl=0/0 ct=0x07 st=3 l2=030301
Thu Jul  2 09:10:47 2026 DVIRPHY gsmtapl1_if.c:220 MS 0003: DL-DIAG fwd=1 ded=0/0 dl=0/0 ct=0x87 st=3 l2=0e0003
Thu Jul  2 09:10:47 2026 DVIRPHY gsmtapl1_if.c:220 MS 0003: DL-DIAG fwd=1 ded=0/0 dl=0/0 ct=0x07 st=3 l2=030301
Thu Jul  2 09:10:48 2026 DVIRPHY gsmtapl1_if.c:220 MS 0003: DL-DIAG fwd=1 ded=0/0 dl=0/0 ct=0x07 st=3 l2=030301
Thu Jul  2 09:10:48 2026 DVIRPHY gsmtapl1_if.c:220 MS 0003: DL-DIAG fwd=1 ded=0/0 dl=0/0 ct=0x87 st=3 l2=0e0003
Thu Jul  2 09:10:48 2026 DVIRPHY gsmtapl1_if.c:220 MS 0003: DL-DIAG fwd=1 ded=0/0 dl=0/0 ct=0x07 st=3 l2=030301
Thu Jul  2 09:10:48 2026 DVIRPHY gsmtapl1_if.c:220 MS 0003: DL-DIAG fwd=1 ded=0/0 dl=0/0 ct=0x07 st=3 l2=030301
Thu Jul  2 09:10:48 2026 DVIRPHY gsmtapl1_if.c:220 MS 0003: DL-DIAG fwd=1 ded=0/0 dl=0/0 ct=0x87 st=3 l2=0e0003
Thu Jul  2 09:10:48 2026 DVIRPHY gsmtapl1_if.c:220 MS 0003: DL-DIAG fwd=1 ded=0/0 dl=0/0 ct=0x07 st=3 l2=030301
Thu Jul  2 09:10:49 2026 DVIRPHY gsmtapl1_if.c:220 MS 0003: DL-DIAG fwd=1 ded=0/0 dl=0/0 ct=0x07 st=3 l2=030301
Thu Jul  2 09:10:49 2026 DVIRPHY gsmtapl1_if.c:220 MS 0003: DL-DIAG fwd=1 ded=0/0 dl=0/0 ct=0x87 st=3 l2=0e0003
Thu Jul  2 09:10:49 2026 DVIRPHY gsmtapl1_if.c:220 MS 0003: DL-DIAG fwd=1 ded=0/0 dl=0/0 ct=0x07 st=3 l2=017301
Thu Jul  2 09:10:49 2026 DL1C l1ctl_sap.c:426 MS 0003: Rx L1CTL_DM_REL_REQ
Thu Jul  2 09:10:49 2026 DL1C l1ctl_sap.c:625 MS 0003: Tx L1CTL_RESET_CONF (reset_type: 1)
Thu Jul  2 09:10:49 2026 DL1C l1ctl_sap.c:625 MS 0003: Tx L1CTL_RESET_CONF (reset_type: 1)
Thu Jul  2 09:10:49 2026 DL1C virt_prim_fbsb.c:57 MS 0003: Rx L1CTL_FBSB_REQ (arfcn=51, flags=0x7)
Thu Jul  2 09:10:49 2026 DL1C virt_prim_fbsb.c:127 MS 0003: Tx L1CTL_FBSB_CONF (res: 0)
Thu Jul  2 09:10:49 2026 DL1C l1ctl_sap.c:573 MS 0003: Rx L1CTL_NEIGH_PM_REQ (list with 1 entries): IGNORED
Thu Jul  2 09:10:49 2026 DVIRPHY gsmtapl1_if.c:220 MS 0003: DL-DIAG fwd=1 ded=0/0 dl=0/0 ct=0x07 st=2 l2=030301
Thu Jul  2 09:10:49 2026 DVIRPHY gsmtapl1_if.c:220 MS 0003: DL-DIAG fwd=1 ded=0/0 dl=0/0 ct=0x07 st=2 l2=030301
Thu Jul  2 09:10:50 2026 DVIRPHY gsmtapl1_if.c:220 MS 0003: DL-DIAG fwd=1 ded=0/0 dl=0/0 ct=0x07 st=2 l2=030301
Thu Jul  2 09:10:50 2026 DVIRPHY gsmtapl1_if.c:220 MS 0003: DL-DIAG fwd=1 ded=0/0 dl=0/0 ct=0x07 st=2 l2=030301
Thu Jul  2 09:10:50 2026 DVIRPHY gsmtapl1_if.c:220 MS 0003: DL-DIAG fwd=1 ded=0/0 dl=0/0 ct=0x07 st=2 l2=030301
Thu Jul  2 09:10:50 2026 DVIRPHY gsmtapl1_if.c:220 MS 0003: DL-DIAG fwd=1 ded=0/0 dl=0/0 ct=0x07 st=2 l2=030301
Thu Jul  2 09:10:51 2026 DVIRPHY gsmtapl1_if.c:220 MS 0003: DL-DIAG fwd=1 ded=0/0 dl=0/0 ct=0x07 st=2 l2=030301
Thu Jul  2 09:11:04 2026 DL1C l1ctl_sap.c:625 MS 0003: Tx L1CTL_RESET_CONF (reset_type: 1)
Thu Jul  2 09:11:04 2026 DL1C virt_prim_fbsb.c:57 MS 0003: Rx L1CTL_FBSB_REQ (arfcn=51, flags=0x7)
Thu Jul  2 09:11:04 2026 DL1C virt_prim_fbsb.c:127 MS 0003: Tx L1CTL_FBSB_CONF (res: 0)
Thu Jul  2 09:11:04 2026 DL1C l1ctl_sap.c:458 MS 0003: Rx L1CTL_PARAM_REQ (ta=0, tx_power=14)
Thu Jul  2 09:11:04 2026 DL1C virt_prim_rach.c:81 MS 0003: Rx L1CTL_RACH_REQ (ra=0x0e, offset=4 combined=1)
Thu Jul  2 09:11:04 2026 DL1C virt_prim_rach.c:124 MS 0003: Tx L1CTL_RACH_CONF (fn: 143687, arfcn: 51)
Thu Jul  2 09:11:04 2026 DL1C l1ctl_sap.c:458 MS 0003: Rx L1CTL_PARAM_REQ (ta=0, tx_power=14)
Thu Jul  2 09:11:04 2026 DL1C virt_prim_rach.c:81 MS 0003: Rx L1CTL_RACH_REQ (ra=0x0a, offset=121 combined=1)
Thu Jul  2 09:11:04 2026 DL1C l1ctl_sap.c:625 MS 0003: Tx L1CTL_RESET_CONF (reset_type: 2)
Thu Jul  2 09:11:04 2026 DL1C l1ctl_sap.c:458 MS 0003: Rx L1CTL_PARAM_REQ (ta=0, tx_power=14)
Thu Jul  2 09:11:04 2026 DL1C l1ctl_sap.c:313 MS 0003: Rx L1CTL_DM_EST_REQ (chan_nr=0x20 arfcn=51 tn=0 ss=0)
Thu Jul  2 09:11:04 2026 DVIRPHY gsmtapl1_if.c:220 MS 0003: DL-DIAG fwd=1 ded=0/0 dl=0/0 ct=0x07 st=3 l2=030301
Thu Jul  2 09:11:04 2026 DVIRPHY gsmtapl1_if.c:220 MS 0003: DL-DIAG fwd=1 ded=0/0 dl=0/0 ct=0x87 st=3 l2=0e0003
Thu Jul  2 09:11:12 2026 DL1C l1ctl_sap.c:426 MS 0003: Rx L1CTL_DM_REL_REQ
Thu Jul  2 09:11:12 2026 DL1C l1ctl_sap.c:625 MS 0003: Tx L1CTL_RESET_CONF (reset_type: 1)
Thu Jul  2 09:11:12 2026 DL1C l1ctl_sap.c:625 MS 0003: Tx L1CTL_RESET_CONF (reset_type: 1)
Thu Jul  2 09:11:12 2026 DL1C virt_prim_fbsb.c:57 MS 0003: Rx L1CTL_FBSB_REQ (arfcn=51, flags=0x7)
Thu Jul  2 09:11:12 2026 DL1C virt_prim_fbsb.c:127 MS 0003: Tx L1CTL_FBSB_CONF (res: 0)
Thu Jul  2 09:11:12 2026 DL1C l1ctl_sap.c:573 MS 0003: Rx L1CTL_NEIGH_PM_REQ (list with 1 entries): IGNORED
Thu Jul  2 09:11:27 2026 DL1C l1ctl_sap.c:625 MS 0003: Tx L1CTL_RESET_CONF (reset_type: 1)
Thu Jul  2 09:11:27 2026 DL1C virt_prim_fbsb.c:57 MS 0003: Rx L1CTL_FBSB_REQ (arfcn=51, flags=0x7)
Thu Jul  2 09:11:27 2026 DL1C virt_prim_fbsb.c:127 MS 0003: Tx L1CTL_FBSB_CONF (res: 0)
Thu Jul  2 09:11:27 2026 DL1C l1ctl_sap.c:458 MS 0003: Rx L1CTL_PARAM_REQ (ta=0, tx_power=14)
Thu Jul  2 09:11:27 2026 DL1C virt_prim_rach.c:81 MS 0003: Rx L1CTL_RACH_REQ (ra=0x0f, offset=5 combined=1)
Thu Jul  2 09:11:27 2026 DL1C virt_prim_rach.c:124 MS 0003: Tx L1CTL_RACH_CONF (fn: 148633, arfcn: 51)
Thu Jul  2 09:11:27 2026 DL1C l1ctl_sap.c:458 MS 0003: Rx L1CTL_PARAM_REQ (ta=0, tx_power=14)
Thu Jul  2 09:11:27 2026 DL1C virt_prim_rach.c:81 MS 0003: Rx L1CTL_RACH_REQ (ra=0x02, offset=123 combined=1)
Thu Jul  2 09:11:27 2026 DL1C l1ctl_sap.c:625 MS 0003: Tx L1CTL_RESET_CONF (reset_type: 2)
Thu Jul  2 09:11:27 2026 DL1C l1ctl_sap.c:458 MS 0003: Rx L1CTL_PARAM_REQ (ta=0, tx_power=14)
Thu Jul  2 09:11:27 2026 DL1C l1ctl_sap.c:313 MS 0003: Rx L1CTL_DM_EST_REQ (chan_nr=0x20 arfcn=51 tn=0 ss=0)
Thu Jul  2 09:11:27 2026 DVIRPHY gsmtapl1_if.c:220 MS 0003: DL-DIAG fwd=1 ded=0/0 dl=0/0 ct=0x07 st=3 l2=030301
Thu Jul  2 09:11:34 2026 DL1C l1ctl_sap.c:426 MS 0003: Rx L1CTL_DM_REL_REQ
Thu Jul  2 09:11:34 2026 DL1C l1ctl_sap.c:625 MS 0003: Tx L1CTL_RESET_CONF (reset_type: 1)
Thu Jul  2 09:11:34 2026 DL1C l1ctl_sap.c:625 MS 0003: Tx L1CTL_RESET_CONF (reset_type: 1)
Thu Jul  2 09:11:34 2026 DL1C virt_prim_fbsb.c:57 MS 0003: Rx L1CTL_FBSB_REQ (arfcn=51, flags=0x7)
Thu Jul  2 09:11:35 2026 DL1C virt_prim_fbsb.c:127 MS 0003: Tx L1CTL_FBSB_CONF (res: 0)
Thu Jul  2 09:11:35 2026 DL1C l1ctl_sap.c:573 MS 0003: Rx L1CTL_NEIGH_PM_REQ (list with 1 entries): IGNORED
Thu Jul  2 09:11:49 2026 DL1C l1ctl_sap.c:625 MS 0003: Tx L1CTL_RESET_CONF (reset_type: 1)
Thu Jul  2 09:11:49 2026 DL1C virt_prim_fbsb.c:57 MS 0003: Rx L1CTL_FBSB_REQ (arfcn=51, flags=0x7)
Thu Jul  2 09:11:50 2026 DL1C virt_prim_fbsb.c:127 MS 0003: Tx L1CTL_FBSB_CONF (res: 0)
Thu Jul  2 09:11:50 2026 DL1C l1ctl_sap.c:458 MS 0003: Rx L1CTL_PARAM_REQ (ta=0, tx_power=14)
Thu Jul  2 09:11:50 2026 DL1C virt_prim_rach.c:81 MS 0003: Rx L1CTL_RACH_REQ (ra=0x06, offset=4 combined=1)
Thu Jul  2 09:11:50 2026 DL1C virt_prim_rach.c:124 MS 0003: Tx L1CTL_RACH_CONF (fn: 153579, arfcn: 51)
Thu Jul  2 09:11:50 2026 DL1C l1ctl_sap.c:458 MS 0003: Rx L1CTL_PARAM_REQ (ta=0, tx_power=14)
Thu Jul  2 09:11:50 2026 DL1C virt_prim_rach.c:81 MS 0003: Rx L1CTL_RACH_REQ (ra=0x05, offset=119 combined=1)
Thu Jul  2 09:11:50 2026 DL1C l1ctl_sap.c:625 MS 0003: Tx L1CTL_RESET_CONF (reset_type: 2)
Thu Jul  2 09:11:50 2026 DL1C l1ctl_sap.c:458 MS 0003: Rx L1CTL_PARAM_REQ (ta=0, tx_power=14)
Thu Jul  2 09:11:50 2026 DL1C l1ctl_sap.c:313 MS 0003: Rx L1CTL_DM_EST_REQ (chan_nr=0x20 arfcn=51 tn=0 ss=0)
Thu Jul  2 09:11:50 2026 DVIRPHY gsmtapl1_if.c:220 MS 0003: DL-DIAG fwd=1 ded=0/0 dl=0/0 ct=0x07 st=3 l2=030301
Thu Jul  2 09:11:50 2026 DVIRPHY gsmtapl1_if.c:220 MS 0003: DL-DIAG fwd=1 ded=0/0 dl=0/0 ct=0x87 st=3 l2=0e0003
Thu Jul  2 09:11:50 2026 DVIRPHY gsmtapl1_if.c:220 MS 0003: DL-DIAG fwd=1 ded=0/0 dl=0/0 ct=0x07 st=3 l2=017349
Thu Jul  2 09:11:50 2026 DVIRPHY gsmtapl1_if.c:220 MS 0003: DL-DIAG fwd=1 ded=0/0 dl=0/0 ct=0x07 st=3 l2=030301
Thu Jul  2 09:11:50 2026 DVIRPHY gsmtapl1_if.c:220 MS 0003: DL-DIAG fwd=1 ded=0/0 dl=0/0 ct=0x87 st=3 l2=0e0003
Thu Jul  2 09:11:51 2026 DVIRPHY gsmtapl1_if.c:220 MS 0003: DL-DIAG fwd=1 ded=0/0 dl=0/0 ct=0x07 st=3 l2=030301
Thu Jul  2 09:11:51 2026 DVIRPHY gsmtapl1_if.c:220 MS 0003: DL-DIAG fwd=1 ded=0/0 dl=0/0 ct=0x07 st=3 l2=030301
Thu Jul  2 09:11:51 2026 DVIRPHY gsmtapl1_if.c:220 MS 0003: DL-DIAG fwd=1 ded=0/0 dl=0/0 ct=0x87 st=3 l2=0e0003
Thu Jul  2 09:11:51 2026 DVIRPHY gsmtapl1_if.c:220 MS 0003: DL-DIAG fwd=1 ded=0/0 dl=0/0 ct=0x07 st=3 l2=030301
Thu Jul  2 09:11:51 2026 DVIRPHY gsmtapl1_if.c:220 MS 0003: DL-DIAG fwd=1 ded=0/0 dl=0/0 ct=0x07 st=3 l2=030301
Thu Jul  2 09:11:51 2026 DVIRPHY gsmtapl1_if.c:220 MS 0003: DL-DIAG fwd=1 ded=0/0 dl=0/0 ct=0x87 st=3 l2=0e0003
Thu Jul  2 09:11:52 2026 DVIRPHY gsmtapl1_if.c:220 MS 0003: DL-DIAG fwd=1 ded=0/0 dl=0/0 ct=0x07 st=3 l2=030301
Thu Jul  2 09:11:52 2026 DVIRPHY gsmtapl1_if.c:220 MS 0003: DL-DIAG fwd=1 ded=0/0 dl=0/0 ct=0x07 st=3 l2=030301
Thu Jul  2 09:11:52 2026 DVIRPHY gsmtapl1_if.c:220 MS 0003: DL-DIAG fwd=1 ded=0/0 dl=0/0 ct=0x87 st=3 l2=0e0003
Thu Jul  2 09:11:52 2026 DVIRPHY gsmtapl1_if.c:220 MS 0003: DL-DIAG fwd=1 ded=0/0 dl=0/0 ct=0x07 st=3 l2=030301
Thu Jul  2 09:11:52 2026 DVIRPHY gsmtapl1_if.c:220 MS 0003: DL-DIAG fwd=1 ded=0/0 dl=0/0 ct=0x07 st=3 l2=030301
Thu Jul  2 09:11:52 2026 DVIRPHY gsmtapl1_if.c:220 MS 0003: DL-DIAG fwd=1 ded=0/0 dl=0/0 ct=0x87 st=3 l2=0e0003
Thu Jul  2 09:11:52 2026 DVIRPHY gsmtapl1_if.c:220 MS 0003: DL-DIAG fwd=1 ded=0/0 dl=0/0 ct=0x07 st=3 l2=030301
Thu Jul  2 09:11:53 2026 DVIRPHY gsmtapl1_if.c:220 MS 0003: DL-DIAG fwd=1 ded=0/0 dl=0/0 ct=0x07 st=3 l2=030301
Thu Jul  2 09:11:53 2026 DVIRPHY gsmtapl1_if.c:220 MS 0003: DL-DIAG fwd=1 ded=0/0 dl=0/0 ct=0x87 st=3 l2=0e0003
Thu Jul  2 09:11:53 2026 DVIRPHY gsmtapl1_if.c:220 MS 0003: DL-DIAG fwd=1 ded=0/0 dl=0/0 ct=0x07 st=3 l2=030301
Thu Jul  2 09:11:53 2026 DVIRPHY gsmtapl1_if.c:220 MS 0003: DL-DIAG fwd=1 ded=0/0 dl=0/0 ct=0x07 st=3 l2=030301
Thu Jul  2 09:11:53 2026 DVIRPHY gsmtapl1_if.c:220 MS 0003: DL-DIAG fwd=1 ded=0/0 dl=0/0 ct=0x87 st=3 l2=0e0003
Thu Jul  2 09:11:53 2026 DVIRPHY gsmtapl1_if.c:220 MS 0003: DL-DIAG fwd=1 ded=0/0 dl=0/0 ct=0x07 st=3 l2=030301
Thu Jul  2 09:11:54 2026 DVIRPHY gsmtapl1_if.c:220 MS 0003: DL-DIAG fwd=1 ded=0/0 dl=0/0 ct=0x07 st=3 l2=030301
Thu Jul  2 09:11:54 2026 DVIRPHY gsmtapl1_if.c:220 MS 0003: DL-DIAG fwd=1 ded=0/0 dl=0/0 ct=0x87 st=3 l2=0e0003
Thu Jul  2 09:11:54 2026 DVIRPHY gsmtapl1_if.c:220 MS 0003: DL-DIAG fwd=1 ded=0/0 dl=0/0 ct=0x07 st=3 l2=030301
Thu Jul  2 09:11:54 2026 DVIRPHY gsmtapl1_if.c:220 MS 0003: DL-DIAG fwd=1 ded=0/0 dl=0/0 ct=0x07 st=3 l2=030301
Thu Jul  2 09:11:54 2026 DVIRPHY gsmtapl1_if.c:220 MS 0003: DL-DIAG fwd=1 ded=0/0 dl=0/0 ct=0x87 st=3 l2=0e0003
Thu Jul  2 09:11:54 2026 DVIRPHY gsmtapl1_if.c:220 MS 0003: DL-DIAG fwd=1 ded=0/0 dl=0/0 ct=0x07 st=3 l2=030301
Thu Jul  2 09:11:55 2026 DVIRPHY gsmtapl1_if.c:220 MS 0003: DL-DIAG fwd=1 ded=0/0 dl=0/0 ct=0x07 st=3 l2=030301
Thu Jul  2 09:11:55 2026 DVIRPHY gsmtapl1_if.c:220 MS 0003: DL-DIAG fwd=1 ded=0/0 dl=0/0 ct=0x87 st=3 l2=0e0003
Thu Jul  2 09:11:55 2026 DVIRPHY gsmtapl1_if.c:220 MS 0003: DL-DIAG fwd=1 ded=0/0 dl=0/0 ct=0x07 st=3 l2=030301
Thu Jul  2 09:11:55 2026 DVIRPHY gsmtapl1_if.c:220 MS 0003: DL-DIAG fwd=1 ded=0/0 dl=0/0 ct=0x07 st=3 l2=030301
Thu Jul  2 09:11:55 2026 DVIRPHY gsmtapl1_if.c:220 MS 0003: DL-DIAG fwd=1 ded=0/0 dl=0/0 ct=0x87 st=3 l2=0e0003
Thu Jul  2 09:11:55 2026 DVIRPHY gsmtapl1_if.c:220 MS 0003: DL-DIAG fwd=1 ded=0/0 dl=0/0 ct=0x07 st=3 l2=030301
Thu Jul  2 09:11:56 2026 DVIRPHY gsmtapl1_if.c:220 MS 0003: DL-DIAG fwd=1 ded=0/0 dl=0/0 ct=0x07 st=3 l2=030301
Thu Jul  2 09:11:56 2026 DVIRPHY gsmtapl1_if.c:220 MS 0003: DL-DIAG fwd=1 ded=0/0 dl=0/0 ct=0x87 st=3 l2=0e0003
Thu Jul  2 09:11:56 2026 DVIRPHY gsmtapl1_if.c:220 MS 0003: DL-DIAG fwd=1 ded=0/0 dl=0/0 ct=0x07 st=3 l2=030301
Thu Jul  2 09:11:56 2026 DVIRPHY gsmtapl1_if.c:220 MS 0003: DL-DIAG fwd=1 ded=0/0 dl=0/0 ct=0x07 st=3 l2=030301
Thu Jul  2 09:11:56 2026 DVIRPHY gsmtapl1_if.c:220 MS 0003: DL-DIAG fwd=1 ded=0/0 dl=0/0 ct=0x87 st=3 l2=0e0003
Thu Jul  2 09:11:56 2026 DVIRPHY gsmtapl1_if.c:220 MS 0003: DL-DIAG fwd=1 ded=0/0 dl=0/0 ct=0x07 st=3 l2=030301
Thu Jul  2 09:11:56 2026 DVIRPHY gsmtapl1_if.c:220 MS 0003: DL-DIAG fwd=1 ded=0/0 dl=0/0 ct=0x07 st=3 l2=030301
Thu Jul  2 09:11:57 2026 DVIRPHY gsmtapl1_if.c:220 MS 0003: DL-DIAG fwd=1 ded=0/0 dl=0/0 ct=0x87 st=3 l2=0e0003
Thu Jul  2 09:11:57 2026 DVIRPHY gsmtapl1_if.c:220 MS 0003: DL-DIAG fwd=1 ded=0/0 dl=0/0 ct=0x07 st=3 l2=030301
Thu Jul  2 09:11:57 2026 DVIRPHY gsmtapl1_if.c:220 MS 0003: DL-DIAG fwd=1 ded=0/0 dl=0/0 ct=0x07 st=3 l2=030301
Thu Jul  2 09:11:57 2026 DVIRPHY gsmtapl1_if.c:220 MS 0003: DL-DIAG fwd=1 ded=0/0 dl=0/0 ct=0x87 st=3 l2=0e0003
Thu Jul  2 09:11:57 2026 DVIRPHY gsmtapl1_if.c:220 MS 0003: DL-DIAG fwd=1 ded=0/0 dl=0/0 ct=0x07 st=3 l2=030301
Thu Jul  2 09:11:57 2026 DVIRPHY gsmtapl1_if.c:220 MS 0003: DL-DIAG fwd=1 ded=0/0 dl=0/0 ct=0x07 st=3 l2=030301
Thu Jul  2 09:11:57 2026 DVIRPHY gsmtapl1_if.c:220 MS 0003: DL-DIAG fwd=1 ded=0/0 dl=0/0 ct=0x87 st=3 l2=0e0003
Thu Jul  2 09:11:58 2026 DVIRPHY gsmtapl1_if.c:220 MS 0003: DL-DIAG fwd=1 ded=0/0 dl=0/0 ct=0x07 st=3 l2=030301
Thu Jul  2 09:11:58 2026 DVIRPHY gsmtapl1_if.c:220 MS 0003: DL-DIAG fwd=1 ded=0/0 dl=0/0 ct=0x07 st=3 l2=030301
Thu Jul  2 09:11:58 2026 DVIRPHY gsmtapl1_if.c:220 MS 0003: DL-DIAG fwd=1 ded=0/0 dl=0/0 ct=0x87 st=3 l2=0e0003
Thu Jul  2 09:11:58 2026 DVIRPHY gsmtapl1_if.c:220 MS 0003: DL-DIAG fwd=1 ded=0/0 dl=0/0 ct=0x07 st=3 l2=030301
Thu Jul  2 09:11:58 2026 DVIRPHY gsmtapl1_if.c:220 MS 0003: DL-DIAG fwd=1 ded=0/0 dl=0/0 ct=0x07 st=3 l2=030301
Thu Jul  2 09:11:58 2026 DVIRPHY gsmtapl1_if.c:220 MS 0003: DL-DIAG fwd=1 ded=0/0 dl=0/0 ct=0x87 st=3 l2=0e0003
Thu Jul  2 09:11:59 2026 DVIRPHY gsmtapl1_if.c:220 MS 0003: DL-DIAG fwd=1 ded=0/0 dl=0/0 ct=0x07 st=3 l2=030301
Thu Jul  2 09:11:59 2026 DVIRPHY gsmtapl1_if.c:220 MS 0003: DL-DIAG fwd=1 ded=0/0 dl=0/0 ct=0x07 st=3 l2=030301
Thu Jul  2 09:11:59 2026 DVIRPHY gsmtapl1_if.c:220 MS 0003: DL-DIAG fwd=1 ded=0/0 dl=0/0 ct=0x87 st=3 l2=0e0003
Thu Jul  2 09:11:59 2026 DVIRPHY gsmtapl1_if.c:220 MS 0003: DL-DIAG fwd=1 ded=0/0 dl=0/0 ct=0x07 st=3 l2=030301
Thu Jul  2 09:11:59 2026 DVIRPHY gsmtapl1_if.c:220 MS 0003: DL-DIAG fwd=1 ded=0/0 dl=0/0 ct=0x07 st=3 l2=030301
Thu Jul  2 09:11:59 2026 DVIRPHY gsmtapl1_if.c:220 MS 0003: DL-DIAG fwd=1 ded=0/0 dl=0/0 ct=0x87 st=3 l2=0e0003
Thu Jul  2 09:12:00 2026 DVIRPHY gsmtapl1_if.c:220 MS 0003: DL-DIAG fwd=1 ded=0/0 dl=0/0 ct=0x07 st=3 l2=030301
Thu Jul  2 09:12:00 2026 DVIRPHY gsmtapl1_if.c:220 MS 0003: DL-DIAG fwd=1 ded=0/0 dl=0/0 ct=0x07 st=3 l2=030301
Thu Jul  2 09:12:00 2026 DVIRPHY gsmtapl1_if.c:220 MS 0003: DL-DIAG fwd=1 ded=0/0 dl=0/0 ct=0x87 st=3 l2=0e0003
Thu Jul  2 09:12:00 2026 DVIRPHY gsmtapl1_if.c:220 MS 0003: DL-DIAG fwd=1 ded=0/0 dl=0/0 ct=0x07 st=3 l2=030301
Thu Jul  2 09:12:00 2026 DVIRPHY gsmtapl1_if.c:220 MS 0003: DL-DIAG fwd=1 ded=0/0 dl=0/0 ct=0x07 st=3 l2=030301
Thu Jul  2 09:12:00 2026 DVIRPHY gsmtapl1_if.c:220 MS 0003: DL-DIAG fwd=1 ded=0/0 dl=0/0 ct=0x87 st=3 l2=0e0003
Thu Jul  2 09:12:00 2026 DVIRPHY gsmtapl1_if.c:220 MS 0003: DL-DIAG fwd=1 ded=0/0 dl=0/0 ct=0x07 st=3 l2=030301
Thu Jul  2 09:12:01 2026 DVIRPHY gsmtapl1_if.c:220 MS 0003: DL-DIAG fwd=1 ded=0/0 dl=0/0 ct=0x07 st=3 l2=030301
Thu Jul  2 09:12:01 2026 DVIRPHY gsmtapl1_if.c:220 MS 0003: DL-DIAG fwd=1 ded=0/0 dl=0/0 ct=0x87 st=3 l2=0e0003
Thu Jul  2 09:12:01 2026 DVIRPHY gsmtapl1_if.c:220 MS 0003: DL-DIAG fwd=1 ded=0/0 dl=0/0 ct=0x07 st=3 l2=030301
Thu Jul  2 09:12:01 2026 DVIRPHY gsmtapl1_if.c:220 MS 0003: DL-DIAG fwd=1 ded=0/0 dl=0/0 ct=0x07 st=3 l2=030301
Thu Jul  2 09:12:01 2026 DVIRPHY gsmtapl1_if.c:220 MS 0003: DL-DIAG fwd=1 ded=0/0 dl=0/0 ct=0x87 st=3 l2=0e0003
Thu Jul  2 09:12:01 2026 DVIRPHY gsmtapl1_if.c:220 MS 0003: DL-DIAG fwd=1 ded=0/0 dl=0/0 ct=0x07 st=3 l2=030301
Thu Jul  2 09:12:02 2026 DVIRPHY gsmtapl1_if.c:220 MS 0003: DL-DIAG fwd=1 ded=0/0 dl=0/0 ct=0x07 st=3 l2=030301
Thu Jul  2 09:12:02 2026 DVIRPHY gsmtapl1_if.c:220 MS 0003: DL-DIAG fwd=1 ded=0/0 dl=0/0 ct=0x87 st=3 l2=0e0003
Thu Jul  2 09:12:02 2026 DVIRPHY gsmtapl1_if.c:220 MS 0003: DL-DIAG fwd=1 ded=0/0 dl=0/0 ct=0x07 st=3 l2=030301
Thu Jul  2 09:12:02 2026 DVIRPHY gsmtapl1_if.c:220 MS 0003: DL-DIAG fwd=1 ded=0/0 dl=0/0 ct=0x07 st=3 l2=030301
Thu Jul  2 09:12:02 2026 DVIRPHY gsmtapl1_if.c:220 MS 0003: DL-DIAG fwd=1 ded=0/0 dl=0/0 ct=0x87 st=3 l2=0e0003
Thu Jul  2 09:12:02 2026 DVIRPHY gsmtapl1_if.c:220 MS 0003: DL-DIAG fwd=1 ded=0/0 dl=0/0 ct=0x07 st=3 l2=030301
Thu Jul  2 09:12:03 2026 DVIRPHY gsmtapl1_if.c:220 MS 0003: DL-DIAG fwd=1 ded=0/0 dl=0/0 ct=0x07 st=3 l2=030301
Thu Jul  2 09:12:03 2026 DVIRPHY gsmtapl1_if.c:220 MS 0003: DL-DIAG fwd=1 ded=0/0 dl=0/0 ct=0x87 st=3 l2=0e0003
Thu Jul  2 09:12:03 2026 DVIRPHY gsmtapl1_if.c:220 MS 0003: DL-DIAG fwd=1 ded=0/0 dl=0/0 ct=0x07 st=3 l2=030301
Thu Jul  2 09:12:03 2026 DVIRPHY gsmtapl1_if.c:220 MS 0003: DL-DIAG fwd=1 ded=0/0 dl=0/0 ct=0x07 st=3 l2=030301
Thu Jul  2 09:12:03 2026 DVIRPHY gsmtapl1_if.c:220 MS 0003: DL-DIAG fwd=1 ded=0/0 dl=0/0 ct=0x87 st=3 l2=0e0003
Thu Jul  2 09:12:03 2026 DVIRPHY gsmtapl1_if.c:220 MS 0003: DL-DIAG fwd=1 ded=0/0 dl=0/0 ct=0x07 st=3 l2=030301
Thu Jul  2 09:12:04 2026 DVIRPHY gsmtapl1_if.c:220 MS 0003: DL-DIAG fwd=1 ded=0/0 dl=0/0 ct=0x07 st=3 l2=030301
Thu Jul  2 09:12:04 2026 DVIRPHY gsmtapl1_if.c:220 MS 0003: DL-DIAG fwd=1 ded=0/0 dl=0/0 ct=0x87 st=3 l2=0e0003
Thu Jul  2 09:12:04 2026 DVIRPHY gsmtapl1_if.c:220 MS 0003: DL-DIAG fwd=1 ded=0/0 dl=0/0 ct=0x07 st=3 l2=030301
Thu Jul  2 09:12:04 2026 DVIRPHY gsmtapl1_if.c:220 MS 0003: DL-DIAG fwd=1 ded=0/0 dl=0/0 ct=0x07 st=3 l2=030301
Thu Jul  2 09:12:04 2026 DVIRPHY gsmtapl1_if.c:220 MS 0003: DL-DIAG fwd=1 ded=0/0 dl=0/0 ct=0x87 st=3 l2=0e0003
Thu Jul  2 09:12:04 2026 DVIRPHY gsmtapl1_if.c:220 MS 0003: DL-DIAG fwd=1 ded=0/0 dl=0/0 ct=0x07 st=3 l2=030301
Thu Jul  2 09:12:04 2026 DVIRPHY gsmtapl1_if.c:220 MS 0003: DL-DIAG fwd=1 ded=0/0 dl=0/0 ct=0x07 st=3 l2=030301
Thu Jul  2 09:12:05 2026 DVIRPHY gsmtapl1_if.c:220 MS 0003: DL-DIAG fwd=1 ded=0/0 dl=0/0 ct=0x87 st=3 l2=0e0003
Thu Jul  2 09:12:05 2026 DVIRPHY gsmtapl1_if.c:220 MS 0003: DL-DIAG fwd=1 ded=0/0 dl=0/0 ct=0x07 st=3 l2=030301
Thu Jul  2 09:12:05 2026 DVIRPHY gsmtapl1_if.c:220 MS 0003: DL-DIAG fwd=1 ded=0/0 dl=0/0 ct=0x07 st=3 l2=030301
Thu Jul  2 09:12:05 2026 DVIRPHY gsmtapl1_if.c:220 MS 0003: DL-DIAG fwd=1 ded=0/0 dl=0/0 ct=0x87 st=3 l2=0e0003
Thu Jul  2 09:12:05 2026 DVIRPHY gsmtapl1_if.c:220 MS 0003: DL-DIAG fwd=1 ded=0/0 dl=0/0 ct=0x07 st=3 l2=030301
Thu Jul  2 09:12:05 2026 DVIRPHY gsmtapl1_if.c:220 MS 0003: DL-DIAG fwd=1 ded=0/0 dl=0/0 ct=0x07 st=3 l2=030301
Thu Jul  2 09:12:05 2026 DVIRPHY gsmtapl1_if.c:220 MS 0003: DL-DIAG fwd=1 ded=0/0 dl=0/0 ct=0x87 st=3 l2=0e0003
Thu Jul  2 09:12:06 2026 DVIRPHY gsmtapl1_if.c:220 MS 0003: DL-DIAG fwd=1 ded=0/0 dl=0/0 ct=0x07 st=3 l2=030301
Thu Jul  2 09:12:06 2026 DVIRPHY gsmtapl1_if.c:220 MS 0003: DL-DIAG fwd=1 ded=0/0 dl=0/0 ct=0x07 st=3 l2=030301
Thu Jul  2 09:12:06 2026 DVIRPHY gsmtapl1_if.c:220 MS 0003: DL-DIAG fwd=1 ded=0/0 dl=0/0 ct=0x87 st=3 l2=0e0003
Thu Jul  2 09:12:06 2026 DVIRPHY gsmtapl1_if.c:220 MS 0003: DL-DIAG fwd=1 ded=0/0 dl=0/0 ct=0x07 st=3 l2=030301
Thu Jul  2 09:12:06 2026 DVIRPHY gsmtapl1_if.c:220 MS 0003: DL-DIAG fwd=1 ded=0/0 dl=0/0 ct=0x07 st=3 l2=030301
Thu Jul  2 09:12:06 2026 DVIRPHY gsmtapl1_if.c:220 MS 0003: DL-DIAG fwd=1 ded=0/0 dl=0/0 ct=0x87 st=3 l2=0e0003
Thu Jul  2 09:12:07 2026 DVIRPHY gsmtapl1_if.c:220 MS 0003: DL-DIAG fwd=1 ded=0/0 dl=0/0 ct=0x07 st=3 l2=030301
Thu Jul  2 09:12:07 2026 DVIRPHY gsmtapl1_if.c:220 MS 0003: DL-DIAG fwd=1 ded=0/0 dl=0/0 ct=0x07 st=3 l2=030301
Thu Jul  2 09:12:07 2026 DVIRPHY gsmtapl1_if.c:220 MS 0003: DL-DIAG fwd=1 ded=0/0 dl=0/0 ct=0x87 st=3 l2=0e0003
Thu Jul  2 09:12:07 2026 DVIRPHY gsmtapl1_if.c:220 MS 0003: DL-DIAG fwd=1 ded=0/0 dl=0/0 ct=0x07 st=3 l2=030301
Thu Jul  2 09:12:07 2026 DVIRPHY gsmtapl1_if.c:220 MS 0003: DL-DIAG fwd=1 ded=0/0 dl=0/0 ct=0x07 st=3 l2=030301
Thu Jul  2 09:12:07 2026 DVIRPHY gsmtapl1_if.c:220 MS 0003: DL-DIAG fwd=1 ded=0/0 dl=0/0 ct=0x87 st=3 l2=0e0003
Thu Jul  2 09:12:08 2026 DVIRPHY gsmtapl1_if.c:220 MS 0003: DL-DIAG fwd=1 ded=0/0 dl=0/0 ct=0x07 st=3 l2=030301
Thu Jul  2 09:12:08 2026 DVIRPHY gsmtapl1_if.c:220 MS 0003: DL-DIAG fwd=1 ded=0/0 dl=0/0 ct=0x07 st=3 l2=030301
Thu Jul  2 09:12:08 2026 DVIRPHY gsmtapl1_if.c:220 MS 0003: DL-DIAG fwd=1 ded=0/0 dl=0/0 ct=0x87 st=3 l2=0e0003
Thu Jul  2 09:12:08 2026 DVIRPHY gsmtapl1_if.c:220 MS 0003: DL-DIAG fwd=1 ded=0/0 dl=0/0 ct=0x07 st=3 l2=030301
Thu Jul  2 09:12:08 2026 DVIRPHY gsmtapl1_if.c:220 MS 0003: DL-DIAG fwd=1 ded=0/0 dl=0/0 ct=0x07 st=3 l2=030301
Thu Jul  2 09:12:08 2026 DVIRPHY gsmtapl1_if.c:220 MS 0003: DL-DIAG fwd=1 ded=0/0 dl=0/0 ct=0x87 st=3 l2=0e0003
Thu Jul  2 09:12:08 2026 DVIRPHY gsmtapl1_if.c:220 MS 0003: DL-DIAG fwd=1 ded=0/0 dl=0/0 ct=0x07 st=3 l2=030301
Thu Jul  2 09:12:09 2026 DVIRPHY gsmtapl1_if.c:220 MS 0003: DL-DIAG fwd=1 ded=0/0 dl=0/0 ct=0x07 st=3 l2=030301
Thu Jul  2 09:12:09 2026 DVIRPHY gsmtapl1_if.c:220 MS 0003: DL-DIAG fwd=1 ded=0/0 dl=0/0 ct=0x87 st=3 l2=0e0003
Thu Jul  2 09:12:09 2026 DVIRPHY gsmtapl1_if.c:220 MS 0003: DL-DIAG fwd=1 ded=0/0 dl=0/0 ct=0x07 st=3 l2=030301
Thu Jul  2 09:12:09 2026 DVIRPHY gsmtapl1_if.c:220 MS 0003: DL-DIAG fwd=1 ded=0/0 dl=0/0 ct=0x07 st=3 l2=030301
Thu Jul  2 09:12:09 2026 DVIRPHY gsmtapl1_if.c:220 MS 0003: DL-DIAG fwd=1 ded=0/0 dl=0/0 ct=0x87 st=3 l2=0e0003
Thu Jul  2 09:12:09 2026 DVIRPHY gsmtapl1_if.c:220 MS 0003: DL-DIAG fwd=1 ded=0/0 dl=0/0 ct=0x07 st=3 l2=030301
Thu Jul  2 09:12:10 2026 DVIRPHY gsmtapl1_if.c:220 MS 0003: DL-DIAG fwd=1 ded=0/0 dl=0/0 ct=0x07 st=3 l2=030301
Thu Jul  2 09:12:10 2026 DVIRPHY gsmtapl1_if.c:220 MS 0003: DL-DIAG fwd=1 ded=0/0 dl=0/0 ct=0x87 st=3 l2=0e0003
Thu Jul  2 09:12:10 2026 DVIRPHY gsmtapl1_if.c:220 MS 0003: DL-DIAG fwd=1 ded=0/0 dl=0/0 ct=0x07 st=3 l2=030301
Thu Jul  2 09:12:10 2026 DVIRPHY gsmtapl1_if.c:220 MS 0003: DL-DIAG fwd=1 ded=0/0 dl=0/0 ct=0x07 st=3 l2=030301
Thu Jul  2 09:12:10 2026 DVIRPHY gsmtapl1_if.c:220 MS 0003: DL-DIAG fwd=1 ded=0/0 dl=0/0 ct=0x87 st=3 l2=0e0003
Thu Jul  2 09:12:10 2026 DVIRPHY gsmtapl1_if.c:220 MS 0003: DL-DIAG fwd=1 ded=0/0 dl=0/0 ct=0x07 st=3 l2=017301
Thu Jul  2 09:12:10 2026 DL1C l1ctl_sap.c:426 MS 0003: Rx L1CTL_DM_REL_REQ
Thu Jul  2 09:12:10 2026 DL1C l1ctl_sap.c:625 MS 0003: Tx L1CTL_RESET_CONF (reset_type: 1)
Thu Jul  2 09:12:10 2026 DL1C l1ctl_sap.c:625 MS 0003: Tx L1CTL_RESET_CONF (reset_type: 1)
Thu Jul  2 09:12:10 2026 DL1C virt_prim_fbsb.c:57 MS 0003: Rx L1CTL_FBSB_REQ (arfcn=51, flags=0x7)
Thu Jul  2 09:12:10 2026 DL1C virt_prim_fbsb.c:127 MS 0003: Tx L1CTL_FBSB_CONF (res: 0)
Thu Jul  2 09:12:10 2026 DL1C l1ctl_sap.c:573 MS 0003: Rx L1CTL_NEIGH_PM_REQ (list with 1 entries): IGNORED
Thu Jul  2 09:12:11 2026 DVIRPHY gsmtapl1_if.c:220 MS 0003: DL-DIAG fwd=1 ded=0/0 dl=0/0 ct=0x07 st=2 l2=030301
Thu Jul  2 09:12:11 2026 DVIRPHY gsmtapl1_if.c:220 MS 0003: DL-DIAG fwd=1 ded=0/0 dl=0/0 ct=0x07 st=2 l2=030301
Thu Jul  2 09:12:11 2026 DVIRPHY gsmtapl1_if.c:220 MS 0003: DL-DIAG fwd=1 ded=0/0 dl=0/0 ct=0x07 st=2 l2=030301
Thu Jul  2 09:12:11 2026 DVIRPHY gsmtapl1_if.c:220 MS 0003: DL-DIAG fwd=1 ded=0/0 dl=0/0 ct=0x07 st=2 l2=030301
Thu Jul  2 09:12:12 2026 DVIRPHY gsmtapl1_if.c:220 MS 0003: DL-DIAG fwd=1 ded=0/0 dl=0/0 ct=0x07 st=2 l2=030301
Thu Jul  2 09:12:12 2026 DVIRPHY gsmtapl1_if.c:220 MS 0003: DL-DIAG fwd=1 ded=0/0 dl=0/0 ct=0x07 st=2 l2=030301
Thu Jul  2 09:12:12 2026 DVIRPHY gsmtapl1_if.c:220 MS 0003: DL-DIAG fwd=1 ded=0/0 dl=0/0 ct=0x07 st=2 l2=030301
