[run-one] Namespace : gsm-3
[run-one] Tests     : TC_26_8_1_3_4_7
[run-one] Results   : results/week04/run20260610-102557-N3/ns-3
[run-one] INFO  Images already in local registry.
[run-one] INFO  Installing Helm release gsm-3 from /work/gouri.naik/sampige-scaling-intern-2026/refs/osmocom-demo/k8s/chart ...
Release "gsm-3" does not exist. Installing it now.
NAME: gsm-3
LAST DEPLOYED: Wed Jun 10 15:55:58 2026
NAMESPACE: gsm-3
STATUS: deployed
REVISION: 1
TEST SUITE: None
[run-one] INFO  Waiting up to 240s for Deployments to be Ready...
  Not ready: msc-test-stub//1
osmo-bsc//1
osmo-bts-virtual//1
osmo-hlr//1
osmo-mgw//1
osmo-mobile//1
osmo-stp//1
virtphy//1
  Not ready: msc-test-stub//1
osmo-bsc//1
osmo-bts-virtual//1
osmo-hlr//1
osmo-mgw//1
osmo-mobile//1
osmo-stp//1
virtphy//1
  Not ready: msc-test-stub//1
osmo-bsc//1
osmo-mobile//1
  Not ready: msc-test-stub//1
osmo-bsc//1
osmo-mobile//1
  Not ready: osmo-mobile//1
  Not ready: osmo-mobile//1
  Not ready: osmo-mobile//1
[run-one] INFO  All Deployments ready.
[run-one] INFO  Waiting up to 300s for MS to camp on cell (MM_EVENT_CELL_SELECTED)...
[run-one] INFO  MS camped on cell.
[run-one] INFO  Waiting up to 60s for osmo-mobile VTY (port 4247)...
[run-one] INFO  osmo-mobile VTY ready.
[run-one] INFO  Running TC_26_8_1_3_4_7 as Job ttcn3-tc-26-8-1-3-4-7-1...
[run-one] FAIL  TC_26_8_1_3_4_7: FAIL
=====================================================
 TTCN-3 k8s Run Summary
 Namespace : gsm-3
 Timestamp : 20260610-102557
=====================================================
  TC_26_8_1_3_4_7                          FAIL
-----------------------------------------------------
  PASS: 0   FAIL: 1   INCONCLUSIVE: 0
=====================================================
[run-one] INFO  Done. Results: results/week04/run20260610-102557-N3/ns-3
[run-one] INFO  Teardown: uninstalling Helm release gsm-3...
release "gsm-3" uninstalled
[run-one] INFO  Teardown: deleting namespace gsm-3...
namespace "gsm-3" deleted
{
  "namespaces": [
    {
      "namespace": "gsm-3",
      "bringup_s": 37.298,
      "testing_s": 156.057,
      "teardown_s": 43.019,
      "total_s": 236.377,
      "verdicts": [
        {
          "tc_name": "TC_26_8_1_3_4_7",
          "verdict": "FAIL"
        }
      ],
      "pass": 0,
      "fail": 1,
      "inconclusive": 0
    }
  ],
  "T_suite_s": 236.377,
  "N": 1,
  "pass": 0,
  "fail": 1,
  "inconclusive": 0,
  "test_durations": [
    {
      "namespace": "gsm-3",
      "tc_name": "TC_26_8_1_3_4_7",
      "duration_s": 156.051,
      "verdict": "FAIL"
    }
  ],
  "pods": {
    "total_restarts": 0,
    "oom_kills": 0
  },
  "S": null,
  "E": null
}
