2026/Jun/25 05:48:33.854493 EXECUTOR - TTCN-3 Host Controller started on ttcn3-tc-26-6-1-1-1-8npnk. Version: 11.1.0.
2026/Jun/25 05:48:33.854694 EXECUTOR - TTCN Logger v2.2 options: TimeStampFormat:=DateTime; LogEntityName:=No; LogEventTypes:=Yes; SourceInfoFormat:=Single; LogSensitiveData:=No; *.FileMask:=LOG_ALL; *.ConsoleMask:=ERROR | TESTCASE | USER | VERDICTOP | WARNING; LogFileSize:=0; LogFileNumber:=1; DiskFullAction:=Error
2026/Jun/25 05:48:33.854709 EXECUTOR - Maximum number of open file descriptors: 1048576,   FD_SETSIZE = 1024
2026/Jun/25 05:48:33.854879 WARNING - Warning: The address of MC was set to a local IP address. This may cause incorrect behavior if a HC from a remote host also connects to MC.
2026/Jun/25 05:48:33.854921 EXECUTOR - The address of MC was set to 127.0.0.1:0.
2026/Jun/25 05:48:33.855070 EXECUTOR - Connected to MC.
2026/Jun/25 05:48:33.855209 EXECUTOR - This host supports UNIX domain sockets for local communication.
2026/Jun/25 05:48:33.950381 EXECUTOR - Processing configuration data received from MC.
2026/Jun/25 05:48:33.950676 WARNING - Warning: Skeleton `/results/TC_26_6_1_1-2026-06-25-054832/%n.log' does not guarantee unique log file name for every test system process. It may cause unpredictable results if several test components try to write into the same log file.
2026/Jun/25 05:48:33.951076 EXECUTOR - Module GSM_Constants has the following parameters: { TSPC_Serv_TS11 := true, TSPC_Serv_TS61 := false, TSPC_Serv_TS62 := false, TSPC_Serv_BS21 := false, TSPC_Serv_BS22 := false, TSPC_Serv_BS24 := false, TSPC_Serv_BS25 := false, TSPC_Serv_BS26 := false, TSPC_Serv_BS31 := false, TSPC_Serv_BS32 := false, TSPC_Serv_BS33 := false, TSPC_Serv_BS34 := false, TSPC_Serv_BS41 := false, TSPC_Serv_BS42 := false, TSPC_Serv_BS43 := false, TSPC_Serv_BS44 := false, TSPC_Serv_BS45 := false, TSPC_Serv_BS51 := false, TSPC_Serv_BS61 := false, TSPC_Serv_BS81 := false, TSPC_DualRate := false, TSPC_MTsvc := true, TSPX_IMSI := '901700000000001F'O, TSPX_TMSI := '1914D97F'O, TSPX_CKSNDef := 0, TSPX_RANDDef := '00112233445566778899AABBCCDDEEFF'O, TSPX_SRES := '12345678'O, TSPX_Kc := '0000000000000000'O, TSPX_SDCCH4SubDef := 0, TSPX_TmSltDef := 0, TSPX_TscDef := 7, TSPX_TCHHSubDef := 0, TCV_CC := true, TSPX_Telephony_Rate := C_Full (0), TSPX_MOBscSvcA := C_Telephony (0), TSPX_MOBscSvcB := C_Telephony (0), TSPX_MOBscSvcC := C_Telephony (0), TSPX_MOBscSvcD := C_Telephony (0), TSPX_MOBscSvcE := C_Telephony (0), TSPX_MOBscSvcF := C_Telephony (0), TSPX_MOBscSvcG := C_Telephony (0), TSPX_MOChRateA := C_Full (0), TSPX_MOChRateB := C_Full (0), TSPX_MOChRateC := C_Full (0), TSPX_MOChRateD := C_Full (0), TSPX_MOChRateE := C_Full (0), TSPX_MOChRateF := C_Full (0), TSPX_MOChRateG := C_Full (0), TSPX_MTBscSvcA := C_Telephony (0), TSPX_MTBscSvcB := C_Telephony (0), TSPX_MTBscSvcC := C_Telephony (0), TSPX_MTBscSvcD := C_Telephony (0), TSPX_MTBscSvcE := C_Telephony (0), TSPX_MTBscSvcF := C_Telephony (0), TSPX_MTBscSvcG := C_Telephony (0), TSPX_MTBscSvcH := C_Telephony (0), TSPX_MTBscSvcI := C_Telephony (0), TSPX_MTBscSvcJ := C_Telephony (0), TSPX_MTChRateA := C_Full (0), TSPX_MTChRateB := C_Full (0), TSPX_MTChRateC := C_Full (0), TSPX_MTChRateD := C_Full (0), TSPX_MTChRateE := C_Full (0), TSPX_MTChRateF := C_Full (0), TSPX_MTChRateG := C_Full (0), TSPX_MTChRateH := C_Full (0), TSPX_MTChRateI := C_Full (0), TSPX_MTChRateJ := C_Full (0), C_arfcnA := 100 }
2026/Jun/25 05:48:33.951173 EXECUTOR - Module TC_26_6_1_2 has the following parameters: { TSPX_nPara := 3, TSPX_i1Para := 3, TSPX_kPara := 5, TSPX_i2Para := 1, TSPX_rPara := 4, TSPX_i3Para := 4 }
2026/Jun/25 05:48:33.951219 EXECUTOR - Initializing module GSM_Component_Definitions.
2026/Jun/25 05:48:33.951244 EXECUTOR GSM_Component_Definitions.ttcn3:0 Initializing module GSM_Templates.
2026/Jun/25 05:48:33.951265 EXECUTOR GSM_Templates.ttcn3:0 Initializing module GSM_Constants.
2026/Jun/25 05:48:33.951270 EXECUTOR GSM_Constants.ttcn3:0 Initializing module GSM_Types.
2026/Jun/25 05:48:33.951273 EXECUTOR GSM_Constants.ttcn3:0 Initialization of module GSM_Types finished.
2026/Jun/25 05:48:33.951276 EXECUTOR GSM_Templates.ttcn3:0 Initialization of module GSM_Constants finished.
2026/Jun/25 05:48:33.951353 EXECUTOR GSM_Component_Definitions.ttcn3:0 Initialization of module GSM_Templates finished.
2026/Jun/25 05:48:33.951358 EXECUTOR - Initialization of module GSM_Component_Definitions finished.
2026/Jun/25 05:48:33.951360 EXECUTOR - Initializing module GSM_Functions.
2026/Jun/25 05:48:33.951386 EXECUTOR - Initialization of module GSM_Functions finished.
2026/Jun/25 05:48:33.951388 EXECUTOR - Initializing module PreGenRecordOf.
2026/Jun/25 05:48:33.951391 EXECUTOR - Initialization of module PreGenRecordOf finished.
2026/Jun/25 05:48:33.951393 EXECUTOR - Initializing module TC_26_2_1_3.
2026/Jun/25 05:48:33.951399 EXECUTOR - Initialization of module TC_26_2_1_3 finished.
2026/Jun/25 05:48:33.951401 EXECUTOR - Initializing module TC_26_2_2.
2026/Jun/25 05:48:33.951406 EXECUTOR - Initialization of module TC_26_2_2 finished.
2026/Jun/25 05:48:33.951408 EXECUTOR - Initializing module TC_26_2_3.
2026/Jun/25 05:48:33.951413 EXECUTOR - Initialization of module TC_26_2_3 finished.
2026/Jun/25 05:48:33.951415 EXECUTOR - Initializing module TC_26_6_11_1.
2026/Jun/25 05:48:33.951421 EXECUTOR - Initialization of module TC_26_6_11_1 finished.
2026/Jun/25 05:48:33.951424 EXECUTOR - Initializing module TC_26_6_11_2.
2026/Jun/25 05:48:33.951429 EXECUTOR - Initialization of module TC_26_6_11_2 finished.
2026/Jun/25 05:48:33.951431 EXECUTOR - Initializing module TC_26_6_12_1.
2026/Jun/25 05:48:33.951437 EXECUTOR - Initialization of module TC_26_6_12_1 finished.
2026/Jun/25 05:48:33.951439 EXECUTOR - Initializing module TC_26_6_12_2.
2026/Jun/25 05:48:33.951444 EXECUTOR - Initialization of module TC_26_6_12_2 finished.
2026/Jun/25 05:48:33.951446 EXECUTOR - Initializing module TC_26_6_12_3.
2026/Jun/25 05:48:33.951452 EXECUTOR - Initialization of module TC_26_6_12_3 finished.
2026/Jun/25 05:48:33.951454 EXECUTOR - Initializing module TC_26_6_12_4.
2026/Jun/25 05:48:33.951460 EXECUTOR - Initialization of module TC_26_6_12_4 finished.
2026/Jun/25 05:48:33.951462 EXECUTOR - Initializing module TC_26_6_13_10.
2026/Jun/25 05:48:33.951468 EXECUTOR - Initialization of module TC_26_6_13_10 finished.
2026/Jun/25 05:48:33.951470 EXECUTOR - Initializing module TC_26_6_13_9.
2026/Jun/25 05:48:33.951475 EXECUTOR - Initialization of module TC_26_6_13_9 finished.
2026/Jun/25 05:48:33.951477 EXECUTOR - Initializing module TC_26_6_1_1.
2026/Jun/25 05:48:33.951482 EXECUTOR - Initialization of module TC_26_6_1_1 finished.
2026/Jun/25 05:48:33.951484 EXECUTOR - Initializing module TC_26_6_1_2.
2026/Jun/25 05:48:33.951489 EXECUTOR - Initialization of module TC_26_6_1_2 finished.
2026/Jun/25 05:48:33.951492 EXECUTOR - Initializing module TC_26_6_1_3.
2026/Jun/25 05:48:33.951498 EXECUTOR - Initialization of module TC_26_6_1_3 finished.
2026/Jun/25 05:48:33.951500 EXECUTOR - Initializing module TC_26_6_1_4.
2026/Jun/25 05:48:33.951505 EXECUTOR - Initialization of module TC_26_6_1_4 finished.
2026/Jun/25 05:48:33.951507 EXECUTOR - Initializing module TC_26_6_1_5.
2026/Jun/25 05:48:33.951513 EXECUTOR - Initialization of module TC_26_6_1_5 finished.
2026/Jun/25 05:48:33.951515 EXECUTOR - Initializing module TC_26_6_2_1_1.
2026/Jun/25 05:48:33.951520 EXECUTOR - Initialization of module TC_26_6_2_1_1 finished.
2026/Jun/25 05:48:33.951523 EXECUTOR - Initializing module TC_26_6_2_1_2.
2026/Jun/25 05:48:33.951529 EXECUTOR - Initialization of module TC_26_6_2_1_2 finished.
2026/Jun/25 05:48:33.951531 EXECUTOR - Initializing module TC_26_6_2_1_3.
2026/Jun/25 05:48:33.951536 EXECUTOR - Initialization of module TC_26_6_2_1_3 finished.
2026/Jun/25 05:48:33.951538 EXECUTOR - Initializing module TC_26_6_2_2.
2026/Jun/25 05:48:33.951544 EXECUTOR - Initialization of module TC_26_6_2_2 finished.
2026/Jun/25 05:48:33.951546 EXECUTOR - Initializing module TC_26_6_2_3_1.
2026/Jun/25 05:48:33.951552 EXECUTOR - Initialization of module TC_26_6_2_3_1 finished.
2026/Jun/25 05:48:33.951554 EXECUTOR - Initializing module TC_26_6_2_3_2.
2026/Jun/25 05:48:33.951560 EXECUTOR - Initialization of module TC_26_6_2_3_2 finished.
2026/Jun/25 05:48:33.951565 EXECUTOR - Initializing module TC_26_6_2_4.
2026/Jun/25 05:48:33.951571 EXECUTOR - Initialization of module TC_26_6_2_4 finished.
2026/Jun/25 05:48:33.951573 EXECUTOR - Initializing module TC_26_6_3_1.
2026/Jun/25 05:48:33.951579 EXECUTOR - Initialization of module TC_26_6_3_1 finished.
2026/Jun/25 05:48:33.951582 EXECUTOR - Initializing module TC_26_6_3_4.
2026/Jun/25 05:48:33.951588 EXECUTOR - Initialization of module TC_26_6_3_4 finished.
2026/Jun/25 05:48:33.951590 EXECUTOR - Initializing module TC_26_6_4_1.
2026/Jun/25 05:48:33.951595 EXECUTOR - Initialization of module TC_26_6_4_1 finished.
2026/Jun/25 05:48:33.951597 EXECUTOR - Initializing module TC_26_6_4_2_2.
2026/Jun/25 05:48:33.951603 EXECUTOR - Initialization of module TC_26_6_4_2_2 finished.
2026/Jun/25 05:48:33.951605 EXECUTOR - Initializing module TC_26_6_5_1.
2026/Jun/25 05:48:33.951611 EXECUTOR - Initialization of module TC_26_6_5_1 finished.
2026/Jun/25 05:48:33.951613 EXECUTOR - Initializing module TC_26_6_5_2_1.
2026/Jun/25 05:48:33.951618 EXECUTOR - Initialization of module TC_26_6_5_2_1 finished.
2026/Jun/25 05:48:33.951620 EXECUTOR - Initializing module TC_26_6_8_1.
2026/Jun/25 05:48:33.951625 EXECUTOR - Initialization of module TC_26_6_8_1 finished.
2026/Jun/25 05:48:33.951628 EXECUTOR - Initializing module TC_26_6_8_2.
2026/Jun/25 05:48:33.951633 EXECUTOR - Initialization of module TC_26_6_8_2 finished.
2026/Jun/25 05:48:33.951635 EXECUTOR - Initializing module TC_26_6_8_3.
2026/Jun/25 05:48:33.951640 EXECUTOR - Initialization of module TC_26_6_8_3 finished.
2026/Jun/25 05:48:33.951642 EXECUTOR - Initializing module TC_26_6_8_4.
2026/Jun/25 05:48:33.951648 EXECUTOR - Initialization of module TC_26_6_8_4 finished.
2026/Jun/25 05:48:33.951650 EXECUTOR - Initializing module TC_26_6_8_5.
2026/Jun/25 05:48:33.951656 EXECUTOR - Initialization of module TC_26_6_8_5 finished.
2026/Jun/25 05:48:33.951658 EXECUTOR - Initializing module TC_26_7_1.
2026/Jun/25 05:48:33.951665 EXECUTOR - Initialization of module TC_26_7_1 finished.
2026/Jun/25 05:48:33.951667 EXECUTOR - Initializing module TC_26_7_2_1.
2026/Jun/25 05:48:33.951672 EXECUTOR - Initialization of module TC_26_7_2_1 finished.
2026/Jun/25 05:48:33.951674 EXECUTOR - Initializing module TC_26_7_2_2.
2026/Jun/25 05:48:33.951680 EXECUTOR - Initialization of module TC_26_7_2_2 finished.
2026/Jun/25 05:48:33.951682 EXECUTOR - Initializing module TC_26_7_3_1.
2026/Jun/25 05:48:33.951688 EXECUTOR - Initialization of module TC_26_7_3_1 finished.
2026/Jun/25 05:48:33.951690 EXECUTOR - Initializing module TC_26_7_3_2.
2026/Jun/25 05:48:33.951695 EXECUTOR - Initialization of module TC_26_7_3_2 finished.
2026/Jun/25 05:48:33.951697 EXECUTOR - Initializing module TC_26_7_4_1.
2026/Jun/25 05:48:33.951703 EXECUTOR - Initialization of module TC_26_7_4_1 finished.
2026/Jun/25 05:48:33.951705 EXECUTOR - Initializing module TC_26_7_4_2_1.
2026/Jun/25 05:48:33.951710 EXECUTOR - Initialization of module TC_26_7_4_2_1 finished.
2026/Jun/25 05:48:33.951712 EXECUTOR - Initializing module TC_26_7_4_2_2_1.
2026/Jun/25 05:48:33.951718 EXECUTOR - Initialization of module TC_26_7_4_2_2_1 finished.
2026/Jun/25 05:48:33.951720 EXECUTOR - Initializing module TC_26_7_4_2_2_2.
2026/Jun/25 05:48:33.951726 EXECUTOR - Initialization of module TC_26_7_4_2_2_2 finished.
2026/Jun/25 05:48:33.951728 EXECUTOR - Initializing module TC_26_7_4_2_3.
2026/Jun/25 05:48:33.951734 EXECUTOR - Initialization of module TC_26_7_4_2_3 finished.
2026/Jun/25 05:48:33.951736 EXECUTOR - Initializing module TC_26_7_4_2_4_1.
2026/Jun/25 05:48:33.951741 EXECUTOR - Initialization of module TC_26_7_4_2_4_1 finished.
2026/Jun/25 05:48:33.951744 EXECUTOR - Initializing module TC_26_7_4_2_4_2.
2026/Jun/25 05:48:33.951749 EXECUTOR - Initialization of module TC_26_7_4_2_4_2 finished.
2026/Jun/25 05:48:33.951752 EXECUTOR - Initializing module TC_26_7_4_2_4_3.
2026/Jun/25 05:48:33.951757 EXECUTOR - Initialization of module TC_26_7_4_2_4_3 finished.
2026/Jun/25 05:48:33.951759 EXECUTOR - Initializing module TC_26_7_4_2_4_4.
2026/Jun/25 05:48:33.951768 EXECUTOR - Initialization of module TC_26_7_4_2_4_4 finished.
2026/Jun/25 05:48:33.951771 EXECUTOR - Initializing module TC_26_7_4_2_4_5.
2026/Jun/25 05:48:33.951776 EXECUTOR - Initialization of module TC_26_7_4_2_4_5 finished.
2026/Jun/25 05:48:33.951778 EXECUTOR - Initializing module TC_26_7_4_3_1.
2026/Jun/25 05:48:33.951783 EXECUTOR - Initialization of module TC_26_7_4_3_1 finished.
2026/Jun/25 05:48:33.951786 EXECUTOR - Initializing module TC_26_7_4_3_2.
2026/Jun/25 05:48:33.951791 EXECUTOR - Initialization of module TC_26_7_4_3_2 finished.
2026/Jun/25 05:48:33.951793 EXECUTOR - Initializing module TC_26_7_4_3_3.
2026/Jun/25 05:48:33.951799 EXECUTOR - Initialization of module TC_26_7_4_3_3 finished.
2026/Jun/25 05:48:33.951801 EXECUTOR - Initializing module TC_26_7_4_3_4.
2026/Jun/25 05:48:33.951807 EXECUTOR - Initialization of module TC_26_7_4_3_4 finished.
2026/Jun/25 05:48:33.951809 EXECUTOR - Initializing module TC_26_7_4_4.
2026/Jun/25 05:48:33.951814 EXECUTOR - Initialization of module TC_26_7_4_4 finished.
2026/Jun/25 05:48:33.951816 EXECUTOR - Initializing module TC_26_7_4_5_1.
2026/Jun/25 05:48:33.951837 EXECUTOR - Initialization of module TC_26_7_4_5_1 finished.
2026/Jun/25 05:48:33.951842 EXECUTOR - Initializing module TC_26_7_4_5_2.
2026/Jun/25 05:48:33.951848 EXECUTOR - Initialization of module TC_26_7_4_5_2 finished.
2026/Jun/25 05:48:33.951850 EXECUTOR - Initializing module TC_26_7_4_5_3.
2026/Jun/25 05:48:33.951856 EXECUTOR - Initialization of module TC_26_7_4_5_3 finished.
2026/Jun/25 05:48:33.951859 EXECUTOR - Initializing module TC_26_7_4_5_4_2.
2026/Jun/25 05:48:33.951864 EXECUTOR - Initialization of module TC_26_7_4_5_4_2 finished.
2026/Jun/25 05:48:33.951867 EXECUTOR - Initializing module TC_26_7_5_2.
2026/Jun/25 05:48:33.951873 EXECUTOR - Initialization of module TC_26_7_5_2 finished.
2026/Jun/25 05:48:33.951875 EXECUTOR - Initializing module TC_26_7_5_3.
2026/Jun/25 05:48:33.951881 EXECUTOR - Initialization of module TC_26_7_5_3 finished.
2026/Jun/25 05:48:33.951883 EXECUTOR - Initializing module TC_26_7_5_4.
2026/Jun/25 05:48:33.951889 EXECUTOR - Initialization of module TC_26_7_5_4 finished.
2026/Jun/25 05:48:33.951909 EXECUTOR - Initializing module TC_26_7_5_5.
2026/Jun/25 05:48:33.951915 EXECUTOR - Initialization of module TC_26_7_5_5 finished.
2026/Jun/25 05:48:33.951917 EXECUTOR - Initializing module TC_26_7_5_6.
2026/Jun/25 05:48:33.951922 EXECUTOR - Initialization of module TC_26_7_5_6 finished.
2026/Jun/25 05:48:33.951925 EXECUTOR - Initializing module TC_26_7_5_7_1.
2026/Jun/25 05:48:33.951930 EXECUTOR - Initialization of module TC_26_7_5_7_1 finished.
2026/Jun/25 05:48:33.951932 EXECUTOR - Initializing module TC_26_7_5_8_1.
2026/Jun/25 05:48:33.951939 EXECUTOR - Initialization of module TC_26_7_5_8_1 finished.
2026/Jun/25 05:48:33.951941 EXECUTOR - Initializing module TC_26_7_5_8_2.
2026/Jun/25 05:48:33.951946 EXECUTOR - Initialization of module TC_26_7_5_8_2 finished.
2026/Jun/25 05:48:33.951957 EXECUTOR - Initializing module TC_26_7_5_8_3.
2026/Jun/25 05:48:33.951962 EXECUTOR - Initialization of module TC_26_7_5_8_3 finished.
2026/Jun/25 05:48:33.951964 EXECUTOR - Initializing module TC_26_8_1_2_1_1.
2026/Jun/25 05:48:33.951970 EXECUTOR - Initialization of module TC_26_8_1_2_1_1 finished.
2026/Jun/25 05:48:33.951972 EXECUTOR - Initializing module TC_26_8_1_2_2_1.
2026/Jun/25 05:48:33.951978 EXECUTOR - Initialization of module TC_26_8_1_2_2_1 finished.
2026/Jun/25 05:48:33.951980 EXECUTOR - Initializing module TC_26_8_1_2_2_2.
2026/Jun/25 05:48:33.951986 EXECUTOR - Initialization of module TC_26_8_1_2_2_2 finished.
2026/Jun/25 05:48:33.951988 EXECUTOR - Initializing module TC_26_8_1_2_2_3.
2026/Jun/25 05:48:33.951994 EXECUTOR - Initialization of module TC_26_8_1_2_2_3 finished.
2026/Jun/25 05:48:33.951996 EXECUTOR - Initializing module TC_26_8_1_2_3_1.
2026/Jun/25 05:48:33.952002 EXECUTOR - Initialization of module TC_26_8_1_2_3_1 finished.
2026/Jun/25 05:48:33.952005 EXECUTOR - Initializing module TC_26_8_1_2_3_2.
2026/Jun/25 05:48:33.952010 EXECUTOR - Initialization of module TC_26_8_1_2_3_2 finished.
2026/Jun/25 05:48:33.952016 EXECUTOR - Initializing module TC_26_8_1_2_3_3.
2026/Jun/25 05:48:33.952022 EXECUTOR - Initialization of module TC_26_8_1_2_3_3 finished.
2026/Jun/25 05:48:33.952024 EXECUTOR - Initializing module TC_26_8_1_2_3_4.
2026/Jun/25 05:48:33.952030 EXECUTOR - Initialization of module TC_26_8_1_2_3_4 finished.
2026/Jun/25 05:48:33.952032 EXECUTOR - Initializing module TC_26_8_1_2_3_5.
2026/Jun/25 05:48:33.952038 EXECUTOR - Initialization of module TC_26_8_1_2_3_5 finished.
2026/Jun/25 05:48:33.952040 EXECUTOR - Initializing module TC_26_8_1_2_3_6.
2026/Jun/25 05:48:33.952046 EXECUTOR - Initialization of module TC_26_8_1_2_3_6 finished.
2026/Jun/25 05:48:33.952049 EXECUTOR - Initializing module TC_26_8_1_2_3_7.
2026/Jun/25 05:48:33.952054 EXECUTOR - Initialization of module TC_26_8_1_2_3_7 finished.
2026/Jun/25 05:48:33.952057 EXECUTOR - Initializing module TC_26_8_1_2_4_1.
2026/Jun/25 05:48:33.952062 EXECUTOR - Initialization of module TC_26_8_1_2_4_1 finished.
2026/Jun/25 05:48:33.952065 EXECUTOR - Initializing module TC_26_8_1_2_4_13.
2026/Jun/25 05:48:33.952070 EXECUTOR - Initialization of module TC_26_8_1_2_4_13 finished.
2026/Jun/25 05:48:33.952073 EXECUTOR - Initializing module TC_26_8_1_2_4_2.
2026/Jun/25 05:48:33.952078 EXECUTOR - Initialization of module TC_26_8_1_2_4_2 finished.
2026/Jun/25 05:48:33.952081 EXECUTOR - Initializing module TC_26_8_1_2_4_3.
2026/Jun/25 05:48:33.952087 EXECUTOR - Initialization of module TC_26_8_1_2_4_3 finished.
2026/Jun/25 05:48:33.952089 EXECUTOR - Initializing module TC_26_8_1_2_4_4.
2026/Jun/25 05:48:33.952095 EXECUTOR - Initialization of module TC_26_8_1_2_4_4 finished.
2026/Jun/25 05:48:33.952097 EXECUTOR - Initializing module TC_26_8_1_2_4_5.
2026/Jun/25 05:48:33.952103 EXECUTOR - Initialization of module TC_26_8_1_2_4_5 finished.
2026/Jun/25 05:48:33.952106 EXECUTOR - Initializing module TC_26_8_1_2_6_1.
2026/Jun/25 05:48:33.952111 EXECUTOR - Initialization of module TC_26_8_1_2_6_1 finished.
2026/Jun/25 05:48:33.952114 EXECUTOR - Initializing module TC_26_8_1_2_6_2.
2026/Jun/25 05:48:33.952119 EXECUTOR - Initialization of module TC_26_8_1_2_6_2 finished.
2026/Jun/25 05:48:33.952121 EXECUTOR - Initializing module TC_26_8_1_2_6_3.
2026/Jun/25 05:48:33.952127 EXECUTOR - Initialization of module TC_26_8_1_2_6_3 finished.
2026/Jun/25 05:48:33.952129 EXECUTOR - Initializing module TC_26_8_1_2_6_6.
2026/Jun/25 05:48:33.952135 EXECUTOR - Initialization of module TC_26_8_1_2_6_6 finished.
2026/Jun/25 05:48:33.952137 EXECUTOR - Initializing module TC_26_8_1_3_1_1.
2026/Jun/25 05:48:33.952142 EXECUTOR - Initialization of module TC_26_8_1_3_1_1 finished.
2026/Jun/25 05:48:33.952144 EXECUTOR - Initializing module TC_26_8_1_3_2_1.
2026/Jun/25 05:48:33.952150 EXECUTOR - Initialization of module TC_26_8_1_3_2_1 finished.
2026/Jun/25 05:48:33.952152 EXECUTOR - Initializing module TC_26_8_1_3_3_1.
2026/Jun/25 05:48:33.952157 EXECUTOR - Initialization of module TC_26_8_1_3_3_1 finished.
2026/Jun/25 05:48:33.952160 EXECUTOR - Initializing module TC_26_8_1_3_3_2.
2026/Jun/25 05:48:33.952165 EXECUTOR - Initialization of module TC_26_8_1_3_3_2 finished.
2026/Jun/25 05:48:33.952167 EXECUTOR - Initializing module TC_26_8_1_3_3_3.
2026/Jun/25 05:48:33.952173 EXECUTOR - Initialization of module TC_26_8_1_3_3_3 finished.
2026/Jun/25 05:48:33.952175 EXECUTOR - Initializing module TC_26_8_1_3_3_4.
2026/Jun/25 05:48:33.952180 EXECUTOR - Initialization of module TC_26_8_1_3_3_4 finished.
2026/Jun/25 05:48:33.952182 EXECUTOR - Initializing module TC_26_8_1_3_3_5.
2026/Jun/25 05:48:33.952187 EXECUTOR - Initialization of module TC_26_8_1_3_3_5 finished.
2026/Jun/25 05:48:33.952190 EXECUTOR - Initializing module TC_26_8_1_3_3_6.
2026/Jun/25 05:48:33.952195 EXECUTOR - Initialization of module TC_26_8_1_3_3_6 finished.
2026/Jun/25 05:48:33.952197 EXECUTOR - Initializing module TC_26_8_1_3_3_7.
2026/Jun/25 05:48:33.952202 EXECUTOR - Initialization of module TC_26_8_1_3_3_7 finished.
2026/Jun/25 05:48:33.952204 EXECUTOR - Initializing module TC_26_8_1_3_4_1.
2026/Jun/25 05:48:33.952212 EXECUTOR - Initialization of module TC_26_8_1_3_4_1 finished.
2026/Jun/25 05:48:33.952214 EXECUTOR - Initializing module TC_26_8_1_3_4_2.
2026/Jun/25 05:48:33.952220 EXECUTOR - Initialization of module TC_26_8_1_3_4_2 finished.
2026/Jun/25 05:48:33.952222 EXECUTOR - Initializing module TC_26_8_1_3_4_3.
2026/Jun/25 05:48:33.952228 EXECUTOR - Initialization of module TC_26_8_1_3_4_3 finished.
2026/Jun/25 05:48:33.952230 EXECUTOR - Initializing module TC_26_8_1_3_4_4.
2026/Jun/25 05:48:33.952236 EXECUTOR - Initialization of module TC_26_8_1_3_4_4 finished.
2026/Jun/25 05:48:33.952239 EXECUTOR - Initializing module TC_26_8_1_3_4_5.
2026/Jun/25 05:48:33.952245 EXECUTOR - Initialization of module TC_26_8_1_3_4_5 finished.
2026/Jun/25 05:48:33.952247 EXECUTOR - Initializing module TC_26_8_1_3_4_6.
2026/Jun/25 05:48:33.952252 EXECUTOR - Initialization of module TC_26_8_1_3_4_6 finished.
2026/Jun/25 05:48:33.952255 EXECUTOR - Initializing module TC_26_8_1_3_4_7.
2026/Jun/25 05:48:33.952261 EXECUTOR - Initialization of module TC_26_8_1_3_4_7 finished.
2026/Jun/25 05:48:33.952263 EXECUTOR - Initializing module TC_26_8_1_3_4_8.
2026/Jun/25 05:48:33.952269 EXECUTOR - Initialization of module TC_26_8_1_3_4_8 finished.
2026/Jun/25 05:48:33.952271 EXECUTOR - Initializing module TC_26_8_1_3_5_1.
2026/Jun/25 05:48:33.952276 EXECUTOR - Initialization of module TC_26_8_1_3_5_1 finished.
2026/Jun/25 05:48:33.952279 EXECUTOR - Initializing module TC_26_8_1_3_5_2.
2026/Jun/25 05:48:33.952284 EXECUTOR - Initialization of module TC_26_8_1_3_5_2 finished.
2026/Jun/25 05:48:33.952287 EXECUTOR - Initializing module TC_26_8_1_3_5_3.
2026/Jun/25 05:48:33.952292 EXECUTOR - Initialization of module TC_26_8_1_3_5_3 finished.
2026/Jun/25 05:48:33.952295 EXECUTOR - Initializing module TC_26_8_1_3_5_4.
2026/Jun/25 05:48:33.952300 EXECUTOR - Initialization of module TC_26_8_1_3_5_4 finished.
2026/Jun/25 05:48:33.952303 EXECUTOR - Initializing module TC_26_8_1_3_5_5.
2026/Jun/25 05:48:33.952308 EXECUTOR - Initialization of module TC_26_8_1_3_5_5 finished.
2026/Jun/25 05:48:33.952310 EXECUTOR - Initializing module TC_26_8_1_3_5_6.
2026/Jun/25 05:48:33.952316 EXECUTOR - Initialization of module TC_26_8_1_3_5_6 finished.
2026/Jun/25 05:48:33.952318 EXECUTOR - Initializing module TC_26_8_1_3_5_7.
2026/Jun/25 05:48:33.952324 EXECUTOR - Initialization of module TC_26_8_1_3_5_7 finished.
2026/Jun/25 05:48:33.952326 EXECUTOR - Initializing module TC_26_8_1_3_5_8.
2026/Jun/25 05:48:33.952331 EXECUTOR - Initialization of module TC_26_8_1_3_5_8 finished.
2026/Jun/25 05:48:33.952334 EXECUTOR - Initializing module TC_26_8_1_3_5_9.
2026/Jun/25 05:48:33.952339 EXECUTOR - Initialization of module TC_26_8_1_3_5_9 finished.
2026/Jun/25 05:48:33.952341 EXECUTOR - Initializing module TC_26_8_2_1.
2026/Jun/25 05:48:33.952346 EXECUTOR - Initialization of module TC_26_8_2_1 finished.
2026/Jun/25 05:48:33.952349 EXECUTOR - Initializing module TC_26_8_2_2.
2026/Jun/25 05:48:33.952354 EXECUTOR - Initialization of module TC_26_8_2_2 finished.
2026/Jun/25 05:48:33.952356 EXECUTOR - Initializing module TC_26_8_2_3.
2026/Jun/25 05:48:33.952361 EXECUTOR - Initialization of module TC_26_8_2_3 finished.
2026/Jun/25 05:48:33.952364 EXECUTOR - Initializing module TC_26_8_3.
2026/Jun/25 05:48:33.952369 EXECUTOR - Initialization of module TC_26_8_3 finished.
2026/Jun/25 05:48:33.952371 EXECUTOR - Initializing module TC_34_2_2.
2026/Jun/25 05:48:33.952376 EXECUTOR - Initialization of module TC_34_2_2 finished.
2026/Jun/25 05:48:33.952379 EXECUTOR - Initializing module TitanLoggerApi.
2026/Jun/25 05:48:33.952381 EXECUTOR - Initialization of module TitanLoggerApi finished.
2026/Jun/25 05:48:33.952383 EXECUTOR - Initializing module TitanLoggerControl.
2026/Jun/25 05:48:33.952386 EXECUTOR - Initialization of module TitanLoggerControl finished.
2026/Jun/25 05:48:33.952399 EXECUTOR - Configuration data was processed successfully.
2026/Jun/25 05:48:33.954316 EXECUTOR - MTC was created. Process id: 35.
2026/Jun/25 05:55:10.496522 EXECUTOR - Exit was requested from MC. Terminating HC.
2026/Jun/25 05:55:10.496751 EXECUTOR - Disconnected from MC.
2026/Jun/25 05:55:10.496794 EXECUTOR - TTCN-3 Host Controller finished.
