[run-one] Namespace : gsm-3
[run-one] Tests     : TC_26_6_2_1_1
[run-one] Results   : results/week05/run20260626-102105-N8/ns-3/TC_26_6_2_1_1
[run-one] INFO  Images already in local registry.
[run-one] INFO  Installing Helm release gsm-3 from /work/gouri.naik/sampige-scaling-intern-2026/refs/osmocom-demo/k8s/chart ...
Release "gsm-3" does not exist. Installing it now.
NAME: gsm-3
LAST DEPLOYED: Fri Jun 26 15:51:06 2026
NAMESPACE: gsm-3
STATUS: deployed
REVISION: 1
TEST SUITE: None
[run-one] INFO  Waiting up to 240s for Deployments to be Ready...
  Not ready: msc-test-stub//1
osmo-bsc//1
osmo-bts-virtual//1
osmo-hlr//1
osmo-mgw//1
osmo-mobile//1
osmo-stp//1
virtphy//1
  Not ready: msc-test-stub//1
osmo-bsc//1
osmo-bts-virtual//1
osmo-hlr//1
osmo-mgw//1
osmo-mobile//1
osmo-stp//1
virtphy//1
  Not ready: msc-test-stub//1
osmo-bsc//1
osmo-bts-virtual//1
osmo-hlr//1
osmo-mgw//1
osmo-mobile//1
virtphy//1
  Not ready: msc-test-stub//1
osmo-mobile//1
  Not ready: msc-test-stub//1
osmo-mobile//1
  Not ready: osmo-mobile//1
  Not ready: osmo-mobile//1
[run-one] INFO  All Deployments ready.
[run-one] INFO  Waiting up to 300s for MS to camp on cell (MM_EVENT_CELL_SELECTED)...
[run-one] INFO  MS camped on cell.
[run-one] INFO  Waiting up to 60s for osmo-mobile VTY (port 4247)...
[run-one] INFO  osmo-mobile VTY ready.
[run-one] INFO  Waiting up to 120s for boot LU (BSC_SLR=0x000001) to clear...
[run-one] INFO  Boot LU CLEAR REQUEST seen — draining msc-stub event buffer...
msc-stub buffer drained
[run-one] INFO  MSC stub buffer drained — namespace ready for test.
[run-one] INFO  Running TC_26_6_2_1_1 as Job ttcn3-tc-26-6-2-1-1-1...
[run-one] PASS  TC_26_6_2_1_1: PASS
=====================================================
 TTCN-3 k8s Run Summary
 Namespace : gsm-3
 Timestamp : 20260626-102106
=====================================================
  TC_26_6_2_1_1                            PASS
-----------------------------------------------------
  PASS: 1   FAIL: 0   INCONCLUSIVE: 0
=====================================================
[run-one] INFO  Done. Results: results/week05/run20260626-102105-N8/ns-3/TC_26_6_2_1_1
[run-one] INFO  Teardown: uninstalling Helm release gsm-3...
release "gsm-3" uninstalled
[run-one] INFO  Teardown: deleting namespace gsm-3...
namespace "gsm-3" deleted
{
  "namespaces": [
    {
      "namespace": "gsm-3",
      "bringup_s": 67.986,
      "testing_s": 193.077,
      "teardown_s": 87.954,
      "total_s": 349.018,
      "verdicts": [
        {
          "tc_name": "TC_26_6_2_1_1",
          "verdict": "PASS"
        }
      ],
      "pass": 1,
      "fail": 0,
      "inconclusive": 0
    }
  ],
  "T_suite_s": 349.018,
  "N": 1,
  "pass": 1,
  "fail": 0,
  "inconclusive": 0,
  "test_durations": [
    {
      "namespace": "gsm-3",
      "tc_name": "TC_26_6_2_1_1",
      "duration_s": 193.063,
      "verdict": "PASS"
    }
  ],
  "pods": {
    "total_restarts": 0,
    "oom_kills": 0
  },
  "S": null,
  "E": null
}
[run-one] Namespace : gsm-11
[run-one] Tests     : TC_26_6_5_2_1
[run-one] Results   : results/week05/run20260626-102105-N8/ns-3/TC_26_6_5_2_1
[run-one] INFO  Images already in local registry.
[run-one] INFO  Installing Helm release gsm-11 from /work/gouri.naik/sampige-scaling-intern-2026/refs/osmocom-demo/k8s/chart ...
Release "gsm-11" does not exist. Installing it now.
NAME: gsm-11
LAST DEPLOYED: Fri Jun 26 15:56:56 2026
NAMESPACE: gsm-11
STATUS: deployed
REVISION: 1
TEST SUITE: None
[run-one] INFO  Waiting up to 240s for Deployments to be Ready...
  Not ready: msc-test-stub//1
osmo-bsc//1
osmo-bts-virtual//1
osmo-hlr//1
osmo-mgw//1
osmo-mobile//1
osmo-stp//1
virtphy//1
  Not ready: msc-test-stub//1
osmo-bsc//1
osmo-bts-virtual//1
osmo-hlr//1
osmo-mgw//1
osmo-mobile//1
osmo-stp//1
virtphy//1
  Not ready: msc-test-stub//1
osmo-bsc//1
osmo-hlr//1
osmo-mobile//1
osmo-stp//1
virtphy//1
  Not ready: msc-test-stub//1
osmo-mobile//1
  Not ready: msc-test-stub//1
osmo-mobile//1
  Not ready: osmo-mobile//1
  Not ready: osmo-mobile//1
[run-one] INFO  All Deployments ready.
[run-one] INFO  Waiting up to 300s for MS to camp on cell (MM_EVENT_CELL_SELECTED)...
[run-one] INFO  MS camped on cell.
[run-one] INFO  Waiting up to 60s for osmo-mobile VTY (port 4247)...
[run-one] INFO  osmo-mobile VTY ready.
[run-one] INFO  Waiting up to 120s for boot LU (BSC_SLR=0x000001) to clear...
[run-one] INFO  Boot LU CLEAR REQUEST seen — draining msc-stub event buffer...
msc-stub buffer drained
[run-one] INFO  MSC stub buffer drained — namespace ready for test.
[run-one] INFO  Running TC_26_6_5_2_1 as Job ttcn3-tc-26-6-5-2-1-1...
[run-one] FAIL  TC_26_6_5_2_1: INCONCLUSIVE
=====================================================
 TTCN-3 k8s Run Summary
 Namespace : gsm-11
 Timestamp : 20260626-102655
=====================================================
  TC_26_6_5_2_1                            INCONCLUSIVE
-----------------------------------------------------
  PASS: 0   FAIL: 0   INCONCLUSIVE: 1
=====================================================
[run-one] INFO  Done. Results: results/week05/run20260626-102105-N8/ns-3/TC_26_6_5_2_1
[run-one] INFO  Teardown: uninstalling Helm release gsm-11...
release "gsm-11" uninstalled
[run-one] INFO  Teardown: deleting namespace gsm-11...
namespace "gsm-11" deleted
{
  "namespaces": [
    {
      "namespace": "gsm-11",
      "bringup_s": 81.373,
      "testing_s": 32.013,
      "teardown_s": 85.442,
      "total_s": 198.829,
      "verdicts": [
        {
          "tc_name": "TC_26_6_5_2_1",
          "verdict": "INCONCLUSIVE"
        }
      ],
      "pass": 0,
      "fail": 0,
      "inconclusive": 1
    }
  ],
  "T_suite_s": 198.829,
  "N": 1,
  "pass": 0,
  "fail": 0,
  "inconclusive": 1,
  "test_durations": [
    {
      "namespace": "gsm-11",
      "tc_name": "TC_26_6_5_2_1",
      "duration_s": 32.001,
      "verdict": "INCONCLUSIVE"
    }
  ],
  "pods": {
    "total_restarts": 0,
    "oom_kills": 0
  },
  "S": null,
  "E": null
}
[run-one] Namespace : gsm-19
[run-one] Tests     : TC_26_6_5_3_2
[run-one] Results   : results/week05/run20260626-102105-N8/ns-3/TC_26_6_5_3_2
[run-one] INFO  Images already in local registry.
[run-one] INFO  Installing Helm release gsm-19 from /work/gouri.naik/sampige-scaling-intern-2026/refs/osmocom-demo/k8s/chart ...
Release "gsm-19" does not exist. Installing it now.
NAME: gsm-19
LAST DEPLOYED: Fri Jun 26 16:00:14 2026
NAMESPACE: gsm-19
STATUS: deployed
REVISION: 1
TEST SUITE: None
[run-one] INFO  Waiting up to 240s for Deployments to be Ready...
  Not ready: msc-test-stub//1
osmo-bsc//1
osmo-bts-virtual//1
osmo-hlr//1
osmo-mgw//1
osmo-mobile//1
osmo-stp//1
virtphy//1
  Not ready: msc-test-stub//1
osmo-bsc//1
osmo-bts-virtual//1
osmo-hlr//1
osmo-mgw//1
osmo-mobile//1
osmo-stp//1
virtphy//1
  Not ready: msc-test-stub//1
osmo-bsc//1
osmo-bts-virtual//1
osmo-hlr//1
osmo-mobile//1
osmo-stp//1
virtphy//1
  Not ready: msc-test-stub//1
osmo-bsc//1
osmo-bts-virtual//1
osmo-hlr//1
osmo-mobile//1
osmo-stp//1
  Not ready: msc-test-stub//1
osmo-bsc//1
osmo-mobile//1
  Not ready: msc-test-stub//1
osmo-mobile//1
  Not ready: osmo-mobile//1
  Not ready: osmo-mobile//1
[run-one] INFO  All Deployments ready.
[run-one] INFO  Waiting up to 300s for MS to camp on cell (MM_EVENT_CELL_SELECTED)...
[run-one] INFO  MS camped on cell.
[run-one] INFO  Waiting up to 60s for osmo-mobile VTY (port 4247)...
[run-one] INFO  osmo-mobile VTY ready.
[run-one] INFO  Waiting up to 120s for boot LU (BSC_SLR=0x000001) to clear...
[run-one] INFO  Boot LU CLEAR REQUEST seen — draining msc-stub event buffer...
msc-stub buffer drained
[run-one] INFO  MSC stub buffer drained — namespace ready for test.
[run-one] INFO  Running TC_26_6_5_3_2 as Job ttcn3-tc-26-6-5-3-2-1...
[run-one] FAIL  TC_26_6_5_3_2: no TITAN report dir found under /work/gouri.naik/sampige-scaling-intern-2026/refs/osmocom-demo/ttcn3/logs/gsm-19/
[run-one] FAIL  TC_26_6_5_3_2: INCONCLUSIVE
=====================================================
 TTCN-3 k8s Run Summary
 Namespace : gsm-19
 Timestamp : 20260626-103014
=====================================================
  TC_26_6_5_3_2                            INCONCLUSIVE
-----------------------------------------------------
  PASS: 0   FAIL: 0   INCONCLUSIVE: 1
=====================================================
[run-one] INFO  Done. Results: results/week05/run20260626-102105-N8/ns-3/TC_26_6_5_3_2
[run-one] INFO  Teardown: uninstalling Helm release gsm-19...
release "gsm-19" uninstalled
[run-one] INFO  Teardown: deleting namespace gsm-19...
namespace "gsm-19" deleted
{
  "namespaces": [
    {
      "namespace": "gsm-19",
      "bringup_s": 94.531,
      "testing_s": 31.605,
      "teardown_s": 105.741,
      "total_s": 231.883,
      "verdicts": [
        {
          "tc_name": "TC_26_6_5_3_2",
          "verdict": "INCONCLUSIVE"
        }
      ],
      "pass": 0,
      "fail": 0,
      "inconclusive": 1
    }
  ],
  "T_suite_s": 231.883,
  "N": 1,
  "pass": 0,
  "fail": 0,
  "inconclusive": 1,
  "test_durations": [
    {
      "namespace": "gsm-19",
      "tc_name": "TC_26_6_5_3_2",
      "duration_s": 31.588,
      "verdict": "INCONCLUSIVE"
    }
  ],
  "pods": {
    "total_restarts": 0,
    "oom_kills": 0
  },
  "S": null,
  "E": null
}
[run-one] Namespace : gsm-27
[run-one] Tests     : TC_26_6_13_4
[run-one] Results   : results/week05/run20260626-102105-N8/ns-3/TC_26_6_13_4
[run-one] INFO  Images already in local registry.
[run-one] INFO  Installing Helm release gsm-27 from /work/gouri.naik/sampige-scaling-intern-2026/refs/osmocom-demo/k8s/chart ...
Release "gsm-27" does not exist. Installing it now.
NAME: gsm-27
LAST DEPLOYED: Fri Jun 26 16:04:07 2026
NAMESPACE: gsm-27
STATUS: deployed
REVISION: 1
TEST SUITE: None
[run-one] INFO  Waiting up to 240s for Deployments to be Ready...
  Not ready: msc-test-stub//1
osmo-bsc//1
osmo-bts-virtual//1
osmo-hlr//1
osmo-mgw//1
osmo-mobile//1
osmo-stp//1
virtphy//1
  Not ready: msc-test-stub//1
osmo-bsc//1
osmo-bts-virtual//1
osmo-hlr//1
osmo-mgw//1
osmo-mobile//1
osmo-stp//1
virtphy//1
  Not ready: msc-test-stub//1
osmo-bsc//1
osmo-bts-virtual//1
osmo-hlr//1
osmo-mgw//1
osmo-mobile//1
osmo-stp//1
virtphy//1
  Not ready: msc-test-stub//1
osmo-bsc//1
osmo-bts-virtual//1
osmo-mgw//1
osmo-mobile//1
virtphy//1
  Not ready: msc-test-stub//1
osmo-mobile//1
  Not ready: osmo-mobile//1
  Not ready: osmo-mobile//1
  Not ready: osmo-mobile//1
[run-one] INFO  All Deployments ready.
[run-one] INFO  Waiting up to 300s for MS to camp on cell (MM_EVENT_CELL_SELECTED)...
[run-one] INFO  MS camped on cell.
[run-one] INFO  Waiting up to 60s for osmo-mobile VTY (port 4247)...
[run-one] INFO  osmo-mobile VTY ready.
[run-one] INFO  Waiting up to 120s for boot LU (BSC_SLR=0x000001) to clear...
[run-one] INFO  Boot LU CLEAR REQUEST seen — draining msc-stub event buffer...
msc-stub buffer drained
[run-one] INFO  MSC stub buffer drained — namespace ready for test.
[run-one] INFO  Running TC_26_6_13_4 as Job ttcn3-tc-26-6-13-4-1...
[run-one] FAIL  TC_26_6_13_4: no TITAN report dir found under /work/gouri.naik/sampige-scaling-intern-2026/refs/osmocom-demo/ttcn3/logs/gsm-27/
[run-one] FAIL  TC_26_6_13_4: INCONCLUSIVE
=====================================================
 TTCN-3 k8s Run Summary
 Namespace : gsm-27
 Timestamp : 20260626-103406
=====================================================
  TC_26_6_13_4                             INCONCLUSIVE
-----------------------------------------------------
  PASS: 0   FAIL: 0   INCONCLUSIVE: 1
=====================================================
[run-one] INFO  Done. Results: results/week05/run20260626-102105-N8/ns-3/TC_26_6_13_4
[run-one] INFO  Teardown: uninstalling Helm release gsm-27...
release "gsm-27" uninstalled
[run-one] INFO  Teardown: deleting namespace gsm-27...
namespace "gsm-27" deleted
{
  "namespaces": [
    {
      "namespace": "gsm-27",
      "bringup_s": 58.67,
      "testing_s": 10.685,
      "teardown_s": 62.389,
      "total_s": 131.746,
      "verdicts": [
        {
          "tc_name": "TC_26_6_13_4",
          "verdict": "INCONCLUSIVE"
        }
      ],
      "pass": 0,
      "fail": 0,
      "inconclusive": 1
    }
  ],
  "T_suite_s": 131.746,
  "N": 1,
  "pass": 0,
  "fail": 0,
  "inconclusive": 1,
  "test_durations": [
    {
      "namespace": "gsm-27",
      "tc_name": "TC_26_6_13_4",
      "duration_s": 10.68,
      "verdict": "INCONCLUSIVE"
    }
  ],
  "pods": {
    "total_restarts": 0,
    "oom_kills": 0
  },
  "S": null,
  "E": null
}
[run-one] Namespace : gsm-35
[run-one] Tests     : TC_26_7_4_2_3
[run-one] Results   : results/week05/run20260626-102105-N8/ns-3/TC_26_7_4_2_3
[run-one] INFO  Images already in local registry.
[run-one] INFO  Installing Helm release gsm-35 from /work/gouri.naik/sampige-scaling-intern-2026/refs/osmocom-demo/k8s/chart ...
Release "gsm-35" does not exist. Installing it now.
NAME: gsm-35
LAST DEPLOYED: Fri Jun 26 16:06:18 2026
NAMESPACE: gsm-35
STATUS: deployed
REVISION: 1
TEST SUITE: None
[run-one] INFO  Waiting up to 240s for Deployments to be Ready...
  Not ready: msc-test-stub//1
osmo-bsc//1
osmo-bts-virtual//1
osmo-hlr//1
osmo-mgw//1
osmo-mobile//1
osmo-stp//1
virtphy//1
  Not ready: msc-test-stub//1
osmo-bsc//1
osmo-bts-virtual//1
osmo-hlr//1
osmo-mgw//1
osmo-mobile//1
osmo-stp//1
virtphy//1
  Not ready: msc-test-stub//1
osmo-bsc//1
osmo-mobile//1
  Not ready: osmo-mobile//1
  Not ready: osmo-mobile//1
  Not ready: osmo-mobile//1
  Not ready: osmo-mobile//1
[run-one] INFO  All Deployments ready.
[run-one] INFO  Waiting up to 300s for MS to camp on cell (MM_EVENT_CELL_SELECTED)...
[run-one] INFO  MS camped on cell.
[run-one] INFO  Waiting up to 60s for osmo-mobile VTY (port 4247)...
[run-one] INFO  osmo-mobile VTY ready.
[run-one] INFO  Waiting up to 120s for boot LU (BSC_SLR=0x000001) to clear...
[run-one] INFO  Boot LU CLEAR REQUEST seen — draining msc-stub event buffer...
msc-stub buffer drained
[run-one] INFO  MSC stub buffer drained — namespace ready for test.
[run-one] INFO  Running TC_26_7_4_2_3 as Job ttcn3-tc-26-7-4-2-3-1...
[run-one] FAIL  TC_26_7_4_2_3: FAIL
=====================================================
 TTCN-3 k8s Run Summary
 Namespace : gsm-35
 Timestamp : 20260626-103618
=====================================================
  TC_26_7_4_2_3                            FAIL
-----------------------------------------------------
  PASS: 0   FAIL: 1   INCONCLUSIVE: 0
=====================================================
[run-one] INFO  Done. Results: results/week05/run20260626-102105-N8/ns-3/TC_26_7_4_2_3
[run-one] INFO  Teardown: uninstalling Helm release gsm-35...
release "gsm-35" uninstalled
[run-one] INFO  Teardown: deleting namespace gsm-35...
namespace "gsm-35" deleted
{
  "namespaces": [
    {
      "namespace": "gsm-35",
      "bringup_s": 42.628,
      "testing_s": 695.81,
      "teardown_s": 55.549,
      "total_s": 793.989,
      "verdicts": [
        {
          "tc_name": "TC_26_7_4_2_3",
          "verdict": "FAIL"
        }
      ],
      "pass": 0,
      "fail": 1,
      "inconclusive": 0
    }
  ],
  "T_suite_s": 793.989,
  "N": 1,
  "pass": 0,
  "fail": 1,
  "inconclusive": 0,
  "test_durations": [
    {
      "namespace": "gsm-35",
      "tc_name": "TC_26_7_4_2_3",
      "duration_s": 695.805,
      "verdict": "FAIL"
    }
  ],
  "pods": {
    "total_restarts": 1,
    "oom_kills": 0
  },
  "S": null,
  "E": null
}
[run-one] Namespace : gsm-43
[run-one] Tests     : TC_26_7_4_3_3
[run-one] Results   : results/week05/run20260626-102105-N8/ns-3/TC_26_7_4_3_3
[run-one] INFO  Images already in local registry.
[run-one] INFO  Installing Helm release gsm-43 from /work/gouri.naik/sampige-scaling-intern-2026/refs/osmocom-demo/k8s/chart ...
Release "gsm-43" does not exist. Installing it now.
NAME: gsm-43
LAST DEPLOYED: Fri Jun 26 16:19:32 2026
NAMESPACE: gsm-43
STATUS: deployed
REVISION: 1
TEST SUITE: None
[run-one] INFO  Waiting up to 240s for Deployments to be Ready...
  Not ready: msc-test-stub//1
osmo-bsc//1
osmo-bts-virtual//1
osmo-hlr//1
osmo-mgw//1
osmo-mobile//1
osmo-stp//1
virtphy//1
  Not ready: msc-test-stub//1
osmo-bsc//1
osmo-bts-virtual//1
osmo-hlr//1
osmo-mgw//1
osmo-mobile//1
osmo-stp//1
virtphy//1
  Not ready: msc-test-stub//1
osmo-mobile//1
  Not ready: msc-test-stub//1
osmo-mobile//1
  Not ready: osmo-mobile//1
  Not ready: osmo-mobile//1
  Not ready: osmo-mobile//1
[run-one] INFO  All Deployments ready.
[run-one] INFO  Waiting up to 300s for MS to camp on cell (MM_EVENT_CELL_SELECTED)...
[run-one] INFO  MS camped on cell.
[run-one] INFO  Waiting up to 60s for osmo-mobile VTY (port 4247)...
[run-one] INFO  osmo-mobile VTY ready.
[run-one] INFO  Waiting up to 120s for boot LU (BSC_SLR=0x000001) to clear...
[run-one] INFO  Boot LU CLEAR REQUEST seen — draining msc-stub event buffer...
msc-stub buffer drained
[run-one] INFO  MSC stub buffer drained — namespace ready for test.
[run-one] INFO  Running TC_26_7_4_3_3 as Job ttcn3-tc-26-7-4-3-3-1...
[run-one] FAIL  TC_26_7_4_3_3: FAIL
=====================================================
 TTCN-3 k8s Run Summary
 Namespace : gsm-43
 Timestamp : 20260626-104932
=====================================================
  TC_26_7_4_3_3                            FAIL
-----------------------------------------------------
  PASS: 0   FAIL: 1   INCONCLUSIVE: 0
=====================================================
[run-one] INFO  Done. Results: results/week05/run20260626-102105-N8/ns-3/TC_26_7_4_3_3
[run-one] INFO  Teardown: uninstalling Helm release gsm-43...
release "gsm-43" uninstalled
[run-one] INFO  Teardown: deleting namespace gsm-43...
namespace "gsm-43" deleted
{
  "namespaces": [
    {
      "namespace": "gsm-43",
      "bringup_s": 41.826,
      "testing_s": 1471.397,
      "teardown_s": 56.986,
      "total_s": 1570.211,
      "verdicts": [
        {
          "tc_name": "TC_26_7_4_3_3",
          "verdict": "FAIL"
        }
      ],
      "pass": 0,
      "fail": 1,
      "inconclusive": 0
    }
  ],
  "T_suite_s": 1570.211,
  "N": 1,
  "pass": 0,
  "fail": 1,
  "inconclusive": 0,
  "test_durations": [
    {
      "namespace": "gsm-43",
      "tc_name": "TC_26_7_4_3_3",
      "duration_s": 1471.392,
      "verdict": "FAIL"
    }
  ],
  "pods": {
    "total_restarts": 1,
    "oom_kills": 0
  },
  "S": null,
  "E": null
}
[run-one] Namespace : gsm-51
[run-one] Tests     : TC_26_7_5_7_1
[run-one] Results   : results/week05/run20260626-102105-N8/ns-3/TC_26_7_5_7_1
[run-one] INFO  Images already in local registry.
[run-one] INFO  Installing Helm release gsm-51 from /work/gouri.naik/sampige-scaling-intern-2026/refs/osmocom-demo/k8s/chart ...
Release "gsm-51" does not exist. Installing it now.
NAME: gsm-51
LAST DEPLOYED: Fri Jun 26 16:45:43 2026
NAMESPACE: gsm-51
STATUS: deployed
REVISION: 1
TEST SUITE: None
[run-one] INFO  Waiting up to 240s for Deployments to be Ready...
  Not ready: msc-test-stub//1
osmo-bsc//1
osmo-bts-virtual//1
osmo-hlr//1
osmo-mgw//1
osmo-mobile//1
osmo-stp//1
virtphy//1
  Not ready: msc-test-stub//1
osmo-bsc//1
osmo-bts-virtual//1
osmo-hlr//1
osmo-mgw//1
osmo-mobile//1
osmo-stp//1
  Not ready: msc-test-stub//1
osmo-mobile//1
  Not ready: osmo-mobile//1
  Not ready: osmo-mobile//1
  Not ready: osmo-mobile//1
  Not ready: osmo-mobile//1
[run-one] INFO  All Deployments ready.
[run-one] INFO  Waiting up to 300s for MS to camp on cell (MM_EVENT_CELL_SELECTED)...
[run-one] INFO  MS camped on cell.
[run-one] INFO  Waiting up to 60s for osmo-mobile VTY (port 4247)...
[run-one] INFO  osmo-mobile VTY ready.
[run-one] INFO  Waiting up to 120s for boot LU (BSC_SLR=0x000001) to clear...
[run-one] INFO  Boot LU CLEAR REQUEST seen — draining msc-stub event buffer...
msc-stub buffer drained
[run-one] INFO  MSC stub buffer drained — namespace ready for test.
[run-one] INFO  Running TC_26_7_5_7_1 as Job ttcn3-tc-26-7-5-7-1-1...
[run-one] PASS  TC_26_7_5_7_1: PASS
=====================================================
 TTCN-3 k8s Run Summary
 Namespace : gsm-51
 Timestamp : 20260626-111543
=====================================================
  TC_26_7_5_7_1                            PASS
-----------------------------------------------------
  PASS: 1   FAIL: 0   INCONCLUSIVE: 0
=====================================================
[run-one] INFO  Done. Results: results/week05/run20260626-102105-N8/ns-3/TC_26_7_5_7_1
[run-one] INFO  Teardown: uninstalling Helm release gsm-51...
release "gsm-51" uninstalled
[run-one] INFO  Teardown: deleting namespace gsm-51...
namespace "gsm-51" deleted
{
  "namespaces": [
    {
      "namespace": "gsm-51",
      "bringup_s": 39.232,
      "testing_s": 108.116,
      "teardown_s": 53.62,
      "total_s": 200.97,
      "verdicts": [
        {
          "tc_name": "TC_26_7_5_7_1",
          "verdict": "PASS"
        }
      ],
      "pass": 1,
      "fail": 0,
      "inconclusive": 0
    }
  ],
  "T_suite_s": 200.97,
  "N": 1,
  "pass": 1,
  "fail": 0,
  "inconclusive": 0,
  "test_durations": [
    {
      "namespace": "gsm-51",
      "tc_name": "TC_26_7_5_7_1",
      "duration_s": 108.109,
      "verdict": "PASS"
    }
  ],
  "pods": {
    "total_restarts": 0,
    "oom_kills": 0
  },
  "S": null,
  "E": null
}
