2026/Jun/16 09:03:10.030791 EXECUTOR - TTCN-3 Host Controller started on ttcn3-tc-26-6-8-2-1-4tbjt. Version: 11.1.0.
2026/Jun/16 09:03:10.031009 EXECUTOR - TTCN Logger v2.2 options: TimeStampFormat:=DateTime; LogEntityName:=No; LogEventTypes:=Yes; SourceInfoFormat:=Single; LogSensitiveData:=No; *.FileMask:=LOG_ALL | MATCHING | DEBUG; *.ConsoleMask:=LOG_ALL; LogFileSize:=0; LogFileNumber:=1; DiskFullAction:=Error
2026/Jun/16 09:03:10.031024 EXECUTOR - Maximum number of open file descriptors: 1048576,   FD_SETSIZE = 1024
2026/Jun/16 09:03:10.031188 WARNING - Warning: The address of MC was set to a local IP address. This may cause incorrect behavior if a HC from a remote host also connects to MC.
2026/Jun/16 09:03:10.031232 EXECUTOR - The address of MC was set to 127.0.0.1:0.
2026/Jun/16 09:03:10.031371 EXECUTOR - Connected to MC.
2026/Jun/16 09:03:10.031501 EXECUTOR - This host supports UNIX domain sockets for local communication.
2026/Jun/16 09:03:10.130716 EXECUTOR - Processing configuration data received from MC.
2026/Jun/16 09:03:10.230685 WARNING - Warning: Skeleton `/results/TC_26_6_8_2-2026-06-16-090301/%n.log' does not guarantee unique log file name for every test system process. It may cause unpredictable results if several test components try to write into the same log file.
2026/Jun/16 09:03:10.231090 EXECUTOR - Module GSM_Constants has the following parameters: { TSPC_Serv_TS11 := true, TSPC_Serv_TS61 := false, TSPC_Serv_TS62 := false, TSPC_Serv_BS21 := false, TSPC_Serv_BS22 := false, TSPC_Serv_BS24 := false, TSPC_Serv_BS25 := false, TSPC_Serv_BS26 := false, TSPC_Serv_BS31 := false, TSPC_Serv_BS32 := false, TSPC_Serv_BS33 := false, TSPC_Serv_BS34 := false, TSPC_Serv_BS41 := false, TSPC_Serv_BS42 := false, TSPC_Serv_BS43 := false, TSPC_Serv_BS44 := false, TSPC_Serv_BS45 := false, TSPC_Serv_BS51 := false, TSPC_Serv_BS61 := false, TSPC_Serv_BS81 := false, TSPC_DualRate := false, TSPC_MTsvc := true, TSPX_IMSI := '901700000000001F'O, TSPX_TMSI := '1914D97F'O, TSPX_CKSNDef := 0, TSPX_RANDDef := '00112233445566778899AABBCCDDEEFF'O, TSPX_SRES := '12345678'O, TSPX_Kc := '0000000000000000'O, TSPX_SDCCH4SubDef := 0, TSPX_TmSltDef := 0, TSPX_TscDef := 7, TSPX_TCHHSubDef := 0, TCV_CC := true, TSPX_Telephony_Rate := C_Full (0), TSPX_MOBscSvcA := C_Telephony (0), TSPX_MOBscSvcB := C_Telephony (0), TSPX_MOBscSvcC := C_Telephony (0), TSPX_MOBscSvcD := C_Telephony (0), TSPX_MOBscSvcE := C_Telephony (0), TSPX_MOBscSvcF := C_Telephony (0), TSPX_MOBscSvcG := C_Telephony (0), TSPX_MOChRateA := C_Full (0), TSPX_MOChRateB := C_Full (0), TSPX_MOChRateC := C_Full (0), TSPX_MOChRateD := C_Full (0), TSPX_MOChRateE := C_Full (0), TSPX_MOChRateF := C_Full (0), TSPX_MOChRateG := C_Full (0), TSPX_MTBscSvcA := C_Telephony (0), TSPX_MTBscSvcB := C_Telephony (0), TSPX_MTBscSvcC := C_Telephony (0), TSPX_MTBscSvcD := C_Telephony (0), TSPX_MTBscSvcE := C_Telephony (0), TSPX_MTBscSvcF := C_Telephony (0), TSPX_MTBscSvcG := C_Telephony (0), TSPX_MTBscSvcH := C_Telephony (0), TSPX_MTBscSvcI := C_Telephony (0), TSPX_MTBscSvcJ := C_Telephony (0), TSPX_MTChRateA := C_Full (0), TSPX_MTChRateB := C_Full (0), TSPX_MTChRateC := C_Full (0), TSPX_MTChRateD := C_Full (0), TSPX_MTChRateE := C_Full (0), TSPX_MTChRateF := C_Full (0), TSPX_MTChRateG := C_Full (0), TSPX_MTChRateH := C_Full (0), TSPX_MTChRateI := C_Full (0), TSPX_MTChRateJ := C_Full (0), C_arfcnA := 100 }
2026/Jun/16 09:03:10.231204 EXECUTOR - Module TC_26_6_1_2 has the following parameters: { TSPX_nPara := 3, TSPX_i1Para := 3, TSPX_kPara := 5, TSPX_i2Para := 1, TSPX_rPara := 4, TSPX_i3Para := 4 }
2026/Jun/16 09:03:10.231249 EXECUTOR - Initializing module GSM_Component_Definitions.
2026/Jun/16 09:03:10.231261 EXECUTOR GSM_Component_Definitions.ttcn3:0 Initializing module GSM_Templates.
2026/Jun/16 09:03:10.231286 EXECUTOR GSM_Templates.ttcn3:0 Initializing module GSM_Constants.
2026/Jun/16 09:03:10.231295 EXECUTOR GSM_Constants.ttcn3:0 Initializing module GSM_Types.
2026/Jun/16 09:03:10.231301 EXECUTOR GSM_Constants.ttcn3:0 Initialization of module GSM_Types finished.
2026/Jun/16 09:03:10.231308 EXECUTOR GSM_Templates.ttcn3:0 Initialization of module GSM_Constants finished.
2026/Jun/16 09:03:10.231398 EXECUTOR GSM_Component_Definitions.ttcn3:0 Initialization of module GSM_Templates finished.
2026/Jun/16 09:03:10.231405 EXECUTOR - Initialization of module GSM_Component_Definitions finished.
2026/Jun/16 09:03:10.231410 EXECUTOR - Initializing module GSM_Functions.
2026/Jun/16 09:03:10.231439 EXECUTOR - Initialization of module GSM_Functions finished.
2026/Jun/16 09:03:10.231445 EXECUTOR - Initializing module PreGenRecordOf.
2026/Jun/16 09:03:10.231450 EXECUTOR - Initialization of module PreGenRecordOf finished.
2026/Jun/16 09:03:10.231455 EXECUTOR - Initializing module TC_26_2_1_3.
2026/Jun/16 09:03:10.231463 EXECUTOR - Initialization of module TC_26_2_1_3 finished.
2026/Jun/16 09:03:10.231468 EXECUTOR - Initializing module TC_26_2_2.
2026/Jun/16 09:03:10.231476 EXECUTOR - Initialization of module TC_26_2_2 finished.
2026/Jun/16 09:03:10.231481 EXECUTOR - Initializing module TC_26_2_3.
2026/Jun/16 09:03:10.231489 EXECUTOR - Initialization of module TC_26_2_3 finished.
2026/Jun/16 09:03:10.231493 EXECUTOR - Initializing module TC_26_6_11_1.
2026/Jun/16 09:03:10.231502 EXECUTOR - Initialization of module TC_26_6_11_1 finished.
2026/Jun/16 09:03:10.231507 EXECUTOR - Initializing module TC_26_6_11_2.
2026/Jun/16 09:03:10.231515 EXECUTOR - Initialization of module TC_26_6_11_2 finished.
2026/Jun/16 09:03:10.231520 EXECUTOR - Initializing module TC_26_6_12_1.
2026/Jun/16 09:03:10.231527 EXECUTOR - Initialization of module TC_26_6_12_1 finished.
2026/Jun/16 09:03:10.231532 EXECUTOR - Initializing module TC_26_6_12_2.
2026/Jun/16 09:03:10.231540 EXECUTOR - Initialization of module TC_26_6_12_2 finished.
2026/Jun/16 09:03:10.231544 EXECUTOR - Initializing module TC_26_6_12_3.
2026/Jun/16 09:03:10.231553 EXECUTOR - Initialization of module TC_26_6_12_3 finished.
2026/Jun/16 09:03:10.231558 EXECUTOR - Initializing module TC_26_6_12_4.
2026/Jun/16 09:03:10.231566 EXECUTOR - Initialization of module TC_26_6_12_4 finished.
2026/Jun/16 09:03:10.231570 EXECUTOR - Initializing module TC_26_6_13_10.
2026/Jun/16 09:03:10.231578 EXECUTOR - Initialization of module TC_26_6_13_10 finished.
2026/Jun/16 09:03:10.231583 EXECUTOR - Initializing module TC_26_6_13_9.
2026/Jun/16 09:03:10.231591 EXECUTOR - Initialization of module TC_26_6_13_9 finished.
2026/Jun/16 09:03:10.231596 EXECUTOR - Initializing module TC_26_6_1_1.
2026/Jun/16 09:03:10.231604 EXECUTOR - Initialization of module TC_26_6_1_1 finished.
2026/Jun/16 09:03:10.231609 EXECUTOR - Initializing module TC_26_6_1_2.
2026/Jun/16 09:03:10.231616 EXECUTOR - Initialization of module TC_26_6_1_2 finished.
2026/Jun/16 09:03:10.231621 EXECUTOR - Initializing module TC_26_6_1_3.
2026/Jun/16 09:03:10.231629 EXECUTOR - Initialization of module TC_26_6_1_3 finished.
2026/Jun/16 09:03:10.231634 EXECUTOR - Initializing module TC_26_6_1_4.
2026/Jun/16 09:03:10.231642 EXECUTOR - Initialization of module TC_26_6_1_4 finished.
2026/Jun/16 09:03:10.231647 EXECUTOR - Initializing module TC_26_6_1_5.
2026/Jun/16 09:03:10.231655 EXECUTOR - Initialization of module TC_26_6_1_5 finished.
2026/Jun/16 09:03:10.231660 EXECUTOR - Initializing module TC_26_6_2_1_1.
2026/Jun/16 09:03:10.231668 EXECUTOR - Initialization of module TC_26_6_2_1_1 finished.
2026/Jun/16 09:03:10.231672 EXECUTOR - Initializing module TC_26_6_2_1_2.
2026/Jun/16 09:03:10.231680 EXECUTOR - Initialization of module TC_26_6_2_1_2 finished.
2026/Jun/16 09:03:10.231685 EXECUTOR - Initializing module TC_26_6_2_1_3.
2026/Jun/16 09:03:10.231693 EXECUTOR - Initialization of module TC_26_6_2_1_3 finished.
2026/Jun/16 09:03:10.231698 EXECUTOR - Initializing module TC_26_6_2_2.
2026/Jun/16 09:03:10.231706 EXECUTOR - Initialization of module TC_26_6_2_2 finished.
2026/Jun/16 09:03:10.231710 EXECUTOR - Initializing module TC_26_6_2_3_1.
2026/Jun/16 09:03:10.231719 EXECUTOR - Initialization of module TC_26_6_2_3_1 finished.
2026/Jun/16 09:03:10.231725 EXECUTOR - Initializing module TC_26_6_2_3_2.
2026/Jun/16 09:03:10.231733 EXECUTOR - Initialization of module TC_26_6_2_3_2 finished.
2026/Jun/16 09:03:10.231742 EXECUTOR - Initializing module TC_26_6_2_4.
2026/Jun/16 09:03:10.231751 EXECUTOR - Initialization of module TC_26_6_2_4 finished.
2026/Jun/16 09:03:10.231756 EXECUTOR - Initializing module TC_26_6_3_1.
2026/Jun/16 09:03:10.231764 EXECUTOR - Initialization of module TC_26_6_3_1 finished.
2026/Jun/16 09:03:10.231769 EXECUTOR - Initializing module TC_26_6_3_4.
2026/Jun/16 09:03:10.231778 EXECUTOR - Initialization of module TC_26_6_3_4 finished.
2026/Jun/16 09:03:10.231783 EXECUTOR - Initializing module TC_26_6_4_1.
2026/Jun/16 09:03:10.231791 EXECUTOR - Initialization of module TC_26_6_4_1 finished.
2026/Jun/16 09:03:10.231796 EXECUTOR - Initializing module TC_26_6_4_2_2.
2026/Jun/16 09:03:10.231804 EXECUTOR - Initialization of module TC_26_6_4_2_2 finished.
2026/Jun/16 09:03:10.231809 EXECUTOR - Initializing module TC_26_6_5_1.
2026/Jun/16 09:03:10.231817 EXECUTOR - Initialization of module TC_26_6_5_1 finished.
2026/Jun/16 09:03:10.330458 EXECUTOR - Initializing module TC_26_6_5_2_1.
2026/Jun/16 09:03:10.330521 EXECUTOR - Initialization of module TC_26_6_5_2_1 finished.
2026/Jun/16 09:03:10.330528 EXECUTOR - Initializing module TC_26_6_8_1.
2026/Jun/16 09:03:10.330537 EXECUTOR - Initialization of module TC_26_6_8_1 finished.
2026/Jun/16 09:03:10.330542 EXECUTOR - Initializing module TC_26_6_8_2.
2026/Jun/16 09:03:10.330551 EXECUTOR - Initialization of module TC_26_6_8_2 finished.
2026/Jun/16 09:03:10.330556 EXECUTOR - Initializing module TC_26_6_8_3.
2026/Jun/16 09:03:10.330564 EXECUTOR - Initialization of module TC_26_6_8_3 finished.
2026/Jun/16 09:03:10.330570 EXECUTOR - Initializing module TC_26_6_8_4.
2026/Jun/16 09:03:10.330579 EXECUTOR - Initialization of module TC_26_6_8_4 finished.
2026/Jun/16 09:03:10.330584 EXECUTOR - Initializing module TC_26_6_8_5.
2026/Jun/16 09:03:10.330592 EXECUTOR - Initialization of module TC_26_6_8_5 finished.
2026/Jun/16 09:03:10.330597 EXECUTOR - Initializing module TC_26_7_1.
2026/Jun/16 09:03:10.330606 EXECUTOR - Initialization of module TC_26_7_1 finished.
2026/Jun/16 09:03:10.330611 EXECUTOR - Initializing module TC_26_7_2_1.
2026/Jun/16 09:03:10.330618 EXECUTOR - Initialization of module TC_26_7_2_1 finished.
2026/Jun/16 09:03:10.330623 EXECUTOR - Initializing module TC_26_7_2_2.
2026/Jun/16 09:03:10.330631 EXECUTOR - Initialization of module TC_26_7_2_2 finished.
2026/Jun/16 09:03:10.330636 EXECUTOR - Initializing module TC_26_7_3_1.
2026/Jun/16 09:03:10.330644 EXECUTOR - Initialization of module TC_26_7_3_1 finished.
2026/Jun/16 09:03:10.330648 EXECUTOR - Initializing module TC_26_7_3_2.
2026/Jun/16 09:03:10.330656 EXECUTOR - Initialization of module TC_26_7_3_2 finished.
2026/Jun/16 09:03:10.330661 EXECUTOR - Initializing module TC_26_7_4_1.
2026/Jun/16 09:03:10.330669 EXECUTOR - Initialization of module TC_26_7_4_1 finished.
2026/Jun/16 09:03:10.330674 EXECUTOR - Initializing module TC_26_7_4_2_1.
2026/Jun/16 09:03:10.330681 EXECUTOR - Initialization of module TC_26_7_4_2_1 finished.
2026/Jun/16 09:03:10.330687 EXECUTOR - Initializing module TC_26_7_4_2_2_1.
2026/Jun/16 09:03:10.330694 EXECUTOR - Initialization of module TC_26_7_4_2_2_1 finished.
2026/Jun/16 09:03:10.330699 EXECUTOR - Initializing module TC_26_7_4_2_2_2.
2026/Jun/16 09:03:10.330707 EXECUTOR - Initialization of module TC_26_7_4_2_2_2 finished.
2026/Jun/16 09:03:10.330712 EXECUTOR - Initializing module TC_26_7_4_2_3.
2026/Jun/16 09:03:10.330721 EXECUTOR - Initialization of module TC_26_7_4_2_3 finished.
2026/Jun/16 09:03:10.330726 EXECUTOR - Initializing module TC_26_7_4_2_4_1.
2026/Jun/16 09:03:10.330734 EXECUTOR - Initialization of module TC_26_7_4_2_4_1 finished.
2026/Jun/16 09:03:10.330738 EXECUTOR - Initializing module TC_26_7_4_2_4_2.
2026/Jun/16 09:03:10.330746 EXECUTOR - Initialization of module TC_26_7_4_2_4_2 finished.
2026/Jun/16 09:03:10.330751 EXECUTOR - Initializing module TC_26_7_4_2_4_3.
2026/Jun/16 09:03:10.330759 EXECUTOR - Initialization of module TC_26_7_4_2_4_3 finished.
2026/Jun/16 09:03:10.330764 EXECUTOR - Initializing module TC_26_7_4_2_4_4.
2026/Jun/16 09:03:10.330778 EXECUTOR - Initialization of module TC_26_7_4_2_4_4 finished.
2026/Jun/16 09:03:10.330784 EXECUTOR - Initializing module TC_26_7_4_2_4_5.
2026/Jun/16 09:03:10.330791 EXECUTOR - Initialization of module TC_26_7_4_2_4_5 finished.
2026/Jun/16 09:03:10.330795 EXECUTOR - Initializing module TC_26_7_4_3_1.
2026/Jun/16 09:03:10.330803 EXECUTOR - Initialization of module TC_26_7_4_3_1 finished.
2026/Jun/16 09:03:10.330807 EXECUTOR - Initializing module TC_26_7_4_3_2.
2026/Jun/16 09:03:10.330815 EXECUTOR - Initialization of module TC_26_7_4_3_2 finished.
2026/Jun/16 09:03:10.430862 EXECUTOR - Initializing module TC_26_7_4_3_3.
2026/Jun/16 09:03:10.430942 EXECUTOR - Initialization of module TC_26_7_4_3_3 finished.
2026/Jun/16 09:03:10.430950 EXECUTOR - Initializing module TC_26_7_4_3_4.
2026/Jun/16 09:03:10.430957 EXECUTOR - Initialization of module TC_26_7_4_3_4 finished.
2026/Jun/16 09:03:10.430961 EXECUTOR - Initializing module TC_26_7_4_4.
2026/Jun/16 09:03:10.430968 EXECUTOR - Initialization of module TC_26_7_4_4 finished.
2026/Jun/16 09:03:10.430973 EXECUTOR - Initializing module TC_26_7_4_5_1.
2026/Jun/16 09:03:10.430979 EXECUTOR - Initialization of module TC_26_7_4_5_1 finished.
2026/Jun/16 09:03:10.430983 EXECUTOR - Initializing module TC_26_7_4_5_2.
2026/Jun/16 09:03:10.430989 EXECUTOR - Initialization of module TC_26_7_4_5_2 finished.
2026/Jun/16 09:03:10.430993 EXECUTOR - Initializing module TC_26_7_4_5_3.
2026/Jun/16 09:03:10.431000 EXECUTOR - Initialization of module TC_26_7_4_5_3 finished.
2026/Jun/16 09:03:10.431004 EXECUTOR - Initializing module TC_26_7_4_5_4_2.
2026/Jun/16 09:03:10.431010 EXECUTOR - Initialization of module TC_26_7_4_5_4_2 finished.
2026/Jun/16 09:03:10.431014 EXECUTOR - Initializing module TC_26_7_5_2.
2026/Jun/16 09:03:10.431021 EXECUTOR - Initialization of module TC_26_7_5_2 finished.
2026/Jun/16 09:03:10.431025 EXECUTOR - Initializing module TC_26_7_5_3.
2026/Jun/16 09:03:10.431031 EXECUTOR - Initialization of module TC_26_7_5_3 finished.
2026/Jun/16 09:03:10.431035 EXECUTOR - Initializing module TC_26_7_5_4.
2026/Jun/16 09:03:10.431041 EXECUTOR - Initialization of module TC_26_7_5_4 finished.
2026/Jun/16 09:03:10.431045 EXECUTOR - Initializing module TC_26_7_5_5.
2026/Jun/16 09:03:10.431051 EXECUTOR - Initialization of module TC_26_7_5_5 finished.
2026/Jun/16 09:03:10.431055 EXECUTOR - Initializing module TC_26_7_5_6.
2026/Jun/16 09:03:10.431061 EXECUTOR - Initialization of module TC_26_7_5_6 finished.
2026/Jun/16 09:03:10.431065 EXECUTOR - Initializing module TC_26_7_5_7_1.
2026/Jun/16 09:03:10.431071 EXECUTOR - Initialization of module TC_26_7_5_7_1 finished.
2026/Jun/16 09:03:10.431075 EXECUTOR - Initializing module TC_26_7_5_8_1.
2026/Jun/16 09:03:10.431081 EXECUTOR - Initialization of module TC_26_7_5_8_1 finished.
2026/Jun/16 09:03:10.431085 EXECUTOR - Initializing module TC_26_7_5_8_2.
2026/Jun/16 09:03:10.431091 EXECUTOR - Initialization of module TC_26_7_5_8_2 finished.
2026/Jun/16 09:03:10.431095 EXECUTOR - Initializing module TC_26_7_5_8_3.
2026/Jun/16 09:03:10.431101 EXECUTOR - Initialization of module TC_26_7_5_8_3 finished.
2026/Jun/16 09:03:10.431105 EXECUTOR - Initializing module TC_26_8_1_2_1_1.
2026/Jun/16 09:03:10.431111 EXECUTOR - Initialization of module TC_26_8_1_2_1_1 finished.
2026/Jun/16 09:03:10.431115 EXECUTOR - Initializing module TC_26_8_1_2_2_1.
2026/Jun/16 09:03:10.431122 EXECUTOR - Initialization of module TC_26_8_1_2_2_1 finished.
2026/Jun/16 09:03:10.431126 EXECUTOR - Initializing module TC_26_8_1_2_2_2.
2026/Jun/16 09:03:10.431132 EXECUTOR - Initialization of module TC_26_8_1_2_2_2 finished.
2026/Jun/16 09:03:10.431137 EXECUTOR - Initializing module TC_26_8_1_2_2_3.
2026/Jun/16 09:03:10.431143 EXECUTOR - Initialization of module TC_26_8_1_2_2_3 finished.
2026/Jun/16 09:03:10.431147 EXECUTOR - Initializing module TC_26_8_1_2_3_1.
2026/Jun/16 09:03:10.431154 EXECUTOR - Initialization of module TC_26_8_1_2_3_1 finished.
2026/Jun/16 09:03:10.431161 EXECUTOR - Initializing module TC_26_8_1_2_3_2.
2026/Jun/16 09:03:10.431166 EXECUTOR - Initialization of module TC_26_8_1_2_3_2 finished.
2026/Jun/16 09:03:10.431176 EXECUTOR - Initializing module TC_26_8_1_2_3_3.
2026/Jun/16 09:03:10.431182 EXECUTOR - Initialization of module TC_26_8_1_2_3_3 finished.
2026/Jun/16 09:03:10.431186 EXECUTOR - Initializing module TC_26_8_1_2_3_4.
2026/Jun/16 09:03:10.431193 EXECUTOR - Initialization of module TC_26_8_1_2_3_4 finished.
2026/Jun/16 09:03:10.431197 EXECUTOR - Initializing module TC_26_8_1_2_3_5.
2026/Jun/16 09:03:10.431203 EXECUTOR - Initialization of module TC_26_8_1_2_3_5 finished.
2026/Jun/16 09:03:10.431207 EXECUTOR - Initializing module TC_26_8_1_2_3_6.
2026/Jun/16 09:03:10.431213 EXECUTOR - Initialization of module TC_26_8_1_2_3_6 finished.
2026/Jun/16 09:03:10.431216 EXECUTOR - Initializing module TC_26_8_1_2_3_7.
2026/Jun/16 09:03:10.431223 EXECUTOR - Initialization of module TC_26_8_1_2_3_7 finished.
2026/Jun/16 09:03:10.431227 EXECUTOR - Initializing module TC_26_8_1_2_4_1.
2026/Jun/16 09:03:10.431233 EXECUTOR - Initialization of module TC_26_8_1_2_4_1 finished.
2026/Jun/16 09:03:10.431237 EXECUTOR - Initializing module TC_26_8_1_2_4_13.
2026/Jun/16 09:03:10.431243 EXECUTOR - Initialization of module TC_26_8_1_2_4_13 finished.
2026/Jun/16 09:03:10.431248 EXECUTOR - Initializing module TC_26_8_1_2_4_2.
2026/Jun/16 09:03:10.431254 EXECUTOR - Initialization of module TC_26_8_1_2_4_2 finished.
2026/Jun/16 09:03:10.431258 EXECUTOR - Initializing module TC_26_8_1_2_4_3.
2026/Jun/16 09:03:10.431264 EXECUTOR - Initialization of module TC_26_8_1_2_4_3 finished.
2026/Jun/16 09:03:10.431268 EXECUTOR - Initializing module TC_26_8_1_2_4_4.
2026/Jun/16 09:03:10.431274 EXECUTOR - Initialization of module TC_26_8_1_2_4_4 finished.
2026/Jun/16 09:03:10.431278 EXECUTOR - Initializing module TC_26_8_1_2_4_5.
2026/Jun/16 09:03:10.431284 EXECUTOR - Initialization of module TC_26_8_1_2_4_5 finished.
2026/Jun/16 09:03:10.431288 EXECUTOR - Initializing module TC_26_8_1_2_6_1.
2026/Jun/16 09:03:10.431294 EXECUTOR - Initialization of module TC_26_8_1_2_6_1 finished.
2026/Jun/16 09:03:10.431298 EXECUTOR - Initializing module TC_26_8_1_2_6_2.
2026/Jun/16 09:03:10.431304 EXECUTOR - Initialization of module TC_26_8_1_2_6_2 finished.
2026/Jun/16 09:03:10.431307 EXECUTOR - Initializing module TC_26_8_1_2_6_3.
2026/Jun/16 09:03:10.431313 EXECUTOR - Initialization of module TC_26_8_1_2_6_3 finished.
2026/Jun/16 09:03:10.431317 EXECUTOR - Initializing module TC_26_8_1_2_6_6.
2026/Jun/16 09:03:10.431323 EXECUTOR - Initialization of module TC_26_8_1_2_6_6 finished.
2026/Jun/16 09:03:10.431327 EXECUTOR - Initializing module TC_26_8_1_3_1_1.
2026/Jun/16 09:03:10.431333 EXECUTOR - Initialization of module TC_26_8_1_3_1_1 finished.
2026/Jun/16 09:03:10.431337 EXECUTOR - Initializing module TC_26_8_1_3_2_1.
2026/Jun/16 09:03:10.431344 EXECUTOR - Initialization of module TC_26_8_1_3_2_1 finished.
2026/Jun/16 09:03:10.431347 EXECUTOR - Initializing module TC_26_8_1_3_3_1.
2026/Jun/16 09:03:10.431353 EXECUTOR - Initialization of module TC_26_8_1_3_3_1 finished.
2026/Jun/16 09:03:10.431357 EXECUTOR - Initializing module TC_26_8_1_3_3_2.
2026/Jun/16 09:03:10.431363 EXECUTOR - Initialization of module TC_26_8_1_3_3_2 finished.
2026/Jun/16 09:03:10.431367 EXECUTOR - Initializing module TC_26_8_1_3_3_3.
2026/Jun/16 09:03:10.431373 EXECUTOR - Initialization of module TC_26_8_1_3_3_3 finished.
2026/Jun/16 09:03:10.431377 EXECUTOR - Initializing module TC_26_8_1_3_3_4.
2026/Jun/16 09:03:10.431383 EXECUTOR - Initialization of module TC_26_8_1_3_3_4 finished.
2026/Jun/16 09:03:10.431386 EXECUTOR - Initializing module TC_26_8_1_3_3_5.
2026/Jun/16 09:03:10.431393 EXECUTOR - Initialization of module TC_26_8_1_3_3_5 finished.
2026/Jun/16 09:03:10.431396 EXECUTOR - Initializing module TC_26_8_1_3_3_6.
2026/Jun/16 09:03:10.431403 EXECUTOR - Initialization of module TC_26_8_1_3_3_6 finished.
2026/Jun/16 09:03:10.431407 EXECUTOR - Initializing module TC_26_8_1_3_3_7.
2026/Jun/16 09:03:10.431413 EXECUTOR - Initialization of module TC_26_8_1_3_3_7 finished.
2026/Jun/16 09:03:10.431417 EXECUTOR - Initializing module TC_26_8_1_3_4_1.
2026/Jun/16 09:03:10.431426 EXECUTOR - Initialization of module TC_26_8_1_3_4_1 finished.
2026/Jun/16 09:03:10.431439 EXECUTOR - Initializing module TC_26_8_1_3_4_2.
2026/Jun/16 09:03:10.431445 EXECUTOR - Initialization of module TC_26_8_1_3_4_2 finished.
2026/Jun/16 09:03:10.431449 EXECUTOR - Initializing module TC_26_8_1_3_4_3.
2026/Jun/16 09:03:10.431454 EXECUTOR - Initialization of module TC_26_8_1_3_4_3 finished.
2026/Jun/16 09:03:10.431458 EXECUTOR - Initializing module TC_26_8_1_3_4_4.
2026/Jun/16 09:03:10.431464 EXECUTOR - Initialization of module TC_26_8_1_3_4_4 finished.
2026/Jun/16 09:03:10.431467 EXECUTOR - Initializing module TC_26_8_1_3_4_5.
2026/Jun/16 09:03:10.431473 EXECUTOR - Initialization of module TC_26_8_1_3_4_5 finished.
2026/Jun/16 09:03:10.431477 EXECUTOR - Initializing module TC_26_8_1_3_4_6.
2026/Jun/16 09:03:10.431483 EXECUTOR - Initialization of module TC_26_8_1_3_4_6 finished.
2026/Jun/16 09:03:10.431486 EXECUTOR - Initializing module TC_26_8_1_3_4_7.
2026/Jun/16 09:03:10.431492 EXECUTOR - Initialization of module TC_26_8_1_3_4_7 finished.
2026/Jun/16 09:03:10.431495 EXECUTOR - Initializing module TC_26_8_1_3_4_8.
2026/Jun/16 09:03:10.431501 EXECUTOR - Initialization of module TC_26_8_1_3_4_8 finished.
2026/Jun/16 09:03:10.431504 EXECUTOR - Initializing module TC_26_8_1_3_5_1.
2026/Jun/16 09:03:10.431510 EXECUTOR - Initialization of module TC_26_8_1_3_5_1 finished.
2026/Jun/16 09:03:10.431513 EXECUTOR - Initializing module TC_26_8_1_3_5_2.
2026/Jun/16 09:03:10.431520 EXECUTOR - Initialization of module TC_26_8_1_3_5_2 finished.
2026/Jun/16 09:03:10.431523 EXECUTOR - Initializing module TC_26_8_1_3_5_3.
2026/Jun/16 09:03:10.431530 EXECUTOR - Initialization of module TC_26_8_1_3_5_3 finished.
2026/Jun/16 09:03:10.431533 EXECUTOR - Initializing module TC_26_8_1_3_5_4.
2026/Jun/16 09:03:10.431539 EXECUTOR - Initialization of module TC_26_8_1_3_5_4 finished.
2026/Jun/16 09:03:10.431543 EXECUTOR - Initializing module TC_26_8_1_3_5_5.
2026/Jun/16 09:03:10.431548 EXECUTOR - Initialization of module TC_26_8_1_3_5_5 finished.
2026/Jun/16 09:03:10.431552 EXECUTOR - Initializing module TC_26_8_1_3_5_6.
2026/Jun/16 09:03:10.431557 EXECUTOR - Initialization of module TC_26_8_1_3_5_6 finished.
2026/Jun/16 09:03:10.431561 EXECUTOR - Initializing module TC_26_8_1_3_5_7.
2026/Jun/16 09:03:10.431567 EXECUTOR - Initialization of module TC_26_8_1_3_5_7 finished.
2026/Jun/16 09:03:10.431570 EXECUTOR - Initializing module TC_26_8_1_3_5_8.
2026/Jun/16 09:03:10.431576 EXECUTOR - Initialization of module TC_26_8_1_3_5_8 finished.
2026/Jun/16 09:03:10.431579 EXECUTOR - Initializing module TC_26_8_1_3_5_9.
2026/Jun/16 09:03:10.431586 EXECUTOR - Initialization of module TC_26_8_1_3_5_9 finished.
2026/Jun/16 09:03:10.431590 EXECUTOR - Initializing module TC_26_8_2_1.
2026/Jun/16 09:03:10.431596 EXECUTOR - Initialization of module TC_26_8_2_1 finished.
2026/Jun/16 09:03:10.431599 EXECUTOR - Initializing module TC_26_8_2_2.
2026/Jun/16 09:03:10.431606 EXECUTOR - Initialization of module TC_26_8_2_2 finished.
2026/Jun/16 09:03:10.431609 EXECUTOR - Initializing module TC_26_8_2_3.
2026/Jun/16 09:03:10.431615 EXECUTOR - Initialization of module TC_26_8_2_3 finished.
2026/Jun/16 09:03:10.431619 EXECUTOR - Initializing module TC_26_8_3.
2026/Jun/16 09:03:10.431625 EXECUTOR - Initialization of module TC_26_8_3 finished.
2026/Jun/16 09:03:10.431629 EXECUTOR - Initializing module TC_34_2_2.
2026/Jun/16 09:03:10.431636 EXECUTOR - Initialization of module TC_34_2_2 finished.
2026/Jun/16 09:03:10.431639 EXECUTOR - Initializing module TitanLoggerApi.
2026/Jun/16 09:03:10.431643 EXECUTOR - Initialization of module TitanLoggerApi finished.
2026/Jun/16 09:03:10.431647 EXECUTOR - Initializing module TitanLoggerControl.
2026/Jun/16 09:03:10.431650 EXECUTOR - Initialization of module TitanLoggerControl finished.
2026/Jun/16 09:03:10.431659 EXECUTOR - Configuration data was processed successfully.
2026/Jun/16 09:03:10.730600 EXECUTOR - MTC was created. Process id: 34.
2026/Jun/16 09:04:32.169627 EXECUTOR - Exit was requested from MC. Terminating HC.
2026/Jun/16 09:04:32.169750 EXECUTOR - Disconnected from MC.
2026/Jun/16 09:04:32.169770 EXECUTOR - TTCN-3 Host Controller finished.
