2026/Jun/26 10:37:22.968877 EXECUTOR - TTCN-3 Host Controller started on ttcn3-tc-26-7-4-2-4-1-1-879p8. Version: 11.1.0.
2026/Jun/26 10:37:22.969052 EXECUTOR - TTCN Logger v2.2 options: TimeStampFormat:=DateTime; LogEntityName:=No; LogEventTypes:=Yes; SourceInfoFormat:=Single; LogSensitiveData:=No; *.FileMask:=LOG_ALL; *.ConsoleMask:=ERROR | TESTCASE | USER | VERDICTOP | WARNING; LogFileSize:=0; LogFileNumber:=1; DiskFullAction:=Error
2026/Jun/26 10:37:22.969065 EXECUTOR - Maximum number of open file descriptors: 1048576,   FD_SETSIZE = 1024
2026/Jun/26 10:37:22.969195 WARNING - Warning: The address of MC was set to a local IP address. This may cause incorrect behavior if a HC from a remote host also connects to MC.
2026/Jun/26 10:37:22.969234 EXECUTOR - The address of MC was set to 127.0.0.1:0.
2026/Jun/26 10:37:22.969362 EXECUTOR - Connected to MC.
2026/Jun/26 10:37:22.969475 EXECUTOR - This host supports UNIX domain sockets for local communication.
2026/Jun/26 10:37:22.969658 EXECUTOR - Processing configuration data received from MC.
2026/Jun/26 10:37:22.969941 WARNING - Warning: Skeleton `/results/TC_26_7_4_2_4_1-2026-06-26-103721/%n.log' does not guarantee unique log file name for every test system process. It may cause unpredictable results if several test components try to write into the same log file.
2026/Jun/26 10:37:22.970221 EXECUTOR - Module GSM_Constants has the following parameters: { TSPC_Serv_TS11 := true, TSPC_Serv_TS61 := false, TSPC_Serv_TS62 := false, TSPC_Serv_BS21 := false, TSPC_Serv_BS22 := false, TSPC_Serv_BS24 := false, TSPC_Serv_BS25 := false, TSPC_Serv_BS26 := false, TSPC_Serv_BS31 := false, TSPC_Serv_BS32 := false, TSPC_Serv_BS33 := false, TSPC_Serv_BS34 := false, TSPC_Serv_BS41 := false, TSPC_Serv_BS42 := false, TSPC_Serv_BS43 := false, TSPC_Serv_BS44 := false, TSPC_Serv_BS45 := false, TSPC_Serv_BS51 := false, TSPC_Serv_BS61 := false, TSPC_Serv_BS81 := false, TSPC_DualRate := false, TSPC_MTsvc := true, TSPX_IMSI := '901700000000001F'O, TSPX_TMSI := '1914D97F'O, TSPX_CKSNDef := 0, TSPX_RANDDef := '00112233445566778899AABBCCDDEEFF'O, TSPX_SRES := '12345678'O, TSPX_Kc := '0000000000000000'O, TSPX_SDCCH4SubDef := 0, TSPX_TmSltDef := 0, TSPX_TscDef := 7, TSPX_TCHHSubDef := 0, TCV_CC := true, TSPX_Telephony_Rate := C_Full (0), TSPX_MOBscSvcA := C_Telephony (0), TSPX_MOBscSvcB := C_Telephony (0), TSPX_MOBscSvcC := C_Telephony (0), TSPX_MOBscSvcD := C_Telephony (0), TSPX_MOBscSvcE := C_Telephony (0), TSPX_MOBscSvcF := C_Telephony (0), TSPX_MOBscSvcG := C_Telephony (0), TSPX_MOChRateA := C_Full (0), TSPX_MOChRateB := C_Full (0), TSPX_MOChRateC := C_Full (0), TSPX_MOChRateD := C_Full (0), TSPX_MOChRateE := C_Full (0), TSPX_MOChRateF := C_Full (0), TSPX_MOChRateG := C_Full (0), TSPX_MTBscSvcA := C_Telephony (0), TSPX_MTBscSvcB := C_Telephony (0), TSPX_MTBscSvcC := C_Telephony (0), TSPX_MTBscSvcD := C_Telephony (0), TSPX_MTBscSvcE := C_Telephony (0), TSPX_MTBscSvcF := C_Telephony (0), TSPX_MTBscSvcG := C_Telephony (0), TSPX_MTBscSvcH := C_Telephony (0), TSPX_MTBscSvcI := C_Telephony (0), TSPX_MTBscSvcJ := C_Telephony (0), TSPX_MTChRateA := C_Full (0), TSPX_MTChRateB := C_Full (0), TSPX_MTChRateC := C_Full (0), TSPX_MTChRateD := C_Full (0), TSPX_MTChRateE := C_Full (0), TSPX_MTChRateF := C_Full (0), TSPX_MTChRateG := C_Full (0), TSPX_MTChRateH := C_Full (0), TSPX_MTChRateI := C_Full (0), TSPX_MTChRateJ := C_Full (0), C_arfcnA := 51 }
2026/Jun/26 10:37:22.970328 EXECUTOR - Module TC_26_6_1_2 has the following parameters: { TSPX_nPara := 3, TSPX_i1Para := 3, TSPX_kPara := 5, TSPX_i2Para := 1, TSPX_rPara := 4, TSPX_i3Para := 4 }
2026/Jun/26 10:37:22.970362 EXECUTOR - Initializing module GSM_Component_Definitions.
2026/Jun/26 10:37:22.970369 EXECUTOR GSM_Component_Definitions.ttcn3:0 Initializing module GSM_Templates.
2026/Jun/26 10:37:22.970387 EXECUTOR GSM_Templates.ttcn3:0 Initializing module GSM_Constants.
2026/Jun/26 10:37:22.970393 EXECUTOR GSM_Constants.ttcn3:0 Initializing module GSM_Types.
2026/Jun/26 10:37:22.970396 EXECUTOR GSM_Constants.ttcn3:0 Initialization of module GSM_Types finished.
2026/Jun/26 10:37:22.970399 EXECUTOR GSM_Templates.ttcn3:0 Initialization of module GSM_Constants finished.
2026/Jun/26 10:37:22.970477 EXECUTOR GSM_Component_Definitions.ttcn3:0 Initialization of module GSM_Templates finished.
2026/Jun/26 10:37:22.970480 EXECUTOR - Initialization of module GSM_Component_Definitions finished.
2026/Jun/26 10:37:22.970483 EXECUTOR - Initializing module GSM_Functions.
2026/Jun/26 10:37:22.970505 EXECUTOR - Initialization of module GSM_Functions finished.
2026/Jun/26 10:37:22.970508 EXECUTOR - Initializing module PreGenRecordOf.
2026/Jun/26 10:37:22.970510 EXECUTOR - Initialization of module PreGenRecordOf finished.
2026/Jun/26 10:37:22.970512 EXECUTOR - Initializing module TC_26_2_1_3.
2026/Jun/26 10:37:22.970517 EXECUTOR - Initialization of module TC_26_2_1_3 finished.
2026/Jun/26 10:37:22.970519 EXECUTOR - Initializing module TC_26_2_2.
2026/Jun/26 10:37:22.970525 EXECUTOR - Initialization of module TC_26_2_2 finished.
2026/Jun/26 10:37:22.970527 EXECUTOR - Initializing module TC_26_2_3.
2026/Jun/26 10:37:22.970531 EXECUTOR - Initialization of module TC_26_2_3 finished.
2026/Jun/26 10:37:22.970533 EXECUTOR - Initializing module TC_26_6_11_1.
2026/Jun/26 10:37:22.970538 EXECUTOR - Initialization of module TC_26_6_11_1 finished.
2026/Jun/26 10:37:22.970540 EXECUTOR - Initializing module TC_26_6_11_2.
2026/Jun/26 10:37:22.970545 EXECUTOR - Initialization of module TC_26_6_11_2 finished.
2026/Jun/26 10:37:22.970547 EXECUTOR - Initializing module TC_26_6_12_1.
2026/Jun/26 10:37:22.970552 EXECUTOR - Initialization of module TC_26_6_12_1 finished.
2026/Jun/26 10:37:22.970554 EXECUTOR - Initializing module TC_26_6_12_2.
2026/Jun/26 10:37:22.970559 EXECUTOR - Initialization of module TC_26_6_12_2 finished.
2026/Jun/26 10:37:22.970561 EXECUTOR - Initializing module TC_26_6_12_3.
2026/Jun/26 10:37:22.970566 EXECUTOR - Initialization of module TC_26_6_12_3 finished.
2026/Jun/26 10:37:22.970568 EXECUTOR - Initializing module TC_26_6_12_4.
2026/Jun/26 10:37:22.970572 EXECUTOR - Initialization of module TC_26_6_12_4 finished.
2026/Jun/26 10:37:22.970574 EXECUTOR - Initializing module TC_26_6_13_10.
2026/Jun/26 10:37:22.970579 EXECUTOR - Initialization of module TC_26_6_13_10 finished.
2026/Jun/26 10:37:22.970581 EXECUTOR - Initializing module TC_26_6_13_9.
2026/Jun/26 10:37:22.970585 EXECUTOR - Initialization of module TC_26_6_13_9 finished.
2026/Jun/26 10:37:22.970587 EXECUTOR - Initializing module TC_26_6_1_1.
2026/Jun/26 10:37:22.970591 EXECUTOR - Initialization of module TC_26_6_1_1 finished.
2026/Jun/26 10:37:22.970593 EXECUTOR - Initializing module TC_26_6_1_2.
2026/Jun/26 10:37:22.970598 EXECUTOR - Initialization of module TC_26_6_1_2 finished.
2026/Jun/26 10:37:22.970600 EXECUTOR - Initializing module TC_26_6_1_3.
2026/Jun/26 10:37:22.970604 EXECUTOR - Initialization of module TC_26_6_1_3 finished.
2026/Jun/26 10:37:22.970606 EXECUTOR - Initializing module TC_26_6_1_4.
2026/Jun/26 10:37:22.970610 EXECUTOR - Initialization of module TC_26_6_1_4 finished.
2026/Jun/26 10:37:22.970613 EXECUTOR - Initializing module TC_26_6_1_5.
2026/Jun/26 10:37:22.970617 EXECUTOR - Initialization of module TC_26_6_1_5 finished.
2026/Jun/26 10:37:22.970619 EXECUTOR - Initializing module TC_26_6_2_1_1.
2026/Jun/26 10:37:22.970624 EXECUTOR - Initialization of module TC_26_6_2_1_1 finished.
2026/Jun/26 10:37:22.970626 EXECUTOR - Initializing module TC_26_6_2_1_2.
2026/Jun/26 10:37:22.970631 EXECUTOR - Initialization of module TC_26_6_2_1_2 finished.
2026/Jun/26 10:37:22.970633 EXECUTOR - Initializing module TC_26_6_2_1_3.
2026/Jun/26 10:37:22.970638 EXECUTOR - Initialization of module TC_26_6_2_1_3 finished.
2026/Jun/26 10:37:22.970640 EXECUTOR - Initializing module TC_26_6_2_2.
2026/Jun/26 10:37:22.970645 EXECUTOR - Initialization of module TC_26_6_2_2 finished.
2026/Jun/26 10:37:22.970647 EXECUTOR - Initializing module TC_26_6_2_3_1.
2026/Jun/26 10:37:22.970652 EXECUTOR - Initialization of module TC_26_6_2_3_1 finished.
2026/Jun/26 10:37:22.970654 EXECUTOR - Initializing module TC_26_6_2_3_2.
2026/Jun/26 10:37:22.970659 EXECUTOR - Initialization of module TC_26_6_2_3_2 finished.
2026/Jun/26 10:37:22.970668 EXECUTOR - Initializing module TC_26_6_2_4.
2026/Jun/26 10:37:22.970672 EXECUTOR - Initialization of module TC_26_6_2_4 finished.
2026/Jun/26 10:37:22.970674 EXECUTOR - Initializing module TC_26_6_3_1.
2026/Jun/26 10:37:22.970680 EXECUTOR - Initialization of module TC_26_6_3_1 finished.
2026/Jun/26 10:37:22.970682 EXECUTOR - Initializing module TC_26_6_3_4.
2026/Jun/26 10:37:22.970688 EXECUTOR - Initialization of module TC_26_6_3_4 finished.
2026/Jun/26 10:37:22.970690 EXECUTOR - Initializing module TC_26_6_4_1.
2026/Jun/26 10:37:22.970694 EXECUTOR - Initialization of module TC_26_6_4_1 finished.
2026/Jun/26 10:37:22.970696 EXECUTOR - Initializing module TC_26_6_4_2_2.
2026/Jun/26 10:37:22.970701 EXECUTOR - Initialization of module TC_26_6_4_2_2 finished.
2026/Jun/26 10:37:22.970703 EXECUTOR - Initializing module TC_26_6_5_1.
2026/Jun/26 10:37:22.970707 EXECUTOR - Initialization of module TC_26_6_5_1 finished.
2026/Jun/26 10:37:22.970710 EXECUTOR - Initializing module TC_26_6_5_2_1.
2026/Jun/26 10:37:22.970714 EXECUTOR - Initialization of module TC_26_6_5_2_1 finished.
2026/Jun/26 10:37:22.970716 EXECUTOR - Initializing module TC_26_6_8_1.
2026/Jun/26 10:37:22.970721 EXECUTOR - Initialization of module TC_26_6_8_1 finished.
2026/Jun/26 10:37:22.970723 EXECUTOR - Initializing module TC_26_6_8_2.
2026/Jun/26 10:37:22.970727 EXECUTOR - Initialization of module TC_26_6_8_2 finished.
2026/Jun/26 10:37:22.970729 EXECUTOR - Initializing module TC_26_6_8_3.
2026/Jun/26 10:37:22.970733 EXECUTOR - Initialization of module TC_26_6_8_3 finished.
2026/Jun/26 10:37:22.970736 EXECUTOR - Initializing module TC_26_6_8_4.
2026/Jun/26 10:37:22.970740 EXECUTOR - Initialization of module TC_26_6_8_4 finished.
2026/Jun/26 10:37:22.970743 EXECUTOR - Initializing module TC_26_6_8_5.
2026/Jun/26 10:37:22.970747 EXECUTOR - Initialization of module TC_26_6_8_5 finished.
2026/Jun/26 10:37:22.970749 EXECUTOR - Initializing module TC_26_7_1.
2026/Jun/26 10:37:22.970754 EXECUTOR - Initialization of module TC_26_7_1 finished.
2026/Jun/26 10:37:22.970756 EXECUTOR - Initializing module TC_26_7_2_1.
2026/Jun/26 10:37:22.970761 EXECUTOR - Initialization of module TC_26_7_2_1 finished.
2026/Jun/26 10:37:22.970763 EXECUTOR - Initializing module TC_26_7_2_2.
2026/Jun/26 10:37:22.970768 EXECUTOR - Initialization of module TC_26_7_2_2 finished.
2026/Jun/26 10:37:22.970770 EXECUTOR - Initializing module TC_26_7_3_1.
2026/Jun/26 10:37:22.970774 EXECUTOR - Initialization of module TC_26_7_3_1 finished.
2026/Jun/26 10:37:22.970776 EXECUTOR - Initializing module TC_26_7_3_2.
2026/Jun/26 10:37:22.970780 EXECUTOR - Initialization of module TC_26_7_3_2 finished.
2026/Jun/26 10:37:22.970782 EXECUTOR - Initializing module TC_26_7_4_1.
2026/Jun/26 10:37:22.970787 EXECUTOR - Initialization of module TC_26_7_4_1 finished.
2026/Jun/26 10:37:22.970789 EXECUTOR - Initializing module TC_26_7_4_2_1.
2026/Jun/26 10:37:22.970793 EXECUTOR - Initialization of module TC_26_7_4_2_1 finished.
2026/Jun/26 10:37:22.970795 EXECUTOR - Initializing module TC_26_7_4_2_2_1.
2026/Jun/26 10:37:22.970800 EXECUTOR - Initialization of module TC_26_7_4_2_2_1 finished.
2026/Jun/26 10:37:22.970802 EXECUTOR - Initializing module TC_26_7_4_2_2_2.
2026/Jun/26 10:37:22.970807 EXECUTOR - Initialization of module TC_26_7_4_2_2_2 finished.
2026/Jun/26 10:37:22.970809 EXECUTOR - Initializing module TC_26_7_4_2_3.
2026/Jun/26 10:37:22.970814 EXECUTOR - Initialization of module TC_26_7_4_2_3 finished.
2026/Jun/26 10:37:22.970816 EXECUTOR - Initializing module TC_26_7_4_2_4_1.
2026/Jun/26 10:37:22.970827 EXECUTOR - Initialization of module TC_26_7_4_2_4_1 finished.
2026/Jun/26 10:37:22.970833 EXECUTOR - Initializing module TC_26_7_4_2_4_2.
2026/Jun/26 10:37:22.970838 EXECUTOR - Initialization of module TC_26_7_4_2_4_2 finished.
2026/Jun/26 10:37:22.970840 EXECUTOR - Initializing module TC_26_7_4_2_4_3.
2026/Jun/26 10:37:22.970845 EXECUTOR - Initialization of module TC_26_7_4_2_4_3 finished.
2026/Jun/26 10:37:22.970848 EXECUTOR - Initializing module TC_26_7_4_2_4_4.
2026/Jun/26 10:37:22.970856 EXECUTOR - Initialization of module TC_26_7_4_2_4_4 finished.
2026/Jun/26 10:37:22.970858 EXECUTOR - Initializing module TC_26_7_4_2_4_5.
2026/Jun/26 10:37:22.970863 EXECUTOR - Initialization of module TC_26_7_4_2_4_5 finished.
2026/Jun/26 10:37:22.970866 EXECUTOR - Initializing module TC_26_7_4_3_1.
2026/Jun/26 10:37:22.970871 EXECUTOR - Initialization of module TC_26_7_4_3_1 finished.
2026/Jun/26 10:37:22.970873 EXECUTOR - Initializing module TC_26_7_4_3_2.
2026/Jun/26 10:37:22.970878 EXECUTOR - Initialization of module TC_26_7_4_3_2 finished.
2026/Jun/26 10:37:22.970880 EXECUTOR - Initializing module TC_26_7_4_3_3.
2026/Jun/26 10:37:22.970885 EXECUTOR - Initialization of module TC_26_7_4_3_3 finished.
2026/Jun/26 10:37:22.970887 EXECUTOR - Initializing module TC_26_7_4_3_4.
2026/Jun/26 10:37:22.970892 EXECUTOR - Initialization of module TC_26_7_4_3_4 finished.
2026/Jun/26 10:37:22.970895 EXECUTOR - Initializing module TC_26_7_4_4.
2026/Jun/26 10:37:22.970900 EXECUTOR - Initialization of module TC_26_7_4_4 finished.
2026/Jun/26 10:37:22.970902 EXECUTOR - Initializing module TC_26_7_4_5_1.
2026/Jun/26 10:37:22.970907 EXECUTOR - Initialization of module TC_26_7_4_5_1 finished.
2026/Jun/26 10:37:22.970910 EXECUTOR - Initializing module TC_26_7_4_5_2.
2026/Jun/26 10:37:22.970915 EXECUTOR - Initialization of module TC_26_7_4_5_2 finished.
2026/Jun/26 10:37:22.970917 EXECUTOR - Initializing module TC_26_7_4_5_3.
2026/Jun/26 10:37:22.970922 EXECUTOR - Initialization of module TC_26_7_4_5_3 finished.
2026/Jun/26 10:37:22.970924 EXECUTOR - Initializing module TC_26_7_4_5_4_2.
2026/Jun/26 10:37:22.970929 EXECUTOR - Initialization of module TC_26_7_4_5_4_2 finished.
2026/Jun/26 10:37:22.970931 EXECUTOR - Initializing module TC_26_7_5_2.
2026/Jun/26 10:37:22.970936 EXECUTOR - Initialization of module TC_26_7_5_2 finished.
2026/Jun/26 10:37:22.970938 EXECUTOR - Initializing module TC_26_7_5_3.
2026/Jun/26 10:37:22.970943 EXECUTOR - Initialization of module TC_26_7_5_3 finished.
2026/Jun/26 10:37:22.970945 EXECUTOR - Initializing module TC_26_7_5_4.
2026/Jun/26 10:37:22.970949 EXECUTOR - Initialization of module TC_26_7_5_4 finished.
2026/Jun/26 10:37:22.970952 EXECUTOR - Initializing module TC_26_7_5_5.
2026/Jun/26 10:37:22.970956 EXECUTOR - Initialization of module TC_26_7_5_5 finished.
2026/Jun/26 10:37:22.970959 EXECUTOR - Initializing module TC_26_7_5_6.
2026/Jun/26 10:37:22.970963 EXECUTOR - Initialization of module TC_26_7_5_6 finished.
2026/Jun/26 10:37:22.970966 EXECUTOR - Initializing module TC_26_7_5_7_1.
2026/Jun/26 10:37:22.970971 EXECUTOR - Initialization of module TC_26_7_5_7_1 finished.
2026/Jun/26 10:37:22.970973 EXECUTOR - Initializing module TC_26_7_5_8_1.
2026/Jun/26 10:37:22.970978 EXECUTOR - Initialization of module TC_26_7_5_8_1 finished.
2026/Jun/26 10:37:22.970980 EXECUTOR - Initializing module TC_26_7_5_8_2.
2026/Jun/26 10:37:22.970984 EXECUTOR - Initialization of module TC_26_7_5_8_2 finished.
2026/Jun/26 10:37:22.970987 EXECUTOR - Initializing module TC_26_7_5_8_3.
2026/Jun/26 10:37:22.970991 EXECUTOR - Initialization of module TC_26_7_5_8_3 finished.
2026/Jun/26 10:37:22.970993 EXECUTOR - Initializing module TC_26_8_1_2_1_1.
2026/Jun/26 10:37:22.970998 EXECUTOR - Initialization of module TC_26_8_1_2_1_1 finished.
2026/Jun/26 10:37:22.971000 EXECUTOR - Initializing module TC_26_8_1_2_2_1.
2026/Jun/26 10:37:22.971005 EXECUTOR - Initialization of module TC_26_8_1_2_2_1 finished.
2026/Jun/26 10:37:22.971007 EXECUTOR - Initializing module TC_26_8_1_2_2_2.
2026/Jun/26 10:37:22.971011 EXECUTOR - Initialization of module TC_26_8_1_2_2_2 finished.
2026/Jun/26 10:37:22.971013 EXECUTOR - Initializing module TC_26_8_1_2_2_3.
2026/Jun/26 10:37:22.971018 EXECUTOR - Initialization of module TC_26_8_1_2_2_3 finished.
2026/Jun/26 10:37:22.971020 EXECUTOR - Initializing module TC_26_8_1_2_3_1.
2026/Jun/26 10:37:22.971025 EXECUTOR - Initialization of module TC_26_8_1_2_3_1 finished.
2026/Jun/26 10:37:22.971027 EXECUTOR - Initializing module TC_26_8_1_2_3_2.
2026/Jun/26 10:37:22.971034 EXECUTOR - Initialization of module TC_26_8_1_2_3_2 finished.
2026/Jun/26 10:37:22.971037 EXECUTOR - Initializing module TC_26_8_1_2_3_3.
2026/Jun/26 10:37:22.971041 EXECUTOR - Initialization of module TC_26_8_1_2_3_3 finished.
2026/Jun/26 10:37:22.971043 EXECUTOR - Initializing module TC_26_8_1_2_3_4.
2026/Jun/26 10:37:22.971048 EXECUTOR - Initialization of module TC_26_8_1_2_3_4 finished.
2026/Jun/26 10:37:22.971050 EXECUTOR - Initializing module TC_26_8_1_2_3_5.
2026/Jun/26 10:37:22.971055 EXECUTOR - Initialization of module TC_26_8_1_2_3_5 finished.
2026/Jun/26 10:37:22.971057 EXECUTOR - Initializing module TC_26_8_1_2_3_6.
2026/Jun/26 10:37:22.971062 EXECUTOR - Initialization of module TC_26_8_1_2_3_6 finished.
2026/Jun/26 10:37:22.971064 EXECUTOR - Initializing module TC_26_8_1_2_3_7.
2026/Jun/26 10:37:22.971068 EXECUTOR - Initialization of module TC_26_8_1_2_3_7 finished.
2026/Jun/26 10:37:22.971070 EXECUTOR - Initializing module TC_26_8_1_2_4_1.
2026/Jun/26 10:37:22.971075 EXECUTOR - Initialization of module TC_26_8_1_2_4_1 finished.
2026/Jun/26 10:37:22.971077 EXECUTOR - Initializing module TC_26_8_1_2_4_13.
2026/Jun/26 10:37:22.971082 EXECUTOR - Initialization of module TC_26_8_1_2_4_13 finished.
2026/Jun/26 10:37:22.971084 EXECUTOR - Initializing module TC_26_8_1_2_4_2.
2026/Jun/26 10:37:22.971089 EXECUTOR - Initialization of module TC_26_8_1_2_4_2 finished.
2026/Jun/26 10:37:22.971091 EXECUTOR - Initializing module TC_26_8_1_2_4_3.
2026/Jun/26 10:37:22.971095 EXECUTOR - Initialization of module TC_26_8_1_2_4_3 finished.
2026/Jun/26 10:37:22.971098 EXECUTOR - Initializing module TC_26_8_1_2_4_4.
2026/Jun/26 10:37:22.971102 EXECUTOR - Initialization of module TC_26_8_1_2_4_4 finished.
2026/Jun/26 10:37:22.971104 EXECUTOR - Initializing module TC_26_8_1_2_4_5.
2026/Jun/26 10:37:22.971109 EXECUTOR - Initialization of module TC_26_8_1_2_4_5 finished.
2026/Jun/26 10:37:22.971111 EXECUTOR - Initializing module TC_26_8_1_2_6_1.
2026/Jun/26 10:37:22.971116 EXECUTOR - Initialization of module TC_26_8_1_2_6_1 finished.
2026/Jun/26 10:37:22.971118 EXECUTOR - Initializing module TC_26_8_1_2_6_2.
2026/Jun/26 10:37:22.971123 EXECUTOR - Initialization of module TC_26_8_1_2_6_2 finished.
2026/Jun/26 10:37:22.971125 EXECUTOR - Initializing module TC_26_8_1_2_6_3.
2026/Jun/26 10:37:22.971129 EXECUTOR - Initialization of module TC_26_8_1_2_6_3 finished.
2026/Jun/26 10:37:22.971131 EXECUTOR - Initializing module TC_26_8_1_2_6_6.
2026/Jun/26 10:37:22.971136 EXECUTOR - Initialization of module TC_26_8_1_2_6_6 finished.
2026/Jun/26 10:37:22.971138 EXECUTOR - Initializing module TC_26_8_1_3_1_1.
2026/Jun/26 10:37:22.971144 EXECUTOR - Initialization of module TC_26_8_1_3_1_1 finished.
2026/Jun/26 10:37:22.971146 EXECUTOR - Initializing module TC_26_8_1_3_2_1.
2026/Jun/26 10:37:22.971151 EXECUTOR - Initialization of module TC_26_8_1_3_2_1 finished.
2026/Jun/26 10:37:22.971153 EXECUTOR - Initializing module TC_26_8_1_3_3_1.
2026/Jun/26 10:37:22.971158 EXECUTOR - Initialization of module TC_26_8_1_3_3_1 finished.
2026/Jun/26 10:37:22.971160 EXECUTOR - Initializing module TC_26_8_1_3_3_2.
2026/Jun/26 10:37:22.971165 EXECUTOR - Initialization of module TC_26_8_1_3_3_2 finished.
2026/Jun/26 10:37:22.971167 EXECUTOR - Initializing module TC_26_8_1_3_3_3.
2026/Jun/26 10:37:22.971171 EXECUTOR - Initialization of module TC_26_8_1_3_3_3 finished.
2026/Jun/26 10:37:22.971174 EXECUTOR - Initializing module TC_26_8_1_3_3_4.
2026/Jun/26 10:37:22.971178 EXECUTOR - Initialization of module TC_26_8_1_3_3_4 finished.
2026/Jun/26 10:37:22.971180 EXECUTOR - Initializing module TC_26_8_1_3_3_5.
2026/Jun/26 10:37:22.971185 EXECUTOR - Initialization of module TC_26_8_1_3_3_5 finished.
2026/Jun/26 10:37:22.971187 EXECUTOR - Initializing module TC_26_8_1_3_3_6.
2026/Jun/26 10:37:22.971192 EXECUTOR - Initialization of module TC_26_8_1_3_3_6 finished.
2026/Jun/26 10:37:22.971195 EXECUTOR - Initializing module TC_26_8_1_3_3_7.
2026/Jun/26 10:37:22.971199 EXECUTOR - Initialization of module TC_26_8_1_3_3_7 finished.
2026/Jun/26 10:37:22.971201 EXECUTOR - Initializing module TC_26_8_1_3_4_1.
2026/Jun/26 10:37:22.971208 EXECUTOR - Initialization of module TC_26_8_1_3_4_1 finished.
2026/Jun/26 10:37:22.971211 EXECUTOR - Initializing module TC_26_8_1_3_4_2.
2026/Jun/26 10:37:22.971215 EXECUTOR - Initialization of module TC_26_8_1_3_4_2 finished.
2026/Jun/26 10:37:22.971218 EXECUTOR - Initializing module TC_26_8_1_3_4_3.
2026/Jun/26 10:37:22.971222 EXECUTOR - Initialization of module TC_26_8_1_3_4_3 finished.
2026/Jun/26 10:37:22.971224 EXECUTOR - Initializing module TC_26_8_1_3_4_4.
2026/Jun/26 10:37:22.971229 EXECUTOR - Initialization of module TC_26_8_1_3_4_4 finished.
2026/Jun/26 10:37:22.971231 EXECUTOR - Initializing module TC_26_8_1_3_4_5.
2026/Jun/26 10:37:22.971236 EXECUTOR - Initialization of module TC_26_8_1_3_4_5 finished.
2026/Jun/26 10:37:22.971238 EXECUTOR - Initializing module TC_26_8_1_3_4_6.
2026/Jun/26 10:37:22.971243 EXECUTOR - Initialization of module TC_26_8_1_3_4_6 finished.
2026/Jun/26 10:37:22.971245 EXECUTOR - Initializing module TC_26_8_1_3_4_7.
2026/Jun/26 10:37:22.971250 EXECUTOR - Initialization of module TC_26_8_1_3_4_7 finished.
2026/Jun/26 10:37:22.971252 EXECUTOR - Initializing module TC_26_8_1_3_4_8.
2026/Jun/26 10:37:22.971266 EXECUTOR - Initialization of module TC_26_8_1_3_4_8 finished.
2026/Jun/26 10:37:22.971268 EXECUTOR - Initializing module TC_26_8_1_3_5_1.
2026/Jun/26 10:37:22.971273 EXECUTOR - Initialization of module TC_26_8_1_3_5_1 finished.
2026/Jun/26 10:37:22.971275 EXECUTOR - Initializing module TC_26_8_1_3_5_2.
2026/Jun/26 10:37:22.971280 EXECUTOR - Initialization of module TC_26_8_1_3_5_2 finished.
2026/Jun/26 10:37:22.971282 EXECUTOR - Initializing module TC_26_8_1_3_5_3.
2026/Jun/26 10:37:22.971287 EXECUTOR - Initialization of module TC_26_8_1_3_5_3 finished.
2026/Jun/26 10:37:22.971289 EXECUTOR - Initializing module TC_26_8_1_3_5_4.
2026/Jun/26 10:37:22.971294 EXECUTOR - Initialization of module TC_26_8_1_3_5_4 finished.
2026/Jun/26 10:37:22.971297 EXECUTOR - Initializing module TC_26_8_1_3_5_5.
2026/Jun/26 10:37:22.971301 EXECUTOR - Initialization of module TC_26_8_1_3_5_5 finished.
2026/Jun/26 10:37:22.971303 EXECUTOR - Initializing module TC_26_8_1_3_5_6.
2026/Jun/26 10:37:22.971308 EXECUTOR - Initialization of module TC_26_8_1_3_5_6 finished.
2026/Jun/26 10:37:22.971310 EXECUTOR - Initializing module TC_26_8_1_3_5_7.
2026/Jun/26 10:37:22.971315 EXECUTOR - Initialization of module TC_26_8_1_3_5_7 finished.
2026/Jun/26 10:37:22.971317 EXECUTOR - Initializing module TC_26_8_1_3_5_8.
2026/Jun/26 10:37:22.971322 EXECUTOR - Initialization of module TC_26_8_1_3_5_8 finished.
2026/Jun/26 10:37:22.971325 EXECUTOR - Initializing module TC_26_8_1_3_5_9.
2026/Jun/26 10:37:22.971329 EXECUTOR - Initialization of module TC_26_8_1_3_5_9 finished.
2026/Jun/26 10:37:22.971331 EXECUTOR - Initializing module TC_26_8_2_1.
2026/Jun/26 10:37:22.971336 EXECUTOR - Initialization of module TC_26_8_2_1 finished.
2026/Jun/26 10:37:22.971338 EXECUTOR - Initializing module TC_26_8_2_2.
2026/Jun/26 10:37:22.971343 EXECUTOR - Initialization of module TC_26_8_2_2 finished.
2026/Jun/26 10:37:22.971345 EXECUTOR - Initializing module TC_26_8_2_3.
2026/Jun/26 10:37:22.971350 EXECUTOR - Initialization of module TC_26_8_2_3 finished.
2026/Jun/26 10:37:22.971352 EXECUTOR - Initializing module TC_26_8_3.
2026/Jun/26 10:37:22.971357 EXECUTOR - Initialization of module TC_26_8_3 finished.
2026/Jun/26 10:37:22.971359 EXECUTOR - Initializing module TC_34_2_2.
2026/Jun/26 10:37:22.971364 EXECUTOR - Initialization of module TC_34_2_2 finished.
2026/Jun/26 10:37:22.971367 EXECUTOR - Initializing module TitanLoggerApi.
2026/Jun/26 10:37:22.971369 EXECUTOR - Initialization of module TitanLoggerApi finished.
2026/Jun/26 10:37:22.971371 EXECUTOR - Initializing module TitanLoggerControl.
2026/Jun/26 10:37:22.971373 EXECUTOR - Initialization of module TitanLoggerControl finished.
2026/Jun/26 10:37:22.971386 EXECUTOR - Configuration data was processed successfully.
2026/Jun/26 10:37:22.973088 EXECUTOR - MTC was created. Process id: 39.
2026/Jun/26 10:47:15.229136 EXECUTOR - Exit was requested from MC. Terminating HC.
2026/Jun/26 10:47:15.229261 EXECUTOR - Disconnected from MC.
2026/Jun/26 10:47:15.229281 EXECUTOR - TTCN-3 Host Controller finished.
