2026/Jun/08 11:38:36.148370 EXECUTOR - TTCN-3 Host Controller started on ttcn3-tc-26-2-3-8-5gth7. Version: 11.1.0.
2026/Jun/08 11:38:36.148519 EXECUTOR - TTCN Logger v2.2 options: TimeStampFormat:=DateTime; LogEntityName:=No; LogEventTypes:=Yes; SourceInfoFormat:=Single; LogSensitiveData:=No; *.FileMask:=LOG_ALL; *.ConsoleMask:=ERROR | TESTCASE | USER | VERDICTOP | WARNING; LogFileSize:=0; LogFileNumber:=1; DiskFullAction:=Error
2026/Jun/08 11:38:36.148531 EXECUTOR - Maximum number of open file descriptors: 1048576,   FD_SETSIZE = 1024
2026/Jun/08 11:38:36.148647 WARNING - Warning: The address of MC was set to a local IP address. This may cause incorrect behavior if a HC from a remote host also connects to MC.
2026/Jun/08 11:38:36.148683 EXECUTOR - The address of MC was set to 127.0.0.1:0.
2026/Jun/08 11:38:36.148793 EXECUTOR - Connected to MC.
2026/Jun/08 11:38:36.148878 EXECUTOR - This host supports UNIX domain sockets for local communication.
2026/Jun/08 11:38:36.149239 EXECUTOR - Processing configuration data received from MC.
2026/Jun/08 11:38:36.149575 WARNING - Warning: Skeleton `/results/TC_26_2_3-2026-06-08-113416/%n.log' does not guarantee unique log file name for every test system process. It may cause unpredictable results if several test components try to write into the same log file.
2026/Jun/08 11:38:36.149948 EXECUTOR - Module GSM_Constants has the following parameters: { TSPC_Serv_TS11 := true, TSPC_Serv_TS61 := false, TSPC_Serv_TS62 := false, TSPC_Serv_BS21 := false, TSPC_Serv_BS22 := false, TSPC_Serv_BS24 := false, TSPC_Serv_BS25 := false, TSPC_Serv_BS26 := false, TSPC_Serv_BS31 := false, TSPC_Serv_BS32 := false, TSPC_Serv_BS33 := false, TSPC_Serv_BS34 := false, TSPC_Serv_BS41 := false, TSPC_Serv_BS42 := false, TSPC_Serv_BS43 := false, TSPC_Serv_BS44 := false, TSPC_Serv_BS45 := false, TSPC_Serv_BS51 := false, TSPC_Serv_BS61 := false, TSPC_Serv_BS81 := false, TSPC_DualRate := false, TSPC_MTsvc := true, TSPX_IMSI := '901700000000001F'O, TSPX_TMSI := '1914D97F'O, TSPX_CKSNDef := 0, TSPX_RANDDef := '00112233445566778899AABBCCDDEEFF'O, TSPX_SRES := '12345678'O, TSPX_Kc := '0000000000000000'O, TSPX_SDCCH4SubDef := 0, TSPX_TmSltDef := 0, TSPX_TscDef := 7, TSPX_TCHHSubDef := 0, TCV_CC := true, TSPX_Telephony_Rate := C_Full (0), TSPX_MOBscSvcA := C_Telephony (0), TSPX_MOBscSvcB := C_Telephony (0), TSPX_MOBscSvcC := C_Telephony (0), TSPX_MOBscSvcD := C_Telephony (0), TSPX_MOBscSvcE := C_Telephony (0), TSPX_MOBscSvcF := C_Telephony (0), TSPX_MOBscSvcG := C_Telephony (0), TSPX_MOChRateA := C_Full (0), TSPX_MOChRateB := C_Full (0), TSPX_MOChRateC := C_Full (0), TSPX_MOChRateD := C_Full (0), TSPX_MOChRateE := C_Full (0), TSPX_MOChRateF := C_Full (0), TSPX_MOChRateG := C_Full (0), TSPX_MTBscSvcA := C_Telephony (0), TSPX_MTBscSvcB := C_Telephony (0), TSPX_MTBscSvcC := C_Telephony (0), TSPX_MTBscSvcD := C_Telephony (0), TSPX_MTBscSvcE := C_Telephony (0), TSPX_MTBscSvcF := C_Telephony (0), TSPX_MTBscSvcG := C_Telephony (0), TSPX_MTBscSvcH := C_Telephony (0), TSPX_MTBscSvcI := C_Telephony (0), TSPX_MTBscSvcJ := C_Telephony (0), TSPX_MTChRateA := C_Full (0), TSPX_MTChRateB := C_Full (0), TSPX_MTChRateC := C_Full (0), TSPX_MTChRateD := C_Full (0), TSPX_MTChRateE := C_Full (0), TSPX_MTChRateF := C_Full (0), TSPX_MTChRateG := C_Full (0), TSPX_MTChRateH := C_Full (0), TSPX_MTChRateI := C_Full (0), TSPX_MTChRateJ := C_Full (0), C_arfcnA := 51 }
2026/Jun/08 11:38:36.150047 EXECUTOR - Module TC_26_6_1_2 has the following parameters: { TSPX_nPara := 3, TSPX_i1Para := 3, TSPX_kPara := 5, TSPX_i2Para := 1, TSPX_rPara := 4, TSPX_i3Para := 4 }
2026/Jun/08 11:38:36.150097 EXECUTOR - Initializing module GSM_Component_Definitions.
2026/Jun/08 11:38:36.150107 EXECUTOR GSM_Component_Definitions.ttcn3:0 Initializing module GSM_Templates.
2026/Jun/08 11:38:36.150128 EXECUTOR GSM_Templates.ttcn3:0 Initializing module GSM_Constants.
2026/Jun/08 11:38:36.150135 EXECUTOR GSM_Constants.ttcn3:0 Initializing module GSM_Types.
2026/Jun/08 11:38:36.150139 EXECUTOR GSM_Constants.ttcn3:0 Initialization of module GSM_Types finished.
2026/Jun/08 11:38:36.150143 EXECUTOR GSM_Templates.ttcn3:0 Initialization of module GSM_Constants finished.
2026/Jun/08 11:38:36.150237 EXECUTOR GSM_Component_Definitions.ttcn3:0 Initialization of module GSM_Templates finished.
2026/Jun/08 11:38:36.150242 EXECUTOR - Initialization of module GSM_Component_Definitions finished.
2026/Jun/08 11:38:36.150246 EXECUTOR - Initializing module GSM_Functions.
2026/Jun/08 11:38:36.150274 EXECUTOR - Initialization of module GSM_Functions finished.
2026/Jun/08 11:38:36.150277 EXECUTOR - Initializing module PreGenRecordOf.
2026/Jun/08 11:38:36.150281 EXECUTOR - Initialization of module PreGenRecordOf finished.
2026/Jun/08 11:38:36.150283 EXECUTOR - Initializing module TC_26_2_1_3.
2026/Jun/08 11:38:36.150289 EXECUTOR - Initialization of module TC_26_2_1_3 finished.
2026/Jun/08 11:38:36.150292 EXECUTOR - Initializing module TC_26_2_2.
2026/Jun/08 11:38:36.150298 EXECUTOR - Initialization of module TC_26_2_2 finished.
2026/Jun/08 11:38:36.150301 EXECUTOR - Initializing module TC_26_2_3.
2026/Jun/08 11:38:36.150307 EXECUTOR - Initialization of module TC_26_2_3 finished.
2026/Jun/08 11:38:36.150310 EXECUTOR - Initializing module TC_26_6_11_1.
2026/Jun/08 11:38:36.150316 EXECUTOR - Initialization of module TC_26_6_11_1 finished.
2026/Jun/08 11:38:36.150319 EXECUTOR - Initializing module TC_26_6_11_2.
2026/Jun/08 11:38:36.150334 EXECUTOR - Initialization of module TC_26_6_11_2 finished.
2026/Jun/08 11:38:36.150336 EXECUTOR - Initializing module TC_26_6_12_1.
2026/Jun/08 11:38:36.150341 EXECUTOR - Initialization of module TC_26_6_12_1 finished.
2026/Jun/08 11:38:36.150344 EXECUTOR - Initializing module TC_26_6_12_2.
2026/Jun/08 11:38:36.150349 EXECUTOR - Initialization of module TC_26_6_12_2 finished.
2026/Jun/08 11:38:36.150351 EXECUTOR - Initializing module TC_26_6_12_3.
2026/Jun/08 11:38:36.150356 EXECUTOR - Initialization of module TC_26_6_12_3 finished.
2026/Jun/08 11:38:36.150358 EXECUTOR - Initializing module TC_26_6_12_4.
2026/Jun/08 11:38:36.150364 EXECUTOR - Initialization of module TC_26_6_12_4 finished.
2026/Jun/08 11:38:36.150366 EXECUTOR - Initializing module TC_26_6_13_10.
2026/Jun/08 11:38:36.150371 EXECUTOR - Initialization of module TC_26_6_13_10 finished.
2026/Jun/08 11:38:36.150374 EXECUTOR - Initializing module TC_26_6_13_9.
2026/Jun/08 11:38:36.150379 EXECUTOR - Initialization of module TC_26_6_13_9 finished.
2026/Jun/08 11:38:36.150381 EXECUTOR - Initializing module TC_26_6_1_1.
2026/Jun/08 11:38:36.150387 EXECUTOR - Initialization of module TC_26_6_1_1 finished.
2026/Jun/08 11:38:36.150389 EXECUTOR - Initializing module TC_26_6_1_2.
2026/Jun/08 11:38:36.150394 EXECUTOR - Initialization of module TC_26_6_1_2 finished.
2026/Jun/08 11:38:36.150396 EXECUTOR - Initializing module TC_26_6_1_3.
2026/Jun/08 11:38:36.150402 EXECUTOR - Initialization of module TC_26_6_1_3 finished.
2026/Jun/08 11:38:36.150404 EXECUTOR - Initializing module TC_26_6_1_4.
2026/Jun/08 11:38:36.150409 EXECUTOR - Initialization of module TC_26_6_1_4 finished.
2026/Jun/08 11:38:36.150412 EXECUTOR - Initializing module TC_26_6_1_5.
2026/Jun/08 11:38:36.150417 EXECUTOR - Initialization of module TC_26_6_1_5 finished.
2026/Jun/08 11:38:36.150420 EXECUTOR - Initializing module TC_26_6_2_1_1.
2026/Jun/08 11:38:36.150425 EXECUTOR - Initialization of module TC_26_6_2_1_1 finished.
2026/Jun/08 11:38:36.150427 EXECUTOR - Initializing module TC_26_6_2_1_2.
2026/Jun/08 11:38:36.150432 EXECUTOR - Initialization of module TC_26_6_2_1_2 finished.
2026/Jun/08 11:38:36.150435 EXECUTOR - Initializing module TC_26_6_2_1_3.
2026/Jun/08 11:38:36.150440 EXECUTOR - Initialization of module TC_26_6_2_1_3 finished.
2026/Jun/08 11:38:36.150443 EXECUTOR - Initializing module TC_26_6_2_2.
2026/Jun/08 11:38:36.150448 EXECUTOR - Initialization of module TC_26_6_2_2 finished.
2026/Jun/08 11:38:36.150450 EXECUTOR - Initializing module TC_26_6_2_3_1.
2026/Jun/08 11:38:36.150456 EXECUTOR - Initialization of module TC_26_6_2_3_1 finished.
2026/Jun/08 11:38:36.150458 EXECUTOR - Initializing module TC_26_6_2_3_2.
2026/Jun/08 11:38:36.150463 EXECUTOR - Initialization of module TC_26_6_2_3_2 finished.
2026/Jun/08 11:38:36.150469 EXECUTOR - Initializing module TC_26_6_2_4.
2026/Jun/08 11:38:36.150475 EXECUTOR - Initialization of module TC_26_6_2_4 finished.
2026/Jun/08 11:38:36.150477 EXECUTOR - Initializing module TC_26_6_3_1.
2026/Jun/08 11:38:36.150483 EXECUTOR - Initialization of module TC_26_6_3_1 finished.
2026/Jun/08 11:38:36.150485 EXECUTOR - Initializing module TC_26_6_3_4.
2026/Jun/08 11:38:36.150490 EXECUTOR - Initialization of module TC_26_6_3_4 finished.
2026/Jun/08 11:38:36.150493 EXECUTOR - Initializing module TC_26_6_4_1.
2026/Jun/08 11:38:36.150498 EXECUTOR - Initialization of module TC_26_6_4_1 finished.
2026/Jun/08 11:38:36.150500 EXECUTOR - Initializing module TC_26_6_4_2_2.
2026/Jun/08 11:38:36.150506 EXECUTOR - Initialization of module TC_26_6_4_2_2 finished.
2026/Jun/08 11:38:36.150508 EXECUTOR - Initializing module TC_26_6_5_1.
2026/Jun/08 11:38:36.150513 EXECUTOR - Initialization of module TC_26_6_5_1 finished.
2026/Jun/08 11:38:36.150515 EXECUTOR - Initializing module TC_26_6_5_2_1.
2026/Jun/08 11:38:36.150520 EXECUTOR - Initialization of module TC_26_6_5_2_1 finished.
2026/Jun/08 11:38:36.150523 EXECUTOR - Initializing module TC_26_6_8_1.
2026/Jun/08 11:38:36.150528 EXECUTOR - Initialization of module TC_26_6_8_1 finished.
2026/Jun/08 11:38:36.150530 EXECUTOR - Initializing module TC_26_6_8_2.
2026/Jun/08 11:38:36.150535 EXECUTOR - Initialization of module TC_26_6_8_2 finished.
2026/Jun/08 11:38:36.150538 EXECUTOR - Initializing module TC_26_6_8_3.
2026/Jun/08 11:38:36.150543 EXECUTOR - Initialization of module TC_26_6_8_3 finished.
2026/Jun/08 11:38:36.150545 EXECUTOR - Initializing module TC_26_6_8_4.
2026/Jun/08 11:38:36.150550 EXECUTOR - Initialization of module TC_26_6_8_4 finished.
2026/Jun/08 11:38:36.150553 EXECUTOR - Initializing module TC_26_6_8_5.
2026/Jun/08 11:38:36.150558 EXECUTOR - Initialization of module TC_26_6_8_5 finished.
2026/Jun/08 11:38:36.150560 EXECUTOR - Initializing module TC_26_7_1.
2026/Jun/08 11:38:36.150565 EXECUTOR - Initialization of module TC_26_7_1 finished.
2026/Jun/08 11:38:36.150568 EXECUTOR - Initializing module TC_26_7_2_1.
2026/Jun/08 11:38:36.150573 EXECUTOR - Initialization of module TC_26_7_2_1 finished.
2026/Jun/08 11:38:36.150575 EXECUTOR - Initializing module TC_26_7_2_2.
2026/Jun/08 11:38:36.150580 EXECUTOR - Initialization of module TC_26_7_2_2 finished.
2026/Jun/08 11:38:36.150583 EXECUTOR - Initializing module TC_26_7_3_1.
2026/Jun/08 11:38:36.150587 EXECUTOR - Initialization of module TC_26_7_3_1 finished.
2026/Jun/08 11:38:36.150590 EXECUTOR - Initializing module TC_26_7_3_2.
2026/Jun/08 11:38:36.150595 EXECUTOR - Initialization of module TC_26_7_3_2 finished.
2026/Jun/08 11:38:36.150597 EXECUTOR - Initializing module TC_26_7_4_1.
2026/Jun/08 11:38:36.150602 EXECUTOR - Initialization of module TC_26_7_4_1 finished.
2026/Jun/08 11:38:36.150605 EXECUTOR - Initializing module TC_26_7_4_2_1.
2026/Jun/08 11:38:36.150610 EXECUTOR - Initialization of module TC_26_7_4_2_1 finished.
2026/Jun/08 11:38:36.150612 EXECUTOR - Initializing module TC_26_7_4_2_2_1.
2026/Jun/08 11:38:36.150618 EXECUTOR - Initialization of module TC_26_7_4_2_2_1 finished.
2026/Jun/08 11:38:36.150620 EXECUTOR - Initializing module TC_26_7_4_2_2_2.
2026/Jun/08 11:38:36.150625 EXECUTOR - Initialization of module TC_26_7_4_2_2_2 finished.
2026/Jun/08 11:38:36.150628 EXECUTOR - Initializing module TC_26_7_4_2_3.
2026/Jun/08 11:38:36.150633 EXECUTOR - Initialization of module TC_26_7_4_2_3 finished.
2026/Jun/08 11:38:36.150635 EXECUTOR - Initializing module TC_26_7_4_2_4_1.
2026/Jun/08 11:38:36.150640 EXECUTOR - Initialization of module TC_26_7_4_2_4_1 finished.
2026/Jun/08 11:38:36.150643 EXECUTOR - Initializing module TC_26_7_4_2_4_2.
2026/Jun/08 11:38:36.150648 EXECUTOR - Initialization of module TC_26_7_4_2_4_2 finished.
2026/Jun/08 11:38:36.150650 EXECUTOR - Initializing module TC_26_7_4_2_4_3.
2026/Jun/08 11:38:36.150655 EXECUTOR - Initialization of module TC_26_7_4_2_4_3 finished.
2026/Jun/08 11:38:36.150658 EXECUTOR - Initializing module TC_26_7_4_2_4_4.
2026/Jun/08 11:38:36.150667 EXECUTOR - Initialization of module TC_26_7_4_2_4_4 finished.
2026/Jun/08 11:38:36.150669 EXECUTOR - Initializing module TC_26_7_4_2_4_5.
2026/Jun/08 11:38:36.150674 EXECUTOR - Initialization of module TC_26_7_4_2_4_5 finished.
2026/Jun/08 11:38:36.150677 EXECUTOR - Initializing module TC_26_7_4_3_1.
2026/Jun/08 11:38:36.150682 EXECUTOR - Initialization of module TC_26_7_4_3_1 finished.
2026/Jun/08 11:38:36.150685 EXECUTOR - Initializing module TC_26_7_4_3_2.
2026/Jun/08 11:38:36.150691 EXECUTOR - Initialization of module TC_26_7_4_3_2 finished.
2026/Jun/08 11:38:36.150693 EXECUTOR - Initializing module TC_26_7_4_3_3.
2026/Jun/08 11:38:36.150699 EXECUTOR - Initialization of module TC_26_7_4_3_3 finished.
2026/Jun/08 11:38:36.150701 EXECUTOR - Initializing module TC_26_7_4_3_4.
2026/Jun/08 11:38:36.150706 EXECUTOR - Initialization of module TC_26_7_4_3_4 finished.
2026/Jun/08 11:38:36.150709 EXECUTOR - Initializing module TC_26_7_4_4.
2026/Jun/08 11:38:36.150714 EXECUTOR - Initialization of module TC_26_7_4_4 finished.
2026/Jun/08 11:38:36.150716 EXECUTOR - Initializing module TC_26_7_4_5_1.
2026/Jun/08 11:38:36.150722 EXECUTOR - Initialization of module TC_26_7_4_5_1 finished.
2026/Jun/08 11:38:36.150724 EXECUTOR - Initializing module TC_26_7_4_5_2.
2026/Jun/08 11:38:36.150730 EXECUTOR - Initialization of module TC_26_7_4_5_2 finished.
2026/Jun/08 11:38:36.150732 EXECUTOR - Initializing module TC_26_7_4_5_3.
2026/Jun/08 11:38:36.150737 EXECUTOR - Initialization of module TC_26_7_4_5_3 finished.
2026/Jun/08 11:38:36.150740 EXECUTOR - Initializing module TC_26_7_4_5_4_2.
2026/Jun/08 11:38:36.150745 EXECUTOR - Initialization of module TC_26_7_4_5_4_2 finished.
2026/Jun/08 11:38:36.150747 EXECUTOR - Initializing module TC_26_7_5_2.
2026/Jun/08 11:38:36.150753 EXECUTOR - Initialization of module TC_26_7_5_2 finished.
2026/Jun/08 11:38:36.150755 EXECUTOR - Initializing module TC_26_7_5_3.
2026/Jun/08 11:38:36.150761 EXECUTOR - Initialization of module TC_26_7_5_3 finished.
2026/Jun/08 11:38:36.150763 EXECUTOR - Initializing module TC_26_7_5_4.
2026/Jun/08 11:38:36.150768 EXECUTOR - Initialization of module TC_26_7_5_4 finished.
2026/Jun/08 11:38:36.150771 EXECUTOR - Initializing module TC_26_7_5_5.
2026/Jun/08 11:38:36.150776 EXECUTOR - Initialization of module TC_26_7_5_5 finished.
2026/Jun/08 11:38:36.150778 EXECUTOR - Initializing module TC_26_7_5_6.
2026/Jun/08 11:38:36.150784 EXECUTOR - Initialization of module TC_26_7_5_6 finished.
2026/Jun/08 11:38:36.150786 EXECUTOR - Initializing module TC_26_7_5_7_1.
2026/Jun/08 11:38:36.150792 EXECUTOR - Initialization of module TC_26_7_5_7_1 finished.
2026/Jun/08 11:38:36.150794 EXECUTOR - Initializing module TC_26_7_5_8_1.
2026/Jun/08 11:38:36.150799 EXECUTOR - Initialization of module TC_26_7_5_8_1 finished.
2026/Jun/08 11:38:36.150802 EXECUTOR - Initializing module TC_26_7_5_8_2.
2026/Jun/08 11:38:36.150807 EXECUTOR - Initialization of module TC_26_7_5_8_2 finished.
2026/Jun/08 11:38:36.150809 EXECUTOR - Initializing module TC_26_7_5_8_3.
2026/Jun/08 11:38:36.150814 EXECUTOR - Initialization of module TC_26_7_5_8_3 finished.
2026/Jun/08 11:38:36.150817 EXECUTOR - Initializing module TC_26_8_1_2_1_1.
2026/Jun/08 11:38:36.150828 EXECUTOR - Initialization of module TC_26_8_1_2_1_1 finished.
2026/Jun/08 11:38:36.150833 EXECUTOR - Initializing module TC_26_8_1_2_2_1.
2026/Jun/08 11:38:36.150838 EXECUTOR - Initialization of module TC_26_8_1_2_2_1 finished.
2026/Jun/08 11:38:36.150840 EXECUTOR - Initializing module TC_26_8_1_2_2_2.
2026/Jun/08 11:38:36.150846 EXECUTOR - Initialization of module TC_26_8_1_2_2_2 finished.
2026/Jun/08 11:38:36.150848 EXECUTOR - Initializing module TC_26_8_1_2_2_3.
2026/Jun/08 11:38:36.150854 EXECUTOR - Initialization of module TC_26_8_1_2_2_3 finished.
2026/Jun/08 11:38:36.150856 EXECUTOR - Initializing module TC_26_8_1_2_3_1.
2026/Jun/08 11:38:36.150861 EXECUTOR - Initialization of module TC_26_8_1_2_3_1 finished.
2026/Jun/08 11:38:36.150864 EXECUTOR - Initializing module TC_26_8_1_2_3_2.
2026/Jun/08 11:38:36.150868 EXECUTOR - Initialization of module TC_26_8_1_2_3_2 finished.
2026/Jun/08 11:38:36.150884 EXECUTOR - Initializing module TC_26_8_1_2_3_3.
2026/Jun/08 11:38:36.150889 EXECUTOR - Initialization of module TC_26_8_1_2_3_3 finished.
2026/Jun/08 11:38:36.150891 EXECUTOR - Initializing module TC_26_8_1_2_3_4.
2026/Jun/08 11:38:36.150896 EXECUTOR - Initialization of module TC_26_8_1_2_3_4 finished.
2026/Jun/08 11:38:36.150899 EXECUTOR - Initializing module TC_26_8_1_2_3_5.
2026/Jun/08 11:38:36.150904 EXECUTOR - Initialization of module TC_26_8_1_2_3_5 finished.
2026/Jun/08 11:38:36.150907 EXECUTOR - Initializing module TC_26_8_1_2_3_6.
2026/Jun/08 11:38:36.150912 EXECUTOR - Initialization of module TC_26_8_1_2_3_6 finished.
2026/Jun/08 11:38:36.150914 EXECUTOR - Initializing module TC_26_8_1_2_3_7.
2026/Jun/08 11:38:36.150920 EXECUTOR - Initialization of module TC_26_8_1_2_3_7 finished.
2026/Jun/08 11:38:36.150922 EXECUTOR - Initializing module TC_26_8_1_2_4_1.
2026/Jun/08 11:38:36.150927 EXECUTOR - Initialization of module TC_26_8_1_2_4_1 finished.
2026/Jun/08 11:38:36.150929 EXECUTOR - Initializing module TC_26_8_1_2_4_13.
2026/Jun/08 11:38:36.150935 EXECUTOR - Initialization of module TC_26_8_1_2_4_13 finished.
2026/Jun/08 11:38:36.150937 EXECUTOR - Initializing module TC_26_8_1_2_4_2.
2026/Jun/08 11:38:36.150942 EXECUTOR - Initialization of module TC_26_8_1_2_4_2 finished.
2026/Jun/08 11:38:36.150945 EXECUTOR - Initializing module TC_26_8_1_2_4_3.
2026/Jun/08 11:38:36.150950 EXECUTOR - Initialization of module TC_26_8_1_2_4_3 finished.
2026/Jun/08 11:38:36.150952 EXECUTOR - Initializing module TC_26_8_1_2_4_4.
2026/Jun/08 11:38:36.150958 EXECUTOR - Initialization of module TC_26_8_1_2_4_4 finished.
2026/Jun/08 11:38:36.150960 EXECUTOR - Initializing module TC_26_8_1_2_4_5.
2026/Jun/08 11:38:36.150966 EXECUTOR - Initialization of module TC_26_8_1_2_4_5 finished.
2026/Jun/08 11:38:36.150968 EXECUTOR - Initializing module TC_26_8_1_2_6_1.
2026/Jun/08 11:38:36.150973 EXECUTOR - Initialization of module TC_26_8_1_2_6_1 finished.
2026/Jun/08 11:38:36.150975 EXECUTOR - Initializing module TC_26_8_1_2_6_2.
2026/Jun/08 11:38:36.150981 EXECUTOR - Initialization of module TC_26_8_1_2_6_2 finished.
2026/Jun/08 11:38:36.150983 EXECUTOR - Initializing module TC_26_8_1_2_6_3.
2026/Jun/08 11:38:36.150988 EXECUTOR - Initialization of module TC_26_8_1_2_6_3 finished.
2026/Jun/08 11:38:36.150991 EXECUTOR - Initializing module TC_26_8_1_2_6_6.
2026/Jun/08 11:38:36.150996 EXECUTOR - Initialization of module TC_26_8_1_2_6_6 finished.
2026/Jun/08 11:38:36.150998 EXECUTOR - Initializing module TC_26_8_1_3_1_1.
2026/Jun/08 11:38:36.151003 EXECUTOR - Initialization of module TC_26_8_1_3_1_1 finished.
2026/Jun/08 11:38:36.151006 EXECUTOR - Initializing module TC_26_8_1_3_2_1.
2026/Jun/08 11:38:36.151011 EXECUTOR - Initialization of module TC_26_8_1_3_2_1 finished.
2026/Jun/08 11:38:36.151014 EXECUTOR - Initializing module TC_26_8_1_3_3_1.
2026/Jun/08 11:38:36.151019 EXECUTOR - Initialization of module TC_26_8_1_3_3_1 finished.
2026/Jun/08 11:38:36.151021 EXECUTOR - Initializing module TC_26_8_1_3_3_2.
2026/Jun/08 11:38:36.151026 EXECUTOR - Initialization of module TC_26_8_1_3_3_2 finished.
2026/Jun/08 11:38:36.151029 EXECUTOR - Initializing module TC_26_8_1_3_3_3.
2026/Jun/08 11:38:36.151033 EXECUTOR - Initialization of module TC_26_8_1_3_3_3 finished.
2026/Jun/08 11:38:36.151036 EXECUTOR - Initializing module TC_26_8_1_3_3_4.
2026/Jun/08 11:38:36.151041 EXECUTOR - Initialization of module TC_26_8_1_3_3_4 finished.
2026/Jun/08 11:38:36.151044 EXECUTOR - Initializing module TC_26_8_1_3_3_5.
2026/Jun/08 11:38:36.151049 EXECUTOR - Initialization of module TC_26_8_1_3_3_5 finished.
2026/Jun/08 11:38:36.151052 EXECUTOR - Initializing module TC_26_8_1_3_3_6.
2026/Jun/08 11:38:36.151057 EXECUTOR - Initialization of module TC_26_8_1_3_3_6 finished.
2026/Jun/08 11:38:36.151059 EXECUTOR - Initializing module TC_26_8_1_3_3_7.
2026/Jun/08 11:38:36.151065 EXECUTOR - Initialization of module TC_26_8_1_3_3_7 finished.
2026/Jun/08 11:38:36.151068 EXECUTOR - Initializing module TC_26_8_1_3_4_1.
2026/Jun/08 11:38:36.151075 EXECUTOR - Initialization of module TC_26_8_1_3_4_1 finished.
2026/Jun/08 11:38:36.151078 EXECUTOR - Initializing module TC_26_8_1_3_4_2.
2026/Jun/08 11:38:36.151083 EXECUTOR - Initialization of module TC_26_8_1_3_4_2 finished.
2026/Jun/08 11:38:36.151086 EXECUTOR - Initializing module TC_26_8_1_3_4_3.
2026/Jun/08 11:38:36.151091 EXECUTOR - Initialization of module TC_26_8_1_3_4_3 finished.
2026/Jun/08 11:38:36.151094 EXECUTOR - Initializing module TC_26_8_1_3_4_4.
2026/Jun/08 11:38:36.151099 EXECUTOR - Initialization of module TC_26_8_1_3_4_4 finished.
2026/Jun/08 11:38:36.151102 EXECUTOR - Initializing module TC_26_8_1_3_4_5.
2026/Jun/08 11:38:36.151107 EXECUTOR - Initialization of module TC_26_8_1_3_4_5 finished.
2026/Jun/08 11:38:36.151109 EXECUTOR - Initializing module TC_26_8_1_3_4_6.
2026/Jun/08 11:38:36.151115 EXECUTOR - Initialization of module TC_26_8_1_3_4_6 finished.
2026/Jun/08 11:38:36.151117 EXECUTOR - Initializing module TC_26_8_1_3_4_7.
2026/Jun/08 11:38:36.151122 EXECUTOR - Initialization of module TC_26_8_1_3_4_7 finished.
2026/Jun/08 11:38:36.151124 EXECUTOR - Initializing module TC_26_8_1_3_4_8.
2026/Jun/08 11:38:36.151129 EXECUTOR - Initialization of module TC_26_8_1_3_4_8 finished.
2026/Jun/08 11:38:36.151132 EXECUTOR - Initializing module TC_26_8_1_3_5_1.
2026/Jun/08 11:38:36.151137 EXECUTOR - Initialization of module TC_26_8_1_3_5_1 finished.
2026/Jun/08 11:38:36.151139 EXECUTOR - Initializing module TC_26_8_1_3_5_2.
2026/Jun/08 11:38:36.151144 EXECUTOR - Initialization of module TC_26_8_1_3_5_2 finished.
2026/Jun/08 11:38:36.151147 EXECUTOR - Initializing module TC_26_8_1_3_5_3.
2026/Jun/08 11:38:36.151152 EXECUTOR - Initialization of module TC_26_8_1_3_5_3 finished.
2026/Jun/08 11:38:36.151154 EXECUTOR - Initializing module TC_26_8_1_3_5_4.
2026/Jun/08 11:38:36.151160 EXECUTOR - Initialization of module TC_26_8_1_3_5_4 finished.
2026/Jun/08 11:38:36.151162 EXECUTOR - Initializing module TC_26_8_1_3_5_5.
2026/Jun/08 11:38:36.151168 EXECUTOR - Initialization of module TC_26_8_1_3_5_5 finished.
2026/Jun/08 11:38:36.151170 EXECUTOR - Initializing module TC_26_8_1_3_5_6.
2026/Jun/08 11:38:36.151176 EXECUTOR - Initialization of module TC_26_8_1_3_5_6 finished.
2026/Jun/08 11:38:36.151178 EXECUTOR - Initializing module TC_26_8_1_3_5_7.
2026/Jun/08 11:38:36.151184 EXECUTOR - Initialization of module TC_26_8_1_3_5_7 finished.
2026/Jun/08 11:38:36.151186 EXECUTOR - Initializing module TC_26_8_1_3_5_8.
2026/Jun/08 11:38:36.151192 EXECUTOR - Initialization of module TC_26_8_1_3_5_8 finished.
2026/Jun/08 11:38:36.151194 EXECUTOR - Initializing module TC_26_8_1_3_5_9.
2026/Jun/08 11:38:36.151200 EXECUTOR - Initialization of module TC_26_8_1_3_5_9 finished.
2026/Jun/08 11:38:36.151202 EXECUTOR - Initializing module TC_26_8_2_1.
2026/Jun/08 11:38:36.151208 EXECUTOR - Initialization of module TC_26_8_2_1 finished.
2026/Jun/08 11:38:36.151210 EXECUTOR - Initializing module TC_26_8_2_2.
2026/Jun/08 11:38:36.151215 EXECUTOR - Initialization of module TC_26_8_2_2 finished.
2026/Jun/08 11:38:36.151218 EXECUTOR - Initializing module TC_26_8_2_3.
2026/Jun/08 11:38:36.151223 EXECUTOR - Initialization of module TC_26_8_2_3 finished.
2026/Jun/08 11:38:36.151225 EXECUTOR - Initializing module TC_26_8_3.
2026/Jun/08 11:38:36.151231 EXECUTOR - Initialization of module TC_26_8_3 finished.
2026/Jun/08 11:38:36.151233 EXECUTOR - Initializing module TC_34_2_2.
2026/Jun/08 11:38:36.151239 EXECUTOR - Initialization of module TC_34_2_2 finished.
2026/Jun/08 11:38:36.151241 EXECUTOR - Initializing module TitanLoggerApi.
2026/Jun/08 11:38:36.151244 EXECUTOR - Initialization of module TitanLoggerApi finished.
2026/Jun/08 11:38:36.151246 EXECUTOR - Initializing module TitanLoggerControl.
2026/Jun/08 11:38:36.151248 EXECUTOR - Initialization of module TitanLoggerControl finished.
2026/Jun/08 11:38:36.151259 EXECUTOR - Configuration data was processed successfully.
2026/Jun/08 11:38:36.153004 EXECUTOR - MTC was created. Process id: 297.
2026/Jun/08 11:39:22.001297 EXECUTOR - Exit was requested from MC. Terminating HC.
2026/Jun/08 11:39:22.001407 EXECUTOR - Disconnected from MC.
2026/Jun/08 11:39:22.001425 EXECUTOR - TTCN-3 Host Controller finished.
