2026/Jun/16 10:28:26.739183 EXECUTOR - TTCN-3 Host Controller started on ttcn3-tc-26-6-1-1-1-w7frj. Version: 11.1.0.
2026/Jun/16 10:28:26.739361 EXECUTOR - TTCN Logger v2.2 options: TimeStampFormat:=DateTime; LogEntityName:=No; LogEventTypes:=Yes; SourceInfoFormat:=Single; LogSensitiveData:=No; *.FileMask:=LOG_ALL; *.ConsoleMask:=ERROR | TESTCASE | USER | VERDICTOP | WARNING; LogFileSize:=0; LogFileNumber:=1; DiskFullAction:=Error
2026/Jun/16 10:28:26.739373 EXECUTOR - Maximum number of open file descriptors: 1048576,   FD_SETSIZE = 1024
2026/Jun/16 10:28:26.739499 WARNING - Warning: The address of MC was set to a local IP address. This may cause incorrect behavior if a HC from a remote host also connects to MC.
2026/Jun/16 10:28:26.739540 EXECUTOR - The address of MC was set to 127.0.0.1:0.
2026/Jun/16 10:28:26.739661 EXECUTOR - Connected to MC.
2026/Jun/16 10:28:26.739778 EXECUTOR - This host supports UNIX domain sockets for local communication.
2026/Jun/16 10:28:26.807906 EXECUTOR - Processing configuration data received from MC.
2026/Jun/16 10:28:26.808180 WARNING - Warning: Skeleton `/results/TC_26_6_1_1-2026-06-16-102823/%n.log' does not guarantee unique log file name for every test system process. It may cause unpredictable results if several test components try to write into the same log file.
2026/Jun/16 10:28:26.808517 EXECUTOR - Module GSM_Constants has the following parameters: { TSPC_Serv_TS11 := true, TSPC_Serv_TS61 := false, TSPC_Serv_TS62 := false, TSPC_Serv_BS21 := false, TSPC_Serv_BS22 := false, TSPC_Serv_BS24 := false, TSPC_Serv_BS25 := false, TSPC_Serv_BS26 := false, TSPC_Serv_BS31 := false, TSPC_Serv_BS32 := false, TSPC_Serv_BS33 := false, TSPC_Serv_BS34 := false, TSPC_Serv_BS41 := false, TSPC_Serv_BS42 := false, TSPC_Serv_BS43 := false, TSPC_Serv_BS44 := false, TSPC_Serv_BS45 := false, TSPC_Serv_BS51 := false, TSPC_Serv_BS61 := false, TSPC_Serv_BS81 := false, TSPC_DualRate := false, TSPC_MTsvc := true, TSPX_IMSI := '901700000000001F'O, TSPX_TMSI := '1914D97F'O, TSPX_CKSNDef := 0, TSPX_RANDDef := '00112233445566778899AABBCCDDEEFF'O, TSPX_SRES := '12345678'O, TSPX_Kc := '0000000000000000'O, TSPX_SDCCH4SubDef := 0, TSPX_TmSltDef := 0, TSPX_TscDef := 7, TSPX_TCHHSubDef := 0, TCV_CC := true, TSPX_Telephony_Rate := C_Full (0), TSPX_MOBscSvcA := C_Telephony (0), TSPX_MOBscSvcB := C_Telephony (0), TSPX_MOBscSvcC := C_Telephony (0), TSPX_MOBscSvcD := C_Telephony (0), TSPX_MOBscSvcE := C_Telephony (0), TSPX_MOBscSvcF := C_Telephony (0), TSPX_MOBscSvcG := C_Telephony (0), TSPX_MOChRateA := C_Full (0), TSPX_MOChRateB := C_Full (0), TSPX_MOChRateC := C_Full (0), TSPX_MOChRateD := C_Full (0), TSPX_MOChRateE := C_Full (0), TSPX_MOChRateF := C_Full (0), TSPX_MOChRateG := C_Full (0), TSPX_MTBscSvcA := C_Telephony (0), TSPX_MTBscSvcB := C_Telephony (0), TSPX_MTBscSvcC := C_Telephony (0), TSPX_MTBscSvcD := C_Telephony (0), TSPX_MTBscSvcE := C_Telephony (0), TSPX_MTBscSvcF := C_Telephony (0), TSPX_MTBscSvcG := C_Telephony (0), TSPX_MTBscSvcH := C_Telephony (0), TSPX_MTBscSvcI := C_Telephony (0), TSPX_MTBscSvcJ := C_Telephony (0), TSPX_MTChRateA := C_Full (0), TSPX_MTChRateB := C_Full (0), TSPX_MTChRateC := C_Full (0), TSPX_MTChRateD := C_Full (0), TSPX_MTChRateE := C_Full (0), TSPX_MTChRateF := C_Full (0), TSPX_MTChRateG := C_Full (0), TSPX_MTChRateH := C_Full (0), TSPX_MTChRateI := C_Full (0), TSPX_MTChRateJ := C_Full (0), C_arfcnA := 100 }
2026/Jun/16 10:28:26.808601 EXECUTOR - Module TC_26_6_1_2 has the following parameters: { TSPX_nPara := 3, TSPX_i1Para := 3, TSPX_kPara := 5, TSPX_i2Para := 1, TSPX_rPara := 4, TSPX_i3Para := 4 }
2026/Jun/16 10:28:26.808643 EXECUTOR - Initializing module GSM_Component_Definitions.
2026/Jun/16 10:28:26.808652 EXECUTOR GSM_Component_Definitions.ttcn3:0 Initializing module GSM_Templates.
2026/Jun/16 10:28:26.808671 EXECUTOR GSM_Templates.ttcn3:0 Initializing module GSM_Constants.
2026/Jun/16 10:28:26.808676 EXECUTOR GSM_Constants.ttcn3:0 Initializing module GSM_Types.
2026/Jun/16 10:28:26.808679 EXECUTOR GSM_Constants.ttcn3:0 Initialization of module GSM_Types finished.
2026/Jun/16 10:28:26.808682 EXECUTOR GSM_Templates.ttcn3:0 Initialization of module GSM_Constants finished.
2026/Jun/16 10:28:26.808761 EXECUTOR GSM_Component_Definitions.ttcn3:0 Initialization of module GSM_Templates finished.
2026/Jun/16 10:28:26.808765 EXECUTOR - Initialization of module GSM_Component_Definitions finished.
2026/Jun/16 10:28:26.808767 EXECUTOR - Initializing module GSM_Functions.
2026/Jun/16 10:28:26.808791 EXECUTOR - Initialization of module GSM_Functions finished.
2026/Jun/16 10:28:26.808793 EXECUTOR - Initializing module PreGenRecordOf.
2026/Jun/16 10:28:26.808796 EXECUTOR - Initialization of module PreGenRecordOf finished.
2026/Jun/16 10:28:26.808798 EXECUTOR - Initializing module TC_26_2_1_3.
2026/Jun/16 10:28:26.808803 EXECUTOR - Initialization of module TC_26_2_1_3 finished.
2026/Jun/16 10:28:26.808806 EXECUTOR - Initializing module TC_26_2_2.
2026/Jun/16 10:28:26.808810 EXECUTOR - Initialization of module TC_26_2_2 finished.
2026/Jun/16 10:28:26.808812 EXECUTOR - Initializing module TC_26_2_3.
2026/Jun/16 10:28:26.808818 EXECUTOR - Initialization of module TC_26_2_3 finished.
2026/Jun/16 10:28:26.808827 EXECUTOR - Initializing module TC_26_6_11_1.
2026/Jun/16 10:28:26.808836 EXECUTOR - Initialization of module TC_26_6_11_1 finished.
2026/Jun/16 10:28:26.808839 EXECUTOR - Initializing module TC_26_6_11_2.
2026/Jun/16 10:28:26.808844 EXECUTOR - Initialization of module TC_26_6_11_2 finished.
2026/Jun/16 10:28:26.808846 EXECUTOR - Initializing module TC_26_6_12_1.
2026/Jun/16 10:28:26.808851 EXECUTOR - Initialization of module TC_26_6_12_1 finished.
2026/Jun/16 10:28:26.808853 EXECUTOR - Initializing module TC_26_6_12_2.
2026/Jun/16 10:28:26.808859 EXECUTOR - Initialization of module TC_26_6_12_2 finished.
2026/Jun/16 10:28:26.808861 EXECUTOR - Initializing module TC_26_6_12_3.
2026/Jun/16 10:28:26.808866 EXECUTOR - Initialization of module TC_26_6_12_3 finished.
2026/Jun/16 10:28:26.808868 EXECUTOR - Initializing module TC_26_6_12_4.
2026/Jun/16 10:28:26.808873 EXECUTOR - Initialization of module TC_26_6_12_4 finished.
2026/Jun/16 10:28:26.808875 EXECUTOR - Initializing module TC_26_6_13_10.
2026/Jun/16 10:28:26.808880 EXECUTOR - Initialization of module TC_26_6_13_10 finished.
2026/Jun/16 10:28:26.808882 EXECUTOR - Initializing module TC_26_6_13_9.
2026/Jun/16 10:28:26.808888 EXECUTOR - Initialization of module TC_26_6_13_9 finished.
2026/Jun/16 10:28:26.808890 EXECUTOR - Initializing module TC_26_6_1_1.
2026/Jun/16 10:28:26.808896 EXECUTOR - Initialization of module TC_26_6_1_1 finished.
2026/Jun/16 10:28:26.808898 EXECUTOR - Initializing module TC_26_6_1_2.
2026/Jun/16 10:28:26.808903 EXECUTOR - Initialization of module TC_26_6_1_2 finished.
2026/Jun/16 10:28:26.808905 EXECUTOR - Initializing module TC_26_6_1_3.
2026/Jun/16 10:28:26.808910 EXECUTOR - Initialization of module TC_26_6_1_3 finished.
2026/Jun/16 10:28:26.808912 EXECUTOR - Initializing module TC_26_6_1_4.
2026/Jun/16 10:28:26.808917 EXECUTOR - Initialization of module TC_26_6_1_4 finished.
2026/Jun/16 10:28:26.808919 EXECUTOR - Initializing module TC_26_6_1_5.
2026/Jun/16 10:28:26.808924 EXECUTOR - Initialization of module TC_26_6_1_5 finished.
2026/Jun/16 10:28:26.808926 EXECUTOR - Initializing module TC_26_6_2_1_1.
2026/Jun/16 10:28:26.808931 EXECUTOR - Initialization of module TC_26_6_2_1_1 finished.
2026/Jun/16 10:28:26.808933 EXECUTOR - Initializing module TC_26_6_2_1_2.
2026/Jun/16 10:28:26.808938 EXECUTOR - Initialization of module TC_26_6_2_1_2 finished.
2026/Jun/16 10:28:26.808941 EXECUTOR - Initializing module TC_26_6_2_1_3.
2026/Jun/16 10:28:26.808946 EXECUTOR - Initialization of module TC_26_6_2_1_3 finished.
2026/Jun/16 10:28:26.808948 EXECUTOR - Initializing module TC_26_6_2_2.
2026/Jun/16 10:28:26.808954 EXECUTOR - Initialization of module TC_26_6_2_2 finished.
2026/Jun/16 10:28:26.808956 EXECUTOR - Initializing module TC_26_6_2_3_1.
2026/Jun/16 10:28:26.808961 EXECUTOR - Initialization of module TC_26_6_2_3_1 finished.
2026/Jun/16 10:28:26.808963 EXECUTOR - Initializing module TC_26_6_2_3_2.
2026/Jun/16 10:28:26.808969 EXECUTOR - Initialization of module TC_26_6_2_3_2 finished.
2026/Jun/16 10:28:26.808974 EXECUTOR - Initializing module TC_26_6_2_4.
2026/Jun/16 10:28:26.808980 EXECUTOR - Initialization of module TC_26_6_2_4 finished.
2026/Jun/16 10:28:26.808982 EXECUTOR - Initializing module TC_26_6_3_1.
2026/Jun/16 10:28:26.808988 EXECUTOR - Initialization of module TC_26_6_3_1 finished.
2026/Jun/16 10:28:26.808990 EXECUTOR - Initializing module TC_26_6_3_4.
2026/Jun/16 10:28:26.808995 EXECUTOR - Initialization of module TC_26_6_3_4 finished.
2026/Jun/16 10:28:26.808998 EXECUTOR - Initializing module TC_26_6_4_1.
2026/Jun/16 10:28:26.809002 EXECUTOR - Initialization of module TC_26_6_4_1 finished.
2026/Jun/16 10:28:26.809005 EXECUTOR - Initializing module TC_26_6_4_2_2.
2026/Jun/16 10:28:26.809010 EXECUTOR - Initialization of module TC_26_6_4_2_2 finished.
2026/Jun/16 10:28:26.809012 EXECUTOR - Initializing module TC_26_6_5_1.
2026/Jun/16 10:28:26.809017 EXECUTOR - Initialization of module TC_26_6_5_1 finished.
2026/Jun/16 10:28:26.809019 EXECUTOR - Initializing module TC_26_6_5_2_1.
2026/Jun/16 10:28:26.809024 EXECUTOR - Initialization of module TC_26_6_5_2_1 finished.
2026/Jun/16 10:28:26.809026 EXECUTOR - Initializing module TC_26_6_8_1.
2026/Jun/16 10:28:26.809031 EXECUTOR - Initialization of module TC_26_6_8_1 finished.
2026/Jun/16 10:28:26.809034 EXECUTOR - Initializing module TC_26_6_8_2.
2026/Jun/16 10:28:26.809038 EXECUTOR - Initialization of module TC_26_6_8_2 finished.
2026/Jun/16 10:28:26.809041 EXECUTOR - Initializing module TC_26_6_8_3.
2026/Jun/16 10:28:26.809046 EXECUTOR - Initialization of module TC_26_6_8_3 finished.
2026/Jun/16 10:28:26.809048 EXECUTOR - Initializing module TC_26_6_8_4.
2026/Jun/16 10:28:26.809053 EXECUTOR - Initialization of module TC_26_6_8_4 finished.
2026/Jun/16 10:28:26.809055 EXECUTOR - Initializing module TC_26_6_8_5.
2026/Jun/16 10:28:26.809060 EXECUTOR - Initialization of module TC_26_6_8_5 finished.
2026/Jun/16 10:28:26.809062 EXECUTOR - Initializing module TC_26_7_1.
2026/Jun/16 10:28:26.809067 EXECUTOR - Initialization of module TC_26_7_1 finished.
2026/Jun/16 10:28:26.809069 EXECUTOR - Initializing module TC_26_7_2_1.
2026/Jun/16 10:28:26.809074 EXECUTOR - Initialization of module TC_26_7_2_1 finished.
2026/Jun/16 10:28:26.809076 EXECUTOR - Initializing module TC_26_7_2_2.
2026/Jun/16 10:28:26.809081 EXECUTOR - Initialization of module TC_26_7_2_2 finished.
2026/Jun/16 10:28:26.809083 EXECUTOR - Initializing module TC_26_7_3_1.
2026/Jun/16 10:28:26.809088 EXECUTOR - Initialization of module TC_26_7_3_1 finished.
2026/Jun/16 10:28:26.809090 EXECUTOR - Initializing module TC_26_7_3_2.
2026/Jun/16 10:28:26.809095 EXECUTOR - Initialization of module TC_26_7_3_2 finished.
2026/Jun/16 10:28:26.809097 EXECUTOR - Initializing module TC_26_7_4_1.
2026/Jun/16 10:28:26.809102 EXECUTOR - Initialization of module TC_26_7_4_1 finished.
2026/Jun/16 10:28:26.809104 EXECUTOR - Initializing module TC_26_7_4_2_1.
2026/Jun/16 10:28:26.809109 EXECUTOR - Initialization of module TC_26_7_4_2_1 finished.
2026/Jun/16 10:28:26.809111 EXECUTOR - Initializing module TC_26_7_4_2_2_1.
2026/Jun/16 10:28:26.809116 EXECUTOR - Initialization of module TC_26_7_4_2_2_1 finished.
2026/Jun/16 10:28:26.809118 EXECUTOR - Initializing module TC_26_7_4_2_2_2.
2026/Jun/16 10:28:26.809124 EXECUTOR - Initialization of module TC_26_7_4_2_2_2 finished.
2026/Jun/16 10:28:26.809126 EXECUTOR - Initializing module TC_26_7_4_2_3.
2026/Jun/16 10:28:26.809131 EXECUTOR - Initialization of module TC_26_7_4_2_3 finished.
2026/Jun/16 10:28:26.809133 EXECUTOR - Initializing module TC_26_7_4_2_4_1.
2026/Jun/16 10:28:26.809138 EXECUTOR - Initialization of module TC_26_7_4_2_4_1 finished.
2026/Jun/16 10:28:26.809140 EXECUTOR - Initializing module TC_26_7_4_2_4_2.
2026/Jun/16 10:28:26.809145 EXECUTOR - Initialization of module TC_26_7_4_2_4_2 finished.
2026/Jun/16 10:28:26.809147 EXECUTOR - Initializing module TC_26_7_4_2_4_3.
2026/Jun/16 10:28:26.809152 EXECUTOR - Initialization of module TC_26_7_4_2_4_3 finished.
2026/Jun/16 10:28:26.809155 EXECUTOR - Initializing module TC_26_7_4_2_4_4.
2026/Jun/16 10:28:26.809162 EXECUTOR - Initialization of module TC_26_7_4_2_4_4 finished.
2026/Jun/16 10:28:26.809165 EXECUTOR - Initializing module TC_26_7_4_2_4_5.
2026/Jun/16 10:28:26.809170 EXECUTOR - Initialization of module TC_26_7_4_2_4_5 finished.
2026/Jun/16 10:28:26.809172 EXECUTOR - Initializing module TC_26_7_4_3_1.
2026/Jun/16 10:28:26.809177 EXECUTOR - Initialization of module TC_26_7_4_3_1 finished.
2026/Jun/16 10:28:26.809179 EXECUTOR - Initializing module TC_26_7_4_3_2.
2026/Jun/16 10:28:26.809184 EXECUTOR - Initialization of module TC_26_7_4_3_2 finished.
2026/Jun/16 10:28:26.809186 EXECUTOR - Initializing module TC_26_7_4_3_3.
2026/Jun/16 10:28:26.809191 EXECUTOR - Initialization of module TC_26_7_4_3_3 finished.
2026/Jun/16 10:28:26.809193 EXECUTOR - Initializing module TC_26_7_4_3_4.
2026/Jun/16 10:28:26.809198 EXECUTOR - Initialization of module TC_26_7_4_3_4 finished.
2026/Jun/16 10:28:26.809200 EXECUTOR - Initializing module TC_26_7_4_4.
2026/Jun/16 10:28:26.809205 EXECUTOR - Initialization of module TC_26_7_4_4 finished.
2026/Jun/16 10:28:26.809207 EXECUTOR - Initializing module TC_26_7_4_5_1.
2026/Jun/16 10:28:26.809212 EXECUTOR - Initialization of module TC_26_7_4_5_1 finished.
2026/Jun/16 10:28:26.809214 EXECUTOR - Initializing module TC_26_7_4_5_2.
2026/Jun/16 10:28:26.809219 EXECUTOR - Initialization of module TC_26_7_4_5_2 finished.
2026/Jun/16 10:28:26.809221 EXECUTOR - Initializing module TC_26_7_4_5_3.
2026/Jun/16 10:28:26.809226 EXECUTOR - Initialization of module TC_26_7_4_5_3 finished.
2026/Jun/16 10:28:26.809228 EXECUTOR - Initializing module TC_26_7_4_5_4_2.
2026/Jun/16 10:28:26.809233 EXECUTOR - Initialization of module TC_26_7_4_5_4_2 finished.
2026/Jun/16 10:28:26.809236 EXECUTOR - Initializing module TC_26_7_5_2.
2026/Jun/16 10:28:26.809241 EXECUTOR - Initialization of module TC_26_7_5_2 finished.
2026/Jun/16 10:28:26.809243 EXECUTOR - Initializing module TC_26_7_5_3.
2026/Jun/16 10:28:26.809249 EXECUTOR - Initialization of module TC_26_7_5_3 finished.
2026/Jun/16 10:28:26.809251 EXECUTOR - Initializing module TC_26_7_5_4.
2026/Jun/16 10:28:26.809256 EXECUTOR - Initialization of module TC_26_7_5_4 finished.
2026/Jun/16 10:28:26.809258 EXECUTOR - Initializing module TC_26_7_5_5.
2026/Jun/16 10:28:26.809263 EXECUTOR - Initialization of module TC_26_7_5_5 finished.
2026/Jun/16 10:28:26.809266 EXECUTOR - Initializing module TC_26_7_5_6.
2026/Jun/16 10:28:26.809271 EXECUTOR - Initialization of module TC_26_7_5_6 finished.
2026/Jun/16 10:28:26.809273 EXECUTOR - Initializing module TC_26_7_5_7_1.
2026/Jun/16 10:28:26.809278 EXECUTOR - Initialization of module TC_26_7_5_7_1 finished.
2026/Jun/16 10:28:26.809280 EXECUTOR - Initializing module TC_26_7_5_8_1.
2026/Jun/16 10:28:26.809285 EXECUTOR - Initialization of module TC_26_7_5_8_1 finished.
2026/Jun/16 10:28:26.809287 EXECUTOR - Initializing module TC_26_7_5_8_2.
2026/Jun/16 10:28:26.809292 EXECUTOR - Initialization of module TC_26_7_5_8_2 finished.
2026/Jun/16 10:28:26.809295 EXECUTOR - Initializing module TC_26_7_5_8_3.
2026/Jun/16 10:28:26.809299 EXECUTOR - Initialization of module TC_26_7_5_8_3 finished.
2026/Jun/16 10:28:26.809301 EXECUTOR - Initializing module TC_26_8_1_2_1_1.
2026/Jun/16 10:28:26.809306 EXECUTOR - Initialization of module TC_26_8_1_2_1_1 finished.
2026/Jun/16 10:28:26.809309 EXECUTOR - Initializing module TC_26_8_1_2_2_1.
2026/Jun/16 10:28:26.809313 EXECUTOR - Initialization of module TC_26_8_1_2_2_1 finished.
2026/Jun/16 10:28:26.809316 EXECUTOR - Initializing module TC_26_8_1_2_2_2.
2026/Jun/16 10:28:26.809321 EXECUTOR - Initialization of module TC_26_8_1_2_2_2 finished.
2026/Jun/16 10:28:26.809323 EXECUTOR - Initializing module TC_26_8_1_2_2_3.
2026/Jun/16 10:28:26.809328 EXECUTOR - Initialization of module TC_26_8_1_2_2_3 finished.
2026/Jun/16 10:28:26.809330 EXECUTOR - Initializing module TC_26_8_1_2_3_1.
2026/Jun/16 10:28:26.809335 EXECUTOR - Initialization of module TC_26_8_1_2_3_1 finished.
2026/Jun/16 10:28:26.809338 EXECUTOR - Initializing module TC_26_8_1_2_3_2.
2026/Jun/16 10:28:26.809342 EXECUTOR - Initialization of module TC_26_8_1_2_3_2 finished.
2026/Jun/16 10:28:26.809347 EXECUTOR - Initializing module TC_26_8_1_2_3_3.
2026/Jun/16 10:28:26.809352 EXECUTOR - Initialization of module TC_26_8_1_2_3_3 finished.
2026/Jun/16 10:28:26.809354 EXECUTOR - Initializing module TC_26_8_1_2_3_4.
2026/Jun/16 10:28:26.809359 EXECUTOR - Initialization of module TC_26_8_1_2_3_4 finished.
2026/Jun/16 10:28:26.809361 EXECUTOR - Initializing module TC_26_8_1_2_3_5.
2026/Jun/16 10:28:26.809366 EXECUTOR - Initialization of module TC_26_8_1_2_3_5 finished.
2026/Jun/16 10:28:26.809368 EXECUTOR - Initializing module TC_26_8_1_2_3_6.
2026/Jun/16 10:28:26.809373 EXECUTOR - Initialization of module TC_26_8_1_2_3_6 finished.
2026/Jun/16 10:28:26.809375 EXECUTOR - Initializing module TC_26_8_1_2_3_7.
2026/Jun/16 10:28:26.809380 EXECUTOR - Initialization of module TC_26_8_1_2_3_7 finished.
2026/Jun/16 10:28:26.809382 EXECUTOR - Initializing module TC_26_8_1_2_4_1.
2026/Jun/16 10:28:26.809387 EXECUTOR - Initialization of module TC_26_8_1_2_4_1 finished.
2026/Jun/16 10:28:26.809389 EXECUTOR - Initializing module TC_26_8_1_2_4_13.
2026/Jun/16 10:28:26.809394 EXECUTOR - Initialization of module TC_26_8_1_2_4_13 finished.
2026/Jun/16 10:28:26.809396 EXECUTOR - Initializing module TC_26_8_1_2_4_2.
2026/Jun/16 10:28:26.809401 EXECUTOR - Initialization of module TC_26_8_1_2_4_2 finished.
2026/Jun/16 10:28:26.809403 EXECUTOR - Initializing module TC_26_8_1_2_4_3.
2026/Jun/16 10:28:26.809408 EXECUTOR - Initialization of module TC_26_8_1_2_4_3 finished.
2026/Jun/16 10:28:26.809410 EXECUTOR - Initializing module TC_26_8_1_2_4_4.
2026/Jun/16 10:28:26.809415 EXECUTOR - Initialization of module TC_26_8_1_2_4_4 finished.
2026/Jun/16 10:28:26.809417 EXECUTOR - Initializing module TC_26_8_1_2_4_5.
2026/Jun/16 10:28:26.809423 EXECUTOR - Initialization of module TC_26_8_1_2_4_5 finished.
2026/Jun/16 10:28:26.809425 EXECUTOR - Initializing module TC_26_8_1_2_6_1.
2026/Jun/16 10:28:26.809430 EXECUTOR - Initialization of module TC_26_8_1_2_6_1 finished.
2026/Jun/16 10:28:26.809432 EXECUTOR - Initializing module TC_26_8_1_2_6_2.
2026/Jun/16 10:28:26.809438 EXECUTOR - Initialization of module TC_26_8_1_2_6_2 finished.
2026/Jun/16 10:28:26.809440 EXECUTOR - Initializing module TC_26_8_1_2_6_3.
2026/Jun/16 10:28:26.809444 EXECUTOR - Initialization of module TC_26_8_1_2_6_3 finished.
2026/Jun/16 10:28:26.809447 EXECUTOR - Initializing module TC_26_8_1_2_6_6.
2026/Jun/16 10:28:26.809452 EXECUTOR - Initialization of module TC_26_8_1_2_6_6 finished.
2026/Jun/16 10:28:26.809454 EXECUTOR - Initializing module TC_26_8_1_3_1_1.
2026/Jun/16 10:28:26.809459 EXECUTOR - Initialization of module TC_26_8_1_3_1_1 finished.
2026/Jun/16 10:28:26.809461 EXECUTOR - Initializing module TC_26_8_1_3_2_1.
2026/Jun/16 10:28:26.809467 EXECUTOR - Initialization of module TC_26_8_1_3_2_1 finished.
2026/Jun/16 10:28:26.809469 EXECUTOR - Initializing module TC_26_8_1_3_3_1.
2026/Jun/16 10:28:26.809475 EXECUTOR - Initialization of module TC_26_8_1_3_3_1 finished.
2026/Jun/16 10:28:26.809477 EXECUTOR - Initializing module TC_26_8_1_3_3_2.
2026/Jun/16 10:28:26.809482 EXECUTOR - Initialization of module TC_26_8_1_3_3_2 finished.
2026/Jun/16 10:28:26.809484 EXECUTOR - Initializing module TC_26_8_1_3_3_3.
2026/Jun/16 10:28:26.809490 EXECUTOR - Initialization of module TC_26_8_1_3_3_3 finished.
2026/Jun/16 10:28:26.809492 EXECUTOR - Initializing module TC_26_8_1_3_3_4.
2026/Jun/16 10:28:26.809497 EXECUTOR - Initialization of module TC_26_8_1_3_3_4 finished.
2026/Jun/16 10:28:26.809499 EXECUTOR - Initializing module TC_26_8_1_3_3_5.
2026/Jun/16 10:28:26.809504 EXECUTOR - Initialization of module TC_26_8_1_3_3_5 finished.
2026/Jun/16 10:28:26.809506 EXECUTOR - Initializing module TC_26_8_1_3_3_6.
2026/Jun/16 10:28:26.809511 EXECUTOR - Initialization of module TC_26_8_1_3_3_6 finished.
2026/Jun/16 10:28:26.809514 EXECUTOR - Initializing module TC_26_8_1_3_3_7.
2026/Jun/16 10:28:26.809518 EXECUTOR - Initialization of module TC_26_8_1_3_3_7 finished.
2026/Jun/16 10:28:26.809520 EXECUTOR - Initializing module TC_26_8_1_3_4_1.
2026/Jun/16 10:28:26.809528 EXECUTOR - Initialization of module TC_26_8_1_3_4_1 finished.
2026/Jun/16 10:28:26.809531 EXECUTOR - Initializing module TC_26_8_1_3_4_2.
2026/Jun/16 10:28:26.809536 EXECUTOR - Initialization of module TC_26_8_1_3_4_2 finished.
2026/Jun/16 10:28:26.809538 EXECUTOR - Initializing module TC_26_8_1_3_4_3.
2026/Jun/16 10:28:26.809543 EXECUTOR - Initialization of module TC_26_8_1_3_4_3 finished.
2026/Jun/16 10:28:26.809545 EXECUTOR - Initializing module TC_26_8_1_3_4_4.
2026/Jun/16 10:28:26.809550 EXECUTOR - Initialization of module TC_26_8_1_3_4_4 finished.
2026/Jun/16 10:28:26.809552 EXECUTOR - Initializing module TC_26_8_1_3_4_5.
2026/Jun/16 10:28:26.809557 EXECUTOR - Initialization of module TC_26_8_1_3_4_5 finished.
2026/Jun/16 10:28:26.809559 EXECUTOR - Initializing module TC_26_8_1_3_4_6.
2026/Jun/16 10:28:26.809564 EXECUTOR - Initialization of module TC_26_8_1_3_4_6 finished.
2026/Jun/16 10:28:26.809566 EXECUTOR - Initializing module TC_26_8_1_3_4_7.
2026/Jun/16 10:28:26.809571 EXECUTOR - Initialization of module TC_26_8_1_3_4_7 finished.
2026/Jun/16 10:28:26.809573 EXECUTOR - Initializing module TC_26_8_1_3_4_8.
2026/Jun/16 10:28:26.809578 EXECUTOR - Initialization of module TC_26_8_1_3_4_8 finished.
2026/Jun/16 10:28:26.809580 EXECUTOR - Initializing module TC_26_8_1_3_5_1.
2026/Jun/16 10:28:26.809586 EXECUTOR - Initialization of module TC_26_8_1_3_5_1 finished.
2026/Jun/16 10:28:26.809588 EXECUTOR - Initializing module TC_26_8_1_3_5_2.
2026/Jun/16 10:28:26.809593 EXECUTOR - Initialization of module TC_26_8_1_3_5_2 finished.
2026/Jun/16 10:28:26.809595 EXECUTOR - Initializing module TC_26_8_1_3_5_3.
2026/Jun/16 10:28:26.809601 EXECUTOR - Initialization of module TC_26_8_1_3_5_3 finished.
2026/Jun/16 10:28:26.809603 EXECUTOR - Initializing module TC_26_8_1_3_5_4.
2026/Jun/16 10:28:26.809608 EXECUTOR - Initialization of module TC_26_8_1_3_5_4 finished.
2026/Jun/16 10:28:26.809610 EXECUTOR - Initializing module TC_26_8_1_3_5_5.
2026/Jun/16 10:28:26.809615 EXECUTOR - Initialization of module TC_26_8_1_3_5_5 finished.
2026/Jun/16 10:28:26.809617 EXECUTOR - Initializing module TC_26_8_1_3_5_6.
2026/Jun/16 10:28:26.809622 EXECUTOR - Initialization of module TC_26_8_1_3_5_6 finished.
2026/Jun/16 10:28:26.809624 EXECUTOR - Initializing module TC_26_8_1_3_5_7.
2026/Jun/16 10:28:26.809629 EXECUTOR - Initialization of module TC_26_8_1_3_5_7 finished.
2026/Jun/16 10:28:26.809632 EXECUTOR - Initializing module TC_26_8_1_3_5_8.
2026/Jun/16 10:28:26.809637 EXECUTOR - Initialization of module TC_26_8_1_3_5_8 finished.
2026/Jun/16 10:28:26.809639 EXECUTOR - Initializing module TC_26_8_1_3_5_9.
2026/Jun/16 10:28:26.809644 EXECUTOR - Initialization of module TC_26_8_1_3_5_9 finished.
2026/Jun/16 10:28:26.809646 EXECUTOR - Initializing module TC_26_8_2_1.
2026/Jun/16 10:28:26.809651 EXECUTOR - Initialization of module TC_26_8_2_1 finished.
2026/Jun/16 10:28:26.809653 EXECUTOR - Initializing module TC_26_8_2_2.
2026/Jun/16 10:28:26.809658 EXECUTOR - Initialization of module TC_26_8_2_2 finished.
2026/Jun/16 10:28:26.809661 EXECUTOR - Initializing module TC_26_8_2_3.
2026/Jun/16 10:28:26.809666 EXECUTOR - Initialization of module TC_26_8_2_3 finished.
2026/Jun/16 10:28:26.809668 EXECUTOR - Initializing module TC_26_8_3.
2026/Jun/16 10:28:26.809673 EXECUTOR - Initialization of module TC_26_8_3 finished.
2026/Jun/16 10:28:26.809675 EXECUTOR - Initializing module TC_34_2_2.
2026/Jun/16 10:28:26.809680 EXECUTOR - Initialization of module TC_34_2_2 finished.
2026/Jun/16 10:28:26.809682 EXECUTOR - Initializing module TitanLoggerApi.
2026/Jun/16 10:28:26.809685 EXECUTOR - Initialization of module TitanLoggerApi finished.
2026/Jun/16 10:28:26.809687 EXECUTOR - Initializing module TitanLoggerControl.
2026/Jun/16 10:28:26.809689 EXECUTOR - Initialization of module TitanLoggerControl finished.
2026/Jun/16 10:28:26.809700 EXECUTOR - Configuration data was processed successfully.
2026/Jun/16 10:28:26.908335 EXECUTOR - MTC was created. Process id: 35.
2026/Jun/16 10:34:57.902751 EXECUTOR - Exit was requested from MC. Terminating HC.
2026/Jun/16 10:34:57.938744 EXECUTOR - Disconnected from MC.
2026/Jun/16 10:34:57.938784 EXECUTOR - TTCN-3 Host Controller finished.
