2026/Jun/08 11:15:41.827537 EXECUTOR - TTCN-3 Host Controller started on ttcn3-tc-26-8-1-3-4-4-2-vjxrh. Version: 11.1.0.
2026/Jun/08 11:15:41.827681 EXECUTOR - TTCN Logger v2.2 options: TimeStampFormat:=DateTime; LogEntityName:=No; LogEventTypes:=Yes; SourceInfoFormat:=Single; LogSensitiveData:=No; *.FileMask:=LOG_ALL; *.ConsoleMask:=ERROR | TESTCASE | USER | VERDICTOP | WARNING; LogFileSize:=0; LogFileNumber:=1; DiskFullAction:=Error
2026/Jun/08 11:15:41.827691 EXECUTOR - Maximum number of open file descriptors: 1048576,   FD_SETSIZE = 1024
2026/Jun/08 11:15:41.827811 WARNING - Warning: The address of MC was set to a local IP address. This may cause incorrect behavior if a HC from a remote host also connects to MC.
2026/Jun/08 11:15:41.827852 EXECUTOR - The address of MC was set to 127.0.0.1:0.
2026/Jun/08 11:15:41.827965 EXECUTOR - Connected to MC.
2026/Jun/08 11:15:41.828052 EXECUTOR - This host supports UNIX domain sockets for local communication.
2026/Jun/08 11:15:41.828275 EXECUTOR - Processing configuration data received from MC.
2026/Jun/08 11:15:41.828468 WARNING - Warning: Skeleton `/results/TC_26_8_1_3_4_4-2026-06-08-111540/%n.log' does not guarantee unique log file name for every test system process. It may cause unpredictable results if several test components try to write into the same log file.
2026/Jun/08 11:15:41.828729 EXECUTOR - Module GSM_Constants has the following parameters: { TSPC_Serv_TS11 := true, TSPC_Serv_TS61 := false, TSPC_Serv_TS62 := false, TSPC_Serv_BS21 := false, TSPC_Serv_BS22 := false, TSPC_Serv_BS24 := false, TSPC_Serv_BS25 := false, TSPC_Serv_BS26 := false, TSPC_Serv_BS31 := false, TSPC_Serv_BS32 := false, TSPC_Serv_BS33 := false, TSPC_Serv_BS34 := false, TSPC_Serv_BS41 := false, TSPC_Serv_BS42 := false, TSPC_Serv_BS43 := false, TSPC_Serv_BS44 := false, TSPC_Serv_BS45 := false, TSPC_Serv_BS51 := false, TSPC_Serv_BS61 := false, TSPC_Serv_BS81 := false, TSPC_DualRate := false, TSPC_MTsvc := true, TSPX_IMSI := '901700000000001F'O, TSPX_TMSI := '1914D97F'O, TSPX_CKSNDef := 0, TSPX_RANDDef := '00112233445566778899AABBCCDDEEFF'O, TSPX_SRES := '12345678'O, TSPX_Kc := '0000000000000000'O, TSPX_SDCCH4SubDef := 0, TSPX_TmSltDef := 0, TSPX_TscDef := 7, TSPX_TCHHSubDef := 0, TCV_CC := true, TSPX_Telephony_Rate := C_Full (0), TSPX_MOBscSvcA := C_Telephony (0), TSPX_MOBscSvcB := C_Telephony (0), TSPX_MOBscSvcC := C_Telephony (0), TSPX_MOBscSvcD := C_Telephony (0), TSPX_MOBscSvcE := C_Telephony (0), TSPX_MOBscSvcF := C_Telephony (0), TSPX_MOBscSvcG := C_Telephony (0), TSPX_MOChRateA := C_Full (0), TSPX_MOChRateB := C_Full (0), TSPX_MOChRateC := C_Full (0), TSPX_MOChRateD := C_Full (0), TSPX_MOChRateE := C_Full (0), TSPX_MOChRateF := C_Full (0), TSPX_MOChRateG := C_Full (0), TSPX_MTBscSvcA := C_Telephony (0), TSPX_MTBscSvcB := C_Telephony (0), TSPX_MTBscSvcC := C_Telephony (0), TSPX_MTBscSvcD := C_Telephony (0), TSPX_MTBscSvcE := C_Telephony (0), TSPX_MTBscSvcF := C_Telephony (0), TSPX_MTBscSvcG := C_Telephony (0), TSPX_MTBscSvcH := C_Telephony (0), TSPX_MTBscSvcI := C_Telephony (0), TSPX_MTBscSvcJ := C_Telephony (0), TSPX_MTChRateA := C_Full (0), TSPX_MTChRateB := C_Full (0), TSPX_MTChRateC := C_Full (0), TSPX_MTChRateD := C_Full (0), TSPX_MTChRateE := C_Full (0), TSPX_MTChRateF := C_Full (0), TSPX_MTChRateG := C_Full (0), TSPX_MTChRateH := C_Full (0), TSPX_MTChRateI := C_Full (0), TSPX_MTChRateJ := C_Full (0), C_arfcnA := 100 }
2026/Jun/08 11:15:41.828800 EXECUTOR - Module TC_26_6_1_2 has the following parameters: { TSPX_nPara := 3, TSPX_i1Para := 3, TSPX_kPara := 5, TSPX_i2Para := 1, TSPX_rPara := 4, TSPX_i3Para := 4 }
2026/Jun/08 11:15:41.828829 EXECUTOR - Initializing module GSM_Component_Definitions.
2026/Jun/08 11:15:41.828837 EXECUTOR GSM_Component_Definitions.ttcn3:0 Initializing module GSM_Templates.
2026/Jun/08 11:15:41.828853 EXECUTOR GSM_Templates.ttcn3:0 Initializing module GSM_Constants.
2026/Jun/08 11:15:41.828858 EXECUTOR GSM_Constants.ttcn3:0 Initializing module GSM_Types.
2026/Jun/08 11:15:41.828861 EXECUTOR GSM_Constants.ttcn3:0 Initialization of module GSM_Types finished.
2026/Jun/08 11:15:41.828864 EXECUTOR GSM_Templates.ttcn3:0 Initialization of module GSM_Constants finished.
2026/Jun/08 11:15:41.828931 EXECUTOR GSM_Component_Definitions.ttcn3:0 Initialization of module GSM_Templates finished.
2026/Jun/08 11:15:41.828934 EXECUTOR - Initialization of module GSM_Component_Definitions finished.
2026/Jun/08 11:15:41.828937 EXECUTOR - Initializing module GSM_Functions.
2026/Jun/08 11:15:41.828958 EXECUTOR - Initialization of module GSM_Functions finished.
2026/Jun/08 11:15:41.828960 EXECUTOR - Initializing module PreGenRecordOf.
2026/Jun/08 11:15:41.828962 EXECUTOR - Initialization of module PreGenRecordOf finished.
2026/Jun/08 11:15:41.828965 EXECUTOR - Initializing module TC_26_2_1_3.
2026/Jun/08 11:15:41.828969 EXECUTOR - Initialization of module TC_26_2_1_3 finished.
2026/Jun/08 11:15:41.828971 EXECUTOR - Initializing module TC_26_2_2.
2026/Jun/08 11:15:41.828975 EXECUTOR - Initialization of module TC_26_2_2 finished.
2026/Jun/08 11:15:41.828978 EXECUTOR - Initializing module TC_26_2_3.
2026/Jun/08 11:15:41.828982 EXECUTOR - Initialization of module TC_26_2_3 finished.
2026/Jun/08 11:15:41.828984 EXECUTOR - Initializing module TC_26_6_11_1.
2026/Jun/08 11:15:41.828989 EXECUTOR - Initialization of module TC_26_6_11_1 finished.
2026/Jun/08 11:15:41.828991 EXECUTOR - Initializing module TC_26_6_11_2.
2026/Jun/08 11:15:41.828995 EXECUTOR - Initialization of module TC_26_6_11_2 finished.
2026/Jun/08 11:15:41.828997 EXECUTOR - Initializing module TC_26_6_12_1.
2026/Jun/08 11:15:41.829001 EXECUTOR - Initialization of module TC_26_6_12_1 finished.
2026/Jun/08 11:15:41.829003 EXECUTOR - Initializing module TC_26_6_12_2.
2026/Jun/08 11:15:41.829007 EXECUTOR - Initialization of module TC_26_6_12_2 finished.
2026/Jun/08 11:15:41.829009 EXECUTOR - Initializing module TC_26_6_12_3.
2026/Jun/08 11:15:41.829014 EXECUTOR - Initialization of module TC_26_6_12_3 finished.
2026/Jun/08 11:15:41.829016 EXECUTOR - Initializing module TC_26_6_12_4.
2026/Jun/08 11:15:41.829020 EXECUTOR - Initialization of module TC_26_6_12_4 finished.
2026/Jun/08 11:15:41.829022 EXECUTOR - Initializing module TC_26_6_13_10.
2026/Jun/08 11:15:41.829026 EXECUTOR - Initialization of module TC_26_6_13_10 finished.
2026/Jun/08 11:15:41.829028 EXECUTOR - Initializing module TC_26_6_13_9.
2026/Jun/08 11:15:41.829033 EXECUTOR - Initialization of module TC_26_6_13_9 finished.
2026/Jun/08 11:15:41.829035 EXECUTOR - Initializing module TC_26_6_1_1.
2026/Jun/08 11:15:41.829039 EXECUTOR - Initialization of module TC_26_6_1_1 finished.
2026/Jun/08 11:15:41.829041 EXECUTOR - Initializing module TC_26_6_1_2.
2026/Jun/08 11:15:41.829046 EXECUTOR - Initialization of module TC_26_6_1_2 finished.
2026/Jun/08 11:15:41.829048 EXECUTOR - Initializing module TC_26_6_1_3.
2026/Jun/08 11:15:41.829052 EXECUTOR - Initialization of module TC_26_6_1_3 finished.
2026/Jun/08 11:15:41.829054 EXECUTOR - Initializing module TC_26_6_1_4.
2026/Jun/08 11:15:41.829059 EXECUTOR - Initialization of module TC_26_6_1_4 finished.
2026/Jun/08 11:15:41.829061 EXECUTOR - Initializing module TC_26_6_1_5.
2026/Jun/08 11:15:41.829065 EXECUTOR - Initialization of module TC_26_6_1_5 finished.
2026/Jun/08 11:15:41.829068 EXECUTOR - Initializing module TC_26_6_2_1_1.
2026/Jun/08 11:15:41.829072 EXECUTOR - Initialization of module TC_26_6_2_1_1 finished.
2026/Jun/08 11:15:41.829074 EXECUTOR - Initializing module TC_26_6_2_1_2.
2026/Jun/08 11:15:41.829078 EXECUTOR - Initialization of module TC_26_6_2_1_2 finished.
2026/Jun/08 11:15:41.829081 EXECUTOR - Initializing module TC_26_6_2_1_3.
2026/Jun/08 11:15:41.829085 EXECUTOR - Initialization of module TC_26_6_2_1_3 finished.
2026/Jun/08 11:15:41.829087 EXECUTOR - Initializing module TC_26_6_2_2.
2026/Jun/08 11:15:41.829092 EXECUTOR - Initialization of module TC_26_6_2_2 finished.
2026/Jun/08 11:15:41.829094 EXECUTOR - Initializing module TC_26_6_2_3_1.
2026/Jun/08 11:15:41.829098 EXECUTOR - Initialization of module TC_26_6_2_3_1 finished.
2026/Jun/08 11:15:41.829101 EXECUTOR - Initializing module TC_26_6_2_3_2.
2026/Jun/08 11:15:41.829105 EXECUTOR - Initialization of module TC_26_6_2_3_2 finished.
2026/Jun/08 11:15:41.829110 EXECUTOR - Initializing module TC_26_6_2_4.
2026/Jun/08 11:15:41.829115 EXECUTOR - Initialization of module TC_26_6_2_4 finished.
2026/Jun/08 11:15:41.829117 EXECUTOR - Initializing module TC_26_6_3_1.
2026/Jun/08 11:15:41.829122 EXECUTOR - Initialization of module TC_26_6_3_1 finished.
2026/Jun/08 11:15:41.829124 EXECUTOR - Initializing module TC_26_6_3_4.
2026/Jun/08 11:15:41.829128 EXECUTOR - Initialization of module TC_26_6_3_4 finished.
2026/Jun/08 11:15:41.829131 EXECUTOR - Initializing module TC_26_6_4_1.
2026/Jun/08 11:15:41.829135 EXECUTOR - Initialization of module TC_26_6_4_1 finished.
2026/Jun/08 11:15:41.829137 EXECUTOR - Initializing module TC_26_6_4_2_2.
2026/Jun/08 11:15:41.829141 EXECUTOR - Initialization of module TC_26_6_4_2_2 finished.
2026/Jun/08 11:15:41.829144 EXECUTOR - Initializing module TC_26_6_5_1.
2026/Jun/08 11:15:41.829148 EXECUTOR - Initialization of module TC_26_6_5_1 finished.
2026/Jun/08 11:15:41.829150 EXECUTOR - Initializing module TC_26_6_5_2_1.
2026/Jun/08 11:15:41.829154 EXECUTOR - Initialization of module TC_26_6_5_2_1 finished.
2026/Jun/08 11:15:41.829156 EXECUTOR - Initializing module TC_26_6_8_1.
2026/Jun/08 11:15:41.829161 EXECUTOR - Initialization of module TC_26_6_8_1 finished.
2026/Jun/08 11:15:41.829163 EXECUTOR - Initializing module TC_26_6_8_2.
2026/Jun/08 11:15:41.829167 EXECUTOR - Initialization of module TC_26_6_8_2 finished.
2026/Jun/08 11:15:41.829169 EXECUTOR - Initializing module TC_26_6_8_3.
2026/Jun/08 11:15:41.829174 EXECUTOR - Initialization of module TC_26_6_8_3 finished.
2026/Jun/08 11:15:41.829176 EXECUTOR - Initializing module TC_26_6_8_4.
2026/Jun/08 11:15:41.829180 EXECUTOR - Initialization of module TC_26_6_8_4 finished.
2026/Jun/08 11:15:41.829182 EXECUTOR - Initializing module TC_26_6_8_5.
2026/Jun/08 11:15:41.829187 EXECUTOR - Initialization of module TC_26_6_8_5 finished.
2026/Jun/08 11:15:41.829189 EXECUTOR - Initializing module TC_26_7_1.
2026/Jun/08 11:15:41.829193 EXECUTOR - Initialization of module TC_26_7_1 finished.
2026/Jun/08 11:15:41.829196 EXECUTOR - Initializing module TC_26_7_2_1.
2026/Jun/08 11:15:41.829200 EXECUTOR - Initialization of module TC_26_7_2_1 finished.
2026/Jun/08 11:15:41.829203 EXECUTOR - Initializing module TC_26_7_2_2.
2026/Jun/08 11:15:41.829207 EXECUTOR - Initialization of module TC_26_7_2_2 finished.
2026/Jun/08 11:15:41.829209 EXECUTOR - Initializing module TC_26_7_3_1.
2026/Jun/08 11:15:41.829213 EXECUTOR - Initialization of module TC_26_7_3_1 finished.
2026/Jun/08 11:15:41.829215 EXECUTOR - Initializing module TC_26_7_3_2.
2026/Jun/08 11:15:41.829220 EXECUTOR - Initialization of module TC_26_7_3_2 finished.
2026/Jun/08 11:15:41.829222 EXECUTOR - Initializing module TC_26_7_4_1.
2026/Jun/08 11:15:41.829226 EXECUTOR - Initialization of module TC_26_7_4_1 finished.
2026/Jun/08 11:15:41.829228 EXECUTOR - Initializing module TC_26_7_4_2_1.
2026/Jun/08 11:15:41.829233 EXECUTOR - Initialization of module TC_26_7_4_2_1 finished.
2026/Jun/08 11:15:41.829235 EXECUTOR - Initializing module TC_26_7_4_2_2_1.
2026/Jun/08 11:15:41.829239 EXECUTOR - Initialization of module TC_26_7_4_2_2_1 finished.
2026/Jun/08 11:15:41.829241 EXECUTOR - Initializing module TC_26_7_4_2_2_2.
2026/Jun/08 11:15:41.829246 EXECUTOR - Initialization of module TC_26_7_4_2_2_2 finished.
2026/Jun/08 11:15:41.829248 EXECUTOR - Initializing module TC_26_7_4_2_3.
2026/Jun/08 11:15:41.829252 EXECUTOR - Initialization of module TC_26_7_4_2_3 finished.
2026/Jun/08 11:15:41.829254 EXECUTOR - Initializing module TC_26_7_4_2_4_1.
2026/Jun/08 11:15:41.829259 EXECUTOR - Initialization of module TC_26_7_4_2_4_1 finished.
2026/Jun/08 11:15:41.829261 EXECUTOR - Initializing module TC_26_7_4_2_4_2.
2026/Jun/08 11:15:41.829266 EXECUTOR - Initialization of module TC_26_7_4_2_4_2 finished.
2026/Jun/08 11:15:41.829268 EXECUTOR - Initializing module TC_26_7_4_2_4_3.
2026/Jun/08 11:15:41.829272 EXECUTOR - Initialization of module TC_26_7_4_2_4_3 finished.
2026/Jun/08 11:15:41.829275 EXECUTOR - Initializing module TC_26_7_4_2_4_4.
2026/Jun/08 11:15:41.829281 EXECUTOR - Initialization of module TC_26_7_4_2_4_4 finished.
2026/Jun/08 11:15:41.829284 EXECUTOR - Initializing module TC_26_7_4_2_4_5.
2026/Jun/08 11:15:41.829288 EXECUTOR - Initialization of module TC_26_7_4_2_4_5 finished.
2026/Jun/08 11:15:41.829290 EXECUTOR - Initializing module TC_26_7_4_3_1.
2026/Jun/08 11:15:41.829295 EXECUTOR - Initialization of module TC_26_7_4_3_1 finished.
2026/Jun/08 11:15:41.829297 EXECUTOR - Initializing module TC_26_7_4_3_2.
2026/Jun/08 11:15:41.829301 EXECUTOR - Initialization of module TC_26_7_4_3_2 finished.
2026/Jun/08 11:15:41.829303 EXECUTOR - Initializing module TC_26_7_4_3_3.
2026/Jun/08 11:15:41.829308 EXECUTOR - Initialization of module TC_26_7_4_3_3 finished.
2026/Jun/08 11:15:41.829310 EXECUTOR - Initializing module TC_26_7_4_3_4.
2026/Jun/08 11:15:41.829314 EXECUTOR - Initialization of module TC_26_7_4_3_4 finished.
2026/Jun/08 11:15:41.829317 EXECUTOR - Initializing module TC_26_7_4_4.
2026/Jun/08 11:15:41.829320 EXECUTOR - Initialization of module TC_26_7_4_4 finished.
2026/Jun/08 11:15:41.829323 EXECUTOR - Initializing module TC_26_7_4_5_1.
2026/Jun/08 11:15:41.829327 EXECUTOR - Initialization of module TC_26_7_4_5_1 finished.
2026/Jun/08 11:15:41.829329 EXECUTOR - Initializing module TC_26_7_4_5_2.
2026/Jun/08 11:15:41.829333 EXECUTOR - Initialization of module TC_26_7_4_5_2 finished.
2026/Jun/08 11:15:41.829336 EXECUTOR - Initializing module TC_26_7_4_5_3.
2026/Jun/08 11:15:41.829340 EXECUTOR - Initialization of module TC_26_7_4_5_3 finished.
2026/Jun/08 11:15:41.829342 EXECUTOR - Initializing module TC_26_7_4_5_4_2.
2026/Jun/08 11:15:41.829346 EXECUTOR - Initialization of module TC_26_7_4_5_4_2 finished.
2026/Jun/08 11:15:41.829348 EXECUTOR - Initializing module TC_26_7_5_2.
2026/Jun/08 11:15:41.829353 EXECUTOR - Initialization of module TC_26_7_5_2 finished.
2026/Jun/08 11:15:41.829355 EXECUTOR - Initializing module TC_26_7_5_3.
2026/Jun/08 11:15:41.829360 EXECUTOR - Initialization of module TC_26_7_5_3 finished.
2026/Jun/08 11:15:41.829362 EXECUTOR - Initializing module TC_26_7_5_4.
2026/Jun/08 11:15:41.829366 EXECUTOR - Initialization of module TC_26_7_5_4 finished.
2026/Jun/08 11:15:41.829368 EXECUTOR - Initializing module TC_26_7_5_5.
2026/Jun/08 11:15:41.829373 EXECUTOR - Initialization of module TC_26_7_5_5 finished.
2026/Jun/08 11:15:41.829375 EXECUTOR - Initializing module TC_26_7_5_6.
2026/Jun/08 11:15:41.829380 EXECUTOR - Initialization of module TC_26_7_5_6 finished.
2026/Jun/08 11:15:41.829382 EXECUTOR - Initializing module TC_26_7_5_7_1.
2026/Jun/08 11:15:41.829386 EXECUTOR - Initialization of module TC_26_7_5_7_1 finished.
2026/Jun/08 11:15:41.829389 EXECUTOR - Initializing module TC_26_7_5_8_1.
2026/Jun/08 11:15:41.829393 EXECUTOR - Initialization of module TC_26_7_5_8_1 finished.
2026/Jun/08 11:15:41.829395 EXECUTOR - Initializing module TC_26_7_5_8_2.
2026/Jun/08 11:15:41.829399 EXECUTOR - Initialization of module TC_26_7_5_8_2 finished.
2026/Jun/08 11:15:41.829401 EXECUTOR - Initializing module TC_26_7_5_8_3.
2026/Jun/08 11:15:41.829405 EXECUTOR - Initialization of module TC_26_7_5_8_3 finished.
2026/Jun/08 11:15:41.829408 EXECUTOR - Initializing module TC_26_8_1_2_1_1.
2026/Jun/08 11:15:41.829412 EXECUTOR - Initialization of module TC_26_8_1_2_1_1 finished.
2026/Jun/08 11:15:41.829414 EXECUTOR - Initializing module TC_26_8_1_2_2_1.
2026/Jun/08 11:15:41.829419 EXECUTOR - Initialization of module TC_26_8_1_2_2_1 finished.
2026/Jun/08 11:15:41.829421 EXECUTOR - Initializing module TC_26_8_1_2_2_2.
2026/Jun/08 11:15:41.829425 EXECUTOR - Initialization of module TC_26_8_1_2_2_2 finished.
2026/Jun/08 11:15:41.829428 EXECUTOR - Initializing module TC_26_8_1_2_2_3.
2026/Jun/08 11:15:41.829432 EXECUTOR - Initialization of module TC_26_8_1_2_2_3 finished.
2026/Jun/08 11:15:41.829434 EXECUTOR - Initializing module TC_26_8_1_2_3_1.
2026/Jun/08 11:15:41.829438 EXECUTOR - Initialization of module TC_26_8_1_2_3_1 finished.
2026/Jun/08 11:15:41.829440 EXECUTOR - Initializing module TC_26_8_1_2_3_2.
2026/Jun/08 11:15:41.829447 EXECUTOR - Initialization of module TC_26_8_1_2_3_2 finished.
2026/Jun/08 11:15:41.829449 EXECUTOR - Initializing module TC_26_8_1_2_3_3.
2026/Jun/08 11:15:41.829454 EXECUTOR - Initialization of module TC_26_8_1_2_3_3 finished.
2026/Jun/08 11:15:41.829456 EXECUTOR - Initializing module TC_26_8_1_2_3_4.
2026/Jun/08 11:15:41.829460 EXECUTOR - Initialization of module TC_26_8_1_2_3_4 finished.
2026/Jun/08 11:15:41.829463 EXECUTOR - Initializing module TC_26_8_1_2_3_5.
2026/Jun/08 11:15:41.829467 EXECUTOR - Initialization of module TC_26_8_1_2_3_5 finished.
2026/Jun/08 11:15:41.829469 EXECUTOR - Initializing module TC_26_8_1_2_3_6.
2026/Jun/08 11:15:41.829474 EXECUTOR - Initialization of module TC_26_8_1_2_3_6 finished.
2026/Jun/08 11:15:41.829476 EXECUTOR - Initializing module TC_26_8_1_2_3_7.
2026/Jun/08 11:15:41.829480 EXECUTOR - Initialization of module TC_26_8_1_2_3_7 finished.
2026/Jun/08 11:15:41.829482 EXECUTOR - Initializing module TC_26_8_1_2_4_1.
2026/Jun/08 11:15:41.829486 EXECUTOR - Initialization of module TC_26_8_1_2_4_1 finished.
2026/Jun/08 11:15:41.829489 EXECUTOR - Initializing module TC_26_8_1_2_4_13.
2026/Jun/08 11:15:41.829493 EXECUTOR - Initialization of module TC_26_8_1_2_4_13 finished.
2026/Jun/08 11:15:41.829495 EXECUTOR - Initializing module TC_26_8_1_2_4_2.
2026/Jun/08 11:15:41.829499 EXECUTOR - Initialization of module TC_26_8_1_2_4_2 finished.
2026/Jun/08 11:15:41.829502 EXECUTOR - Initializing module TC_26_8_1_2_4_3.
2026/Jun/08 11:15:41.829506 EXECUTOR - Initialization of module TC_26_8_1_2_4_3 finished.
2026/Jun/08 11:15:41.829508 EXECUTOR - Initializing module TC_26_8_1_2_4_4.
2026/Jun/08 11:15:41.829513 EXECUTOR - Initialization of module TC_26_8_1_2_4_4 finished.
2026/Jun/08 11:15:41.829515 EXECUTOR - Initializing module TC_26_8_1_2_4_5.
2026/Jun/08 11:15:41.829519 EXECUTOR - Initialization of module TC_26_8_1_2_4_5 finished.
2026/Jun/08 11:15:41.829521 EXECUTOR - Initializing module TC_26_8_1_2_6_1.
2026/Jun/08 11:15:41.829526 EXECUTOR - Initialization of module TC_26_8_1_2_6_1 finished.
2026/Jun/08 11:15:41.829528 EXECUTOR - Initializing module TC_26_8_1_2_6_2.
2026/Jun/08 11:15:41.829532 EXECUTOR - Initialization of module TC_26_8_1_2_6_2 finished.
2026/Jun/08 11:15:41.829534 EXECUTOR - Initializing module TC_26_8_1_2_6_3.
2026/Jun/08 11:15:41.829539 EXECUTOR - Initialization of module TC_26_8_1_2_6_3 finished.
2026/Jun/08 11:15:41.829541 EXECUTOR - Initializing module TC_26_8_1_2_6_6.
2026/Jun/08 11:15:41.829545 EXECUTOR - Initialization of module TC_26_8_1_2_6_6 finished.
2026/Jun/08 11:15:41.829548 EXECUTOR - Initializing module TC_26_8_1_3_1_1.
2026/Jun/08 11:15:41.829552 EXECUTOR - Initialization of module TC_26_8_1_3_1_1 finished.
2026/Jun/08 11:15:41.829554 EXECUTOR - Initializing module TC_26_8_1_3_2_1.
2026/Jun/08 11:15:41.829559 EXECUTOR - Initialization of module TC_26_8_1_3_2_1 finished.
2026/Jun/08 11:15:41.829561 EXECUTOR - Initializing module TC_26_8_1_3_3_1.
2026/Jun/08 11:15:41.829565 EXECUTOR - Initialization of module TC_26_8_1_3_3_1 finished.
2026/Jun/08 11:15:41.829567 EXECUTOR - Initializing module TC_26_8_1_3_3_2.
2026/Jun/08 11:15:41.829572 EXECUTOR - Initialization of module TC_26_8_1_3_3_2 finished.
2026/Jun/08 11:15:41.829574 EXECUTOR - Initializing module TC_26_8_1_3_3_3.
2026/Jun/08 11:15:41.829578 EXECUTOR - Initialization of module TC_26_8_1_3_3_3 finished.
2026/Jun/08 11:15:41.829580 EXECUTOR - Initializing module TC_26_8_1_3_3_4.
2026/Jun/08 11:15:41.829584 EXECUTOR - Initialization of module TC_26_8_1_3_3_4 finished.
2026/Jun/08 11:15:41.829587 EXECUTOR - Initializing module TC_26_8_1_3_3_5.
2026/Jun/08 11:15:41.829591 EXECUTOR - Initialization of module TC_26_8_1_3_3_5 finished.
2026/Jun/08 11:15:41.829593 EXECUTOR - Initializing module TC_26_8_1_3_3_6.
2026/Jun/08 11:15:41.829597 EXECUTOR - Initialization of module TC_26_8_1_3_3_6 finished.
2026/Jun/08 11:15:41.829599 EXECUTOR - Initializing module TC_26_8_1_3_3_7.
2026/Jun/08 11:15:41.829604 EXECUTOR - Initialization of module TC_26_8_1_3_3_7 finished.
2026/Jun/08 11:15:41.829606 EXECUTOR - Initializing module TC_26_8_1_3_4_1.
2026/Jun/08 11:15:41.829613 EXECUTOR - Initialization of module TC_26_8_1_3_4_1 finished.
2026/Jun/08 11:15:41.829615 EXECUTOR - Initializing module TC_26_8_1_3_4_2.
2026/Jun/08 11:15:41.829619 EXECUTOR - Initialization of module TC_26_8_1_3_4_2 finished.
2026/Jun/08 11:15:41.829622 EXECUTOR - Initializing module TC_26_8_1_3_4_3.
2026/Jun/08 11:15:41.829626 EXECUTOR - Initialization of module TC_26_8_1_3_4_3 finished.
2026/Jun/08 11:15:41.829628 EXECUTOR - Initializing module TC_26_8_1_3_4_4.
2026/Jun/08 11:15:41.829632 EXECUTOR - Initialization of module TC_26_8_1_3_4_4 finished.
2026/Jun/08 11:15:41.829634 EXECUTOR - Initializing module TC_26_8_1_3_4_5.
2026/Jun/08 11:15:41.829639 EXECUTOR - Initialization of module TC_26_8_1_3_4_5 finished.
2026/Jun/08 11:15:41.829641 EXECUTOR - Initializing module TC_26_8_1_3_4_6.
2026/Jun/08 11:15:41.829645 EXECUTOR - Initialization of module TC_26_8_1_3_4_6 finished.
2026/Jun/08 11:15:41.829648 EXECUTOR - Initializing module TC_26_8_1_3_4_7.
2026/Jun/08 11:15:41.829652 EXECUTOR - Initialization of module TC_26_8_1_3_4_7 finished.
2026/Jun/08 11:15:41.829654 EXECUTOR - Initializing module TC_26_8_1_3_4_8.
2026/Jun/08 11:15:41.829658 EXECUTOR - Initialization of module TC_26_8_1_3_4_8 finished.
2026/Jun/08 11:15:41.829661 EXECUTOR - Initializing module TC_26_8_1_3_5_1.
2026/Jun/08 11:15:41.829665 EXECUTOR - Initialization of module TC_26_8_1_3_5_1 finished.
2026/Jun/08 11:15:41.829667 EXECUTOR - Initializing module TC_26_8_1_3_5_2.
2026/Jun/08 11:15:41.829672 EXECUTOR - Initialization of module TC_26_8_1_3_5_2 finished.
2026/Jun/08 11:15:41.829674 EXECUTOR - Initializing module TC_26_8_1_3_5_3.
2026/Jun/08 11:15:41.829678 EXECUTOR - Initialization of module TC_26_8_1_3_5_3 finished.
2026/Jun/08 11:15:41.829681 EXECUTOR - Initializing module TC_26_8_1_3_5_4.
2026/Jun/08 11:15:41.829685 EXECUTOR - Initialization of module TC_26_8_1_3_5_4 finished.
2026/Jun/08 11:15:41.829687 EXECUTOR - Initializing module TC_26_8_1_3_5_5.
2026/Jun/08 11:15:41.829691 EXECUTOR - Initialization of module TC_26_8_1_3_5_5 finished.
2026/Jun/08 11:15:41.829694 EXECUTOR - Initializing module TC_26_8_1_3_5_6.
2026/Jun/08 11:15:41.829698 EXECUTOR - Initialization of module TC_26_8_1_3_5_6 finished.
2026/Jun/08 11:15:41.829700 EXECUTOR - Initializing module TC_26_8_1_3_5_7.
2026/Jun/08 11:15:41.829705 EXECUTOR - Initialization of module TC_26_8_1_3_5_7 finished.
2026/Jun/08 11:15:41.829707 EXECUTOR - Initializing module TC_26_8_1_3_5_8.
2026/Jun/08 11:15:41.829711 EXECUTOR - Initialization of module TC_26_8_1_3_5_8 finished.
2026/Jun/08 11:15:41.829714 EXECUTOR - Initializing module TC_26_8_1_3_5_9.
2026/Jun/08 11:15:41.829718 EXECUTOR - Initialization of module TC_26_8_1_3_5_9 finished.
2026/Jun/08 11:15:41.829720 EXECUTOR - Initializing module TC_26_8_2_1.
2026/Jun/08 11:15:41.829725 EXECUTOR - Initialization of module TC_26_8_2_1 finished.
2026/Jun/08 11:15:41.829727 EXECUTOR - Initializing module TC_26_8_2_2.
2026/Jun/08 11:15:41.829731 EXECUTOR - Initialization of module TC_26_8_2_2 finished.
2026/Jun/08 11:15:41.829733 EXECUTOR - Initializing module TC_26_8_2_3.
2026/Jun/08 11:15:41.829737 EXECUTOR - Initialization of module TC_26_8_2_3 finished.
2026/Jun/08 11:15:41.829739 EXECUTOR - Initializing module TC_26_8_3.
2026/Jun/08 11:15:41.829744 EXECUTOR - Initialization of module TC_26_8_3 finished.
2026/Jun/08 11:15:41.829746 EXECUTOR - Initializing module TC_34_2_2.
2026/Jun/08 11:15:41.829750 EXECUTOR - Initialization of module TC_34_2_2 finished.
2026/Jun/08 11:15:41.829752 EXECUTOR - Initializing module TitanLoggerApi.
2026/Jun/08 11:15:41.829754 EXECUTOR - Initialization of module TitanLoggerApi finished.
2026/Jun/08 11:15:41.829756 EXECUTOR - Initializing module TitanLoggerControl.
2026/Jun/08 11:15:41.829758 EXECUTOR - Initialization of module TitanLoggerControl finished.
2026/Jun/08 11:15:41.829768 EXECUTOR - Configuration data was processed successfully.
2026/Jun/08 11:15:41.831193 EXECUTOR - MTC was created. Process id: 38.
2026/Jun/08 11:18:12.250382 EXECUTOR - Exit was requested from MC. Terminating HC.
2026/Jun/08 11:18:12.250509 EXECUTOR - Disconnected from MC.
2026/Jun/08 11:18:12.250527 EXECUTOR - TTCN-3 Host Controller finished.
