[run-one] Namespace : gsm-6
[run-one] Tests     : TC_26_6_2_3_2
[run-one] Results   : results/week05/run20260626-102105-N8/ns-6/TC_26_6_2_3_2
[run-one] INFO  Images already in local registry.
[run-one] INFO  Installing Helm release gsm-6 from /work/gouri.naik/sampige-scaling-intern-2026/refs/osmocom-demo/k8s/chart ...
Release "gsm-6" does not exist. Installing it now.
NAME: gsm-6
LAST DEPLOYED: Fri Jun 26 15:51:06 2026
NAMESPACE: gsm-6
STATUS: deployed
REVISION: 1
TEST SUITE: None
[run-one] INFO  Waiting up to 240s for Deployments to be Ready...
  Not ready: msc-test-stub//1
osmo-bsc//1
osmo-bts-virtual//1
osmo-hlr//1
osmo-mgw//1
osmo-mobile//1
osmo-stp//1
virtphy//1
  Not ready: msc-test-stub//1
osmo-bsc//1
osmo-bts-virtual//1
osmo-hlr//1
osmo-mgw//1
osmo-mobile//1
osmo-stp//1
virtphy//1
  Not ready: msc-test-stub//1
osmo-bsc//1
osmo-bts-virtual//1
osmo-hlr//1
osmo-mgw//1
osmo-mobile//1
osmo-stp//1
virtphy//1
  Not ready: msc-test-stub//1
osmo-bsc//1
osmo-bts-virtual//1
osmo-hlr//1
osmo-mgw//1
osmo-mobile//1
osmo-stp//1
virtphy//1
  Not ready: msc-test-stub//1
osmo-bsc//1
osmo-mobile//1
  Not ready: msc-test-stub//1
osmo-mobile//1
  Not ready: osmo-mobile//1
  Not ready: osmo-mobile//1
  Not ready: osmo-mobile//1
[run-one] INFO  All Deployments ready.
[run-one] INFO  Waiting up to 300s for MS to camp on cell (MM_EVENT_CELL_SELECTED)...
[run-one] INFO  MS camped on cell.
[run-one] INFO  Waiting up to 60s for osmo-mobile VTY (port 4247)...
[run-one] INFO  osmo-mobile VTY ready.
[run-one] INFO  Waiting up to 120s for boot LU (BSC_SLR=0x000001) to clear...
[run-one] INFO  Boot LU CLEAR REQUEST seen — draining msc-stub event buffer...
msc-stub buffer drained
[run-one] INFO  MSC stub buffer drained — namespace ready for test.
[run-one] INFO  Running TC_26_6_2_3_2 as Job ttcn3-tc-26-6-2-3-2-1...
[run-one] PASS  TC_26_6_2_3_2: PASS
=====================================================
 TTCN-3 k8s Run Summary
 Namespace : gsm-6
 Timestamp : 20260626-102106
=====================================================
  TC_26_6_2_3_2                            PASS
-----------------------------------------------------
  PASS: 1   FAIL: 0   INCONCLUSIVE: 0
=====================================================
[run-one] INFO  Done. Results: results/week05/run20260626-102105-N8/ns-6/TC_26_6_2_3_2
[run-one] INFO  Teardown: uninstalling Helm release gsm-6...
release "gsm-6" uninstalled
[run-one] INFO  Teardown: deleting namespace gsm-6...
namespace "gsm-6" deleted
{
  "namespaces": [
    {
      "namespace": "gsm-6",
      "bringup_s": 58.665,
      "testing_s": 73.027,
      "teardown_s": 64.159,
      "total_s": 195.853,
      "verdicts": [
        {
          "tc_name": "TC_26_6_2_3_2",
          "verdict": "PASS"
        }
      ],
      "pass": 1,
      "fail": 0,
      "inconclusive": 0
    }
  ],
  "T_suite_s": 195.853,
  "N": 1,
  "pass": 1,
  "fail": 0,
  "inconclusive": 0,
  "test_durations": [
    {
      "namespace": "gsm-6",
      "tc_name": "TC_26_6_2_3_2",
      "duration_s": 73.019,
      "verdict": "PASS"
    }
  ],
  "pods": {
    "total_restarts": 0,
    "oom_kills": 0
  },
  "S": null,
  "E": null
}
[run-one] Namespace : gsm-14
[run-one] Tests     : TC_26_6_5_2_4
[run-one] Results   : results/week05/run20260626-102105-N8/ns-6/TC_26_6_5_2_4
[run-one] INFO  Images already in local registry.
[run-one] INFO  Installing Helm release gsm-14 from /work/gouri.naik/sampige-scaling-intern-2026/refs/osmocom-demo/k8s/chart ...
Release "gsm-14" does not exist. Installing it now.
NAME: gsm-14
LAST DEPLOYED: Fri Jun 26 15:54:23 2026
NAMESPACE: gsm-14
STATUS: deployed
REVISION: 1
TEST SUITE: None
[run-one] INFO  Waiting up to 240s for Deployments to be Ready...
  Not ready: msc-test-stub//1
osmo-bsc//1
osmo-bts-virtual//1
osmo-hlr//1
osmo-mgw//1
osmo-mobile//1
osmo-stp//1
virtphy//1
  Not ready: msc-test-stub//1
osmo-bsc//1
osmo-bts-virtual//1
osmo-hlr//1
osmo-mgw//1
osmo-mobile//1
osmo-stp//1
virtphy//1
  Not ready: msc-test-stub//1
osmo-bsc//1
osmo-hlr//1
osmo-mgw//1
osmo-mobile//1
osmo-stp//1
virtphy//1
  Not ready: msc-test-stub//1
osmo-bsc//1
osmo-hlr//1
osmo-mgw//1
osmo-mobile//1
osmo-stp//1
  Not ready: msc-test-stub//1
osmo-bsc//1
osmo-mgw//1
osmo-mobile//1
  Not ready: osmo-mobile//1
  Not ready: osmo-mobile//1
  Not ready: osmo-mobile//1
[run-one] INFO  All Deployments ready.
[run-one] INFO  Waiting up to 300s for MS to camp on cell (MM_EVENT_CELL_SELECTED)...
[run-one] INFO  MS camped on cell.
[run-one] INFO  Waiting up to 60s for osmo-mobile VTY (port 4247)...
[run-one] INFO  osmo-mobile VTY ready.
[run-one] INFO  Waiting up to 120s for boot LU (BSC_SLR=0x000001) to clear...
[run-one] INFO  Boot LU CLEAR REQUEST seen — draining msc-stub event buffer...
msc-stub buffer drained
[run-one] INFO  MSC stub buffer drained — namespace ready for test.
[run-one] INFO  Running TC_26_6_5_2_4 as Job ttcn3-tc-26-6-5-2-4-1...
[run-one] FAIL  TC_26_6_5_2_4: no TITAN report dir found under /work/gouri.naik/sampige-scaling-intern-2026/refs/osmocom-demo/ttcn3/logs/gsm-14/
[run-one] FAIL  TC_26_6_5_2_4: INCONCLUSIVE
=====================================================
 TTCN-3 k8s Run Summary
 Namespace : gsm-14
 Timestamp : 20260626-102422
=====================================================
  TC_26_6_5_2_4                            INCONCLUSIVE
-----------------------------------------------------
  PASS: 0   FAIL: 0   INCONCLUSIVE: 1
=====================================================
[run-one] INFO  Done. Results: results/week05/run20260626-102105-N8/ns-6/TC_26_6_5_2_4
[run-one] INFO  Teardown: uninstalling Helm release gsm-14...
release "gsm-14" uninstalled
[run-one] INFO  Teardown: deleting namespace gsm-14...
namespace "gsm-14" deleted
{
  "namespaces": [
    {
      "namespace": "gsm-14",
      "bringup_s": 67.959,
      "testing_s": 55.16,
      "teardown_s": 85.819,
      "total_s": 208.947,
      "verdicts": [
        {
          "tc_name": "TC_26_6_5_2_4",
          "verdict": "INCONCLUSIVE"
        }
      ],
      "pass": 0,
      "fail": 0,
      "inconclusive": 1
    }
  ],
  "T_suite_s": 208.947,
  "N": 1,
  "pass": 0,
  "fail": 0,
  "inconclusive": 1,
  "test_durations": [
    {
      "namespace": "gsm-14",
      "tc_name": "TC_26_6_5_2_4",
      "duration_s": 55.146,
      "verdict": "INCONCLUSIVE"
    }
  ],
  "pods": {
    "total_restarts": 0,
    "oom_kills": 0
  },
  "S": null,
  "E": null
}
[run-one] Namespace : gsm-22
[run-one] Tests     : TC_26_6_8_5
[run-one] Results   : results/week05/run20260626-102105-N8/ns-6/TC_26_6_8_5
[run-one] INFO  Images already in local registry.
[run-one] INFO  Installing Helm release gsm-22 from /work/gouri.naik/sampige-scaling-intern-2026/refs/osmocom-demo/k8s/chart ...
Release "gsm-22" does not exist. Installing it now.
NAME: gsm-22
LAST DEPLOYED: Fri Jun 26 15:57:51 2026
NAMESPACE: gsm-22
STATUS: deployed
REVISION: 1
TEST SUITE: None
[run-one] INFO  Waiting up to 240s for Deployments to be Ready...
  Not ready: msc-test-stub//1
osmo-bsc//1
osmo-bts-virtual//1
osmo-hlr//1
osmo-mgw//1
osmo-mobile//1
osmo-stp//1
virtphy//1
  Not ready: msc-test-stub//1
osmo-bsc//1
osmo-bts-virtual//1
osmo-hlr//1
osmo-mgw//1
osmo-mobile//1
osmo-stp//1
virtphy//1
  Not ready: msc-test-stub//1
osmo-bsc//1
osmo-bts-virtual//1
osmo-mgw//1
osmo-mobile//1
virtphy//1
  Not ready: msc-test-stub//1
osmo-mobile//1
  Not ready: osmo-mobile//1
  Not ready: osmo-mobile//1
  Not ready: osmo-mobile//1
  Not ready: osmo-mobile//1
[run-one] INFO  All Deployments ready.
[run-one] INFO  Waiting up to 300s for MS to camp on cell (MM_EVENT_CELL_SELECTED)...
[run-one] INFO  MS camped on cell.
[run-one] INFO  Waiting up to 60s for osmo-mobile VTY (port 4247)...
[run-one] INFO  osmo-mobile VTY ready.
[run-one] INFO  Waiting up to 120s for boot LU (BSC_SLR=0x000001) to clear...
[run-one] INFO  Boot LU CLEAR REQUEST seen — draining msc-stub event buffer...
msc-stub buffer drained
[run-one] INFO  MSC stub buffer drained — namespace ready for test.
[run-one] INFO  Running TC_26_6_8_5 as Job ttcn3-tc-26-6-8-5-1...
[run-one] PASS  TC_26_6_8_5: PASS
=====================================================
 TTCN-3 k8s Run Summary
 Namespace : gsm-22
 Timestamp : 20260626-102751
=====================================================
  TC_26_6_8_5                              PASS
-----------------------------------------------------
  PASS: 1   FAIL: 0   INCONCLUSIVE: 0
=====================================================
[run-one] INFO  Done. Results: results/week05/run20260626-102105-N8/ns-6/TC_26_6_8_5
[run-one] INFO  Teardown: uninstalling Helm release gsm-22...
release "gsm-22" uninstalled
[run-one] INFO  Teardown: deleting namespace gsm-22...
namespace "gsm-22" deleted
{
  "namespaces": [
    {
      "namespace": "gsm-22",
      "bringup_s": 74.288,
      "testing_s": 77.595,
      "teardown_s": 87.612,
      "total_s": 239.497,
      "verdicts": [
        {
          "tc_name": "TC_26_6_8_5",
          "verdict": "PASS"
        }
      ],
      "pass": 1,
      "fail": 0,
      "inconclusive": 0
    }
  ],
  "T_suite_s": 239.497,
  "N": 1,
  "pass": 1,
  "fail": 0,
  "inconclusive": 0,
  "test_durations": [
    {
      "namespace": "gsm-22",
      "tc_name": "TC_26_6_8_5",
      "duration_s": 77.587,
      "verdict": "PASS"
    }
  ],
  "pods": {
    "total_restarts": 0,
    "oom_kills": 0
  },
  "S": null,
  "E": null
}
[run-one] Namespace : gsm-30
[run-one] Tests     : TC_26_7_2_2
[run-one] Results   : results/week05/run20260626-102105-N8/ns-6/TC_26_7_2_2
[run-one] INFO  Images already in local registry.
[run-one] INFO  Installing Helm release gsm-30 from /work/gouri.naik/sampige-scaling-intern-2026/refs/osmocom-demo/k8s/chart ...
Release "gsm-30" does not exist. Installing it now.
NAME: gsm-30
LAST DEPLOYED: Fri Jun 26 16:01:52 2026
NAMESPACE: gsm-30
STATUS: deployed
REVISION: 1
TEST SUITE: None
[run-one] INFO  Waiting up to 240s for Deployments to be Ready...
  Not ready: msc-test-stub//1
osmo-bsc//1
osmo-bts-virtual//1
osmo-hlr//1
osmo-mgw//1
osmo-mobile//1
osmo-stp//1
virtphy//1
  Not ready: msc-test-stub//1
osmo-bsc//1
osmo-bts-virtual//1
osmo-hlr//1
osmo-mgw//1
osmo-mobile//1
osmo-stp//1
virtphy//1
  Not ready: msc-test-stub//1
osmo-bsc//1
osmo-mobile//1
osmo-stp//1
  Not ready: msc-test-stub//1
osmo-bsc//1
osmo-mobile//1
  Not ready: msc-test-stub//1
osmo-mobile//1
  Not ready: osmo-mobile//1
[run-one] INFO  All Deployments ready.
[run-one] INFO  Waiting up to 300s for MS to camp on cell (MM_EVENT_CELL_SELECTED)...
[run-one] INFO  MS camped on cell.
[run-one] INFO  Waiting up to 60s for osmo-mobile VTY (port 4247)...
[run-one] INFO  osmo-mobile VTY ready.
[run-one] INFO  Waiting up to 120s for boot LU (BSC_SLR=0x000001) to clear...
[run-one] INFO  Boot LU CLEAR REQUEST seen — draining msc-stub event buffer...
msc-stub buffer drained
[run-one] INFO  MSC stub buffer drained — namespace ready for test.
[run-one] INFO  Running TC_26_7_2_2 as Job ttcn3-tc-26-7-2-2-1...
[run-one] PASS  TC_26_7_2_2: PASS
=====================================================
 TTCN-3 k8s Run Summary
 Namespace : gsm-30
 Timestamp : 20260626-103151
=====================================================
  TC_26_7_2_2                              PASS
-----------------------------------------------------
  PASS: 1   FAIL: 0   INCONCLUSIVE: 0
=====================================================
[run-one] INFO  Done. Results: results/week05/run20260626-102105-N8/ns-6/TC_26_7_2_2
[run-one] INFO  Teardown: uninstalling Helm release gsm-30...
release "gsm-30" uninstalled
[run-one] INFO  Teardown: deleting namespace gsm-30...
namespace "gsm-30" deleted
{
  "namespaces": [
    {
      "namespace": "gsm-30",
      "bringup_s": 70.27,
      "testing_s": 112.448,
      "teardown_s": 59.368,
      "total_s": 242.089,
      "verdicts": [
        {
          "tc_name": "TC_26_7_2_2",
          "verdict": "PASS"
        }
      ],
      "pass": 1,
      "fail": 0,
      "inconclusive": 0
    }
  ],
  "T_suite_s": 242.089,
  "N": 1,
  "pass": 1,
  "fail": 0,
  "inconclusive": 0,
  "test_durations": [
    {
      "namespace": "gsm-30",
      "tc_name": "TC_26_7_2_2",
      "duration_s": 112.439,
      "verdict": "PASS"
    }
  ],
  "pods": {
    "total_restarts": 0,
    "oom_kills": 0
  },
  "S": null,
  "E": null
}
[run-one] Namespace : gsm-38
[run-one] Tests     : TC_26_7_4_2_4_3
[run-one] Results   : results/week05/run20260626-102105-N8/ns-6/TC_26_7_4_2_4_3
[run-one] INFO  Images already in local registry.
[run-one] INFO  Installing Helm release gsm-38 from /work/gouri.naik/sampige-scaling-intern-2026/refs/osmocom-demo/k8s/chart ...
Release "gsm-38" does not exist. Installing it now.
NAME: gsm-38
LAST DEPLOYED: Fri Jun 26 16:05:54 2026
NAMESPACE: gsm-38
STATUS: deployed
REVISION: 1
TEST SUITE: None
[run-one] INFO  Waiting up to 240s for Deployments to be Ready...
  Not ready: msc-test-stub//1
osmo-bsc//1
osmo-bts-virtual//1
osmo-hlr//1
osmo-mgw//1
osmo-mobile//1
osmo-stp//1
virtphy//1
  Not ready: msc-test-stub//1
osmo-bsc//1
osmo-bts-virtual//1
osmo-hlr//1
osmo-mgw//1
osmo-mobile//1
osmo-stp//1
virtphy//1
  Not ready: msc-test-stub//1
osmo-bsc//1
osmo-mobile//1
  Not ready: osmo-mobile//1
  Not ready: osmo-mobile//1
  Not ready: osmo-mobile//1
  Not ready: osmo-mobile//1
[run-one] INFO  All Deployments ready.
[run-one] INFO  Waiting up to 300s for MS to camp on cell (MM_EVENT_CELL_SELECTED)...
[run-one] INFO  MS camped on cell.
[run-one] INFO  Waiting up to 60s for osmo-mobile VTY (port 4247)...
[run-one] INFO  osmo-mobile VTY ready.
[run-one] INFO  Waiting up to 120s for boot LU (BSC_SLR=0x000001) to clear...
[run-one] INFO  Boot LU CLEAR REQUEST seen — draining msc-stub event buffer...
msc-stub buffer drained
[run-one] INFO  MSC stub buffer drained — namespace ready for test.
[run-one] INFO  Running TC_26_7_4_2_4_3 as Job ttcn3-tc-26-7-4-2-4-3-1...
[run-one] FAIL  TC_26_7_4_2_4_3: FAIL
=====================================================
 TTCN-3 k8s Run Summary
 Namespace : gsm-38
 Timestamp : 20260626-103553
=====================================================
  TC_26_7_4_2_4_3                          FAIL
-----------------------------------------------------
  PASS: 0   FAIL: 1   INCONCLUSIVE: 0
=====================================================
[run-one] INFO  Done. Results: results/week05/run20260626-102105-N8/ns-6/TC_26_7_4_2_4_3
[run-one] INFO  Teardown: uninstalling Helm release gsm-38...
release "gsm-38" uninstalled
[run-one] INFO  Teardown: deleting namespace gsm-38...
namespace "gsm-38" deleted
{
  "namespaces": [
    {
      "namespace": "gsm-38",
      "bringup_s": 45.451,
      "testing_s": 419.567,
      "teardown_s": 57.877,
      "total_s": 522.898,
      "verdicts": [
        {
          "tc_name": "TC_26_7_4_2_4_3",
          "verdict": "FAIL"
        }
      ],
      "pass": 0,
      "fail": 1,
      "inconclusive": 0
    }
  ],
  "T_suite_s": 522.898,
  "N": 1,
  "pass": 0,
  "fail": 1,
  "inconclusive": 0,
  "test_durations": [
    {
      "namespace": "gsm-38",
      "tc_name": "TC_26_7_4_2_4_3",
      "duration_s": 419.562,
      "verdict": "FAIL"
    }
  ],
  "pods": {
    "total_restarts": 1,
    "oom_kills": 0
  },
  "S": null,
  "E": null
}
[run-one] Namespace : gsm-46
[run-one] Tests     : TC_26_7_4_5_1
[run-one] Results   : results/week05/run20260626-102105-N8/ns-6/TC_26_7_4_5_1
[run-one] INFO  Images already in local registry.
[run-one] INFO  Installing Helm release gsm-46 from /work/gouri.naik/sampige-scaling-intern-2026/refs/osmocom-demo/k8s/chart ...
Release "gsm-46" does not exist. Installing it now.
NAME: gsm-46
LAST DEPLOYED: Fri Jun 26 16:14:36 2026
NAMESPACE: gsm-46
STATUS: deployed
REVISION: 1
TEST SUITE: None
[run-one] INFO  Waiting up to 240s for Deployments to be Ready...
  Not ready: msc-test-stub//1
osmo-bsc//1
osmo-bts-virtual//1
osmo-hlr//1
osmo-mgw//1
osmo-mobile//1
osmo-stp//1
virtphy//1
  Not ready: msc-test-stub//1
osmo-bsc//1
osmo-bts-virtual//1
osmo-hlr//1
osmo-mgw//1
osmo-mobile//1
osmo-stp//1
virtphy//1
  Not ready: msc-test-stub//1
osmo-bsc//1
osmo-mobile//1
  Not ready: msc-test-stub//1
osmo-mobile//1
  Not ready: msc-test-stub//1
osmo-mobile//1
  Not ready: osmo-mobile//1
  Not ready: osmo-mobile//1
[run-one] INFO  All Deployments ready.
[run-one] INFO  Waiting up to 300s for MS to camp on cell (MM_EVENT_CELL_SELECTED)...
[run-one] INFO  MS camped on cell.
[run-one] INFO  Waiting up to 60s for osmo-mobile VTY (port 4247)...
[run-one] INFO  osmo-mobile VTY ready.
[run-one] INFO  Waiting up to 120s for boot LU (BSC_SLR=0x000001) to clear...
[run-one] INFO  Boot LU CLEAR REQUEST seen — draining msc-stub event buffer...
msc-stub buffer drained
[run-one] INFO  MSC stub buffer drained — namespace ready for test.
[run-one] INFO  Running TC_26_7_4_5_1 as Job ttcn3-tc-26-7-4-5-1-1...
[run-one] FAIL  TC_26_7_4_5_1: FAIL
=====================================================
 TTCN-3 k8s Run Summary
 Namespace : gsm-46
 Timestamp : 20260626-104436
=====================================================
  TC_26_7_4_5_1                            FAIL
-----------------------------------------------------
  PASS: 0   FAIL: 1   INCONCLUSIVE: 0
=====================================================
[run-one] INFO  Done. Results: results/week05/run20260626-102105-N8/ns-6/TC_26_7_4_5_1
[run-one] INFO  Teardown: uninstalling Helm release gsm-46...
release "gsm-46" uninstalled
[run-one] INFO  Teardown: deleting namespace gsm-46...
namespace "gsm-46" deleted
{
  "namespaces": [
    {
      "namespace": "gsm-46",
      "bringup_s": 44.788,
      "testing_s": 926.103,
      "teardown_s": 55.608,
      "total_s": 1026.5,
      "verdicts": [
        {
          "tc_name": "TC_26_7_4_5_1",
          "verdict": "FAIL"
        }
      ],
      "pass": 0,
      "fail": 1,
      "inconclusive": 0
    }
  ],
  "T_suite_s": 1026.5,
  "N": 1,
  "pass": 0,
  "fail": 1,
  "inconclusive": 0,
  "test_durations": [
    {
      "namespace": "gsm-46",
      "tc_name": "TC_26_7_4_5_1",
      "duration_s": 926.097,
      "verdict": "FAIL"
    }
  ],
  "pods": {
    "total_restarts": 1,
    "oom_kills": 0
  },
  "S": null,
  "E": null
}
[run-one] Namespace : gsm-54
[run-one] Tests     : TC_26_8_2_1
[run-one] Results   : results/week05/run20260626-102105-N8/ns-6/TC_26_8_2_1
[run-one] INFO  Images already in local registry.
[run-one] INFO  Installing Helm release gsm-54 from /work/gouri.naik/sampige-scaling-intern-2026/refs/osmocom-demo/k8s/chart ...
Release "gsm-54" does not exist. Installing it now.
NAME: gsm-54
LAST DEPLOYED: Fri Jun 26 16:31:43 2026
NAMESPACE: gsm-54
STATUS: deployed
REVISION: 1
TEST SUITE: None
[run-one] INFO  Waiting up to 240s for Deployments to be Ready...
  Not ready: msc-test-stub//1
osmo-bsc//1
osmo-bts-virtual//1
osmo-hlr//1
osmo-mgw//1
osmo-mobile//1
osmo-stp//1
virtphy//1
  Not ready: msc-test-stub//1
osmo-bsc//1
osmo-bts-virtual//1
osmo-hlr//1
osmo-mgw//1
osmo-mobile//1
osmo-stp//1
virtphy//1
  Not ready: msc-test-stub//1
osmo-bsc//1
osmo-mobile//1
  Not ready: osmo-mobile//1
  Not ready: osmo-mobile//1
  Not ready: osmo-mobile//1
  Not ready: osmo-mobile//1
[run-one] INFO  All Deployments ready.
[run-one] INFO  Waiting up to 300s for MS to camp on cell (MM_EVENT_CELL_SELECTED)...
[run-one] INFO  MS camped on cell.
[run-one] INFO  Waiting up to 60s for osmo-mobile VTY (port 4247)...
[run-one] INFO  osmo-mobile VTY ready.
[run-one] INFO  Waiting up to 120s for boot LU (BSC_SLR=0x000001) to clear...
[run-one] INFO  Boot LU CLEAR REQUEST seen — draining msc-stub event buffer...
msc-stub buffer drained
[run-one] INFO  MSC stub buffer drained — namespace ready for test.
[run-one] INFO  Running TC_26_8_2_1 as Job ttcn3-tc-26-8-2-1-1...
[run-one] FAIL  TC_26_8_2_1: INCONCLUSIVE
=====================================================
 TTCN-3 k8s Run Summary
 Namespace : gsm-54
 Timestamp : 20260626-110142
=====================================================
  TC_26_8_2_1                              INCONCLUSIVE
-----------------------------------------------------
  PASS: 0   FAIL: 0   INCONCLUSIVE: 1
=====================================================
[run-one] INFO  Done. Results: results/week05/run20260626-102105-N8/ns-6/TC_26_8_2_1
[run-one] INFO  Teardown: uninstalling Helm release gsm-54...
release "gsm-54" uninstalled
[run-one] INFO  Teardown: deleting namespace gsm-54...
namespace "gsm-54" deleted
{
  "namespaces": [
    {
      "namespace": "gsm-54",
      "bringup_s": 40.587,
      "testing_s": 140.137,
      "teardown_s": 53.47,
      "total_s": 234.196,
      "verdicts": [
        {
          "tc_name": "TC_26_8_2_1",
          "verdict": "INCONCLUSIVE"
        }
      ],
      "pass": 0,
      "fail": 0,
      "inconclusive": 1
    }
  ],
  "T_suite_s": 234.196,
  "N": 1,
  "pass": 0,
  "fail": 0,
  "inconclusive": 1,
  "test_durations": [
    {
      "namespace": "gsm-54",
      "tc_name": "TC_26_8_2_1",
      "duration_s": 140.131,
      "verdict": "INCONCLUSIVE"
    }
  ],
  "pods": {
    "total_restarts": 0,
    "oom_kills": 0
  },
  "S": null,
  "E": null
}
