2026/Jun/10 06:11:12.746667 EXECUTOR - TTCN-3 Host Controller started on ttcn3-tc-26-2-3-1-kcstr. Version: 11.1.0.
2026/Jun/10 06:11:12.746854 EXECUTOR - TTCN Logger v2.2 options: TimeStampFormat:=DateTime; LogEntityName:=No; LogEventTypes:=Yes; SourceInfoFormat:=Single; LogSensitiveData:=No; *.FileMask:=LOG_ALL; *.ConsoleMask:=ERROR | TESTCASE | USER | VERDICTOP | WARNING; LogFileSize:=0; LogFileNumber:=1; DiskFullAction:=Error
2026/Jun/10 06:11:12.746867 EXECUTOR - Maximum number of open file descriptors: 1048576,   FD_SETSIZE = 1024
2026/Jun/10 06:11:12.747015 WARNING - Warning: The address of MC was set to a local IP address. This may cause incorrect behavior if a HC from a remote host also connects to MC.
2026/Jun/10 06:11:12.747056 EXECUTOR - The address of MC was set to 127.0.0.1:0.
2026/Jun/10 06:11:12.747196 EXECUTOR - Connected to MC.
2026/Jun/10 06:11:12.747299 EXECUTOR - This host supports UNIX domain sockets for local communication.
2026/Jun/10 06:11:12.747566 EXECUTOR - Processing configuration data received from MC.
2026/Jun/10 06:11:12.747867 WARNING - Warning: Skeleton `/results/TC_26_2_3-2026-06-10-061111/%n.log' does not guarantee unique log file name for every test system process. It may cause unpredictable results if several test components try to write into the same log file.
2026/Jun/10 06:11:12.748202 EXECUTOR - Module GSM_Constants has the following parameters: { TSPC_Serv_TS11 := true, TSPC_Serv_TS61 := false, TSPC_Serv_TS62 := false, TSPC_Serv_BS21 := false, TSPC_Serv_BS22 := false, TSPC_Serv_BS24 := false, TSPC_Serv_BS25 := false, TSPC_Serv_BS26 := false, TSPC_Serv_BS31 := false, TSPC_Serv_BS32 := false, TSPC_Serv_BS33 := false, TSPC_Serv_BS34 := false, TSPC_Serv_BS41 := false, TSPC_Serv_BS42 := false, TSPC_Serv_BS43 := false, TSPC_Serv_BS44 := false, TSPC_Serv_BS45 := false, TSPC_Serv_BS51 := false, TSPC_Serv_BS61 := false, TSPC_Serv_BS81 := false, TSPC_DualRate := false, TSPC_MTsvc := true, TSPX_IMSI := '901700000000001F'O, TSPX_TMSI := '1914D97F'O, TSPX_CKSNDef := 0, TSPX_RANDDef := '00112233445566778899AABBCCDDEEFF'O, TSPX_SRES := '12345678'O, TSPX_Kc := '0000000000000000'O, TSPX_SDCCH4SubDef := 0, TSPX_TmSltDef := 0, TSPX_TscDef := 7, TSPX_TCHHSubDef := 0, TCV_CC := true, TSPX_Telephony_Rate := C_Full (0), TSPX_MOBscSvcA := C_Telephony (0), TSPX_MOBscSvcB := C_Telephony (0), TSPX_MOBscSvcC := C_Telephony (0), TSPX_MOBscSvcD := C_Telephony (0), TSPX_MOBscSvcE := C_Telephony (0), TSPX_MOBscSvcF := C_Telephony (0), TSPX_MOBscSvcG := C_Telephony (0), TSPX_MOChRateA := C_Full (0), TSPX_MOChRateB := C_Full (0), TSPX_MOChRateC := C_Full (0), TSPX_MOChRateD := C_Full (0), TSPX_MOChRateE := C_Full (0), TSPX_MOChRateF := C_Full (0), TSPX_MOChRateG := C_Full (0), TSPX_MTBscSvcA := C_Telephony (0), TSPX_MTBscSvcB := C_Telephony (0), TSPX_MTBscSvcC := C_Telephony (0), TSPX_MTBscSvcD := C_Telephony (0), TSPX_MTBscSvcE := C_Telephony (0), TSPX_MTBscSvcF := C_Telephony (0), TSPX_MTBscSvcG := C_Telephony (0), TSPX_MTBscSvcH := C_Telephony (0), TSPX_MTBscSvcI := C_Telephony (0), TSPX_MTBscSvcJ := C_Telephony (0), TSPX_MTChRateA := C_Full (0), TSPX_MTChRateB := C_Full (0), TSPX_MTChRateC := C_Full (0), TSPX_MTChRateD := C_Full (0), TSPX_MTChRateE := C_Full (0), TSPX_MTChRateF := C_Full (0), TSPX_MTChRateG := C_Full (0), TSPX_MTChRateH := C_Full (0), TSPX_MTChRateI := C_Full (0), TSPX_MTChRateJ := C_Full (0), C_arfcnA := 51 }
2026/Jun/10 06:11:12.748292 EXECUTOR - Module TC_26_6_1_2 has the following parameters: { TSPX_nPara := 3, TSPX_i1Para := 3, TSPX_kPara := 5, TSPX_i2Para := 1, TSPX_rPara := 4, TSPX_i3Para := 4 }
2026/Jun/10 06:11:12.748327 EXECUTOR - Initializing module GSM_Component_Definitions.
2026/Jun/10 06:11:12.748335 EXECUTOR GSM_Component_Definitions.ttcn3:0 Initializing module GSM_Templates.
2026/Jun/10 06:11:12.748355 EXECUTOR GSM_Templates.ttcn3:0 Initializing module GSM_Constants.
2026/Jun/10 06:11:12.748362 EXECUTOR GSM_Constants.ttcn3:0 Initializing module GSM_Types.
2026/Jun/10 06:11:12.748365 EXECUTOR GSM_Constants.ttcn3:0 Initialization of module GSM_Types finished.
2026/Jun/10 06:11:12.748369 EXECUTOR GSM_Templates.ttcn3:0 Initialization of module GSM_Constants finished.
2026/Jun/10 06:11:12.748454 EXECUTOR GSM_Component_Definitions.ttcn3:0 Initialization of module GSM_Templates finished.
2026/Jun/10 06:11:12.748459 EXECUTOR - Initialization of module GSM_Component_Definitions finished.
2026/Jun/10 06:11:12.748462 EXECUTOR - Initializing module GSM_Functions.
2026/Jun/10 06:11:12.748489 EXECUTOR - Initialization of module GSM_Functions finished.
2026/Jun/10 06:11:12.748492 EXECUTOR - Initializing module PreGenRecordOf.
2026/Jun/10 06:11:12.748495 EXECUTOR - Initialization of module PreGenRecordOf finished.
2026/Jun/10 06:11:12.748498 EXECUTOR - Initializing module TC_26_2_1_3.
2026/Jun/10 06:11:12.748504 EXECUTOR - Initialization of module TC_26_2_1_3 finished.
2026/Jun/10 06:11:12.748507 EXECUTOR - Initializing module TC_26_2_2.
2026/Jun/10 06:11:12.748512 EXECUTOR - Initialization of module TC_26_2_2 finished.
2026/Jun/10 06:11:12.748515 EXECUTOR - Initializing module TC_26_2_3.
2026/Jun/10 06:11:12.748521 EXECUTOR - Initialization of module TC_26_2_3 finished.
2026/Jun/10 06:11:12.748524 EXECUTOR - Initializing module TC_26_6_11_1.
2026/Jun/10 06:11:12.748530 EXECUTOR - Initialization of module TC_26_6_11_1 finished.
2026/Jun/10 06:11:12.748533 EXECUTOR - Initializing module TC_26_6_11_2.
2026/Jun/10 06:11:12.748538 EXECUTOR - Initialization of module TC_26_6_11_2 finished.
2026/Jun/10 06:11:12.748541 EXECUTOR - Initializing module TC_26_6_12_1.
2026/Jun/10 06:11:12.748547 EXECUTOR - Initialization of module TC_26_6_12_1 finished.
2026/Jun/10 06:11:12.748550 EXECUTOR - Initializing module TC_26_6_12_2.
2026/Jun/10 06:11:12.748556 EXECUTOR - Initialization of module TC_26_6_12_2 finished.
2026/Jun/10 06:11:12.748559 EXECUTOR - Initializing module TC_26_6_12_3.
2026/Jun/10 06:11:12.748564 EXECUTOR - Initialization of module TC_26_6_12_3 finished.
2026/Jun/10 06:11:12.748567 EXECUTOR - Initializing module TC_26_6_12_4.
2026/Jun/10 06:11:12.748573 EXECUTOR - Initialization of module TC_26_6_12_4 finished.
2026/Jun/10 06:11:12.748576 EXECUTOR - Initializing module TC_26_6_13_10.
2026/Jun/10 06:11:12.748582 EXECUTOR - Initialization of module TC_26_6_13_10 finished.
2026/Jun/10 06:11:12.748585 EXECUTOR - Initializing module TC_26_6_13_9.
2026/Jun/10 06:11:12.748590 EXECUTOR - Initialization of module TC_26_6_13_9 finished.
2026/Jun/10 06:11:12.748592 EXECUTOR - Initializing module TC_26_6_1_1.
2026/Jun/10 06:11:12.748598 EXECUTOR - Initialization of module TC_26_6_1_1 finished.
2026/Jun/10 06:11:12.748601 EXECUTOR - Initializing module TC_26_6_1_2.
2026/Jun/10 06:11:12.748607 EXECUTOR - Initialization of module TC_26_6_1_2 finished.
2026/Jun/10 06:11:12.748610 EXECUTOR - Initializing module TC_26_6_1_3.
2026/Jun/10 06:11:12.748616 EXECUTOR - Initialization of module TC_26_6_1_3 finished.
2026/Jun/10 06:11:12.748619 EXECUTOR - Initializing module TC_26_6_1_4.
2026/Jun/10 06:11:12.748625 EXECUTOR - Initialization of module TC_26_6_1_4 finished.
2026/Jun/10 06:11:12.748628 EXECUTOR - Initializing module TC_26_6_1_5.
2026/Jun/10 06:11:12.748633 EXECUTOR - Initialization of module TC_26_6_1_5 finished.
2026/Jun/10 06:11:12.748636 EXECUTOR - Initializing module TC_26_6_2_1_1.
2026/Jun/10 06:11:12.748642 EXECUTOR - Initialization of module TC_26_6_2_1_1 finished.
2026/Jun/10 06:11:12.748645 EXECUTOR - Initializing module TC_26_6_2_1_2.
2026/Jun/10 06:11:12.748650 EXECUTOR - Initialization of module TC_26_6_2_1_2 finished.
2026/Jun/10 06:11:12.748653 EXECUTOR - Initializing module TC_26_6_2_1_3.
2026/Jun/10 06:11:12.748659 EXECUTOR - Initialization of module TC_26_6_2_1_3 finished.
2026/Jun/10 06:11:12.748662 EXECUTOR - Initializing module TC_26_6_2_2.
2026/Jun/10 06:11:12.748667 EXECUTOR - Initialization of module TC_26_6_2_2 finished.
2026/Jun/10 06:11:12.748670 EXECUTOR - Initializing module TC_26_6_2_3_1.
2026/Jun/10 06:11:12.748675 EXECUTOR - Initialization of module TC_26_6_2_3_1 finished.
2026/Jun/10 06:11:12.748678 EXECUTOR - Initializing module TC_26_6_2_3_2.
2026/Jun/10 06:11:12.748684 EXECUTOR - Initialization of module TC_26_6_2_3_2 finished.
2026/Jun/10 06:11:12.748691 EXECUTOR - Initializing module TC_26_6_2_4.
2026/Jun/10 06:11:12.748697 EXECUTOR - Initialization of module TC_26_6_2_4 finished.
2026/Jun/10 06:11:12.748700 EXECUTOR - Initializing module TC_26_6_3_1.
2026/Jun/10 06:11:12.748705 EXECUTOR - Initialization of module TC_26_6_3_1 finished.
2026/Jun/10 06:11:12.748708 EXECUTOR - Initializing module TC_26_6_3_4.
2026/Jun/10 06:11:12.748714 EXECUTOR - Initialization of module TC_26_6_3_4 finished.
2026/Jun/10 06:11:12.748717 EXECUTOR - Initializing module TC_26_6_4_1.
2026/Jun/10 06:11:12.748723 EXECUTOR - Initialization of module TC_26_6_4_1 finished.
2026/Jun/10 06:11:12.748726 EXECUTOR - Initializing module TC_26_6_4_2_2.
2026/Jun/10 06:11:12.748731 EXECUTOR - Initialization of module TC_26_6_4_2_2 finished.
2026/Jun/10 06:11:12.748734 EXECUTOR - Initializing module TC_26_6_5_1.
2026/Jun/10 06:11:12.748739 EXECUTOR - Initialization of module TC_26_6_5_1 finished.
2026/Jun/10 06:11:12.748742 EXECUTOR - Initializing module TC_26_6_5_2_1.
2026/Jun/10 06:11:12.748748 EXECUTOR - Initialization of module TC_26_6_5_2_1 finished.
2026/Jun/10 06:11:12.748751 EXECUTOR - Initializing module TC_26_6_8_1.
2026/Jun/10 06:11:12.748756 EXECUTOR - Initialization of module TC_26_6_8_1 finished.
2026/Jun/10 06:11:12.748759 EXECUTOR - Initializing module TC_26_6_8_2.
2026/Jun/10 06:11:12.748765 EXECUTOR - Initialization of module TC_26_6_8_2 finished.
2026/Jun/10 06:11:12.748768 EXECUTOR - Initializing module TC_26_6_8_3.
2026/Jun/10 06:11:12.748773 EXECUTOR - Initialization of module TC_26_6_8_3 finished.
2026/Jun/10 06:11:12.748776 EXECUTOR - Initializing module TC_26_6_8_4.
2026/Jun/10 06:11:12.748782 EXECUTOR - Initialization of module TC_26_6_8_4 finished.
2026/Jun/10 06:11:12.748785 EXECUTOR - Initializing module TC_26_6_8_5.
2026/Jun/10 06:11:12.748791 EXECUTOR - Initialization of module TC_26_6_8_5 finished.
2026/Jun/10 06:11:12.748794 EXECUTOR - Initializing module TC_26_7_1.
2026/Jun/10 06:11:12.748800 EXECUTOR - Initialization of module TC_26_7_1 finished.
2026/Jun/10 06:11:12.748803 EXECUTOR - Initializing module TC_26_7_2_1.
2026/Jun/10 06:11:12.748809 EXECUTOR - Initialization of module TC_26_7_2_1 finished.
2026/Jun/10 06:11:12.748811 EXECUTOR - Initializing module TC_26_7_2_2.
2026/Jun/10 06:11:12.748817 EXECUTOR - Initialization of module TC_26_7_2_2 finished.
2026/Jun/10 06:11:12.748828 EXECUTOR - Initializing module TC_26_7_3_1.
2026/Jun/10 06:11:12.748837 EXECUTOR - Initialization of module TC_26_7_3_1 finished.
2026/Jun/10 06:11:12.748840 EXECUTOR - Initializing module TC_26_7_3_2.
2026/Jun/10 06:11:12.748846 EXECUTOR - Initialization of module TC_26_7_3_2 finished.
2026/Jun/10 06:11:12.748849 EXECUTOR - Initializing module TC_26_7_4_1.
2026/Jun/10 06:11:12.748854 EXECUTOR - Initialization of module TC_26_7_4_1 finished.
2026/Jun/10 06:11:12.748857 EXECUTOR - Initializing module TC_26_7_4_2_1.
2026/Jun/10 06:11:12.748864 EXECUTOR - Initialization of module TC_26_7_4_2_1 finished.
2026/Jun/10 06:11:12.748867 EXECUTOR - Initializing module TC_26_7_4_2_2_1.
2026/Jun/10 06:11:12.748872 EXECUTOR - Initialization of module TC_26_7_4_2_2_1 finished.
2026/Jun/10 06:11:12.748875 EXECUTOR - Initializing module TC_26_7_4_2_2_2.
2026/Jun/10 06:11:12.748881 EXECUTOR - Initialization of module TC_26_7_4_2_2_2 finished.
2026/Jun/10 06:11:12.748884 EXECUTOR - Initializing module TC_26_7_4_2_3.
2026/Jun/10 06:11:12.748889 EXECUTOR - Initialization of module TC_26_7_4_2_3 finished.
2026/Jun/10 06:11:12.748892 EXECUTOR - Initializing module TC_26_7_4_2_4_1.
2026/Jun/10 06:11:12.748898 EXECUTOR - Initialization of module TC_26_7_4_2_4_1 finished.
2026/Jun/10 06:11:12.748901 EXECUTOR - Initializing module TC_26_7_4_2_4_2.
2026/Jun/10 06:11:12.748907 EXECUTOR - Initialization of module TC_26_7_4_2_4_2 finished.
2026/Jun/10 06:11:12.748910 EXECUTOR - Initializing module TC_26_7_4_2_4_3.
2026/Jun/10 06:11:12.748916 EXECUTOR - Initialization of module TC_26_7_4_2_4_3 finished.
2026/Jun/10 06:11:12.748919 EXECUTOR - Initializing module TC_26_7_4_2_4_4.
2026/Jun/10 06:11:12.748928 EXECUTOR - Initialization of module TC_26_7_4_2_4_4 finished.
2026/Jun/10 06:11:12.748931 EXECUTOR - Initializing module TC_26_7_4_2_4_5.
2026/Jun/10 06:11:12.748937 EXECUTOR - Initialization of module TC_26_7_4_2_4_5 finished.
2026/Jun/10 06:11:12.748940 EXECUTOR - Initializing module TC_26_7_4_3_1.
2026/Jun/10 06:11:12.748946 EXECUTOR - Initialization of module TC_26_7_4_3_1 finished.
2026/Jun/10 06:11:12.748949 EXECUTOR - Initializing module TC_26_7_4_3_2.
2026/Jun/10 06:11:12.748954 EXECUTOR - Initialization of module TC_26_7_4_3_2 finished.
2026/Jun/10 06:11:12.748957 EXECUTOR - Initializing module TC_26_7_4_3_3.
2026/Jun/10 06:11:12.748963 EXECUTOR - Initialization of module TC_26_7_4_3_3 finished.
2026/Jun/10 06:11:12.748966 EXECUTOR - Initializing module TC_26_7_4_3_4.
2026/Jun/10 06:11:12.748971 EXECUTOR - Initialization of module TC_26_7_4_3_4 finished.
2026/Jun/10 06:11:12.748975 EXECUTOR - Initializing module TC_26_7_4_4.
2026/Jun/10 06:11:12.748980 EXECUTOR - Initialization of module TC_26_7_4_4 finished.
2026/Jun/10 06:11:12.748983 EXECUTOR - Initializing module TC_26_7_4_5_1.
2026/Jun/10 06:11:12.748989 EXECUTOR - Initialization of module TC_26_7_4_5_1 finished.
2026/Jun/10 06:11:12.748992 EXECUTOR - Initializing module TC_26_7_4_5_2.
2026/Jun/10 06:11:12.748997 EXECUTOR - Initialization of module TC_26_7_4_5_2 finished.
2026/Jun/10 06:11:12.749000 EXECUTOR - Initializing module TC_26_7_4_5_3.
2026/Jun/10 06:11:12.749006 EXECUTOR - Initialization of module TC_26_7_4_5_3 finished.
2026/Jun/10 06:11:12.749009 EXECUTOR - Initializing module TC_26_7_4_5_4_2.
2026/Jun/10 06:11:12.749015 EXECUTOR - Initialization of module TC_26_7_4_5_4_2 finished.
2026/Jun/10 06:11:12.749018 EXECUTOR - Initializing module TC_26_7_5_2.
2026/Jun/10 06:11:12.749023 EXECUTOR - Initialization of module TC_26_7_5_2 finished.
2026/Jun/10 06:11:12.749027 EXECUTOR - Initializing module TC_26_7_5_3.
2026/Jun/10 06:11:12.749032 EXECUTOR - Initialization of module TC_26_7_5_3 finished.
2026/Jun/10 06:11:12.749035 EXECUTOR - Initializing module TC_26_7_5_4.
2026/Jun/10 06:11:12.749041 EXECUTOR - Initialization of module TC_26_7_5_4 finished.
2026/Jun/10 06:11:12.749044 EXECUTOR - Initializing module TC_26_7_5_5.
2026/Jun/10 06:11:12.749050 EXECUTOR - Initialization of module TC_26_7_5_5 finished.
2026/Jun/10 06:11:12.749053 EXECUTOR - Initializing module TC_26_7_5_6.
2026/Jun/10 06:11:12.749058 EXECUTOR - Initialization of module TC_26_7_5_6 finished.
2026/Jun/10 06:11:12.749061 EXECUTOR - Initializing module TC_26_7_5_7_1.
2026/Jun/10 06:11:12.749067 EXECUTOR - Initialization of module TC_26_7_5_7_1 finished.
2026/Jun/10 06:11:12.749070 EXECUTOR - Initializing module TC_26_7_5_8_1.
2026/Jun/10 06:11:12.749076 EXECUTOR - Initialization of module TC_26_7_5_8_1 finished.
2026/Jun/10 06:11:12.749079 EXECUTOR - Initializing module TC_26_7_5_8_2.
2026/Jun/10 06:11:12.749084 EXECUTOR - Initialization of module TC_26_7_5_8_2 finished.
2026/Jun/10 06:11:12.749087 EXECUTOR - Initializing module TC_26_7_5_8_3.
2026/Jun/10 06:11:12.749093 EXECUTOR - Initialization of module TC_26_7_5_8_3 finished.
2026/Jun/10 06:11:12.749096 EXECUTOR - Initializing module TC_26_8_1_2_1_1.
2026/Jun/10 06:11:12.749101 EXECUTOR - Initialization of module TC_26_8_1_2_1_1 finished.
2026/Jun/10 06:11:12.749104 EXECUTOR - Initializing module TC_26_8_1_2_2_1.
2026/Jun/10 06:11:12.749110 EXECUTOR - Initialization of module TC_26_8_1_2_2_1 finished.
2026/Jun/10 06:11:12.749113 EXECUTOR - Initializing module TC_26_8_1_2_2_2.
2026/Jun/10 06:11:12.749118 EXECUTOR - Initialization of module TC_26_8_1_2_2_2 finished.
2026/Jun/10 06:11:12.749121 EXECUTOR - Initializing module TC_26_8_1_2_2_3.
2026/Jun/10 06:11:12.749127 EXECUTOR - Initialization of module TC_26_8_1_2_2_3 finished.
2026/Jun/10 06:11:12.749130 EXECUTOR - Initializing module TC_26_8_1_2_3_1.
2026/Jun/10 06:11:12.749135 EXECUTOR - Initialization of module TC_26_8_1_2_3_1 finished.
2026/Jun/10 06:11:12.749138 EXECUTOR - Initializing module TC_26_8_1_2_3_2.
2026/Jun/10 06:11:12.749144 EXECUTOR - Initialization of module TC_26_8_1_2_3_2 finished.
2026/Jun/10 06:11:12.749150 EXECUTOR - Initializing module TC_26_8_1_2_3_3.
2026/Jun/10 06:11:12.749156 EXECUTOR - Initialization of module TC_26_8_1_2_3_3 finished.
2026/Jun/10 06:11:12.749159 EXECUTOR - Initializing module TC_26_8_1_2_3_4.
2026/Jun/10 06:11:12.749166 EXECUTOR - Initialization of module TC_26_8_1_2_3_4 finished.
2026/Jun/10 06:11:12.749168 EXECUTOR - Initializing module TC_26_8_1_2_3_5.
2026/Jun/10 06:11:12.749174 EXECUTOR - Initialization of module TC_26_8_1_2_3_5 finished.
2026/Jun/10 06:11:12.749178 EXECUTOR - Initializing module TC_26_8_1_2_3_6.
2026/Jun/10 06:11:12.749183 EXECUTOR - Initialization of module TC_26_8_1_2_3_6 finished.
2026/Jun/10 06:11:12.749186 EXECUTOR - Initializing module TC_26_8_1_2_3_7.
2026/Jun/10 06:11:12.749193 EXECUTOR - Initialization of module TC_26_8_1_2_3_7 finished.
2026/Jun/10 06:11:12.749196 EXECUTOR - Initializing module TC_26_8_1_2_4_1.
2026/Jun/10 06:11:12.749202 EXECUTOR - Initialization of module TC_26_8_1_2_4_1 finished.
2026/Jun/10 06:11:12.749205 EXECUTOR - Initializing module TC_26_8_1_2_4_13.
2026/Jun/10 06:11:12.749210 EXECUTOR - Initialization of module TC_26_8_1_2_4_13 finished.
2026/Jun/10 06:11:12.749214 EXECUTOR - Initializing module TC_26_8_1_2_4_2.
2026/Jun/10 06:11:12.749219 EXECUTOR - Initialization of module TC_26_8_1_2_4_2 finished.
2026/Jun/10 06:11:12.749222 EXECUTOR - Initializing module TC_26_8_1_2_4_3.
2026/Jun/10 06:11:12.749228 EXECUTOR - Initialization of module TC_26_8_1_2_4_3 finished.
2026/Jun/10 06:11:12.749231 EXECUTOR - Initializing module TC_26_8_1_2_4_4.
2026/Jun/10 06:11:12.749237 EXECUTOR - Initialization of module TC_26_8_1_2_4_4 finished.
2026/Jun/10 06:11:12.749240 EXECUTOR - Initializing module TC_26_8_1_2_4_5.
2026/Jun/10 06:11:12.749246 EXECUTOR - Initialization of module TC_26_8_1_2_4_5 finished.
2026/Jun/10 06:11:12.749248 EXECUTOR - Initializing module TC_26_8_1_2_6_1.
2026/Jun/10 06:11:12.749255 EXECUTOR - Initialization of module TC_26_8_1_2_6_1 finished.
2026/Jun/10 06:11:12.749258 EXECUTOR - Initializing module TC_26_8_1_2_6_2.
2026/Jun/10 06:11:12.749264 EXECUTOR - Initialization of module TC_26_8_1_2_6_2 finished.
2026/Jun/10 06:11:12.749266 EXECUTOR - Initializing module TC_26_8_1_2_6_3.
2026/Jun/10 06:11:12.749272 EXECUTOR - Initialization of module TC_26_8_1_2_6_3 finished.
2026/Jun/10 06:11:12.749275 EXECUTOR - Initializing module TC_26_8_1_2_6_6.
2026/Jun/10 06:11:12.749281 EXECUTOR - Initialization of module TC_26_8_1_2_6_6 finished.
2026/Jun/10 06:11:12.749284 EXECUTOR - Initializing module TC_26_8_1_3_1_1.
2026/Jun/10 06:11:12.749290 EXECUTOR - Initialization of module TC_26_8_1_3_1_1 finished.
2026/Jun/10 06:11:12.749293 EXECUTOR - Initializing module TC_26_8_1_3_2_1.
2026/Jun/10 06:11:12.749299 EXECUTOR - Initialization of module TC_26_8_1_3_2_1 finished.
2026/Jun/10 06:11:12.749302 EXECUTOR - Initializing module TC_26_8_1_3_3_1.
2026/Jun/10 06:11:12.749307 EXECUTOR - Initialization of module TC_26_8_1_3_3_1 finished.
2026/Jun/10 06:11:12.749310 EXECUTOR - Initializing module TC_26_8_1_3_3_2.
2026/Jun/10 06:11:12.749316 EXECUTOR - Initialization of module TC_26_8_1_3_3_2 finished.
2026/Jun/10 06:11:12.749319 EXECUTOR - Initializing module TC_26_8_1_3_3_3.
2026/Jun/10 06:11:12.749325 EXECUTOR - Initialization of module TC_26_8_1_3_3_3 finished.
2026/Jun/10 06:11:12.749328 EXECUTOR - Initializing module TC_26_8_1_3_3_4.
2026/Jun/10 06:11:12.749334 EXECUTOR - Initialization of module TC_26_8_1_3_3_4 finished.
2026/Jun/10 06:11:12.749337 EXECUTOR - Initializing module TC_26_8_1_3_3_5.
2026/Jun/10 06:11:12.749343 EXECUTOR - Initialization of module TC_26_8_1_3_3_5 finished.
2026/Jun/10 06:11:12.749346 EXECUTOR - Initializing module TC_26_8_1_3_3_6.
2026/Jun/10 06:11:12.749352 EXECUTOR - Initialization of module TC_26_8_1_3_3_6 finished.
2026/Jun/10 06:11:12.749355 EXECUTOR - Initializing module TC_26_8_1_3_3_7.
2026/Jun/10 06:11:12.749361 EXECUTOR - Initialization of module TC_26_8_1_3_3_7 finished.
2026/Jun/10 06:11:12.749364 EXECUTOR - Initializing module TC_26_8_1_3_4_1.
2026/Jun/10 06:11:12.749373 EXECUTOR - Initialization of module TC_26_8_1_3_4_1 finished.
2026/Jun/10 06:11:12.749377 EXECUTOR - Initializing module TC_26_8_1_3_4_2.
2026/Jun/10 06:11:12.749383 EXECUTOR - Initialization of module TC_26_8_1_3_4_2 finished.
2026/Jun/10 06:11:12.749386 EXECUTOR - Initializing module TC_26_8_1_3_4_3.
2026/Jun/10 06:11:12.749392 EXECUTOR - Initialization of module TC_26_8_1_3_4_3 finished.
2026/Jun/10 06:11:12.749395 EXECUTOR - Initializing module TC_26_8_1_3_4_4.
2026/Jun/10 06:11:12.749400 EXECUTOR - Initialization of module TC_26_8_1_3_4_4 finished.
2026/Jun/10 06:11:12.749404 EXECUTOR - Initializing module TC_26_8_1_3_4_5.
2026/Jun/10 06:11:12.749409 EXECUTOR - Initialization of module TC_26_8_1_3_4_5 finished.
2026/Jun/10 06:11:12.749412 EXECUTOR - Initializing module TC_26_8_1_3_4_6.
2026/Jun/10 06:11:12.749419 EXECUTOR - Initialization of module TC_26_8_1_3_4_6 finished.
2026/Jun/10 06:11:12.749422 EXECUTOR - Initializing module TC_26_8_1_3_4_7.
2026/Jun/10 06:11:12.749428 EXECUTOR - Initialization of module TC_26_8_1_3_4_7 finished.
2026/Jun/10 06:11:12.749431 EXECUTOR - Initializing module TC_26_8_1_3_4_8.
2026/Jun/10 06:11:12.749437 EXECUTOR - Initialization of module TC_26_8_1_3_4_8 finished.
2026/Jun/10 06:11:12.749440 EXECUTOR - Initializing module TC_26_8_1_3_5_1.
2026/Jun/10 06:11:12.749446 EXECUTOR - Initialization of module TC_26_8_1_3_5_1 finished.
2026/Jun/10 06:11:12.749450 EXECUTOR - Initializing module TC_26_8_1_3_5_2.
2026/Jun/10 06:11:12.749456 EXECUTOR - Initialization of module TC_26_8_1_3_5_2 finished.
2026/Jun/10 06:11:12.749458 EXECUTOR - Initializing module TC_26_8_1_3_5_3.
2026/Jun/10 06:11:12.749464 EXECUTOR - Initialization of module TC_26_8_1_3_5_3 finished.
2026/Jun/10 06:11:12.749467 EXECUTOR - Initializing module TC_26_8_1_3_5_4.
2026/Jun/10 06:11:12.749473 EXECUTOR - Initialization of module TC_26_8_1_3_5_4 finished.
2026/Jun/10 06:11:12.749476 EXECUTOR - Initializing module TC_26_8_1_3_5_5.
2026/Jun/10 06:11:12.749481 EXECUTOR - Initialization of module TC_26_8_1_3_5_5 finished.
2026/Jun/10 06:11:12.749484 EXECUTOR - Initializing module TC_26_8_1_3_5_6.
2026/Jun/10 06:11:12.749491 EXECUTOR - Initialization of module TC_26_8_1_3_5_6 finished.
2026/Jun/10 06:11:12.749494 EXECUTOR - Initializing module TC_26_8_1_3_5_7.
2026/Jun/10 06:11:12.749500 EXECUTOR - Initialization of module TC_26_8_1_3_5_7 finished.
2026/Jun/10 06:11:12.749503 EXECUTOR - Initializing module TC_26_8_1_3_5_8.
2026/Jun/10 06:11:12.749509 EXECUTOR - Initialization of module TC_26_8_1_3_5_8 finished.
2026/Jun/10 06:11:12.749512 EXECUTOR - Initializing module TC_26_8_1_3_5_9.
2026/Jun/10 06:11:12.749518 EXECUTOR - Initialization of module TC_26_8_1_3_5_9 finished.
2026/Jun/10 06:11:12.749521 EXECUTOR - Initializing module TC_26_8_2_1.
2026/Jun/10 06:11:12.749528 EXECUTOR - Initialization of module TC_26_8_2_1 finished.
2026/Jun/10 06:11:12.749531 EXECUTOR - Initializing module TC_26_8_2_2.
2026/Jun/10 06:11:12.749536 EXECUTOR - Initialization of module TC_26_8_2_2 finished.
2026/Jun/10 06:11:12.749539 EXECUTOR - Initializing module TC_26_8_2_3.
2026/Jun/10 06:11:12.749545 EXECUTOR - Initialization of module TC_26_8_2_3 finished.
2026/Jun/10 06:11:12.749548 EXECUTOR - Initializing module TC_26_8_3.
2026/Jun/10 06:11:12.749554 EXECUTOR - Initialization of module TC_26_8_3 finished.
2026/Jun/10 06:11:12.749558 EXECUTOR - Initializing module TC_34_2_2.
2026/Jun/10 06:11:12.749564 EXECUTOR - Initialization of module TC_34_2_2 finished.
2026/Jun/10 06:11:12.749567 EXECUTOR - Initializing module TitanLoggerApi.
2026/Jun/10 06:11:12.749569 EXECUTOR - Initialization of module TitanLoggerApi finished.
2026/Jun/10 06:11:12.749572 EXECUTOR - Initializing module TitanLoggerControl.
2026/Jun/10 06:11:12.749575 EXECUTOR - Initialization of module TitanLoggerControl finished.
2026/Jun/10 06:11:12.749587 EXECUTOR - Configuration data was processed successfully.
2026/Jun/10 06:11:12.751155 EXECUTOR - MTC was created. Process id: 39.
2026/Jun/10 06:11:52.321295 EXECUTOR - Exit was requested from MC. Terminating HC.
2026/Jun/10 06:11:52.321512 EXECUTOR - Disconnected from MC.
2026/Jun/10 06:11:52.321554 EXECUTOR - TTCN-3 Host Controller finished.
