2026/Jun/15 04:48:11.793721 EXECUTOR - TTCN-3 Host Controller started on ttcn3-tc-26-6-2-1-1-1-l5qks. Version: 11.1.0.
2026/Jun/15 04:48:11.793900 EXECUTOR - TTCN Logger v2.2 options: TimeStampFormat:=DateTime; LogEntityName:=No; LogEventTypes:=Yes; SourceInfoFormat:=Single; LogSensitiveData:=No; *.FileMask:=LOG_ALL; *.ConsoleMask:=ERROR | TESTCASE | USER | VERDICTOP | WARNING; LogFileSize:=0; LogFileNumber:=1; DiskFullAction:=Error
2026/Jun/15 04:48:11.793913 EXECUTOR - Maximum number of open file descriptors: 1048576,   FD_SETSIZE = 1024
2026/Jun/15 04:48:11.794046 WARNING - Warning: The address of MC was set to a local IP address. This may cause incorrect behavior if a HC from a remote host also connects to MC.
2026/Jun/15 04:48:11.794086 EXECUTOR - The address of MC was set to 127.0.0.1:0.
2026/Jun/15 04:48:11.794208 EXECUTOR - Connected to MC.
2026/Jun/15 04:48:11.794304 EXECUTOR - This host supports UNIX domain sockets for local communication.
2026/Jun/15 04:48:11.794574 EXECUTOR - Processing configuration data received from MC.
2026/Jun/15 04:48:11.794877 WARNING - Warning: Skeleton `/results/TC_26_6_2_1_1-2026-06-15-044810/%n.log' does not guarantee unique log file name for every test system process. It may cause unpredictable results if several test components try to write into the same log file.
2026/Jun/15 04:48:11.795194 EXECUTOR - Module GSM_Constants has the following parameters: { TSPC_Serv_TS11 := true, TSPC_Serv_TS61 := false, TSPC_Serv_TS62 := false, TSPC_Serv_BS21 := false, TSPC_Serv_BS22 := false, TSPC_Serv_BS24 := false, TSPC_Serv_BS25 := false, TSPC_Serv_BS26 := false, TSPC_Serv_BS31 := false, TSPC_Serv_BS32 := false, TSPC_Serv_BS33 := false, TSPC_Serv_BS34 := false, TSPC_Serv_BS41 := false, TSPC_Serv_BS42 := false, TSPC_Serv_BS43 := false, TSPC_Serv_BS44 := false, TSPC_Serv_BS45 := false, TSPC_Serv_BS51 := false, TSPC_Serv_BS61 := false, TSPC_Serv_BS81 := false, TSPC_DualRate := false, TSPC_MTsvc := true, TSPX_IMSI := '901700000000001F'O, TSPX_TMSI := '1914D97F'O, TSPX_CKSNDef := 0, TSPX_RANDDef := '00112233445566778899AABBCCDDEEFF'O, TSPX_SRES := '12345678'O, TSPX_Kc := '0000000000000000'O, TSPX_SDCCH4SubDef := 0, TSPX_TmSltDef := 0, TSPX_TscDef := 7, TSPX_TCHHSubDef := 0, TCV_CC := true, TSPX_Telephony_Rate := C_Full (0), TSPX_MOBscSvcA := C_Telephony (0), TSPX_MOBscSvcB := C_Telephony (0), TSPX_MOBscSvcC := C_Telephony (0), TSPX_MOBscSvcD := C_Telephony (0), TSPX_MOBscSvcE := C_Telephony (0), TSPX_MOBscSvcF := C_Telephony (0), TSPX_MOBscSvcG := C_Telephony (0), TSPX_MOChRateA := C_Full (0), TSPX_MOChRateB := C_Full (0), TSPX_MOChRateC := C_Full (0), TSPX_MOChRateD := C_Full (0), TSPX_MOChRateE := C_Full (0), TSPX_MOChRateF := C_Full (0), TSPX_MOChRateG := C_Full (0), TSPX_MTBscSvcA := C_Telephony (0), TSPX_MTBscSvcB := C_Telephony (0), TSPX_MTBscSvcC := C_Telephony (0), TSPX_MTBscSvcD := C_Telephony (0), TSPX_MTBscSvcE := C_Telephony (0), TSPX_MTBscSvcF := C_Telephony (0), TSPX_MTBscSvcG := C_Telephony (0), TSPX_MTBscSvcH := C_Telephony (0), TSPX_MTBscSvcI := C_Telephony (0), TSPX_MTBscSvcJ := C_Telephony (0), TSPX_MTChRateA := C_Full (0), TSPX_MTChRateB := C_Full (0), TSPX_MTChRateC := C_Full (0), TSPX_MTChRateD := C_Full (0), TSPX_MTChRateE := C_Full (0), TSPX_MTChRateF := C_Full (0), TSPX_MTChRateG := C_Full (0), TSPX_MTChRateH := C_Full (0), TSPX_MTChRateI := C_Full (0), TSPX_MTChRateJ := C_Full (0), C_arfcnA := 51 }
2026/Jun/15 04:48:11.795281 EXECUTOR - Module TC_26_6_1_2 has the following parameters: { TSPX_nPara := 3, TSPX_i1Para := 3, TSPX_kPara := 5, TSPX_i2Para := 1, TSPX_rPara := 4, TSPX_i3Para := 4 }
2026/Jun/15 04:48:11.795311 EXECUTOR - Initializing module GSM_Component_Definitions.
2026/Jun/15 04:48:11.795319 EXECUTOR GSM_Component_Definitions.ttcn3:0 Initializing module GSM_Templates.
2026/Jun/15 04:48:11.795339 EXECUTOR GSM_Templates.ttcn3:0 Initializing module GSM_Constants.
2026/Jun/15 04:48:11.795345 EXECUTOR GSM_Constants.ttcn3:0 Initializing module GSM_Types.
2026/Jun/15 04:48:11.795349 EXECUTOR GSM_Constants.ttcn3:0 Initialization of module GSM_Types finished.
2026/Jun/15 04:48:11.795353 EXECUTOR GSM_Templates.ttcn3:0 Initialization of module GSM_Constants finished.
2026/Jun/15 04:48:11.795431 EXECUTOR GSM_Component_Definitions.ttcn3:0 Initialization of module GSM_Templates finished.
2026/Jun/15 04:48:11.795437 EXECUTOR - Initialization of module GSM_Component_Definitions finished.
2026/Jun/15 04:48:11.795440 EXECUTOR - Initializing module GSM_Functions.
2026/Jun/15 04:48:11.795465 EXECUTOR - Initialization of module GSM_Functions finished.
2026/Jun/15 04:48:11.795469 EXECUTOR - Initializing module PreGenRecordOf.
2026/Jun/15 04:48:11.795472 EXECUTOR - Initialization of module PreGenRecordOf finished.
2026/Jun/15 04:48:11.795475 EXECUTOR - Initializing module TC_26_2_1_3.
2026/Jun/15 04:48:11.795480 EXECUTOR - Initialization of module TC_26_2_1_3 finished.
2026/Jun/15 04:48:11.795483 EXECUTOR - Initializing module TC_26_2_2.
2026/Jun/15 04:48:11.795489 EXECUTOR - Initialization of module TC_26_2_2 finished.
2026/Jun/15 04:48:11.795492 EXECUTOR - Initializing module TC_26_2_3.
2026/Jun/15 04:48:11.795498 EXECUTOR - Initialization of module TC_26_2_3 finished.
2026/Jun/15 04:48:11.795501 EXECUTOR - Initializing module TC_26_6_11_1.
2026/Jun/15 04:48:11.795506 EXECUTOR - Initialization of module TC_26_6_11_1 finished.
2026/Jun/15 04:48:11.795509 EXECUTOR - Initializing module TC_26_6_11_2.
2026/Jun/15 04:48:11.795515 EXECUTOR - Initialization of module TC_26_6_11_2 finished.
2026/Jun/15 04:48:11.795518 EXECUTOR - Initializing module TC_26_6_12_1.
2026/Jun/15 04:48:11.795523 EXECUTOR - Initialization of module TC_26_6_12_1 finished.
2026/Jun/15 04:48:11.795526 EXECUTOR - Initializing module TC_26_6_12_2.
2026/Jun/15 04:48:11.795532 EXECUTOR - Initialization of module TC_26_6_12_2 finished.
2026/Jun/15 04:48:11.795535 EXECUTOR - Initializing module TC_26_6_12_3.
2026/Jun/15 04:48:11.795540 EXECUTOR - Initialization of module TC_26_6_12_3 finished.
2026/Jun/15 04:48:11.795543 EXECUTOR - Initializing module TC_26_6_12_4.
2026/Jun/15 04:48:11.795549 EXECUTOR - Initialization of module TC_26_6_12_4 finished.
2026/Jun/15 04:48:11.795552 EXECUTOR - Initializing module TC_26_6_13_10.
2026/Jun/15 04:48:11.795557 EXECUTOR - Initialization of module TC_26_6_13_10 finished.
2026/Jun/15 04:48:11.795560 EXECUTOR - Initializing module TC_26_6_13_9.
2026/Jun/15 04:48:11.795565 EXECUTOR - Initialization of module TC_26_6_13_9 finished.
2026/Jun/15 04:48:11.795568 EXECUTOR - Initializing module TC_26_6_1_1.
2026/Jun/15 04:48:11.795574 EXECUTOR - Initialization of module TC_26_6_1_1 finished.
2026/Jun/15 04:48:11.795577 EXECUTOR - Initializing module TC_26_6_1_2.
2026/Jun/15 04:48:11.795582 EXECUTOR - Initialization of module TC_26_6_1_2 finished.
2026/Jun/15 04:48:11.795585 EXECUTOR - Initializing module TC_26_6_1_3.
2026/Jun/15 04:48:11.795590 EXECUTOR - Initialization of module TC_26_6_1_3 finished.
2026/Jun/15 04:48:11.795593 EXECUTOR - Initializing module TC_26_6_1_4.
2026/Jun/15 04:48:11.795599 EXECUTOR - Initialization of module TC_26_6_1_4 finished.
2026/Jun/15 04:48:11.795602 EXECUTOR - Initializing module TC_26_6_1_5.
2026/Jun/15 04:48:11.795607 EXECUTOR - Initialization of module TC_26_6_1_5 finished.
2026/Jun/15 04:48:11.795610 EXECUTOR - Initializing module TC_26_6_2_1_1.
2026/Jun/15 04:48:11.795615 EXECUTOR - Initialization of module TC_26_6_2_1_1 finished.
2026/Jun/15 04:48:11.795618 EXECUTOR - Initializing module TC_26_6_2_1_2.
2026/Jun/15 04:48:11.795624 EXECUTOR - Initialization of module TC_26_6_2_1_2 finished.
2026/Jun/15 04:48:11.795627 EXECUTOR - Initializing module TC_26_6_2_1_3.
2026/Jun/15 04:48:11.795632 EXECUTOR - Initialization of module TC_26_6_2_1_3 finished.
2026/Jun/15 04:48:11.795635 EXECUTOR - Initializing module TC_26_6_2_2.
2026/Jun/15 04:48:11.795640 EXECUTOR - Initialization of module TC_26_6_2_2 finished.
2026/Jun/15 04:48:11.795643 EXECUTOR - Initializing module TC_26_6_2_3_1.
2026/Jun/15 04:48:11.795649 EXECUTOR - Initialization of module TC_26_6_2_3_1 finished.
2026/Jun/15 04:48:11.795652 EXECUTOR - Initializing module TC_26_6_2_3_2.
2026/Jun/15 04:48:11.795657 EXECUTOR - Initialization of module TC_26_6_2_3_2 finished.
2026/Jun/15 04:48:11.795663 EXECUTOR - Initializing module TC_26_6_2_4.
2026/Jun/15 04:48:11.795669 EXECUTOR - Initialization of module TC_26_6_2_4 finished.
2026/Jun/15 04:48:11.795672 EXECUTOR - Initializing module TC_26_6_3_1.
2026/Jun/15 04:48:11.795677 EXECUTOR - Initialization of module TC_26_6_3_1 finished.
2026/Jun/15 04:48:11.795680 EXECUTOR - Initializing module TC_26_6_3_4.
2026/Jun/15 04:48:11.795686 EXECUTOR - Initialization of module TC_26_6_3_4 finished.
2026/Jun/15 04:48:11.795689 EXECUTOR - Initializing module TC_26_6_4_1.
2026/Jun/15 04:48:11.795695 EXECUTOR - Initialization of module TC_26_6_4_1 finished.
2026/Jun/15 04:48:11.795698 EXECUTOR - Initializing module TC_26_6_4_2_2.
2026/Jun/15 04:48:11.795703 EXECUTOR - Initialization of module TC_26_6_4_2_2 finished.
2026/Jun/15 04:48:11.795706 EXECUTOR - Initializing module TC_26_6_5_1.
2026/Jun/15 04:48:11.795711 EXECUTOR - Initialization of module TC_26_6_5_1 finished.
2026/Jun/15 04:48:11.795714 EXECUTOR - Initializing module TC_26_6_5_2_1.
2026/Jun/15 04:48:11.795719 EXECUTOR - Initialization of module TC_26_6_5_2_1 finished.
2026/Jun/15 04:48:11.795722 EXECUTOR - Initializing module TC_26_6_8_1.
2026/Jun/15 04:48:11.795728 EXECUTOR - Initialization of module TC_26_6_8_1 finished.
2026/Jun/15 04:48:11.795731 EXECUTOR - Initializing module TC_26_6_8_2.
2026/Jun/15 04:48:11.795737 EXECUTOR - Initialization of module TC_26_6_8_2 finished.
2026/Jun/15 04:48:11.795740 EXECUTOR - Initializing module TC_26_6_8_3.
2026/Jun/15 04:48:11.795745 EXECUTOR - Initialization of module TC_26_6_8_3 finished.
2026/Jun/15 04:48:11.795748 EXECUTOR - Initializing module TC_26_6_8_4.
2026/Jun/15 04:48:11.795753 EXECUTOR - Initialization of module TC_26_6_8_4 finished.
2026/Jun/15 04:48:11.795756 EXECUTOR - Initializing module TC_26_6_8_5.
2026/Jun/15 04:48:11.795761 EXECUTOR - Initialization of module TC_26_6_8_5 finished.
2026/Jun/15 04:48:11.795764 EXECUTOR - Initializing module TC_26_7_1.
2026/Jun/15 04:48:11.795770 EXECUTOR - Initialization of module TC_26_7_1 finished.
2026/Jun/15 04:48:11.795773 EXECUTOR - Initializing module TC_26_7_2_1.
2026/Jun/15 04:48:11.795778 EXECUTOR - Initialization of module TC_26_7_2_1 finished.
2026/Jun/15 04:48:11.795781 EXECUTOR - Initializing module TC_26_7_2_2.
2026/Jun/15 04:48:11.795786 EXECUTOR - Initialization of module TC_26_7_2_2 finished.
2026/Jun/15 04:48:11.795789 EXECUTOR - Initializing module TC_26_7_3_1.
2026/Jun/15 04:48:11.795794 EXECUTOR - Initialization of module TC_26_7_3_1 finished.
2026/Jun/15 04:48:11.795797 EXECUTOR - Initializing module TC_26_7_3_2.
2026/Jun/15 04:48:11.795803 EXECUTOR - Initialization of module TC_26_7_3_2 finished.
2026/Jun/15 04:48:11.795806 EXECUTOR - Initializing module TC_26_7_4_1.
2026/Jun/15 04:48:11.795811 EXECUTOR - Initialization of module TC_26_7_4_1 finished.
2026/Jun/15 04:48:11.795814 EXECUTOR - Initializing module TC_26_7_4_2_1.
2026/Jun/15 04:48:11.795819 EXECUTOR - Initialization of module TC_26_7_4_2_1 finished.
2026/Jun/15 04:48:11.795859 EXECUTOR - Initializing module TC_26_7_4_2_2_1.
2026/Jun/15 04:48:11.795865 EXECUTOR - Initialization of module TC_26_7_4_2_2_1 finished.
2026/Jun/15 04:48:11.795868 EXECUTOR - Initializing module TC_26_7_4_2_2_2.
2026/Jun/15 04:48:11.795874 EXECUTOR - Initialization of module TC_26_7_4_2_2_2 finished.
2026/Jun/15 04:48:11.795877 EXECUTOR - Initializing module TC_26_7_4_2_3.
2026/Jun/15 04:48:11.795882 EXECUTOR - Initialization of module TC_26_7_4_2_3 finished.
2026/Jun/15 04:48:11.795885 EXECUTOR - Initializing module TC_26_7_4_2_4_1.
2026/Jun/15 04:48:11.795891 EXECUTOR - Initialization of module TC_26_7_4_2_4_1 finished.
2026/Jun/15 04:48:11.795894 EXECUTOR - Initializing module TC_26_7_4_2_4_2.
2026/Jun/15 04:48:11.795899 EXECUTOR - Initialization of module TC_26_7_4_2_4_2 finished.
2026/Jun/15 04:48:11.795902 EXECUTOR - Initializing module TC_26_7_4_2_4_3.
2026/Jun/15 04:48:11.795907 EXECUTOR - Initialization of module TC_26_7_4_2_4_3 finished.
2026/Jun/15 04:48:11.795910 EXECUTOR - Initializing module TC_26_7_4_2_4_4.
2026/Jun/15 04:48:11.795919 EXECUTOR - Initialization of module TC_26_7_4_2_4_4 finished.
2026/Jun/15 04:48:11.795923 EXECUTOR - Initializing module TC_26_7_4_2_4_5.
2026/Jun/15 04:48:11.795928 EXECUTOR - Initialization of module TC_26_7_4_2_4_5 finished.
2026/Jun/15 04:48:11.795931 EXECUTOR - Initializing module TC_26_7_4_3_1.
2026/Jun/15 04:48:11.795937 EXECUTOR - Initialization of module TC_26_7_4_3_1 finished.
2026/Jun/15 04:48:11.795940 EXECUTOR - Initializing module TC_26_7_4_3_2.
2026/Jun/15 04:48:11.795945 EXECUTOR - Initialization of module TC_26_7_4_3_2 finished.
2026/Jun/15 04:48:11.795948 EXECUTOR - Initializing module TC_26_7_4_3_3.
2026/Jun/15 04:48:11.795953 EXECUTOR - Initialization of module TC_26_7_4_3_3 finished.
2026/Jun/15 04:48:11.795956 EXECUTOR - Initializing module TC_26_7_4_3_4.
2026/Jun/15 04:48:11.795962 EXECUTOR - Initialization of module TC_26_7_4_3_4 finished.
2026/Jun/15 04:48:11.795965 EXECUTOR - Initializing module TC_26_7_4_4.
2026/Jun/15 04:48:11.795970 EXECUTOR - Initialization of module TC_26_7_4_4 finished.
2026/Jun/15 04:48:11.795973 EXECUTOR - Initializing module TC_26_7_4_5_1.
2026/Jun/15 04:48:11.795979 EXECUTOR - Initialization of module TC_26_7_4_5_1 finished.
2026/Jun/15 04:48:11.795982 EXECUTOR - Initializing module TC_26_7_4_5_2.
2026/Jun/15 04:48:11.795987 EXECUTOR - Initialization of module TC_26_7_4_5_2 finished.
2026/Jun/15 04:48:11.795990 EXECUTOR - Initializing module TC_26_7_4_5_3.
2026/Jun/15 04:48:11.795996 EXECUTOR - Initialization of module TC_26_7_4_5_3 finished.
2026/Jun/15 04:48:11.795999 EXECUTOR - Initializing module TC_26_7_4_5_4_2.
2026/Jun/15 04:48:11.796004 EXECUTOR - Initialization of module TC_26_7_4_5_4_2 finished.
2026/Jun/15 04:48:11.796007 EXECUTOR - Initializing module TC_26_7_5_2.
2026/Jun/15 04:48:11.796013 EXECUTOR - Initialization of module TC_26_7_5_2 finished.
2026/Jun/15 04:48:11.796016 EXECUTOR - Initializing module TC_26_7_5_3.
2026/Jun/15 04:48:11.796021 EXECUTOR - Initialization of module TC_26_7_5_3 finished.
2026/Jun/15 04:48:11.796024 EXECUTOR - Initializing module TC_26_7_5_4.
2026/Jun/15 04:48:11.796029 EXECUTOR - Initialization of module TC_26_7_5_4 finished.
2026/Jun/15 04:48:11.796032 EXECUTOR - Initializing module TC_26_7_5_5.
2026/Jun/15 04:48:11.796037 EXECUTOR - Initialization of module TC_26_7_5_5 finished.
2026/Jun/15 04:48:11.796040 EXECUTOR - Initializing module TC_26_7_5_6.
2026/Jun/15 04:48:11.796046 EXECUTOR - Initialization of module TC_26_7_5_6 finished.
2026/Jun/15 04:48:11.796049 EXECUTOR - Initializing module TC_26_7_5_7_1.
2026/Jun/15 04:48:11.796054 EXECUTOR - Initialization of module TC_26_7_5_7_1 finished.
2026/Jun/15 04:48:11.796057 EXECUTOR - Initializing module TC_26_7_5_8_1.
2026/Jun/15 04:48:11.796062 EXECUTOR - Initialization of module TC_26_7_5_8_1 finished.
2026/Jun/15 04:48:11.796065 EXECUTOR - Initializing module TC_26_7_5_8_2.
2026/Jun/15 04:48:11.796070 EXECUTOR - Initialization of module TC_26_7_5_8_2 finished.
2026/Jun/15 04:48:11.796073 EXECUTOR - Initializing module TC_26_7_5_8_3.
2026/Jun/15 04:48:11.796079 EXECUTOR - Initialization of module TC_26_7_5_8_3 finished.
2026/Jun/15 04:48:11.796082 EXECUTOR - Initializing module TC_26_8_1_2_1_1.
2026/Jun/15 04:48:11.796087 EXECUTOR - Initialization of module TC_26_8_1_2_1_1 finished.
2026/Jun/15 04:48:11.796090 EXECUTOR - Initializing module TC_26_8_1_2_2_1.
2026/Jun/15 04:48:11.796096 EXECUTOR - Initialization of module TC_26_8_1_2_2_1 finished.
2026/Jun/15 04:48:11.796099 EXECUTOR - Initializing module TC_26_8_1_2_2_2.
2026/Jun/15 04:48:11.796104 EXECUTOR - Initialization of module TC_26_8_1_2_2_2 finished.
2026/Jun/15 04:48:11.796107 EXECUTOR - Initializing module TC_26_8_1_2_2_3.
2026/Jun/15 04:48:11.796112 EXECUTOR - Initialization of module TC_26_8_1_2_2_3 finished.
2026/Jun/15 04:48:11.796115 EXECUTOR - Initializing module TC_26_8_1_2_3_1.
2026/Jun/15 04:48:11.796121 EXECUTOR - Initialization of module TC_26_8_1_2_3_1 finished.
2026/Jun/15 04:48:11.796123 EXECUTOR - Initializing module TC_26_8_1_2_3_2.
2026/Jun/15 04:48:11.796129 EXECUTOR - Initialization of module TC_26_8_1_2_3_2 finished.
2026/Jun/15 04:48:11.796135 EXECUTOR - Initializing module TC_26_8_1_2_3_3.
2026/Jun/15 04:48:11.796141 EXECUTOR - Initialization of module TC_26_8_1_2_3_3 finished.
2026/Jun/15 04:48:11.796144 EXECUTOR - Initializing module TC_26_8_1_2_3_4.
2026/Jun/15 04:48:11.796149 EXECUTOR - Initialization of module TC_26_8_1_2_3_4 finished.
2026/Jun/15 04:48:11.796152 EXECUTOR - Initializing module TC_26_8_1_2_3_5.
2026/Jun/15 04:48:11.796157 EXECUTOR - Initialization of module TC_26_8_1_2_3_5 finished.
2026/Jun/15 04:48:11.796160 EXECUTOR - Initializing module TC_26_8_1_2_3_6.
2026/Jun/15 04:48:11.796166 EXECUTOR - Initialization of module TC_26_8_1_2_3_6 finished.
2026/Jun/15 04:48:11.796169 EXECUTOR - Initializing module TC_26_8_1_2_3_7.
2026/Jun/15 04:48:11.796174 EXECUTOR - Initialization of module TC_26_8_1_2_3_7 finished.
2026/Jun/15 04:48:11.796177 EXECUTOR - Initializing module TC_26_8_1_2_4_1.
2026/Jun/15 04:48:11.796183 EXECUTOR - Initialization of module TC_26_8_1_2_4_1 finished.
2026/Jun/15 04:48:11.796186 EXECUTOR - Initializing module TC_26_8_1_2_4_13.
2026/Jun/15 04:48:11.796191 EXECUTOR - Initialization of module TC_26_8_1_2_4_13 finished.
2026/Jun/15 04:48:11.796195 EXECUTOR - Initializing module TC_26_8_1_2_4_2.
2026/Jun/15 04:48:11.796200 EXECUTOR - Initialization of module TC_26_8_1_2_4_2 finished.
2026/Jun/15 04:48:11.796203 EXECUTOR - Initializing module TC_26_8_1_2_4_3.
2026/Jun/15 04:48:11.796209 EXECUTOR - Initialization of module TC_26_8_1_2_4_3 finished.
2026/Jun/15 04:48:11.796212 EXECUTOR - Initializing module TC_26_8_1_2_4_4.
2026/Jun/15 04:48:11.796217 EXECUTOR - Initialization of module TC_26_8_1_2_4_4 finished.
2026/Jun/15 04:48:11.796220 EXECUTOR - Initializing module TC_26_8_1_2_4_5.
2026/Jun/15 04:48:11.796226 EXECUTOR - Initialization of module TC_26_8_1_2_4_5 finished.
2026/Jun/15 04:48:11.796229 EXECUTOR - Initializing module TC_26_8_1_2_6_1.
2026/Jun/15 04:48:11.796234 EXECUTOR - Initialization of module TC_26_8_1_2_6_1 finished.
2026/Jun/15 04:48:11.796237 EXECUTOR - Initializing module TC_26_8_1_2_6_2.
2026/Jun/15 04:48:11.796243 EXECUTOR - Initialization of module TC_26_8_1_2_6_2 finished.
2026/Jun/15 04:48:11.796246 EXECUTOR - Initializing module TC_26_8_1_2_6_3.
2026/Jun/15 04:48:11.796252 EXECUTOR - Initialization of module TC_26_8_1_2_6_3 finished.
2026/Jun/15 04:48:11.796255 EXECUTOR - Initializing module TC_26_8_1_2_6_6.
2026/Jun/15 04:48:11.796260 EXECUTOR - Initialization of module TC_26_8_1_2_6_6 finished.
2026/Jun/15 04:48:11.796263 EXECUTOR - Initializing module TC_26_8_1_3_1_1.
2026/Jun/15 04:48:11.796269 EXECUTOR - Initialization of module TC_26_8_1_3_1_1 finished.
2026/Jun/15 04:48:11.796272 EXECUTOR - Initializing module TC_26_8_1_3_2_1.
2026/Jun/15 04:48:11.796277 EXECUTOR - Initialization of module TC_26_8_1_3_2_1 finished.
2026/Jun/15 04:48:11.796280 EXECUTOR - Initializing module TC_26_8_1_3_3_1.
2026/Jun/15 04:48:11.796286 EXECUTOR - Initialization of module TC_26_8_1_3_3_1 finished.
2026/Jun/15 04:48:11.796289 EXECUTOR - Initializing module TC_26_8_1_3_3_2.
2026/Jun/15 04:48:11.796294 EXECUTOR - Initialization of module TC_26_8_1_3_3_2 finished.
2026/Jun/15 04:48:11.796297 EXECUTOR - Initializing module TC_26_8_1_3_3_3.
2026/Jun/15 04:48:11.796302 EXECUTOR - Initialization of module TC_26_8_1_3_3_3 finished.
2026/Jun/15 04:48:11.796305 EXECUTOR - Initializing module TC_26_8_1_3_3_4.
2026/Jun/15 04:48:11.796311 EXECUTOR - Initialization of module TC_26_8_1_3_3_4 finished.
2026/Jun/15 04:48:11.796314 EXECUTOR - Initializing module TC_26_8_1_3_3_5.
2026/Jun/15 04:48:11.796319 EXECUTOR - Initialization of module TC_26_8_1_3_3_5 finished.
2026/Jun/15 04:48:11.796322 EXECUTOR - Initializing module TC_26_8_1_3_3_6.
2026/Jun/15 04:48:11.796327 EXECUTOR - Initialization of module TC_26_8_1_3_3_6 finished.
2026/Jun/15 04:48:11.796330 EXECUTOR - Initializing module TC_26_8_1_3_3_7.
2026/Jun/15 04:48:11.796336 EXECUTOR - Initialization of module TC_26_8_1_3_3_7 finished.
2026/Jun/15 04:48:11.796339 EXECUTOR - Initializing module TC_26_8_1_3_4_1.
2026/Jun/15 04:48:11.796347 EXECUTOR - Initialization of module TC_26_8_1_3_4_1 finished.
2026/Jun/15 04:48:11.796350 EXECUTOR - Initializing module TC_26_8_1_3_4_2.
2026/Jun/15 04:48:11.796356 EXECUTOR - Initialization of module TC_26_8_1_3_4_2 finished.
2026/Jun/15 04:48:11.796359 EXECUTOR - Initializing module TC_26_8_1_3_4_3.
2026/Jun/15 04:48:11.796364 EXECUTOR - Initialization of module TC_26_8_1_3_4_3 finished.
2026/Jun/15 04:48:11.796367 EXECUTOR - Initializing module TC_26_8_1_3_4_4.
2026/Jun/15 04:48:11.796373 EXECUTOR - Initialization of module TC_26_8_1_3_4_4 finished.
2026/Jun/15 04:48:11.796376 EXECUTOR - Initializing module TC_26_8_1_3_4_5.
2026/Jun/15 04:48:11.796381 EXECUTOR - Initialization of module TC_26_8_1_3_4_5 finished.
2026/Jun/15 04:48:11.796384 EXECUTOR - Initializing module TC_26_8_1_3_4_6.
2026/Jun/15 04:48:11.796390 EXECUTOR - Initialization of module TC_26_8_1_3_4_6 finished.
2026/Jun/15 04:48:11.796393 EXECUTOR - Initializing module TC_26_8_1_3_4_7.
2026/Jun/15 04:48:11.796398 EXECUTOR - Initialization of module TC_26_8_1_3_4_7 finished.
2026/Jun/15 04:48:11.796401 EXECUTOR - Initializing module TC_26_8_1_3_4_8.
2026/Jun/15 04:48:11.796406 EXECUTOR - Initialization of module TC_26_8_1_3_4_8 finished.
2026/Jun/15 04:48:11.796409 EXECUTOR - Initializing module TC_26_8_1_3_5_1.
2026/Jun/15 04:48:11.796415 EXECUTOR - Initialization of module TC_26_8_1_3_5_1 finished.
2026/Jun/15 04:48:11.796418 EXECUTOR - Initializing module TC_26_8_1_3_5_2.
2026/Jun/15 04:48:11.796423 EXECUTOR - Initialization of module TC_26_8_1_3_5_2 finished.
2026/Jun/15 04:48:11.796426 EXECUTOR - Initializing module TC_26_8_1_3_5_3.
2026/Jun/15 04:48:11.796432 EXECUTOR - Initialization of module TC_26_8_1_3_5_3 finished.
2026/Jun/15 04:48:11.796435 EXECUTOR - Initializing module TC_26_8_1_3_5_4.
2026/Jun/15 04:48:11.796440 EXECUTOR - Initialization of module TC_26_8_1_3_5_4 finished.
2026/Jun/15 04:48:11.796443 EXECUTOR - Initializing module TC_26_8_1_3_5_5.
2026/Jun/15 04:48:11.796448 EXECUTOR - Initialization of module TC_26_8_1_3_5_5 finished.
2026/Jun/15 04:48:11.796451 EXECUTOR - Initializing module TC_26_8_1_3_5_6.
2026/Jun/15 04:48:11.796457 EXECUTOR - Initialization of module TC_26_8_1_3_5_6 finished.
2026/Jun/15 04:48:11.796460 EXECUTOR - Initializing module TC_26_8_1_3_5_7.
2026/Jun/15 04:48:11.796465 EXECUTOR - Initialization of module TC_26_8_1_3_5_7 finished.
2026/Jun/15 04:48:11.796468 EXECUTOR - Initializing module TC_26_8_1_3_5_8.
2026/Jun/15 04:48:11.796474 EXECUTOR - Initialization of module TC_26_8_1_3_5_8 finished.
2026/Jun/15 04:48:11.796477 EXECUTOR - Initializing module TC_26_8_1_3_5_9.
2026/Jun/15 04:48:11.796482 EXECUTOR - Initialization of module TC_26_8_1_3_5_9 finished.
2026/Jun/15 04:48:11.796485 EXECUTOR - Initializing module TC_26_8_2_1.
2026/Jun/15 04:48:11.796490 EXECUTOR - Initialization of module TC_26_8_2_1 finished.
2026/Jun/15 04:48:11.796493 EXECUTOR - Initializing module TC_26_8_2_2.
2026/Jun/15 04:48:11.796498 EXECUTOR - Initialization of module TC_26_8_2_2 finished.
2026/Jun/15 04:48:11.796501 EXECUTOR - Initializing module TC_26_8_2_3.
2026/Jun/15 04:48:11.796506 EXECUTOR - Initialization of module TC_26_8_2_3 finished.
2026/Jun/15 04:48:11.796510 EXECUTOR - Initializing module TC_26_8_3.
2026/Jun/15 04:48:11.796515 EXECUTOR - Initialization of module TC_26_8_3 finished.
2026/Jun/15 04:48:11.796518 EXECUTOR - Initializing module TC_34_2_2.
2026/Jun/15 04:48:11.796523 EXECUTOR - Initialization of module TC_34_2_2 finished.
2026/Jun/15 04:48:11.796526 EXECUTOR - Initializing module TitanLoggerApi.
2026/Jun/15 04:48:11.796529 EXECUTOR - Initialization of module TitanLoggerApi finished.
2026/Jun/15 04:48:11.796532 EXECUTOR - Initializing module TitanLoggerControl.
2026/Jun/15 04:48:11.796535 EXECUTOR - Initialization of module TitanLoggerControl finished.
2026/Jun/15 04:48:11.796547 EXECUTOR - Configuration data was processed successfully.
2026/Jun/15 04:48:11.798181 EXECUTOR - MTC was created. Process id: 39.
2026/Jun/15 04:51:12.563410 EXECUTOR - Exit was requested from MC. Terminating HC.
2026/Jun/15 04:51:12.563675 EXECUTOR - Disconnected from MC.
2026/Jun/15 04:51:12.563698 EXECUTOR - TTCN-3 Host Controller finished.
