[run-one] Namespace : gsm-2
[run-one] Tests     : TC_26_6_1_5
[run-one] Results   : results/week05/run20260626-143258-N8/ns-2/TC_26_6_1_5
[run-one] INFO  Images already in local registry.
[run-one] INFO  Installing Helm release gsm-2 from /work/gouri.naik/sampige-scaling-intern-2026/refs/osmocom-demo/k8s/chart ...
Release "gsm-2" does not exist. Installing it now.
NAME: gsm-2
LAST DEPLOYED: Fri Jun 26 20:02:59 2026
NAMESPACE: gsm-2
STATUS: deployed
REVISION: 1
TEST SUITE: None
[run-one] INFO  Waiting up to 240s for Deployments to be Ready...
  Not ready: msc-test-stub//1
osmo-bsc//1
osmo-bts-virtual//1
osmo-hlr//1
osmo-mgw//1
osmo-mobile//1
osmo-stp//1
virtphy//1
  Not ready: msc-test-stub//1
osmo-bsc//1
osmo-bts-virtual//1
osmo-hlr//1
osmo-mgw//1
osmo-mobile//1
osmo-stp//1
virtphy//1
  Not ready: msc-test-stub//1
osmo-bsc//1
osmo-bts-virtual//1
osmo-mgw//1
osmo-mobile//1
osmo-stp//1
virtphy//1
  Not ready: msc-test-stub//1
osmo-mobile//1
  Not ready: osmo-mobile//1
  Not ready: osmo-mobile//1
  Not ready: osmo-mobile//1
[run-one] INFO  All Deployments ready.
[run-one] INFO  Waiting up to 300s for MS to camp on cell (MM_EVENT_CELL_SELECTED)...
[run-one] INFO  MS camped on cell.
[run-one] INFO  Waiting up to 60s for osmo-mobile VTY (port 4247)...
[run-one] INFO  osmo-mobile VTY ready.
[run-one] INFO  Waiting up to 120s for boot LU (BSC_SLR=0x000001) to clear...
[run-one] INFO  Boot LU CLEAR REQUEST seen — draining msc-stub event buffer...
msc-stub buffer drained
[run-one] INFO  MSC stub buffer drained — namespace ready for test.
[run-one] INFO  Running TC_26_6_1_5 as Job ttcn3-tc-26-6-1-5-1...
[run-one] FAIL  TC_26_6_1_5: FAIL
=====================================================
 TTCN-3 k8s Run Summary
 Namespace : gsm-2
 Timestamp : 20260626-143258
=====================================================
  TC_26_6_1_5                              FAIL
-----------------------------------------------------
  PASS: 0   FAIL: 1   INCONCLUSIVE: 0
=====================================================
[run-one] INFO  Done. Results: results/week05/run20260626-143258-N8/ns-2/TC_26_6_1_5
[run-one] INFO  Teardown: uninstalling Helm release gsm-2...
release "gsm-2" uninstalled
[run-one] INFO  Teardown: deleting namespace gsm-2...
namespace "gsm-2" deleted
{
  "namespaces": [
    {
      "namespace": "gsm-2",
      "bringup_s": 42.977,
      "testing_s": 82.689,
      "teardown_s": 60.283,
      "total_s": 185.951,
      "verdicts": [
        {
          "tc_name": "TC_26_6_1_5",
          "verdict": "FAIL"
        }
      ],
      "pass": 0,
      "fail": 1,
      "inconclusive": 0
    }
  ],
  "T_suite_s": 185.951,
  "N": 1,
  "pass": 0,
  "fail": 1,
  "inconclusive": 0,
  "test_durations": [
    {
      "namespace": "gsm-2",
      "tc_name": "TC_26_6_1_5",
      "duration_s": 82.685,
      "verdict": "FAIL"
    }
  ],
  "pods": {
    "total_restarts": 0,
    "oom_kills": 0
  },
  "S": null,
  "E": null
}
[run-one] Namespace : gsm-10
[run-one] Tests     : TC_26_6_4_1
[run-one] Results   : results/week05/run20260626-143258-N8/ns-2/TC_26_6_4_1
[run-one] INFO  Images already in local registry.
[run-one] INFO  Installing Helm release gsm-10 from /work/gouri.naik/sampige-scaling-intern-2026/refs/osmocom-demo/k8s/chart ...
Release "gsm-10" does not exist. Installing it now.
NAME: gsm-10
LAST DEPLOYED: Fri Jun 26 20:06:05 2026
NAMESPACE: gsm-10
STATUS: deployed
REVISION: 1
TEST SUITE: None
[run-one] INFO  Waiting up to 240s for Deployments to be Ready...
  Not ready: msc-test-stub//1
osmo-bsc//1
osmo-bts-virtual//1
osmo-hlr//1
osmo-mgw//1
osmo-mobile//1
osmo-stp//1
virtphy//1
  Not ready: msc-test-stub//1
osmo-bsc//1
osmo-bts-virtual//1
osmo-hlr//1
osmo-mgw//1
osmo-mobile//1
osmo-stp//1
virtphy//1
  Not ready: msc-test-stub//1
osmo-bsc//1
osmo-mobile//1
  Not ready: osmo-mobile//1
  Not ready: osmo-mobile//1
  Not ready: osmo-mobile//1
  Not ready: osmo-mobile//1
[run-one] INFO  All Deployments ready.
[run-one] INFO  Waiting up to 300s for MS to camp on cell (MM_EVENT_CELL_SELECTED)...
[run-one] INFO  MS camped on cell.
[run-one] INFO  Waiting up to 60s for osmo-mobile VTY (port 4247)...
[run-one] INFO  osmo-mobile VTY ready.
[run-one] INFO  Waiting up to 120s for boot LU (BSC_SLR=0x000001) to clear...
[run-one] INFO  Boot LU CLEAR REQUEST seen — draining msc-stub event buffer...
msc-stub buffer drained
[run-one] INFO  MSC stub buffer drained — namespace ready for test.
[run-one] INFO  Running TC_26_6_4_1 as Job ttcn3-tc-26-6-4-1-1...
[run-one] FAIL  TC_26_6_4_1: FAIL
=====================================================
 TTCN-3 k8s Run Summary
 Namespace : gsm-10
 Timestamp : 20260626-143604
=====================================================
  TC_26_6_4_1                              FAIL
-----------------------------------------------------
  PASS: 0   FAIL: 1   INCONCLUSIVE: 0
=====================================================
[run-one] INFO  Done. Results: results/week05/run20260626-143258-N8/ns-2/TC_26_6_4_1
[run-one] INFO  Teardown: uninstalling Helm release gsm-10...
release "gsm-10" uninstalled
[run-one] INFO  Teardown: deleting namespace gsm-10...
namespace "gsm-10" deleted
{
  "namespaces": [
    {
      "namespace": "gsm-10",
      "bringup_s": 46.954,
      "testing_s": 115.395,
      "teardown_s": 57.806,
      "total_s": 220.161,
      "verdicts": [
        {
          "tc_name": "TC_26_6_4_1",
          "verdict": "FAIL"
        }
      ],
      "pass": 0,
      "fail": 1,
      "inconclusive": 0
    }
  ],
  "T_suite_s": 220.161,
  "N": 1,
  "pass": 0,
  "fail": 1,
  "inconclusive": 0,
  "test_durations": [
    {
      "namespace": "gsm-10",
      "tc_name": "TC_26_6_4_1",
      "duration_s": 115.39,
      "verdict": "FAIL"
    }
  ],
  "pods": {
    "total_restarts": 0,
    "oom_kills": 0
  },
  "S": null,
  "E": null
}
[run-one] Namespace : gsm-18
[run-one] Tests     : TC_26_6_5_2_8
[run-one] Results   : results/week05/run20260626-143258-N8/ns-2/TC_26_6_5_2_8
[run-one] INFO  Images already in local registry.
[run-one] INFO  Installing Helm release gsm-18 from /work/gouri.naik/sampige-scaling-intern-2026/refs/osmocom-demo/k8s/chart ...
Release "gsm-18" does not exist. Installing it now.
NAME: gsm-18
LAST DEPLOYED: Fri Jun 26 20:09:45 2026
NAMESPACE: gsm-18
STATUS: deployed
REVISION: 1
TEST SUITE: None
[run-one] INFO  Waiting up to 240s for Deployments to be Ready...
  Not ready: msc-test-stub//1
osmo-bsc//1
osmo-bts-virtual//1
osmo-hlr//1
osmo-mgw//1
osmo-mobile//1
osmo-stp//1
virtphy//1
  Not ready: msc-test-stub//1
osmo-bsc//1
osmo-bts-virtual//1
osmo-hlr//1
osmo-mgw//1
osmo-mobile//1
osmo-stp//1
virtphy//1
  Not ready: msc-test-stub//1
osmo-bsc//1
osmo-mobile//1
  Not ready: msc-test-stub//1
osmo-mobile//1
  Not ready: osmo-mobile//1
  Not ready: osmo-mobile//1
  Not ready: osmo-mobile//1
[run-one] INFO  All Deployments ready.
[run-one] INFO  Waiting up to 300s for MS to camp on cell (MM_EVENT_CELL_SELECTED)...
[run-one] INFO  MS camped on cell.
[run-one] INFO  Waiting up to 60s for osmo-mobile VTY (port 4247)...
[run-one] INFO  osmo-mobile VTY ready.
[run-one] INFO  Waiting up to 120s for boot LU (BSC_SLR=0x000001) to clear...
[run-one] INFO  Boot LU CLEAR REQUEST seen — draining msc-stub event buffer...
msc-stub buffer drained
[run-one] INFO  MSC stub buffer drained — namespace ready for test.
[run-one] INFO  Running TC_26_6_5_2_8 as Job ttcn3-tc-26-6-5-2-8-1...
[run-one] FAIL  TC_26_6_5_2_8: FAIL
=====================================================
 TTCN-3 k8s Run Summary
 Namespace : gsm-18
 Timestamp : 20260626-143945
=====================================================
  TC_26_6_5_2_8                            FAIL
-----------------------------------------------------
  PASS: 0   FAIL: 1   INCONCLUSIVE: 0
=====================================================
[run-one] INFO  Done. Results: results/week05/run20260626-143258-N8/ns-2/TC_26_6_5_2_8
[run-one] INFO  Teardown: uninstalling Helm release gsm-18...
release "gsm-18" uninstalled
[run-one] INFO  Teardown: deleting namespace gsm-18...
namespace "gsm-18" deleted
{
  "namespaces": [
    {
      "namespace": "gsm-18",
      "bringup_s": 42.67,
      "testing_s": 79.512,
      "teardown_s": 57.289,
      "total_s": 179.472,
      "verdicts": [
        {
          "tc_name": "TC_26_6_5_2_8",
          "verdict": "FAIL"
        }
      ],
      "pass": 0,
      "fail": 1,
      "inconclusive": 0
    }
  ],
  "T_suite_s": 179.472,
  "N": 1,
  "pass": 0,
  "fail": 1,
  "inconclusive": 0,
  "test_durations": [
    {
      "namespace": "gsm-18",
      "tc_name": "TC_26_6_5_2_8",
      "duration_s": 79.505,
      "verdict": "FAIL"
    }
  ],
  "pods": {
    "total_restarts": 0,
    "oom_kills": 0
  },
  "S": null,
  "E": null
}
[run-one] Namespace : gsm-26
[run-one] Tests     : TC_26_6_13_3
[run-one] Results   : results/week05/run20260626-143258-N8/ns-2/TC_26_6_13_3
[run-one] INFO  Images already in local registry.
[run-one] INFO  Installing Helm release gsm-26 from /work/gouri.naik/sampige-scaling-intern-2026/refs/osmocom-demo/k8s/chart ...
Release "gsm-26" does not exist. Installing it now.
NAME: gsm-26
LAST DEPLOYED: Fri Jun 26 20:12:45 2026
NAMESPACE: gsm-26
STATUS: deployed
REVISION: 1
TEST SUITE: None
[run-one] INFO  Waiting up to 240s for Deployments to be Ready...
  Not ready: msc-test-stub//1
osmo-bsc//1
osmo-bts-virtual//1
osmo-hlr//1
osmo-mgw//1
osmo-mobile//1
osmo-stp//1
virtphy//1
  Not ready: msc-test-stub//1
osmo-bsc//1
osmo-bts-virtual//1
osmo-hlr//1
osmo-mgw//1
osmo-mobile//1
osmo-stp//1
virtphy//1
  Not ready: msc-test-stub//1
osmo-bsc//1
osmo-mobile//1
  Not ready: osmo-mobile//1
  Not ready: osmo-mobile//1
  Not ready: osmo-mobile//1
  Not ready: osmo-mobile//1
[run-one] INFO  All Deployments ready.
[run-one] INFO  Waiting up to 300s for MS to camp on cell (MM_EVENT_CELL_SELECTED)...
[run-one] INFO  MS camped on cell.
[run-one] INFO  Waiting up to 60s for osmo-mobile VTY (port 4247)...
[run-one] INFO  osmo-mobile VTY ready.
[run-one] INFO  Waiting up to 120s for boot LU (BSC_SLR=0x000001) to clear...
[run-one] INFO  Boot LU CLEAR REQUEST seen — draining msc-stub event buffer...
msc-stub buffer drained
[run-one] INFO  MSC stub buffer drained — namespace ready for test.
[run-one] INFO  Running TC_26_6_13_3 as Job ttcn3-tc-26-6-13-3-1...
[run-one] FAIL  TC_26_6_13_3: INCONCLUSIVE
=====================================================
 TTCN-3 k8s Run Summary
 Namespace : gsm-26
 Timestamp : 20260626-144244
=====================================================
  TC_26_6_13_3                             INCONCLUSIVE
-----------------------------------------------------
  PASS: 0   FAIL: 0   INCONCLUSIVE: 1
=====================================================
[run-one] INFO  Done. Results: results/week05/run20260626-143258-N8/ns-2/TC_26_6_13_3
[run-one] INFO  Teardown: uninstalling Helm release gsm-26...
release "gsm-26" uninstalled
[run-one] INFO  Teardown: deleting namespace gsm-26...
namespace "gsm-26" deleted
{
  "namespaces": [
    {
      "namespace": "gsm-26",
      "bringup_s": 44.303,
      "testing_s": 105.876,
      "teardown_s": 64.015,
      "total_s": 214.195,
      "verdicts": [
        {
          "tc_name": "TC_26_6_13_3",
          "verdict": "INCONCLUSIVE"
        }
      ],
      "pass": 0,
      "fail": 0,
      "inconclusive": 1
    }
  ],
  "T_suite_s": 214.195,
  "N": 1,
  "pass": 0,
  "fail": 0,
  "inconclusive": 1,
  "test_durations": [
    {
      "namespace": "gsm-26",
      "tc_name": "TC_26_6_13_3",
      "duration_s": 105.871,
      "verdict": "INCONCLUSIVE"
    }
  ],
  "pods": {
    "total_restarts": 0,
    "oom_kills": 0
  },
  "S": null,
  "E": null
}
[run-one] Namespace : gsm-34
[run-one] Tests     : TC_26_7_4_2_2_2
[run-one] Results   : results/week05/run20260626-143258-N8/ns-2/TC_26_7_4_2_2_2
[run-one] INFO  Images already in local registry.
[run-one] INFO  Installing Helm release gsm-34 from /work/gouri.naik/sampige-scaling-intern-2026/refs/osmocom-demo/k8s/chart ...
Release "gsm-34" does not exist. Installing it now.
NAME: gsm-34
LAST DEPLOYED: Fri Jun 26 20:16:20 2026
NAMESPACE: gsm-34
STATUS: deployed
REVISION: 1
TEST SUITE: None
[run-one] INFO  Waiting up to 240s for Deployments to be Ready...
  Not ready: msc-test-stub//1
osmo-bsc//1
osmo-bts-virtual//1
osmo-hlr//1
osmo-mgw//1
osmo-mobile//1
osmo-stp//1
virtphy//1
  Not ready: msc-test-stub//1
osmo-bsc//1
osmo-bts-virtual//1
osmo-hlr//1
osmo-mgw//1
osmo-mobile//1
osmo-stp//1
virtphy//1
  Not ready: msc-test-stub//1
osmo-bsc//1
osmo-mobile//1
  Not ready: osmo-mobile//1
  Not ready: osmo-mobile//1
  Not ready: osmo-mobile//1
  Not ready: osmo-mobile//1
[run-one] INFO  All Deployments ready.
[run-one] INFO  Waiting up to 300s for MS to camp on cell (MM_EVENT_CELL_SELECTED)...
[run-one] INFO  MS camped on cell.
[run-one] INFO  Waiting up to 60s for osmo-mobile VTY (port 4247)...
[run-one] INFO  osmo-mobile VTY ready.
[run-one] INFO  Waiting up to 120s for boot LU (BSC_SLR=0x000001) to clear...
[run-one] INFO  Boot LU CLEAR REQUEST seen — draining msc-stub event buffer...
msc-stub buffer drained
[run-one] INFO  MSC stub buffer drained — namespace ready for test.
[run-one] INFO  Running TC_26_7_4_2_2_2 as Job ttcn3-tc-26-7-4-2-2-2-1...
[run-one] FAIL  TC_26_7_4_2_2_2: FAIL
=====================================================
 TTCN-3 k8s Run Summary
 Namespace : gsm-34
 Timestamp : 20260626-144619
=====================================================
  TC_26_7_4_2_2_2                          FAIL
-----------------------------------------------------
  PASS: 0   FAIL: 1   INCONCLUSIVE: 0
=====================================================
[run-one] INFO  Done. Results: results/week05/run20260626-143258-N8/ns-2/TC_26_7_4_2_2_2
[run-one] INFO  Teardown: uninstalling Helm release gsm-34...
release "gsm-34" uninstalled
[run-one] INFO  Teardown: deleting namespace gsm-34...
namespace "gsm-34" deleted
{
  "namespaces": [
    {
      "namespace": "gsm-34",
      "bringup_s": 41.408,
      "testing_s": 22.083,
      "teardown_s": 51.756,
      "total_s": 115.249,
      "verdicts": [
        {
          "tc_name": "TC_26_7_4_2_2_2",
          "verdict": "FAIL"
        }
      ],
      "pass": 0,
      "fail": 1,
      "inconclusive": 0
    }
  ],
  "T_suite_s": 115.249,
  "N": 1,
  "pass": 0,
  "fail": 1,
  "inconclusive": 0,
  "test_durations": [
    {
      "namespace": "gsm-34",
      "tc_name": "TC_26_7_4_2_2_2",
      "duration_s": 22.078,
      "verdict": "FAIL"
    }
  ],
  "pods": {
    "total_restarts": 0,
    "oom_kills": 0
  },
  "S": null,
  "E": null
}
[run-one] Namespace : gsm-42
[run-one] Tests     : TC_26_7_4_3_2
[run-one] Results   : results/week05/run20260626-143258-N8/ns-2/TC_26_7_4_3_2
[run-one] INFO  Images already in local registry.
[run-one] INFO  Installing Helm release gsm-42 from /work/gouri.naik/sampige-scaling-intern-2026/refs/osmocom-demo/k8s/chart ...
Release "gsm-42" does not exist. Installing it now.
NAME: gsm-42
LAST DEPLOYED: Fri Jun 26 20:18:14 2026
NAMESPACE: gsm-42
STATUS: deployed
REVISION: 1
TEST SUITE: None
[run-one] INFO  Waiting up to 240s for Deployments to be Ready...
  Not ready: msc-test-stub//1
osmo-bsc//1
osmo-bts-virtual//1
osmo-hlr//1
osmo-mgw//1
osmo-mobile//1
osmo-stp//1
virtphy//1
  Not ready: msc-test-stub//1
osmo-bsc//1
osmo-bts-virtual//1
osmo-hlr//1
osmo-mgw//1
osmo-mobile//1
osmo-stp//1
  Not ready: msc-test-stub//1
osmo-mobile//1
  Not ready: osmo-mobile//1
  Not ready: osmo-mobile//1
  Not ready: osmo-mobile//1
  Not ready: osmo-mobile//1
[run-one] INFO  All Deployments ready.
[run-one] INFO  Waiting up to 300s for MS to camp on cell (MM_EVENT_CELL_SELECTED)...
[run-one] INFO  MS camped on cell.
[run-one] INFO  Waiting up to 60s for osmo-mobile VTY (port 4247)...
[run-one] INFO  osmo-mobile VTY ready.
[run-one] INFO  Waiting up to 120s for boot LU (BSC_SLR=0x000001) to clear...
[run-one] INFO  Boot LU CLEAR REQUEST seen — draining msc-stub event buffer...
msc-stub buffer drained
[run-one] INFO  MSC stub buffer drained — namespace ready for test.
[run-one] INFO  Running TC_26_7_4_3_2 as Job ttcn3-tc-26-7-4-3-2-1...
[run-one] FAIL  TC_26_7_4_3_2: FAIL
=====================================================
 TTCN-3 k8s Run Summary
 Namespace : gsm-42
 Timestamp : 20260626-144814
=====================================================
  TC_26_7_4_3_2                            FAIL
-----------------------------------------------------
  PASS: 0   FAIL: 1   INCONCLUSIVE: 0
=====================================================
[run-one] INFO  Done. Results: results/week05/run20260626-143258-N8/ns-2/TC_26_7_4_3_2
[run-one] INFO  Teardown: uninstalling Helm release gsm-42...
release "gsm-42" uninstalled
[run-one] INFO  Teardown: deleting namespace gsm-42...
namespace "gsm-42" deleted
{
  "namespaces": [
    {
      "namespace": "gsm-42",
      "bringup_s": 41.108,
      "testing_s": 521.111,
      "teardown_s": 56.553,
      "total_s": 618.775,
      "verdicts": [
        {
          "tc_name": "TC_26_7_4_3_2",
          "verdict": "FAIL"
        }
      ],
      "pass": 0,
      "fail": 1,
      "inconclusive": 0
    }
  ],
  "T_suite_s": 618.775,
  "N": 1,
  "pass": 0,
  "fail": 1,
  "inconclusive": 0,
  "test_durations": [
    {
      "namespace": "gsm-42",
      "tc_name": "TC_26_7_4_3_2",
      "duration_s": 521.106,
      "verdict": "FAIL"
    }
  ],
  "pods": {
    "total_restarts": 1,
    "oom_kills": 0
  },
  "S": null,
  "E": null
}
[run-one] Namespace : gsm-50
[run-one] Tests     : TC_26_7_4_5_4_3
[run-one] Results   : results/week05/run20260626-143258-N8/ns-2/TC_26_7_4_5_4_3
[run-one] INFO  Images already in local registry.
[run-one] INFO  Installing Helm release gsm-50 from /work/gouri.naik/sampige-scaling-intern-2026/refs/osmocom-demo/k8s/chart ...
Release "gsm-50" does not exist. Installing it now.
NAME: gsm-50
LAST DEPLOYED: Fri Jun 26 20:28:33 2026
NAMESPACE: gsm-50
STATUS: deployed
REVISION: 1
TEST SUITE: None
[run-one] INFO  Waiting up to 240s for Deployments to be Ready...
  Not ready: msc-test-stub//1
osmo-bsc//1
osmo-bts-virtual//1
osmo-hlr//1
osmo-mgw//1
osmo-mobile//1
osmo-stp//1
virtphy//1
  Not ready: msc-test-stub//1
osmo-bsc//1
osmo-bts-virtual//1
osmo-hlr//1
osmo-mgw//1
osmo-mobile//1
osmo-stp//1
virtphy//1
  Not ready: msc-test-stub//1
osmo-bsc//1
osmo-mobile//1
  Not ready: msc-test-stub//1
osmo-mobile//1
  Not ready: osmo-mobile//1
  Not ready: osmo-mobile//1
  Not ready: osmo-mobile//1
[run-one] INFO  All Deployments ready.
[run-one] INFO  Waiting up to 300s for MS to camp on cell (MM_EVENT_CELL_SELECTED)...
[run-one] INFO  MS camped on cell.
[run-one] INFO  Waiting up to 60s for osmo-mobile VTY (port 4247)...
[run-one] INFO  osmo-mobile VTY ready.
[run-one] INFO  Waiting up to 120s for boot LU (BSC_SLR=0x000001) to clear...
[run-one] INFO  Boot LU CLEAR REQUEST seen — draining msc-stub event buffer...
msc-stub buffer drained
[run-one] INFO  MSC stub buffer drained — namespace ready for test.
[run-one] INFO  Running TC_26_7_4_5_4_3 as Job ttcn3-tc-26-7-4-5-4-3-1...
[run-one] FAIL  TC_26_7_4_5_4_3: FAIL
=====================================================
 TTCN-3 k8s Run Summary
 Namespace : gsm-50
 Timestamp : 20260626-145833
=====================================================
  TC_26_7_4_5_4_3                          FAIL
-----------------------------------------------------
  PASS: 0   FAIL: 1   INCONCLUSIVE: 0
=====================================================
[run-one] INFO  Done. Results: results/week05/run20260626-143258-N8/ns-2/TC_26_7_4_5_4_3
[run-one] INFO  Teardown: uninstalling Helm release gsm-50...
release "gsm-50" uninstalled
[run-one] INFO  Teardown: deleting namespace gsm-50...
namespace "gsm-50" deleted
{
  "namespaces": [
    {
      "namespace": "gsm-50",
      "bringup_s": 42.348,
      "testing_s": 60.311,
      "teardown_s": 59.113,
      "total_s": 161.774,
      "verdicts": [
        {
          "tc_name": "TC_26_7_4_5_4_3",
          "verdict": "FAIL"
        }
      ],
      "pass": 0,
      "fail": 1,
      "inconclusive": 0
    }
  ],
  "T_suite_s": 161.774,
  "N": 1,
  "pass": 0,
  "fail": 1,
  "inconclusive": 0,
  "test_durations": [
    {
      "namespace": "gsm-50",
      "tc_name": "TC_26_7_4_5_4_3",
      "duration_s": 60.305,
      "verdict": "FAIL"
    }
  ],
  "pods": {
    "total_restarts": 0,
    "oom_kills": 0
  },
  "S": null,
  "E": null
}
[run-one] Namespace : gsm-58
[run-one] Tests     : TC_26_3_4
[run-one] Results   : results/week05/run20260626-143258-N8/ns-2/TC_26_3_4
[run-one] INFO  Images already in local registry.
[run-one] INFO  Installing Helm release gsm-58 from /work/gouri.naik/sampige-scaling-intern-2026/refs/osmocom-demo/k8s/chart ...
Release "gsm-58" does not exist. Installing it now.
NAME: gsm-58
LAST DEPLOYED: Fri Jun 26 20:31:15 2026
NAMESPACE: gsm-58
STATUS: deployed
REVISION: 1
TEST SUITE: None
[run-one] INFO  Waiting up to 240s for Deployments to be Ready...
  Not ready: msc-test-stub//1
osmo-bsc//1
osmo-bts-virtual//1
osmo-hlr//1
osmo-mgw//1
osmo-mobile//1
osmo-stp//1
virtphy//1
  Not ready: msc-test-stub//1
osmo-bsc//1
osmo-bts-virtual//1
osmo-hlr//1
osmo-mgw//1
osmo-mobile//1
osmo-stp//1
virtphy//1
  Not ready: msc-test-stub//1
osmo-bsc//1
osmo-hlr//1
osmo-mgw//1
osmo-mobile//1
osmo-stp//1
virtphy//1
  Not ready: msc-test-stub//1
osmo-mobile//1
  Not ready: osmo-mobile//1
  Not ready: osmo-mobile//1
  Not ready: osmo-mobile//1
[run-one] INFO  All Deployments ready.
[run-one] INFO  Waiting up to 300s for MS to camp on cell (MM_EVENT_CELL_SELECTED)...
[run-one] INFO  MS camped on cell.
[run-one] INFO  Waiting up to 60s for osmo-mobile VTY (port 4247)...
[run-one] INFO  osmo-mobile VTY ready.
[run-one] INFO  Waiting up to 120s for boot LU (BSC_SLR=0x000001) to clear...
[run-one] INFO  Boot LU CLEAR REQUEST seen — draining msc-stub event buffer...
msc-stub buffer drained
[run-one] INFO  MSC stub buffer drained — namespace ready for test.
[run-one] INFO  Running TC_26_3_4 as Job ttcn3-tc-26-3-4-1...
[run-one] FAIL  TC_26_3_4: FAIL
=====================================================
 TTCN-3 k8s Run Summary
 Namespace : gsm-58
 Timestamp : 20260626-150115
=====================================================
  TC_26_3_4                                FAIL
-----------------------------------------------------
  PASS: 0   FAIL: 1   INCONCLUSIVE: 0
=====================================================
[run-one] INFO  Done. Results: results/week05/run20260626-143258-N8/ns-2/TC_26_3_4
[run-one] INFO  Teardown: uninstalling Helm release gsm-58...
release "gsm-58" uninstalled
[run-one] INFO  Teardown: deleting namespace gsm-58...
namespace "gsm-58" deleted
{
  "namespaces": [
    {
      "namespace": "gsm-58",
      "bringup_s": 43.277,
      "testing_s": 617.094,
      "teardown_s": 57.893,
      "total_s": 718.266,
      "verdicts": [
        {
          "tc_name": "TC_26_3_4",
          "verdict": "FAIL"
        }
      ],
      "pass": 0,
      "fail": 1,
      "inconclusive": 0
    }
  ],
  "T_suite_s": 718.266,
  "N": 1,
  "pass": 0,
  "fail": 1,
  "inconclusive": 0,
  "test_durations": [
    {
      "namespace": "gsm-58",
      "tc_name": "TC_26_3_4",
      "duration_s": 617.088,
      "verdict": "FAIL"
    }
  ],
  "pods": {
    "total_restarts": 1,
    "oom_kills": 0
  },
  "S": null,
  "E": null
}
