2026/Jun/17 09:04:00.857384 EXECUTOR - TTCN-3 Host Controller started on ttcn3-tc-26-6-1-1-1-p7xc8. Version: 11.1.0.
2026/Jun/17 09:04:00.857541 EXECUTOR - TTCN Logger v2.2 options: TimeStampFormat:=DateTime; LogEntityName:=No; LogEventTypes:=Yes; SourceInfoFormat:=Single; LogSensitiveData:=No; *.FileMask:=LOG_ALL; *.ConsoleMask:=ERROR | TESTCASE | USER | VERDICTOP | WARNING; LogFileSize:=0; LogFileNumber:=1; DiskFullAction:=Error
2026/Jun/17 09:04:00.857552 EXECUTOR - Maximum number of open file descriptors: 1048576,   FD_SETSIZE = 1024
2026/Jun/17 09:04:00.857682 WARNING - Warning: The address of MC was set to a local IP address. This may cause incorrect behavior if a HC from a remote host also connects to MC.
2026/Jun/17 09:04:00.857721 EXECUTOR - The address of MC was set to 127.0.0.1:0.
2026/Jun/17 09:04:00.857856 EXECUTOR - Connected to MC.
2026/Jun/17 09:04:00.857960 EXECUTOR - This host supports UNIX domain sockets for local communication.
2026/Jun/17 09:04:00.957943 EXECUTOR - Processing configuration data received from MC.
2026/Jun/17 09:04:00.958186 WARNING - Warning: Skeleton `/results/TC_26_6_1_1-2026-06-17-090358/%n.log' does not guarantee unique log file name for every test system process. It may cause unpredictable results if several test components try to write into the same log file.
2026/Jun/17 09:04:00.958512 EXECUTOR - Module GSM_Constants has the following parameters: { TSPC_Serv_TS11 := true, TSPC_Serv_TS61 := false, TSPC_Serv_TS62 := false, TSPC_Serv_BS21 := false, TSPC_Serv_BS22 := false, TSPC_Serv_BS24 := false, TSPC_Serv_BS25 := false, TSPC_Serv_BS26 := false, TSPC_Serv_BS31 := false, TSPC_Serv_BS32 := false, TSPC_Serv_BS33 := false, TSPC_Serv_BS34 := false, TSPC_Serv_BS41 := false, TSPC_Serv_BS42 := false, TSPC_Serv_BS43 := false, TSPC_Serv_BS44 := false, TSPC_Serv_BS45 := false, TSPC_Serv_BS51 := false, TSPC_Serv_BS61 := false, TSPC_Serv_BS81 := false, TSPC_DualRate := false, TSPC_MTsvc := true, TSPX_IMSI := '901700000000001F'O, TSPX_TMSI := '1914D97F'O, TSPX_CKSNDef := 0, TSPX_RANDDef := '00112233445566778899AABBCCDDEEFF'O, TSPX_SRES := '12345678'O, TSPX_Kc := '0000000000000000'O, TSPX_SDCCH4SubDef := 0, TSPX_TmSltDef := 0, TSPX_TscDef := 7, TSPX_TCHHSubDef := 0, TCV_CC := true, TSPX_Telephony_Rate := C_Full (0), TSPX_MOBscSvcA := C_Telephony (0), TSPX_MOBscSvcB := C_Telephony (0), TSPX_MOBscSvcC := C_Telephony (0), TSPX_MOBscSvcD := C_Telephony (0), TSPX_MOBscSvcE := C_Telephony (0), TSPX_MOBscSvcF := C_Telephony (0), TSPX_MOBscSvcG := C_Telephony (0), TSPX_MOChRateA := C_Full (0), TSPX_MOChRateB := C_Full (0), TSPX_MOChRateC := C_Full (0), TSPX_MOChRateD := C_Full (0), TSPX_MOChRateE := C_Full (0), TSPX_MOChRateF := C_Full (0), TSPX_MOChRateG := C_Full (0), TSPX_MTBscSvcA := C_Telephony (0), TSPX_MTBscSvcB := C_Telephony (0), TSPX_MTBscSvcC := C_Telephony (0), TSPX_MTBscSvcD := C_Telephony (0), TSPX_MTBscSvcE := C_Telephony (0), TSPX_MTBscSvcF := C_Telephony (0), TSPX_MTBscSvcG := C_Telephony (0), TSPX_MTBscSvcH := C_Telephony (0), TSPX_MTBscSvcI := C_Telephony (0), TSPX_MTBscSvcJ := C_Telephony (0), TSPX_MTChRateA := C_Full (0), TSPX_MTChRateB := C_Full (0), TSPX_MTChRateC := C_Full (0), TSPX_MTChRateD := C_Full (0), TSPX_MTChRateE := C_Full (0), TSPX_MTChRateF := C_Full (0), TSPX_MTChRateG := C_Full (0), TSPX_MTChRateH := C_Full (0), TSPX_MTChRateI := C_Full (0), TSPX_MTChRateJ := C_Full (0), C_arfcnA := 100 }
2026/Jun/17 09:04:00.958596 EXECUTOR - Module TC_26_6_1_2 has the following parameters: { TSPX_nPara := 3, TSPX_i1Para := 3, TSPX_kPara := 5, TSPX_i2Para := 1, TSPX_rPara := 4, TSPX_i3Para := 4 }
2026/Jun/17 09:04:00.958634 EXECUTOR - Initializing module GSM_Component_Definitions.
2026/Jun/17 09:04:00.958641 EXECUTOR GSM_Component_Definitions.ttcn3:0 Initializing module GSM_Templates.
2026/Jun/17 09:04:00.958658 EXECUTOR GSM_Templates.ttcn3:0 Initializing module GSM_Constants.
2026/Jun/17 09:04:00.958664 EXECUTOR GSM_Constants.ttcn3:0 Initializing module GSM_Types.
2026/Jun/17 09:04:00.958667 EXECUTOR GSM_Constants.ttcn3:0 Initialization of module GSM_Types finished.
2026/Jun/17 09:04:00.958670 EXECUTOR GSM_Templates.ttcn3:0 Initialization of module GSM_Constants finished.
2026/Jun/17 09:04:00.958740 EXECUTOR GSM_Component_Definitions.ttcn3:0 Initialization of module GSM_Templates finished.
2026/Jun/17 09:04:00.958744 EXECUTOR - Initialization of module GSM_Component_Definitions finished.
2026/Jun/17 09:04:00.958746 EXECUTOR - Initializing module GSM_Functions.
2026/Jun/17 09:04:00.958769 EXECUTOR - Initialization of module GSM_Functions finished.
2026/Jun/17 09:04:00.958771 EXECUTOR - Initializing module PreGenRecordOf.
2026/Jun/17 09:04:00.958773 EXECUTOR - Initialization of module PreGenRecordOf finished.
2026/Jun/17 09:04:00.958776 EXECUTOR - Initializing module TC_26_2_1_3.
2026/Jun/17 09:04:00.958781 EXECUTOR - Initialization of module TC_26_2_1_3 finished.
2026/Jun/17 09:04:00.958783 EXECUTOR - Initializing module TC_26_2_2.
2026/Jun/17 09:04:00.958788 EXECUTOR - Initialization of module TC_26_2_2 finished.
2026/Jun/17 09:04:00.958790 EXECUTOR - Initializing module TC_26_2_3.
2026/Jun/17 09:04:00.958794 EXECUTOR - Initialization of module TC_26_2_3 finished.
2026/Jun/17 09:04:00.958797 EXECUTOR - Initializing module TC_26_6_11_1.
2026/Jun/17 09:04:00.958801 EXECUTOR - Initialization of module TC_26_6_11_1 finished.
2026/Jun/17 09:04:00.958804 EXECUTOR - Initializing module TC_26_6_11_2.
2026/Jun/17 09:04:00.958808 EXECUTOR - Initialization of module TC_26_6_11_2 finished.
2026/Jun/17 09:04:00.958810 EXECUTOR - Initializing module TC_26_6_12_1.
2026/Jun/17 09:04:00.958815 EXECUTOR - Initialization of module TC_26_6_12_1 finished.
2026/Jun/17 09:04:00.958817 EXECUTOR - Initializing module TC_26_6_12_2.
2026/Jun/17 09:04:00.958840 EXECUTOR - Initialization of module TC_26_6_12_2 finished.
2026/Jun/17 09:04:00.958845 EXECUTOR - Initializing module TC_26_6_12_3.
2026/Jun/17 09:04:00.958850 EXECUTOR - Initialization of module TC_26_6_12_3 finished.
2026/Jun/17 09:04:00.958853 EXECUTOR - Initializing module TC_26_6_12_4.
2026/Jun/17 09:04:00.958858 EXECUTOR - Initialization of module TC_26_6_12_4 finished.
2026/Jun/17 09:04:00.958860 EXECUTOR - Initializing module TC_26_6_13_10.
2026/Jun/17 09:04:00.958865 EXECUTOR - Initialization of module TC_26_6_13_10 finished.
2026/Jun/17 09:04:00.958868 EXECUTOR - Initializing module TC_26_6_13_9.
2026/Jun/17 09:04:00.958873 EXECUTOR - Initialization of module TC_26_6_13_9 finished.
2026/Jun/17 09:04:00.958875 EXECUTOR - Initializing module TC_26_6_1_1.
2026/Jun/17 09:04:00.958879 EXECUTOR - Initialization of module TC_26_6_1_1 finished.
2026/Jun/17 09:04:00.958882 EXECUTOR - Initializing module TC_26_6_1_2.
2026/Jun/17 09:04:00.958886 EXECUTOR - Initialization of module TC_26_6_1_2 finished.
2026/Jun/17 09:04:00.958888 EXECUTOR - Initializing module TC_26_6_1_3.
2026/Jun/17 09:04:00.958893 EXECUTOR - Initialization of module TC_26_6_1_3 finished.
2026/Jun/17 09:04:00.958895 EXECUTOR - Initializing module TC_26_6_1_4.
2026/Jun/17 09:04:00.958900 EXECUTOR - Initialization of module TC_26_6_1_4 finished.
2026/Jun/17 09:04:00.958902 EXECUTOR - Initializing module TC_26_6_1_5.
2026/Jun/17 09:04:00.958908 EXECUTOR - Initialization of module TC_26_6_1_5 finished.
2026/Jun/17 09:04:00.958910 EXECUTOR - Initializing module TC_26_6_2_1_1.
2026/Jun/17 09:04:00.958915 EXECUTOR - Initialization of module TC_26_6_2_1_1 finished.
2026/Jun/17 09:04:00.958917 EXECUTOR - Initializing module TC_26_6_2_1_2.
2026/Jun/17 09:04:00.958922 EXECUTOR - Initialization of module TC_26_6_2_1_2 finished.
2026/Jun/17 09:04:00.958924 EXECUTOR - Initializing module TC_26_6_2_1_3.
2026/Jun/17 09:04:00.958930 EXECUTOR - Initialization of module TC_26_6_2_1_3 finished.
2026/Jun/17 09:04:00.958932 EXECUTOR - Initializing module TC_26_6_2_2.
2026/Jun/17 09:04:00.958937 EXECUTOR - Initialization of module TC_26_6_2_2 finished.
2026/Jun/17 09:04:00.958939 EXECUTOR - Initializing module TC_26_6_2_3_1.
2026/Jun/17 09:04:00.958944 EXECUTOR - Initialization of module TC_26_6_2_3_1 finished.
2026/Jun/17 09:04:00.958946 EXECUTOR - Initializing module TC_26_6_2_3_2.
2026/Jun/17 09:04:00.958952 EXECUTOR - Initialization of module TC_26_6_2_3_2 finished.
2026/Jun/17 09:04:00.958957 EXECUTOR - Initializing module TC_26_6_2_4.
2026/Jun/17 09:04:00.958963 EXECUTOR - Initialization of module TC_26_6_2_4 finished.
2026/Jun/17 09:04:00.958965 EXECUTOR - Initializing module TC_26_6_3_1.
2026/Jun/17 09:04:00.958970 EXECUTOR - Initialization of module TC_26_6_3_1 finished.
2026/Jun/17 09:04:00.958972 EXECUTOR - Initializing module TC_26_6_3_4.
2026/Jun/17 09:04:00.958977 EXECUTOR - Initialization of module TC_26_6_3_4 finished.
2026/Jun/17 09:04:00.958979 EXECUTOR - Initializing module TC_26_6_4_1.
2026/Jun/17 09:04:00.958992 EXECUTOR - Initialization of module TC_26_6_4_1 finished.
2026/Jun/17 09:04:00.958994 EXECUTOR - Initializing module TC_26_6_4_2_2.
2026/Jun/17 09:04:00.958999 EXECUTOR - Initialization of module TC_26_6_4_2_2 finished.
2026/Jun/17 09:04:00.959001 EXECUTOR - Initializing module TC_26_6_5_1.
2026/Jun/17 09:04:00.959006 EXECUTOR - Initialization of module TC_26_6_5_1 finished.
2026/Jun/17 09:04:00.959008 EXECUTOR - Initializing module TC_26_6_5_2_1.
2026/Jun/17 09:04:00.959012 EXECUTOR - Initialization of module TC_26_6_5_2_1 finished.
2026/Jun/17 09:04:00.959014 EXECUTOR - Initializing module TC_26_6_8_1.
2026/Jun/17 09:04:00.959019 EXECUTOR - Initialization of module TC_26_6_8_1 finished.
2026/Jun/17 09:04:00.959021 EXECUTOR - Initializing module TC_26_6_8_2.
2026/Jun/17 09:04:00.959025 EXECUTOR - Initialization of module TC_26_6_8_2 finished.
2026/Jun/17 09:04:00.959028 EXECUTOR - Initializing module TC_26_6_8_3.
2026/Jun/17 09:04:00.959032 EXECUTOR - Initialization of module TC_26_6_8_3 finished.
2026/Jun/17 09:04:00.959034 EXECUTOR - Initializing module TC_26_6_8_4.
2026/Jun/17 09:04:00.959039 EXECUTOR - Initialization of module TC_26_6_8_4 finished.
2026/Jun/17 09:04:00.959041 EXECUTOR - Initializing module TC_26_6_8_5.
2026/Jun/17 09:04:00.959047 EXECUTOR - Initialization of module TC_26_6_8_5 finished.
2026/Jun/17 09:04:00.959049 EXECUTOR - Initializing module TC_26_7_1.
2026/Jun/17 09:04:00.959054 EXECUTOR - Initialization of module TC_26_7_1 finished.
2026/Jun/17 09:04:00.959056 EXECUTOR - Initializing module TC_26_7_2_1.
2026/Jun/17 09:04:00.959060 EXECUTOR - Initialization of module TC_26_7_2_1 finished.
2026/Jun/17 09:04:00.959062 EXECUTOR - Initializing module TC_26_7_2_2.
2026/Jun/17 09:04:00.959067 EXECUTOR - Initialization of module TC_26_7_2_2 finished.
2026/Jun/17 09:04:00.959069 EXECUTOR - Initializing module TC_26_7_3_1.
2026/Jun/17 09:04:00.959073 EXECUTOR - Initialization of module TC_26_7_3_1 finished.
2026/Jun/17 09:04:00.959075 EXECUTOR - Initializing module TC_26_7_3_2.
2026/Jun/17 09:04:00.959080 EXECUTOR - Initialization of module TC_26_7_3_2 finished.
2026/Jun/17 09:04:00.959082 EXECUTOR - Initializing module TC_26_7_4_1.
2026/Jun/17 09:04:00.959086 EXECUTOR - Initialization of module TC_26_7_4_1 finished.
2026/Jun/17 09:04:00.959089 EXECUTOR - Initializing module TC_26_7_4_2_1.
2026/Jun/17 09:04:00.959093 EXECUTOR - Initialization of module TC_26_7_4_2_1 finished.
2026/Jun/17 09:04:00.959095 EXECUTOR - Initializing module TC_26_7_4_2_2_1.
2026/Jun/17 09:04:00.959101 EXECUTOR - Initialization of module TC_26_7_4_2_2_1 finished.
2026/Jun/17 09:04:00.959103 EXECUTOR - Initializing module TC_26_7_4_2_2_2.
2026/Jun/17 09:04:00.959107 EXECUTOR - Initialization of module TC_26_7_4_2_2_2 finished.
2026/Jun/17 09:04:00.959110 EXECUTOR - Initializing module TC_26_7_4_2_3.
2026/Jun/17 09:04:00.959115 EXECUTOR - Initialization of module TC_26_7_4_2_3 finished.
2026/Jun/17 09:04:00.959117 EXECUTOR - Initializing module TC_26_7_4_2_4_1.
2026/Jun/17 09:04:00.959121 EXECUTOR - Initialization of module TC_26_7_4_2_4_1 finished.
2026/Jun/17 09:04:00.959123 EXECUTOR - Initializing module TC_26_7_4_2_4_2.
2026/Jun/17 09:04:00.959128 EXECUTOR - Initialization of module TC_26_7_4_2_4_2 finished.
2026/Jun/17 09:04:00.959130 EXECUTOR - Initializing module TC_26_7_4_2_4_3.
2026/Jun/17 09:04:00.959134 EXECUTOR - Initialization of module TC_26_7_4_2_4_3 finished.
2026/Jun/17 09:04:00.959136 EXECUTOR - Initializing module TC_26_7_4_2_4_4.
2026/Jun/17 09:04:00.959144 EXECUTOR - Initialization of module TC_26_7_4_2_4_4 finished.
2026/Jun/17 09:04:00.959146 EXECUTOR - Initializing module TC_26_7_4_2_4_5.
2026/Jun/17 09:04:00.959151 EXECUTOR - Initialization of module TC_26_7_4_2_4_5 finished.
2026/Jun/17 09:04:00.959153 EXECUTOR - Initializing module TC_26_7_4_3_1.
2026/Jun/17 09:04:00.959157 EXECUTOR - Initialization of module TC_26_7_4_3_1 finished.
2026/Jun/17 09:04:00.959160 EXECUTOR - Initializing module TC_26_7_4_3_2.
2026/Jun/17 09:04:00.959165 EXECUTOR - Initialization of module TC_26_7_4_3_2 finished.
2026/Jun/17 09:04:00.959167 EXECUTOR - Initializing module TC_26_7_4_3_3.
2026/Jun/17 09:04:00.959171 EXECUTOR - Initialization of module TC_26_7_4_3_3 finished.
2026/Jun/17 09:04:00.959173 EXECUTOR - Initializing module TC_26_7_4_3_4.
2026/Jun/17 09:04:00.959179 EXECUTOR - Initialization of module TC_26_7_4_3_4 finished.
2026/Jun/17 09:04:00.959181 EXECUTOR - Initializing module TC_26_7_4_4.
2026/Jun/17 09:04:00.959185 EXECUTOR - Initialization of module TC_26_7_4_4 finished.
2026/Jun/17 09:04:00.959187 EXECUTOR - Initializing module TC_26_7_4_5_1.
2026/Jun/17 09:04:00.959192 EXECUTOR - Initialization of module TC_26_7_4_5_1 finished.
2026/Jun/17 09:04:00.959194 EXECUTOR - Initializing module TC_26_7_4_5_2.
2026/Jun/17 09:04:00.959199 EXECUTOR - Initialization of module TC_26_7_4_5_2 finished.
2026/Jun/17 09:04:00.959201 EXECUTOR - Initializing module TC_26_7_4_5_3.
2026/Jun/17 09:04:00.959205 EXECUTOR - Initialization of module TC_26_7_4_5_3 finished.
2026/Jun/17 09:04:00.959207 EXECUTOR - Initializing module TC_26_7_4_5_4_2.
2026/Jun/17 09:04:00.959212 EXECUTOR - Initialization of module TC_26_7_4_5_4_2 finished.
2026/Jun/17 09:04:00.959214 EXECUTOR - Initializing module TC_26_7_5_2.
2026/Jun/17 09:04:00.959219 EXECUTOR - Initialization of module TC_26_7_5_2 finished.
2026/Jun/17 09:04:00.959221 EXECUTOR - Initializing module TC_26_7_5_3.
2026/Jun/17 09:04:00.959226 EXECUTOR - Initialization of module TC_26_7_5_3 finished.
2026/Jun/17 09:04:00.959228 EXECUTOR - Initializing module TC_26_7_5_4.
2026/Jun/17 09:04:00.959232 EXECUTOR - Initialization of module TC_26_7_5_4 finished.
2026/Jun/17 09:04:00.959235 EXECUTOR - Initializing module TC_26_7_5_5.
2026/Jun/17 09:04:00.959239 EXECUTOR - Initialization of module TC_26_7_5_5 finished.
2026/Jun/17 09:04:00.959241 EXECUTOR - Initializing module TC_26_7_5_6.
2026/Jun/17 09:04:00.959246 EXECUTOR - Initialization of module TC_26_7_5_6 finished.
2026/Jun/17 09:04:00.959248 EXECUTOR - Initializing module TC_26_7_5_7_1.
2026/Jun/17 09:04:00.959252 EXECUTOR - Initialization of module TC_26_7_5_7_1 finished.
2026/Jun/17 09:04:00.959255 EXECUTOR - Initializing module TC_26_7_5_8_1.
2026/Jun/17 09:04:00.959259 EXECUTOR - Initialization of module TC_26_7_5_8_1 finished.
2026/Jun/17 09:04:00.959261 EXECUTOR - Initializing module TC_26_7_5_8_2.
2026/Jun/17 09:04:00.959266 EXECUTOR - Initialization of module TC_26_7_5_8_2 finished.
2026/Jun/17 09:04:00.959268 EXECUTOR - Initializing module TC_26_7_5_8_3.
2026/Jun/17 09:04:00.959272 EXECUTOR - Initialization of module TC_26_7_5_8_3 finished.
2026/Jun/17 09:04:00.959275 EXECUTOR - Initializing module TC_26_8_1_2_1_1.
2026/Jun/17 09:04:00.959279 EXECUTOR - Initialization of module TC_26_8_1_2_1_1 finished.
2026/Jun/17 09:04:00.959281 EXECUTOR - Initializing module TC_26_8_1_2_2_1.
2026/Jun/17 09:04:00.959286 EXECUTOR - Initialization of module TC_26_8_1_2_2_1 finished.
2026/Jun/17 09:04:00.959288 EXECUTOR - Initializing module TC_26_8_1_2_2_2.
2026/Jun/17 09:04:00.959293 EXECUTOR - Initialization of module TC_26_8_1_2_2_2 finished.
2026/Jun/17 09:04:00.959295 EXECUTOR - Initializing module TC_26_8_1_2_2_3.
2026/Jun/17 09:04:00.959300 EXECUTOR - Initialization of module TC_26_8_1_2_2_3 finished.
2026/Jun/17 09:04:00.959302 EXECUTOR - Initializing module TC_26_8_1_2_3_1.
2026/Jun/17 09:04:00.959306 EXECUTOR - Initialization of module TC_26_8_1_2_3_1 finished.
2026/Jun/17 09:04:00.959308 EXECUTOR - Initializing module TC_26_8_1_2_3_2.
2026/Jun/17 09:04:00.959313 EXECUTOR - Initialization of module TC_26_8_1_2_3_2 finished.
2026/Jun/17 09:04:00.959317 EXECUTOR - Initializing module TC_26_8_1_2_3_3.
2026/Jun/17 09:04:00.959322 EXECUTOR - Initialization of module TC_26_8_1_2_3_3 finished.
2026/Jun/17 09:04:00.959324 EXECUTOR - Initializing module TC_26_8_1_2_3_4.
2026/Jun/17 09:04:00.959329 EXECUTOR - Initialization of module TC_26_8_1_2_3_4 finished.
2026/Jun/17 09:04:00.959332 EXECUTOR - Initializing module TC_26_8_1_2_3_5.
2026/Jun/17 09:04:00.959336 EXECUTOR - Initialization of module TC_26_8_1_2_3_5 finished.
2026/Jun/17 09:04:00.959339 EXECUTOR - Initializing module TC_26_8_1_2_3_6.
2026/Jun/17 09:04:00.959344 EXECUTOR - Initialization of module TC_26_8_1_2_3_6 finished.
2026/Jun/17 09:04:00.959346 EXECUTOR - Initializing module TC_26_8_1_2_3_7.
2026/Jun/17 09:04:00.959352 EXECUTOR - Initialization of module TC_26_8_1_2_3_7 finished.
2026/Jun/17 09:04:00.959354 EXECUTOR - Initializing module TC_26_8_1_2_4_1.
2026/Jun/17 09:04:00.959360 EXECUTOR - Initialization of module TC_26_8_1_2_4_1 finished.
2026/Jun/17 09:04:00.959362 EXECUTOR - Initializing module TC_26_8_1_2_4_13.
2026/Jun/17 09:04:00.959367 EXECUTOR - Initialization of module TC_26_8_1_2_4_13 finished.
2026/Jun/17 09:04:00.959369 EXECUTOR - Initializing module TC_26_8_1_2_4_2.
2026/Jun/17 09:04:00.959374 EXECUTOR - Initialization of module TC_26_8_1_2_4_2 finished.
2026/Jun/17 09:04:00.959376 EXECUTOR - Initializing module TC_26_8_1_2_4_3.
2026/Jun/17 09:04:00.959381 EXECUTOR - Initialization of module TC_26_8_1_2_4_3 finished.
2026/Jun/17 09:04:00.959383 EXECUTOR - Initializing module TC_26_8_1_2_4_4.
2026/Jun/17 09:04:00.959388 EXECUTOR - Initialization of module TC_26_8_1_2_4_4 finished.
2026/Jun/17 09:04:00.959390 EXECUTOR - Initializing module TC_26_8_1_2_4_5.
2026/Jun/17 09:04:00.959394 EXECUTOR - Initialization of module TC_26_8_1_2_4_5 finished.
2026/Jun/17 09:04:00.959396 EXECUTOR - Initializing module TC_26_8_1_2_6_1.
2026/Jun/17 09:04:00.959401 EXECUTOR - Initialization of module TC_26_8_1_2_6_1 finished.
2026/Jun/17 09:04:00.959403 EXECUTOR - Initializing module TC_26_8_1_2_6_2.
2026/Jun/17 09:04:00.959408 EXECUTOR - Initialization of module TC_26_8_1_2_6_2 finished.
2026/Jun/17 09:04:00.959410 EXECUTOR - Initializing module TC_26_8_1_2_6_3.
2026/Jun/17 09:04:00.959415 EXECUTOR - Initialization of module TC_26_8_1_2_6_3 finished.
2026/Jun/17 09:04:00.959417 EXECUTOR - Initializing module TC_26_8_1_2_6_6.
2026/Jun/17 09:04:00.959422 EXECUTOR - Initialization of module TC_26_8_1_2_6_6 finished.
2026/Jun/17 09:04:00.959425 EXECUTOR - Initializing module TC_26_8_1_3_1_1.
2026/Jun/17 09:04:00.959430 EXECUTOR - Initialization of module TC_26_8_1_3_1_1 finished.
2026/Jun/17 09:04:00.959432 EXECUTOR - Initializing module TC_26_8_1_3_2_1.
2026/Jun/17 09:04:00.959438 EXECUTOR - Initialization of module TC_26_8_1_3_2_1 finished.
2026/Jun/17 09:04:00.959440 EXECUTOR - Initializing module TC_26_8_1_3_3_1.
2026/Jun/17 09:04:00.959446 EXECUTOR - Initialization of module TC_26_8_1_3_3_1 finished.
2026/Jun/17 09:04:00.959448 EXECUTOR - Initializing module TC_26_8_1_3_3_2.
2026/Jun/17 09:04:00.959453 EXECUTOR - Initialization of module TC_26_8_1_3_3_2 finished.
2026/Jun/17 09:04:00.959455 EXECUTOR - Initializing module TC_26_8_1_3_3_3.
2026/Jun/17 09:04:00.959461 EXECUTOR - Initialization of module TC_26_8_1_3_3_3 finished.
2026/Jun/17 09:04:00.959463 EXECUTOR - Initializing module TC_26_8_1_3_3_4.
2026/Jun/17 09:04:00.959468 EXECUTOR - Initialization of module TC_26_8_1_3_3_4 finished.
2026/Jun/17 09:04:00.959470 EXECUTOR - Initializing module TC_26_8_1_3_3_5.
2026/Jun/17 09:04:00.959475 EXECUTOR - Initialization of module TC_26_8_1_3_3_5 finished.
2026/Jun/17 09:04:00.959477 EXECUTOR - Initializing module TC_26_8_1_3_3_6.
2026/Jun/17 09:04:00.959483 EXECUTOR - Initialization of module TC_26_8_1_3_3_6 finished.
2026/Jun/17 09:04:00.959485 EXECUTOR - Initializing module TC_26_8_1_3_3_7.
2026/Jun/17 09:04:00.959490 EXECUTOR - Initialization of module TC_26_8_1_3_3_7 finished.
2026/Jun/17 09:04:00.959492 EXECUTOR - Initializing module TC_26_8_1_3_4_1.
2026/Jun/17 09:04:00.959499 EXECUTOR - Initialization of module TC_26_8_1_3_4_1 finished.
2026/Jun/17 09:04:00.959502 EXECUTOR - Initializing module TC_26_8_1_3_4_2.
2026/Jun/17 09:04:00.959506 EXECUTOR - Initialization of module TC_26_8_1_3_4_2 finished.
2026/Jun/17 09:04:00.959508 EXECUTOR - Initializing module TC_26_8_1_3_4_3.
2026/Jun/17 09:04:00.959513 EXECUTOR - Initialization of module TC_26_8_1_3_4_3 finished.
2026/Jun/17 09:04:00.959515 EXECUTOR - Initializing module TC_26_8_1_3_4_4.
2026/Jun/17 09:04:00.959520 EXECUTOR - Initialization of module TC_26_8_1_3_4_4 finished.
2026/Jun/17 09:04:00.959523 EXECUTOR - Initializing module TC_26_8_1_3_4_5.
2026/Jun/17 09:04:00.959527 EXECUTOR - Initialization of module TC_26_8_1_3_4_5 finished.
2026/Jun/17 09:04:00.959530 EXECUTOR - Initializing module TC_26_8_1_3_4_6.
2026/Jun/17 09:04:00.959534 EXECUTOR - Initialization of module TC_26_8_1_3_4_6 finished.
2026/Jun/17 09:04:00.959537 EXECUTOR - Initializing module TC_26_8_1_3_4_7.
2026/Jun/17 09:04:00.959541 EXECUTOR - Initialization of module TC_26_8_1_3_4_7 finished.
2026/Jun/17 09:04:00.959543 EXECUTOR - Initializing module TC_26_8_1_3_4_8.
2026/Jun/17 09:04:00.959548 EXECUTOR - Initialization of module TC_26_8_1_3_4_8 finished.
2026/Jun/17 09:04:00.959550 EXECUTOR - Initializing module TC_26_8_1_3_5_1.
2026/Jun/17 09:04:00.959555 EXECUTOR - Initialization of module TC_26_8_1_3_5_1 finished.
2026/Jun/17 09:04:00.959558 EXECUTOR - Initializing module TC_26_8_1_3_5_2.
2026/Jun/17 09:04:00.959563 EXECUTOR - Initialization of module TC_26_8_1_3_5_2 finished.
2026/Jun/17 09:04:00.959565 EXECUTOR - Initializing module TC_26_8_1_3_5_3.
2026/Jun/17 09:04:00.959571 EXECUTOR - Initialization of module TC_26_8_1_3_5_3 finished.
2026/Jun/17 09:04:00.959573 EXECUTOR - Initializing module TC_26_8_1_3_5_4.
2026/Jun/17 09:04:00.959578 EXECUTOR - Initialization of module TC_26_8_1_3_5_4 finished.
2026/Jun/17 09:04:00.959580 EXECUTOR - Initializing module TC_26_8_1_3_5_5.
2026/Jun/17 09:04:00.959585 EXECUTOR - Initialization of module TC_26_8_1_3_5_5 finished.
2026/Jun/17 09:04:00.959587 EXECUTOR - Initializing module TC_26_8_1_3_5_6.
2026/Jun/17 09:04:00.959593 EXECUTOR - Initialization of module TC_26_8_1_3_5_6 finished.
2026/Jun/17 09:04:00.959595 EXECUTOR - Initializing module TC_26_8_1_3_5_7.
2026/Jun/17 09:04:00.959600 EXECUTOR - Initialization of module TC_26_8_1_3_5_7 finished.
2026/Jun/17 09:04:00.959602 EXECUTOR - Initializing module TC_26_8_1_3_5_8.
2026/Jun/17 09:04:00.959607 EXECUTOR - Initialization of module TC_26_8_1_3_5_8 finished.
2026/Jun/17 09:04:00.959609 EXECUTOR - Initializing module TC_26_8_1_3_5_9.
2026/Jun/17 09:04:00.959614 EXECUTOR - Initialization of module TC_26_8_1_3_5_9 finished.
2026/Jun/17 09:04:00.959616 EXECUTOR - Initializing module TC_26_8_2_1.
2026/Jun/17 09:04:00.959621 EXECUTOR - Initialization of module TC_26_8_2_1 finished.
2026/Jun/17 09:04:00.959623 EXECUTOR - Initializing module TC_26_8_2_2.
2026/Jun/17 09:04:00.959629 EXECUTOR - Initialization of module TC_26_8_2_2 finished.
2026/Jun/17 09:04:00.959631 EXECUTOR - Initializing module TC_26_8_2_3.
2026/Jun/17 09:04:00.959636 EXECUTOR - Initialization of module TC_26_8_2_3 finished.
2026/Jun/17 09:04:00.959638 EXECUTOR - Initializing module TC_26_8_3.
2026/Jun/17 09:04:00.959644 EXECUTOR - Initialization of module TC_26_8_3 finished.
2026/Jun/17 09:04:00.959646 EXECUTOR - Initializing module TC_34_2_2.
2026/Jun/17 09:04:00.959650 EXECUTOR - Initialization of module TC_34_2_2 finished.
2026/Jun/17 09:04:00.959653 EXECUTOR - Initializing module TitanLoggerApi.
2026/Jun/17 09:04:00.959655 EXECUTOR - Initialization of module TitanLoggerApi finished.
2026/Jun/17 09:04:00.959657 EXECUTOR - Initializing module TitanLoggerControl.
2026/Jun/17 09:04:00.959659 EXECUTOR - Initialization of module TitanLoggerControl finished.
2026/Jun/17 09:04:00.959675 EXECUTOR - Configuration data was processed successfully.
2026/Jun/17 09:04:01.056048 EXECUTOR - MTC was created. Process id: 34.
2026/Jun/17 09:10:37.795446 EXECUTOR - Exit was requested from MC. Terminating HC.
2026/Jun/17 09:10:37.855799 EXECUTOR - Disconnected from MC.
2026/Jun/17 09:10:37.855871 EXECUTOR - TTCN-3 Host Controller finished.
