2026/Jun/23 10:53:00.858912 EXECUTOR - TTCN-3 Main Test Component started on ttcn3-tc-26-8-1-3-3-1-1-zf7kj. Version: 11.1.0.
2026/Jun/23 10:53:00.859120 EXECUTOR - TTCN Logger v2.2 options: TimeStampFormat:=DateTime; LogEntityName:=No; LogEventTypes:=Yes; SourceInfoFormat:=Single; LogSensitiveData:=No; *.FileMask:=LOG_ALL; *.ConsoleMask:=ERROR | TESTCASE | USER | VERDICTOP | WARNING; LogFileSize:=0; LogFileNumber:=1; DiskFullAction:=Error
2026/Jun/23 10:53:00.859215 EXECUTOR - Connected to MC.
2026/Jun/23 10:53:00.859372 EXECUTOR - Executing test case TC_26_8_1_3_3_1 in module TC_26_8_1_3_3_1.
2026/Jun/23 10:53:00.859754 TESTCASE TC_26_8_1_3_3_1.ttcn3:71 Test case TC_26_8_1_3_3_1 started.
2026/Jun/23 10:53:00.859815 PARALLEL TC_26_8_1_3_3_1.ttcn3:71 Initializing variables, timers and ports of component type GSM_Component_Definitions.GSM_CT inside testcase TC_26_8_1_3_3_1.
2026/Jun/23 10:53:00.860056 USER TC_26_8_1_3_3_1.ttcn3:71 MSC_Port: set_parameter msc_stub_host = 10.42.0.20
2026/Jun/23 10:53:00.860111 USER TC_26_8_1_3_3_1.ttcn3:71 MSC_Port: set_parameter msc_stub_port = 5000
2026/Jun/23 10:53:00.860128 USER TC_26_8_1_3_3_1.ttcn3:71 L3_Port: set_parameter gsmtap_host = 127.0.0.1
2026/Jun/23 10:53:00.860142 USER TC_26_8_1_3_3_1.ttcn3:71 L3_Port: set_parameter gsmtap_port = 4729
2026/Jun/23 10:53:00.860148 USER TC_26_8_1_3_3_1.ttcn3:71 L3_Port: set_parameter local_port = 4729
2026/Jun/23 10:53:00.860153 USER TC_26_8_1_3_3_1.ttcn3:71 L3_Port: set_parameter ul_multicast_group = 239.193.23.2
2026/Jun/23 10:53:00.860157 USER TC_26_8_1_3_3_1.ttcn3:71 L3_Port: Will join UL multicast group 239.193.23.2 for RACH capture
2026/Jun/23 10:53:00.860161 USER TC_26_8_1_3_3_1.ttcn3:71 L3_Port: set_parameter arfcn = 51
2026/Jun/23 10:53:00.860196 USER TC_26_8_1_3_3_1.ttcn3:71 L3_Port: user_start called
2026/Jun/23 10:53:00.860205 PORTEVENT TC_26_8_1_3_3_1.ttcn3:71 Port L was started.
2026/Jun/23 10:53:00.860260 PORTEVENT TC_26_8_1_3_3_1.ttcn3:71 Port RR was started.
2026/Jun/23 10:53:00.860265 PORTEVENT TC_26_8_1_3_3_1.ttcn3:71 Port MM was started.
2026/Jun/23 10:53:00.860269 PORTEVENT TC_26_8_1_3_3_1.ttcn3:71 Port CC was started.
2026/Jun/23 10:53:00.860272 USER TC_26_8_1_3_3_1.ttcn3:71 MSC_Port: user_start called
2026/Jun/23 10:53:00.860276 PORTEVENT TC_26_8_1_3_3_1.ttcn3:71 Port MSC was started.
2026/Jun/23 10:53:00.860281 PORTEVENT TC_26_8_1_3_3_1.ttcn3:71 Port BSC was started.
2026/Jun/23 10:53:00.860286 PORTEVENT TC_26_8_1_3_3_1.ttcn3:71 Port RSL was started.
2026/Jun/23 10:53:00.860291 USER TC_26_8_1_3_3_1.ttcn3:71 VTY_PT: Starting
2026/Jun/23 10:53:00.860295 PORTEVENT TC_26_8_1_3_3_1.ttcn3:71 Port VTY was started.
2026/Jun/23 10:53:00.860300 PORTEVENT TC_26_8_1_3_3_1.ttcn3:71 Port COORD was started.
2026/Jun/23 10:53:00.860302 PARALLEL TC_26_8_1_3_3_1.ttcn3:71 Component type GSM_Component_Definitions.GSM_CT was initialized.
2026/Jun/23 10:53:00.860325 WARNING GSM_Component_Definitions.ttcn3:364 Warning: Stopping inactive timer T_guard.
2026/Jun/23 10:53:00.860333 WARNING GSM_Component_Definitions.ttcn3:365 Warning: Stopping inactive timer T301.
2026/Jun/23 10:53:00.860338 WARNING GSM_Component_Definitions.ttcn3:366 Warning: Stopping inactive timer T303.
2026/Jun/23 10:53:00.860342 WARNING GSM_Component_Definitions.ttcn3:367 Warning: Stopping inactive timer T305.
2026/Jun/23 10:53:00.860346 WARNING GSM_Component_Definitions.ttcn3:368 Warning: Stopping inactive timer T308.
2026/Jun/23 10:53:00.860350 WARNING GSM_Component_Definitions.ttcn3:369 Warning: Stopping inactive timer T310.
2026/Jun/23 10:53:00.860354 WARNING GSM_Component_Definitions.ttcn3:370 Warning: Stopping inactive timer T313.
2026/Jun/23 10:53:00.860362 USER GSM_Component_Definitions.ttcn3:386 Component initialized
2026/Jun/23 10:53:00.860377 PARALLEL GSM_Component_Definitions.ttcn3:334 Mapping port mtc:L to system:L.
2026/Jun/23 10:53:00.860425 USER GSM_Component_Definitions.ttcn3:334 L3_Port: Mapping to L
2026/Jun/23 10:53:00.860486 USER GSM_Component_Definitions.ttcn3:334 L3_Port: Joined UL multicast group 239.193.23.2 for RACH capture
2026/Jun/23 10:53:00.860497 USER GSM_Component_Definitions.ttcn3:334 L3_Port: GSMTAP listening on port 4729
2026/Jun/23 10:53:00.860509 USER GSM_Component_Definitions.ttcn3:334 L3_Port: Mapped successfully (GSMTAP: 127.0.0.1:4729)
2026/Jun/23 10:53:00.860515 WARNING GSM_Component_Definitions.ttcn3:334 Warning: The maximum number of open file descriptors (1048576) is greater than FD_SETSIZE (1024). Ensure that Test Ports using Install_Handler do not try to wait for events of file descriptors with values greater than FD_SETSIZE (1024). (Current caller of Install_Handler is "L")
2026/Jun/23 10:53:00.860545 PORTEVENT GSM_Component_Definitions.ttcn3:334 Port L was mapped to system:L.
2026/Jun/23 10:53:00.860611 PARALLEL GSM_Component_Definitions.ttcn3:334 Map operation of mtc:L to system:L finished.
2026/Jun/23 10:53:00.860643 PARALLEL GSM_Component_Definitions.ttcn3:335 Mapping port mtc:RR to system:RR.
2026/Jun/23 10:53:00.860667 PORTEVENT GSM_Component_Definitions.ttcn3:335 Port RR was mapped to system:RR.
2026/Jun/23 10:53:00.860703 PARALLEL GSM_Component_Definitions.ttcn3:335 Map operation of mtc:RR to system:RR finished.
2026/Jun/23 10:53:00.860708 PARALLEL GSM_Component_Definitions.ttcn3:336 Mapping port mtc:MM to system:MM.
2026/Jun/23 10:53:00.860729 PORTEVENT GSM_Component_Definitions.ttcn3:336 Port MM was mapped to system:MM.
2026/Jun/23 10:53:00.860748 PARALLEL GSM_Component_Definitions.ttcn3:336 Map operation of mtc:MM to system:MM finished.
2026/Jun/23 10:53:00.860753 PARALLEL GSM_Component_Definitions.ttcn3:337 Mapping port mtc:CC to system:CC.
2026/Jun/23 10:53:00.860772 PORTEVENT GSM_Component_Definitions.ttcn3:337 Port CC was mapped to system:CC.
2026/Jun/23 10:53:00.860790 PARALLEL GSM_Component_Definitions.ttcn3:337 Map operation of mtc:CC to system:CC finished.
2026/Jun/23 10:53:00.860795 PARALLEL GSM_Component_Definitions.ttcn3:338 Mapping port mtc:MSC to system:MSC.
2026/Jun/23 10:53:00.860814 USER GSM_Component_Definitions.ttcn3:338 MSC_Port: Mapping to MSC
2026/Jun/23 10:53:00.861371 USER GSM_Component_Definitions.ttcn3:338 MSC_Port: Registered socket for async events
2026/Jun/23 10:53:00.861390 USER GSM_Component_Definitions.ttcn3:338 MSC_Port: Connected to MSC stub at 10.42.0.20:5000
2026/Jun/23 10:53:00.861395 PORTEVENT GSM_Component_Definitions.ttcn3:338 Port MSC was mapped to system:MSC.
2026/Jun/23 10:53:00.861444 PARALLEL GSM_Component_Definitions.ttcn3:338 Map operation of mtc:MSC to system:MSC finished.
2026/Jun/23 10:53:00.861450 PARALLEL GSM_Component_Definitions.ttcn3:339 Mapping port mtc:VTY to system:VTY.
2026/Jun/23 10:53:00.861471 USER GSM_Component_Definitions.ttcn3:339 VTY_PT: Mapping port to VTY interface
2026/Jun/23 10:53:00.861758 USER GSM_Component_Definitions.ttcn3:339 VTY_PT: Connected to VTY at 10.43.182.188:4247
2026/Jun/23 10:53:01.362050 USER GSM_Component_Definitions.ttcn3:339 VTY_PT: Initial banner received
2026/Jun/23 10:53:01.362114 PORTEVENT GSM_Component_Definitions.ttcn3:339 Port VTY was mapped to system:VTY.
2026/Jun/23 10:53:01.362179 USER GSM_Component_Definitions.ttcn3:339 MSC_Port: RX: {"type": "WELCOME", "status": "connected"}
2026/Jun/23 10:53:01.362251 PORTEVENT GSM_Component_Definitions.ttcn3:339 Message enqueued on MSC from system charstring : "{\"type\": \"WELCOME\", \"status\": \"connected\"}" id 1
2026/Jun/23 10:53:01.362309 PARALLEL GSM_Component_Definitions.ttcn3:339 Map operation of mtc:VTY to system:VTY finished.
2026/Jun/23 10:53:01.362327 USER TC_26_8_1_3_3_1.ttcn3:106 ==============================================================
2026/Jun/23 10:53:01.362334 USER TC_26_8_1_3_3_1.ttcn3:107 *** TC_26_8_1_3_3_1: MT Call U9 -> CONNECT(U8) or ALERTING(U7) ***
2026/Jun/23 10:53:01.362339 USER TC_26_8_1_3_3_1.ttcn3:108 *** Spec: Rel4_GSM_L3_MS_v440/CC/                              ***
2026/Jun/23 10:53:01.362344 USER TC_26_8_1_3_3_1.ttcn3:109 *** Purpose: MS in U9 (SETUP with Signal_01) sends CONNECT->U8  ***
2026/Jun/23 10:53:01.362349 USER TC_26_8_1_3_3_1.ttcn3:110 ***          or ALERTING->U7. Both are PASS per spec.           ***
2026/Jun/23 10:53:01.362354 USER TC_26_8_1_3_3_1.ttcn3:111 *** Pass A: ConnRcv(Connect_01(TI_01)) -> (P)                   ***
2026/Jun/23 10:53:01.362367 USER TC_26_8_1_3_3_1.ttcn3:112 *** Pass B: AlertRcv(AlertingInd_02(TI_01)) -> (P)              ***
2026/Jun/23 10:53:01.362372 USER TC_26_8_1_3_3_1.ttcn3:113 ==============================================================
2026/Jun/23 10:53:01.362393 TIMEROP TC_26_8_1_3_3_1.ttcn3:116 Start timer T_guard: 300 s
2026/Jun/23 10:53:01.362462 USER TC_26_8_1_3_3_1.ttcn3:121 "TC_26_8_1_3_3_1: [1] BasicServiceMTorTelephony " & char(0, 0, 32, 20) & " telephony assumed (infra adaptation)"
2026/Jun/23 10:53:01.362511 PORTEVENT TC_26_8_1_3_3_1.ttcn3:124 Sent on MSC to system charstring : "{\"command\": \"SET_AUTO_RESPOND\", \"params\": {\"enabled\": false}}"
2026/Jun/23 10:53:01.362612 USER TC_26_8_1_3_3_1.ttcn3:124 MSC_Port: TX: {"command": "SET_AUTO_RESPOND", "params": {"enabled": false}}
2026/Jun/23 10:53:01.362622 USER TC_26_8_1_3_3_1.ttcn3:134 "*** Phase 1: [2] +IdleUpdated " & char(0, 0, 32, 20) & " restarting mobile for clean state ***"
2026/Jun/23 10:53:01.362679 USER TC_26_8_1_3_3_1.ttcn3:135 docker.sock not found — using VTY power-cycle (k8s mode)
2026/Jun/23 10:53:01.362691 USER TC_26_8_1_3_3_1.ttcn3:135 === k8s fallback: VTY power-cycle mobile at 10.43.182.188:4247 ===
2026/Jun/23 10:53:07.022401 USER TC_26_8_1_3_3_1.ttcn3:135 Waiting 10 seconds (power off)...
2026/Jun/23 10:53:22.381923 USER TC_26_8_1_3_3_1.ttcn3:135 VTY 'clear-loci' sent — LOCI erased
2026/Jun/23 10:53:30.573956 USER TC_26_8_1_3_3_1.ttcn3:135 === VTY power-cycle complete — MS will send LU shortly ===
2026/Jun/23 10:53:30.574089 PORTEVENT TC_26_8_1_3_3_1.ttcn3:144 Sent on MSC to system charstring : "{\"command\": \"CLEAR\", \"params\": {}}"
2026/Jun/23 10:53:30.574141 USER TC_26_8_1_3_3_1.ttcn3:144 MSC_Port: TX: {"command": "CLEAR", "params": {}}
2026/Jun/23 10:53:30.574164 TIMEROP TC_26_8_1_3_3_1.ttcn3:146 Start timer T_drain: 5 s
2026/Jun/23 10:53:30.574221 PORTEVENT TC_26_8_1_3_3_1.ttcn3:148 Receive operation on port MSC succeeded, message from system(): charstring : "{\"type\": \"WELCOME\", \"status\": \"connected\"}" id 1
2026/Jun/23 10:53:30.574259 PORTEVENT TC_26_8_1_3_3_1.ttcn3:148 Message with id 1 was extracted from the queue of MSC.
2026/Jun/23 10:53:30.574271 USER TC_26_8_1_3_3_1.ttcn3:149 TC_26_8_1_3_3_1: (drain) discarding: "{\"type\": \"WELCOME\", \"status\": \"connected\"}"
2026/Jun/23 10:53:30.574317 USER TC_26_8_1_3_3_1.ttcn3:147 VTY_PT: Received data (buffered): 162 bytes
2026/Jun/23 10:53:30.574345 USER TC_26_8_1_3_3_1.ttcn3:147 MSC_Port: RX: {"status": "ok", "auto_respond": false}
2026/Jun/23 10:53:30.574354 PORTEVENT TC_26_8_1_3_3_1.ttcn3:147 Message enqueued on MSC from system charstring : "{\"status\": \"ok\", \"auto_respond\": false}" id 2
2026/Jun/23 10:53:30.574361 USER TC_26_8_1_3_3_1.ttcn3:147 MSC_Port: RX: {"type": "HEARTBEAT"}
2026/Jun/23 10:53:30.574368 PORTEVENT TC_26_8_1_3_3_1.ttcn3:147 Message enqueued on MSC from system charstring : "{\"type\": \"HEARTBEAT\"}" id 3
2026/Jun/23 10:53:30.574373 USER TC_26_8_1_3_3_1.ttcn3:147 MSC_Port: RX: {"type": "HEARTBEAT"}
2026/Jun/23 10:53:30.574379 PORTEVENT TC_26_8_1_3_3_1.ttcn3:147 Message enqueued on MSC from system charstring : "{\"type\": \"HEARTBEAT\"}" id 4
2026/Jun/23 10:53:30.574384 USER TC_26_8_1_3_3_1.ttcn3:147 MSC_Port: RX: {"type": "HEARTBEAT"}
2026/Jun/23 10:53:30.574390 PORTEVENT TC_26_8_1_3_3_1.ttcn3:147 Message enqueued on MSC from system charstring : "{\"type\": \"HEARTBEAT\"}" id 5
2026/Jun/23 10:53:30.574401 USER TC_26_8_1_3_3_1.ttcn3:147 MSC_Port: RX: {"type": "HEARTBEAT"}
2026/Jun/23 10:53:30.574407 PORTEVENT TC_26_8_1_3_3_1.ttcn3:147 Message enqueued on MSC from system charstring : "{\"type\": \"HEARTBEAT\"}" id 6
2026/Jun/23 10:53:30.574412 USER TC_26_8_1_3_3_1.ttcn3:147 MSC_Port: RX: {"type": "HEARTBEAT"}
2026/Jun/23 10:53:30.574418 PORTEVENT TC_26_8_1_3_3_1.ttcn3:147 Message enqueued on MSC from system charstring : "{\"type\": \"HEARTBEAT\"}" id 7
2026/Jun/23 10:53:30.574433 USER TC_26_8_1_3_3_1.ttcn3:147 L3_Port: Received 17 bytes
2026/Jun/23 10:53:30.574446 USER TC_26_8_1_3_3_1.ttcn3:147 L3_Port: RAW GSMTAP hdr->arfcn=0x4033 RxArfcn=0x4033 Uplink=1 Chan=3 Len=1
2026/Jun/23 10:53:30.574463 USER TC_26_8_1_3_3_1.ttcn3:147 L3_Port: RX: 04 
2026/Jun/23 10:53:30.574480 PORTEVENT TC_26_8_1_3_3_1.ttcn3:147 Message enqueued on L from system octetstring : '0400003181'O id 1
2026/Jun/23 10:53:30.574490 USER TC_26_8_1_3_3_1.ttcn3:147 L3_Port: Message delivered to TTCN-3
2026/Jun/23 10:53:30.574497 PORTEVENT TC_26_8_1_3_3_1.ttcn3:148 Receive operation on port MSC succeeded, message from system(): charstring : "{\"status\": \"ok\", \"auto_respond\": false}" id 2
2026/Jun/23 10:53:30.574502 PORTEVENT TC_26_8_1_3_3_1.ttcn3:148 Message with id 2 was extracted from the queue of MSC.
2026/Jun/23 10:53:30.574506 USER TC_26_8_1_3_3_1.ttcn3:149 TC_26_8_1_3_3_1: (drain) discarding: "{\"status\": \"ok\", \"auto_respond\": false}"
2026/Jun/23 10:53:30.574514 PORTEVENT TC_26_8_1_3_3_1.ttcn3:148 Receive operation on port MSC succeeded, message from system(): charstring : "{\"type\": \"HEARTBEAT\"}" id 3
2026/Jun/23 10:53:30.574518 PORTEVENT TC_26_8_1_3_3_1.ttcn3:148 Message with id 3 was extracted from the queue of MSC.
2026/Jun/23 10:53:30.574521 USER TC_26_8_1_3_3_1.ttcn3:149 TC_26_8_1_3_3_1: (drain) discarding: "{\"type\": \"HEARTBEAT\"}"
2026/Jun/23 10:53:30.574528 PORTEVENT TC_26_8_1_3_3_1.ttcn3:148 Receive operation on port MSC succeeded, message from system(): charstring : "{\"type\": \"HEARTBEAT\"}" id 4
2026/Jun/23 10:53:30.574532 PORTEVENT TC_26_8_1_3_3_1.ttcn3:148 Message with id 4 was extracted from the queue of MSC.
2026/Jun/23 10:53:30.574534 USER TC_26_8_1_3_3_1.ttcn3:149 TC_26_8_1_3_3_1: (drain) discarding: "{\"type\": \"HEARTBEAT\"}"
2026/Jun/23 10:53:30.574541 PORTEVENT TC_26_8_1_3_3_1.ttcn3:148 Receive operation on port MSC succeeded, message from system(): charstring : "{\"type\": \"HEARTBEAT\"}" id 5
2026/Jun/23 10:53:30.574545 PORTEVENT TC_26_8_1_3_3_1.ttcn3:148 Message with id 5 was extracted from the queue of MSC.
2026/Jun/23 10:53:30.574548 USER TC_26_8_1_3_3_1.ttcn3:149 TC_26_8_1_3_3_1: (drain) discarding: "{\"type\": \"HEARTBEAT\"}"
2026/Jun/23 10:53:30.574555 PORTEVENT TC_26_8_1_3_3_1.ttcn3:148 Receive operation on port MSC succeeded, message from system(): charstring : "{\"type\": \"HEARTBEAT\"}" id 6
2026/Jun/23 10:53:30.574558 PORTEVENT TC_26_8_1_3_3_1.ttcn3:148 Message with id 6 was extracted from the queue of MSC.
2026/Jun/23 10:53:30.574561 USER TC_26_8_1_3_3_1.ttcn3:149 TC_26_8_1_3_3_1: (drain) discarding: "{\"type\": \"HEARTBEAT\"}"
2026/Jun/23 10:53:30.574568 PORTEVENT TC_26_8_1_3_3_1.ttcn3:148 Receive operation on port MSC succeeded, message from system(): charstring : "{\"type\": \"HEARTBEAT\"}" id 7
2026/Jun/23 10:53:30.574571 PORTEVENT TC_26_8_1_3_3_1.ttcn3:148 Message with id 7 was extracted from the queue of MSC.
2026/Jun/23 10:53:30.574574 USER TC_26_8_1_3_3_1.ttcn3:149 TC_26_8_1_3_3_1: (drain) discarding: "{\"type\": \"HEARTBEAT\"}"
2026/Jun/23 10:53:30.574584 USER TC_26_8_1_3_3_1.ttcn3:147 L3_Port: Received 39 bytes
2026/Jun/23 10:53:30.574589 USER TC_26_8_1_3_3_1.ttcn3:147 L3_Port: RAW GSMTAP hdr->arfcn=0x4033 RxArfcn=0x4033 Uplink=1 Chan=135 Len=23
2026/Jun/23 10:53:30.574596 USER TC_26_8_1_3_3_1.ttcn3:147 L3_Port: RX: 0E 00 01 03 49 06 15 00 40 01 C0 00 00 00 00 00 00 00 00 00 00 00 00 
2026/Jun/23 10:53:30.574605 PORTEVENT TC_26_8_1_3_3_1.ttcn3:147 Message enqueued on L from system octetstring : '0E000103490615004001C0000000000000000000000000'O id 2
2026/Jun/23 10:53:30.574609 USER TC_26_8_1_3_3_1.ttcn3:147 L3_Port: Message delivered to TTCN-3
2026/Jun/23 10:53:30.574617 USER TC_26_8_1_3_3_1.ttcn3:147 L3_Port: Received 39 bytes
2026/Jun/23 10:53:30.574622 USER TC_26_8_1_3_3_1.ttcn3:147 L3_Port: RAW GSMTAP hdr->arfcn=0x4033 RxArfcn=0x4033 Uplink=1 Chan=7 Len=23
2026/Jun/23 10:53:30.574628 USER TC_26_8_1_3_3_1.ttcn3:147 L3_Port: RX: 01 3F 49 05 08 70 09 F1 07 00 00 33 08 99 10 07 00 00 00 00 10 2B 2B 
2026/Jun/23 10:53:30.574633 PORTEVENT TC_26_8_1_3_3_1.ttcn3:147 Message enqueued on L from system octetstring : '013F4905087009F1070000330899100700000000102B2B'O id 3
2026/Jun/23 10:53:30.574640 USER TC_26_8_1_3_3_1.ttcn3:147 L3_Port: Message delivered to TTCN-3
2026/Jun/23 10:53:30.574648 USER TC_26_8_1_3_3_1.ttcn3:147 L3_Port: Received 39 bytes
2026/Jun/23 10:53:30.574652 USER TC_26_8_1_3_3_1.ttcn3:147 L3_Port: RAW GSMTAP hdr->arfcn=0x4033 RxArfcn=0x4033 Uplink=1 Chan=135 Len=23
2026/Jun/23 10:53:30.574658 USER TC_26_8_1_3_3_1.ttcn3:147 L3_Port: RX: 0E 00 01 03 49 06 15 3F 3F 01 C0 00 00 00 00 00 00 00 00 00 00 00 00 
2026/Jun/23 10:53:30.574663 PORTEVENT TC_26_8_1_3_3_1.ttcn3:147 Message enqueued on L from system octetstring : '0E0001034906153F3F01C0000000000000000000000000'O id 4
2026/Jun/23 10:53:30.574667 USER TC_26_8_1_3_3_1.ttcn3:147 L3_Port: Message delivered to TTCN-3
2026/Jun/23 10:53:30.574673 USER TC_26_8_1_3_3_1.ttcn3:147 L3_Port: Received 39 bytes
2026/Jun/23 10:53:30.574678 USER TC_26_8_1_3_3_1.ttcn3:147 L3_Port: RAW GSMTAP hdr->arfcn=0x4033 RxArfcn=0x4033 Uplink=1 Chan=7 Len=23
2026/Jun/23 10:53:30.574684 USER TC_26_8_1_3_3_1.ttcn3:147 L3_Port: RX: 01 3F 49 05 08 70 09 F1 07 00 00 33 08 99 10 07 00 00 00 00 10 2B 2B 
2026/Jun/23 10:53:30.574689 PORTEVENT TC_26_8_1_3_3_1.ttcn3:147 Message enqueued on L from system octetstring : '013F4905087009F1070000330899100700000000102B2B'O id 5
2026/Jun/23 10:53:30.574692 USER TC_26_8_1_3_3_1.ttcn3:147 L3_Port: Message delivered to TTCN-3
2026/Jun/23 10:53:30.574699 USER TC_26_8_1_3_3_1.ttcn3:147 L3_Port: Received 39 bytes
2026/Jun/23 10:53:30.574704 USER TC_26_8_1_3_3_1.ttcn3:147 L3_Port: RAW GSMTAP hdr->arfcn=0x4033 RxArfcn=0x4033 Uplink=1 Chan=135 Len=23
2026/Jun/23 10:53:30.574710 USER TC_26_8_1_3_3_1.ttcn3:147 L3_Port: RX: 0E 00 01 03 49 06 15 00 40 01 C0 00 00 00 00 00 00 00 00 00 00 00 00 
2026/Jun/23 10:53:30.574716 PORTEVENT TC_26_8_1_3_3_1.ttcn3:147 Message enqueued on L from system octetstring : '0E000103490615004001C0000000000000000000000000'O id 6
2026/Jun/23 10:53:30.574720 USER TC_26_8_1_3_3_1.ttcn3:147 L3_Port: Message delivered to TTCN-3
2026/Jun/23 10:53:30.574727 USER TC_26_8_1_3_3_1.ttcn3:147 L3_Port: Received 39 bytes
2026/Jun/23 10:53:30.574734 USER TC_26_8_1_3_3_1.ttcn3:147 L3_Port: RAW GSMTAP hdr->arfcn=0x4033 RxArfcn=0x4033 Uplink=1 Chan=7 Len=23
2026/Jun/23 10:53:30.574740 USER TC_26_8_1_3_3_1.ttcn3:147 L3_Port: RX: 01 3F 49 05 08 70 09 F1 07 00 00 33 08 99 10 07 00 00 00 00 10 2B 2B 
2026/Jun/23 10:53:30.574745 PORTEVENT TC_26_8_1_3_3_1.ttcn3:147 Message enqueued on L from system octetstring : '013F4905087009F1070000330899100700000000102B2B'O id 7
2026/Jun/23 10:53:30.574748 USER TC_26_8_1_3_3_1.ttcn3:147 L3_Port: Message delivered to TTCN-3
2026/Jun/23 10:53:30.574756 USER TC_26_8_1_3_3_1.ttcn3:147 L3_Port: Received 39 bytes
2026/Jun/23 10:53:30.574761 USER TC_26_8_1_3_3_1.ttcn3:147 L3_Port: RAW GSMTAP hdr->arfcn=0x4033 RxArfcn=0x4033 Uplink=1 Chan=135 Len=23
2026/Jun/23 10:53:30.574769 USER TC_26_8_1_3_3_1.ttcn3:147 L3_Port: RX: 0E 00 01 03 49 06 15 00 40 01 C0 00 00 00 00 00 00 00 00 00 00 00 00 
2026/Jun/23 10:53:30.574774 PORTEVENT TC_26_8_1_3_3_1.ttcn3:147 Message enqueued on L from system octetstring : '0E000103490615004001C0000000000000000000000000'O id 8
2026/Jun/23 10:53:30.574777 USER TC_26_8_1_3_3_1.ttcn3:147 L3_Port: Message delivered to TTCN-3
2026/Jun/23 10:53:30.574785 USER TC_26_8_1_3_3_1.ttcn3:147 L3_Port: Received 39 bytes
2026/Jun/23 10:53:30.574790 USER TC_26_8_1_3_3_1.ttcn3:147 L3_Port: RAW GSMTAP hdr->arfcn=0x4033 RxArfcn=0x4033 Uplink=1 Chan=7 Len=23
2026/Jun/23 10:53:30.574797 USER TC_26_8_1_3_3_1.ttcn3:147 L3_Port: RX: 01 3F 49 05 08 70 09 F1 07 00 00 33 08 99 10 07 00 00 00 00 10 2B 2B 
2026/Jun/23 10:53:30.574802 PORTEVENT TC_26_8_1_3_3_1.ttcn3:147 Message enqueued on L from system octetstring : '013F4905087009F1070000330899100700000000102B2B'O id 9
2026/Jun/23 10:53:30.574806 USER TC_26_8_1_3_3_1.ttcn3:147 L3_Port: Message delivered to TTCN-3
2026/Jun/23 10:53:30.574813 USER TC_26_8_1_3_3_1.ttcn3:147 L3_Port: Received 39 bytes
2026/Jun/23 10:53:30.574817 USER TC_26_8_1_3_3_1.ttcn3:147 L3_Port: RAW GSMTAP hdr->arfcn=0x4033 RxArfcn=0x4033 Uplink=1 Chan=7 Len=23
2026/Jun/23 10:53:30.574847 USER TC_26_8_1_3_3_1.ttcn3:147 L3_Port: RX: 01 3F 49 05 08 70 09 F1 07 00 00 33 08 99 10 07 00 00 00 00 10 2B 2B 
2026/Jun/23 10:53:30.574855 PORTEVENT TC_26_8_1_3_3_1.ttcn3:147 Message enqueued on L from system octetstring : '013F4905087009F1070000330899100700000000102B2B'O id 10
2026/Jun/23 10:53:30.574859 USER TC_26_8_1_3_3_1.ttcn3:147 L3_Port: Message delivered to TTCN-3
2026/Jun/23 10:53:30.574867 USER TC_26_8_1_3_3_1.ttcn3:147 L3_Port: Received 39 bytes
2026/Jun/23 10:53:30.574871 USER TC_26_8_1_3_3_1.ttcn3:147 L3_Port: RAW GSMTAP hdr->arfcn=0x4033 RxArfcn=0x4033 Uplink=1 Chan=135 Len=23
2026/Jun/23 10:53:30.574877 USER TC_26_8_1_3_3_1.ttcn3:147 L3_Port: RX: 0E 00 01 03 49 06 15 00 40 01 C0 00 00 00 00 00 00 00 00 00 00 00 00 
2026/Jun/23 10:53:30.574883 PORTEVENT TC_26_8_1_3_3_1.ttcn3:147 Message enqueued on L from system octetstring : '0E000103490615004001C0000000000000000000000000'O id 11
2026/Jun/23 10:53:30.574887 USER TC_26_8_1_3_3_1.ttcn3:147 L3_Port: Message delivered to TTCN-3
2026/Jun/23 10:53:30.574893 USER TC_26_8_1_3_3_1.ttcn3:147 L3_Port: Received 39 bytes
2026/Jun/23 10:53:30.574899 USER TC_26_8_1_3_3_1.ttcn3:147 L3_Port: RAW GSMTAP hdr->arfcn=0x4033 RxArfcn=0x4033 Uplink=1 Chan=7 Len=23
2026/Jun/23 10:53:30.574905 USER TC_26_8_1_3_3_1.ttcn3:147 L3_Port: RX: 01 3F 49 05 08 70 09 F1 07 00 00 33 08 99 10 07 00 00 00 00 10 2B 2B 
2026/Jun/23 10:53:30.574909 PORTEVENT TC_26_8_1_3_3_1.ttcn3:147 Message enqueued on L from system octetstring : '013F4905087009F1070000330899100700000000102B2B'O id 12
2026/Jun/23 10:53:30.574913 USER TC_26_8_1_3_3_1.ttcn3:147 L3_Port: Message delivered to TTCN-3
2026/Jun/23 10:53:30.574921 USER TC_26_8_1_3_3_1.ttcn3:147 L3_Port: Received 39 bytes
2026/Jun/23 10:53:30.574927 USER TC_26_8_1_3_3_1.ttcn3:147 L3_Port: RAW GSMTAP hdr->arfcn=0x4033 RxArfcn=0x4033 Uplink=1 Chan=135 Len=23
2026/Jun/23 10:53:30.574933 USER TC_26_8_1_3_3_1.ttcn3:147 L3_Port: RX: 0E 00 01 03 49 06 15 00 40 01 C0 00 00 00 00 00 00 00 00 00 00 00 00 
2026/Jun/23 10:53:30.574938 PORTEVENT TC_26_8_1_3_3_1.ttcn3:147 Message enqueued on L from system octetstring : '0E000103490615004001C0000000000000000000000000'O id 13
2026/Jun/23 10:53:30.574942 USER TC_26_8_1_3_3_1.ttcn3:147 L3_Port: Message delivered to TTCN-3
2026/Jun/23 10:53:30.574949 USER TC_26_8_1_3_3_1.ttcn3:147 MSC_Port: RX: {"status": "ok"}
2026/Jun/23 10:53:30.574956 PORTEVENT TC_26_8_1_3_3_1.ttcn3:147 Message enqueued on MSC from system charstring : "{\"status\": \"ok\"}" id 8
2026/Jun/23 10:53:30.574962 PORTEVENT TC_26_8_1_3_3_1.ttcn3:148 Receive operation on port MSC succeeded, message from system(): charstring : "{\"status\": \"ok\"}" id 8
2026/Jun/23 10:53:30.574965 PORTEVENT TC_26_8_1_3_3_1.ttcn3:148 Message with id 8 was extracted from the queue of MSC.
2026/Jun/23 10:53:30.574968 USER TC_26_8_1_3_3_1.ttcn3:149 TC_26_8_1_3_3_1: (drain) discarding: "{\"status\": \"ok\"}"
2026/Jun/23 10:53:30.574977 USER TC_26_8_1_3_3_1.ttcn3:147 L3_Port: Received 39 bytes
2026/Jun/23 10:53:30.574982 USER TC_26_8_1_3_3_1.ttcn3:147 L3_Port: RAW GSMTAP hdr->arfcn=0x4033 RxArfcn=0x4033 Uplink=1 Chan=135 Len=23
2026/Jun/23 10:53:30.574988 USER TC_26_8_1_3_3_1.ttcn3:147 L3_Port: RX: 0E 00 01 03 49 06 15 00 40 01 C0 00 00 00 00 00 00 00 00 00 00 00 00 
2026/Jun/23 10:53:30.574993 PORTEVENT TC_26_8_1_3_3_1.ttcn3:147 Message enqueued on L from system octetstring : '0E000103490615004001C0000000000000000000000000'O id 14
2026/Jun/23 10:53:30.574996 USER TC_26_8_1_3_3_1.ttcn3:147 L3_Port: Message delivered to TTCN-3
2026/Jun/23 10:53:30.575004 USER TC_26_8_1_3_3_1.ttcn3:147 L3_Port: Received 39 bytes
2026/Jun/23 10:53:30.575009 USER TC_26_8_1_3_3_1.ttcn3:147 L3_Port: RAW GSMTAP hdr->arfcn=0x4033 RxArfcn=0x4033 Uplink=1 Chan=135 Len=23
2026/Jun/23 10:53:30.575015 USER TC_26_8_1_3_3_1.ttcn3:147 L3_Port: RX: 0E 00 01 03 49 06 15 00 40 01 C0 00 00 00 00 00 00 00 00 00 00 00 00 
2026/Jun/23 10:53:30.575021 PORTEVENT TC_26_8_1_3_3_1.ttcn3:147 Message enqueued on L from system octetstring : '0E000103490615004001C0000000000000000000000000'O id 15
2026/Jun/23 10:53:30.575028 USER TC_26_8_1_3_3_1.ttcn3:147 L3_Port: Message delivered to TTCN-3
2026/Jun/23 10:53:31.576022 USER TC_26_8_1_3_3_1.ttcn3:147 MSC_Port: RX: {"type": "HEARTBEAT"}
2026/Jun/23 10:53:31.576085 PORTEVENT TC_26_8_1_3_3_1.ttcn3:147 Message enqueued on MSC from system charstring : "{\"type\": \"HEARTBEAT\"}" id 9
2026/Jun/23 10:53:31.576108 PORTEVENT TC_26_8_1_3_3_1.ttcn3:148 Receive operation on port MSC succeeded, message from system(): charstring : "{\"type\": \"HEARTBEAT\"}" id 9
2026/Jun/23 10:53:31.576116 PORTEVENT TC_26_8_1_3_3_1.ttcn3:148 Message with id 9 was extracted from the queue of MSC.
2026/Jun/23 10:53:31.576119 USER TC_26_8_1_3_3_1.ttcn3:149 TC_26_8_1_3_3_1: (drain) discarding: "{\"type\": \"HEARTBEAT\"}"
2026/Jun/23 10:53:32.855339 USER TC_26_8_1_3_3_1.ttcn3:147 VTY_PT: Received data (buffered): 68 bytes
2026/Jun/23 10:53:35.576190 TIMEROP TC_26_8_1_3_3_1.ttcn3:152 Timeout T_drain: 5 s
2026/Jun/23 10:53:35.576271 USER TC_26_8_1_3_3_1.ttcn3:153 TC_26_8_1_3_3_1: drain complete
2026/Jun/23 10:53:35.576332 PORTEVENT TC_26_8_1_3_3_1.ttcn3:156 Sent on MSC to system charstring : "{\"command\": \"CLEAR\", \"params\": {}}"
2026/Jun/23 10:53:35.576430 USER TC_26_8_1_3_3_1.ttcn3:156 MSC_Port: TX: {"command": "CLEAR", "params": {}}
2026/Jun/23 10:53:35.576455 TIMEROP TC_26_8_1_3_3_1.ttcn3:157 Start timer T_settle: 2 s
2026/Jun/23 10:53:35.576975 USER TC_26_8_1_3_3_1.ttcn3:157 MSC_Port: RX: {"status": "ok"}
2026/Jun/23 10:53:35.577004 PORTEVENT TC_26_8_1_3_3_1.ttcn3:157 Message enqueued on MSC from system charstring : "{\"status\": \"ok\"}" id 10
2026/Jun/23 10:53:36.578082 USER TC_26_8_1_3_3_1.ttcn3:157 MSC_Port: RX: {"type": "HEARTBEAT"}
2026/Jun/23 10:53:36.578145 PORTEVENT TC_26_8_1_3_3_1.ttcn3:157 Message enqueued on MSC from system charstring : "{\"type\": \"HEARTBEAT\"}" id 11
2026/Jun/23 10:53:37.576853 TIMEROP TC_26_8_1_3_3_1.ttcn3:157 Timeout T_settle: 2 s
2026/Jun/23 10:53:37.576911 USER TC_26_8_1_3_3_1.ttcn3:160 *** Phase 1: Waiting for LU REQUEST ***
2026/Jun/23 10:53:37.576941 TIMEROP TC_26_8_1_3_3_1.ttcn3:162 Start timer T_lu_wait: 45 s
2026/Jun/23 10:53:37.576959 PORTEVENT TC_26_8_1_3_3_1.ttcn3:164 Receive operation on port MSC succeeded, message from system(): charstring : "{\"status\": \"ok\"}" id 10
2026/Jun/23 10:53:37.576971 PORTEVENT TC_26_8_1_3_3_1.ttcn3:164 Message with id 10 was extracted from the queue of MSC.
2026/Jun/23 10:53:37.577151 USER TC_26_8_1_3_3_1.ttcn3:173 TC_26_8_1_3_3_1: (LU wait) ignoring: "{\"status\": \"ok\"}"
2026/Jun/23 10:53:37.577172 PORTEVENT TC_26_8_1_3_3_1.ttcn3:164 Receive operation on port MSC succeeded, message from system(): charstring : "{\"type\": \"HEARTBEAT\"}" id 11
2026/Jun/23 10:53:37.577179 PORTEVENT TC_26_8_1_3_3_1.ttcn3:164 Message with id 11 was extracted from the queue of MSC.
2026/Jun/23 10:53:41.582993 USER TC_26_8_1_3_3_1.ttcn3:163 MSC_Port: RX: {"type": "HEARTBEAT"}
2026/Jun/23 10:53:41.583059 PORTEVENT TC_26_8_1_3_3_1.ttcn3:163 Message enqueued on MSC from system charstring : "{\"type\": \"HEARTBEAT\"}" id 12
2026/Jun/23 10:53:41.583080 PORTEVENT TC_26_8_1_3_3_1.ttcn3:164 Receive operation on port MSC succeeded, message from system(): charstring : "{\"type\": \"HEARTBEAT\"}" id 12
2026/Jun/23 10:53:41.583089 PORTEVENT TC_26_8_1_3_3_1.ttcn3:164 Message with id 12 was extracted from the queue of MSC.
2026/Jun/23 10:53:42.454240 USER TC_26_8_1_3_3_1.ttcn3:163 L3_Port: Received 17 bytes
2026/Jun/23 10:53:42.454289 USER TC_26_8_1_3_3_1.ttcn3:163 L3_Port: RAW GSMTAP hdr->arfcn=0x4033 RxArfcn=0x4033 Uplink=1 Chan=3 Len=1
2026/Jun/23 10:53:42.454298 USER TC_26_8_1_3_3_1.ttcn3:163 L3_Port: RX: 03 
2026/Jun/23 10:53:42.454309 PORTEVENT TC_26_8_1_3_3_1.ttcn3:163 Message enqueued on L from system octetstring : '03000044CC'O id 16
2026/Jun/23 10:53:42.454319 USER TC_26_8_1_3_3_1.ttcn3:163 L3_Port: Message delivered to TTCN-3
2026/Jun/23 10:53:42.638330 USER TC_26_8_1_3_3_1.ttcn3:163 L3_Port: Received 39 bytes
2026/Jun/23 10:53:42.638379 USER TC_26_8_1_3_3_1.ttcn3:163 L3_Port: RAW GSMTAP hdr->arfcn=0x4033 RxArfcn=0x4033 Uplink=1 Chan=7 Len=23
2026/Jun/23 10:53:42.638404 USER TC_26_8_1_3_3_1.ttcn3:163 L3_Port: RX: 01 3F 49 05 08 70 09 F1 07 00 00 33 08 99 10 07 00 00 00 00 10 2B 2B 
2026/Jun/23 10:53:42.638419 PORTEVENT TC_26_8_1_3_3_1.ttcn3:163 Message enqueued on L from system octetstring : '013F4905087009F1070000330899100700000000102B2B'O id 17
2026/Jun/23 10:53:42.638431 USER TC_26_8_1_3_3_1.ttcn3:163 L3_Port: Message delivered to TTCN-3
2026/Jun/23 10:53:42.782918 USER TC_26_8_1_3_3_1.ttcn3:163 L3_Port: Received 39 bytes
2026/Jun/23 10:53:42.782989 USER TC_26_8_1_3_3_1.ttcn3:163 L3_Port: RAW GSMTAP hdr->arfcn=0x4033 RxArfcn=0x4033 Uplink=1 Chan=135 Len=23
2026/Jun/23 10:53:42.783012 USER TC_26_8_1_3_3_1.ttcn3:163 L3_Port: RX: 0E 00 01 03 49 06 15 00 40 01 C0 00 00 00 00 00 00 00 00 00 00 00 00 
2026/Jun/23 10:53:42.783033 PORTEVENT TC_26_8_1_3_3_1.ttcn3:163 Message enqueued on L from system octetstring : '0E000103490615004001C0000000000000000000000000'O id 18
2026/Jun/23 10:53:42.783052 USER TC_26_8_1_3_3_1.ttcn3:163 L3_Port: Message delivered to TTCN-3
2026/Jun/23 10:53:43.395216 USER TC_26_8_1_3_3_1.ttcn3:163 L3_Port: Received 39 bytes
2026/Jun/23 10:53:43.395260 USER TC_26_8_1_3_3_1.ttcn3:163 L3_Port: RAW GSMTAP hdr->arfcn=0x4033 RxArfcn=0x4033 Uplink=1 Chan=7 Len=23
2026/Jun/23 10:53:43.395269 USER TC_26_8_1_3_3_1.ttcn3:163 L3_Port: RX: 03 21 01 2B 2B 2B 2B 2B 2B 2B 2B 2B 2B 2B 2B 2B 2B 2B 2B 2B 2B 2B 2B 
2026/Jun/23 10:53:43.395281 PORTEVENT TC_26_8_1_3_3_1.ttcn3:163 Message enqueued on L from system octetstring : '0321012B2B2B2B2B2B2B2B2B2B2B2B2B2B2B2B2B2B2B2B'O id 19
2026/Jun/23 10:53:43.395293 USER TC_26_8_1_3_3_1.ttcn3:163 L3_Port: Message delivered to TTCN-3
2026/Jun/23 10:53:43.396098 USER TC_26_8_1_3_3_1.ttcn3:163 L3_Port: Received 39 bytes
2026/Jun/23 10:53:43.396122 USER TC_26_8_1_3_3_1.ttcn3:163 L3_Port: RAW GSMTAP hdr->arfcn=0x4033 RxArfcn=0x4033 Uplink=1 Chan=7 Len=23
2026/Jun/23 10:53:43.396130 USER TC_26_8_1_3_3_1.ttcn3:163 L3_Port: RX: 01 20 09 05 5B 2B 2B 2B 2B 2B 2B 2B 2B 2B 2B 2B 2B 2B 2B 2B 2B 2B 2B 
2026/Jun/23 10:53:43.396136 PORTEVENT TC_26_8_1_3_3_1.ttcn3:163 Message enqueued on L from system octetstring : '012009055B2B2B2B2B2B2B2B2B2B2B2B2B2B2B2B2B2B2B'O id 20
2026/Jun/23 10:53:43.396142 USER TC_26_8_1_3_3_1.ttcn3:163 L3_Port: Message delivered to TTCN-3
2026/Jun/23 10:53:43.865526 USER TC_26_8_1_3_3_1.ttcn3:163 L3_Port: Received 39 bytes
2026/Jun/23 10:53:43.865575 USER TC_26_8_1_3_3_1.ttcn3:163 L3_Port: RAW GSMTAP hdr->arfcn=0x4033 RxArfcn=0x4033 Uplink=1 Chan=135 Len=23
2026/Jun/23 10:53:43.865583 USER TC_26_8_1_3_3_1.ttcn3:163 L3_Port: RX: 0E 00 01 03 49 06 15 BF 3F 00 00 00 00 00 00 00 00 00 00 00 00 00 00 
2026/Jun/23 10:53:43.865595 PORTEVENT TC_26_8_1_3_3_1.ttcn3:163 Message enqueued on L from system octetstring : '0E000103490615BF3F0000000000000000000000000000'O id 21
2026/Jun/23 10:53:43.865606 USER TC_26_8_1_3_3_1.ttcn3:163 L3_Port: Message delivered to TTCN-3
2026/Jun/23 10:53:43.866173 USER TC_26_8_1_3_3_1.ttcn3:163 L3_Port: Received 39 bytes
2026/Jun/23 10:53:43.866199 USER TC_26_8_1_3_3_1.ttcn3:163 L3_Port: RAW GSMTAP hdr->arfcn=0x4033 RxArfcn=0x4033 Uplink=1 Chan=7 Len=23
2026/Jun/23 10:53:43.866207 USER TC_26_8_1_3_3_1.ttcn3:163 L3_Port: RX: 03 41 01 2B 2B 2B 2B 2B 2B 2B 2B 2B 2B 2B 2B 2B 2B 2B 2B 2B 2B 2B 2B 
2026/Jun/23 10:53:43.866215 PORTEVENT TC_26_8_1_3_3_1.ttcn3:163 Message enqueued on L from system octetstring : '0341012B2B2B2B2B2B2B2B2B2B2B2B2B2B2B2B2B2B2B2B'O id 22
2026/Jun/23 10:53:43.866222 USER TC_26_8_1_3_3_1.ttcn3:163 L3_Port: Message delivered to TTCN-3
2026/Jun/23 10:53:43.866775 USER TC_26_8_1_3_3_1.ttcn3:163 L3_Port: Received 39 bytes
2026/Jun/23 10:53:43.866784 USER TC_26_8_1_3_3_1.ttcn3:163 L3_Port: RAW GSMTAP hdr->arfcn=0x4033 RxArfcn=0x4033 Uplink=1 Chan=7 Len=23
2026/Jun/23 10:53:43.866791 USER TC_26_8_1_3_3_1.ttcn3:163 L3_Port: RX: 01 53 01 2B 2B 2B 2B 2B 2B 2B 2B 2B 2B 2B 2B 2B 2B 2B 2B 2B 2B 2B 2B 
2026/Jun/23 10:53:43.866796 PORTEVENT TC_26_8_1_3_3_1.ttcn3:163 Message enqueued on L from system octetstring : '0153012B2B2B2B2B2B2B2B2B2B2B2B2B2B2B2B2B2B2B2B'O id 23
2026/Jun/23 10:53:43.866801 USER TC_26_8_1_3_3_1.ttcn3:163 L3_Port: Message delivered to TTCN-3
2026/Jun/23 10:53:46.588098 USER TC_26_8_1_3_3_1.ttcn3:163 MSC_Port: RX: {"type": "HEARTBEAT"}
2026/Jun/23 10:53:46.588190 PORTEVENT TC_26_8_1_3_3_1.ttcn3:163 Message enqueued on MSC from system charstring : "{\"type\": \"HEARTBEAT\"}" id 13
2026/Jun/23 10:53:46.588226 PORTEVENT TC_26_8_1_3_3_1.ttcn3:164 Receive operation on port MSC succeeded, message from system(): charstring : "{\"type\": \"HEARTBEAT\"}" id 13
2026/Jun/23 10:53:46.588242 PORTEVENT TC_26_8_1_3_3_1.ttcn3:164 Message with id 13 was extracted from the queue of MSC.
2026/Jun/23 10:53:48.318702 USER TC_26_8_1_3_3_1.ttcn3:163 MSC_Port: RX: {"type": "EVENT_LU_REQUEST", "bsc_slr": 2, "msc_slr": 2, "cksn": 7, "lu_type": 0, "old_mcc": "901", "old_mnc": "70", "old_lac": 0, "mi_type": "imsi"}
2026/Jun/23 10:53:48.318777 PORTEVENT TC_26_8_1_3_3_1.ttcn3:163 Message enqueued on MSC from system charstring : "{\"type\": \"EVENT_LU_REQUEST\", \"bsc_slr\": 2, \"msc_slr\": 2, \"cksn\": 7, \"lu_type\": 0, \"old_mcc\": \"901\", \"old_mnc\": \"70\", \"old_lac\": 0, \"mi_type\": \"imsi\"}" id 14
2026/Jun/23 10:53:48.318808 PORTEVENT TC_26_8_1_3_3_1.ttcn3:164 Receive operation on port MSC succeeded, message from system(): charstring : "{\"type\": \"EVENT_LU_REQUEST\", \"bsc_slr\": 2, \"msc_slr\": 2, \"cksn\": 7, \"lu_type\": 0, \"old_mcc\": \"901\", \"old_mnc\": \"70\", \"old_lac\": 0, \"mi_type\": \"imsi\"}" id 14
2026/Jun/23 10:53:48.318818 PORTEVENT TC_26_8_1_3_3_1.ttcn3:164 Message with id 14 was extracted from the queue of MSC.
2026/Jun/23 10:53:48.318979 USER GSM_Functions.ttcn3:365 f_extractJsonInt: Searching for key '"bsc_slr"' in JSON: "{\"type\": \"EVENT_LU_REQUEST\", \"bsc_slr\": 2, \"msc_slr\": 2, \"cksn\": 7, \"lu_type\": 0, \"old_mcc\": \"901\", \"old_mnc\": \"70\", \"old_lac\": 0, \"mi_type\": \"imsi\"}"
2026/Jun/23 10:53:48.319063 USER GSM_Functions.ttcn3:372 f_extractJsonInt: Found key at position 29 (pattern: "\"bsc_slr\":")
2026/Jun/23 10:53:48.319126 USER GSM_Functions.ttcn3:422 f_extractJsonInt: Extracted number string '"2"' => integer 2
2026/Jun/23 10:53:48.319139 USER TC_26_8_1_3_3_1.ttcn3:167 TC_26_8_1_3_3_1: LU REQUEST bsc_slr=2
2026/Jun/23 10:53:48.319158 TIMEROP TC_26_8_1_3_3_1.ttcn3:169 Stop timer T_lu_wait: 45 s
2026/Jun/23 10:53:48.319175 USER TC_26_8_1_3_3_1.ttcn3:188 TC_26_8_1_3_3_1: Sending LU ACCEPT (lac=4242, tmsi=305419896)
2026/Jun/23 10:53:48.319199 PORTEVENT TC_26_8_1_3_3_1.ttcn3:189 Sent on MSC to system charstring : "{\"command\": \"CMD_SEND_LU_ACCEPT_CUSTOM\", \"params\": {\"bsc_slr\": 2, \"mcc\": \"901\", \"mnc\": \"70\", \"lac\": 4242, \"tmsi\": 305419896}}"
2026/Jun/23 10:53:48.319236 USER TC_26_8_1_3_3_1.ttcn3:189 MSC_Port: TX: {"command": "CMD_SEND_LU_ACCEPT_CUSTOM", "params": {"bsc_slr": 2, "mcc": "901", "mnc": "70", "lac": 4242, "tmsi": 305419896}}
2026/Jun/23 10:53:48.319245 TIMEROP TC_26_8_1_3_3_1.ttcn3:196 Start timer T_tmsi: 10 s
2026/Jun/23 10:53:48.820389 USER TC_26_8_1_3_3_1.ttcn3:197 MSC_Port: RX: {"status": "ok", "sent": true}
2026/Jun/23 10:53:48.820478 PORTEVENT TC_26_8_1_3_3_1.ttcn3:197 Message enqueued on MSC from system charstring : "{\"status\": \"ok\", \"sent\": true}" id 15
2026/Jun/23 10:53:48.820520 PORTEVENT TC_26_8_1_3_3_1.ttcn3:198 Receive operation on port MSC succeeded, message from system(): charstring : "{\"status\": \"ok\", \"sent\": true}" id 15
2026/Jun/23 10:53:48.820539 PORTEVENT TC_26_8_1_3_3_1.ttcn3:198 Message with id 15 was extracted from the queue of MSC.
2026/Jun/23 10:53:48.820698 USER TC_26_8_1_3_3_1.ttcn3:205 TC_26_8_1_3_3_1: (TMSI wait) ignoring: "{\"status\": \"ok\", \"sent\": true}"
2026/Jun/23 10:53:49.076160 USER TC_26_8_1_3_3_1.ttcn3:197 MSC_Port: RX: {"type": "EVENT_DTAP", "bsc_slr": 2, "pd": 5, "msg_type": 27}
2026/Jun/23 10:53:49.076226 PORTEVENT TC_26_8_1_3_3_1.ttcn3:197 Message enqueued on MSC from system charstring : "{\"type\": \"EVENT_DTAP\", \"bsc_slr\": 2, \"pd\": 5, \"msg_type\": 27}" id 16
2026/Jun/23 10:53:49.076255 PORTEVENT TC_26_8_1_3_3_1.ttcn3:198 Receive operation on port MSC succeeded, message from system(): charstring : "{\"type\": \"EVENT_DTAP\", \"bsc_slr\": 2, \"pd\": 5, \"msg_type\": 27}" id 16
2026/Jun/23 10:53:49.076273 PORTEVENT TC_26_8_1_3_3_1.ttcn3:198 Message with id 16 was extracted from the queue of MSC.
2026/Jun/23 10:53:49.076366 USER TC_26_8_1_3_3_1.ttcn3:205 TC_26_8_1_3_3_1: (TMSI wait) ignoring: "{\"type\": \"EVENT_DTAP\", \"bsc_slr\": 2, \"pd\": 5, \"msg_type\": 27}"
2026/Jun/23 10:53:49.076394 USER TC_26_8_1_3_3_1.ttcn3:197 MSC_Port: RX: {"type": "EVENT_TMSI_REALLOC_COMPLETE", "bsc_slr": 2}
2026/Jun/23 10:53:49.076405 PORTEVENT TC_26_8_1_3_3_1.ttcn3:197 Message enqueued on MSC from system charstring : "{\"type\": \"EVENT_TMSI_REALLOC_COMPLETE\", \"bsc_slr\": 2}" id 17
2026/Jun/23 10:53:49.076414 PORTEVENT TC_26_8_1_3_3_1.ttcn3:198 Receive operation on port MSC succeeded, message from system(): charstring : "{\"type\": \"EVENT_TMSI_REALLOC_COMPLETE\", \"bsc_slr\": 2}" id 17
2026/Jun/23 10:53:49.076420 PORTEVENT TC_26_8_1_3_3_1.ttcn3:198 Message with id 17 was extracted from the queue of MSC.
2026/Jun/23 10:53:49.076511 USER TC_26_8_1_3_3_1.ttcn3:205 TC_26_8_1_3_3_1: (TMSI wait) ignoring: "{\"type\": \"EVENT_TMSI_REALLOC_COMPLETE\", \"bsc_slr\": 2}"
2026/Jun/23 10:53:51.823033 USER TC_26_8_1_3_3_1.ttcn3:197 MSC_Port: RX: {"type": "HEARTBEAT"}
2026/Jun/23 10:53:51.823098 PORTEVENT TC_26_8_1_3_3_1.ttcn3:197 Message enqueued on MSC from system charstring : "{\"type\": \"HEARTBEAT\"}" id 18
2026/Jun/23 10:53:51.823121 PORTEVENT TC_26_8_1_3_3_1.ttcn3:198 Receive operation on port MSC succeeded, message from system(): charstring : "{\"type\": \"HEARTBEAT\"}" id 18
2026/Jun/23 10:53:51.823129 PORTEVENT TC_26_8_1_3_3_1.ttcn3:198 Message with id 18 was extracted from the queue of MSC.
2026/Jun/23 10:53:56.828028 USER TC_26_8_1_3_3_1.ttcn3:197 MSC_Port: RX: {"type": "HEARTBEAT"}
2026/Jun/23 10:53:56.828118 PORTEVENT TC_26_8_1_3_3_1.ttcn3:197 Message enqueued on MSC from system charstring : "{\"type\": \"HEARTBEAT\"}" id 19
2026/Jun/23 10:53:56.828149 PORTEVENT TC_26_8_1_3_3_1.ttcn3:198 Receive operation on port MSC succeeded, message from system(): charstring : "{\"type\": \"HEARTBEAT\"}" id 19
2026/Jun/23 10:53:56.828162 PORTEVENT TC_26_8_1_3_3_1.ttcn3:198 Message with id 19 was extracted from the queue of MSC.
2026/Jun/23 10:53:58.319266 TIMEROP TC_26_8_1_3_3_1.ttcn3:209 Timeout T_tmsi: 10 s
2026/Jun/23 10:53:58.319332 USER TC_26_8_1_3_3_1.ttcn3:210 TC_26_8_1_3_3_1: no TMSI REALLOC COMPLETE received (continuing)
2026/Jun/23 10:53:58.319373 PORTEVENT TC_26_8_1_3_3_1.ttcn3:215 Sent on MSC to system charstring : "{\"command\": \"CMD_SEND_CLEAR_CMD\", \"params\": {\"bsc_slr\": 2, \"cause\": 0}}"
2026/Jun/23 10:53:58.319459 USER TC_26_8_1_3_3_1.ttcn3:215 MSC_Port: TX: {"command": "CMD_SEND_CLEAR_CMD", "params": {"bsc_slr": 2, "cause": 0}}
2026/Jun/23 10:53:58.319470 TIMEROP TC_26_8_1_3_3_1.ttcn3:220 Start timer T_lu_drain: 5 s
2026/Jun/23 10:53:58.320254 USER TC_26_8_1_3_3_1.ttcn3:221 MSC_Port: RX: {"status": "ok"}
2026/Jun/23 10:53:58.320284 PORTEVENT TC_26_8_1_3_3_1.ttcn3:221 Message enqueued on MSC from system charstring : "{\"status\": \"ok\"}" id 20
2026/Jun/23 10:53:58.320301 PORTEVENT TC_26_8_1_3_3_1.ttcn3:222 Receive operation on port MSC succeeded, message from system(): charstring : "{\"status\": \"ok\"}" id 20
2026/Jun/23 10:53:58.320309 PORTEVENT TC_26_8_1_3_3_1.ttcn3:222 Message with id 20 was extracted from the queue of MSC.
2026/Jun/23 10:53:58.320356 USER TC_26_8_1_3_3_1.ttcn3:226 TC_26_8_1_3_3_1: (post-LU drain) "{\"status\": \"ok\"}"
2026/Jun/23 10:53:58.321601 USER TC_26_8_1_3_3_1.ttcn3:221 MSC_Port: RX: {"type": "EVENT_BSSMAP_CLEAR_COMPLETE", "bsc_slr": 2}
2026/Jun/23 10:53:58.321626 PORTEVENT TC_26_8_1_3_3_1.ttcn3:221 Message enqueued on MSC from system charstring : "{\"type\": \"EVENT_BSSMAP_CLEAR_COMPLETE\", \"bsc_slr\": 2}" id 21
2026/Jun/23 10:53:58.321637 PORTEVENT TC_26_8_1_3_3_1.ttcn3:222 Receive operation on port MSC succeeded, message from system(): charstring : "{\"type\": \"EVENT_BSSMAP_CLEAR_COMPLETE\", \"bsc_slr\": 2}" id 21
2026/Jun/23 10:53:58.321645 PORTEVENT TC_26_8_1_3_3_1.ttcn3:222 Message with id 21 was extracted from the queue of MSC.
2026/Jun/23 10:53:58.321677 USER TC_26_8_1_3_3_1.ttcn3:226 TC_26_8_1_3_3_1: (post-LU drain) "{\"type\": \"EVENT_BSSMAP_CLEAR_COMPLETE\", \"bsc_slr\": 2}"
2026/Jun/23 10:53:58.815836 USER TC_26_8_1_3_3_1.ttcn3:221 VTY_PT: Received data (buffered): 61 bytes
2026/Jun/23 10:54:02.324111 USER TC_26_8_1_3_3_1.ttcn3:221 MSC_Port: RX: {"type": "HEARTBEAT"}
2026/Jun/23 10:54:02.324207 PORTEVENT TC_26_8_1_3_3_1.ttcn3:221 Message enqueued on MSC from system charstring : "{\"type\": \"HEARTBEAT\"}" id 22
2026/Jun/23 10:54:02.324252 PORTEVENT TC_26_8_1_3_3_1.ttcn3:222 Receive operation on port MSC succeeded, message from system(): charstring : "{\"type\": \"HEARTBEAT\"}" id 22
2026/Jun/23 10:54:02.324272 PORTEVENT TC_26_8_1_3_3_1.ttcn3:222 Message with id 22 was extracted from the queue of MSC.
2026/Jun/23 10:54:03.319860 TIMEROP TC_26_8_1_3_3_1.ttcn3:230 Timeout T_lu_drain: 5 s
2026/Jun/23 10:54:03.319939 USER TC_26_8_1_3_3_1.ttcn3:231 TC_26_8_1_3_3_1: MS settled in idle-updated state with TMSI
2026/Jun/23 10:54:03.319983 USER GSM_Component_Definitions.ttcn3:455 VTY: Sending command: "show subscriber"
2026/Jun/23 10:54:03.320048 PORTEVENT GSM_Component_Definitions.ttcn3:456 Sent on VTY to system charstring : "show subscriber"
2026/Jun/23 10:54:03.320094 USER GSM_Component_Definitions.ttcn3:456 VTY_PT: Sending command: "show subscriber"
2026/Jun/23 10:54:03.520303 USER GSM_Component_Definitions.ttcn3:456 VTY_PT: Received response: 
% (MS 1)
% Trying to register with network International, 70...

% (MS 1)
% Power off!

% (MS 1)
% Trying to register with network International, 70...

% (MS 1)
% Trying to register with network International, 70...

% (MS 1)
% On Network, normal service: International, 70
show subscriber
Mobile Subscriber of MS '1':
 IMSI: 901700000000001
 Status: U1_UPDATED  IMSI attached  TMSI 0x12345678
         LAI: 901-70-4242  (International, 70)
 GPRS Status: GU0_NULL IMSI detached  PTMSI 0x12345678  PTMSI-sig 0x000000  RAI: invalid
  P-TMSI 0x00000000 Registered PLMN: MCC-MNC 901-70  (International, 70)
 Access barred cells: no
 Access classes: C0 C1 C2 C3 C4 C5 C6 C7 C8 C9 C10 C11 C12 C13 C14 C15

OsmocomBB(mobile)> 
OsmocomBB(mobile)> 
2026/Jun/23 10:54:03.520441 PORTEVENT GSM_Component_Definitions.ttcn3:456 Message enqueued on VTY from system charstring : "\r\n% (MS 1)\r\n% Trying to register with network International, 70...\r\n\r\n% (MS 1)\r\n% Power off!\r\n\r\n% (MS 1)\r\n% Trying to register with network International, 70...\r\n\r\n% (MS 1)\r\n% Trying to register with network International, 70...\r\n\r\n% (MS 1)\r\n% On Network, normal service: International, 70\r\nshow subscriber\r\nMobile Subscriber of MS '1':\r\n IMSI: 901700000000001\r\n Status: U1_UPDATED  IMSI attached  TMSI 0x12345678\r\n         LAI: 901-70-4242  (International, 70)\r\n GPRS Status: GU0_NULL IMSI detached  PTMSI 0x12345678  PTMSI-sig 0x000000  RAI: invalid\r\n  P-TMSI 0x00000000 Registered PLMN: MCC-MNC 901-70  (International, 70)\r\n Access barred cells: no\r\n Access classes: C0 C1 C2 C3 C4 C5 C6 C7 C8 C9 C10 C11 C12 C13 C14 C15\r\n\r\nOsmocomBB(mobile)> \r\nOsmocomBB(mobile)> " id 1
2026/Jun/23 10:54:03.520470 TIMEROP GSM_Component_Definitions.ttcn3:459 Start timer T_vty: 5 s
2026/Jun/23 10:54:03.520518 PORTEVENT GSM_Component_Definitions.ttcn3:462 Receive operation on port VTY succeeded, message from system(): charstring : "\r\n% (MS 1)\r\n% Trying to register with network International, 70...\r\n\r\n% (MS 1)\r\n% Power off!\r\n\r\n% (MS 1)\r\n% Trying to register with network International, 70...\r\n\r\n% (MS 1)\r\n% Trying to register with network International, 70...\r\n\r\n% (MS 1)\r\n% On Network, normal service: International, 70\r\nshow subscriber\r\nMobile Subscriber of MS '1':\r\n IMSI: 901700000000001\r\n Status: U1_UPDATED  IMSI attached  TMSI 0x12345678\r\n         LAI: 901-70-4242  (International, 70)\r\n GPRS Status: GU0_NULL IMSI detached  PTMSI 0x12345678  PTMSI-sig 0x000000  RAI: invalid\r\n  P-TMSI 0x00000000 Registered PLMN: MCC-MNC 901-70  (International, 70)\r\n Access barred cells: no\r\n Access classes: C0 C1 C2 C3 C4 C5 C6 C7 C8 C9 C10 C11 C12 C13 C14 C15\r\n\r\nOsmocomBB(mobile)> \r\nOsmocomBB(mobile)> " id 1
2026/Jun/23 10:54:03.520537 PORTEVENT GSM_Component_Definitions.ttcn3:462 Message with id 1 was extracted from the queue of VTY.
2026/Jun/23 10:54:03.520544 TIMEROP GSM_Component_Definitions.ttcn3:463 Stop timer T_vty: 5 s
2026/Jun/23 10:54:03.520549 USER GSM_Component_Definitions.ttcn3:464 VTY: Received response: "\r\n% (MS 1)\r\n% Trying to register with network International, 70...\r\n\r\n% (MS 1)\r\n% Power off!\r\n\r\n% (MS 1)\r\n% Trying to register with network International, 70...\r\n\r\n% (MS 1)\r\n% Trying to register with network International, 70...\r\n\r\n% (MS 1)\r\n% On Network, normal service: International, 70\r\nshow subscriber\r\nMobile Subscriber of MS '1':\r\n IMSI: 901700000000001\r\n Status: U1_UPDATED  IMSI attached  TMSI 0x12345678\r\n         LAI: 901-70-4242  (International, 70)\r\n GPRS Status: GU0_NULL IMSI detached  PTMSI 0x12345678  PTMSI-sig 0x000000  RAI: invalid\r\n  P-TMSI 0x00000000 Registered PLMN: MCC-MNC 901-70  (International, 70)\r\n Access barred cells: no\r\n Access classes: C0 C1 C2 C3 C4 C5 C6 C7 C8 C9 C10 C11 C12 C13 C14 C15\r\n\r\nOsmocomBB(mobile)> \r\nOsmocomBB(mobile)> "
2026/Jun/23 10:54:03.520586 USER TC_26_8_1_3_3_1.ttcn3:237 TC_26_8_1_3_3_1: subscriber state: "\r\n% (MS 1)\r\n% Trying to register with network International, 70...\r\n\r\n% (MS 1)\r\n% Power off!\r\n\r\n% (MS 1)\r\n% Trying to register with network International, 70...\r\n\r\n% (MS 1)\r\n% Trying to register with network International, 70...\r\n\r\n% (MS 1)\r\n% On Network, normal service: International, 70\r\nshow subscriber\r\nMobile Subscriber of MS '1':\r\n IMSI: 901700000000001\r\n Status: U1_UPDATED  IMSI attached  TMSI 0x12345678\r\n         LAI: 901-70-4242  (International, 70)\r\n GPRS Status: GU0_NULL IMSI detached  PTMSI 0x12345678  PTMSI-sig 0x000000  RAI: invalid\r\n  P-TMSI 0x00000000 Registered PLMN: MCC-MNC 901-70  (International, 70)\r\n Access barred cells: no\r\n Access classes: C0 C1 C2 C3 C4 C5 C6 C7 C8 C9 C10 C11 C12 C13 C14 C15\r\n\r\nOsmocomBB(mobile)> \r\nOsmocomBB(mobile)> "
2026/Jun/23 10:54:03.520616 TIMEROP TC_26_8_1_3_3_1.ttcn3:242 Start timer T_pre_page: 25 s
2026/Jun/23 10:54:07.329018 USER TC_26_8_1_3_3_1.ttcn3:242 MSC_Port: RX: {"type": "HEARTBEAT"}
2026/Jun/23 10:54:07.329081 PORTEVENT TC_26_8_1_3_3_1.ttcn3:242 Message enqueued on MSC from system charstring : "{\"type\": \"HEARTBEAT\"}" id 23
2026/Jun/23 10:54:09.052310 USER TC_26_8_1_3_3_1.ttcn3:242 L3_Port: Received 17 bytes
2026/Jun/23 10:54:09.052387 USER TC_26_8_1_3_3_1.ttcn3:242 L3_Port: RAW GSMTAP hdr->arfcn=0x4033 RxArfcn=0x4033 Uplink=1 Chan=3 Len=1
2026/Jun/23 10:54:09.052407 USER TC_26_8_1_3_3_1.ttcn3:242 L3_Port: RX: E5 
2026/Jun/23 10:54:09.052428 PORTEVENT TC_26_8_1_3_3_1.ttcn3:242 Message enqueued on L from system octetstring : 'E500005B56'O id 24
2026/Jun/23 10:54:09.052450 USER TC_26_8_1_3_3_1.ttcn3:242 L3_Port: Message delivered to TTCN-3
2026/Jun/23 10:54:09.142605 USER TC_26_8_1_3_3_1.ttcn3:242 L3_Port: Received 39 bytes
2026/Jun/23 10:54:09.142676 USER TC_26_8_1_3_3_1.ttcn3:242 L3_Port: RAW GSMTAP hdr->arfcn=0x4033 RxArfcn=0x4033 Uplink=1 Chan=135 Len=23
2026/Jun/23 10:54:09.142701 USER TC_26_8_1_3_3_1.ttcn3:242 L3_Port: RX: 0E 00 01 03 49 06 15 80 40 00 00 00 00 00 00 00 00 00 00 00 00 00 00 
2026/Jun/23 10:54:09.142725 PORTEVENT TC_26_8_1_3_3_1.ttcn3:242 Message enqueued on L from system octetstring : '0E00010349061580400000000000000000000000000000'O id 25
2026/Jun/23 10:54:09.142746 USER TC_26_8_1_3_3_1.ttcn3:242 L3_Port: Message delivered to TTCN-3
2026/Jun/23 10:54:09.287062 USER TC_26_8_1_3_3_1.ttcn3:242 L3_Port: Received 39 bytes
2026/Jun/23 10:54:09.287132 USER TC_26_8_1_3_3_1.ttcn3:242 L3_Port: RAW GSMTAP hdr->arfcn=0x4033 RxArfcn=0x4033 Uplink=1 Chan=7 Len=23
2026/Jun/23 10:54:09.287155 USER TC_26_8_1_3_3_1.ttcn3:242 L3_Port: RX: 01 3F 35 05 24 71 03 33 1F 01 05 F4 12 34 56 78 2B 2B 2B 2B 2B 2B 2B 
2026/Jun/23 10:54:09.287193 PORTEVENT TC_26_8_1_3_3_1.ttcn3:242 Message enqueued on L from system octetstring : '013F3505247103331F0105F4123456782B2B2B2B2B2B2B'O id 26
2026/Jun/23 10:54:09.287214 USER TC_26_8_1_3_3_1.ttcn3:242 L3_Port: Message delivered to TTCN-3
2026/Jun/23 10:54:09.755582 USER TC_26_8_1_3_3_1.ttcn3:242 L3_Port: Received 39 bytes
2026/Jun/23 10:54:09.755633 USER TC_26_8_1_3_3_1.ttcn3:242 L3_Port: RAW GSMTAP hdr->arfcn=0x4033 RxArfcn=0x4033 Uplink=1 Chan=7 Len=23
2026/Jun/23 10:54:09.755642 USER TC_26_8_1_3_3_1.ttcn3:242 L3_Port: RX: 03 21 01 2B 2B 2B 2B 2B 2B 2B 2B 2B 2B 2B 2B 2B 2B 2B 2B 2B 2B 2B 2B 
2026/Jun/23 10:54:09.755655 PORTEVENT TC_26_8_1_3_3_1.ttcn3:242 Message enqueued on L from system octetstring : '0321012B2B2B2B2B2B2B2B2B2B2B2B2B2B2B2B2B2B2B2B'O id 27
2026/Jun/23 10:54:09.755667 USER TC_26_8_1_3_3_1.ttcn3:242 L3_Port: Message delivered to TTCN-3
2026/Jun/23 10:54:09.756207 USER TC_26_8_1_3_3_1.ttcn3:242 L3_Port: Received 39 bytes
2026/Jun/23 10:54:09.756216 USER TC_26_8_1_3_3_1.ttcn3:242 L3_Port: RAW GSMTAP hdr->arfcn=0x4033 RxArfcn=0x4033 Uplink=1 Chan=7 Len=23
2026/Jun/23 10:54:09.756222 USER TC_26_8_1_3_3_1.ttcn3:242 L3_Port: RX: 01 53 01 2B 2B 2B 2B 2B 2B 2B 2B 2B 2B 2B 2B 2B 2B 2B 2B 2B 2B 2B 2B 
2026/Jun/23 10:54:09.756227 PORTEVENT TC_26_8_1_3_3_1.ttcn3:242 Message enqueued on L from system octetstring : '0153012B2B2B2B2B2B2B2B2B2B2B2B2B2B2B2B2B2B2B2B'O id 28
2026/Jun/23 10:54:09.756232 USER TC_26_8_1_3_3_1.ttcn3:242 L3_Port: Message delivered to TTCN-3
2026/Jun/23 10:54:12.334100 USER TC_26_8_1_3_3_1.ttcn3:242 MSC_Port: RX: {"type": "HEARTBEAT"}
2026/Jun/23 10:54:12.334175 PORTEVENT TC_26_8_1_3_3_1.ttcn3:242 Message enqueued on MSC from system charstring : "{\"type\": \"HEARTBEAT\"}" id 24
2026/Jun/23 10:54:17.339035 USER TC_26_8_1_3_3_1.ttcn3:242 MSC_Port: RX: {"type": "HEARTBEAT"}
2026/Jun/23 10:54:17.339107 PORTEVENT TC_26_8_1_3_3_1.ttcn3:242 Message enqueued on MSC from system charstring : "{\"type\": \"HEARTBEAT\"}" id 25
2026/Jun/23 10:54:22.344092 USER TC_26_8_1_3_3_1.ttcn3:242 MSC_Port: RX: {"type": "HEARTBEAT"}
2026/Jun/23 10:54:22.344160 PORTEVENT TC_26_8_1_3_3_1.ttcn3:242 Message enqueued on MSC from system charstring : "{\"type\": \"HEARTBEAT\"}" id 26
2026/Jun/23 10:54:27.349489 USER TC_26_8_1_3_3_1.ttcn3:242 MSC_Port: RX: {"type": "HEARTBEAT"}
2026/Jun/23 10:54:27.349561 PORTEVENT TC_26_8_1_3_3_1.ttcn3:242 Message enqueued on MSC from system charstring : "{\"type\": \"HEARTBEAT\"}" id 27
2026/Jun/23 10:54:28.520848 TIMEROP TC_26_8_1_3_3_1.ttcn3:242 Timeout T_pre_page: 25 s
2026/Jun/23 10:54:28.520908 USER TC_26_8_1_3_3_1.ttcn3:267 "*** Phase 2: [3] +PreEnterCCstateU9_32 " & char(0, 0, 32, 20) & " sending PAGING REQUEST ***"
2026/Jun/23 10:54:28.520952 PORTEVENT TC_26_8_1_3_3_1.ttcn3:270 Sent on MSC to system charstring : "{\"command\": \"CMD_SEND_PAGING\", \"params\": {\"imsi\": \"901700000000001\", \"lac\": 4242, \"cell_id\": 4242, \"tmsi\": 305419896}}"
2026/Jun/23 10:54:28.521013 USER TC_26_8_1_3_3_1.ttcn3:270 MSC_Port: TX: {"command": "CMD_SEND_PAGING", "params": {"imsi": "901700000000001", "lac": 4242, "cell_id": 4242, "tmsi": 305419896}}
2026/Jun/23 10:54:28.521023 USER TC_26_8_1_3_3_1.ttcn3:273 TC_26_8_1_3_3_1: PAGING REQUEST sent for TMSI=305419896
2026/Jun/23 10:54:28.521032 USER TC_26_8_1_3_3_1.ttcn3:276 TC_26_8_1_3_3_1: Waiting for paging response / new connection...
2026/Jun/23 10:54:28.521038 TIMEROP TC_26_8_1_3_3_1.ttcn3:278 Start timer T_paging_rsp: 30 s
2026/Jun/23 10:54:28.521051 PORTEVENT TC_26_8_1_3_3_1.ttcn3:280 Receive operation on port MSC succeeded, message from system(): charstring : "{\"type\": \"HEARTBEAT\"}" id 23
2026/Jun/23 10:54:28.521059 PORTEVENT TC_26_8_1_3_3_1.ttcn3:280 Message with id 23 was extracted from the queue of MSC.
2026/Jun/23 10:54:28.521166 PORTEVENT TC_26_8_1_3_3_1.ttcn3:280 Receive operation on port MSC succeeded, message from system(): charstring : "{\"type\": \"HEARTBEAT\"}" id 24
2026/Jun/23 10:54:28.521172 PORTEVENT TC_26_8_1_3_3_1.ttcn3:280 Message with id 24 was extracted from the queue of MSC.
2026/Jun/23 10:54:28.521252 PORTEVENT TC_26_8_1_3_3_1.ttcn3:280 Receive operation on port MSC succeeded, message from system(): charstring : "{\"type\": \"HEARTBEAT\"}" id 25
2026/Jun/23 10:54:28.521257 PORTEVENT TC_26_8_1_3_3_1.ttcn3:280 Message with id 25 was extracted from the queue of MSC.
2026/Jun/23 10:54:28.521343 PORTEVENT TC_26_8_1_3_3_1.ttcn3:280 Receive operation on port MSC succeeded, message from system(): charstring : "{\"type\": \"HEARTBEAT\"}" id 26
2026/Jun/23 10:54:28.521349 PORTEVENT TC_26_8_1_3_3_1.ttcn3:280 Message with id 26 was extracted from the queue of MSC.
2026/Jun/23 10:54:28.521411 PORTEVENT TC_26_8_1_3_3_1.ttcn3:280 Receive operation on port MSC succeeded, message from system(): charstring : "{\"type\": \"HEARTBEAT\"}" id 27
2026/Jun/23 10:54:28.521415 PORTEVENT TC_26_8_1_3_3_1.ttcn3:280 Message with id 27 was extracted from the queue of MSC.
2026/Jun/23 10:54:28.521681 USER TC_26_8_1_3_3_1.ttcn3:279 MSC_Port: RX: {"status": "ok", "sent": true}
2026/Jun/23 10:54:28.521693 PORTEVENT TC_26_8_1_3_3_1.ttcn3:279 Message enqueued on MSC from system charstring : "{\"status\": \"ok\", \"sent\": true}" id 28
2026/Jun/23 10:54:28.521700 PORTEVENT TC_26_8_1_3_3_1.ttcn3:280 Receive operation on port MSC succeeded, message from system(): charstring : "{\"status\": \"ok\", \"sent\": true}" id 28
2026/Jun/23 10:54:28.521704 PORTEVENT TC_26_8_1_3_3_1.ttcn3:280 Message with id 28 was extracted from the queue of MSC.
2026/Jun/23 10:54:28.521748 USER TC_26_8_1_3_3_1.ttcn3:305 TC_26_8_1_3_3_1: (paging wait) ignoring: "{\"status\": \"ok\", \"sent\": true}"
2026/Jun/23 10:54:30.028708 USER TC_26_8_1_3_3_1.ttcn3:279 MSC_Port: RX: {"type": "EVENT_PAGING_RESPONSE", "bsc_slr": 3, "msc_slr": 3, "cksn": 7, "mi_type": "tmsi", "tmsi": 305419896}
2026/Jun/23 10:54:30.028772 PORTEVENT TC_26_8_1_3_3_1.ttcn3:279 Message enqueued on MSC from system charstring : "{\"type\": \"EVENT_PAGING_RESPONSE\", \"bsc_slr\": 3, \"msc_slr\": 3, \"cksn\": 7, \"mi_type\": \"tmsi\", \"tmsi\": 305419896}" id 29
2026/Jun/23 10:54:30.028796 PORTEVENT TC_26_8_1_3_3_1.ttcn3:280 Receive operation on port MSC succeeded, message from system(): charstring : "{\"type\": \"EVENT_PAGING_RESPONSE\", \"bsc_slr\": 3, \"msc_slr\": 3, \"cksn\": 7, \"mi_type\": \"tmsi\", \"tmsi\": 305419896}" id 29
2026/Jun/23 10:54:30.028805 PORTEVENT TC_26_8_1_3_3_1.ttcn3:280 Message with id 29 was extracted from the queue of MSC.
2026/Jun/23 10:54:30.028929 USER GSM_Functions.ttcn3:365 f_extractJsonInt: Searching for key '"bsc_slr"' in JSON: "{\"type\": \"EVENT_PAGING_RESPONSE\", \"bsc_slr\": 3, \"msc_slr\": 3, \"cksn\": 7, \"mi_type\": \"tmsi\", \"tmsi\": 305419896}"
2026/Jun/23 10:54:30.028959 USER GSM_Functions.ttcn3:372 f_extractJsonInt: Found key at position 34 (pattern: "\"bsc_slr\":")
2026/Jun/23 10:54:30.028975 USER GSM_Functions.ttcn3:422 f_extractJsonInt: Extracted number string '"3"' => integer 3
2026/Jun/23 10:54:30.028983 USER TC_26_8_1_3_3_1.ttcn3:283 TC_26_8_1_3_3_1: PAGING RESPONSE received, bsc_slr=3
2026/Jun/23 10:54:30.028991 TIMEROP TC_26_8_1_3_3_1.ttcn3:285 Stop timer T_paging_rsp: 30 s
2026/Jun/23 10:54:30.029003 TIMEROP TC_26_8_1_3_3_1.ttcn3:318 Start timer T_page_settle: 1 s
2026/Jun/23 10:54:31.029016 TIMEROP TC_26_8_1_3_3_1.ttcn3:318 Timeout T_page_settle: 1 s
2026/Jun/23 10:54:31.029074 USER TC_26_8_1_3_3_1.ttcn3:323 "TC_26_8_1_3_3_1: [3b] +Ciphering_on(TCV_ch) " & char(0, 0, 32, 20) & " sending CIPHERING MODE COMMAND on SDCCH"
2026/Jun/23 10:54:31.029121 PORTEVENT TC_26_8_1_3_3_1.ttcn3:324 Sent on MSC to system charstring : "{\"command\": \"CMD_SEND_CIPHERING_MODE_COMMAND\", \"params\": {\"bsc_slr\": 3, \"cipher_mode\": 0}}"
2026/Jun/23 10:54:31.029180 USER TC_26_8_1_3_3_1.ttcn3:324 MSC_Port: TX: {"command": "CMD_SEND_CIPHERING_MODE_COMMAND", "params": {"bsc_slr": 3, "cipher_mode": 0}}
2026/Jun/23 10:54:31.029195 TIMEROP TC_26_8_1_3_3_1.ttcn3:330 Start timer T_ciph: 5 s
2026/Jun/23 10:54:31.029614 USER TC_26_8_1_3_3_1.ttcn3:331 MSC_Port: RX: {"status": "ok", "sent": true}
2026/Jun/23 10:54:31.029625 PORTEVENT TC_26_8_1_3_3_1.ttcn3:331 Message enqueued on MSC from system charstring : "{\"status\": \"ok\", \"sent\": true}" id 30
2026/Jun/23 10:54:31.029645 PORTEVENT TC_26_8_1_3_3_1.ttcn3:332 Receive operation on port MSC succeeded, message from system(): charstring : "{\"status\": \"ok\", \"sent\": true}" id 30
2026/Jun/23 10:54:31.029652 PORTEVENT TC_26_8_1_3_3_1.ttcn3:332 Message with id 30 was extracted from the queue of MSC.
2026/Jun/23 10:54:31.029721 USER TC_26_8_1_3_3_1.ttcn3:340 TC_26_8_1_3_3_1: (cipher wait) ignoring: "{\"status\": \"ok\", \"sent\": true}"
2026/Jun/23 10:54:31.154438 USER TC_26_8_1_3_3_1.ttcn3:331 MSC_Port: RX: {"type": "EVENT_CIPHERING_MODE_COMPLETE", "bsc_slr": 3, "mobile_identity": "17090300000000000000f0"}
2026/Jun/23 10:54:31.154499 PORTEVENT TC_26_8_1_3_3_1.ttcn3:331 Message enqueued on MSC from system charstring : "{\"type\": \"EVENT_CIPHERING_MODE_COMPLETE\", \"bsc_slr\": 3, \"mobile_identity\": \"17090300000000000000f0\"}" id 31
2026/Jun/23 10:54:31.154521 PORTEVENT TC_26_8_1_3_3_1.ttcn3:332 Receive operation on port MSC succeeded, message from system(): charstring : "{\"type\": \"EVENT_CIPHERING_MODE_COMPLETE\", \"bsc_slr\": 3, \"mobile_identity\": \"17090300000000000000f0\"}" id 31
2026/Jun/23 10:54:31.154530 PORTEVENT TC_26_8_1_3_3_1.ttcn3:332 Message with id 31 was extracted from the queue of MSC.
2026/Jun/23 10:54:31.154636 USER TC_26_8_1_3_3_1.ttcn3:335 TC_26_8_1_3_3_1: [3b] Ciphering mode complete received
2026/Jun/23 10:54:31.154645 TIMEROP TC_26_8_1_3_3_1.ttcn3:336 Stop timer T_ciph: 5 s
2026/Jun/23 10:54:31.154654 USER TC_26_8_1_3_3_1.ttcn3:363 TC_26_8_1_3_3_1: [3c] Sending CC SETUP WITH Signal_01 IE (MT call, TI=1) -> MS enters U9
2026/Jun/23 10:54:31.154666 PORTEVENT TC_26_8_1_3_3_1.ttcn3:364 Sent on MSC to system charstring : "{\"command\": \"CMD_SEND_CC_SETUP\", \"params\": {\"bsc_slr\": 3, \"ti_value\": 1, \"ti_flag\": 0, \"signal_ie\": 1}}"
2026/Jun/23 10:54:31.154702 USER TC_26_8_1_3_3_1.ttcn3:364 MSC_Port: TX: {"command": "CMD_SEND_CC_SETUP", "params": {"bsc_slr": 3, "ti_value": 1, "ti_flag": 0, "signal_ie": 1}}
2026/Jun/23 10:54:31.154710 USER TC_26_8_1_3_3_1.ttcn3:373 TC_26_8_1_3_3_1: [3d] Waiting for CC CALL CONFIRMED (MS enters U9)...
2026/Jun/23 10:54:31.154716 TIMEROP TC_26_8_1_3_3_1.ttcn3:375 Start timer T_cc_conf: 15 s
2026/Jun/23 10:54:31.155049 USER TC_26_8_1_3_3_1.ttcn3:376 MSC_Port: RX: {"status": "ok", "sent": true}
2026/Jun/23 10:54:31.155088 PORTEVENT TC_26_8_1_3_3_1.ttcn3:376 Message enqueued on MSC from system charstring : "{\"status\": \"ok\", \"sent\": true}" id 32
2026/Jun/23 10:54:31.155101 PORTEVENT TC_26_8_1_3_3_1.ttcn3:377 Receive operation on port MSC succeeded, message from system(): charstring : "{\"status\": \"ok\", \"sent\": true}" id 32
2026/Jun/23 10:54:31.155108 PORTEVENT TC_26_8_1_3_3_1.ttcn3:377 Message with id 32 was extracted from the queue of MSC.
2026/Jun/23 10:54:31.155195 USER TC_26_8_1_3_3_1.ttcn3:404 TC_26_8_1_3_3_1: (CC CONF wait) ignoring: "{\"status\": \"ok\", \"sent\": true}"
2026/Jun/23 10:54:31.534764 USER TC_26_8_1_3_3_1.ttcn3:376 VTY_PT: Received data (buffered): 41 bytes
2026/Jun/23 10:54:31.625215 USER TC_26_8_1_3_3_1.ttcn3:376 MSC_Port: RX: {"type": "EVENT_DTAP", "bsc_slr": 3, "pd": 3, "msg_type": 8}
2026/Jun/23 10:54:31.625279 PORTEVENT TC_26_8_1_3_3_1.ttcn3:376 Message enqueued on MSC from system charstring : "{\"type\": \"EVENT_DTAP\", \"bsc_slr\": 3, \"pd\": 3, \"msg_type\": 8}" id 33
2026/Jun/23 10:54:31.625302 PORTEVENT TC_26_8_1_3_3_1.ttcn3:377 Receive operation on port MSC succeeded, message from system(): charstring : "{\"type\": \"EVENT_DTAP\", \"bsc_slr\": 3, \"pd\": 3, \"msg_type\": 8}" id 33
2026/Jun/23 10:54:31.625310 PORTEVENT TC_26_8_1_3_3_1.ttcn3:377 Message with id 33 was extracted from the queue of MSC.
2026/Jun/23 10:54:31.625444 USER TC_26_8_1_3_3_1.ttcn3:404 TC_26_8_1_3_3_1: (CC CONF wait) ignoring: "{\"type\": \"EVENT_DTAP\", \"bsc_slr\": 3, \"pd\": 3, \"msg_type\": 8}"
2026/Jun/23 10:54:31.625464 USER TC_26_8_1_3_3_1.ttcn3:376 MSC_Port: RX: {"type": "EVENT_CC_CALL_CONFIRMED", "bsc_slr": 3, "ti_value": 1, "ti_flag": 1}
2026/Jun/23 10:54:31.625472 PORTEVENT TC_26_8_1_3_3_1.ttcn3:376 Message enqueued on MSC from system charstring : "{\"type\": \"EVENT_CC_CALL_CONFIRMED\", \"bsc_slr\": 3, \"ti_value\": 1, \"ti_flag\": 1}" id 34
2026/Jun/23 10:54:31.625489 PORTEVENT TC_26_8_1_3_3_1.ttcn3:377 Receive operation on port MSC succeeded, message from system(): charstring : "{\"type\": \"EVENT_CC_CALL_CONFIRMED\", \"bsc_slr\": 3, \"ti_value\": 1, \"ti_flag\": 1}" id 34
2026/Jun/23 10:54:31.625494 PORTEVENT TC_26_8_1_3_3_1.ttcn3:377 Message with id 34 was extracted from the queue of MSC.
2026/Jun/23 10:54:31.625568 USER TC_26_8_1_3_3_1.ttcn3:379 "TC_26_8_1_3_3_1: [3d] CC CALL CONFIRMED received " & char(0, 0, 32, 20) & " MS is in CC state U9"
2026/Jun/23 10:54:31.625580 TIMEROP TC_26_8_1_3_3_1.ttcn3:381 Stop timer T_cc_conf: 15 s
2026/Jun/23 10:54:31.625617 USER TC_26_8_1_3_3_1.ttcn3:452 *** Phase 3: [4] Waiting for CONNECT (Branch A, U8) or ALERTING (Branch B, U7) ***
2026/Jun/23 10:54:31.625622 USER TC_26_8_1_3_3_1.ttcn3:453 TC_26_8_1_3_3_1: Both branches are PASS per spec.
2026/Jun/23 10:54:31.625626 USER TC_26_8_1_3_3_1.ttcn3:454 TC_26_8_1_3_3_1: Branch A: ConnRcv(Connect_01(TI_01)) -> (P)
2026/Jun/23 10:54:31.625629 USER TC_26_8_1_3_3_1.ttcn3:455 TC_26_8_1_3_3_1: Branch B: AlertRcv(AlertingInd_02(TI_01)) -> (P)
2026/Jun/23 10:54:31.625635 TIMEROP TC_26_8_1_3_3_1.ttcn3:458 Start timer T_branch: 20 s
2026/Jun/23 10:54:33.157048 USER TC_26_8_1_3_3_1.ttcn3:459 MSC_Port: RX: {"type": "HEARTBEAT"}
2026/Jun/23 10:54:33.157116 PORTEVENT TC_26_8_1_3_3_1.ttcn3:459 Message enqueued on MSC from system charstring : "{\"type\": \"HEARTBEAT\"}" id 35
2026/Jun/23 10:54:33.157137 PORTEVENT TC_26_8_1_3_3_1.ttcn3:461 Receive operation on port MSC succeeded, message from system(): charstring : "{\"type\": \"HEARTBEAT\"}" id 35
2026/Jun/23 10:54:33.157146 PORTEVENT TC_26_8_1_3_3_1.ttcn3:461 Message with id 35 was extracted from the queue of MSC.
2026/Jun/23 10:54:33.794013 USER TC_26_8_1_3_3_1.ttcn3:459 MSC_Port: RX: {"type": "EVENT_DTAP", "bsc_slr": 3, "pd": 3, "msg_type": 1}
2026/Jun/23 10:54:33.794073 PORTEVENT TC_26_8_1_3_3_1.ttcn3:459 Message enqueued on MSC from system charstring : "{\"type\": \"EVENT_DTAP\", \"bsc_slr\": 3, \"pd\": 3, \"msg_type\": 1}" id 36
2026/Jun/23 10:54:33.794096 PORTEVENT TC_26_8_1_3_3_1.ttcn3:461 Receive operation on port MSC succeeded, message from system(): charstring : "{\"type\": \"EVENT_DTAP\", \"bsc_slr\": 3, \"pd\": 3, \"msg_type\": 1}" id 36
2026/Jun/23 10:54:33.794104 PORTEVENT TC_26_8_1_3_3_1.ttcn3:461 Message with id 36 was extracted from the queue of MSC.
2026/Jun/23 10:54:33.794282 USER TC_26_8_1_3_3_1.ttcn3:525 TC_26_8_1_3_3_1: (branch wait) ignoring: "{\"type\": \"EVENT_DTAP\", \"bsc_slr\": 3, \"pd\": 3, \"msg_type\": 1}"
2026/Jun/23 10:54:33.794304 USER TC_26_8_1_3_3_1.ttcn3:459 MSC_Port: RX: {"type": "EVENT_CC_ALERTING", "bsc_slr": 3, "ti_value": 1, "ti_flag": 1}
2026/Jun/23 10:54:33.794313 PORTEVENT TC_26_8_1_3_3_1.ttcn3:459 Message enqueued on MSC from system charstring : "{\"type\": \"EVENT_CC_ALERTING\", \"bsc_slr\": 3, \"ti_value\": 1, \"ti_flag\": 1}" id 37
2026/Jun/23 10:54:33.794321 PORTEVENT TC_26_8_1_3_3_1.ttcn3:461 Receive operation on port MSC succeeded, message from system(): charstring : "{\"type\": \"EVENT_CC_ALERTING\", \"bsc_slr\": 3, \"ti_value\": 1, \"ti_flag\": 1}" id 37
2026/Jun/23 10:54:33.794326 PORTEVENT TC_26_8_1_3_3_1.ttcn3:461 Message with id 37 was extracted from the queue of MSC.
2026/Jun/23 10:54:33.794400 USER TC_26_8_1_3_3_1.ttcn3:486 "TC_26_8_1_3_3_1: [4] Branch B: CC ALERTING received " & char(0, 0, 32, 20) & " MS entered U7 (P)"
2026/Jun/23 10:54:33.794416 USER GSM_Functions.ttcn3:365 f_extractJsonInt: Searching for key '"ti_value"' in JSON: "{\"type\": \"EVENT_CC_ALERTING\", \"bsc_slr\": 3, \"ti_value\": 1, \"ti_flag\": 1}"
2026/Jun/23 10:54:33.794437 USER GSM_Functions.ttcn3:372 f_extractJsonInt: Found key at position 44 (pattern: "\"ti_value\":")
2026/Jun/23 10:54:33.794453 USER GSM_Functions.ttcn3:422 f_extractJsonInt: Extracted number string '"1"' => integer 1
2026/Jun/23 10:54:33.794482 USER TC_26_8_1_3_3_1.ttcn3:489 "TC_26_8_1_3_3_1: [4] Branch B: TI=1 verified in ALERTING (TI_01) " & char(0, 0, 32, 20) & " PASS"
2026/Jun/23 10:54:33.794501 TIMEROP TC_26_8_1_3_3_1.ttcn3:500 Stop timer T_branch: 20 s
2026/Jun/23 10:54:33.794523 USER TC_26_8_1_3_3_1.ttcn3:567 "*** Phase 4: [5] +CCstatuschk_05(C_U7) " & char(0, 0, 32, 20) & " verifying MS in CC state U7 (Branch B) ***"
2026/Jun/23 10:54:33.794532 USER TC_26_8_1_3_3_1.ttcn3:573 TC_26_8_1_3_3_1: [5] Sending CC STATUS ENQUIRY (TI_02: ti_value=0, ti_flag=0)
2026/Jun/23 10:54:33.794542 PORTEVENT TC_26_8_1_3_3_1.ttcn3:574 Sent on MSC to system charstring : "{\"command\": \"CMD_SEND_CC_STATUS_ENQUIRY\", \"params\": {\"bsc_slr\": 3, \"ti_value\": 0, \"ti_flag\": 0}}"
2026/Jun/23 10:54:33.794584 USER TC_26_8_1_3_3_1.ttcn3:574 MSC_Port: TX: {"command": "CMD_SEND_CC_STATUS_ENQUIRY", "params": {"bsc_slr": 3, "ti_value": 0, "ti_flag": 0}}
2026/Jun/23 10:54:33.794592 TIMEROP TC_26_8_1_3_3_1.ttcn3:579 Start timer T_status: 5 s
2026/Jun/23 10:54:33.795012 USER TC_26_8_1_3_3_1.ttcn3:580 MSC_Port: RX: {"status": "ok", "sent": true}
2026/Jun/23 10:54:33.795039 PORTEVENT TC_26_8_1_3_3_1.ttcn3:580 Message enqueued on MSC from system charstring : "{\"status\": \"ok\", \"sent\": true}" id 38
2026/Jun/23 10:54:33.795050 PORTEVENT TC_26_8_1_3_3_1.ttcn3:581 Receive operation on port MSC succeeded, message from system(): charstring : "{\"status\": \"ok\", \"sent\": true}" id 38
2026/Jun/23 10:54:33.795056 PORTEVENT TC_26_8_1_3_3_1.ttcn3:581 Message with id 38 was extracted from the queue of MSC.
2026/Jun/23 10:54:33.795094 USER TC_26_8_1_3_3_1.ttcn3:596 TC_26_8_1_3_3_1: [5] (status wait) "{\"status\": \"ok\", \"sent\": true}"
2026/Jun/23 10:54:34.265282 USER TC_26_8_1_3_3_1.ttcn3:580 MSC_Port: RX: {"type": "EVENT_DTAP", "bsc_slr": 3, "pd": 3, "msg_type": 42}
2026/Jun/23 10:54:34.265349 PORTEVENT TC_26_8_1_3_3_1.ttcn3:580 Message enqueued on MSC from system charstring : "{\"type\": \"EVENT_DTAP\", \"bsc_slr\": 3, \"pd\": 3, \"msg_type\": 42}" id 39
2026/Jun/23 10:54:34.265372 PORTEVENT TC_26_8_1_3_3_1.ttcn3:581 Receive operation on port MSC succeeded, message from system(): charstring : "{\"type\": \"EVENT_DTAP\", \"bsc_slr\": 3, \"pd\": 3, \"msg_type\": 42}" id 39
2026/Jun/23 10:54:34.265380 PORTEVENT TC_26_8_1_3_3_1.ttcn3:581 Message with id 39 was extracted from the queue of MSC.
2026/Jun/23 10:54:34.265452 USER TC_26_8_1_3_3_1.ttcn3:596 TC_26_8_1_3_3_1: [5] (status wait) "{\"type\": \"EVENT_DTAP\", \"bsc_slr\": 3, \"pd\": 3, \"msg_type\": 42}"
2026/Jun/23 10:54:34.265476 USER TC_26_8_1_3_3_1.ttcn3:580 MSC_Port: RX: {"type": "EVENT_CC_RELEASE_COMPLETE", "bsc_slr": 3, "ti_value": 0, "ti_flag": 1, "cause": 81}
2026/Jun/23 10:54:34.265489 PORTEVENT TC_26_8_1_3_3_1.ttcn3:580 Message enqueued on MSC from system charstring : "{\"type\": \"EVENT_CC_RELEASE_COMPLETE\", \"bsc_slr\": 3, \"ti_value\": 0, \"ti_flag\": 1, \"cause\": 81}" id 40
2026/Jun/23 10:54:34.265498 PORTEVENT TC_26_8_1_3_3_1.ttcn3:581 Receive operation on port MSC succeeded, message from system(): charstring : "{\"type\": \"EVENT_CC_RELEASE_COMPLETE\", \"bsc_slr\": 3, \"ti_value\": 0, \"ti_flag\": 1, \"cause\": 81}" id 40
2026/Jun/23 10:54:34.265502 PORTEVENT TC_26_8_1_3_3_1.ttcn3:581 Message with id 40 was extracted from the queue of MSC.
2026/Jun/23 10:54:34.265545 USER TC_26_8_1_3_3_1.ttcn3:596 TC_26_8_1_3_3_1: [5] (status wait) "{\"type\": \"EVENT_CC_RELEASE_COMPLETE\", \"bsc_slr\": 3, \"ti_value\": 0, \"ti_flag\": 1, \"cause\": 81}"
2026/Jun/23 10:54:38.798909 TIMEROP TC_26_8_1_3_3_1.ttcn3:600 Timeout T_status: 5 s
2026/Jun/23 10:54:38.798969 USER TC_26_8_1_3_3_1.ttcn3:603 "TC_26_8_1_3_3_1: [5] +CCstatuschk_05 timeout " & char(0, 0, 32, 20) & " state inferred (infra adaptation)"
2026/Jun/23 10:54:38.799002 USER TC_26_8_1_3_3_1.ttcn3:622 "*** Phase 5: [6] +PostMainLinkRel " & char(0, 0, 32, 20) & " releasing SDCCH channel ***"
2026/Jun/23 10:54:38.799022 PORTEVENT TC_26_8_1_3_3_1.ttcn3:636 Sent on MSC to system charstring : "{\"command\": \"CMD_SEND_CLEAR_CMD\", \"params\": {\"bsc_slr\": 3, \"cause\": 0}}"
2026/Jun/23 10:54:38.799105 USER TC_26_8_1_3_3_1.ttcn3:636 MSC_Port: TX: {"command": "CMD_SEND_CLEAR_CMD", "params": {"bsc_slr": 3, "cause": 0}}
2026/Jun/23 10:54:38.799127 PORTEVENT TC_26_8_1_3_3_1.ttcn3:638 Sent on MSC to system charstring : "{\"command\": \"CLEAR\", \"params\": {}}"
2026/Jun/23 10:54:38.799135 USER TC_26_8_1_3_3_1.ttcn3:638 MSC_Port: TX: {"command": "CLEAR", "params": {}}
2026/Jun/23 10:54:38.799141 TIMEROP TC_26_8_1_3_3_1.ttcn3:641 Start timer T_final: 3 s
2026/Jun/23 10:54:38.799747 USER TC_26_8_1_3_3_1.ttcn3:642 MSC_Port: RX: {"status": "ok"}
2026/Jun/23 10:54:38.799773 PORTEVENT TC_26_8_1_3_3_1.ttcn3:642 Message enqueued on MSC from system charstring : "{\"status\": \"ok\"}" id 41
2026/Jun/23 10:54:38.799783 USER TC_26_8_1_3_3_1.ttcn3:642 MSC_Port: RX: {"status": "ok"}
2026/Jun/23 10:54:38.799788 PORTEVENT TC_26_8_1_3_3_1.ttcn3:642 Message enqueued on MSC from system charstring : "{\"status\": \"ok\"}" id 42
2026/Jun/23 10:54:38.799797 PORTEVENT TC_26_8_1_3_3_1.ttcn3:643 Receive operation on port MSC succeeded, message from system(): charstring : "{\"status\": \"ok\"}" id 41
2026/Jun/23 10:54:38.799805 PORTEVENT TC_26_8_1_3_3_1.ttcn3:643 Message with id 41 was extracted from the queue of MSC.
2026/Jun/23 10:54:38.799870 USER TC_26_8_1_3_3_1.ttcn3:647 TC_26_8_1_3_3_1: (final cleanup) "{\"status\": \"ok\"}"
2026/Jun/23 10:54:38.799884 PORTEVENT TC_26_8_1_3_3_1.ttcn3:643 Receive operation on port MSC succeeded, message from system(): charstring : "{\"status\": \"ok\"}" id 42
2026/Jun/23 10:54:38.799888 PORTEVENT TC_26_8_1_3_3_1.ttcn3:643 Message with id 42 was extracted from the queue of MSC.
2026/Jun/23 10:54:38.799902 USER TC_26_8_1_3_3_1.ttcn3:647 TC_26_8_1_3_3_1: (final cleanup) "{\"status\": \"ok\"}"
2026/Jun/23 10:54:38.839915 USER TC_26_8_1_3_3_1.ttcn3:642 MSC_Port: RX: {"type": "EVENT_BSSMAP_CLEAR_COMPLETE", "bsc_slr": 3}
2026/Jun/23 10:54:38.839979 PORTEVENT TC_26_8_1_3_3_1.ttcn3:642 Message enqueued on MSC from system charstring : "{\"type\": \"EVENT_BSSMAP_CLEAR_COMPLETE\", \"bsc_slr\": 3}" id 43
2026/Jun/23 10:54:38.840000 PORTEVENT TC_26_8_1_3_3_1.ttcn3:643 Receive operation on port MSC succeeded, message from system(): charstring : "{\"type\": \"EVENT_BSSMAP_CLEAR_COMPLETE\", \"bsc_slr\": 3}" id 43
2026/Jun/23 10:54:38.840008 PORTEVENT TC_26_8_1_3_3_1.ttcn3:643 Message with id 43 was extracted from the queue of MSC.
2026/Jun/23 10:54:38.840046 USER TC_26_8_1_3_3_1.ttcn3:647 TC_26_8_1_3_3_1: (final cleanup) "{\"type\": \"EVENT_BSSMAP_CLEAR_COMPLETE\", \"bsc_slr\": 3}"
2026/Jun/23 10:54:39.063045 USER TC_26_8_1_3_3_1.ttcn3:642 VTY_PT: Received data (buffered): 38 bytes
2026/Jun/23 10:54:39.800201 USER TC_26_8_1_3_3_1.ttcn3:642 MSC_Port: RX: {"type": "HEARTBEAT"}
2026/Jun/23 10:54:39.800265 PORTEVENT TC_26_8_1_3_3_1.ttcn3:642 Message enqueued on MSC from system charstring : "{\"type\": \"HEARTBEAT\"}" id 44
2026/Jun/23 10:54:39.800288 PORTEVENT TC_26_8_1_3_3_1.ttcn3:643 Receive operation on port MSC succeeded, message from system(): charstring : "{\"type\": \"HEARTBEAT\"}" id 44
2026/Jun/23 10:54:39.800297 PORTEVENT TC_26_8_1_3_3_1.ttcn3:643 Message with id 44 was extracted from the queue of MSC.
2026/Jun/23 10:54:40.618056 USER TC_26_8_1_3_3_1.ttcn3:642 VTY_PT: Received data (buffered): 61 bytes
2026/Jun/23 10:54:41.797561 USER TC_26_8_1_3_3_1.ttcn3:642 MSC_Port: RX: {"type": "EVENT_PAGING_RESPONSE", "bsc_slr": 4, "msc_slr": 4, "cksn": 7, "mi_type": "tmsi", "tmsi": 305419896}
2026/Jun/23 10:54:41.797628 PORTEVENT TC_26_8_1_3_3_1.ttcn3:642 Message enqueued on MSC from system charstring : "{\"type\": \"EVENT_PAGING_RESPONSE\", \"bsc_slr\": 4, \"msc_slr\": 4, \"cksn\": 7, \"mi_type\": \"tmsi\", \"tmsi\": 305419896}" id 45
2026/Jun/23 10:54:41.797655 PORTEVENT TC_26_8_1_3_3_1.ttcn3:643 Receive operation on port MSC succeeded, message from system(): charstring : "{\"type\": \"EVENT_PAGING_RESPONSE\", \"bsc_slr\": 4, \"msc_slr\": 4, \"cksn\": 7, \"mi_type\": \"tmsi\", \"tmsi\": 305419896}" id 45
2026/Jun/23 10:54:41.797665 PORTEVENT TC_26_8_1_3_3_1.ttcn3:643 Message with id 45 was extracted from the queue of MSC.
2026/Jun/23 10:54:41.797720 USER TC_26_8_1_3_3_1.ttcn3:647 TC_26_8_1_3_3_1: (final cleanup) "{\"type\": \"EVENT_PAGING_RESPONSE\", \"bsc_slr\": 4, \"msc_slr\": 4, \"cksn\": 7, \"mi_type\": \"tmsi\", \"tmsi\": 305419896}"
2026/Jun/23 10:54:41.799147 TIMEROP TC_26_8_1_3_3_1.ttcn3:651 Timeout T_final: 3 s
2026/Jun/23 10:54:41.799164 USER TC_26_8_1_3_3_1.ttcn3:671 ========== TEST SUMMARY ==========
2026/Jun/23 10:54:41.799174 USER TC_26_8_1_3_3_1.ttcn3:672 LU successful:               true
2026/Jun/23 10:54:41.799206 USER TC_26_8_1_3_3_1.ttcn3:673 Paging response (SDCCH):     true
2026/Jun/23 10:54:41.799212 USER TC_26_8_1_3_3_1.ttcn3:674 CC CALL CONFIRMED (U9):      true
2026/Jun/23 10:54:41.799217 USER TC_26_8_1_3_3_1.ttcn3:675 U9 state inferred:           true
2026/Jun/23 10:54:41.799223 USER TC_26_8_1_3_3_1.ttcn3:676 Branch A: CONNECT rcvd [4A]: false
2026/Jun/23 10:54:41.799228 USER TC_26_8_1_3_3_1.ttcn3:677 Branch B: ALERTING rcvd [4B]:true
2026/Jun/23 10:54:41.799234 USER TC_26_8_1_3_3_1.ttcn3:678 TI=1 verified (TI_01):       true
2026/Jun/23 10:54:41.799239 USER TC_26_8_1_3_3_1.ttcn3:679 Pass condition met:          true
2026/Jun/23 10:54:41.799246 USER TC_26_8_1_3_3_1.ttcn3:680 Total sub-tests:             1
2026/Jun/23 10:54:41.799257 USER TC_26_8_1_3_3_1.ttcn3:688 "TC_26_8_1_3_3_1: PASS " & char(0, 0, 32, 20) & " Branch B: MS sent ALERTING (TI_01) from U9 -> entered U7"
2026/Jun/23 10:54:41.799270 USER TC_26_8_1_3_3_1.ttcn3:689 TC_26_8_1_3_3_1: [4] AlertRcv(AlertingInd_02(TI_01)) -> verdict (P)
2026/Jun/23 10:54:41.799275 USER TC_26_8_1_3_3_1.ttcn3:690 TC_26_8_1_3_3_1: Comment 4: MS does not support immediate connect
2026/Jun/23 10:54:41.799283 USER TC_26_8_1_3_3_1.ttcn3:704 Total: 1 Passed: 1 Failed: 0
2026/Jun/23 10:54:41.799316 VERDICTOP TC_26_8_1_3_3_1.ttcn3:707 setverdict(pass): none -> pass
2026/Jun/23 10:54:41.799374 TIMEROP TC_26_8_1_3_3_1.ttcn3:713 Stop timer T_guard: 300 s
2026/Jun/23 10:54:41.799388 PARALLEL GSM_Component_Definitions.ttcn3:346 Unmapping port mtc:L from system:L.
2026/Jun/23 10:54:41.799439 USER GSM_Component_Definitions.ttcn3:346 L3_Port: Unmapping from L
2026/Jun/23 10:54:41.799472 PORTEVENT GSM_Component_Definitions.ttcn3:346 Port L was unmapped from system:L.
2026/Jun/23 10:54:41.799539 PARALLEL GSM_Component_Definitions.ttcn3:346 Unmap operation of mtc:L from system:L finished.
2026/Jun/23 10:54:41.799550 PARALLEL GSM_Component_Definitions.ttcn3:347 Unmapping port mtc:RR from system:RR.
2026/Jun/23 10:54:41.799585 PORTEVENT GSM_Component_Definitions.ttcn3:347 Port RR was unmapped from system:RR.
2026/Jun/23 10:54:41.799617 PARALLEL GSM_Component_Definitions.ttcn3:347 Unmap operation of mtc:RR from system:RR finished.
2026/Jun/23 10:54:41.799623 PARALLEL GSM_Component_Definitions.ttcn3:348 Unmapping port mtc:MM from system:MM.
2026/Jun/23 10:54:41.799652 PORTEVENT GSM_Component_Definitions.ttcn3:348 Port MM was unmapped from system:MM.
2026/Jun/23 10:54:41.799680 PARALLEL GSM_Component_Definitions.ttcn3:348 Unmap operation of mtc:MM from system:MM finished.
2026/Jun/23 10:54:41.799686 PARALLEL GSM_Component_Definitions.ttcn3:349 Unmapping port mtc:CC from system:CC.
2026/Jun/23 10:54:41.799716 PORTEVENT GSM_Component_Definitions.ttcn3:349 Port CC was unmapped from system:CC.
2026/Jun/23 10:54:41.799743 PARALLEL GSM_Component_Definitions.ttcn3:349 Unmap operation of mtc:CC from system:CC finished.
2026/Jun/23 10:54:41.799749 PARALLEL GSM_Component_Definitions.ttcn3:350 Unmapping port mtc:MSC from system:MSC.
2026/Jun/23 10:54:41.799778 USER GSM_Component_Definitions.ttcn3:350 MSC_Port: Unmapping from MSC
2026/Jun/23 10:54:41.799844 PORTEVENT GSM_Component_Definitions.ttcn3:350 Port MSC was unmapped from system:MSC.
2026/Jun/23 10:54:41.799882 PARALLEL GSM_Component_Definitions.ttcn3:350 Unmap operation of mtc:MSC from system:MSC finished.
2026/Jun/23 10:54:41.799889 PARALLEL GSM_Component_Definitions.ttcn3:351 Unmapping port mtc:VTY from system:VTY.
2026/Jun/23 10:54:41.799920 USER GSM_Component_Definitions.ttcn3:351 VTY_PT: Unmapping port from VTY interface
2026/Jun/23 10:54:41.799975 USER GSM_Component_Definitions.ttcn3:351 VTY_PT: Disconnected from VTY
2026/Jun/23 10:54:41.799991 PORTEVENT GSM_Component_Definitions.ttcn3:351 Port VTY was unmapped from system:VTY.
2026/Jun/23 10:54:41.800022 PARALLEL GSM_Component_Definitions.ttcn3:351 Unmap operation of mtc:VTY from system:VTY finished.
2026/Jun/23 10:54:41.800038 PARALLEL TC_26_8_1_3_3_1.ttcn3:714 Terminating component type GSM_Component_Definitions.GSM_CT.
2026/Jun/23 10:54:41.800058 USER TC_26_8_1_3_3_1.ttcn3:714 L3_Port: user_stop called
2026/Jun/23 10:54:41.800068 PORTEVENT TC_26_8_1_3_3_1.ttcn3:714 Message with id 1 was extracted from the queue of L.
2026/Jun/23 10:54:41.800073 PORTEVENT TC_26_8_1_3_3_1.ttcn3:714 Message with id 2 was extracted from the queue of L.
2026/Jun/23 10:54:41.800077 PORTEVENT TC_26_8_1_3_3_1.ttcn3:714 Message with id 3 was extracted from the queue of L.
2026/Jun/23 10:54:41.800080 PORTEVENT TC_26_8_1_3_3_1.ttcn3:714 Message with id 4 was extracted from the queue of L.
2026/Jun/23 10:54:41.800084 PORTEVENT TC_26_8_1_3_3_1.ttcn3:714 Message with id 5 was extracted from the queue of L.
2026/Jun/23 10:54:41.800087 PORTEVENT TC_26_8_1_3_3_1.ttcn3:714 Message with id 6 was extracted from the queue of L.
2026/Jun/23 10:54:41.800091 PORTEVENT TC_26_8_1_3_3_1.ttcn3:714 Message with id 7 was extracted from the queue of L.
2026/Jun/23 10:54:41.800094 PORTEVENT TC_26_8_1_3_3_1.ttcn3:714 Message with id 8 was extracted from the queue of L.
2026/Jun/23 10:54:41.800098 PORTEVENT TC_26_8_1_3_3_1.ttcn3:714 Message with id 9 was extracted from the queue of L.
2026/Jun/23 10:54:41.800101 PORTEVENT TC_26_8_1_3_3_1.ttcn3:714 Message with id 10 was extracted from the queue of L.
2026/Jun/23 10:54:41.800105 PORTEVENT TC_26_8_1_3_3_1.ttcn3:714 Message with id 11 was extracted from the queue of L.
2026/Jun/23 10:54:41.800109 PORTEVENT TC_26_8_1_3_3_1.ttcn3:714 Message with id 12 was extracted from the queue of L.
2026/Jun/23 10:54:41.800112 PORTEVENT TC_26_8_1_3_3_1.ttcn3:714 Message with id 13 was extracted from the queue of L.
2026/Jun/23 10:54:41.800115 PORTEVENT TC_26_8_1_3_3_1.ttcn3:714 Message with id 14 was extracted from the queue of L.
2026/Jun/23 10:54:41.800119 PORTEVENT TC_26_8_1_3_3_1.ttcn3:714 Message with id 15 was extracted from the queue of L.
2026/Jun/23 10:54:41.800122 PORTEVENT TC_26_8_1_3_3_1.ttcn3:714 Message with id 16 was extracted from the queue of L.
2026/Jun/23 10:54:41.800126 PORTEVENT TC_26_8_1_3_3_1.ttcn3:714 Message with id 17 was extracted from the queue of L.
2026/Jun/23 10:54:41.800130 PORTEVENT TC_26_8_1_3_3_1.ttcn3:714 Message with id 18 was extracted from the queue of L.
2026/Jun/23 10:54:41.800133 PORTEVENT TC_26_8_1_3_3_1.ttcn3:714 Message with id 19 was extracted from the queue of L.
2026/Jun/23 10:54:41.800137 PORTEVENT TC_26_8_1_3_3_1.ttcn3:714 Message with id 20 was extracted from the queue of L.
2026/Jun/23 10:54:41.800140 PORTEVENT TC_26_8_1_3_3_1.ttcn3:714 Message with id 21 was extracted from the queue of L.
2026/Jun/23 10:54:41.800143 PORTEVENT TC_26_8_1_3_3_1.ttcn3:714 Message with id 22 was extracted from the queue of L.
2026/Jun/23 10:54:41.800147 PORTEVENT TC_26_8_1_3_3_1.ttcn3:714 Message with id 23 was extracted from the queue of L.
2026/Jun/23 10:54:41.800151 PORTEVENT TC_26_8_1_3_3_1.ttcn3:714 Message with id 24 was extracted from the queue of L.
2026/Jun/23 10:54:41.800154 PORTEVENT TC_26_8_1_3_3_1.ttcn3:714 Message with id 25 was extracted from the queue of L.
2026/Jun/23 10:54:41.800157 PORTEVENT TC_26_8_1_3_3_1.ttcn3:714 Message with id 26 was extracted from the queue of L.
2026/Jun/23 10:54:41.800161 PORTEVENT TC_26_8_1_3_3_1.ttcn3:714 Message with id 27 was extracted from the queue of L.
2026/Jun/23 10:54:41.800165 PORTEVENT TC_26_8_1_3_3_1.ttcn3:714 Message with id 28 was extracted from the queue of L.
2026/Jun/23 10:54:41.800168 PORTEVENT TC_26_8_1_3_3_1.ttcn3:714 Port L was stopped.
2026/Jun/23 10:54:41.800183 PORTEVENT TC_26_8_1_3_3_1.ttcn3:714 Port RR was stopped.
2026/Jun/23 10:54:41.800194 PORTEVENT TC_26_8_1_3_3_1.ttcn3:714 Port MM was stopped.
2026/Jun/23 10:54:41.800202 PORTEVENT TC_26_8_1_3_3_1.ttcn3:714 Port CC was stopped.
2026/Jun/23 10:54:41.800210 USER TC_26_8_1_3_3_1.ttcn3:714 MSC_Port: user_stop called
2026/Jun/23 10:54:41.800217 PORTEVENT TC_26_8_1_3_3_1.ttcn3:714 Port MSC was stopped.
2026/Jun/23 10:54:41.800226 USER TC_26_8_1_3_3_1.ttcn3:714 BSC_Port: user_stop called
2026/Jun/23 10:54:41.800232 PORTEVENT TC_26_8_1_3_3_1.ttcn3:714 Port BSC was stopped.
2026/Jun/23 10:54:41.800236 PORTEVENT TC_26_8_1_3_3_1.ttcn3:714 Port RSL was stopped.
2026/Jun/23 10:54:41.800239 USER TC_26_8_1_3_3_1.ttcn3:714 VTY_PT: Stopping
2026/Jun/23 10:54:41.800245 PORTEVENT TC_26_8_1_3_3_1.ttcn3:714 Port VTY was stopped.
2026/Jun/23 10:54:41.800249 PORTEVENT TC_26_8_1_3_3_1.ttcn3:714 Port COORD was stopped.
2026/Jun/23 10:54:41.800252 PARALLEL TC_26_8_1_3_3_1.ttcn3:714 Component type GSM_Component_Definitions.GSM_CT was shut down inside testcase TC_26_8_1_3_3_1.
2026/Jun/23 10:54:41.800259 EXECUTOR TC_26_8_1_3_3_1.ttcn3:714 Waiting for PTCs to finish.
2026/Jun/23 10:54:41.800302 VERDICTOP TC_26_8_1_3_3_1.ttcn3:714 Setting final verdict of the test case.
2026/Jun/23 10:54:41.800344 VERDICTOP TC_26_8_1_3_3_1.ttcn3:714 Local verdict of MTC: pass
2026/Jun/23 10:54:41.800366 VERDICTOP TC_26_8_1_3_3_1.ttcn3:714 No PTCs were created.
2026/Jun/23 10:54:41.800377 TESTCASE TC_26_8_1_3_3_1.ttcn3:714 Test case TC_26_8_1_3_3_1 finished. Verdict: pass
2026/Jun/23 10:54:41.800582 STATISTICS - Verdict statistics: 0 none (0.00 %), 1 pass (100.00 %), 0 inconc (0.00 %), 0 fail (0.00 %), 0 error (0.00 %).
2026/Jun/23 10:54:41.800712 STATISTICS - Test execution summary: 1 test case was executed. Overall verdict: pass
2026/Jun/23 10:54:41.800726 EXECUTOR - Exit was requested from MC. Terminating MTC.
