/usr/local/bin/virtphy.real: option requires an argument -- 'd'
Mon Jun 15 07:22:36 2026 DVIRPHY virtphy.c:248 Virtual physical layer starting up...
Mon Jun 15 07:22:36 2026 DVIRPHY virtphy.c:257 Virtual physical layer ready, waiting for l23 app(s) on /tmp/osmocom_l2
Mon Jun 15 07:22:42 2026 DMAIN virt_l1_model.c:42 MS 0000: allocated
Mon Jun 15 07:22:42 2026 DL1C l1ctl_sock.c:138 Accepted client (fd=6) from server (fd=5)
Mon Jun 15 07:22:42 2026 DL1C l1ctl_sap.c:578 MS 0000: Tx L1CTL_RESET_CONF (reset_type: 1)
Mon Jun 15 07:22:42 2026 DL1C l1ctl_sap.c:578 MS 0000: Tx L1CTL_RESET_CONF (reset_type: 1)
Mon Jun 15 07:22:43 2026 DL1C l1ctl_sap.c:578 MS 0000: Tx L1CTL_RESET_CONF (reset_type: 1)
Mon Jun 15 07:22:44 2026 DL1C l1ctl_sap.c:578 MS 0000: Tx L1CTL_RESET_CONF (reset_type: 1)
Mon Jun 15 07:22:44 2026 DL1C l1ctl_sap.c:578 MS 0000: Tx L1CTL_RESET_CONF (reset_type: 1)
Mon Jun 15 07:22:45 2026 DL1C l1ctl_sap.c:578 MS 0000: Tx L1CTL_RESET_CONF (reset_type: 1)
Mon Jun 15 07:22:45 2026 DL1C l1ctl_sap.c:578 MS 0000: Tx L1CTL_RESET_CONF (reset_type: 1)
Mon Jun 15 07:22:46 2026 DL1C l1ctl_sap.c:578 MS 0000: Tx L1CTL_RESET_CONF (reset_type: 1)
Mon Jun 15 07:22:47 2026 DL1C l1ctl_sap.c:578 MS 0000: Tx L1CTL_RESET_CONF (reset_type: 1)
Mon Jun 15 07:22:47 2026 DL1C l1ctl_sap.c:578 MS 0000: Tx L1CTL_RESET_CONF (reset_type: 1)
Mon Jun 15 07:22:47 2026 DL1C virt_prim_fbsb.c:57 MS 0000: Rx L1CTL_FBSB_REQ (arfcn=51, flags=0x7)
Mon Jun 15 07:22:47 2026 DL1C virt_prim_fbsb.c:126 MS 0000: Tx L1CTL_FBSB_CONF (res: 0)
Mon Jun 15 07:22:48 2026 DL1C l1ctl_sap.c:472 MS 0000: Rx L1CTL_CCCH_MODE_REQ (mode=2)
Mon Jun 15 07:22:48 2026 DL1C l1ctl_sap.c:600 MS 0000: Tx L1CTL_CCCH_MODE_CONF (mode: 2)
Mon Jun 15 07:22:48 2026 DL1C l1ctl_sap.c:578 MS 0000: Tx L1CTL_RESET_CONF (reset_type: 1)
Mon Jun 15 07:22:48 2026 DL1C virt_prim_fbsb.c:57 MS 0000: Rx L1CTL_FBSB_REQ (arfcn=51, flags=0x7)
Mon Jun 15 07:22:48 2026 DL1C virt_prim_fbsb.c:126 MS 0000: Tx L1CTL_FBSB_CONF (res: 0)
Mon Jun 15 07:22:48 2026 DL1C l1ctl_sap.c:411 MS 0000: Rx L1CTL_PARAM_REQ (ta=0, tx_power=14)
Mon Jun 15 07:22:48 2026 DL1C virt_prim_rach.c:81 MS 0000: Rx L1CTL_RACH_REQ (ra=0x06, offset=11 combined=1)
Mon Jun 15 07:22:49 2026 DL1C virt_prim_rach.c:124 MS 0000: Tx L1CTL_RACH_CONF (fn: 433, arfcn: 51)
Mon Jun 15 07:22:49 2026 DL1C l1ctl_sap.c:411 MS 0000: Rx L1CTL_PARAM_REQ (ta=0, tx_power=14)
Mon Jun 15 07:22:49 2026 DL1C virt_prim_rach.c:81 MS 0000: Rx L1CTL_RACH_REQ (ra=0x08, offset=124 combined=1)
Mon Jun 15 07:22:49 2026 DL1C l1ctl_sap.c:578 MS 0000: Tx L1CTL_RESET_CONF (reset_type: 2)
Mon Jun 15 07:22:49 2026 DL1C l1ctl_sap.c:411 MS 0000: Rx L1CTL_PARAM_REQ (ta=0, tx_power=14)
Mon Jun 15 07:23:09 2026 DL1C l1ctl_sap.c:379 MS 0000: Rx L1CTL_DM_REL_REQ
Mon Jun 15 07:23:09 2026 DL1C l1ctl_sap.c:578 MS 0000: Tx L1CTL_RESET_CONF (reset_type: 1)
Mon Jun 15 07:23:09 2026 DL1C l1ctl_sap.c:578 MS 0000: Tx L1CTL_RESET_CONF (reset_type: 1)
Mon Jun 15 07:23:09 2026 DL1C virt_prim_fbsb.c:57 MS 0000: Rx L1CTL_FBSB_REQ (arfcn=51, flags=0x7)
Mon Jun 15 07:23:09 2026 DL1C virt_prim_fbsb.c:126 MS 0000: Tx L1CTL_FBSB_CONF (res: 0)
Mon Jun 15 07:23:09 2026 DL1C l1ctl_sap.c:526 MS 0000: Rx L1CTL_NEIGH_PM_REQ (list with 1 entries): IGNORED
Mon Jun 15 07:23:24 2026 DL1C l1ctl_sap.c:578 MS 0000: Tx L1CTL_RESET_CONF (reset_type: 1)
Mon Jun 15 07:23:24 2026 DL1C virt_prim_fbsb.c:57 MS 0000: Rx L1CTL_FBSB_REQ (arfcn=51, flags=0x7)
Mon Jun 15 07:23:24 2026 DL1C virt_prim_fbsb.c:126 MS 0000: Tx L1CTL_FBSB_CONF (res: 0)
Mon Jun 15 07:23:24 2026 DL1C l1ctl_sap.c:411 MS 0000: Rx L1CTL_PARAM_REQ (ta=0, tx_power=14)
Mon Jun 15 07:23:24 2026 DL1C virt_prim_rach.c:81 MS 0000: Rx L1CTL_RACH_REQ (ra=0x09, offset=11 combined=1)
Mon Jun 15 07:23:24 2026 DL1C virt_prim_rach.c:124 MS 0000: Tx L1CTL_RACH_CONF (fn: 8187, arfcn: 51)
Mon Jun 15 07:23:24 2026 DL1C l1ctl_sap.c:411 MS 0000: Rx L1CTL_PARAM_REQ (ta=0, tx_power=14)
Mon Jun 15 07:23:24 2026 DL1C virt_prim_rach.c:81 MS 0000: Rx L1CTL_RACH_REQ (ra=0x0b, offset=115 combined=1)
Mon Jun 15 07:23:24 2026 DL1C l1ctl_sap.c:578 MS 0000: Tx L1CTL_RESET_CONF (reset_type: 2)
Mon Jun 15 07:23:24 2026 DL1C l1ctl_sap.c:411 MS 0000: Rx L1CTL_PARAM_REQ (ta=0, tx_power=14)
Mon Jun 15 07:23:32 2026 DL1C l1ctl_sap.c:379 MS 0000: Rx L1CTL_DM_REL_REQ
Mon Jun 15 07:23:32 2026 DL1C l1ctl_sap.c:578 MS 0000: Tx L1CTL_RESET_CONF (reset_type: 1)
Mon Jun 15 07:23:32 2026 DL1C l1ctl_sap.c:578 MS 0000: Tx L1CTL_RESET_CONF (reset_type: 1)
Mon Jun 15 07:23:32 2026 DL1C virt_prim_fbsb.c:57 MS 0000: Rx L1CTL_FBSB_REQ (arfcn=51, flags=0x7)
Mon Jun 15 07:23:32 2026 DL1C virt_prim_fbsb.c:126 MS 0000: Tx L1CTL_FBSB_CONF (res: 0)
Mon Jun 15 07:23:32 2026 DL1C l1ctl_sap.c:526 MS 0000: Rx L1CTL_NEIGH_PM_REQ (list with 1 entries): IGNORED
Mon Jun 15 07:23:47 2026 DL1C l1ctl_sap.c:578 MS 0000: Tx L1CTL_RESET_CONF (reset_type: 1)
Mon Jun 15 07:23:47 2026 DL1C virt_prim_fbsb.c:57 MS 0000: Rx L1CTL_FBSB_REQ (arfcn=51, flags=0x7)
Mon Jun 15 07:23:47 2026 DL1C virt_prim_fbsb.c:126 MS 0000: Tx L1CTL_FBSB_CONF (res: 0)
Mon Jun 15 07:23:47 2026 DL1C l1ctl_sap.c:411 MS 0000: Rx L1CTL_PARAM_REQ (ta=0, tx_power=14)
Mon Jun 15 07:23:47 2026 DL1C virt_prim_rach.c:81 MS 0000: Rx L1CTL_RACH_REQ (ra=0x0a, offset=6 combined=1)
Mon Jun 15 07:23:47 2026 DL1C virt_prim_rach.c:124 MS 0000: Tx L1CTL_RACH_CONF (fn: 13127, arfcn: 51)
Mon Jun 15 07:23:47 2026 DL1C l1ctl_sap.c:411 MS 0000: Rx L1CTL_PARAM_REQ (ta=0, tx_power=14)
Mon Jun 15 07:23:47 2026 DL1C virt_prim_rach.c:81 MS 0000: Rx L1CTL_RACH_REQ (ra=0x04, offset=126 combined=1)
Mon Jun 15 07:23:47 2026 DL1C l1ctl_sap.c:578 MS 0000: Tx L1CTL_RESET_CONF (reset_type: 2)
Mon Jun 15 07:23:47 2026 DL1C l1ctl_sap.c:411 MS 0000: Rx L1CTL_PARAM_REQ (ta=0, tx_power=14)
Mon Jun 15 07:23:55 2026 DL1C l1ctl_sap.c:379 MS 0000: Rx L1CTL_DM_REL_REQ
Mon Jun 15 07:23:55 2026 DL1C l1ctl_sap.c:578 MS 0000: Tx L1CTL_RESET_CONF (reset_type: 1)
Mon Jun 15 07:23:55 2026 DL1C l1ctl_sap.c:578 MS 0000: Tx L1CTL_RESET_CONF (reset_type: 1)
Mon Jun 15 07:23:55 2026 DL1C virt_prim_fbsb.c:57 MS 0000: Rx L1CTL_FBSB_REQ (arfcn=51, flags=0x7)
Mon Jun 15 07:23:55 2026 DL1C virt_prim_fbsb.c:126 MS 0000: Tx L1CTL_FBSB_CONF (res: 0)
Mon Jun 15 07:23:55 2026 DL1C l1ctl_sap.c:526 MS 0000: Rx L1CTL_NEIGH_PM_REQ (list with 1 entries): IGNORED
Mon Jun 15 07:24:10 2026 DL1C l1ctl_sap.c:578 MS 0000: Tx L1CTL_RESET_CONF (reset_type: 1)
Mon Jun 15 07:24:10 2026 DL1C virt_prim_fbsb.c:57 MS 0000: Rx L1CTL_FBSB_REQ (arfcn=51, flags=0x7)
Mon Jun 15 07:24:10 2026 DL1C virt_prim_fbsb.c:126 MS 0000: Tx L1CTL_FBSB_CONF (res: 0)
Mon Jun 15 07:24:10 2026 DL1C l1ctl_sap.c:411 MS 0000: Rx L1CTL_PARAM_REQ (ta=0, tx_power=14)
Mon Jun 15 07:24:10 2026 DL1C virt_prim_rach.c:81 MS 0000: Rx L1CTL_RACH_REQ (ra=0x03, offset=1 combined=1)
Mon Jun 15 07:24:10 2026 DL1C virt_prim_rach.c:124 MS 0000: Tx L1CTL_RACH_CONF (fn: 18069, arfcn: 51)
Mon Jun 15 07:24:10 2026 DL1C l1ctl_sap.c:411 MS 0000: Rx L1CTL_PARAM_REQ (ta=0, tx_power=14)
Mon Jun 15 07:24:10 2026 DL1C virt_prim_rach.c:81 MS 0000: Rx L1CTL_RACH_REQ (ra=0x00, offset=120 combined=1)
Mon Jun 15 07:24:10 2026 DL1C l1ctl_sap.c:578 MS 0000: Tx L1CTL_RESET_CONF (reset_type: 2)
Mon Jun 15 07:24:10 2026 DL1C l1ctl_sap.c:411 MS 0000: Rx L1CTL_PARAM_REQ (ta=0, tx_power=14)
Mon Jun 15 07:24:12 2026 DL1C l1ctl_sap.c:379 MS 0000: Rx L1CTL_DM_REL_REQ
Mon Jun 15 07:24:12 2026 DL1C l1ctl_sap.c:578 MS 0000: Tx L1CTL_RESET_CONF (reset_type: 1)
Mon Jun 15 07:24:12 2026 DL1C l1ctl_sap.c:578 MS 0000: Tx L1CTL_RESET_CONF (reset_type: 1)
Mon Jun 15 07:24:12 2026 DL1C virt_prim_fbsb.c:57 MS 0000: Rx L1CTL_FBSB_REQ (arfcn=51, flags=0x7)
Mon Jun 15 07:24:12 2026 DL1C virt_prim_fbsb.c:126 MS 0000: Tx L1CTL_FBSB_CONF (res: 0)
Mon Jun 15 07:24:12 2026 DL1C l1ctl_sap.c:526 MS 0000: Rx L1CTL_NEIGH_PM_REQ (list with 1 entries): IGNORED
Mon Jun 15 07:24:16 2026 DL1C l1ctl_sap.c:578 MS 0000: Tx L1CTL_RESET_CONF (reset_type: 1)
Mon Jun 15 07:24:16 2026 DL1C virt_prim_fbsb.c:57 MS 0000: Rx L1CTL_FBSB_REQ (arfcn=51, flags=0x7)
Mon Jun 15 07:24:16 2026 DL1C virt_prim_fbsb.c:126 MS 0000: Tx L1CTL_FBSB_CONF (res: 0)
Mon Jun 15 07:24:16 2026 DL1C l1ctl_sap.c:411 MS 0000: Rx L1CTL_PARAM_REQ (ta=0, tx_power=14)
Mon Jun 15 07:24:16 2026 DL1C virt_prim_rach.c:81 MS 0000: Rx L1CTL_RACH_REQ (ra=0x1b, offset=1 combined=1)
Mon Jun 15 07:24:16 2026 DL1C virt_prim_rach.c:124 MS 0000: Tx L1CTL_RACH_CONF (fn: 19436, arfcn: 51)
Mon Jun 15 07:24:16 2026 DL1C l1ctl_sap.c:411 MS 0000: Rx L1CTL_PARAM_REQ (ta=0, tx_power=14)
Mon Jun 15 07:24:16 2026 DL1C virt_prim_rach.c:81 MS 0000: Rx L1CTL_RACH_REQ (ra=0x16, offset=120 combined=1)
Mon Jun 15 07:24:16 2026 DL1C l1ctl_sap.c:578 MS 0000: Tx L1CTL_RESET_CONF (reset_type: 2)
Mon Jun 15 07:24:16 2026 DL1C l1ctl_sap.c:411 MS 0000: Rx L1CTL_PARAM_REQ (ta=0, tx_power=14)
Mon Jun 15 07:24:22 2026 DL1C l1ctl_sap.c:379 MS 0000: Rx L1CTL_DM_REL_REQ
Mon Jun 15 07:24:22 2026 DL1C l1ctl_sap.c:578 MS 0000: Tx L1CTL_RESET_CONF (reset_type: 1)
Mon Jun 15 07:24:22 2026 DL1C l1ctl_sap.c:578 MS 0000: Tx L1CTL_RESET_CONF (reset_type: 1)
Mon Jun 15 07:24:22 2026 DL1C l1ctl_sap.c:578 MS 0000: Tx L1CTL_RESET_CONF (reset_type: 1)
Mon Jun 15 07:24:22 2026 DL1C l1ctl_sock.c:99 Failed to receive msg from l2. Connection will be closed.
Mon Jun 15 07:24:22 2026 DMAIN virt_l1_model.c:49 MS 0000: destroyed
Mon Jun 15 07:24:37 2026 DMAIN virt_l1_model.c:42 MS 0001: allocated
Mon Jun 15 07:24:37 2026 DL1C l1ctl_sock.c:138 Accepted client (fd=6) from server (fd=5)
Mon Jun 15 07:24:37 2026 DL1C l1ctl_sap.c:578 MS 0001: Tx L1CTL_RESET_CONF (reset_type: 1)
Mon Jun 15 07:24:37 2026 DL1C l1ctl_sap.c:578 MS 0001: Tx L1CTL_RESET_CONF (reset_type: 1)
Mon Jun 15 07:24:38 2026 DL1C l1ctl_sap.c:578 MS 0001: Tx L1CTL_RESET_CONF (reset_type: 1)
Mon Jun 15 07:24:38 2026 DL1C virt_prim_fbsb.c:57 MS 0001: Rx L1CTL_FBSB_REQ (arfcn=51, flags=0x7)
Mon Jun 15 07:24:38 2026 DL1C virt_prim_fbsb.c:126 MS 0001: Tx L1CTL_FBSB_CONF (res: 0)
Mon Jun 15 07:24:38 2026 DL1C l1ctl_sap.c:472 MS 0001: Rx L1CTL_CCCH_MODE_REQ (mode=2)
Mon Jun 15 07:24:38 2026 DL1C l1ctl_sap.c:600 MS 0001: Tx L1CTL_CCCH_MODE_CONF (mode: 2)
Mon Jun 15 07:24:39 2026 DL1C l1ctl_sap.c:578 MS 0001: Tx L1CTL_RESET_CONF (reset_type: 1)
Mon Jun 15 07:24:39 2026 DL1C virt_prim_fbsb.c:57 MS 0001: Rx L1CTL_FBSB_REQ (arfcn=51, flags=0x7)
Mon Jun 15 07:24:39 2026 DL1C virt_prim_fbsb.c:126 MS 0001: Tx L1CTL_FBSB_CONF (res: 0)
Mon Jun 15 07:24:40 2026 DL1C l1ctl_sap.c:411 MS 0001: Rx L1CTL_PARAM_REQ (ta=0, tx_power=14)
Mon Jun 15 07:24:40 2026 DL1C virt_prim_rach.c:81 MS 0001: Rx L1CTL_RACH_REQ (ra=0x0b, offset=10 combined=1)
Mon Jun 15 07:24:40 2026 DL1C virt_prim_rach.c:124 MS 0001: Tx L1CTL_RACH_CONF (fn: 24504, arfcn: 51)
Mon Jun 15 07:24:40 2026 DL1C l1ctl_sap.c:411 MS 0001: Rx L1CTL_PARAM_REQ (ta=0, tx_power=14)
Mon Jun 15 07:24:40 2026 DL1C virt_prim_rach.c:81 MS 0001: Rx L1CTL_RACH_REQ (ra=0x04, offset=119 combined=1)
Mon Jun 15 07:24:40 2026 DL1C l1ctl_sap.c:578 MS 0001: Tx L1CTL_RESET_CONF (reset_type: 2)
Mon Jun 15 07:24:40 2026 DL1C l1ctl_sap.c:411 MS 0001: Rx L1CTL_PARAM_REQ (ta=0, tx_power=14)
Mon Jun 15 07:24:47 2026 DL1C l1ctl_sap.c:379 MS 0001: Rx L1CTL_DM_REL_REQ
Mon Jun 15 07:24:47 2026 DL1C l1ctl_sap.c:578 MS 0001: Tx L1CTL_RESET_CONF (reset_type: 1)
Mon Jun 15 07:24:47 2026 DL1C l1ctl_sap.c:578 MS 0001: Tx L1CTL_RESET_CONF (reset_type: 1)
Mon Jun 15 07:24:47 2026 DL1C virt_prim_fbsb.c:57 MS 0001: Rx L1CTL_FBSB_REQ (arfcn=51, flags=0x7)
Mon Jun 15 07:24:47 2026 DL1C virt_prim_fbsb.c:126 MS 0001: Tx L1CTL_FBSB_CONF (res: 0)
Mon Jun 15 07:24:47 2026 DL1C l1ctl_sap.c:526 MS 0001: Rx L1CTL_NEIGH_PM_REQ (list with 1 entries): IGNORED
Mon Jun 15 07:25:02 2026 DL1C l1ctl_sap.c:578 MS 0001: Tx L1CTL_RESET_CONF (reset_type: 1)
Mon Jun 15 07:25:02 2026 DL1C virt_prim_fbsb.c:57 MS 0001: Rx L1CTL_FBSB_REQ (arfcn=51, flags=0x7)
Mon Jun 15 07:25:02 2026 DL1C virt_prim_fbsb.c:126 MS 0001: Tx L1CTL_FBSB_CONF (res: 0)
Mon Jun 15 07:25:02 2026 DL1C l1ctl_sap.c:411 MS 0001: Rx L1CTL_PARAM_REQ (ta=0, tx_power=14)
Mon Jun 15 07:25:02 2026 DL1C virt_prim_rach.c:81 MS 0001: Rx L1CTL_RACH_REQ (ra=0x04, offset=2 combined=1)
Mon Jun 15 07:25:02 2026 DL1C virt_prim_rach.c:124 MS 0001: Tx L1CTL_RACH_CONF (fn: 29443, arfcn: 51)
Mon Jun 15 07:25:02 2026 DL1C l1ctl_sap.c:411 MS 0001: Rx L1CTL_PARAM_REQ (ta=0, tx_power=14)
Mon Jun 15 07:25:02 2026 DL1C virt_prim_rach.c:81 MS 0001: Rx L1CTL_RACH_REQ (ra=0x0d, offset=120 combined=1)
Mon Jun 15 07:25:03 2026 DL1C l1ctl_sap.c:578 MS 0001: Tx L1CTL_RESET_CONF (reset_type: 2)
Mon Jun 15 07:25:03 2026 DL1C l1ctl_sap.c:411 MS 0001: Rx L1CTL_PARAM_REQ (ta=0, tx_power=14)
Mon Jun 15 07:25:23 2026 DL1C l1ctl_sap.c:379 MS 0001: Rx L1CTL_DM_REL_REQ
Mon Jun 15 07:25:23 2026 DL1C l1ctl_sap.c:578 MS 0001: Tx L1CTL_RESET_CONF (reset_type: 1)
Mon Jun 15 07:25:23 2026 DL1C l1ctl_sap.c:578 MS 0001: Tx L1CTL_RESET_CONF (reset_type: 1)
Mon Jun 15 07:25:23 2026 DL1C virt_prim_fbsb.c:57 MS 0001: Rx L1CTL_FBSB_REQ (arfcn=51, flags=0x7)
Mon Jun 15 07:25:23 2026 DL1C virt_prim_fbsb.c:126 MS 0001: Tx L1CTL_FBSB_CONF (res: 0)
Mon Jun 15 07:25:23 2026 DL1C l1ctl_sap.c:526 MS 0001: Rx L1CTL_NEIGH_PM_REQ (list with 1 entries): IGNORED
Mon Jun 15 07:25:38 2026 DL1C l1ctl_sap.c:578 MS 0001: Tx L1CTL_RESET_CONF (reset_type: 1)
Mon Jun 15 07:25:38 2026 DL1C virt_prim_fbsb.c:57 MS 0001: Rx L1CTL_FBSB_REQ (arfcn=51, flags=0x7)
Mon Jun 15 07:25:38 2026 DL1C virt_prim_fbsb.c:126 MS 0001: Tx L1CTL_FBSB_CONF (res: 0)
Mon Jun 15 07:25:38 2026 DL1C l1ctl_sap.c:411 MS 0001: Rx L1CTL_PARAM_REQ (ta=0, tx_power=14)
Mon Jun 15 07:25:38 2026 DL1C virt_prim_rach.c:81 MS 0001: Rx L1CTL_RACH_REQ (ra=0x03, offset=1 combined=1)
Mon Jun 15 07:25:38 2026 DL1C virt_prim_rach.c:124 MS 0001: Tx L1CTL_RACH_CONF (fn: 37196, arfcn: 51)
Mon Jun 15 07:25:38 2026 DL1C l1ctl_sap.c:411 MS 0001: Rx L1CTL_PARAM_REQ (ta=0, tx_power=14)
Mon Jun 15 07:25:38 2026 DL1C virt_prim_rach.c:81 MS 0001: Rx L1CTL_RACH_REQ (ra=0x01, offset=120 combined=1)
Mon Jun 15 07:25:38 2026 DL1C l1ctl_sap.c:578 MS 0001: Tx L1CTL_RESET_CONF (reset_type: 2)
Mon Jun 15 07:25:38 2026 DL1C l1ctl_sap.c:411 MS 0001: Rx L1CTL_PARAM_REQ (ta=0, tx_power=14)
Mon Jun 15 07:25:46 2026 DL1C l1ctl_sap.c:379 MS 0001: Rx L1CTL_DM_REL_REQ
Mon Jun 15 07:25:46 2026 DL1C l1ctl_sap.c:578 MS 0001: Tx L1CTL_RESET_CONF (reset_type: 1)
Mon Jun 15 07:25:46 2026 DL1C l1ctl_sap.c:578 MS 0001: Tx L1CTL_RESET_CONF (reset_type: 1)
Mon Jun 15 07:25:46 2026 DL1C virt_prim_fbsb.c:57 MS 0001: Rx L1CTL_FBSB_REQ (arfcn=51, flags=0x7)
Mon Jun 15 07:25:46 2026 DL1C virt_prim_fbsb.c:126 MS 0001: Tx L1CTL_FBSB_CONF (res: 0)
Mon Jun 15 07:25:46 2026 DL1C l1ctl_sap.c:526 MS 0001: Rx L1CTL_NEIGH_PM_REQ (list with 1 entries): IGNORED
Mon Jun 15 07:26:01 2026 DL1C l1ctl_sap.c:578 MS 0001: Tx L1CTL_RESET_CONF (reset_type: 1)
Mon Jun 15 07:26:01 2026 DL1C virt_prim_fbsb.c:57 MS 0001: Rx L1CTL_FBSB_REQ (arfcn=51, flags=0x7)
Mon Jun 15 07:26:01 2026 DL1C virt_prim_fbsb.c:126 MS 0001: Tx L1CTL_FBSB_CONF (res: 0)
Mon Jun 15 07:26:01 2026 DL1C l1ctl_sap.c:411 MS 0001: Rx L1CTL_PARAM_REQ (ta=0, tx_power=14)
Mon Jun 15 07:26:01 2026 DL1C virt_prim_rach.c:81 MS 0001: Rx L1CTL_RACH_REQ (ra=0x07, offset=2 combined=1)
Mon Jun 15 07:26:01 2026 DL1C virt_prim_rach.c:124 MS 0001: Tx L1CTL_RACH_CONF (fn: 42142, arfcn: 51)
Mon Jun 15 07:26:01 2026 DL1C l1ctl_sap.c:411 MS 0001: Rx L1CTL_PARAM_REQ (ta=0, tx_power=14)
Mon Jun 15 07:26:01 2026 DL1C virt_prim_rach.c:81 MS 0001: Rx L1CTL_RACH_REQ (ra=0x0f, offset=122 combined=1)
Mon Jun 15 07:26:01 2026 DL1C l1ctl_sap.c:578 MS 0001: Tx L1CTL_RESET_CONF (reset_type: 2)
Mon Jun 15 07:26:01 2026 DL1C l1ctl_sap.c:411 MS 0001: Rx L1CTL_PARAM_REQ (ta=0, tx_power=14)
Mon Jun 15 07:26:09 2026 DL1C l1ctl_sap.c:379 MS 0001: Rx L1CTL_DM_REL_REQ
Mon Jun 15 07:26:09 2026 DL1C l1ctl_sap.c:578 MS 0001: Tx L1CTL_RESET_CONF (reset_type: 1)
Mon Jun 15 07:26:09 2026 DL1C l1ctl_sap.c:578 MS 0001: Tx L1CTL_RESET_CONF (reset_type: 1)
Mon Jun 15 07:26:09 2026 DL1C virt_prim_fbsb.c:57 MS 0001: Rx L1CTL_FBSB_REQ (arfcn=51, flags=0x7)
Mon Jun 15 07:26:09 2026 DL1C virt_prim_fbsb.c:126 MS 0001: Tx L1CTL_FBSB_CONF (res: 0)
Mon Jun 15 07:26:09 2026 DL1C l1ctl_sap.c:526 MS 0001: Rx L1CTL_NEIGH_PM_REQ (list with 1 entries): IGNORED
Mon Jun 15 07:26:37 2026 DL1C l1ctl_sap.c:578 MS 0001: Tx L1CTL_RESET_CONF (reset_type: 1)
Mon Jun 15 07:26:37 2026 DL1C l1ctl_sock.c:99 Failed to receive msg from l2. Connection will be closed.
Mon Jun 15 07:26:37 2026 DMAIN virt_l1_model.c:49 MS 0001: destroyed
Mon Jun 15 07:26:58 2026 DMAIN virt_l1_model.c:42 MS 0002: allocated
Mon Jun 15 07:26:58 2026 DL1C l1ctl_sock.c:138 Accepted client (fd=6) from server (fd=5)
Mon Jun 15 07:26:58 2026 DL1C l1ctl_sap.c:578 MS 0002: Tx L1CTL_RESET_CONF (reset_type: 1)
Mon Jun 15 07:26:58 2026 DL1C l1ctl_sap.c:578 MS 0002: Tx L1CTL_RESET_CONF (reset_type: 1)
Mon Jun 15 07:26:58 2026 DL1C l1ctl_sap.c:578 MS 0002: Tx L1CTL_RESET_CONF (reset_type: 1)
Mon Jun 15 07:26:58 2026 DL1C virt_prim_fbsb.c:57 MS 0002: Rx L1CTL_FBSB_REQ (arfcn=51, flags=0x7)
Mon Jun 15 07:26:59 2026 DL1C virt_prim_fbsb.c:126 MS 0002: Tx L1CTL_FBSB_CONF (res: 0)
Mon Jun 15 07:26:59 2026 DL1C l1ctl_sap.c:472 MS 0002: Rx L1CTL_CCCH_MODE_REQ (mode=2)
Mon Jun 15 07:26:59 2026 DL1C l1ctl_sap.c:600 MS 0002: Tx L1CTL_CCCH_MODE_CONF (mode: 2)
Mon Jun 15 07:26:59 2026 DL1C l1ctl_sap.c:578 MS 0002: Tx L1CTL_RESET_CONF (reset_type: 1)
Mon Jun 15 07:26:59 2026 DL1C virt_prim_fbsb.c:57 MS 0002: Rx L1CTL_FBSB_REQ (arfcn=51, flags=0x7)
Mon Jun 15 07:26:59 2026 DL1C virt_prim_fbsb.c:126 MS 0002: Tx L1CTL_FBSB_CONF (res: 0)
Mon Jun 15 07:26:59 2026 DL1C l1ctl_sap.c:411 MS 0002: Rx L1CTL_PARAM_REQ (ta=0, tx_power=14)
Mon Jun 15 07:26:59 2026 DL1C virt_prim_rach.c:81 MS 0002: Rx L1CTL_RACH_REQ (ra=0x03, offset=11 combined=1)
Mon Jun 15 07:27:00 2026 DL1C virt_prim_rach.c:124 MS 0002: Tx L1CTL_RACH_CONF (fn: 54799, arfcn: 51)
Mon Jun 15 07:27:00 2026 DL1C l1ctl_sap.c:411 MS 0002: Rx L1CTL_PARAM_REQ (ta=0, tx_power=14)
Mon Jun 15 07:27:00 2026 DL1C virt_prim_rach.c:81 MS 0002: Rx L1CTL_RACH_REQ (ra=0x0b, offset=118 combined=1)
Mon Jun 15 07:27:00 2026 DL1C l1ctl_sap.c:578 MS 0002: Tx L1CTL_RESET_CONF (reset_type: 2)
Mon Jun 15 07:27:00 2026 DL1C l1ctl_sap.c:411 MS 0002: Rx L1CTL_PARAM_REQ (ta=0, tx_power=14)
Mon Jun 15 07:27:20 2026 DL1C l1ctl_sap.c:379 MS 0002: Rx L1CTL_DM_REL_REQ
Mon Jun 15 07:27:20 2026 DL1C l1ctl_sap.c:578 MS 0002: Tx L1CTL_RESET_CONF (reset_type: 1)
Mon Jun 15 07:27:20 2026 DL1C l1ctl_sap.c:578 MS 0002: Tx L1CTL_RESET_CONF (reset_type: 1)
Mon Jun 15 07:27:20 2026 DL1C virt_prim_fbsb.c:57 MS 0002: Rx L1CTL_FBSB_REQ (arfcn=51, flags=0x7)
Mon Jun 15 07:27:20 2026 DL1C virt_prim_fbsb.c:126 MS 0002: Tx L1CTL_FBSB_CONF (res: 0)
Mon Jun 15 07:27:20 2026 DL1C l1ctl_sap.c:526 MS 0002: Rx L1CTL_NEIGH_PM_REQ (list with 1 entries): IGNORED
Mon Jun 15 07:27:35 2026 DL1C l1ctl_sap.c:578 MS 0002: Tx L1CTL_RESET_CONF (reset_type: 1)
Mon Jun 15 07:27:35 2026 DL1C virt_prim_fbsb.c:57 MS 0002: Rx L1CTL_FBSB_REQ (arfcn=51, flags=0x7)
Mon Jun 15 07:27:35 2026 DL1C virt_prim_fbsb.c:126 MS 0002: Tx L1CTL_FBSB_CONF (res: 0)
Mon Jun 15 07:27:35 2026 DL1C l1ctl_sap.c:411 MS 0002: Rx L1CTL_PARAM_REQ (ta=0, tx_power=14)
Mon Jun 15 07:27:35 2026 DL1C virt_prim_rach.c:81 MS 0002: Rx L1CTL_RACH_REQ (ra=0x0b, offset=6 combined=1)
Mon Jun 15 07:27:35 2026 DL1C virt_prim_rach.c:124 MS 0002: Tx L1CTL_RACH_CONF (fn: 62548, arfcn: 51)
Mon Jun 15 07:27:35 2026 DL1C l1ctl_sap.c:411 MS 0002: Rx L1CTL_PARAM_REQ (ta=0, tx_power=14)
Mon Jun 15 07:27:35 2026 DL1C virt_prim_rach.c:81 MS 0002: Rx L1CTL_RACH_REQ (ra=0x00, offset=122 combined=1)
Mon Jun 15 07:27:35 2026 DL1C l1ctl_sap.c:578 MS 0002: Tx L1CTL_RESET_CONF (reset_type: 2)
Mon Jun 15 07:27:35 2026 DL1C l1ctl_sap.c:411 MS 0002: Rx L1CTL_PARAM_REQ (ta=0, tx_power=14)
Mon Jun 15 07:27:43 2026 DL1C l1ctl_sap.c:379 MS 0002: Rx L1CTL_DM_REL_REQ
Mon Jun 15 07:27:43 2026 DL1C l1ctl_sap.c:578 MS 0002: Tx L1CTL_RESET_CONF (reset_type: 1)
Mon Jun 15 07:27:43 2026 DL1C l1ctl_sap.c:578 MS 0002: Tx L1CTL_RESET_CONF (reset_type: 1)
Mon Jun 15 07:27:43 2026 DL1C virt_prim_fbsb.c:57 MS 0002: Rx L1CTL_FBSB_REQ (arfcn=51, flags=0x7)
Mon Jun 15 07:27:43 2026 DL1C virt_prim_fbsb.c:126 MS 0002: Tx L1CTL_FBSB_CONF (res: 0)
Mon Jun 15 07:27:43 2026 DL1C l1ctl_sap.c:526 MS 0002: Rx L1CTL_NEIGH_PM_REQ (list with 1 entries): IGNORED
Mon Jun 15 07:27:58 2026 DL1C l1ctl_sap.c:578 MS 0002: Tx L1CTL_RESET_CONF (reset_type: 1)
Mon Jun 15 07:27:58 2026 DL1C virt_prim_fbsb.c:57 MS 0002: Rx L1CTL_FBSB_REQ (arfcn=51, flags=0x7)
Mon Jun 15 07:27:58 2026 DL1C virt_prim_fbsb.c:126 MS 0002: Tx L1CTL_FBSB_CONF (res: 0)
Mon Jun 15 07:27:58 2026 DL1C l1ctl_sap.c:411 MS 0002: Rx L1CTL_PARAM_REQ (ta=0, tx_power=14)
Mon Jun 15 07:27:58 2026 DL1C virt_prim_rach.c:81 MS 0002: Rx L1CTL_RACH_REQ (ra=0x03, offset=8 combined=1)
Mon Jun 15 07:27:58 2026 DL1C virt_prim_rach.c:124 MS 0002: Tx L1CTL_RACH_CONF (fn: 67495, arfcn: 51)
Mon Jun 15 07:27:58 2026 DL1C l1ctl_sap.c:411 MS 0002: Rx L1CTL_PARAM_REQ (ta=0, tx_power=14)
Mon Jun 15 07:27:58 2026 DL1C virt_prim_rach.c:81 MS 0002: Rx L1CTL_RACH_REQ (ra=0x0f, offset=118 combined=1)
Mon Jun 15 07:27:58 2026 DL1C l1ctl_sap.c:578 MS 0002: Tx L1CTL_RESET_CONF (reset_type: 2)
Mon Jun 15 07:27:58 2026 DL1C l1ctl_sap.c:411 MS 0002: Rx L1CTL_PARAM_REQ (ta=0, tx_power=14)
Mon Jun 15 07:28:06 2026 DL1C l1ctl_sap.c:379 MS 0002: Rx L1CTL_DM_REL_REQ
Mon Jun 15 07:28:06 2026 DL1C l1ctl_sap.c:578 MS 0002: Tx L1CTL_RESET_CONF (reset_type: 1)
Mon Jun 15 07:28:06 2026 DL1C l1ctl_sap.c:578 MS 0002: Tx L1CTL_RESET_CONF (reset_type: 1)
Mon Jun 15 07:28:06 2026 DL1C virt_prim_fbsb.c:57 MS 0002: Rx L1CTL_FBSB_REQ (arfcn=51, flags=0x7)
Mon Jun 15 07:28:06 2026 DL1C virt_prim_fbsb.c:126 MS 0002: Tx L1CTL_FBSB_CONF (res: 0)
Mon Jun 15 07:28:06 2026 DL1C l1ctl_sap.c:526 MS 0002: Rx L1CTL_NEIGH_PM_REQ (list with 1 entries): IGNORED
Mon Jun 15 07:28:21 2026 DL1C l1ctl_sap.c:578 MS 0002: Tx L1CTL_RESET_CONF (reset_type: 1)
Mon Jun 15 07:28:21 2026 DL1C virt_prim_fbsb.c:57 MS 0002: Rx L1CTL_FBSB_REQ (arfcn=51, flags=0x7)
Mon Jun 15 07:28:21 2026 DL1C virt_prim_fbsb.c:126 MS 0002: Tx L1CTL_FBSB_CONF (res: 0)
Mon Jun 15 07:28:21 2026 DL1C l1ctl_sap.c:411 MS 0002: Rx L1CTL_PARAM_REQ (ta=0, tx_power=14)
Mon Jun 15 07:28:21 2026 DL1C virt_prim_rach.c:81 MS 0002: Rx L1CTL_RACH_REQ (ra=0x0f, offset=7 combined=1)
Mon Jun 15 07:28:21 2026 DL1C virt_prim_rach.c:124 MS 0002: Tx L1CTL_RACH_CONF (fn: 72441, arfcn: 51)
Mon Jun 15 07:28:21 2026 DL1C l1ctl_sap.c:411 MS 0002: Rx L1CTL_PARAM_REQ (ta=0, tx_power=14)
Mon Jun 15 07:28:21 2026 DL1C virt_prim_rach.c:81 MS 0002: Rx L1CTL_RACH_REQ (ra=0x04, offset=120 combined=1)
Mon Jun 15 07:28:21 2026 DL1C l1ctl_sap.c:578 MS 0002: Tx L1CTL_RESET_CONF (reset_type: 2)
Mon Jun 15 07:28:21 2026 DL1C l1ctl_sap.c:411 MS 0002: Rx L1CTL_PARAM_REQ (ta=0, tx_power=14)
Mon Jun 15 07:28:22 2026 DL1C l1ctl_sap.c:379 MS 0002: Rx L1CTL_DM_REL_REQ
Mon Jun 15 07:28:22 2026 DL1C l1ctl_sap.c:578 MS 0002: Tx L1CTL_RESET_CONF (reset_type: 1)
Mon Jun 15 07:28:22 2026 DL1C l1ctl_sap.c:578 MS 0002: Tx L1CTL_RESET_CONF (reset_type: 1)
Mon Jun 15 07:28:22 2026 DL1C virt_prim_fbsb.c:57 MS 0002: Rx L1CTL_FBSB_REQ (arfcn=51, flags=0x7)
Mon Jun 15 07:28:23 2026 DL1C virt_prim_fbsb.c:126 MS 0002: Tx L1CTL_FBSB_CONF (res: 0)
Mon Jun 15 07:28:23 2026 DL1C l1ctl_sap.c:526 MS 0002: Rx L1CTL_NEIGH_PM_REQ (list with 1 entries): IGNORED
