[run-one] Namespace : gsm-11
[run-one] Tests     : TC_26_6_5_2_1
[run-one] Results   : results/week05/run20260626-102105-N8/ns-3/TC_26_6_5_2_1
[run-one] INFO  Images already in local registry.
[run-one] INFO  Installing Helm release gsm-11 from /work/gouri.naik/sampige-scaling-intern-2026/refs/osmocom-demo/k8s/chart ...
Release "gsm-11" does not exist. Installing it now.
NAME: gsm-11
LAST DEPLOYED: Fri Jun 26 15:56:56 2026
NAMESPACE: gsm-11
STATUS: deployed
REVISION: 1
TEST SUITE: None
[run-one] INFO  Waiting up to 240s for Deployments to be Ready...
  Not ready: msc-test-stub//1
osmo-bsc//1
osmo-bts-virtual//1
osmo-hlr//1
osmo-mgw//1
osmo-mobile//1
osmo-stp//1
virtphy//1
  Not ready: msc-test-stub//1
osmo-bsc//1
osmo-bts-virtual//1
osmo-hlr//1
osmo-mgw//1
osmo-mobile//1
osmo-stp//1
virtphy//1
  Not ready: msc-test-stub//1
osmo-bsc//1
osmo-hlr//1
osmo-mobile//1
osmo-stp//1
virtphy//1
  Not ready: msc-test-stub//1
osmo-mobile//1
  Not ready: msc-test-stub//1
osmo-mobile//1
  Not ready: osmo-mobile//1
  Not ready: osmo-mobile//1
[run-one] INFO  All Deployments ready.
[run-one] INFO  Waiting up to 300s for MS to camp on cell (MM_EVENT_CELL_SELECTED)...
[run-one] INFO  MS camped on cell.
[run-one] INFO  Waiting up to 60s for osmo-mobile VTY (port 4247)...
[run-one] INFO  osmo-mobile VTY ready.
[run-one] INFO  Waiting up to 120s for boot LU (BSC_SLR=0x000001) to clear...
[run-one] INFO  Boot LU CLEAR REQUEST seen — draining msc-stub event buffer...
msc-stub buffer drained
[run-one] INFO  MSC stub buffer drained — namespace ready for test.
[run-one] INFO  Running TC_26_6_5_2_1 as Job ttcn3-tc-26-6-5-2-1-1...
[run-one] FAIL  TC_26_6_5_2_1: INCONCLUSIVE
=====================================================
 TTCN-3 k8s Run Summary
 Namespace : gsm-11
 Timestamp : 20260626-102655
=====================================================
  TC_26_6_5_2_1                            INCONCLUSIVE
-----------------------------------------------------
  PASS: 0   FAIL: 0   INCONCLUSIVE: 1
=====================================================
[run-one] INFO  Done. Results: results/week05/run20260626-102105-N8/ns-3/TC_26_6_5_2_1
[run-one] INFO  Teardown: uninstalling Helm release gsm-11...
release "gsm-11" uninstalled
[run-one] INFO  Teardown: deleting namespace gsm-11...
namespace "gsm-11" deleted
{
  "namespaces": [
    {
      "namespace": "gsm-11",
      "bringup_s": 81.373,
      "testing_s": 32.013,
      "teardown_s": 85.442,
      "total_s": 198.829,
      "verdicts": [
        {
          "tc_name": "TC_26_6_5_2_1",
          "verdict": "INCONCLUSIVE"
        }
      ],
      "pass": 0,
      "fail": 0,
      "inconclusive": 1
    }
  ],
  "T_suite_s": 198.829,
  "N": 1,
  "pass": 0,
  "fail": 0,
  "inconclusive": 1,
  "test_durations": [
    {
      "namespace": "gsm-11",
      "tc_name": "TC_26_6_5_2_1",
      "duration_s": 32.001,
      "verdict": "INCONCLUSIVE"
    }
  ],
  "pods": {
    "total_restarts": 0,
    "oom_kills": 0
  },
  "S": null,
  "E": null
}
