2026/Jun/26 14:49:05.823104 EXECUTOR - TTCN-3 Host Controller started on ttcn3-tc-26-7-4-3-2-1-ppxjw. Version: 11.1.0.
2026/Jun/26 14:49:05.823266 EXECUTOR - TTCN Logger v2.2 options: TimeStampFormat:=DateTime; LogEntityName:=No; LogEventTypes:=Yes; SourceInfoFormat:=Single; LogSensitiveData:=No; *.FileMask:=LOG_ALL; *.ConsoleMask:=ERROR | TESTCASE | USER | VERDICTOP | WARNING; LogFileSize:=0; LogFileNumber:=1; DiskFullAction:=Error
2026/Jun/26 14:49:05.823277 EXECUTOR - Maximum number of open file descriptors: 1048576,   FD_SETSIZE = 1024
2026/Jun/26 14:49:05.823410 WARNING - Warning: The address of MC was set to a local IP address. This may cause incorrect behavior if a HC from a remote host also connects to MC.
2026/Jun/26 14:49:05.823446 EXECUTOR - The address of MC was set to 127.0.0.1:0.
2026/Jun/26 14:49:05.823564 EXECUTOR - Connected to MC.
2026/Jun/26 14:49:05.823658 EXECUTOR - This host supports UNIX domain sockets for local communication.
2026/Jun/26 14:49:05.823862 EXECUTOR - Processing configuration data received from MC.
2026/Jun/26 14:49:05.824105 WARNING - Warning: Skeleton `/results/TC_26_7_4_3_2-2026-06-26-144904/%n.log' does not guarantee unique log file name for every test system process. It may cause unpredictable results if several test components try to write into the same log file.
2026/Jun/26 14:49:05.840449 EXECUTOR - Module GSM_Constants has the following parameters: { TSPC_Serv_TS11 := true, TSPC_Serv_TS61 := false, TSPC_Serv_TS62 := false, TSPC_Serv_BS21 := false, TSPC_Serv_BS22 := false, TSPC_Serv_BS24 := false, TSPC_Serv_BS25 := false, TSPC_Serv_BS26 := false, TSPC_Serv_BS31 := false, TSPC_Serv_BS32 := false, TSPC_Serv_BS33 := false, TSPC_Serv_BS34 := false, TSPC_Serv_BS41 := false, TSPC_Serv_BS42 := false, TSPC_Serv_BS43 := false, TSPC_Serv_BS44 := false, TSPC_Serv_BS45 := false, TSPC_Serv_BS51 := false, TSPC_Serv_BS61 := false, TSPC_Serv_BS81 := false, TSPC_DualRate := false, TSPC_MTsvc := true, TSPX_IMSI := '901700000000001F'O, TSPX_TMSI := '1914D97F'O, TSPX_CKSNDef := 0, TSPX_RANDDef := '00112233445566778899AABBCCDDEEFF'O, TSPX_SRES := '12345678'O, TSPX_Kc := '0000000000000000'O, TSPX_SDCCH4SubDef := 0, TSPX_TmSltDef := 0, TSPX_TscDef := 7, TSPX_TCHHSubDef := 0, TCV_CC := true, TSPX_Telephony_Rate := C_Full (0), TSPX_MOBscSvcA := C_Telephony (0), TSPX_MOBscSvcB := C_Telephony (0), TSPX_MOBscSvcC := C_Telephony (0), TSPX_MOBscSvcD := C_Telephony (0), TSPX_MOBscSvcE := C_Telephony (0), TSPX_MOBscSvcF := C_Telephony (0), TSPX_MOBscSvcG := C_Telephony (0), TSPX_MOChRateA := C_Full (0), TSPX_MOChRateB := C_Full (0), TSPX_MOChRateC := C_Full (0), TSPX_MOChRateD := C_Full (0), TSPX_MOChRateE := C_Full (0), TSPX_MOChRateF := C_Full (0), TSPX_MOChRateG := C_Full (0), TSPX_MTBscSvcA := C_Telephony (0), TSPX_MTBscSvcB := C_Telephony (0), TSPX_MTBscSvcC := C_Telephony (0), TSPX_MTBscSvcD := C_Telephony (0), TSPX_MTBscSvcE := C_Telephony (0), TSPX_MTBscSvcF := C_Telephony (0), TSPX_MTBscSvcG := C_Telephony (0), TSPX_MTBscSvcH := C_Telephony (0), TSPX_MTBscSvcI := C_Telephony (0), TSPX_MTBscSvcJ := C_Telephony (0), TSPX_MTChRateA := C_Full (0), TSPX_MTChRateB := C_Full (0), TSPX_MTChRateC := C_Full (0), TSPX_MTChRateD := C_Full (0), TSPX_MTChRateE := C_Full (0), TSPX_MTChRateF := C_Full (0), TSPX_MTChRateG := C_Full (0), TSPX_MTChRateH := C_Full (0), TSPX_MTChRateI := C_Full (0), TSPX_MTChRateJ := C_Full (0), C_arfcnA := 100 }
2026/Jun/26 14:49:05.840565 EXECUTOR - Module TC_26_6_1_2 has the following parameters: { TSPX_nPara := 3, TSPX_i1Para := 3, TSPX_kPara := 5, TSPX_i2Para := 1, TSPX_rPara := 4, TSPX_i3Para := 4 }
2026/Jun/26 14:49:05.840608 EXECUTOR - Initializing module GSM_Component_Definitions.
2026/Jun/26 14:49:05.840619 EXECUTOR GSM_Component_Definitions.ttcn3:0 Initializing module GSM_Templates.
2026/Jun/26 14:49:05.840642 EXECUTOR GSM_Templates.ttcn3:0 Initializing module GSM_Constants.
2026/Jun/26 14:49:05.840650 EXECUTOR GSM_Constants.ttcn3:0 Initializing module GSM_Types.
2026/Jun/26 14:49:05.840654 EXECUTOR GSM_Constants.ttcn3:0 Initialization of module GSM_Types finished.
2026/Jun/26 14:49:05.840659 EXECUTOR GSM_Templates.ttcn3:0 Initialization of module GSM_Constants finished.
2026/Jun/26 14:49:05.840749 EXECUTOR GSM_Component_Definitions.ttcn3:0 Initialization of module GSM_Templates finished.
2026/Jun/26 14:49:05.840755 EXECUTOR - Initialization of module GSM_Component_Definitions finished.
2026/Jun/26 14:49:05.840758 EXECUTOR - Initializing module GSM_Functions.
2026/Jun/26 14:49:05.840786 EXECUTOR - Initialization of module GSM_Functions finished.
2026/Jun/26 14:49:05.840790 EXECUTOR - Initializing module PreGenRecordOf.
2026/Jun/26 14:49:05.840793 EXECUTOR - Initialization of module PreGenRecordOf finished.
2026/Jun/26 14:49:05.840796 EXECUTOR - Initializing module TC_26_2_1_3.
2026/Jun/26 14:49:05.840803 EXECUTOR - Initialization of module TC_26_2_1_3 finished.
2026/Jun/26 14:49:05.840807 EXECUTOR - Initializing module TC_26_2_2.
2026/Jun/26 14:49:05.840813 EXECUTOR - Initialization of module TC_26_2_2 finished.
2026/Jun/26 14:49:05.840816 EXECUTOR - Initializing module TC_26_2_3.
2026/Jun/26 14:49:05.840833 EXECUTOR - Initialization of module TC_26_2_3 finished.
2026/Jun/26 14:49:05.840839 EXECUTOR - Initializing module TC_26_6_11_1.
2026/Jun/26 14:49:05.840846 EXECUTOR - Initialization of module TC_26_6_11_1 finished.
2026/Jun/26 14:49:05.840849 EXECUTOR - Initializing module TC_26_6_11_2.
2026/Jun/26 14:49:05.840855 EXECUTOR - Initialization of module TC_26_6_11_2 finished.
2026/Jun/26 14:49:05.840858 EXECUTOR - Initializing module TC_26_6_12_1.
2026/Jun/26 14:49:05.840865 EXECUTOR - Initialization of module TC_26_6_12_1 finished.
2026/Jun/26 14:49:05.840868 EXECUTOR - Initializing module TC_26_6_12_2.
2026/Jun/26 14:49:05.840874 EXECUTOR - Initialization of module TC_26_6_12_2 finished.
2026/Jun/26 14:49:05.840877 EXECUTOR - Initializing module TC_26_6_12_3.
2026/Jun/26 14:49:05.840883 EXECUTOR - Initialization of module TC_26_6_12_3 finished.
2026/Jun/26 14:49:05.840886 EXECUTOR - Initializing module TC_26_6_12_4.
2026/Jun/26 14:49:05.840893 EXECUTOR - Initialization of module TC_26_6_12_4 finished.
2026/Jun/26 14:49:05.840896 EXECUTOR - Initializing module TC_26_6_13_10.
2026/Jun/26 14:49:05.840902 EXECUTOR - Initialization of module TC_26_6_13_10 finished.
2026/Jun/26 14:49:05.840905 EXECUTOR - Initializing module TC_26_6_13_9.
2026/Jun/26 14:49:05.840911 EXECUTOR - Initialization of module TC_26_6_13_9 finished.
2026/Jun/26 14:49:05.840914 EXECUTOR - Initializing module TC_26_6_1_1.
2026/Jun/26 14:49:05.840921 EXECUTOR - Initialization of module TC_26_6_1_1 finished.
2026/Jun/26 14:49:05.840924 EXECUTOR - Initializing module TC_26_6_1_2.
2026/Jun/26 14:49:05.840930 EXECUTOR - Initialization of module TC_26_6_1_2 finished.
2026/Jun/26 14:49:05.840933 EXECUTOR - Initializing module TC_26_6_1_3.
2026/Jun/26 14:49:05.840939 EXECUTOR - Initialization of module TC_26_6_1_3 finished.
2026/Jun/26 14:49:05.840942 EXECUTOR - Initializing module TC_26_6_1_4.
2026/Jun/26 14:49:05.840950 EXECUTOR - Initialization of module TC_26_6_1_4 finished.
2026/Jun/26 14:49:05.840953 EXECUTOR - Initializing module TC_26_6_1_5.
2026/Jun/26 14:49:05.840959 EXECUTOR - Initialization of module TC_26_6_1_5 finished.
2026/Jun/26 14:49:05.840962 EXECUTOR - Initializing module TC_26_6_2_1_1.
2026/Jun/26 14:49:05.840968 EXECUTOR - Initialization of module TC_26_6_2_1_1 finished.
2026/Jun/26 14:49:05.840972 EXECUTOR - Initializing module TC_26_6_2_1_2.
2026/Jun/26 14:49:05.840978 EXECUTOR - Initialization of module TC_26_6_2_1_2 finished.
2026/Jun/26 14:49:05.840981 EXECUTOR - Initializing module TC_26_6_2_1_3.
2026/Jun/26 14:49:05.840987 EXECUTOR - Initialization of module TC_26_6_2_1_3 finished.
2026/Jun/26 14:49:05.840990 EXECUTOR - Initializing module TC_26_6_2_2.
2026/Jun/26 14:49:05.840997 EXECUTOR - Initialization of module TC_26_6_2_2 finished.
2026/Jun/26 14:49:05.841000 EXECUTOR - Initializing module TC_26_6_2_3_1.
2026/Jun/26 14:49:05.841006 EXECUTOR - Initialization of module TC_26_6_2_3_1 finished.
2026/Jun/26 14:49:05.841009 EXECUTOR - Initializing module TC_26_6_2_3_2.
2026/Jun/26 14:49:05.841016 EXECUTOR - Initialization of module TC_26_6_2_3_2 finished.
2026/Jun/26 14:49:05.841023 EXECUTOR - Initializing module TC_26_6_2_4.
2026/Jun/26 14:49:05.841030 EXECUTOR - Initialization of module TC_26_6_2_4 finished.
2026/Jun/26 14:49:05.841033 EXECUTOR - Initializing module TC_26_6_3_1.
2026/Jun/26 14:49:05.841040 EXECUTOR - Initialization of module TC_26_6_3_1 finished.
2026/Jun/26 14:49:05.841043 EXECUTOR - Initializing module TC_26_6_3_4.
2026/Jun/26 14:49:05.841050 EXECUTOR - Initialization of module TC_26_6_3_4 finished.
2026/Jun/26 14:49:05.841053 EXECUTOR - Initializing module TC_26_6_4_1.
2026/Jun/26 14:49:05.841060 EXECUTOR - Initialization of module TC_26_6_4_1 finished.
2026/Jun/26 14:49:05.841063 EXECUTOR - Initializing module TC_26_6_4_2_2.
2026/Jun/26 14:49:05.841069 EXECUTOR - Initialization of module TC_26_6_4_2_2 finished.
2026/Jun/26 14:49:05.841072 EXECUTOR - Initializing module TC_26_6_5_1.
2026/Jun/26 14:49:05.841079 EXECUTOR - Initialization of module TC_26_6_5_1 finished.
2026/Jun/26 14:49:05.841082 EXECUTOR - Initializing module TC_26_6_5_2_1.
2026/Jun/26 14:49:05.841089 EXECUTOR - Initialization of module TC_26_6_5_2_1 finished.
2026/Jun/26 14:49:05.841092 EXECUTOR - Initializing module TC_26_6_8_1.
2026/Jun/26 14:49:05.841099 EXECUTOR - Initialization of module TC_26_6_8_1 finished.
2026/Jun/26 14:49:05.841102 EXECUTOR - Initializing module TC_26_6_8_2.
2026/Jun/26 14:49:05.841108 EXECUTOR - Initialization of module TC_26_6_8_2 finished.
2026/Jun/26 14:49:05.841111 EXECUTOR - Initializing module TC_26_6_8_3.
2026/Jun/26 14:49:05.841117 EXECUTOR - Initialization of module TC_26_6_8_3 finished.
2026/Jun/26 14:49:05.841120 EXECUTOR - Initializing module TC_26_6_8_4.
2026/Jun/26 14:49:05.841126 EXECUTOR - Initialization of module TC_26_6_8_4 finished.
2026/Jun/26 14:49:05.841129 EXECUTOR - Initializing module TC_26_6_8_5.
2026/Jun/26 14:49:05.841136 EXECUTOR - Initialization of module TC_26_6_8_5 finished.
2026/Jun/26 14:49:05.841139 EXECUTOR - Initializing module TC_26_7_1.
2026/Jun/26 14:49:05.841146 EXECUTOR - Initialization of module TC_26_7_1 finished.
2026/Jun/26 14:49:05.841149 EXECUTOR - Initializing module TC_26_7_2_1.
2026/Jun/26 14:49:05.841155 EXECUTOR - Initialization of module TC_26_7_2_1 finished.
2026/Jun/26 14:49:05.841159 EXECUTOR - Initializing module TC_26_7_2_2.
2026/Jun/26 14:49:05.841165 EXECUTOR - Initialization of module TC_26_7_2_2 finished.
2026/Jun/26 14:49:05.841168 EXECUTOR - Initializing module TC_26_7_3_1.
2026/Jun/26 14:49:05.841174 EXECUTOR - Initialization of module TC_26_7_3_1 finished.
2026/Jun/26 14:49:05.841177 EXECUTOR - Initializing module TC_26_7_3_2.
2026/Jun/26 14:49:05.841183 EXECUTOR - Initialization of module TC_26_7_3_2 finished.
2026/Jun/26 14:49:05.841186 EXECUTOR - Initializing module TC_26_7_4_1.
2026/Jun/26 14:49:05.841192 EXECUTOR - Initialization of module TC_26_7_4_1 finished.
2026/Jun/26 14:49:05.841196 EXECUTOR - Initializing module TC_26_7_4_2_1.
2026/Jun/26 14:49:05.841202 EXECUTOR - Initialization of module TC_26_7_4_2_1 finished.
2026/Jun/26 14:49:05.841205 EXECUTOR - Initializing module TC_26_7_4_2_2_1.
2026/Jun/26 14:49:05.841211 EXECUTOR - Initialization of module TC_26_7_4_2_2_1 finished.
2026/Jun/26 14:49:05.841215 EXECUTOR - Initializing module TC_26_7_4_2_2_2.
2026/Jun/26 14:49:05.841221 EXECUTOR - Initialization of module TC_26_7_4_2_2_2 finished.
2026/Jun/26 14:49:05.841224 EXECUTOR - Initializing module TC_26_7_4_2_3.
2026/Jun/26 14:49:05.841230 EXECUTOR - Initialization of module TC_26_7_4_2_3 finished.
2026/Jun/26 14:49:05.841234 EXECUTOR - Initializing module TC_26_7_4_2_4_1.
2026/Jun/26 14:49:05.841240 EXECUTOR - Initialization of module TC_26_7_4_2_4_1 finished.
2026/Jun/26 14:49:05.841243 EXECUTOR - Initializing module TC_26_7_4_2_4_2.
2026/Jun/26 14:49:05.841249 EXECUTOR - Initialization of module TC_26_7_4_2_4_2 finished.
2026/Jun/26 14:49:05.841253 EXECUTOR - Initializing module TC_26_7_4_2_4_3.
2026/Jun/26 14:49:05.841259 EXECUTOR - Initialization of module TC_26_7_4_2_4_3 finished.
2026/Jun/26 14:49:05.841262 EXECUTOR - Initializing module TC_26_7_4_2_4_4.
2026/Jun/26 14:49:05.841272 EXECUTOR - Initialization of module TC_26_7_4_2_4_4 finished.
2026/Jun/26 14:49:05.841275 EXECUTOR - Initializing module TC_26_7_4_2_4_5.
2026/Jun/26 14:49:05.841282 EXECUTOR - Initialization of module TC_26_7_4_2_4_5 finished.
2026/Jun/26 14:49:05.841285 EXECUTOR - Initializing module TC_26_7_4_3_1.
2026/Jun/26 14:49:05.841291 EXECUTOR - Initialization of module TC_26_7_4_3_1 finished.
2026/Jun/26 14:49:05.841294 EXECUTOR - Initializing module TC_26_7_4_3_2.
2026/Jun/26 14:49:05.841301 EXECUTOR - Initialization of module TC_26_7_4_3_2 finished.
2026/Jun/26 14:49:05.841304 EXECUTOR - Initializing module TC_26_7_4_3_3.
2026/Jun/26 14:49:05.841311 EXECUTOR - Initialization of module TC_26_7_4_3_3 finished.
2026/Jun/26 14:49:05.841314 EXECUTOR - Initializing module TC_26_7_4_3_4.
2026/Jun/26 14:49:05.841320 EXECUTOR - Initialization of module TC_26_7_4_3_4 finished.
2026/Jun/26 14:49:05.841323 EXECUTOR - Initializing module TC_26_7_4_4.
2026/Jun/26 14:49:05.841330 EXECUTOR - Initialization of module TC_26_7_4_4 finished.
2026/Jun/26 14:49:05.841333 EXECUTOR - Initializing module TC_26_7_4_5_1.
2026/Jun/26 14:49:05.841339 EXECUTOR - Initialization of module TC_26_7_4_5_1 finished.
2026/Jun/26 14:49:05.841342 EXECUTOR - Initializing module TC_26_7_4_5_2.
2026/Jun/26 14:49:05.841348 EXECUTOR - Initialization of module TC_26_7_4_5_2 finished.
2026/Jun/26 14:49:05.841351 EXECUTOR - Initializing module TC_26_7_4_5_3.
2026/Jun/26 14:49:05.841369 EXECUTOR - Initialization of module TC_26_7_4_5_3 finished.
2026/Jun/26 14:49:05.841371 EXECUTOR - Initializing module TC_26_7_4_5_4_2.
2026/Jun/26 14:49:05.841375 EXECUTOR - Initialization of module TC_26_7_4_5_4_2 finished.
2026/Jun/26 14:49:05.841378 EXECUTOR - Initializing module TC_26_7_5_2.
2026/Jun/26 14:49:05.841382 EXECUTOR - Initialization of module TC_26_7_5_2 finished.
2026/Jun/26 14:49:05.841384 EXECUTOR - Initializing module TC_26_7_5_3.
2026/Jun/26 14:49:05.841389 EXECUTOR - Initialization of module TC_26_7_5_3 finished.
2026/Jun/26 14:49:05.841391 EXECUTOR - Initializing module TC_26_7_5_4.
2026/Jun/26 14:49:05.841396 EXECUTOR - Initialization of module TC_26_7_5_4 finished.
2026/Jun/26 14:49:05.841398 EXECUTOR - Initializing module TC_26_7_5_5.
2026/Jun/26 14:49:05.841403 EXECUTOR - Initialization of module TC_26_7_5_5 finished.
2026/Jun/26 14:49:05.841405 EXECUTOR - Initializing module TC_26_7_5_6.
2026/Jun/26 14:49:05.841410 EXECUTOR - Initialization of module TC_26_7_5_6 finished.
2026/Jun/26 14:49:05.841412 EXECUTOR - Initializing module TC_26_7_5_7_1.
2026/Jun/26 14:49:05.841416 EXECUTOR - Initialization of module TC_26_7_5_7_1 finished.
2026/Jun/26 14:49:05.841418 EXECUTOR - Initializing module TC_26_7_5_8_1.
2026/Jun/26 14:49:05.841422 EXECUTOR - Initialization of module TC_26_7_5_8_1 finished.
2026/Jun/26 14:49:05.841424 EXECUTOR - Initializing module TC_26_7_5_8_2.
2026/Jun/26 14:49:05.841429 EXECUTOR - Initialization of module TC_26_7_5_8_2 finished.
2026/Jun/26 14:49:05.841431 EXECUTOR - Initializing module TC_26_7_5_8_3.
2026/Jun/26 14:49:05.841436 EXECUTOR - Initialization of module TC_26_7_5_8_3 finished.
2026/Jun/26 14:49:05.841438 EXECUTOR - Initializing module TC_26_8_1_2_1_1.
2026/Jun/26 14:49:05.841442 EXECUTOR - Initialization of module TC_26_8_1_2_1_1 finished.
2026/Jun/26 14:49:05.841444 EXECUTOR - Initializing module TC_26_8_1_2_2_1.
2026/Jun/26 14:49:05.841449 EXECUTOR - Initialization of module TC_26_8_1_2_2_1 finished.
2026/Jun/26 14:49:05.841451 EXECUTOR - Initializing module TC_26_8_1_2_2_2.
2026/Jun/26 14:49:05.841455 EXECUTOR - Initialization of module TC_26_8_1_2_2_2 finished.
2026/Jun/26 14:49:05.841457 EXECUTOR - Initializing module TC_26_8_1_2_2_3.
2026/Jun/26 14:49:05.841462 EXECUTOR - Initialization of module TC_26_8_1_2_2_3 finished.
2026/Jun/26 14:49:05.841464 EXECUTOR - Initializing module TC_26_8_1_2_3_1.
2026/Jun/26 14:49:05.841469 EXECUTOR - Initialization of module TC_26_8_1_2_3_1 finished.
2026/Jun/26 14:49:05.841471 EXECUTOR - Initializing module TC_26_8_1_2_3_2.
2026/Jun/26 14:49:05.841476 EXECUTOR - Initialization of module TC_26_8_1_2_3_2 finished.
2026/Jun/26 14:49:05.841480 EXECUTOR - Initializing module TC_26_8_1_2_3_3.
2026/Jun/26 14:49:05.841485 EXECUTOR - Initialization of module TC_26_8_1_2_3_3 finished.
2026/Jun/26 14:49:05.841487 EXECUTOR - Initializing module TC_26_8_1_2_3_4.
2026/Jun/26 14:49:05.841492 EXECUTOR - Initialization of module TC_26_8_1_2_3_4 finished.
2026/Jun/26 14:49:05.841494 EXECUTOR - Initializing module TC_26_8_1_2_3_5.
2026/Jun/26 14:49:05.841499 EXECUTOR - Initialization of module TC_26_8_1_2_3_5 finished.
2026/Jun/26 14:49:05.841501 EXECUTOR - Initializing module TC_26_8_1_2_3_6.
2026/Jun/26 14:49:05.841507 EXECUTOR - Initialization of module TC_26_8_1_2_3_6 finished.
2026/Jun/26 14:49:05.841509 EXECUTOR - Initializing module TC_26_8_1_2_3_7.
2026/Jun/26 14:49:05.841514 EXECUTOR - Initialization of module TC_26_8_1_2_3_7 finished.
2026/Jun/26 14:49:05.841516 EXECUTOR - Initializing module TC_26_8_1_2_4_1.
2026/Jun/26 14:49:05.841521 EXECUTOR - Initialization of module TC_26_8_1_2_4_1 finished.
2026/Jun/26 14:49:05.841523 EXECUTOR - Initializing module TC_26_8_1_2_4_13.
2026/Jun/26 14:49:05.841528 EXECUTOR - Initialization of module TC_26_8_1_2_4_13 finished.
2026/Jun/26 14:49:05.841530 EXECUTOR - Initializing module TC_26_8_1_2_4_2.
2026/Jun/26 14:49:05.841535 EXECUTOR - Initialization of module TC_26_8_1_2_4_2 finished.
2026/Jun/26 14:49:05.841538 EXECUTOR - Initializing module TC_26_8_1_2_4_3.
2026/Jun/26 14:49:05.841543 EXECUTOR - Initialization of module TC_26_8_1_2_4_3 finished.
2026/Jun/26 14:49:05.841545 EXECUTOR - Initializing module TC_26_8_1_2_4_4.
2026/Jun/26 14:49:05.841550 EXECUTOR - Initialization of module TC_26_8_1_2_4_4 finished.
2026/Jun/26 14:49:05.841552 EXECUTOR - Initializing module TC_26_8_1_2_4_5.
2026/Jun/26 14:49:05.841557 EXECUTOR - Initialization of module TC_26_8_1_2_4_5 finished.
2026/Jun/26 14:49:05.841559 EXECUTOR - Initializing module TC_26_8_1_2_6_1.
2026/Jun/26 14:49:05.841564 EXECUTOR - Initialization of module TC_26_8_1_2_6_1 finished.
2026/Jun/26 14:49:05.841567 EXECUTOR - Initializing module TC_26_8_1_2_6_2.
2026/Jun/26 14:49:05.841571 EXECUTOR - Initialization of module TC_26_8_1_2_6_2 finished.
2026/Jun/26 14:49:05.841573 EXECUTOR - Initializing module TC_26_8_1_2_6_3.
2026/Jun/26 14:49:05.841578 EXECUTOR - Initialization of module TC_26_8_1_2_6_3 finished.
2026/Jun/26 14:49:05.841580 EXECUTOR - Initializing module TC_26_8_1_2_6_6.
2026/Jun/26 14:49:05.841584 EXECUTOR - Initialization of module TC_26_8_1_2_6_6 finished.
2026/Jun/26 14:49:05.841587 EXECUTOR - Initializing module TC_26_8_1_3_1_1.
2026/Jun/26 14:49:05.841592 EXECUTOR - Initialization of module TC_26_8_1_3_1_1 finished.
2026/Jun/26 14:49:05.841594 EXECUTOR - Initializing module TC_26_8_1_3_2_1.
2026/Jun/26 14:49:05.841599 EXECUTOR - Initialization of module TC_26_8_1_3_2_1 finished.
2026/Jun/26 14:49:05.841601 EXECUTOR - Initializing module TC_26_8_1_3_3_1.
2026/Jun/26 14:49:05.841606 EXECUTOR - Initialization of module TC_26_8_1_3_3_1 finished.
2026/Jun/26 14:49:05.841608 EXECUTOR - Initializing module TC_26_8_1_3_3_2.
2026/Jun/26 14:49:05.841613 EXECUTOR - Initialization of module TC_26_8_1_3_3_2 finished.
2026/Jun/26 14:49:05.841615 EXECUTOR - Initializing module TC_26_8_1_3_3_3.
2026/Jun/26 14:49:05.841621 EXECUTOR - Initialization of module TC_26_8_1_3_3_3 finished.
2026/Jun/26 14:49:05.841623 EXECUTOR - Initializing module TC_26_8_1_3_3_4.
2026/Jun/26 14:49:05.841629 EXECUTOR - Initialization of module TC_26_8_1_3_3_4 finished.
2026/Jun/26 14:49:05.841631 EXECUTOR - Initializing module TC_26_8_1_3_3_5.
2026/Jun/26 14:49:05.841636 EXECUTOR - Initialization of module TC_26_8_1_3_3_5 finished.
2026/Jun/26 14:49:05.841638 EXECUTOR - Initializing module TC_26_8_1_3_3_6.
2026/Jun/26 14:49:05.841644 EXECUTOR - Initialization of module TC_26_8_1_3_3_6 finished.
2026/Jun/26 14:49:05.841646 EXECUTOR - Initializing module TC_26_8_1_3_3_7.
2026/Jun/26 14:49:05.841650 EXECUTOR - Initialization of module TC_26_8_1_3_3_7 finished.
2026/Jun/26 14:49:05.841653 EXECUTOR - Initializing module TC_26_8_1_3_4_1.
2026/Jun/26 14:49:05.841660 EXECUTOR - Initialization of module TC_26_8_1_3_4_1 finished.
2026/Jun/26 14:49:05.841663 EXECUTOR - Initializing module TC_26_8_1_3_4_2.
2026/Jun/26 14:49:05.841668 EXECUTOR - Initialization of module TC_26_8_1_3_4_2 finished.
2026/Jun/26 14:49:05.841670 EXECUTOR - Initializing module TC_26_8_1_3_4_3.
2026/Jun/26 14:49:05.841674 EXECUTOR - Initialization of module TC_26_8_1_3_4_3 finished.
2026/Jun/26 14:49:05.841677 EXECUTOR - Initializing module TC_26_8_1_3_4_4.
2026/Jun/26 14:49:05.841682 EXECUTOR - Initialization of module TC_26_8_1_3_4_4 finished.
2026/Jun/26 14:49:05.841684 EXECUTOR - Initializing module TC_26_8_1_3_4_5.
2026/Jun/26 14:49:05.841689 EXECUTOR - Initialization of module TC_26_8_1_3_4_5 finished.
2026/Jun/26 14:49:05.841691 EXECUTOR - Initializing module TC_26_8_1_3_4_6.
2026/Jun/26 14:49:05.841696 EXECUTOR - Initialization of module TC_26_8_1_3_4_6 finished.
2026/Jun/26 14:49:05.841698 EXECUTOR - Initializing module TC_26_8_1_3_4_7.
2026/Jun/26 14:49:05.841702 EXECUTOR - Initialization of module TC_26_8_1_3_4_7 finished.
2026/Jun/26 14:49:05.841704 EXECUTOR - Initializing module TC_26_8_1_3_4_8.
2026/Jun/26 14:49:05.841709 EXECUTOR - Initialization of module TC_26_8_1_3_4_8 finished.
2026/Jun/26 14:49:05.841711 EXECUTOR - Initializing module TC_26_8_1_3_5_1.
2026/Jun/26 14:49:05.841717 EXECUTOR - Initialization of module TC_26_8_1_3_5_1 finished.
2026/Jun/26 14:49:05.841719 EXECUTOR - Initializing module TC_26_8_1_3_5_2.
2026/Jun/26 14:49:05.841724 EXECUTOR - Initialization of module TC_26_8_1_3_5_2 finished.
2026/Jun/26 14:49:05.841726 EXECUTOR - Initializing module TC_26_8_1_3_5_3.
2026/Jun/26 14:49:05.841731 EXECUTOR - Initialization of module TC_26_8_1_3_5_3 finished.
2026/Jun/26 14:49:05.841733 EXECUTOR - Initializing module TC_26_8_1_3_5_4.
2026/Jun/26 14:49:05.841738 EXECUTOR - Initialization of module TC_26_8_1_3_5_4 finished.
2026/Jun/26 14:49:05.841740 EXECUTOR - Initializing module TC_26_8_1_3_5_5.
2026/Jun/26 14:49:05.841744 EXECUTOR - Initialization of module TC_26_8_1_3_5_5 finished.
2026/Jun/26 14:49:05.841747 EXECUTOR - Initializing module TC_26_8_1_3_5_6.
2026/Jun/26 14:49:05.841751 EXECUTOR - Initialization of module TC_26_8_1_3_5_6 finished.
2026/Jun/26 14:49:05.841753 EXECUTOR - Initializing module TC_26_8_1_3_5_7.
2026/Jun/26 14:49:05.841758 EXECUTOR - Initialization of module TC_26_8_1_3_5_7 finished.
2026/Jun/26 14:49:05.841760 EXECUTOR - Initializing module TC_26_8_1_3_5_8.
2026/Jun/26 14:49:05.841764 EXECUTOR - Initialization of module TC_26_8_1_3_5_8 finished.
2026/Jun/26 14:49:05.841766 EXECUTOR - Initializing module TC_26_8_1_3_5_9.
2026/Jun/26 14:49:05.841771 EXECUTOR - Initialization of module TC_26_8_1_3_5_9 finished.
2026/Jun/26 14:49:05.841773 EXECUTOR - Initializing module TC_26_8_2_1.
2026/Jun/26 14:49:05.841777 EXECUTOR - Initialization of module TC_26_8_2_1 finished.
2026/Jun/26 14:49:05.841780 EXECUTOR - Initializing module TC_26_8_2_2.
2026/Jun/26 14:49:05.841784 EXECUTOR - Initialization of module TC_26_8_2_2 finished.
2026/Jun/26 14:49:05.841786 EXECUTOR - Initializing module TC_26_8_2_3.
2026/Jun/26 14:49:05.841790 EXECUTOR - Initialization of module TC_26_8_2_3 finished.
2026/Jun/26 14:49:05.841792 EXECUTOR - Initializing module TC_26_8_3.
2026/Jun/26 14:49:05.841797 EXECUTOR - Initialization of module TC_26_8_3 finished.
2026/Jun/26 14:49:05.841799 EXECUTOR - Initializing module TC_34_2_2.
2026/Jun/26 14:49:05.841803 EXECUTOR - Initialization of module TC_34_2_2 finished.
2026/Jun/26 14:49:05.841806 EXECUTOR - Initializing module TitanLoggerApi.
2026/Jun/26 14:49:05.841808 EXECUTOR - Initialization of module TitanLoggerApi finished.
2026/Jun/26 14:49:05.841810 EXECUTOR - Initializing module TitanLoggerControl.
2026/Jun/26 14:49:05.841812 EXECUTOR - Initialization of module TitanLoggerControl finished.
2026/Jun/26 14:49:05.841828 EXECUTOR - Configuration data was processed successfully.
2026/Jun/26 14:49:05.843322 EXECUTOR - MTC was created. Process id: 39.
2026/Jun/26 14:57:29.373960 EXECUTOR - Exit was requested from MC. Terminating HC.
2026/Jun/26 14:57:29.375901 EXECUTOR - Disconnected from MC.
2026/Jun/26 14:57:29.375937 EXECUTOR - TTCN-3 Host Controller finished.
