2026/Jun/15 13:42:31.460940 EXECUTOR - TTCN-3 Host Controller started on ttcn3-tc-26-6-8-2-1-v8m65. Version: 11.1.0.
2026/Jun/15 13:42:31.461086 EXECUTOR - TTCN Logger v2.2 options: TimeStampFormat:=DateTime; LogEntityName:=No; LogEventTypes:=Yes; SourceInfoFormat:=Single; LogSensitiveData:=No; *.FileMask:=LOG_ALL | MATCHING | DEBUG; *.ConsoleMask:=LOG_ALL; LogFileSize:=0; LogFileNumber:=1; DiskFullAction:=Error
2026/Jun/15 13:42:31.461096 EXECUTOR - Maximum number of open file descriptors: 1048576,   FD_SETSIZE = 1024
2026/Jun/15 13:42:31.461225 WARNING - Warning: The address of MC was set to a local IP address. This may cause incorrect behavior if a HC from a remote host also connects to MC.
2026/Jun/15 13:42:31.461261 EXECUTOR - The address of MC was set to 127.0.0.1:0.
2026/Jun/15 13:42:31.461375 EXECUTOR - Connected to MC.
2026/Jun/15 13:42:31.461471 EXECUTOR - This host supports UNIX domain sockets for local communication.
2026/Jun/15 13:42:31.461666 EXECUTOR - Processing configuration data received from MC.
2026/Jun/15 13:42:31.461899 WARNING - Warning: Skeleton `/results/TC_26_6_8_2-2026-06-15-134230/%n.log' does not guarantee unique log file name for every test system process. It may cause unpredictable results if several test components try to write into the same log file.
2026/Jun/15 13:42:31.462606 EXECUTOR - Module GSM_Constants has the following parameters: { TSPC_Serv_TS11 := true, TSPC_Serv_TS61 := false, TSPC_Serv_TS62 := false, TSPC_Serv_BS21 := false, TSPC_Serv_BS22 := false, TSPC_Serv_BS24 := false, TSPC_Serv_BS25 := false, TSPC_Serv_BS26 := false, TSPC_Serv_BS31 := false, TSPC_Serv_BS32 := false, TSPC_Serv_BS33 := false, TSPC_Serv_BS34 := false, TSPC_Serv_BS41 := false, TSPC_Serv_BS42 := false, TSPC_Serv_BS43 := false, TSPC_Serv_BS44 := false, TSPC_Serv_BS45 := false, TSPC_Serv_BS51 := false, TSPC_Serv_BS61 := false, TSPC_Serv_BS81 := false, TSPC_DualRate := false, TSPC_MTsvc := true, TSPX_IMSI := '901700000000001F'O, TSPX_TMSI := '1914D97F'O, TSPX_CKSNDef := 0, TSPX_RANDDef := '00112233445566778899AABBCCDDEEFF'O, TSPX_SRES := '12345678'O, TSPX_Kc := '0000000000000000'O, TSPX_SDCCH4SubDef := 0, TSPX_TmSltDef := 0, TSPX_TscDef := 7, TSPX_TCHHSubDef := 0, TCV_CC := true, TSPX_Telephony_Rate := C_Full (0), TSPX_MOBscSvcA := C_Telephony (0), TSPX_MOBscSvcB := C_Telephony (0), TSPX_MOBscSvcC := C_Telephony (0), TSPX_MOBscSvcD := C_Telephony (0), TSPX_MOBscSvcE := C_Telephony (0), TSPX_MOBscSvcF := C_Telephony (0), TSPX_MOBscSvcG := C_Telephony (0), TSPX_MOChRateA := C_Full (0), TSPX_MOChRateB := C_Full (0), TSPX_MOChRateC := C_Full (0), TSPX_MOChRateD := C_Full (0), TSPX_MOChRateE := C_Full (0), TSPX_MOChRateF := C_Full (0), TSPX_MOChRateG := C_Full (0), TSPX_MTBscSvcA := C_Telephony (0), TSPX_MTBscSvcB := C_Telephony (0), TSPX_MTBscSvcC := C_Telephony (0), TSPX_MTBscSvcD := C_Telephony (0), TSPX_MTBscSvcE := C_Telephony (0), TSPX_MTBscSvcF := C_Telephony (0), TSPX_MTBscSvcG := C_Telephony (0), TSPX_MTBscSvcH := C_Telephony (0), TSPX_MTBscSvcI := C_Telephony (0), TSPX_MTBscSvcJ := C_Telephony (0), TSPX_MTChRateA := C_Full (0), TSPX_MTChRateB := C_Full (0), TSPX_MTChRateC := C_Full (0), TSPX_MTChRateD := C_Full (0), TSPX_MTChRateE := C_Full (0), TSPX_MTChRateF := C_Full (0), TSPX_MTChRateG := C_Full (0), TSPX_MTChRateH := C_Full (0), TSPX_MTChRateI := C_Full (0), TSPX_MTChRateJ := C_Full (0), C_arfcnA := 100 }
2026/Jun/15 13:42:31.462689 EXECUTOR - Module TC_26_6_1_2 has the following parameters: { TSPX_nPara := 3, TSPX_i1Para := 3, TSPX_kPara := 5, TSPX_i2Para := 1, TSPX_rPara := 4, TSPX_i3Para := 4 }
2026/Jun/15 13:42:31.462719 EXECUTOR - Initializing module GSM_Component_Definitions.
2026/Jun/15 13:42:31.462729 EXECUTOR GSM_Component_Definitions.ttcn3:0 Initializing module GSM_Templates.
2026/Jun/15 13:42:31.462748 EXECUTOR GSM_Templates.ttcn3:0 Initializing module GSM_Constants.
2026/Jun/15 13:42:31.462755 EXECUTOR GSM_Constants.ttcn3:0 Initializing module GSM_Types.
2026/Jun/15 13:42:31.462760 EXECUTOR GSM_Constants.ttcn3:0 Initialization of module GSM_Types finished.
2026/Jun/15 13:42:31.462765 EXECUTOR GSM_Templates.ttcn3:0 Initialization of module GSM_Constants finished.
2026/Jun/15 13:42:31.462846 EXECUTOR GSM_Component_Definitions.ttcn3:0 Initialization of module GSM_Templates finished.
2026/Jun/15 13:42:31.462857 EXECUTOR - Initialization of module GSM_Component_Definitions finished.
2026/Jun/15 13:42:31.462861 EXECUTOR - Initializing module GSM_Functions.
2026/Jun/15 13:42:31.462886 EXECUTOR - Initialization of module GSM_Functions finished.
2026/Jun/15 13:42:31.462890 EXECUTOR - Initializing module PreGenRecordOf.
2026/Jun/15 13:42:31.462893 EXECUTOR - Initialization of module PreGenRecordOf finished.
2026/Jun/15 13:42:31.462897 EXECUTOR - Initializing module TC_26_2_1_3.
2026/Jun/15 13:42:31.462903 EXECUTOR - Initialization of module TC_26_2_1_3 finished.
2026/Jun/15 13:42:31.462906 EXECUTOR - Initializing module TC_26_2_2.
2026/Jun/15 13:42:31.462912 EXECUTOR - Initialization of module TC_26_2_2 finished.
2026/Jun/15 13:42:31.462916 EXECUTOR - Initializing module TC_26_2_3.
2026/Jun/15 13:42:31.462922 EXECUTOR - Initialization of module TC_26_2_3 finished.
2026/Jun/15 13:42:31.462926 EXECUTOR - Initializing module TC_26_6_11_1.
2026/Jun/15 13:42:31.462932 EXECUTOR - Initialization of module TC_26_6_11_1 finished.
2026/Jun/15 13:42:31.462936 EXECUTOR - Initializing module TC_26_6_11_2.
2026/Jun/15 13:42:31.462942 EXECUTOR - Initialization of module TC_26_6_11_2 finished.
2026/Jun/15 13:42:31.462945 EXECUTOR - Initializing module TC_26_6_12_1.
2026/Jun/15 13:42:31.462950 EXECUTOR - Initialization of module TC_26_6_12_1 finished.
2026/Jun/15 13:42:31.462954 EXECUTOR - Initializing module TC_26_6_12_2.
2026/Jun/15 13:42:31.462960 EXECUTOR - Initialization of module TC_26_6_12_2 finished.
2026/Jun/15 13:42:31.462963 EXECUTOR - Initializing module TC_26_6_12_3.
2026/Jun/15 13:42:31.462969 EXECUTOR - Initialization of module TC_26_6_12_3 finished.
2026/Jun/15 13:42:31.462973 EXECUTOR - Initializing module TC_26_6_12_4.
2026/Jun/15 13:42:31.462978 EXECUTOR - Initialization of module TC_26_6_12_4 finished.
2026/Jun/15 13:42:31.462982 EXECUTOR - Initializing module TC_26_6_13_10.
2026/Jun/15 13:42:31.462988 EXECUTOR - Initialization of module TC_26_6_13_10 finished.
2026/Jun/15 13:42:31.462991 EXECUTOR - Initializing module TC_26_6_13_9.
2026/Jun/15 13:42:31.462996 EXECUTOR - Initialization of module TC_26_6_13_9 finished.
2026/Jun/15 13:42:31.463000 EXECUTOR - Initializing module TC_26_6_1_1.
2026/Jun/15 13:42:31.463006 EXECUTOR - Initialization of module TC_26_6_1_1 finished.
2026/Jun/15 13:42:31.463009 EXECUTOR - Initializing module TC_26_6_1_2.
2026/Jun/15 13:42:31.463015 EXECUTOR - Initialization of module TC_26_6_1_2 finished.
2026/Jun/15 13:42:31.463018 EXECUTOR - Initializing module TC_26_6_1_3.
2026/Jun/15 13:42:31.463024 EXECUTOR - Initialization of module TC_26_6_1_3 finished.
2026/Jun/15 13:42:31.463027 EXECUTOR - Initializing module TC_26_6_1_4.
2026/Jun/15 13:42:31.463034 EXECUTOR - Initialization of module TC_26_6_1_4 finished.
2026/Jun/15 13:42:31.463038 EXECUTOR - Initializing module TC_26_6_1_5.
2026/Jun/15 13:42:31.463044 EXECUTOR - Initialization of module TC_26_6_1_5 finished.
2026/Jun/15 13:42:31.463048 EXECUTOR - Initializing module TC_26_6_2_1_1.
2026/Jun/15 13:42:31.463053 EXECUTOR - Initialization of module TC_26_6_2_1_1 finished.
2026/Jun/15 13:42:31.463057 EXECUTOR - Initializing module TC_26_6_2_1_2.
2026/Jun/15 13:42:31.463063 EXECUTOR - Initialization of module TC_26_6_2_1_2 finished.
2026/Jun/15 13:42:31.463066 EXECUTOR - Initializing module TC_26_6_2_1_3.
2026/Jun/15 13:42:31.463072 EXECUTOR - Initialization of module TC_26_6_2_1_3 finished.
2026/Jun/15 13:42:31.463075 EXECUTOR - Initializing module TC_26_6_2_2.
2026/Jun/15 13:42:31.463081 EXECUTOR - Initialization of module TC_26_6_2_2 finished.
2026/Jun/15 13:42:31.463084 EXECUTOR - Initializing module TC_26_6_2_3_1.
2026/Jun/15 13:42:31.463090 EXECUTOR - Initialization of module TC_26_6_2_3_1 finished.
2026/Jun/15 13:42:31.463093 EXECUTOR - Initializing module TC_26_6_2_3_2.
2026/Jun/15 13:42:31.463099 EXECUTOR - Initialization of module TC_26_6_2_3_2 finished.
2026/Jun/15 13:42:31.463106 EXECUTOR - Initializing module TC_26_6_2_4.
2026/Jun/15 13:42:31.463112 EXECUTOR - Initialization of module TC_26_6_2_4 finished.
2026/Jun/15 13:42:31.463116 EXECUTOR - Initializing module TC_26_6_3_1.
2026/Jun/15 13:42:31.463122 EXECUTOR - Initialization of module TC_26_6_3_1 finished.
2026/Jun/15 13:42:31.463126 EXECUTOR - Initializing module TC_26_6_3_4.
2026/Jun/15 13:42:31.463132 EXECUTOR - Initialization of module TC_26_6_3_4 finished.
2026/Jun/15 13:42:31.463135 EXECUTOR - Initializing module TC_26_6_4_1.
2026/Jun/15 13:42:31.463141 EXECUTOR - Initialization of module TC_26_6_4_1 finished.
2026/Jun/15 13:42:31.463144 EXECUTOR - Initializing module TC_26_6_4_2_2.
2026/Jun/15 13:42:31.463150 EXECUTOR - Initialization of module TC_26_6_4_2_2 finished.
2026/Jun/15 13:42:31.463153 EXECUTOR - Initializing module TC_26_6_5_1.
2026/Jun/15 13:42:31.463158 EXECUTOR - Initialization of module TC_26_6_5_1 finished.
2026/Jun/15 13:42:31.463162 EXECUTOR - Initializing module TC_26_6_5_2_1.
2026/Jun/15 13:42:31.463167 EXECUTOR - Initialization of module TC_26_6_5_2_1 finished.
2026/Jun/15 13:42:31.463170 EXECUTOR - Initializing module TC_26_6_8_1.
2026/Jun/15 13:42:31.463176 EXECUTOR - Initialization of module TC_26_6_8_1 finished.
2026/Jun/15 13:42:31.463180 EXECUTOR - Initializing module TC_26_6_8_2.
2026/Jun/15 13:42:31.463185 EXECUTOR - Initialization of module TC_26_6_8_2 finished.
2026/Jun/15 13:42:31.463189 EXECUTOR - Initializing module TC_26_6_8_3.
2026/Jun/15 13:42:31.463195 EXECUTOR - Initialization of module TC_26_6_8_3 finished.
2026/Jun/15 13:42:31.463199 EXECUTOR - Initializing module TC_26_6_8_4.
2026/Jun/15 13:42:31.463205 EXECUTOR - Initialization of module TC_26_6_8_4 finished.
2026/Jun/15 13:42:31.463209 EXECUTOR - Initializing module TC_26_6_8_5.
2026/Jun/15 13:42:31.463215 EXECUTOR - Initialization of module TC_26_6_8_5 finished.
2026/Jun/15 13:42:31.463219 EXECUTOR - Initializing module TC_26_7_1.
2026/Jun/15 13:42:31.463225 EXECUTOR - Initialization of module TC_26_7_1 finished.
2026/Jun/15 13:42:31.463228 EXECUTOR - Initializing module TC_26_7_2_1.
2026/Jun/15 13:42:31.463234 EXECUTOR - Initialization of module TC_26_7_2_1 finished.
2026/Jun/15 13:42:31.463237 EXECUTOR - Initializing module TC_26_7_2_2.
2026/Jun/15 13:42:31.463243 EXECUTOR - Initialization of module TC_26_7_2_2 finished.
2026/Jun/15 13:42:31.463246 EXECUTOR - Initializing module TC_26_7_3_1.
2026/Jun/15 13:42:31.463251 EXECUTOR - Initialization of module TC_26_7_3_1 finished.
2026/Jun/15 13:42:31.463256 EXECUTOR - Initializing module TC_26_7_3_2.
2026/Jun/15 13:42:31.463261 EXECUTOR - Initialization of module TC_26_7_3_2 finished.
2026/Jun/15 13:42:31.463264 EXECUTOR - Initializing module TC_26_7_4_1.
2026/Jun/15 13:42:31.463271 EXECUTOR - Initialization of module TC_26_7_4_1 finished.
2026/Jun/15 13:42:31.463274 EXECUTOR - Initializing module TC_26_7_4_2_1.
2026/Jun/15 13:42:31.463280 EXECUTOR - Initialization of module TC_26_7_4_2_1 finished.
2026/Jun/15 13:42:31.463283 EXECUTOR - Initializing module TC_26_7_4_2_2_1.
2026/Jun/15 13:42:31.463291 EXECUTOR - Initialization of module TC_26_7_4_2_2_1 finished.
2026/Jun/15 13:42:31.463295 EXECUTOR - Initializing module TC_26_7_4_2_2_2.
2026/Jun/15 13:42:31.463301 EXECUTOR - Initialization of module TC_26_7_4_2_2_2 finished.
2026/Jun/15 13:42:31.463305 EXECUTOR - Initializing module TC_26_7_4_2_3.
2026/Jun/15 13:42:31.463311 EXECUTOR - Initialization of module TC_26_7_4_2_3 finished.
2026/Jun/15 13:42:31.463315 EXECUTOR - Initializing module TC_26_7_4_2_4_1.
2026/Jun/15 13:42:31.463321 EXECUTOR - Initialization of module TC_26_7_4_2_4_1 finished.
2026/Jun/15 13:42:31.463325 EXECUTOR - Initializing module TC_26_7_4_2_4_2.
2026/Jun/15 13:42:31.463331 EXECUTOR - Initialization of module TC_26_7_4_2_4_2 finished.
2026/Jun/15 13:42:31.463335 EXECUTOR - Initializing module TC_26_7_4_2_4_3.
2026/Jun/15 13:42:31.463341 EXECUTOR - Initialization of module TC_26_7_4_2_4_3 finished.
2026/Jun/15 13:42:31.463345 EXECUTOR - Initializing module TC_26_7_4_2_4_4.
2026/Jun/15 13:42:31.463353 EXECUTOR - Initialization of module TC_26_7_4_2_4_4 finished.
2026/Jun/15 13:42:31.463357 EXECUTOR - Initializing module TC_26_7_4_2_4_5.
2026/Jun/15 13:42:31.463363 EXECUTOR - Initialization of module TC_26_7_4_2_4_5 finished.
2026/Jun/15 13:42:31.463366 EXECUTOR - Initializing module TC_26_7_4_3_1.
2026/Jun/15 13:42:31.463372 EXECUTOR - Initialization of module TC_26_7_4_3_1 finished.
2026/Jun/15 13:42:31.463376 EXECUTOR - Initializing module TC_26_7_4_3_2.
2026/Jun/15 13:42:31.463382 EXECUTOR - Initialization of module TC_26_7_4_3_2 finished.
2026/Jun/15 13:42:31.463385 EXECUTOR - Initializing module TC_26_7_4_3_3.
2026/Jun/15 13:42:31.463391 EXECUTOR - Initialization of module TC_26_7_4_3_3 finished.
2026/Jun/15 13:42:31.463395 EXECUTOR - Initializing module TC_26_7_4_3_4.
2026/Jun/15 13:42:31.463401 EXECUTOR - Initialization of module TC_26_7_4_3_4 finished.
2026/Jun/15 13:42:31.463404 EXECUTOR - Initializing module TC_26_7_4_4.
2026/Jun/15 13:42:31.463410 EXECUTOR - Initialization of module TC_26_7_4_4 finished.
2026/Jun/15 13:42:31.463413 EXECUTOR - Initializing module TC_26_7_4_5_1.
2026/Jun/15 13:42:31.463419 EXECUTOR - Initialization of module TC_26_7_4_5_1 finished.
2026/Jun/15 13:42:31.463423 EXECUTOR - Initializing module TC_26_7_4_5_2.
2026/Jun/15 13:42:31.463428 EXECUTOR - Initialization of module TC_26_7_4_5_2 finished.
2026/Jun/15 13:42:31.463432 EXECUTOR - Initializing module TC_26_7_4_5_3.
2026/Jun/15 13:42:31.463438 EXECUTOR - Initialization of module TC_26_7_4_5_3 finished.
2026/Jun/15 13:42:31.463442 EXECUTOR - Initializing module TC_26_7_4_5_4_2.
2026/Jun/15 13:42:31.463449 EXECUTOR - Initialization of module TC_26_7_4_5_4_2 finished.
2026/Jun/15 13:42:31.463453 EXECUTOR - Initializing module TC_26_7_5_2.
2026/Jun/15 13:42:31.463459 EXECUTOR - Initialization of module TC_26_7_5_2 finished.
2026/Jun/15 13:42:31.463463 EXECUTOR - Initializing module TC_26_7_5_3.
2026/Jun/15 13:42:31.463469 EXECUTOR - Initialization of module TC_26_7_5_3 finished.
2026/Jun/15 13:42:31.463473 EXECUTOR - Initializing module TC_26_7_5_4.
2026/Jun/15 13:42:31.463478 EXECUTOR - Initialization of module TC_26_7_5_4 finished.
2026/Jun/15 13:42:31.463482 EXECUTOR - Initializing module TC_26_7_5_5.
2026/Jun/15 13:42:31.463487 EXECUTOR - Initialization of module TC_26_7_5_5 finished.
2026/Jun/15 13:42:31.463491 EXECUTOR - Initializing module TC_26_7_5_6.
2026/Jun/15 13:42:31.463497 EXECUTOR - Initialization of module TC_26_7_5_6 finished.
2026/Jun/15 13:42:31.463500 EXECUTOR - Initializing module TC_26_7_5_7_1.
2026/Jun/15 13:42:31.463507 EXECUTOR - Initialization of module TC_26_7_5_7_1 finished.
2026/Jun/15 13:42:31.463510 EXECUTOR - Initializing module TC_26_7_5_8_1.
2026/Jun/15 13:42:31.463516 EXECUTOR - Initialization of module TC_26_7_5_8_1 finished.
2026/Jun/15 13:42:31.463520 EXECUTOR - Initializing module TC_26_7_5_8_2.
2026/Jun/15 13:42:31.463526 EXECUTOR - Initialization of module TC_26_7_5_8_2 finished.
2026/Jun/15 13:42:31.463529 EXECUTOR - Initializing module TC_26_7_5_8_3.
2026/Jun/15 13:42:31.463536 EXECUTOR - Initialization of module TC_26_7_5_8_3 finished.
2026/Jun/15 13:42:31.463539 EXECUTOR - Initializing module TC_26_8_1_2_1_1.
2026/Jun/15 13:42:31.463547 EXECUTOR - Initialization of module TC_26_8_1_2_1_1 finished.
2026/Jun/15 13:42:31.463551 EXECUTOR - Initializing module TC_26_8_1_2_2_1.
2026/Jun/15 13:42:31.463557 EXECUTOR - Initialization of module TC_26_8_1_2_2_1 finished.
2026/Jun/15 13:42:31.463561 EXECUTOR - Initializing module TC_26_8_1_2_2_2.
2026/Jun/15 13:42:31.463567 EXECUTOR - Initialization of module TC_26_8_1_2_2_2 finished.
2026/Jun/15 13:42:31.463571 EXECUTOR - Initializing module TC_26_8_1_2_2_3.
2026/Jun/15 13:42:31.463578 EXECUTOR - Initialization of module TC_26_8_1_2_2_3 finished.
2026/Jun/15 13:42:31.463582 EXECUTOR - Initializing module TC_26_8_1_2_3_1.
2026/Jun/15 13:42:31.463588 EXECUTOR - Initialization of module TC_26_8_1_2_3_1 finished.
2026/Jun/15 13:42:31.463592 EXECUTOR - Initializing module TC_26_8_1_2_3_2.
2026/Jun/15 13:42:31.463597 EXECUTOR - Initialization of module TC_26_8_1_2_3_2 finished.
2026/Jun/15 13:42:31.463604 EXECUTOR - Initializing module TC_26_8_1_2_3_3.
2026/Jun/15 13:42:31.463609 EXECUTOR - Initialization of module TC_26_8_1_2_3_3 finished.
2026/Jun/15 13:42:31.463613 EXECUTOR - Initializing module TC_26_8_1_2_3_4.
2026/Jun/15 13:42:31.463619 EXECUTOR - Initialization of module TC_26_8_1_2_3_4 finished.
2026/Jun/15 13:42:31.463622 EXECUTOR - Initializing module TC_26_8_1_2_3_5.
2026/Jun/15 13:42:31.463628 EXECUTOR - Initialization of module TC_26_8_1_2_3_5 finished.
2026/Jun/15 13:42:31.463631 EXECUTOR - Initializing module TC_26_8_1_2_3_6.
2026/Jun/15 13:42:31.463637 EXECUTOR - Initialization of module TC_26_8_1_2_3_6 finished.
2026/Jun/15 13:42:31.463640 EXECUTOR - Initializing module TC_26_8_1_2_3_7.
2026/Jun/15 13:42:31.463646 EXECUTOR - Initialization of module TC_26_8_1_2_3_7 finished.
2026/Jun/15 13:42:31.463650 EXECUTOR - Initializing module TC_26_8_1_2_4_1.
2026/Jun/15 13:42:31.463655 EXECUTOR - Initialization of module TC_26_8_1_2_4_1 finished.
2026/Jun/15 13:42:31.463658 EXECUTOR - Initializing module TC_26_8_1_2_4_13.
2026/Jun/15 13:42:31.463664 EXECUTOR - Initialization of module TC_26_8_1_2_4_13 finished.
2026/Jun/15 13:42:31.463668 EXECUTOR - Initializing module TC_26_8_1_2_4_2.
2026/Jun/15 13:42:31.463674 EXECUTOR - Initialization of module TC_26_8_1_2_4_2 finished.
2026/Jun/15 13:42:31.463678 EXECUTOR - Initializing module TC_26_8_1_2_4_3.
2026/Jun/15 13:42:31.463684 EXECUTOR - Initialization of module TC_26_8_1_2_4_3 finished.
2026/Jun/15 13:42:31.463688 EXECUTOR - Initializing module TC_26_8_1_2_4_4.
2026/Jun/15 13:42:31.463695 EXECUTOR - Initialization of module TC_26_8_1_2_4_4 finished.
2026/Jun/15 13:42:31.463698 EXECUTOR - Initializing module TC_26_8_1_2_4_5.
2026/Jun/15 13:42:31.463704 EXECUTOR - Initialization of module TC_26_8_1_2_4_5 finished.
2026/Jun/15 13:42:31.463708 EXECUTOR - Initializing module TC_26_8_1_2_6_1.
2026/Jun/15 13:42:31.463714 EXECUTOR - Initialization of module TC_26_8_1_2_6_1 finished.
2026/Jun/15 13:42:31.463718 EXECUTOR - Initializing module TC_26_8_1_2_6_2.
2026/Jun/15 13:42:31.463724 EXECUTOR - Initialization of module TC_26_8_1_2_6_2 finished.
2026/Jun/15 13:42:31.463727 EXECUTOR - Initializing module TC_26_8_1_2_6_3.
2026/Jun/15 13:42:31.463733 EXECUTOR - Initialization of module TC_26_8_1_2_6_3 finished.
2026/Jun/15 13:42:31.463737 EXECUTOR - Initializing module TC_26_8_1_2_6_6.
2026/Jun/15 13:42:31.463743 EXECUTOR - Initialization of module TC_26_8_1_2_6_6 finished.
2026/Jun/15 13:42:31.463747 EXECUTOR - Initializing module TC_26_8_1_3_1_1.
2026/Jun/15 13:42:31.463754 EXECUTOR - Initialization of module TC_26_8_1_3_1_1 finished.
2026/Jun/15 13:42:31.463757 EXECUTOR - Initializing module TC_26_8_1_3_2_1.
2026/Jun/15 13:42:31.463764 EXECUTOR - Initialization of module TC_26_8_1_3_2_1 finished.
2026/Jun/15 13:42:31.463767 EXECUTOR - Initializing module TC_26_8_1_3_3_1.
2026/Jun/15 13:42:31.463774 EXECUTOR - Initialization of module TC_26_8_1_3_3_1 finished.
2026/Jun/15 13:42:31.463777 EXECUTOR - Initializing module TC_26_8_1_3_3_2.
2026/Jun/15 13:42:31.463783 EXECUTOR - Initialization of module TC_26_8_1_3_3_2 finished.
2026/Jun/15 13:42:31.463787 EXECUTOR - Initializing module TC_26_8_1_3_3_3.
2026/Jun/15 13:42:31.463794 EXECUTOR - Initialization of module TC_26_8_1_3_3_3 finished.
2026/Jun/15 13:42:31.463798 EXECUTOR - Initializing module TC_26_8_1_3_3_4.
2026/Jun/15 13:42:31.463804 EXECUTOR - Initialization of module TC_26_8_1_3_3_4 finished.
2026/Jun/15 13:42:31.463807 EXECUTOR - Initializing module TC_26_8_1_3_3_5.
2026/Jun/15 13:42:31.463813 EXECUTOR - Initialization of module TC_26_8_1_3_3_5 finished.
2026/Jun/15 13:42:31.463816 EXECUTOR - Initializing module TC_26_8_1_3_3_6.
2026/Jun/15 13:42:31.463828 EXECUTOR - Initialization of module TC_26_8_1_3_3_6 finished.
2026/Jun/15 13:42:31.463834 EXECUTOR - Initializing module TC_26_8_1_3_3_7.
2026/Jun/15 13:42:31.463840 EXECUTOR - Initialization of module TC_26_8_1_3_3_7 finished.
2026/Jun/15 13:42:31.463843 EXECUTOR - Initializing module TC_26_8_1_3_4_1.
2026/Jun/15 13:42:31.463853 EXECUTOR - Initialization of module TC_26_8_1_3_4_1 finished.
2026/Jun/15 13:42:31.463857 EXECUTOR - Initializing module TC_26_8_1_3_4_2.
2026/Jun/15 13:42:31.463863 EXECUTOR - Initialization of module TC_26_8_1_3_4_2 finished.
2026/Jun/15 13:42:31.463867 EXECUTOR - Initializing module TC_26_8_1_3_4_3.
2026/Jun/15 13:42:31.463873 EXECUTOR - Initialization of module TC_26_8_1_3_4_3 finished.
2026/Jun/15 13:42:31.463877 EXECUTOR - Initializing module TC_26_8_1_3_4_4.
2026/Jun/15 13:42:31.463884 EXECUTOR - Initialization of module TC_26_8_1_3_4_4 finished.
2026/Jun/15 13:42:31.463888 EXECUTOR - Initializing module TC_26_8_1_3_4_5.
2026/Jun/15 13:42:31.463895 EXECUTOR - Initialization of module TC_26_8_1_3_4_5 finished.
2026/Jun/15 13:42:31.463899 EXECUTOR - Initializing module TC_26_8_1_3_4_6.
2026/Jun/15 13:42:31.463905 EXECUTOR - Initialization of module TC_26_8_1_3_4_6 finished.
2026/Jun/15 13:42:31.463909 EXECUTOR - Initializing module TC_26_8_1_3_4_7.
2026/Jun/15 13:42:31.463914 EXECUTOR - Initialization of module TC_26_8_1_3_4_7 finished.
2026/Jun/15 13:42:31.463918 EXECUTOR - Initializing module TC_26_8_1_3_4_8.
2026/Jun/15 13:42:31.463923 EXECUTOR - Initialization of module TC_26_8_1_3_4_8 finished.
2026/Jun/15 13:42:31.463927 EXECUTOR - Initializing module TC_26_8_1_3_5_1.
2026/Jun/15 13:42:31.463932 EXECUTOR - Initialization of module TC_26_8_1_3_5_1 finished.
2026/Jun/15 13:42:31.463936 EXECUTOR - Initializing module TC_26_8_1_3_5_2.
2026/Jun/15 13:42:31.463942 EXECUTOR - Initialization of module TC_26_8_1_3_5_2 finished.
2026/Jun/15 13:42:31.463945 EXECUTOR - Initializing module TC_26_8_1_3_5_3.
2026/Jun/15 13:42:31.463951 EXECUTOR - Initialization of module TC_26_8_1_3_5_3 finished.
2026/Jun/15 13:42:31.463955 EXECUTOR - Initializing module TC_26_8_1_3_5_4.
2026/Jun/15 13:42:31.463961 EXECUTOR - Initialization of module TC_26_8_1_3_5_4 finished.
2026/Jun/15 13:42:31.463965 EXECUTOR - Initializing module TC_26_8_1_3_5_5.
2026/Jun/15 13:42:31.463971 EXECUTOR - Initialization of module TC_26_8_1_3_5_5 finished.
2026/Jun/15 13:42:31.463975 EXECUTOR - Initializing module TC_26_8_1_3_5_6.
2026/Jun/15 13:42:31.463981 EXECUTOR - Initialization of module TC_26_8_1_3_5_6 finished.
2026/Jun/15 13:42:31.463984 EXECUTOR - Initializing module TC_26_8_1_3_5_7.
2026/Jun/15 13:42:31.463991 EXECUTOR - Initialization of module TC_26_8_1_3_5_7 finished.
2026/Jun/15 13:42:31.463994 EXECUTOR - Initializing module TC_26_8_1_3_5_8.
2026/Jun/15 13:42:31.464001 EXECUTOR - Initialization of module TC_26_8_1_3_5_8 finished.
2026/Jun/15 13:42:31.464005 EXECUTOR - Initializing module TC_26_8_1_3_5_9.
2026/Jun/15 13:42:31.464011 EXECUTOR - Initialization of module TC_26_8_1_3_5_9 finished.
2026/Jun/15 13:42:31.464014 EXECUTOR - Initializing module TC_26_8_2_1.
2026/Jun/15 13:42:31.464020 EXECUTOR - Initialization of module TC_26_8_2_1 finished.
2026/Jun/15 13:42:31.464025 EXECUTOR - Initializing module TC_26_8_2_2.
2026/Jun/15 13:42:31.464032 EXECUTOR - Initialization of module TC_26_8_2_2 finished.
2026/Jun/15 13:42:31.464036 EXECUTOR - Initializing module TC_26_8_2_3.
2026/Jun/15 13:42:31.464042 EXECUTOR - Initialization of module TC_26_8_2_3 finished.
2026/Jun/15 13:42:31.464046 EXECUTOR - Initializing module TC_26_8_3.
2026/Jun/15 13:42:31.464053 EXECUTOR - Initialization of module TC_26_8_3 finished.
2026/Jun/15 13:42:31.464057 EXECUTOR - Initializing module TC_34_2_2.
2026/Jun/15 13:42:31.464064 EXECUTOR - Initialization of module TC_34_2_2 finished.
2026/Jun/15 13:42:31.464068 EXECUTOR - Initializing module TitanLoggerApi.
2026/Jun/15 13:42:31.464072 EXECUTOR - Initialization of module TitanLoggerApi finished.
2026/Jun/15 13:42:31.464076 EXECUTOR - Initializing module TitanLoggerControl.
2026/Jun/15 13:42:31.464080 EXECUTOR - Initialization of module TitanLoggerControl finished.
2026/Jun/15 13:42:31.464088 EXECUTOR - Configuration data was processed successfully.
2026/Jun/15 13:42:31.465759 EXECUTOR - MTC was created. Process id: 39.
2026/Jun/15 13:43:51.313289 EXECUTOR - Exit was requested from MC. Terminating HC.
2026/Jun/15 13:43:51.313471 EXECUTOR - Disconnected from MC.
2026/Jun/15 13:43:51.313493 EXECUTOR - TTCN-3 Host Controller finished.
