2026/Jun/15 05:58:50.754173 EXECUTOR - TTCN-3 Host Controller started on ttcn3-tc-26-8-1-2-1-1-3-gnsmd. Version: 11.1.0.
2026/Jun/15 05:58:50.754353 EXECUTOR - TTCN Logger v2.2 options: TimeStampFormat:=DateTime; LogEntityName:=No; LogEventTypes:=Yes; SourceInfoFormat:=Single; LogSensitiveData:=No; *.FileMask:=LOG_ALL; *.ConsoleMask:=ERROR | TESTCASE | USER | VERDICTOP | WARNING; LogFileSize:=0; LogFileNumber:=1; DiskFullAction:=Error
2026/Jun/15 05:58:50.754375 EXECUTOR - Maximum number of open file descriptors: 1048576,   FD_SETSIZE = 1024
2026/Jun/15 05:58:50.754530 WARNING - Warning: The address of MC was set to a local IP address. This may cause incorrect behavior if a HC from a remote host also connects to MC.
2026/Jun/15 05:58:50.754567 EXECUTOR - The address of MC was set to 127.0.0.1:0.
2026/Jun/15 05:58:50.754693 EXECUTOR - Connected to MC.
2026/Jun/15 05:58:50.754795 EXECUTOR - This host supports UNIX domain sockets for local communication.
2026/Jun/15 05:58:50.755136 EXECUTOR - Processing configuration data received from MC.
2026/Jun/15 05:58:50.755423 WARNING - Warning: Skeleton `/results/TC_26_8_1_2_1_1-2026-06-15-055849/%n.log' does not guarantee unique log file name for every test system process. It may cause unpredictable results if several test components try to write into the same log file.
2026/Jun/15 05:58:50.755775 EXECUTOR - Module GSM_Constants has the following parameters: { TSPC_Serv_TS11 := true, TSPC_Serv_TS61 := false, TSPC_Serv_TS62 := false, TSPC_Serv_BS21 := false, TSPC_Serv_BS22 := false, TSPC_Serv_BS24 := false, TSPC_Serv_BS25 := false, TSPC_Serv_BS26 := false, TSPC_Serv_BS31 := false, TSPC_Serv_BS32 := false, TSPC_Serv_BS33 := false, TSPC_Serv_BS34 := false, TSPC_Serv_BS41 := false, TSPC_Serv_BS42 := false, TSPC_Serv_BS43 := false, TSPC_Serv_BS44 := false, TSPC_Serv_BS45 := false, TSPC_Serv_BS51 := false, TSPC_Serv_BS61 := false, TSPC_Serv_BS81 := false, TSPC_DualRate := false, TSPC_MTsvc := true, TSPX_IMSI := '901700000000001F'O, TSPX_TMSI := '1914D97F'O, TSPX_CKSNDef := 0, TSPX_RANDDef := '00112233445566778899AABBCCDDEEFF'O, TSPX_SRES := '12345678'O, TSPX_Kc := '0000000000000000'O, TSPX_SDCCH4SubDef := 0, TSPX_TmSltDef := 0, TSPX_TscDef := 7, TSPX_TCHHSubDef := 0, TCV_CC := true, TSPX_Telephony_Rate := C_Full (0), TSPX_MOBscSvcA := C_Telephony (0), TSPX_MOBscSvcB := C_Telephony (0), TSPX_MOBscSvcC := C_Telephony (0), TSPX_MOBscSvcD := C_Telephony (0), TSPX_MOBscSvcE := C_Telephony (0), TSPX_MOBscSvcF := C_Telephony (0), TSPX_MOBscSvcG := C_Telephony (0), TSPX_MOChRateA := C_Full (0), TSPX_MOChRateB := C_Full (0), TSPX_MOChRateC := C_Full (0), TSPX_MOChRateD := C_Full (0), TSPX_MOChRateE := C_Full (0), TSPX_MOChRateF := C_Full (0), TSPX_MOChRateG := C_Full (0), TSPX_MTBscSvcA := C_Telephony (0), TSPX_MTBscSvcB := C_Telephony (0), TSPX_MTBscSvcC := C_Telephony (0), TSPX_MTBscSvcD := C_Telephony (0), TSPX_MTBscSvcE := C_Telephony (0), TSPX_MTBscSvcF := C_Telephony (0), TSPX_MTBscSvcG := C_Telephony (0), TSPX_MTBscSvcH := C_Telephony (0), TSPX_MTBscSvcI := C_Telephony (0), TSPX_MTBscSvcJ := C_Telephony (0), TSPX_MTChRateA := C_Full (0), TSPX_MTChRateB := C_Full (0), TSPX_MTChRateC := C_Full (0), TSPX_MTChRateD := C_Full (0), TSPX_MTChRateE := C_Full (0), TSPX_MTChRateF := C_Full (0), TSPX_MTChRateG := C_Full (0), TSPX_MTChRateH := C_Full (0), TSPX_MTChRateI := C_Full (0), TSPX_MTChRateJ := C_Full (0), C_arfcnA := 100 }
2026/Jun/15 05:58:50.755882 EXECUTOR - Module TC_26_6_1_2 has the following parameters: { TSPX_nPara := 3, TSPX_i1Para := 3, TSPX_kPara := 5, TSPX_i2Para := 1, TSPX_rPara := 4, TSPX_i3Para := 4 }
2026/Jun/15 05:58:50.755918 EXECUTOR - Initializing module GSM_Component_Definitions.
2026/Jun/15 05:58:50.755926 EXECUTOR GSM_Component_Definitions.ttcn3:0 Initializing module GSM_Templates.
2026/Jun/15 05:58:50.755947 EXECUTOR GSM_Templates.ttcn3:0 Initializing module GSM_Constants.
2026/Jun/15 05:58:50.755955 EXECUTOR GSM_Constants.ttcn3:0 Initializing module GSM_Types.
2026/Jun/15 05:58:50.755959 EXECUTOR GSM_Constants.ttcn3:0 Initialization of module GSM_Types finished.
2026/Jun/15 05:58:50.755963 EXECUTOR GSM_Templates.ttcn3:0 Initialization of module GSM_Constants finished.
2026/Jun/15 05:58:50.756048 EXECUTOR GSM_Component_Definitions.ttcn3:0 Initialization of module GSM_Templates finished.
2026/Jun/15 05:58:50.756053 EXECUTOR - Initialization of module GSM_Component_Definitions finished.
2026/Jun/15 05:58:50.756057 EXECUTOR - Initializing module GSM_Functions.
2026/Jun/15 05:58:50.756085 EXECUTOR - Initialization of module GSM_Functions finished.
2026/Jun/15 05:58:50.756089 EXECUTOR - Initializing module PreGenRecordOf.
2026/Jun/15 05:58:50.756092 EXECUTOR - Initialization of module PreGenRecordOf finished.
2026/Jun/15 05:58:50.756095 EXECUTOR - Initializing module TC_26_2_1_3.
2026/Jun/15 05:58:50.756102 EXECUTOR - Initialization of module TC_26_2_1_3 finished.
2026/Jun/15 05:58:50.756105 EXECUTOR - Initializing module TC_26_2_2.
2026/Jun/15 05:58:50.756111 EXECUTOR - Initialization of module TC_26_2_2 finished.
2026/Jun/15 05:58:50.756115 EXECUTOR - Initializing module TC_26_2_3.
2026/Jun/15 05:58:50.756121 EXECUTOR - Initialization of module TC_26_2_3 finished.
2026/Jun/15 05:58:50.756124 EXECUTOR - Initializing module TC_26_6_11_1.
2026/Jun/15 05:58:50.756130 EXECUTOR - Initialization of module TC_26_6_11_1 finished.
2026/Jun/15 05:58:50.756133 EXECUTOR - Initializing module TC_26_6_11_2.
2026/Jun/15 05:58:50.756139 EXECUTOR - Initialization of module TC_26_6_11_2 finished.
2026/Jun/15 05:58:50.756142 EXECUTOR - Initializing module TC_26_6_12_1.
2026/Jun/15 05:58:50.756148 EXECUTOR - Initialization of module TC_26_6_12_1 finished.
2026/Jun/15 05:58:50.756151 EXECUTOR - Initializing module TC_26_6_12_2.
2026/Jun/15 05:58:50.756158 EXECUTOR - Initialization of module TC_26_6_12_2 finished.
2026/Jun/15 05:58:50.756161 EXECUTOR - Initializing module TC_26_6_12_3.
2026/Jun/15 05:58:50.756166 EXECUTOR - Initialization of module TC_26_6_12_3 finished.
2026/Jun/15 05:58:50.756169 EXECUTOR - Initializing module TC_26_6_12_4.
2026/Jun/15 05:58:50.756176 EXECUTOR - Initialization of module TC_26_6_12_4 finished.
2026/Jun/15 05:58:50.756179 EXECUTOR - Initializing module TC_26_6_13_10.
2026/Jun/15 05:58:50.756184 EXECUTOR - Initialization of module TC_26_6_13_10 finished.
2026/Jun/15 05:58:50.756188 EXECUTOR - Initializing module TC_26_6_13_9.
2026/Jun/15 05:58:50.756193 EXECUTOR - Initialization of module TC_26_6_13_9 finished.
2026/Jun/15 05:58:50.756197 EXECUTOR - Initializing module TC_26_6_1_1.
2026/Jun/15 05:58:50.756202 EXECUTOR - Initialization of module TC_26_6_1_1 finished.
2026/Jun/15 05:58:50.756206 EXECUTOR - Initializing module TC_26_6_1_2.
2026/Jun/15 05:58:50.756211 EXECUTOR - Initialization of module TC_26_6_1_2 finished.
2026/Jun/15 05:58:50.756215 EXECUTOR - Initializing module TC_26_6_1_3.
2026/Jun/15 05:58:50.756221 EXECUTOR - Initialization of module TC_26_6_1_3 finished.
2026/Jun/15 05:58:50.756224 EXECUTOR - Initializing module TC_26_6_1_4.
2026/Jun/15 05:58:50.756230 EXECUTOR - Initialization of module TC_26_6_1_4 finished.
2026/Jun/15 05:58:50.756233 EXECUTOR - Initializing module TC_26_6_1_5.
2026/Jun/15 05:58:50.756238 EXECUTOR - Initialization of module TC_26_6_1_5 finished.
2026/Jun/15 05:58:50.756242 EXECUTOR - Initializing module TC_26_6_2_1_1.
2026/Jun/15 05:58:50.756248 EXECUTOR - Initialization of module TC_26_6_2_1_1 finished.
2026/Jun/15 05:58:50.756251 EXECUTOR - Initializing module TC_26_6_2_1_2.
2026/Jun/15 05:58:50.756257 EXECUTOR - Initialization of module TC_26_6_2_1_2 finished.
2026/Jun/15 05:58:50.756260 EXECUTOR - Initializing module TC_26_6_2_1_3.
2026/Jun/15 05:58:50.756266 EXECUTOR - Initialization of module TC_26_6_2_1_3 finished.
2026/Jun/15 05:58:50.756269 EXECUTOR - Initializing module TC_26_6_2_2.
2026/Jun/15 05:58:50.756275 EXECUTOR - Initialization of module TC_26_6_2_2 finished.
2026/Jun/15 05:58:50.756279 EXECUTOR - Initializing module TC_26_6_2_3_1.
2026/Jun/15 05:58:50.756285 EXECUTOR - Initialization of module TC_26_6_2_3_1 finished.
2026/Jun/15 05:58:50.756288 EXECUTOR - Initializing module TC_26_6_2_3_2.
2026/Jun/15 05:58:50.756294 EXECUTOR - Initialization of module TC_26_6_2_3_2 finished.
2026/Jun/15 05:58:50.756306 EXECUTOR - Initializing module TC_26_6_2_4.
2026/Jun/15 05:58:50.756313 EXECUTOR - Initialization of module TC_26_6_2_4 finished.
2026/Jun/15 05:58:50.756316 EXECUTOR - Initializing module TC_26_6_3_1.
2026/Jun/15 05:58:50.756322 EXECUTOR - Initialization of module TC_26_6_3_1 finished.
2026/Jun/15 05:58:50.756325 EXECUTOR - Initializing module TC_26_6_3_4.
2026/Jun/15 05:58:50.756332 EXECUTOR - Initialization of module TC_26_6_3_4 finished.
2026/Jun/15 05:58:50.756335 EXECUTOR - Initializing module TC_26_6_4_1.
2026/Jun/15 05:58:50.756341 EXECUTOR - Initialization of module TC_26_6_4_1 finished.
2026/Jun/15 05:58:50.756344 EXECUTOR - Initializing module TC_26_6_4_2_2.
2026/Jun/15 05:58:50.756350 EXECUTOR - Initialization of module TC_26_6_4_2_2 finished.
2026/Jun/15 05:58:50.756353 EXECUTOR - Initializing module TC_26_6_5_1.
2026/Jun/15 05:58:50.756359 EXECUTOR - Initialization of module TC_26_6_5_1 finished.
2026/Jun/15 05:58:50.756362 EXECUTOR - Initializing module TC_26_6_5_2_1.
2026/Jun/15 05:58:50.756369 EXECUTOR - Initialization of module TC_26_6_5_2_1 finished.
2026/Jun/15 05:58:50.756372 EXECUTOR - Initializing module TC_26_6_8_1.
2026/Jun/15 05:58:50.756378 EXECUTOR - Initialization of module TC_26_6_8_1 finished.
2026/Jun/15 05:58:50.756381 EXECUTOR - Initializing module TC_26_6_8_2.
2026/Jun/15 05:58:50.756387 EXECUTOR - Initialization of module TC_26_6_8_2 finished.
2026/Jun/15 05:58:50.756390 EXECUTOR - Initializing module TC_26_6_8_3.
2026/Jun/15 05:58:50.756396 EXECUTOR - Initialization of module TC_26_6_8_3 finished.
2026/Jun/15 05:58:50.756399 EXECUTOR - Initializing module TC_26_6_8_4.
2026/Jun/15 05:58:50.756405 EXECUTOR - Initialization of module TC_26_6_8_4 finished.
2026/Jun/15 05:58:50.756408 EXECUTOR - Initializing module TC_26_6_8_5.
2026/Jun/15 05:58:50.756414 EXECUTOR - Initialization of module TC_26_6_8_5 finished.
2026/Jun/15 05:58:50.756417 EXECUTOR - Initializing module TC_26_7_1.
2026/Jun/15 05:58:50.756424 EXECUTOR - Initialization of module TC_26_7_1 finished.
2026/Jun/15 05:58:50.756427 EXECUTOR - Initializing module TC_26_7_2_1.
2026/Jun/15 05:58:50.756432 EXECUTOR - Initialization of module TC_26_7_2_1 finished.
2026/Jun/15 05:58:50.756436 EXECUTOR - Initializing module TC_26_7_2_2.
2026/Jun/15 05:58:50.756441 EXECUTOR - Initialization of module TC_26_7_2_2 finished.
2026/Jun/15 05:58:50.756444 EXECUTOR - Initializing module TC_26_7_3_1.
2026/Jun/15 05:58:50.756450 EXECUTOR - Initialization of module TC_26_7_3_1 finished.
2026/Jun/15 05:58:50.756454 EXECUTOR - Initializing module TC_26_7_3_2.
2026/Jun/15 05:58:50.756460 EXECUTOR - Initialization of module TC_26_7_3_2 finished.
2026/Jun/15 05:58:50.756463 EXECUTOR - Initializing module TC_26_7_4_1.
2026/Jun/15 05:58:50.756469 EXECUTOR - Initialization of module TC_26_7_4_1 finished.
2026/Jun/15 05:58:50.756472 EXECUTOR - Initializing module TC_26_7_4_2_1.
2026/Jun/15 05:58:50.756478 EXECUTOR - Initialization of module TC_26_7_4_2_1 finished.
2026/Jun/15 05:58:50.756481 EXECUTOR - Initializing module TC_26_7_4_2_2_1.
2026/Jun/15 05:58:50.756487 EXECUTOR - Initialization of module TC_26_7_4_2_2_1 finished.
2026/Jun/15 05:58:50.756490 EXECUTOR - Initializing module TC_26_7_4_2_2_2.
2026/Jun/15 05:58:50.756496 EXECUTOR - Initialization of module TC_26_7_4_2_2_2 finished.
2026/Jun/15 05:58:50.756499 EXECUTOR - Initializing module TC_26_7_4_2_3.
2026/Jun/15 05:58:50.756505 EXECUTOR - Initialization of module TC_26_7_4_2_3 finished.
2026/Jun/15 05:58:50.756508 EXECUTOR - Initializing module TC_26_7_4_2_4_1.
2026/Jun/15 05:58:50.756515 EXECUTOR - Initialization of module TC_26_7_4_2_4_1 finished.
2026/Jun/15 05:58:50.756518 EXECUTOR - Initializing module TC_26_7_4_2_4_2.
2026/Jun/15 05:58:50.756524 EXECUTOR - Initialization of module TC_26_7_4_2_4_2 finished.
2026/Jun/15 05:58:50.756527 EXECUTOR - Initializing module TC_26_7_4_2_4_3.
2026/Jun/15 05:58:50.756533 EXECUTOR - Initialization of module TC_26_7_4_2_4_3 finished.
2026/Jun/15 05:58:50.756536 EXECUTOR - Initializing module TC_26_7_4_2_4_4.
2026/Jun/15 05:58:50.756546 EXECUTOR - Initialization of module TC_26_7_4_2_4_4 finished.
2026/Jun/15 05:58:50.756550 EXECUTOR - Initializing module TC_26_7_4_2_4_5.
2026/Jun/15 05:58:50.756556 EXECUTOR - Initialization of module TC_26_7_4_2_4_5 finished.
2026/Jun/15 05:58:50.756559 EXECUTOR - Initializing module TC_26_7_4_3_1.
2026/Jun/15 05:58:50.756565 EXECUTOR - Initialization of module TC_26_7_4_3_1 finished.
2026/Jun/15 05:58:50.756568 EXECUTOR - Initializing module TC_26_7_4_3_2.
2026/Jun/15 05:58:50.756574 EXECUTOR - Initialization of module TC_26_7_4_3_2 finished.
2026/Jun/15 05:58:50.756577 EXECUTOR - Initializing module TC_26_7_4_3_3.
2026/Jun/15 05:58:50.756583 EXECUTOR - Initialization of module TC_26_7_4_3_3 finished.
2026/Jun/15 05:58:50.756587 EXECUTOR - Initializing module TC_26_7_4_3_4.
2026/Jun/15 05:58:50.756593 EXECUTOR - Initialization of module TC_26_7_4_3_4 finished.
2026/Jun/15 05:58:50.756596 EXECUTOR - Initializing module TC_26_7_4_4.
2026/Jun/15 05:58:50.756602 EXECUTOR - Initialization of module TC_26_7_4_4 finished.
2026/Jun/15 05:58:50.756605 EXECUTOR - Initializing module TC_26_7_4_5_1.
2026/Jun/15 05:58:50.756611 EXECUTOR - Initialization of module TC_26_7_4_5_1 finished.
2026/Jun/15 05:58:50.756614 EXECUTOR - Initializing module TC_26_7_4_5_2.
2026/Jun/15 05:58:50.756619 EXECUTOR - Initialization of module TC_26_7_4_5_2 finished.
2026/Jun/15 05:58:50.756623 EXECUTOR - Initializing module TC_26_7_4_5_3.
2026/Jun/15 05:58:50.756629 EXECUTOR - Initialization of module TC_26_7_4_5_3 finished.
2026/Jun/15 05:58:50.756649 EXECUTOR - Initializing module TC_26_7_4_5_4_2.
2026/Jun/15 05:58:50.756656 EXECUTOR - Initialization of module TC_26_7_4_5_4_2 finished.
2026/Jun/15 05:58:50.756659 EXECUTOR - Initializing module TC_26_7_5_2.
2026/Jun/15 05:58:50.756665 EXECUTOR - Initialization of module TC_26_7_5_2 finished.
2026/Jun/15 05:58:50.756668 EXECUTOR - Initializing module TC_26_7_5_3.
2026/Jun/15 05:58:50.756674 EXECUTOR - Initialization of module TC_26_7_5_3 finished.
2026/Jun/15 05:58:50.756677 EXECUTOR - Initializing module TC_26_7_5_4.
2026/Jun/15 05:58:50.756683 EXECUTOR - Initialization of module TC_26_7_5_4 finished.
2026/Jun/15 05:58:50.756687 EXECUTOR - Initializing module TC_26_7_5_5.
2026/Jun/15 05:58:50.756693 EXECUTOR - Initialization of module TC_26_7_5_5 finished.
2026/Jun/15 05:58:50.756696 EXECUTOR - Initializing module TC_26_7_5_6.
2026/Jun/15 05:58:50.756702 EXECUTOR - Initialization of module TC_26_7_5_6 finished.
2026/Jun/15 05:58:50.756705 EXECUTOR - Initializing module TC_26_7_5_7_1.
2026/Jun/15 05:58:50.756711 EXECUTOR - Initialization of module TC_26_7_5_7_1 finished.
2026/Jun/15 05:58:50.756715 EXECUTOR - Initializing module TC_26_7_5_8_1.
2026/Jun/15 05:58:50.756721 EXECUTOR - Initialization of module TC_26_7_5_8_1 finished.
2026/Jun/15 05:58:50.756724 EXECUTOR - Initializing module TC_26_7_5_8_2.
2026/Jun/15 05:58:50.756730 EXECUTOR - Initialization of module TC_26_7_5_8_2 finished.
2026/Jun/15 05:58:50.756733 EXECUTOR - Initializing module TC_26_7_5_8_3.
2026/Jun/15 05:58:50.756739 EXECUTOR - Initialization of module TC_26_7_5_8_3 finished.
2026/Jun/15 05:58:50.756742 EXECUTOR - Initializing module TC_26_8_1_2_1_1.
2026/Jun/15 05:58:50.756748 EXECUTOR - Initialization of module TC_26_8_1_2_1_1 finished.
2026/Jun/15 05:58:50.756751 EXECUTOR - Initializing module TC_26_8_1_2_2_1.
2026/Jun/15 05:58:50.756757 EXECUTOR - Initialization of module TC_26_8_1_2_2_1 finished.
2026/Jun/15 05:58:50.756760 EXECUTOR - Initializing module TC_26_8_1_2_2_2.
2026/Jun/15 05:58:50.756766 EXECUTOR - Initialization of module TC_26_8_1_2_2_2 finished.
2026/Jun/15 05:58:50.756769 EXECUTOR - Initializing module TC_26_8_1_2_2_3.
2026/Jun/15 05:58:50.756775 EXECUTOR - Initialization of module TC_26_8_1_2_2_3 finished.
2026/Jun/15 05:58:50.756778 EXECUTOR - Initializing module TC_26_8_1_2_3_1.
2026/Jun/15 05:58:50.756784 EXECUTOR - Initialization of module TC_26_8_1_2_3_1 finished.
2026/Jun/15 05:58:50.756787 EXECUTOR - Initializing module TC_26_8_1_2_3_2.
2026/Jun/15 05:58:50.756796 EXECUTOR - Initialization of module TC_26_8_1_2_3_2 finished.
2026/Jun/15 05:58:50.756800 EXECUTOR - Initializing module TC_26_8_1_2_3_3.
2026/Jun/15 05:58:50.756806 EXECUTOR - Initialization of module TC_26_8_1_2_3_3 finished.
2026/Jun/15 05:58:50.756809 EXECUTOR - Initializing module TC_26_8_1_2_3_4.
2026/Jun/15 05:58:50.756815 EXECUTOR - Initialization of module TC_26_8_1_2_3_4 finished.
2026/Jun/15 05:58:50.756818 EXECUTOR - Initializing module TC_26_8_1_2_3_5.
2026/Jun/15 05:58:50.756834 EXECUTOR - Initialization of module TC_26_8_1_2_3_5 finished.
2026/Jun/15 05:58:50.756837 EXECUTOR - Initializing module TC_26_8_1_2_3_6.
2026/Jun/15 05:58:50.756844 EXECUTOR - Initialization of module TC_26_8_1_2_3_6 finished.
2026/Jun/15 05:58:50.756847 EXECUTOR - Initializing module TC_26_8_1_2_3_7.
2026/Jun/15 05:58:50.756853 EXECUTOR - Initialization of module TC_26_8_1_2_3_7 finished.
2026/Jun/15 05:58:50.756857 EXECUTOR - Initializing module TC_26_8_1_2_4_1.
2026/Jun/15 05:58:50.756863 EXECUTOR - Initialization of module TC_26_8_1_2_4_1 finished.
2026/Jun/15 05:58:50.756866 EXECUTOR - Initializing module TC_26_8_1_2_4_13.
2026/Jun/15 05:58:50.756872 EXECUTOR - Initialization of module TC_26_8_1_2_4_13 finished.
2026/Jun/15 05:58:50.756876 EXECUTOR - Initializing module TC_26_8_1_2_4_2.
2026/Jun/15 05:58:50.756882 EXECUTOR - Initialization of module TC_26_8_1_2_4_2 finished.
2026/Jun/15 05:58:50.756885 EXECUTOR - Initializing module TC_26_8_1_2_4_3.
2026/Jun/15 05:58:50.756891 EXECUTOR - Initialization of module TC_26_8_1_2_4_3 finished.
2026/Jun/15 05:58:50.756895 EXECUTOR - Initializing module TC_26_8_1_2_4_4.
2026/Jun/15 05:58:50.756901 EXECUTOR - Initialization of module TC_26_8_1_2_4_4 finished.
2026/Jun/15 05:58:50.756904 EXECUTOR - Initializing module TC_26_8_1_2_4_5.
2026/Jun/15 05:58:50.756911 EXECUTOR - Initialization of module TC_26_8_1_2_4_5 finished.
2026/Jun/15 05:58:50.756914 EXECUTOR - Initializing module TC_26_8_1_2_6_1.
2026/Jun/15 05:58:50.756921 EXECUTOR - Initialization of module TC_26_8_1_2_6_1 finished.
2026/Jun/15 05:58:50.756924 EXECUTOR - Initializing module TC_26_8_1_2_6_2.
2026/Jun/15 05:58:50.756930 EXECUTOR - Initialization of module TC_26_8_1_2_6_2 finished.
2026/Jun/15 05:58:50.756934 EXECUTOR - Initializing module TC_26_8_1_2_6_3.
2026/Jun/15 05:58:50.756939 EXECUTOR - Initialization of module TC_26_8_1_2_6_3 finished.
2026/Jun/15 05:58:50.756942 EXECUTOR - Initializing module TC_26_8_1_2_6_6.
2026/Jun/15 05:58:50.756948 EXECUTOR - Initialization of module TC_26_8_1_2_6_6 finished.
2026/Jun/15 05:58:50.756951 EXECUTOR - Initializing module TC_26_8_1_3_1_1.
2026/Jun/15 05:58:50.756958 EXECUTOR - Initialization of module TC_26_8_1_3_1_1 finished.
2026/Jun/15 05:58:50.756961 EXECUTOR - Initializing module TC_26_8_1_3_2_1.
2026/Jun/15 05:58:50.756967 EXECUTOR - Initialization of module TC_26_8_1_3_2_1 finished.
2026/Jun/15 05:58:50.756971 EXECUTOR - Initializing module TC_26_8_1_3_3_1.
2026/Jun/15 05:58:50.756977 EXECUTOR - Initialization of module TC_26_8_1_3_3_1 finished.
2026/Jun/15 05:58:50.756980 EXECUTOR - Initializing module TC_26_8_1_3_3_2.
2026/Jun/15 05:58:50.756986 EXECUTOR - Initialization of module TC_26_8_1_3_3_2 finished.
2026/Jun/15 05:58:50.756990 EXECUTOR - Initializing module TC_26_8_1_3_3_3.
2026/Jun/15 05:58:50.756996 EXECUTOR - Initialization of module TC_26_8_1_3_3_3 finished.
2026/Jun/15 05:58:50.756999 EXECUTOR - Initializing module TC_26_8_1_3_3_4.
2026/Jun/15 05:58:50.757005 EXECUTOR - Initialization of module TC_26_8_1_3_3_4 finished.
2026/Jun/15 05:58:50.757008 EXECUTOR - Initializing module TC_26_8_1_3_3_5.
2026/Jun/15 05:58:50.757014 EXECUTOR - Initialization of module TC_26_8_1_3_3_5 finished.
2026/Jun/15 05:58:50.757017 EXECUTOR - Initializing module TC_26_8_1_3_3_6.
2026/Jun/15 05:58:50.757023 EXECUTOR - Initialization of module TC_26_8_1_3_3_6 finished.
2026/Jun/15 05:58:50.757026 EXECUTOR - Initializing module TC_26_8_1_3_3_7.
2026/Jun/15 05:58:50.757032 EXECUTOR - Initialization of module TC_26_8_1_3_3_7 finished.
2026/Jun/15 05:58:50.757036 EXECUTOR - Initializing module TC_26_8_1_3_4_1.
2026/Jun/15 05:58:50.757045 EXECUTOR - Initialization of module TC_26_8_1_3_4_1 finished.
2026/Jun/15 05:58:50.757049 EXECUTOR - Initializing module TC_26_8_1_3_4_2.
2026/Jun/15 05:58:50.757055 EXECUTOR - Initialization of module TC_26_8_1_3_4_2 finished.
2026/Jun/15 05:58:50.757058 EXECUTOR - Initializing module TC_26_8_1_3_4_3.
2026/Jun/15 05:58:50.757064 EXECUTOR - Initialization of module TC_26_8_1_3_4_3 finished.
2026/Jun/15 05:58:50.757067 EXECUTOR - Initializing module TC_26_8_1_3_4_4.
2026/Jun/15 05:58:50.757074 EXECUTOR - Initialization of module TC_26_8_1_3_4_4 finished.
2026/Jun/15 05:58:50.757077 EXECUTOR - Initializing module TC_26_8_1_3_4_5.
2026/Jun/15 05:58:50.757083 EXECUTOR - Initialization of module TC_26_8_1_3_4_5 finished.
2026/Jun/15 05:58:50.757086 EXECUTOR - Initializing module TC_26_8_1_3_4_6.
2026/Jun/15 05:58:50.757094 EXECUTOR - Initialization of module TC_26_8_1_3_4_6 finished.
2026/Jun/15 05:58:50.757097 EXECUTOR - Initializing module TC_26_8_1_3_4_7.
2026/Jun/15 05:58:50.757103 EXECUTOR - Initialization of module TC_26_8_1_3_4_7 finished.
2026/Jun/15 05:58:50.757107 EXECUTOR - Initializing module TC_26_8_1_3_4_8.
2026/Jun/15 05:58:50.757113 EXECUTOR - Initialization of module TC_26_8_1_3_4_8 finished.
2026/Jun/15 05:58:50.757116 EXECUTOR - Initializing module TC_26_8_1_3_5_1.
2026/Jun/15 05:58:50.757122 EXECUTOR - Initialization of module TC_26_8_1_3_5_1 finished.
2026/Jun/15 05:58:50.757126 EXECUTOR - Initializing module TC_26_8_1_3_5_2.
2026/Jun/15 05:58:50.757132 EXECUTOR - Initialization of module TC_26_8_1_3_5_2 finished.
2026/Jun/15 05:58:50.757135 EXECUTOR - Initializing module TC_26_8_1_3_5_3.
2026/Jun/15 05:58:50.757142 EXECUTOR - Initialization of module TC_26_8_1_3_5_3 finished.
2026/Jun/15 05:58:50.757145 EXECUTOR - Initializing module TC_26_8_1_3_5_4.
2026/Jun/15 05:58:50.757152 EXECUTOR - Initialization of module TC_26_8_1_3_5_4 finished.
2026/Jun/15 05:58:50.757155 EXECUTOR - Initializing module TC_26_8_1_3_5_5.
2026/Jun/15 05:58:50.757161 EXECUTOR - Initialization of module TC_26_8_1_3_5_5 finished.
2026/Jun/15 05:58:50.757164 EXECUTOR - Initializing module TC_26_8_1_3_5_6.
2026/Jun/15 05:58:50.757171 EXECUTOR - Initialization of module TC_26_8_1_3_5_6 finished.
2026/Jun/15 05:58:50.757174 EXECUTOR - Initializing module TC_26_8_1_3_5_7.
2026/Jun/15 05:58:50.757181 EXECUTOR - Initialization of module TC_26_8_1_3_5_7 finished.
2026/Jun/15 05:58:50.757184 EXECUTOR - Initializing module TC_26_8_1_3_5_8.
2026/Jun/15 05:58:50.757191 EXECUTOR - Initialization of module TC_26_8_1_3_5_8 finished.
2026/Jun/15 05:58:50.757194 EXECUTOR - Initializing module TC_26_8_1_3_5_9.
2026/Jun/15 05:58:50.757200 EXECUTOR - Initialization of module TC_26_8_1_3_5_9 finished.
2026/Jun/15 05:58:50.757203 EXECUTOR - Initializing module TC_26_8_2_1.
2026/Jun/15 05:58:50.757210 EXECUTOR - Initialization of module TC_26_8_2_1 finished.
2026/Jun/15 05:58:50.757213 EXECUTOR - Initializing module TC_26_8_2_2.
2026/Jun/15 05:58:50.757219 EXECUTOR - Initialization of module TC_26_8_2_2 finished.
2026/Jun/15 05:58:50.757222 EXECUTOR - Initializing module TC_26_8_2_3.
2026/Jun/15 05:58:50.757228 EXECUTOR - Initialization of module TC_26_8_2_3 finished.
2026/Jun/15 05:58:50.757232 EXECUTOR - Initializing module TC_26_8_3.
2026/Jun/15 05:58:50.757238 EXECUTOR - Initialization of module TC_26_8_3 finished.
2026/Jun/15 05:58:50.757241 EXECUTOR - Initializing module TC_34_2_2.
2026/Jun/15 05:58:50.757247 EXECUTOR - Initialization of module TC_34_2_2 finished.
2026/Jun/15 05:58:50.757250 EXECUTOR - Initializing module TitanLoggerApi.
2026/Jun/15 05:58:50.757253 EXECUTOR - Initialization of module TitanLoggerApi finished.
2026/Jun/15 05:58:50.757256 EXECUTOR - Initializing module TitanLoggerControl.
2026/Jun/15 05:58:50.757260 EXECUTOR - Initialization of module TitanLoggerControl finished.
2026/Jun/15 05:58:50.757272 EXECUTOR - Configuration data was processed successfully.
2026/Jun/15 05:58:50.758960 EXECUTOR - MTC was created. Process id: 39.
2026/Jun/15 06:00:06.815785 EXECUTOR - Exit was requested from MC. Terminating HC.
2026/Jun/15 06:00:06.816026 EXECUTOR - Disconnected from MC.
2026/Jun/15 06:00:06.816068 EXECUTOR - TTCN-3 Host Controller finished.
