[run-one] Namespace : gsm-1
[run-one] Tests     : TC_26_8_1_3_2_1 TC_26_7_3_1 TC_26_7_4_4
[run-one] Results   : results/week04/run20260605-064459-N2/ns-1
[run-one] INFO  Images already in local registry.
[run-one] INFO  Creating namespace gsm-1...
namespace/gsm-1 created
[run-one] INFO  Applying manifests from /work/gouri.naik/sampige-scaling-intern-2026/refs/osmocom-demo/k8s/base/ ...
service/osmo-bsc created
deployment.apps/osmo-bsc created
deployment.apps/osmo-bts-virtual created
configmap/osmo-stp-cfg created
configmap/osmo-hlr-cfg created
configmap/osmo-msc-cfg created
configmap/osmo-mgw-cfg created
configmap/osmo-bsc-cfg created
configmap/osmo-bts-virtual-cfg created
configmap/osmo-mobile-cfg created
service/osmo-hlr created
deployment.apps/osmo-hlr created
service/osmo-mgw created
deployment.apps/osmo-mgw created
service/osmo-mobile created
deployment.apps/osmo-mobile created
service/msc-test-stub created
deployment.apps/msc-test-stub created
Warning: resource namespaces/gsm-1 is missing the kubectl.kubernetes.io/last-applied-configuration annotation which is required by kubectl apply. kubectl apply should only be used on resources created declaratively by either kubectl create --save-config or kubectl apply. The missing annotation will be patched automatically.
namespace/gsm-1 configured
service/osmo-stp created
deployment.apps/osmo-stp created
deployment.apps/virtphy created
[run-one] INFO  Waiting up to 240s for Deployments to be Ready...
  Not ready: msc-test-stub//1
osmo-bsc//1
osmo-bts-virtual//1
osmo-hlr//1
osmo-mgw//1
osmo-mobile//1
osmo-stp//1
virtphy//1
  Not ready: msc-test-stub//1
osmo-bsc//1
osmo-mobile//1
osmo-stp//1
virtphy//1
  Not ready: msc-test-stub//1
osmo-bsc//1
osmo-mobile//1
  Not ready: msc-test-stub//1
osmo-mobile//1
  Not ready: osmo-mobile//1
  Not ready: osmo-mobile//1
  Not ready: osmo-mobile//1
[run-one] INFO  All Deployments ready.
[run-one] INFO  Waiting up to 300s for MS to camp on cell (MM_EVENT_CELL_SELECTED)...
[run-one] INFO  MS camped on cell.
[run-one] INFO  Waiting up to 60s for osmo-mobile VTY (port 4247)...
[run-one] INFO  osmo-mobile VTY ready.
[run-one] INFO  Running TC_26_8_1_3_2_1 as Job ttcn3-tc-26-8-1-3-2-1-1...
[run-one] FAIL  TC_26_8_1_3_2_1: no TITAN report dir found under /work/gouri.naik/sampige-scaling-intern-2026/refs/osmocom-demo/ttcn3/logs/
[run-one] FAIL  TC_26_8_1_3_2_1: FAIL
[run-one] INFO  Running TC_26_7_3_1 as Job ttcn3-tc-26-7-3-1-2...
[run-one] FAIL  TC_26_7_3_1: no TITAN report dir found under /work/gouri.naik/sampige-scaling-intern-2026/refs/osmocom-demo/ttcn3/logs/
[run-one] FAIL  TC_26_7_3_1: FAIL
[run-one] INFO  Running TC_26_7_4_4 as Job ttcn3-tc-26-7-4-4-3...
[run-one] FAIL  TC_26_7_4_4: no TITAN report dir found under /work/gouri.naik/sampige-scaling-intern-2026/refs/osmocom-demo/ttcn3/logs/
[run-one] FAIL  TC_26_7_4_4: FAIL
=====================================================
 TTCN-3 k8s Run Summary
 Namespace : gsm-1
 Timestamp : 20260605-064459
=====================================================
  TC_26_7_3_1                              FAIL
  TC_26_7_4_4                              FAIL
  TC_26_8_1_3_2_1                          FAIL
-----------------------------------------------------
  PASS: 0   FAIL: 3   INCONCLUSIVE: 0
=====================================================
{
  "namespaces": [
    {
      "namespace": "gsm-1",
      "bringup_s": 39.741,
      "testing_s": 362.511,
      "teardown_s": null,
      "total_s": null,
      "verdicts": [
        {
          "tc_name": "TC_26_7_3_1",
          "verdict": "FAIL"
        },
        {
          "tc_name": "TC_26_7_4_4",
          "verdict": "FAIL"
        },
        {
          "tc_name": "TC_26_8_1_3_2_1",
          "verdict": "FAIL"
        }
      ],
      "pass": 0,
      "fail": 3,
      "inconclusive": 0
    }
  ],
  "T_suite_s": 402.253,
  "N": 1,
  "pass": 0,
  "fail": 3,
  "inconclusive": 0,
  "test_durations": [
    {
      "namespace": "gsm-1",
      "tc_name": "TC_26_8_1_3_2_1",
      "duration_s": 127.583,
      "verdict": "FAIL"
    },
    {
      "namespace": "gsm-1",
      "tc_name": "TC_26_7_3_1",
      "duration_s": 140.024,
      "verdict": "FAIL"
    },
    {
      "namespace": "gsm-1",
      "tc_name": "TC_26_7_4_4",
      "duration_s": 94.891,
      "verdict": "FAIL"
    }
  ],
  "S": null,
  "E": null
}
[run-one] INFO  Done. Results: results/week04/run20260605-064459-N2/ns-1
[run-one] INFO  Teardown: deleting namespace gsm-1...
namespace "gsm-1" deleted
