2026/Jun/29 05:45:33.663454 EXECUTOR - TTCN-3 Host Controller started on ttcn3-tc-26-6-5-2-6-1-xvxnb. Version: 11.1.0.
2026/Jun/29 05:45:33.663629 EXECUTOR - TTCN Logger v2.2 options: TimeStampFormat:=DateTime; LogEntityName:=No; LogEventTypes:=Yes; SourceInfoFormat:=Single; LogSensitiveData:=No; *.FileMask:=LOG_ALL; *.ConsoleMask:=ERROR | TESTCASE | USER | VERDICTOP | WARNING; LogFileSize:=0; LogFileNumber:=1; DiskFullAction:=Error
2026/Jun/29 05:45:33.663642 EXECUTOR - Maximum number of open file descriptors: 1048576,   FD_SETSIZE = 1024
2026/Jun/29 05:45:33.663780 WARNING - Warning: The address of MC was set to a local IP address. This may cause incorrect behavior if a HC from a remote host also connects to MC.
2026/Jun/29 05:45:33.663849 EXECUTOR - The address of MC was set to 127.0.0.1:0.
2026/Jun/29 05:45:33.663980 EXECUTOR - Connected to MC.
2026/Jun/29 05:45:33.664118 EXECUTOR - This host supports UNIX domain sockets for local communication.
2026/Jun/29 05:45:33.664402 EXECUTOR - Processing configuration data received from MC.
2026/Jun/29 05:45:33.664634 WARNING - Warning: Skeleton `/results/TC_26_6_5_2_6-2026-06-29-054532/%n.log' does not guarantee unique log file name for every test system process. It may cause unpredictable results if several test components try to write into the same log file.
2026/Jun/29 05:45:33.664957 EXECUTOR - Module GSM_Constants has the following parameters: { TSPC_Serv_TS11 := true, TSPC_Serv_TS61 := false, TSPC_Serv_TS62 := false, TSPC_Serv_BS21 := false, TSPC_Serv_BS22 := false, TSPC_Serv_BS24 := false, TSPC_Serv_BS25 := false, TSPC_Serv_BS26 := false, TSPC_Serv_BS31 := false, TSPC_Serv_BS32 := false, TSPC_Serv_BS33 := false, TSPC_Serv_BS34 := false, TSPC_Serv_BS41 := false, TSPC_Serv_BS42 := false, TSPC_Serv_BS43 := false, TSPC_Serv_BS44 := false, TSPC_Serv_BS45 := false, TSPC_Serv_BS51 := false, TSPC_Serv_BS61 := false, TSPC_Serv_BS81 := false, TSPC_DualRate := false, TSPC_MTsvc := true, TSPX_IMSI := '901700000000001F'O, TSPX_TMSI := '1914D97F'O, TSPX_CKSNDef := 0, TSPX_RANDDef := '00112233445566778899AABBCCDDEEFF'O, TSPX_SRES := '12345678'O, TSPX_Kc := '0000000000000000'O, TSPX_SDCCH4SubDef := 0, TSPX_TmSltDef := 0, TSPX_TscDef := 7, TSPX_TCHHSubDef := 0, TCV_CC := true, TSPX_Telephony_Rate := C_Full (0), TSPX_MOBscSvcA := C_Telephony (0), TSPX_MOBscSvcB := C_Telephony (0), TSPX_MOBscSvcC := C_Telephony (0), TSPX_MOBscSvcD := C_Telephony (0), TSPX_MOBscSvcE := C_Telephony (0), TSPX_MOBscSvcF := C_Telephony (0), TSPX_MOBscSvcG := C_Telephony (0), TSPX_MOChRateA := C_Full (0), TSPX_MOChRateB := C_Full (0), TSPX_MOChRateC := C_Full (0), TSPX_MOChRateD := C_Full (0), TSPX_MOChRateE := C_Full (0), TSPX_MOChRateF := C_Full (0), TSPX_MOChRateG := C_Full (0), TSPX_MTBscSvcA := C_Telephony (0), TSPX_MTBscSvcB := C_Telephony (0), TSPX_MTBscSvcC := C_Telephony (0), TSPX_MTBscSvcD := C_Telephony (0), TSPX_MTBscSvcE := C_Telephony (0), TSPX_MTBscSvcF := C_Telephony (0), TSPX_MTBscSvcG := C_Telephony (0), TSPX_MTBscSvcH := C_Telephony (0), TSPX_MTBscSvcI := C_Telephony (0), TSPX_MTBscSvcJ := C_Telephony (0), TSPX_MTChRateA := C_Full (0), TSPX_MTChRateB := C_Full (0), TSPX_MTChRateC := C_Full (0), TSPX_MTChRateD := C_Full (0), TSPX_MTChRateE := C_Full (0), TSPX_MTChRateF := C_Full (0), TSPX_MTChRateG := C_Full (0), TSPX_MTChRateH := C_Full (0), TSPX_MTChRateI := C_Full (0), TSPX_MTChRateJ := C_Full (0), C_arfcnA := 100 }
2026/Jun/29 05:45:33.665037 EXECUTOR - Module TC_26_3_3 has the following parameters: { TSPC_Serv_TS12 := false }
2026/Jun/29 05:45:33.665048 EXECUTOR - Module TC_26_6_13_5 has the following parameters: { TSPC_NonSynchronizedHO := false, TSPC_FreqHopping := false, TSPC_TwoCellSetup := false }
2026/Jun/29 05:45:33.665059 EXECUTOR - Module TC_26_6_13_6 has the following parameters: { TSPC_StartingTime := false, TSPC_TwoCellSetup := false, TSPC_FhChannelConfig := false, TSPC_FhMaListCheck := false, TSPC_NonSynchronizedHO := false, TSPC_MaListEncoding := false }
2026/Jun/29 05:45:33.665069 EXECUTOR - Module TC_26_6_1_2 has the following parameters: { TSPX_nPara := 3, TSPX_i1Para := 3, TSPX_kPara := 5, TSPX_i2Para := 1, TSPX_rPara := 4, TSPX_i3Para := 4 }
2026/Jun/29 05:45:33.665085 EXECUTOR - Module TC_26_6_2_5 has the following parameters: { TSPX_CcchConf_MultiNonComb := true, TSPC_CcchgPositive := true, TSPC_CcchgComputation := false, TSPC_SdcchOmConfig := false }
2026/Jun/29 05:45:33.665095 EXECUTOR - Module TC_26_6_3_2 has the following parameters: { TSPC_SacchSiInjection := false, TSPC_MeasurementReportCheck := false }
2026/Jun/29 05:45:33.665104 EXECUTOR - Module TC_26_6_4_2_1 has the following parameters: { TSPC_SacchL1PowerCheck := false, TSPC_HalfRateChannel := false, TSPC_CCStateU10 := false }
2026/Jun/29 05:45:33.665114 EXECUTOR - Module TC_26_6_5_2_10 has the following parameters: { TSPC_FnTimingCheck := false }
2026/Jun/29 05:45:33.665123 EXECUTOR - Module TC_26_6_5_2_9 has the following parameters: { TSPC_OM_NoL2Ack := false, TSPC_SacchMrCheck := false, TSPC_FreqHopping := false, TSPC_OM_SendNextOnHO := false }
2026/Jun/29 05:45:33.665133 EXECUTOR - Module TC_26_6_5_3_1 has the following parameters: { TSPC_InterCellHO := false, TSPC_FnTiming := false, TSPC_CheckCellsPresent := false, TSPC_TimadvPwrlvlChk := false }
2026/Jun/29 05:45:33.665142 EXECUTOR - Module TC_26_6_5_4_1 has the following parameters: { TSPC_StartCellB := false, TSPC_OM_GetTxFn := false, TSPC_FnTimingCheck := false, TSPC_TimadvPwrlvlChk := false }
2026/Jun/29 05:45:33.665152 EXECUTOR - Module TC_26_6_5_8 has the following parameters: { TSPC_CCStateU10 := false, TSPC_HoAccessObserve := false, TSPC_SacchL1PowerCheck := false, TSPC_CheckCellsPresent := false, TSPC_OM_ReturnFn := false }
2026/Jun/29 05:45:33.665161 EXECUTOR - Module TC_26_6_6_1 has the following parameters: { TSPC_FHCHK := false, TSPC_StartingTime := false, TSPC_DualRate := false, TSPC_PerSubtestChannel := false, TSPC_FHImmAsgn := false, TSPC_PerSubtestRelease := false, TSPC_OM_StopCell := false }
2026/Jun/29 05:45:33.665171 EXECUTOR - Module TC_26_6_7_2 has the following parameters: { TSPC_48DataH := false, TSPC_24DataH := false, TSPC_HalfRateSpeech := false }
2026/Jun/29 05:45:33.665202 EXECUTOR - Initializing module GSM_Component_Definitions.
2026/Jun/29 05:45:33.665209 EXECUTOR GSM_Component_Definitions.ttcn3:0 Initializing module GSM_Templates.
2026/Jun/29 05:45:33.665229 EXECUTOR GSM_Templates.ttcn3:0 Initializing module GSM_Constants.
2026/Jun/29 05:45:33.665234 EXECUTOR GSM_Constants.ttcn3:0 Initializing module GSM_Types.
2026/Jun/29 05:45:33.665237 EXECUTOR GSM_Constants.ttcn3:0 Initialization of module GSM_Types finished.
2026/Jun/29 05:45:33.665240 EXECUTOR GSM_Templates.ttcn3:0 Initialization of module GSM_Constants finished.
2026/Jun/29 05:45:33.665311 EXECUTOR GSM_Component_Definitions.ttcn3:0 Initialization of module GSM_Templates finished.
2026/Jun/29 05:45:33.665315 EXECUTOR - Initialization of module GSM_Component_Definitions finished.
2026/Jun/29 05:45:33.665317 EXECUTOR - Initializing module GSM_Functions.
2026/Jun/29 05:45:33.665341 EXECUTOR - Initialization of module GSM_Functions finished.
2026/Jun/29 05:45:33.665343 EXECUTOR - Initializing module PreGenRecordOf.
2026/Jun/29 05:45:33.665345 EXECUTOR - Initialization of module PreGenRecordOf finished.
2026/Jun/29 05:45:33.665347 EXECUTOR - Initializing module TC_26_2_1_3.
2026/Jun/29 05:45:33.665352 EXECUTOR - Initialization of module TC_26_2_1_3 finished.
2026/Jun/29 05:45:33.665355 EXECUTOR - Initializing module TC_26_2_2.
2026/Jun/29 05:45:33.665360 EXECUTOR - Initialization of module TC_26_2_2 finished.
2026/Jun/29 05:45:33.665362 EXECUTOR - Initializing module TC_26_2_3.
2026/Jun/29 05:45:33.665366 EXECUTOR - Initialization of module TC_26_2_3 finished.
2026/Jun/29 05:45:33.665369 EXECUTOR - Initializing module TC_26_3_2.
2026/Jun/29 05:45:33.665374 EXECUTOR - Initialization of module TC_26_3_2 finished.
2026/Jun/29 05:45:33.665376 EXECUTOR - Initializing module TC_26_3_3.
2026/Jun/29 05:45:33.665380 EXECUTOR - Initialization of module TC_26_3_3 finished.
2026/Jun/29 05:45:33.665382 EXECUTOR - Initializing module TC_26_3_4.
2026/Jun/29 05:45:33.665387 EXECUTOR - Initialization of module TC_26_3_4 finished.
2026/Jun/29 05:45:33.665392 EXECUTOR - Initializing module TC_26_6_11_1.
2026/Jun/29 05:45:33.665397 EXECUTOR - Initialization of module TC_26_6_11_1 finished.
2026/Jun/29 05:45:33.665399 EXECUTOR - Initializing module TC_26_6_11_2.
2026/Jun/29 05:45:33.665403 EXECUTOR - Initialization of module TC_26_6_11_2 finished.
2026/Jun/29 05:45:33.665405 EXECUTOR - Initializing module TC_26_6_12_1.
2026/Jun/29 05:45:33.665410 EXECUTOR - Initialization of module TC_26_6_12_1 finished.
2026/Jun/29 05:45:33.665412 EXECUTOR - Initializing module TC_26_6_12_2.
2026/Jun/29 05:45:33.665417 EXECUTOR - Initialization of module TC_26_6_12_2 finished.
2026/Jun/29 05:45:33.665419 EXECUTOR - Initializing module TC_26_6_12_3.
2026/Jun/29 05:45:33.665424 EXECUTOR - Initialization of module TC_26_6_12_3 finished.
2026/Jun/29 05:45:33.665426 EXECUTOR - Initializing module TC_26_6_12_4.
2026/Jun/29 05:45:33.665431 EXECUTOR - Initialization of module TC_26_6_12_4 finished.
2026/Jun/29 05:45:33.665433 EXECUTOR - Initializing module TC_26_6_13_1.
2026/Jun/29 05:45:33.665437 EXECUTOR - Initialization of module TC_26_6_13_1 finished.
2026/Jun/29 05:45:33.665439 EXECUTOR - Initializing module TC_26_6_13_10.
2026/Jun/29 05:45:33.665444 EXECUTOR - Initialization of module TC_26_6_13_10 finished.
2026/Jun/29 05:45:33.665446 EXECUTOR - Initializing module TC_26_6_13_2.
2026/Jun/29 05:45:33.665451 EXECUTOR - Initialization of module TC_26_6_13_2 finished.
2026/Jun/29 05:45:33.665453 EXECUTOR - Initializing module TC_26_6_13_3.
2026/Jun/29 05:45:33.665457 EXECUTOR - Initialization of module TC_26_6_13_3 finished.
2026/Jun/29 05:45:33.665459 EXECUTOR - Initializing module TC_26_6_13_4.
2026/Jun/29 05:45:33.665464 EXECUTOR - Initialization of module TC_26_6_13_4 finished.
2026/Jun/29 05:45:33.665466 EXECUTOR - Initializing module TC_26_6_13_5.
2026/Jun/29 05:45:33.665470 EXECUTOR - Initialization of module TC_26_6_13_5 finished.
2026/Jun/29 05:45:33.665472 EXECUTOR - Initializing module TC_26_6_13_6.
2026/Jun/29 05:45:33.665476 EXECUTOR - Initialization of module TC_26_6_13_6 finished.
2026/Jun/29 05:45:33.665479 EXECUTOR - Initializing module TC_26_6_13_7.
2026/Jun/29 05:45:33.665484 EXECUTOR - Initialization of module TC_26_6_13_7 finished.
2026/Jun/29 05:45:33.665486 EXECUTOR - Initializing module TC_26_6_13_9.
2026/Jun/29 05:45:33.665490 EXECUTOR - Initialization of module TC_26_6_13_9 finished.
2026/Jun/29 05:45:33.665492 EXECUTOR - Initializing module TC_26_6_1_1.
2026/Jun/29 05:45:33.665497 EXECUTOR - Initialization of module TC_26_6_1_1 finished.
2026/Jun/29 05:45:33.665499 EXECUTOR - Initializing module TC_26_6_1_2.
2026/Jun/29 05:45:33.665504 EXECUTOR - Initialization of module TC_26_6_1_2 finished.
2026/Jun/29 05:45:33.665506 EXECUTOR - Initializing module TC_26_6_1_3.
2026/Jun/29 05:45:33.665510 EXECUTOR - Initialization of module TC_26_6_1_3 finished.
2026/Jun/29 05:45:33.665512 EXECUTOR - Initializing module TC_26_6_1_4.
2026/Jun/29 05:45:33.665517 EXECUTOR - Initialization of module TC_26_6_1_4 finished.
2026/Jun/29 05:45:33.665519 EXECUTOR - Initializing module TC_26_6_1_5.
2026/Jun/29 05:45:33.665524 EXECUTOR - Initialization of module TC_26_6_1_5 finished.
2026/Jun/29 05:45:33.665526 EXECUTOR - Initializing module TC_26_6_2_1_1.
2026/Jun/29 05:45:33.665530 EXECUTOR - Initialization of module TC_26_6_2_1_1 finished.
2026/Jun/29 05:45:33.665532 EXECUTOR - Initializing module TC_26_6_2_1_2.
2026/Jun/29 05:45:33.665538 EXECUTOR - Initialization of module TC_26_6_2_1_2 finished.
2026/Jun/29 05:45:33.665540 EXECUTOR - Initializing module TC_26_6_2_1_3.
2026/Jun/29 05:45:33.665545 EXECUTOR - Initialization of module TC_26_6_2_1_3 finished.
2026/Jun/29 05:45:33.665547 EXECUTOR - Initializing module TC_26_6_2_2.
2026/Jun/29 05:45:33.665552 EXECUTOR - Initialization of module TC_26_6_2_2 finished.
2026/Jun/29 05:45:33.665554 EXECUTOR - Initializing module TC_26_6_2_3_1.
2026/Jun/29 05:45:33.665559 EXECUTOR - Initialization of module TC_26_6_2_3_1 finished.
2026/Jun/29 05:45:33.665561 EXECUTOR - Initializing module TC_26_6_2_3_2.
2026/Jun/29 05:45:33.665571 EXECUTOR - Initialization of module TC_26_6_2_3_2 finished.
2026/Jun/29 05:45:33.665573 EXECUTOR - Initializing module TC_26_6_2_4.
2026/Jun/29 05:45:33.665577 EXECUTOR - Initialization of module TC_26_6_2_4 finished.
2026/Jun/29 05:45:33.665580 EXECUTOR - Initializing module TC_26_6_2_5.
2026/Jun/29 05:45:33.665584 EXECUTOR - Initialization of module TC_26_6_2_5 finished.
2026/Jun/29 05:45:33.665586 EXECUTOR - Initializing module TC_26_6_3_1.
2026/Jun/29 05:45:33.665591 EXECUTOR - Initialization of module TC_26_6_3_1 finished.
2026/Jun/29 05:45:33.665593 EXECUTOR - Initializing module TC_26_6_3_2.
2026/Jun/29 05:45:33.665597 EXECUTOR - Initialization of module TC_26_6_3_2 finished.
2026/Jun/29 05:45:33.665599 EXECUTOR - Initializing module TC_26_6_3_3.
2026/Jun/29 05:45:33.665604 EXECUTOR - Initialization of module TC_26_6_3_3 finished.
2026/Jun/29 05:45:33.665606 EXECUTOR - Initializing module TC_26_6_3_4.
2026/Jun/29 05:45:33.665611 EXECUTOR - Initialization of module TC_26_6_3_4 finished.
2026/Jun/29 05:45:33.665613 EXECUTOR - Initializing module TC_26_6_3_5.
2026/Jun/29 05:45:33.665618 EXECUTOR - Initialization of module TC_26_6_3_5 finished.
2026/Jun/29 05:45:33.665620 EXECUTOR - Initializing module TC_26_6_4_1.
2026/Jun/29 05:45:33.665625 EXECUTOR - Initialization of module TC_26_6_4_1 finished.
2026/Jun/29 05:45:33.665627 EXECUTOR - Initializing module TC_26_6_4_2_1.
2026/Jun/29 05:45:33.665631 EXECUTOR - Initialization of module TC_26_6_4_2_1 finished.
2026/Jun/29 05:45:33.665633 EXECUTOR - Initializing module TC_26_6_4_2_2.
2026/Jun/29 05:45:33.665638 EXECUTOR - Initialization of module TC_26_6_4_2_2 finished.
2026/Jun/29 05:45:33.665640 EXECUTOR - Initializing module TC_26_6_5_1.
2026/Jun/29 05:45:33.665644 EXECUTOR - Initialization of module TC_26_6_5_1 finished.
2026/Jun/29 05:45:33.665647 EXECUTOR - Initializing module TC_26_6_5_2_1.
2026/Jun/29 05:45:33.665651 EXECUTOR - Initialization of module TC_26_6_5_2_1 finished.
2026/Jun/29 05:45:33.665653 EXECUTOR - Initializing module TC_26_6_5_2_10.
2026/Jun/29 05:45:33.665657 EXECUTOR - Initialization of module TC_26_6_5_2_10 finished.
2026/Jun/29 05:45:33.665659 EXECUTOR - Initializing module TC_26_6_5_2_2.
2026/Jun/29 05:45:33.665664 EXECUTOR - Initialization of module TC_26_6_5_2_2 finished.
2026/Jun/29 05:45:33.665666 EXECUTOR - Initializing module TC_26_6_5_2_3.
2026/Jun/29 05:45:33.665671 EXECUTOR - Initialization of module TC_26_6_5_2_3 finished.
2026/Jun/29 05:45:33.665673 EXECUTOR - Initializing module TC_26_6_5_2_4.
2026/Jun/29 05:45:33.665678 EXECUTOR - Initialization of module TC_26_6_5_2_4 finished.
2026/Jun/29 05:45:33.665680 EXECUTOR - Initializing module TC_26_6_5_2_5.
2026/Jun/29 05:45:33.665684 EXECUTOR - Initialization of module TC_26_6_5_2_5 finished.
2026/Jun/29 05:45:33.665686 EXECUTOR - Initializing module TC_26_6_5_2_6.
2026/Jun/29 05:45:33.665691 EXECUTOR - Initialization of module TC_26_6_5_2_6 finished.
2026/Jun/29 05:45:33.665693 EXECUTOR - Initializing module TC_26_6_5_2_7.
2026/Jun/29 05:45:33.665697 EXECUTOR - Initialization of module TC_26_6_5_2_7 finished.
2026/Jun/29 05:45:33.665699 EXECUTOR - Initializing module TC_26_6_5_2_8.
2026/Jun/29 05:45:33.665704 EXECUTOR - Initialization of module TC_26_6_5_2_8 finished.
2026/Jun/29 05:45:33.665706 EXECUTOR - Initializing module TC_26_6_5_2_9.
2026/Jun/29 05:45:33.665710 EXECUTOR - Initialization of module TC_26_6_5_2_9 finished.
2026/Jun/29 05:45:33.665712 EXECUTOR - Initializing module TC_26_6_5_3_1.
2026/Jun/29 05:45:33.665716 EXECUTOR - Initialization of module TC_26_6_5_3_1 finished.
2026/Jun/29 05:45:33.665719 EXECUTOR - Initializing module TC_26_6_5_3_2.
2026/Jun/29 05:45:33.665724 EXECUTOR - Initialization of module TC_26_6_5_3_2 finished.
2026/Jun/29 05:45:33.665726 EXECUTOR - Initializing module TC_26_6_5_4_1.
2026/Jun/29 05:45:33.665730 EXECUTOR - Initialization of module TC_26_6_5_4_1 finished.
2026/Jun/29 05:45:33.665732 EXECUTOR - Initializing module TC_26_6_5_4_2.
2026/Jun/29 05:45:33.665737 EXECUTOR - Initialization of module TC_26_6_5_4_2 finished.
2026/Jun/29 05:45:33.665741 EXECUTOR - Initializing module TC_26_6_5_5_2.
2026/Jun/29 05:45:33.665746 EXECUTOR - Initialization of module TC_26_6_5_5_2 finished.
2026/Jun/29 05:45:33.665748 EXECUTOR - Initializing module TC_26_6_5_6.
2026/Jun/29 05:45:33.665753 EXECUTOR - Initialization of module TC_26_6_5_6 finished.
2026/Jun/29 05:45:33.665755 EXECUTOR - Initializing module TC_26_6_5_7.
2026/Jun/29 05:45:33.665760 EXECUTOR - Initialization of module TC_26_6_5_7 finished.
2026/Jun/29 05:45:33.665762 EXECUTOR - Initializing module TC_26_6_5_8.
2026/Jun/29 05:45:33.665766 EXECUTOR - Initialization of module TC_26_6_5_8 finished.
2026/Jun/29 05:45:33.665768 EXECUTOR - Initializing module TC_26_6_6_1.
2026/Jun/29 05:45:33.665773 EXECUTOR - Initialization of module TC_26_6_6_1 finished.
2026/Jun/29 05:45:33.665775 EXECUTOR - Initializing module TC_26_6_7_2.
2026/Jun/29 05:45:33.665779 EXECUTOR - Initialization of module TC_26_6_7_2 finished.
2026/Jun/29 05:45:33.665781 EXECUTOR - Initializing module TC_26_6_8_1.
2026/Jun/29 05:45:33.665786 EXECUTOR - Initialization of module TC_26_6_8_1 finished.
2026/Jun/29 05:45:33.665788 EXECUTOR - Initializing module TC_26_6_8_2.
2026/Jun/29 05:45:33.665792 EXECUTOR - Initialization of module TC_26_6_8_2 finished.
2026/Jun/29 05:45:33.665794 EXECUTOR - Initializing module TC_26_6_8_3.
2026/Jun/29 05:45:33.665799 EXECUTOR - Initialization of module TC_26_6_8_3 finished.
2026/Jun/29 05:45:33.665801 EXECUTOR - Initializing module TC_26_6_8_4.
2026/Jun/29 05:45:33.665805 EXECUTOR - Initialization of module TC_26_6_8_4 finished.
2026/Jun/29 05:45:33.665808 EXECUTOR - Initializing module TC_26_6_8_5.
2026/Jun/29 05:45:33.665812 EXECUTOR - Initialization of module TC_26_6_8_5 finished.
2026/Jun/29 05:45:33.665814 EXECUTOR - Initializing module TC_26_7_1.
2026/Jun/29 05:45:33.665819 EXECUTOR - Initialization of module TC_26_7_1 finished.
2026/Jun/29 05:45:33.665830 EXECUTOR - Initializing module TC_26_7_2_1.
2026/Jun/29 05:45:33.665835 EXECUTOR - Initialization of module TC_26_7_2_1 finished.
2026/Jun/29 05:45:33.665837 EXECUTOR - Initializing module TC_26_7_2_2.
2026/Jun/29 05:45:33.665842 EXECUTOR - Initialization of module TC_26_7_2_2 finished.
2026/Jun/29 05:45:33.665844 EXECUTOR - Initializing module TC_26_7_3_1.
2026/Jun/29 05:45:33.665848 EXECUTOR - Initialization of module TC_26_7_3_1 finished.
2026/Jun/29 05:45:33.665851 EXECUTOR - Initializing module TC_26_7_3_2.
2026/Jun/29 05:45:33.665855 EXECUTOR - Initialization of module TC_26_7_3_2 finished.
2026/Jun/29 05:45:33.665857 EXECUTOR - Initializing module TC_26_7_4_1.
2026/Jun/29 05:45:33.665861 EXECUTOR - Initialization of module TC_26_7_4_1 finished.
2026/Jun/29 05:45:33.665864 EXECUTOR - Initializing module TC_26_7_4_2_1.
2026/Jun/29 05:45:33.665868 EXECUTOR - Initialization of module TC_26_7_4_2_1 finished.
2026/Jun/29 05:45:33.665870 EXECUTOR - Initializing module TC_26_7_4_2_2_1.
2026/Jun/29 05:45:33.665875 EXECUTOR - Initialization of module TC_26_7_4_2_2_1 finished.
2026/Jun/29 05:45:33.665877 EXECUTOR - Initializing module TC_26_7_4_2_2_2.
2026/Jun/29 05:45:33.665882 EXECUTOR - Initialization of module TC_26_7_4_2_2_2 finished.
2026/Jun/29 05:45:33.665884 EXECUTOR - Initializing module TC_26_7_4_2_3.
2026/Jun/29 05:45:33.665889 EXECUTOR - Initialization of module TC_26_7_4_2_3 finished.
2026/Jun/29 05:45:33.665891 EXECUTOR - Initializing module TC_26_7_4_2_4_1.
2026/Jun/29 05:45:33.665896 EXECUTOR - Initialization of module TC_26_7_4_2_4_1 finished.
2026/Jun/29 05:45:33.665898 EXECUTOR - Initializing module TC_26_7_4_2_4_2.
2026/Jun/29 05:45:33.665903 EXECUTOR - Initialization of module TC_26_7_4_2_4_2 finished.
2026/Jun/29 05:45:33.665905 EXECUTOR - Initializing module TC_26_7_4_2_4_3.
2026/Jun/29 05:45:33.665910 EXECUTOR - Initialization of module TC_26_7_4_2_4_3 finished.
2026/Jun/29 05:45:33.665912 EXECUTOR - Initializing module TC_26_7_4_2_4_4.
2026/Jun/29 05:45:33.665916 EXECUTOR - Initialization of module TC_26_7_4_2_4_4 finished.
2026/Jun/29 05:45:33.665918 EXECUTOR - Initializing module TC_26_7_4_2_4_5.
2026/Jun/29 05:45:33.665925 EXECUTOR - Initialization of module TC_26_7_4_2_4_5 finished.
2026/Jun/29 05:45:33.665928 EXECUTOR - Initializing module TC_26_7_4_3_1.
2026/Jun/29 05:45:33.665932 EXECUTOR - Initialization of module TC_26_7_4_3_1 finished.
2026/Jun/29 05:45:33.665934 EXECUTOR - Initializing module TC_26_7_4_3_2.
2026/Jun/29 05:45:33.665939 EXECUTOR - Initialization of module TC_26_7_4_3_2 finished.
2026/Jun/29 05:45:33.665941 EXECUTOR - Initializing module TC_26_7_4_3_3.
2026/Jun/29 05:45:33.665946 EXECUTOR - Initialization of module TC_26_7_4_3_3 finished.
2026/Jun/29 05:45:33.665948 EXECUTOR - Initializing module TC_26_7_4_3_4.
2026/Jun/29 05:45:33.665953 EXECUTOR - Initialization of module TC_26_7_4_3_4 finished.
2026/Jun/29 05:45:33.665955 EXECUTOR - Initializing module TC_26_7_4_4.
2026/Jun/29 05:45:33.665960 EXECUTOR - Initialization of module TC_26_7_4_4 finished.
2026/Jun/29 05:45:33.665962 EXECUTOR - Initializing module TC_26_7_4_5_1.
2026/Jun/29 05:45:33.665966 EXECUTOR - Initialization of module TC_26_7_4_5_1 finished.
2026/Jun/29 05:45:33.665968 EXECUTOR - Initializing module TC_26_7_4_5_2.
2026/Jun/29 05:45:33.665973 EXECUTOR - Initialization of module TC_26_7_4_5_2 finished.
2026/Jun/29 05:45:33.665975 EXECUTOR - Initializing module TC_26_7_4_5_3.
2026/Jun/29 05:45:33.665980 EXECUTOR - Initialization of module TC_26_7_4_5_3 finished.
2026/Jun/29 05:45:33.665982 EXECUTOR - Initializing module TC_26_7_4_5_4_2.
2026/Jun/29 05:45:33.665986 EXECUTOR - Initialization of module TC_26_7_4_5_4_2 finished.
2026/Jun/29 05:45:33.665988 EXECUTOR - Initializing module TC_26_7_4_5_4_3.
2026/Jun/29 05:45:33.665993 EXECUTOR - Initialization of module TC_26_7_4_5_4_3 finished.
2026/Jun/29 05:45:33.665995 EXECUTOR - Initializing module TC_26_7_5_2.
2026/Jun/29 05:45:33.666000 EXECUTOR - Initialization of module TC_26_7_5_2 finished.
2026/Jun/29 05:45:33.666002 EXECUTOR - Initializing module TC_26_7_5_3.
2026/Jun/29 05:45:33.666006 EXECUTOR - Initialization of module TC_26_7_5_3 finished.
2026/Jun/29 05:45:33.666009 EXECUTOR - Initializing module TC_26_7_5_4.
2026/Jun/29 05:45:33.666013 EXECUTOR - Initialization of module TC_26_7_5_4 finished.
2026/Jun/29 05:45:33.666015 EXECUTOR - Initializing module TC_26_7_5_5.
2026/Jun/29 05:45:33.666020 EXECUTOR - Initialization of module TC_26_7_5_5 finished.
2026/Jun/29 05:45:33.666022 EXECUTOR - Initializing module TC_26_7_5_6.
2026/Jun/29 05:45:33.666026 EXECUTOR - Initialization of module TC_26_7_5_6 finished.
2026/Jun/29 05:45:33.666029 EXECUTOR - Initializing module TC_26_7_5_7_1.
2026/Jun/29 05:45:33.666033 EXECUTOR - Initialization of module TC_26_7_5_7_1 finished.
2026/Jun/29 05:45:33.666035 EXECUTOR - Initializing module TC_26_7_5_8_1.
2026/Jun/29 05:45:33.666040 EXECUTOR - Initialization of module TC_26_7_5_8_1 finished.
2026/Jun/29 05:45:33.666042 EXECUTOR - Initializing module TC_26_7_5_8_2.
2026/Jun/29 05:45:33.666046 EXECUTOR - Initialization of module TC_26_7_5_8_2 finished.
2026/Jun/29 05:45:33.666049 EXECUTOR - Initializing module TC_26_7_5_8_3.
2026/Jun/29 05:45:33.666053 EXECUTOR - Initialization of module TC_26_7_5_8_3 finished.
2026/Jun/29 05:45:33.666055 EXECUTOR - Initializing module TC_26_8_1_2_1_1.
2026/Jun/29 05:45:33.666060 EXECUTOR - Initialization of module TC_26_8_1_2_1_1 finished.
2026/Jun/29 05:45:33.666062 EXECUTOR - Initializing module TC_26_8_1_2_2_1.
2026/Jun/29 05:45:33.666067 EXECUTOR - Initialization of module TC_26_8_1_2_2_1 finished.
2026/Jun/29 05:45:33.666069 EXECUTOR - Initializing module TC_26_8_1_2_2_2.
2026/Jun/29 05:45:33.666073 EXECUTOR - Initialization of module TC_26_8_1_2_2_2 finished.
2026/Jun/29 05:45:33.666076 EXECUTOR - Initializing module TC_26_8_1_2_2_3.
2026/Jun/29 05:45:33.666080 EXECUTOR - Initialization of module TC_26_8_1_2_2_3 finished.
2026/Jun/29 05:45:33.666082 EXECUTOR - Initializing module TC_26_8_1_2_3_1.
2026/Jun/29 05:45:33.666087 EXECUTOR - Initialization of module TC_26_8_1_2_3_1 finished.
2026/Jun/29 05:45:33.666089 EXECUTOR - Initializing module TC_26_8_1_2_3_2.
2026/Jun/29 05:45:33.666093 EXECUTOR - Initialization of module TC_26_8_1_2_3_2 finished.
2026/Jun/29 05:45:33.666098 EXECUTOR - Initializing module TC_26_8_1_2_3_3.
2026/Jun/29 05:45:33.666103 EXECUTOR - Initialization of module TC_26_8_1_2_3_3 finished.
2026/Jun/29 05:45:33.666105 EXECUTOR - Initializing module TC_26_8_1_2_3_4.
2026/Jun/29 05:45:33.666109 EXECUTOR - Initialization of module TC_26_8_1_2_3_4 finished.
2026/Jun/29 05:45:33.666112 EXECUTOR - Initializing module TC_26_8_1_2_3_5.
2026/Jun/29 05:45:33.666116 EXECUTOR - Initialization of module TC_26_8_1_2_3_5 finished.
2026/Jun/29 05:45:33.666119 EXECUTOR - Initializing module TC_26_8_1_2_3_6.
2026/Jun/29 05:45:33.666123 EXECUTOR - Initialization of module TC_26_8_1_2_3_6 finished.
2026/Jun/29 05:45:33.666125 EXECUTOR - Initializing module TC_26_8_1_2_3_7.
2026/Jun/29 05:45:33.666130 EXECUTOR - Initialization of module TC_26_8_1_2_3_7 finished.
2026/Jun/29 05:45:33.666132 EXECUTOR - Initializing module TC_26_8_1_2_4_1.
2026/Jun/29 05:45:33.666137 EXECUTOR - Initialization of module TC_26_8_1_2_4_1 finished.
2026/Jun/29 05:45:33.666139 EXECUTOR - Initializing module TC_26_8_1_2_4_13.
2026/Jun/29 05:45:33.666144 EXECUTOR - Initialization of module TC_26_8_1_2_4_13 finished.
2026/Jun/29 05:45:33.666146 EXECUTOR - Initializing module TC_26_8_1_2_4_2.
2026/Jun/29 05:45:33.666150 EXECUTOR - Initialization of module TC_26_8_1_2_4_2 finished.
2026/Jun/29 05:45:33.666152 EXECUTOR - Initializing module TC_26_8_1_2_4_3.
2026/Jun/29 05:45:33.666157 EXECUTOR - Initialization of module TC_26_8_1_2_4_3 finished.
2026/Jun/29 05:45:33.666159 EXECUTOR - Initializing module TC_26_8_1_2_4_4.
2026/Jun/29 05:45:33.666164 EXECUTOR - Initialization of module TC_26_8_1_2_4_4 finished.
2026/Jun/29 05:45:33.666166 EXECUTOR - Initializing module TC_26_8_1_2_4_5.
2026/Jun/29 05:45:33.666171 EXECUTOR - Initialization of module TC_26_8_1_2_4_5 finished.
2026/Jun/29 05:45:33.666173 EXECUTOR - Initializing module TC_26_8_1_2_5_7.
2026/Jun/29 05:45:33.666178 EXECUTOR - Initialization of module TC_26_8_1_2_5_7 finished.
2026/Jun/29 05:45:33.666180 EXECUTOR - Initializing module TC_26_8_1_2_6_1.
2026/Jun/29 05:45:33.666185 EXECUTOR - Initialization of module TC_26_8_1_2_6_1 finished.
2026/Jun/29 05:45:33.666187 EXECUTOR - Initializing module TC_26_8_1_2_6_2.
2026/Jun/29 05:45:33.666192 EXECUTOR - Initialization of module TC_26_8_1_2_6_2 finished.
2026/Jun/29 05:45:33.666194 EXECUTOR - Initializing module TC_26_8_1_2_6_3.
2026/Jun/29 05:45:33.666199 EXECUTOR - Initialization of module TC_26_8_1_2_6_3 finished.
2026/Jun/29 05:45:33.666201 EXECUTOR - Initializing module TC_26_8_1_2_6_5.
2026/Jun/29 05:45:33.666205 EXECUTOR - Initialization of module TC_26_8_1_2_6_5 finished.
2026/Jun/29 05:45:33.666207 EXECUTOR - Initializing module TC_26_8_1_2_6_6.
2026/Jun/29 05:45:33.666212 EXECUTOR - Initialization of module TC_26_8_1_2_6_6 finished.
2026/Jun/29 05:45:33.666214 EXECUTOR - Initializing module TC_26_8_1_2_7_3.
2026/Jun/29 05:45:33.666219 EXECUTOR - Initialization of module TC_26_8_1_2_7_3 finished.
2026/Jun/29 05:45:33.666221 EXECUTOR - Initializing module TC_26_8_1_2_7_4.
2026/Jun/29 05:45:33.666226 EXECUTOR - Initialization of module TC_26_8_1_2_7_4 finished.
2026/Jun/29 05:45:33.666228 EXECUTOR - Initializing module TC_26_8_1_2_8_3.
2026/Jun/29 05:45:33.666233 EXECUTOR - Initialization of module TC_26_8_1_2_8_3 finished.
2026/Jun/29 05:45:33.666235 EXECUTOR - Initializing module TC_26_8_1_2_9_2.
2026/Jun/29 05:45:33.666240 EXECUTOR - Initialization of module TC_26_8_1_2_9_2 finished.
2026/Jun/29 05:45:33.666242 EXECUTOR - Initializing module TC_26_8_1_2_9_4.
2026/Jun/29 05:45:33.666247 EXECUTOR - Initialization of module TC_26_8_1_2_9_4 finished.
2026/Jun/29 05:45:33.666249 EXECUTOR - Initializing module TC_26_8_1_2_9_5.
2026/Jun/29 05:45:33.666254 EXECUTOR - Initialization of module TC_26_8_1_2_9_5 finished.
2026/Jun/29 05:45:33.666256 EXECUTOR - Initializing module TC_26_8_1_3_1_1.
2026/Jun/29 05:45:33.666260 EXECUTOR - Initialization of module TC_26_8_1_3_1_1 finished.
2026/Jun/29 05:45:33.666263 EXECUTOR - Initializing module TC_26_8_1_3_2_1.
2026/Jun/29 05:45:33.666271 EXECUTOR - Initialization of module TC_26_8_1_3_2_1 finished.
2026/Jun/29 05:45:33.666273 EXECUTOR - Initializing module TC_26_8_1_3_3_1.
2026/Jun/29 05:45:33.666278 EXECUTOR - Initialization of module TC_26_8_1_3_3_1 finished.
2026/Jun/29 05:45:33.666280 EXECUTOR - Initializing module TC_26_8_1_3_3_2.
2026/Jun/29 05:45:33.666284 EXECUTOR - Initialization of module TC_26_8_1_3_3_2 finished.
2026/Jun/29 05:45:33.666286 EXECUTOR - Initializing module TC_26_8_1_3_3_3.
2026/Jun/29 05:45:33.666291 EXECUTOR - Initialization of module TC_26_8_1_3_3_3 finished.
2026/Jun/29 05:45:33.666293 EXECUTOR - Initializing module TC_26_8_1_3_3_4.
2026/Jun/29 05:45:33.666297 EXECUTOR - Initialization of module TC_26_8_1_3_3_4 finished.
2026/Jun/29 05:45:33.666300 EXECUTOR - Initializing module TC_26_8_1_3_3_5.
2026/Jun/29 05:45:33.666304 EXECUTOR - Initialization of module TC_26_8_1_3_3_5 finished.
2026/Jun/29 05:45:33.666306 EXECUTOR - Initializing module TC_26_8_1_3_3_6.
2026/Jun/29 05:45:33.666311 EXECUTOR - Initialization of module TC_26_8_1_3_3_6 finished.
2026/Jun/29 05:45:33.666313 EXECUTOR - Initializing module TC_26_8_1_3_3_7.
2026/Jun/29 05:45:33.666318 EXECUTOR - Initialization of module TC_26_8_1_3_3_7 finished.
2026/Jun/29 05:45:33.666320 EXECUTOR - Initializing module TC_26_8_1_3_4_1.
2026/Jun/29 05:45:33.666324 EXECUTOR - Initialization of module TC_26_8_1_3_4_1 finished.
2026/Jun/29 05:45:33.666327 EXECUTOR - Initializing module TC_26_8_1_3_4_2.
2026/Jun/29 05:45:33.666331 EXECUTOR - Initialization of module TC_26_8_1_3_4_2 finished.
2026/Jun/29 05:45:33.666333 EXECUTOR - Initializing module TC_26_8_1_3_4_3.
2026/Jun/29 05:45:33.666338 EXECUTOR - Initialization of module TC_26_8_1_3_4_3 finished.
2026/Jun/29 05:45:33.666340 EXECUTOR - Initializing module TC_26_8_1_3_4_4.
2026/Jun/29 05:45:33.666344 EXECUTOR - Initialization of module TC_26_8_1_3_4_4 finished.
2026/Jun/29 05:45:33.666347 EXECUTOR - Initializing module TC_26_8_1_3_4_5.
2026/Jun/29 05:45:33.666351 EXECUTOR - Initialization of module TC_26_8_1_3_4_5 finished.
2026/Jun/29 05:45:33.666353 EXECUTOR - Initializing module TC_26_8_1_3_4_6.
2026/Jun/29 05:45:33.666358 EXECUTOR - Initialization of module TC_26_8_1_3_4_6 finished.
2026/Jun/29 05:45:33.666360 EXECUTOR - Initializing module TC_26_8_1_3_4_7.
2026/Jun/29 05:45:33.666365 EXECUTOR - Initialization of module TC_26_8_1_3_4_7 finished.
2026/Jun/29 05:45:33.666367 EXECUTOR - Initializing module TC_26_8_1_3_4_8.
2026/Jun/29 05:45:33.666372 EXECUTOR - Initialization of module TC_26_8_1_3_4_8 finished.
2026/Jun/29 05:45:33.666374 EXECUTOR - Initializing module TC_26_8_1_3_5_1.
2026/Jun/29 05:45:33.666379 EXECUTOR - Initialization of module TC_26_8_1_3_5_1 finished.
2026/Jun/29 05:45:33.666381 EXECUTOR - Initializing module TC_26_8_1_3_5_2.
2026/Jun/29 05:45:33.666385 EXECUTOR - Initialization of module TC_26_8_1_3_5_2 finished.
2026/Jun/29 05:45:33.666388 EXECUTOR - Initializing module TC_26_8_1_3_5_3.
2026/Jun/29 05:45:33.666392 EXECUTOR - Initialization of module TC_26_8_1_3_5_3 finished.
2026/Jun/29 05:45:33.666394 EXECUTOR - Initializing module TC_26_8_1_3_5_4.
2026/Jun/29 05:45:33.666399 EXECUTOR - Initialization of module TC_26_8_1_3_5_4 finished.
2026/Jun/29 05:45:33.666401 EXECUTOR - Initializing module TC_26_8_1_3_5_5.
2026/Jun/29 05:45:33.666406 EXECUTOR - Initialization of module TC_26_8_1_3_5_5 finished.
2026/Jun/29 05:45:33.666408 EXECUTOR - Initializing module TC_26_8_1_3_5_6.
2026/Jun/29 05:45:33.666413 EXECUTOR - Initialization of module TC_26_8_1_3_5_6 finished.
2026/Jun/29 05:45:33.666415 EXECUTOR - Initializing module TC_26_8_1_3_5_7.
2026/Jun/29 05:45:33.666419 EXECUTOR - Initialization of module TC_26_8_1_3_5_7 finished.
2026/Jun/29 05:45:33.666422 EXECUTOR - Initializing module TC_26_8_1_3_5_8.
2026/Jun/29 05:45:33.666426 EXECUTOR - Initialization of module TC_26_8_1_3_5_8 finished.
2026/Jun/29 05:45:33.666429 EXECUTOR - Initializing module TC_26_8_1_3_5_9.
2026/Jun/29 05:45:33.666433 EXECUTOR - Initialization of module TC_26_8_1_3_5_9 finished.
2026/Jun/29 05:45:33.666435 EXECUTOR - Initializing module TC_26_8_1_4_3_1.
2026/Jun/29 05:45:33.666442 EXECUTOR - Initialization of module TC_26_8_1_4_3_1 finished.
2026/Jun/29 05:45:33.666445 EXECUTOR - Initializing module TC_26_8_1_4_3_2.
2026/Jun/29 05:45:33.666449 EXECUTOR - Initialization of module TC_26_8_1_4_3_2 finished.
2026/Jun/29 05:45:33.666451 EXECUTOR - Initializing module TC_26_8_1_4_5_6.
2026/Jun/29 05:45:33.666456 EXECUTOR - Initialization of module TC_26_8_1_4_5_6 finished.
2026/Jun/29 05:45:33.666458 EXECUTOR - Initializing module TC_26_8_2_1.
2026/Jun/29 05:45:33.666463 EXECUTOR - Initialization of module TC_26_8_2_1 finished.
2026/Jun/29 05:45:33.666465 EXECUTOR - Initializing module TC_26_8_2_2.
2026/Jun/29 05:45:33.666470 EXECUTOR - Initialization of module TC_26_8_2_2 finished.
2026/Jun/29 05:45:33.666472 EXECUTOR - Initializing module TC_26_8_2_3.
2026/Jun/29 05:45:33.666477 EXECUTOR - Initialization of module TC_26_8_2_3 finished.
2026/Jun/29 05:45:33.666479 EXECUTOR - Initializing module TC_26_8_3.
2026/Jun/29 05:45:33.666484 EXECUTOR - Initialization of module TC_26_8_3 finished.
2026/Jun/29 05:45:33.666486 EXECUTOR - Initializing module TC_34_2_2.
2026/Jun/29 05:45:33.666491 EXECUTOR - Initialization of module TC_34_2_2 finished.
2026/Jun/29 05:45:33.666493 EXECUTOR - Initializing module TitanLoggerApi.
2026/Jun/29 05:45:33.666495 EXECUTOR - Initialization of module TitanLoggerApi finished.
2026/Jun/29 05:45:33.666497 EXECUTOR - Initializing module TitanLoggerControl.
2026/Jun/29 05:45:33.666499 EXECUTOR - Initialization of module TitanLoggerControl finished.
2026/Jun/29 05:45:33.666509 EXECUTOR - Configuration data was processed successfully.
2026/Jun/29 05:45:33.668138 EXECUTOR - MTC was created. Process id: 40.
2026/Jun/29 05:46:35.357562 EXECUTOR - Exit was requested from MC. Terminating HC.
2026/Jun/29 05:46:35.357673 EXECUTOR - Disconnected from MC.
2026/Jun/29 05:46:35.357698 EXECUTOR - TTCN-3 Host Controller finished.
