[run-one] Namespace : gsm-20
[run-one] Tests     : TC_26_6_5_4_2
[run-one] Results   : results/week05/run20260626-143258-N8/ns-4/TC_26_6_5_4_2
[run-one] INFO  Images already in local registry.
[run-one] INFO  Installing Helm release gsm-20 from /work/gouri.naik/sampige-scaling-intern-2026/refs/osmocom-demo/k8s/chart ...
Release "gsm-20" does not exist. Installing it now.
NAME: gsm-20
LAST DEPLOYED: Fri Jun 26 20:09:32 2026
NAMESPACE: gsm-20
STATUS: deployed
REVISION: 1
TEST SUITE: None
[run-one] INFO  Waiting up to 240s for Deployments to be Ready...
  Not ready: msc-test-stub//1
osmo-bsc//1
osmo-bts-virtual//1
osmo-hlr//1
osmo-mgw//1
osmo-mobile//1
osmo-stp//1
virtphy//1
  Not ready: msc-test-stub//1
osmo-bsc//1
osmo-bts-virtual//1
osmo-hlr//1
osmo-mgw//1
osmo-mobile//1
osmo-stp//1
  Not ready: msc-test-stub//1
osmo-mobile//1
  Not ready: osmo-mobile//1
  Not ready: osmo-mobile//1
  Not ready: osmo-mobile//1
  Not ready: osmo-mobile//1
[run-one] INFO  All Deployments ready.
[run-one] INFO  Waiting up to 300s for MS to camp on cell (MM_EVENT_CELL_SELECTED)...
[run-one] INFO  MS camped on cell.
[run-one] INFO  Waiting up to 60s for osmo-mobile VTY (port 4247)...
[run-one] INFO  osmo-mobile VTY ready.
[run-one] INFO  Waiting up to 120s for boot LU (BSC_SLR=0x000001) to clear...
[run-one] INFO  Boot LU CLEAR REQUEST seen — draining msc-stub event buffer...
msc-stub buffer drained
[run-one] INFO  MSC stub buffer drained — namespace ready for test.
[run-one] INFO  Running TC_26_6_5_4_2 as Job ttcn3-tc-26-6-5-4-2-1...
[run-one] FAIL  TC_26_6_5_4_2: FAIL
=====================================================
 TTCN-3 k8s Run Summary
 Namespace : gsm-20
 Timestamp : 20260626-143932
=====================================================
  TC_26_6_5_4_2                            FAIL
-----------------------------------------------------
  PASS: 0   FAIL: 1   INCONCLUSIVE: 0
=====================================================
[run-one] INFO  Done. Results: results/week05/run20260626-143258-N8/ns-4/TC_26_6_5_4_2
[run-one] INFO  Teardown: uninstalling Helm release gsm-20...
release "gsm-20" uninstalled
[run-one] INFO  Teardown: deleting namespace gsm-20...
namespace "gsm-20" deleted
{
  "namespaces": [
    {
      "namespace": "gsm-20",
      "bringup_s": 42.02,
      "testing_s": 114.689,
      "teardown_s": 56.955,
      "total_s": 213.666,
      "verdicts": [
        {
          "tc_name": "TC_26_6_5_4_2",
          "verdict": "FAIL"
        }
      ],
      "pass": 0,
      "fail": 1,
      "inconclusive": 0
    }
  ],
  "T_suite_s": 213.666,
  "N": 1,
  "pass": 0,
  "fail": 1,
  "inconclusive": 0,
  "test_durations": [
    {
      "namespace": "gsm-20",
      "tc_name": "TC_26_6_5_4_2",
      "duration_s": 114.684,
      "verdict": "FAIL"
    }
  ],
  "pods": {
    "total_restarts": 0,
    "oom_kills": 0
  },
  "S": null,
  "E": null
}
