2026/Jun/23 08:21:34.596601 EXECUTOR - TTCN-3 Host Controller started on ttcn3-tc-26-7-3-2-1-nqzmq. Version: 11.1.0.
2026/Jun/23 08:21:34.596747 EXECUTOR - TTCN Logger v2.2 options: TimeStampFormat:=DateTime; LogEntityName:=No; LogEventTypes:=Yes; SourceInfoFormat:=Single; LogSensitiveData:=No; *.FileMask:=LOG_ALL; *.ConsoleMask:=ERROR | TESTCASE | USER | VERDICTOP | WARNING; LogFileSize:=0; LogFileNumber:=1; DiskFullAction:=Error
2026/Jun/23 08:21:34.596757 EXECUTOR - Maximum number of open file descriptors: 1048576,   FD_SETSIZE = 1024
2026/Jun/23 08:21:34.596882 WARNING - Warning: The address of MC was set to a local IP address. This may cause incorrect behavior if a HC from a remote host also connects to MC.
2026/Jun/23 08:21:34.596915 EXECUTOR - The address of MC was set to 127.0.0.1:0.
2026/Jun/23 08:21:34.597019 EXECUTOR - Connected to MC.
2026/Jun/23 08:21:34.597096 EXECUTOR - This host supports UNIX domain sockets for local communication.
2026/Jun/23 08:21:34.597369 EXECUTOR - Processing configuration data received from MC.
2026/Jun/23 08:21:34.597678 WARNING - Warning: Skeleton `/results/TC_26_7_3_2-2026-06-23-082133/%n.log' does not guarantee unique log file name for every test system process. It may cause unpredictable results if several test components try to write into the same log file.
2026/Jun/23 08:21:34.597987 EXECUTOR - Module GSM_Constants has the following parameters: { TSPC_Serv_TS11 := true, TSPC_Serv_TS61 := false, TSPC_Serv_TS62 := false, TSPC_Serv_BS21 := false, TSPC_Serv_BS22 := false, TSPC_Serv_BS24 := false, TSPC_Serv_BS25 := false, TSPC_Serv_BS26 := false, TSPC_Serv_BS31 := false, TSPC_Serv_BS32 := false, TSPC_Serv_BS33 := false, TSPC_Serv_BS34 := false, TSPC_Serv_BS41 := false, TSPC_Serv_BS42 := false, TSPC_Serv_BS43 := false, TSPC_Serv_BS44 := false, TSPC_Serv_BS45 := false, TSPC_Serv_BS51 := false, TSPC_Serv_BS61 := false, TSPC_Serv_BS81 := false, TSPC_DualRate := false, TSPC_MTsvc := true, TSPX_IMSI := '901700000000001F'O, TSPX_TMSI := '1914D97F'O, TSPX_CKSNDef := 0, TSPX_RANDDef := '00112233445566778899AABBCCDDEEFF'O, TSPX_SRES := '12345678'O, TSPX_Kc := '0000000000000000'O, TSPX_SDCCH4SubDef := 0, TSPX_TmSltDef := 0, TSPX_TscDef := 7, TSPX_TCHHSubDef := 0, TCV_CC := true, TSPX_Telephony_Rate := C_Full (0), TSPX_MOBscSvcA := C_Telephony (0), TSPX_MOBscSvcB := C_Telephony (0), TSPX_MOBscSvcC := C_Telephony (0), TSPX_MOBscSvcD := C_Telephony (0), TSPX_MOBscSvcE := C_Telephony (0), TSPX_MOBscSvcF := C_Telephony (0), TSPX_MOBscSvcG := C_Telephony (0), TSPX_MOChRateA := C_Full (0), TSPX_MOChRateB := C_Full (0), TSPX_MOChRateC := C_Full (0), TSPX_MOChRateD := C_Full (0), TSPX_MOChRateE := C_Full (0), TSPX_MOChRateF := C_Full (0), TSPX_MOChRateG := C_Full (0), TSPX_MTBscSvcA := C_Telephony (0), TSPX_MTBscSvcB := C_Telephony (0), TSPX_MTBscSvcC := C_Telephony (0), TSPX_MTBscSvcD := C_Telephony (0), TSPX_MTBscSvcE := C_Telephony (0), TSPX_MTBscSvcF := C_Telephony (0), TSPX_MTBscSvcG := C_Telephony (0), TSPX_MTBscSvcH := C_Telephony (0), TSPX_MTBscSvcI := C_Telephony (0), TSPX_MTBscSvcJ := C_Telephony (0), TSPX_MTChRateA := C_Full (0), TSPX_MTChRateB := C_Full (0), TSPX_MTChRateC := C_Full (0), TSPX_MTChRateD := C_Full (0), TSPX_MTChRateE := C_Full (0), TSPX_MTChRateF := C_Full (0), TSPX_MTChRateG := C_Full (0), TSPX_MTChRateH := C_Full (0), TSPX_MTChRateI := C_Full (0), TSPX_MTChRateJ := C_Full (0), C_arfcnA := 100 }
2026/Jun/23 08:21:34.598072 EXECUTOR - Module TC_26_6_1_2 has the following parameters: { TSPX_nPara := 3, TSPX_i1Para := 3, TSPX_kPara := 5, TSPX_i2Para := 1, TSPX_rPara := 4, TSPX_i3Para := 4 }
2026/Jun/23 08:21:34.598116 EXECUTOR - Initializing module GSM_Component_Definitions.
2026/Jun/23 08:21:34.598124 EXECUTOR GSM_Component_Definitions.ttcn3:0 Initializing module GSM_Templates.
2026/Jun/23 08:21:34.598142 EXECUTOR GSM_Templates.ttcn3:0 Initializing module GSM_Constants.
2026/Jun/23 08:21:34.598147 EXECUTOR GSM_Constants.ttcn3:0 Initializing module GSM_Types.
2026/Jun/23 08:21:34.598151 EXECUTOR GSM_Constants.ttcn3:0 Initialization of module GSM_Types finished.
2026/Jun/23 08:21:34.598154 EXECUTOR GSM_Templates.ttcn3:0 Initialization of module GSM_Constants finished.
2026/Jun/23 08:21:34.598239 EXECUTOR GSM_Component_Definitions.ttcn3:0 Initialization of module GSM_Templates finished.
2026/Jun/23 08:21:34.598244 EXECUTOR - Initialization of module GSM_Component_Definitions finished.
2026/Jun/23 08:21:34.598246 EXECUTOR - Initializing module GSM_Functions.
2026/Jun/23 08:21:34.598270 EXECUTOR - Initialization of module GSM_Functions finished.
2026/Jun/23 08:21:34.598272 EXECUTOR - Initializing module PreGenRecordOf.
2026/Jun/23 08:21:34.598274 EXECUTOR - Initialization of module PreGenRecordOf finished.
2026/Jun/23 08:21:34.598276 EXECUTOR - Initializing module TC_26_2_1_3.
2026/Jun/23 08:21:34.598282 EXECUTOR - Initialization of module TC_26_2_1_3 finished.
2026/Jun/23 08:21:34.598284 EXECUTOR - Initializing module TC_26_2_2.
2026/Jun/23 08:21:34.598289 EXECUTOR - Initialization of module TC_26_2_2 finished.
2026/Jun/23 08:21:34.598291 EXECUTOR - Initializing module TC_26_2_3.
2026/Jun/23 08:21:34.598296 EXECUTOR - Initialization of module TC_26_2_3 finished.
2026/Jun/23 08:21:34.598298 EXECUTOR - Initializing module TC_26_6_11_1.
2026/Jun/23 08:21:34.598303 EXECUTOR - Initialization of module TC_26_6_11_1 finished.
2026/Jun/23 08:21:34.598305 EXECUTOR - Initializing module TC_26_6_11_2.
2026/Jun/23 08:21:34.598310 EXECUTOR - Initialization of module TC_26_6_11_2 finished.
2026/Jun/23 08:21:34.598312 EXECUTOR - Initializing module TC_26_6_12_1.
2026/Jun/23 08:21:34.598317 EXECUTOR - Initialization of module TC_26_6_12_1 finished.
2026/Jun/23 08:21:34.598319 EXECUTOR - Initializing module TC_26_6_12_2.
2026/Jun/23 08:21:34.598324 EXECUTOR - Initialization of module TC_26_6_12_2 finished.
2026/Jun/23 08:21:34.598326 EXECUTOR - Initializing module TC_26_6_12_3.
2026/Jun/23 08:21:34.598330 EXECUTOR - Initialization of module TC_26_6_12_3 finished.
2026/Jun/23 08:21:34.598333 EXECUTOR - Initializing module TC_26_6_12_4.
2026/Jun/23 08:21:34.598337 EXECUTOR - Initialization of module TC_26_6_12_4 finished.
2026/Jun/23 08:21:34.598339 EXECUTOR - Initializing module TC_26_6_13_10.
2026/Jun/23 08:21:34.598344 EXECUTOR - Initialization of module TC_26_6_13_10 finished.
2026/Jun/23 08:21:34.598346 EXECUTOR - Initializing module TC_26_6_13_9.
2026/Jun/23 08:21:34.598351 EXECUTOR - Initialization of module TC_26_6_13_9 finished.
2026/Jun/23 08:21:34.598353 EXECUTOR - Initializing module TC_26_6_1_1.
2026/Jun/23 08:21:34.598358 EXECUTOR - Initialization of module TC_26_6_1_1 finished.
2026/Jun/23 08:21:34.598360 EXECUTOR - Initializing module TC_26_6_1_2.
2026/Jun/23 08:21:34.598364 EXECUTOR - Initialization of module TC_26_6_1_2 finished.
2026/Jun/23 08:21:34.598367 EXECUTOR - Initializing module TC_26_6_1_3.
2026/Jun/23 08:21:34.598371 EXECUTOR - Initialization of module TC_26_6_1_3 finished.
2026/Jun/23 08:21:34.598374 EXECUTOR - Initializing module TC_26_6_1_4.
2026/Jun/23 08:21:34.598379 EXECUTOR - Initialization of module TC_26_6_1_4 finished.
2026/Jun/23 08:21:34.598381 EXECUTOR - Initializing module TC_26_6_1_5.
2026/Jun/23 08:21:34.598385 EXECUTOR - Initialization of module TC_26_6_1_5 finished.
2026/Jun/23 08:21:34.598387 EXECUTOR - Initializing module TC_26_6_2_1_1.
2026/Jun/23 08:21:34.598392 EXECUTOR - Initialization of module TC_26_6_2_1_1 finished.
2026/Jun/23 08:21:34.598394 EXECUTOR - Initializing module TC_26_6_2_1_2.
2026/Jun/23 08:21:34.598400 EXECUTOR - Initialization of module TC_26_6_2_1_2 finished.
2026/Jun/23 08:21:34.598402 EXECUTOR - Initializing module TC_26_6_2_1_3.
2026/Jun/23 08:21:34.598407 EXECUTOR - Initialization of module TC_26_6_2_1_3 finished.
2026/Jun/23 08:21:34.598409 EXECUTOR - Initializing module TC_26_6_2_2.
2026/Jun/23 08:21:34.598414 EXECUTOR - Initialization of module TC_26_6_2_2 finished.
2026/Jun/23 08:21:34.598416 EXECUTOR - Initializing module TC_26_6_2_3_1.
2026/Jun/23 08:21:34.598421 EXECUTOR - Initialization of module TC_26_6_2_3_1 finished.
2026/Jun/23 08:21:34.598423 EXECUTOR - Initializing module TC_26_6_2_3_2.
2026/Jun/23 08:21:34.598428 EXECUTOR - Initialization of module TC_26_6_2_3_2 finished.
2026/Jun/23 08:21:34.598432 EXECUTOR - Initializing module TC_26_6_2_4.
2026/Jun/23 08:21:34.598437 EXECUTOR - Initialization of module TC_26_6_2_4 finished.
2026/Jun/23 08:21:34.598439 EXECUTOR - Initializing module TC_26_6_3_1.
2026/Jun/23 08:21:34.598445 EXECUTOR - Initialization of module TC_26_6_3_1 finished.
2026/Jun/23 08:21:34.598448 EXECUTOR - Initializing module TC_26_6_3_4.
2026/Jun/23 08:21:34.598453 EXECUTOR - Initialization of module TC_26_6_3_4 finished.
2026/Jun/23 08:21:34.598456 EXECUTOR - Initializing module TC_26_6_4_1.
2026/Jun/23 08:21:34.598460 EXECUTOR - Initialization of module TC_26_6_4_1 finished.
2026/Jun/23 08:21:34.598462 EXECUTOR - Initializing module TC_26_6_4_2_2.
2026/Jun/23 08:21:34.598467 EXECUTOR - Initialization of module TC_26_6_4_2_2 finished.
2026/Jun/23 08:21:34.598469 EXECUTOR - Initializing module TC_26_6_5_1.
2026/Jun/23 08:21:34.598474 EXECUTOR - Initialization of module TC_26_6_5_1 finished.
2026/Jun/23 08:21:34.598476 EXECUTOR - Initializing module TC_26_6_5_2_1.
2026/Jun/23 08:21:34.598481 EXECUTOR - Initialization of module TC_26_6_5_2_1 finished.
2026/Jun/23 08:21:34.598483 EXECUTOR - Initializing module TC_26_6_8_1.
2026/Jun/23 08:21:34.598488 EXECUTOR - Initialization of module TC_26_6_8_1 finished.
2026/Jun/23 08:21:34.598490 EXECUTOR - Initializing module TC_26_6_8_2.
2026/Jun/23 08:21:34.598495 EXECUTOR - Initialization of module TC_26_6_8_2 finished.
2026/Jun/23 08:21:34.598497 EXECUTOR - Initializing module TC_26_6_8_3.
2026/Jun/23 08:21:34.598502 EXECUTOR - Initialization of module TC_26_6_8_3 finished.
2026/Jun/23 08:21:34.598504 EXECUTOR - Initializing module TC_26_6_8_4.
2026/Jun/23 08:21:34.598509 EXECUTOR - Initialization of module TC_26_6_8_4 finished.
2026/Jun/23 08:21:34.598511 EXECUTOR - Initializing module TC_26_6_8_5.
2026/Jun/23 08:21:34.598516 EXECUTOR - Initialization of module TC_26_6_8_5 finished.
2026/Jun/23 08:21:34.598518 EXECUTOR - Initializing module TC_26_7_1.
2026/Jun/23 08:21:34.598523 EXECUTOR - Initialization of module TC_26_7_1 finished.
2026/Jun/23 08:21:34.598525 EXECUTOR - Initializing module TC_26_7_2_1.
2026/Jun/23 08:21:34.598530 EXECUTOR - Initialization of module TC_26_7_2_1 finished.
2026/Jun/23 08:21:34.598533 EXECUTOR - Initializing module TC_26_7_2_2.
2026/Jun/23 08:21:34.598537 EXECUTOR - Initialization of module TC_26_7_2_2 finished.
2026/Jun/23 08:21:34.598539 EXECUTOR - Initializing module TC_26_7_3_1.
2026/Jun/23 08:21:34.598544 EXECUTOR - Initialization of module TC_26_7_3_1 finished.
2026/Jun/23 08:21:34.598546 EXECUTOR - Initializing module TC_26_7_3_2.
2026/Jun/23 08:21:34.598551 EXECUTOR - Initialization of module TC_26_7_3_2 finished.
2026/Jun/23 08:21:34.598554 EXECUTOR - Initializing module TC_26_7_4_1.
2026/Jun/23 08:21:34.598558 EXECUTOR - Initialization of module TC_26_7_4_1 finished.
2026/Jun/23 08:21:34.598560 EXECUTOR - Initializing module TC_26_7_4_2_1.
2026/Jun/23 08:21:34.598565 EXECUTOR - Initialization of module TC_26_7_4_2_1 finished.
2026/Jun/23 08:21:34.598567 EXECUTOR - Initializing module TC_26_7_4_2_2_1.
2026/Jun/23 08:21:34.598572 EXECUTOR - Initialization of module TC_26_7_4_2_2_1 finished.
2026/Jun/23 08:21:34.598574 EXECUTOR - Initializing module TC_26_7_4_2_2_2.
2026/Jun/23 08:21:34.598580 EXECUTOR - Initialization of module TC_26_7_4_2_2_2 finished.
2026/Jun/23 08:21:34.598582 EXECUTOR - Initializing module TC_26_7_4_2_3.
2026/Jun/23 08:21:34.598587 EXECUTOR - Initialization of module TC_26_7_4_2_3 finished.
2026/Jun/23 08:21:34.598589 EXECUTOR - Initializing module TC_26_7_4_2_4_1.
2026/Jun/23 08:21:34.598594 EXECUTOR - Initialization of module TC_26_7_4_2_4_1 finished.
2026/Jun/23 08:21:34.598596 EXECUTOR - Initializing module TC_26_7_4_2_4_2.
2026/Jun/23 08:21:34.598601 EXECUTOR - Initialization of module TC_26_7_4_2_4_2 finished.
2026/Jun/23 08:21:34.598603 EXECUTOR - Initializing module TC_26_7_4_2_4_3.
2026/Jun/23 08:21:34.598608 EXECUTOR - Initialization of module TC_26_7_4_2_4_3 finished.
2026/Jun/23 08:21:34.598610 EXECUTOR - Initializing module TC_26_7_4_2_4_4.
2026/Jun/23 08:21:34.598617 EXECUTOR - Initialization of module TC_26_7_4_2_4_4 finished.
2026/Jun/23 08:21:34.598620 EXECUTOR - Initializing module TC_26_7_4_2_4_5.
2026/Jun/23 08:21:34.598625 EXECUTOR - Initialization of module TC_26_7_4_2_4_5 finished.
2026/Jun/23 08:21:34.598627 EXECUTOR - Initializing module TC_26_7_4_3_1.
2026/Jun/23 08:21:34.598631 EXECUTOR - Initialization of module TC_26_7_4_3_1 finished.
2026/Jun/23 08:21:34.598634 EXECUTOR - Initializing module TC_26_7_4_3_2.
2026/Jun/23 08:21:34.598639 EXECUTOR - Initialization of module TC_26_7_4_3_2 finished.
2026/Jun/23 08:21:34.598641 EXECUTOR - Initializing module TC_26_7_4_3_3.
2026/Jun/23 08:21:34.598646 EXECUTOR - Initialization of module TC_26_7_4_3_3 finished.
2026/Jun/23 08:21:34.598648 EXECUTOR - Initializing module TC_26_7_4_3_4.
2026/Jun/23 08:21:34.598653 EXECUTOR - Initialization of module TC_26_7_4_3_4 finished.
2026/Jun/23 08:21:34.598655 EXECUTOR - Initializing module TC_26_7_4_4.
2026/Jun/23 08:21:34.598660 EXECUTOR - Initialization of module TC_26_7_4_4 finished.
2026/Jun/23 08:21:34.598662 EXECUTOR - Initializing module TC_26_7_4_5_1.
2026/Jun/23 08:21:34.598667 EXECUTOR - Initialization of module TC_26_7_4_5_1 finished.
2026/Jun/23 08:21:34.598669 EXECUTOR - Initializing module TC_26_7_4_5_2.
2026/Jun/23 08:21:34.598674 EXECUTOR - Initialization of module TC_26_7_4_5_2 finished.
2026/Jun/23 08:21:34.598676 EXECUTOR - Initializing module TC_26_7_4_5_3.
2026/Jun/23 08:21:34.598681 EXECUTOR - Initialization of module TC_26_7_4_5_3 finished.
2026/Jun/23 08:21:34.598683 EXECUTOR - Initializing module TC_26_7_4_5_4_2.
2026/Jun/23 08:21:34.598688 EXECUTOR - Initialization of module TC_26_7_4_5_4_2 finished.
2026/Jun/23 08:21:34.598690 EXECUTOR - Initializing module TC_26_7_5_2.
2026/Jun/23 08:21:34.598695 EXECUTOR - Initialization of module TC_26_7_5_2 finished.
2026/Jun/23 08:21:34.598697 EXECUTOR - Initializing module TC_26_7_5_3.
2026/Jun/23 08:21:34.598702 EXECUTOR - Initialization of module TC_26_7_5_3 finished.
2026/Jun/23 08:21:34.598705 EXECUTOR - Initializing module TC_26_7_5_4.
2026/Jun/23 08:21:34.598710 EXECUTOR - Initialization of module TC_26_7_5_4 finished.
2026/Jun/23 08:21:34.598712 EXECUTOR - Initializing module TC_26_7_5_5.
2026/Jun/23 08:21:34.598716 EXECUTOR - Initialization of module TC_26_7_5_5 finished.
2026/Jun/23 08:21:34.598719 EXECUTOR - Initializing module TC_26_7_5_6.
2026/Jun/23 08:21:34.598724 EXECUTOR - Initialization of module TC_26_7_5_6 finished.
2026/Jun/23 08:21:34.598726 EXECUTOR - Initializing module TC_26_7_5_7_1.
2026/Jun/23 08:21:34.598731 EXECUTOR - Initialization of module TC_26_7_5_7_1 finished.
2026/Jun/23 08:21:34.598733 EXECUTOR - Initializing module TC_26_7_5_8_1.
2026/Jun/23 08:21:34.598738 EXECUTOR - Initialization of module TC_26_7_5_8_1 finished.
2026/Jun/23 08:21:34.598740 EXECUTOR - Initializing module TC_26_7_5_8_2.
2026/Jun/23 08:21:34.598744 EXECUTOR - Initialization of module TC_26_7_5_8_2 finished.
2026/Jun/23 08:21:34.598746 EXECUTOR - Initializing module TC_26_7_5_8_3.
2026/Jun/23 08:21:34.598751 EXECUTOR - Initialization of module TC_26_7_5_8_3 finished.
2026/Jun/23 08:21:34.598753 EXECUTOR - Initializing module TC_26_8_1_2_1_1.
2026/Jun/23 08:21:34.598758 EXECUTOR - Initialization of module TC_26_8_1_2_1_1 finished.
2026/Jun/23 08:21:34.598761 EXECUTOR - Initializing module TC_26_8_1_2_2_1.
2026/Jun/23 08:21:34.598765 EXECUTOR - Initialization of module TC_26_8_1_2_2_1 finished.
2026/Jun/23 08:21:34.598768 EXECUTOR - Initializing module TC_26_8_1_2_2_2.
2026/Jun/23 08:21:34.598772 EXECUTOR - Initialization of module TC_26_8_1_2_2_2 finished.
2026/Jun/23 08:21:34.598774 EXECUTOR - Initializing module TC_26_8_1_2_2_3.
2026/Jun/23 08:21:34.598779 EXECUTOR - Initialization of module TC_26_8_1_2_2_3 finished.
2026/Jun/23 08:21:34.598781 EXECUTOR - Initializing module TC_26_8_1_2_3_1.
2026/Jun/23 08:21:34.598786 EXECUTOR - Initialization of module TC_26_8_1_2_3_1 finished.
2026/Jun/23 08:21:34.598788 EXECUTOR - Initializing module TC_26_8_1_2_3_2.
2026/Jun/23 08:21:34.598793 EXECUTOR - Initialization of module TC_26_8_1_2_3_2 finished.
2026/Jun/23 08:21:34.598798 EXECUTOR - Initializing module TC_26_8_1_2_3_3.
2026/Jun/23 08:21:34.598803 EXECUTOR - Initialization of module TC_26_8_1_2_3_3 finished.
2026/Jun/23 08:21:34.598805 EXECUTOR - Initializing module TC_26_8_1_2_3_4.
2026/Jun/23 08:21:34.598810 EXECUTOR - Initialization of module TC_26_8_1_2_3_4 finished.
2026/Jun/23 08:21:34.598812 EXECUTOR - Initializing module TC_26_8_1_2_3_5.
2026/Jun/23 08:21:34.598817 EXECUTOR - Initialization of module TC_26_8_1_2_3_5 finished.
2026/Jun/23 08:21:34.598819 EXECUTOR - Initializing module TC_26_8_1_2_3_6.
2026/Jun/23 08:21:34.598836 EXECUTOR - Initialization of module TC_26_8_1_2_3_6 finished.
2026/Jun/23 08:21:34.598838 EXECUTOR - Initializing module TC_26_8_1_2_3_7.
2026/Jun/23 08:21:34.598843 EXECUTOR - Initialization of module TC_26_8_1_2_3_7 finished.
2026/Jun/23 08:21:34.598845 EXECUTOR - Initializing module TC_26_8_1_2_4_1.
2026/Jun/23 08:21:34.598850 EXECUTOR - Initialization of module TC_26_8_1_2_4_1 finished.
2026/Jun/23 08:21:34.598852 EXECUTOR - Initializing module TC_26_8_1_2_4_13.
2026/Jun/23 08:21:34.598857 EXECUTOR - Initialization of module TC_26_8_1_2_4_13 finished.
2026/Jun/23 08:21:34.598859 EXECUTOR - Initializing module TC_26_8_1_2_4_2.
2026/Jun/23 08:21:34.598864 EXECUTOR - Initialization of module TC_26_8_1_2_4_2 finished.
2026/Jun/23 08:21:34.598866 EXECUTOR - Initializing module TC_26_8_1_2_4_3.
2026/Jun/23 08:21:34.598871 EXECUTOR - Initialization of module TC_26_8_1_2_4_3 finished.
2026/Jun/23 08:21:34.598873 EXECUTOR - Initializing module TC_26_8_1_2_4_4.
2026/Jun/23 08:21:34.598878 EXECUTOR - Initialization of module TC_26_8_1_2_4_4 finished.
2026/Jun/23 08:21:34.598880 EXECUTOR - Initializing module TC_26_8_1_2_4_5.
2026/Jun/23 08:21:34.598885 EXECUTOR - Initialization of module TC_26_8_1_2_4_5 finished.
2026/Jun/23 08:21:34.598888 EXECUTOR - Initializing module TC_26_8_1_2_6_1.
2026/Jun/23 08:21:34.598892 EXECUTOR - Initialization of module TC_26_8_1_2_6_1 finished.
2026/Jun/23 08:21:34.598895 EXECUTOR - Initializing module TC_26_8_1_2_6_2.
2026/Jun/23 08:21:34.598900 EXECUTOR - Initialization of module TC_26_8_1_2_6_2 finished.
2026/Jun/23 08:21:34.598902 EXECUTOR - Initializing module TC_26_8_1_2_6_3.
2026/Jun/23 08:21:34.598907 EXECUTOR - Initialization of module TC_26_8_1_2_6_3 finished.
2026/Jun/23 08:21:34.598909 EXECUTOR - Initializing module TC_26_8_1_2_6_6.
2026/Jun/23 08:21:34.598914 EXECUTOR - Initialization of module TC_26_8_1_2_6_6 finished.
2026/Jun/23 08:21:34.598916 EXECUTOR - Initializing module TC_26_8_1_3_1_1.
2026/Jun/23 08:21:34.598921 EXECUTOR - Initialization of module TC_26_8_1_3_1_1 finished.
2026/Jun/23 08:21:34.598923 EXECUTOR - Initializing module TC_26_8_1_3_2_1.
2026/Jun/23 08:21:34.598928 EXECUTOR - Initialization of module TC_26_8_1_3_2_1 finished.
2026/Jun/23 08:21:34.598930 EXECUTOR - Initializing module TC_26_8_1_3_3_1.
2026/Jun/23 08:21:34.598936 EXECUTOR - Initialization of module TC_26_8_1_3_3_1 finished.
2026/Jun/23 08:21:34.598938 EXECUTOR - Initializing module TC_26_8_1_3_3_2.
2026/Jun/23 08:21:34.598943 EXECUTOR - Initialization of module TC_26_8_1_3_3_2 finished.
2026/Jun/23 08:21:34.598945 EXECUTOR - Initializing module TC_26_8_1_3_3_3.
2026/Jun/23 08:21:34.598950 EXECUTOR - Initialization of module TC_26_8_1_3_3_3 finished.
2026/Jun/23 08:21:34.598952 EXECUTOR - Initializing module TC_26_8_1_3_3_4.
2026/Jun/23 08:21:34.598957 EXECUTOR - Initialization of module TC_26_8_1_3_3_4 finished.
2026/Jun/23 08:21:34.598959 EXECUTOR - Initializing module TC_26_8_1_3_3_5.
2026/Jun/23 08:21:34.598964 EXECUTOR - Initialization of module TC_26_8_1_3_3_5 finished.
2026/Jun/23 08:21:34.598966 EXECUTOR - Initializing module TC_26_8_1_3_3_6.
2026/Jun/23 08:21:34.598971 EXECUTOR - Initialization of module TC_26_8_1_3_3_6 finished.
2026/Jun/23 08:21:34.598973 EXECUTOR - Initializing module TC_26_8_1_3_3_7.
2026/Jun/23 08:21:34.598978 EXECUTOR - Initialization of module TC_26_8_1_3_3_7 finished.
2026/Jun/23 08:21:34.598980 EXECUTOR - Initializing module TC_26_8_1_3_4_1.
2026/Jun/23 08:21:34.598988 EXECUTOR - Initialization of module TC_26_8_1_3_4_1 finished.
2026/Jun/23 08:21:34.598990 EXECUTOR - Initializing module TC_26_8_1_3_4_2.
2026/Jun/23 08:21:34.598995 EXECUTOR - Initialization of module TC_26_8_1_3_4_2 finished.
2026/Jun/23 08:21:34.598998 EXECUTOR - Initializing module TC_26_8_1_3_4_3.
2026/Jun/23 08:21:34.599003 EXECUTOR - Initialization of module TC_26_8_1_3_4_3 finished.
2026/Jun/23 08:21:34.599005 EXECUTOR - Initializing module TC_26_8_1_3_4_4.
2026/Jun/23 08:21:34.599010 EXECUTOR - Initialization of module TC_26_8_1_3_4_4 finished.
2026/Jun/23 08:21:34.599012 EXECUTOR - Initializing module TC_26_8_1_3_4_5.
2026/Jun/23 08:21:34.599017 EXECUTOR - Initialization of module TC_26_8_1_3_4_5 finished.
2026/Jun/23 08:21:34.599020 EXECUTOR - Initializing module TC_26_8_1_3_4_6.
2026/Jun/23 08:21:34.599025 EXECUTOR - Initialization of module TC_26_8_1_3_4_6 finished.
2026/Jun/23 08:21:34.599027 EXECUTOR - Initializing module TC_26_8_1_3_4_7.
2026/Jun/23 08:21:34.599032 EXECUTOR - Initialization of module TC_26_8_1_3_4_7 finished.
2026/Jun/23 08:21:34.599034 EXECUTOR - Initializing module TC_26_8_1_3_4_8.
2026/Jun/23 08:21:34.599040 EXECUTOR - Initialization of module TC_26_8_1_3_4_8 finished.
2026/Jun/23 08:21:34.599042 EXECUTOR - Initializing module TC_26_8_1_3_5_1.
2026/Jun/23 08:21:34.599047 EXECUTOR - Initialization of module TC_26_8_1_3_5_1 finished.
2026/Jun/23 08:21:34.599049 EXECUTOR - Initializing module TC_26_8_1_3_5_2.
2026/Jun/23 08:21:34.599054 EXECUTOR - Initialization of module TC_26_8_1_3_5_2 finished.
2026/Jun/23 08:21:34.599056 EXECUTOR - Initializing module TC_26_8_1_3_5_3.
2026/Jun/23 08:21:34.599061 EXECUTOR - Initialization of module TC_26_8_1_3_5_3 finished.
2026/Jun/23 08:21:34.599063 EXECUTOR - Initializing module TC_26_8_1_3_5_4.
2026/Jun/23 08:21:34.599068 EXECUTOR - Initialization of module TC_26_8_1_3_5_4 finished.
2026/Jun/23 08:21:34.599071 EXECUTOR - Initializing module TC_26_8_1_3_5_5.
2026/Jun/23 08:21:34.599075 EXECUTOR - Initialization of module TC_26_8_1_3_5_5 finished.
2026/Jun/23 08:21:34.599078 EXECUTOR - Initializing module TC_26_8_1_3_5_6.
2026/Jun/23 08:21:34.599083 EXECUTOR - Initialization of module TC_26_8_1_3_5_6 finished.
2026/Jun/23 08:21:34.599085 EXECUTOR - Initializing module TC_26_8_1_3_5_7.
2026/Jun/23 08:21:34.599090 EXECUTOR - Initialization of module TC_26_8_1_3_5_7 finished.
2026/Jun/23 08:21:34.599092 EXECUTOR - Initializing module TC_26_8_1_3_5_8.
2026/Jun/23 08:21:34.599097 EXECUTOR - Initialization of module TC_26_8_1_3_5_8 finished.
2026/Jun/23 08:21:34.599100 EXECUTOR - Initializing module TC_26_8_1_3_5_9.
2026/Jun/23 08:21:34.599104 EXECUTOR - Initialization of module TC_26_8_1_3_5_9 finished.
2026/Jun/23 08:21:34.599107 EXECUTOR - Initializing module TC_26_8_2_1.
2026/Jun/23 08:21:34.599111 EXECUTOR - Initialization of module TC_26_8_2_1 finished.
2026/Jun/23 08:21:34.599113 EXECUTOR - Initializing module TC_26_8_2_2.
2026/Jun/23 08:21:34.599118 EXECUTOR - Initialization of module TC_26_8_2_2 finished.
2026/Jun/23 08:21:34.599120 EXECUTOR - Initializing module TC_26_8_2_3.
2026/Jun/23 08:21:34.599125 EXECUTOR - Initialization of module TC_26_8_2_3 finished.
2026/Jun/23 08:21:34.599127 EXECUTOR - Initializing module TC_26_8_3.
2026/Jun/23 08:21:34.599132 EXECUTOR - Initialization of module TC_26_8_3 finished.
2026/Jun/23 08:21:34.599135 EXECUTOR - Initializing module TC_34_2_2.
2026/Jun/23 08:21:34.599139 EXECUTOR - Initialization of module TC_34_2_2 finished.
2026/Jun/23 08:21:34.599142 EXECUTOR - Initializing module TitanLoggerApi.
2026/Jun/23 08:21:34.599144 EXECUTOR - Initialization of module TitanLoggerApi finished.
2026/Jun/23 08:21:34.599146 EXECUTOR - Initializing module TitanLoggerControl.
2026/Jun/23 08:21:34.599148 EXECUTOR - Initialization of module TitanLoggerControl finished.
2026/Jun/23 08:21:34.599158 EXECUTOR - Configuration data was processed successfully.
2026/Jun/23 08:21:34.600660 EXECUTOR - MTC was created. Process id: 39.
2026/Jun/23 08:25:12.008884 EXECUTOR - Exit was requested from MC. Terminating HC.
2026/Jun/23 08:25:12.009097 EXECUTOR - Disconnected from MC.
2026/Jun/23 08:25:12.009138 EXECUTOR - TTCN-3 Host Controller finished.
