/usr/local/bin/virtphy.real: option requires an argument -- 'd'
Tue Jun 16 09:58:53 2026 DVIRPHY virtphy.c:248 Virtual physical layer starting up...
Tue Jun 16 09:58:53 2026 DVIRPHY virtphy.c:257 Virtual physical layer ready, waiting for l23 app(s) on /tmp/osmocom_l2
Tue Jun 16 09:59:02 2026 DMAIN virt_l1_model.c:42 MS 0000: allocated
Tue Jun 16 09:59:02 2026 DL1C l1ctl_sock.c:138 Accepted client (fd=6) from server (fd=5)
Tue Jun 16 09:59:02 2026 DL1C l1ctl_sap.c:578 MS 0000: Tx L1CTL_RESET_CONF (reset_type: 1)
Tue Jun 16 09:59:02 2026 DL1C l1ctl_sap.c:578 MS 0000: Tx L1CTL_RESET_CONF (reset_type: 1)
Tue Jun 16 09:59:03 2026 DL1C l1ctl_sap.c:578 MS 0000: Tx L1CTL_RESET_CONF (reset_type: 1)
Tue Jun 16 09:59:03 2026 DL1C virt_prim_fbsb.c:57 MS 0000: Rx L1CTL_FBSB_REQ (arfcn=51, flags=0x7)
Tue Jun 16 09:59:03 2026 DL1C virt_prim_fbsb.c:126 MS 0000: Tx L1CTL_FBSB_CONF (res: 0)
Tue Jun 16 09:59:03 2026 DL1C l1ctl_sap.c:472 MS 0000: Rx L1CTL_CCCH_MODE_REQ (mode=2)
Tue Jun 16 09:59:03 2026 DL1C l1ctl_sap.c:600 MS 0000: Tx L1CTL_CCCH_MODE_CONF (mode: 2)
Tue Jun 16 09:59:04 2026 DL1C l1ctl_sap.c:578 MS 0000: Tx L1CTL_RESET_CONF (reset_type: 1)
Tue Jun 16 09:59:04 2026 DL1C virt_prim_fbsb.c:57 MS 0000: Rx L1CTL_FBSB_REQ (arfcn=51, flags=0x7)
Tue Jun 16 09:59:04 2026 DL1C virt_prim_fbsb.c:126 MS 0000: Tx L1CTL_FBSB_CONF (res: 0)
Tue Jun 16 09:59:04 2026 DL1C l1ctl_sap.c:411 MS 0000: Rx L1CTL_PARAM_REQ (ta=0, tx_power=14)
Tue Jun 16 09:59:04 2026 DL1C virt_prim_rach.c:81 MS 0000: Rx L1CTL_RACH_REQ (ra=0x06, offset=11 combined=1)
Tue Jun 16 09:59:04 2026 DL1C virt_prim_rach.c:124 MS 0000: Tx L1CTL_RACH_CONF (fn: 2116, arfcn: 51)
Tue Jun 16 09:59:04 2026 DL1C l1ctl_sap.c:411 MS 0000: Rx L1CTL_PARAM_REQ (ta=0, tx_power=14)
Tue Jun 16 09:59:04 2026 DL1C virt_prim_rach.c:81 MS 0000: Rx L1CTL_RACH_REQ (ra=0x00, offset=121 combined=1)
Tue Jun 16 09:59:05 2026 DL1C l1ctl_sap.c:578 MS 0000: Tx L1CTL_RESET_CONF (reset_type: 2)
Tue Jun 16 09:59:05 2026 DL1C l1ctl_sap.c:411 MS 0000: Rx L1CTL_PARAM_REQ (ta=0, tx_power=14)
Tue Jun 16 09:59:13 2026 DL1C l1ctl_sap.c:379 MS 0000: Rx L1CTL_DM_REL_REQ
Tue Jun 16 09:59:13 2026 DL1C l1ctl_sap.c:578 MS 0000: Tx L1CTL_RESET_CONF (reset_type: 1)
Tue Jun 16 09:59:13 2026 DL1C l1ctl_sap.c:578 MS 0000: Tx L1CTL_RESET_CONF (reset_type: 1)
Tue Jun 16 09:59:13 2026 DL1C virt_prim_fbsb.c:57 MS 0000: Rx L1CTL_FBSB_REQ (arfcn=51, flags=0x7)
Tue Jun 16 09:59:13 2026 DL1C virt_prim_fbsb.c:126 MS 0000: Tx L1CTL_FBSB_CONF (res: 0)
Tue Jun 16 09:59:13 2026 DL1C l1ctl_sap.c:526 MS 0000: Rx L1CTL_NEIGH_PM_REQ (list with 1 entries): IGNORED
Tue Jun 16 09:59:28 2026 DL1C l1ctl_sap.c:578 MS 0000: Tx L1CTL_RESET_CONF (reset_type: 1)
Tue Jun 16 09:59:28 2026 DL1C virt_prim_fbsb.c:57 MS 0000: Rx L1CTL_FBSB_REQ (arfcn=51, flags=0x7)
Tue Jun 16 09:59:28 2026 DL1C virt_prim_fbsb.c:126 MS 0000: Tx L1CTL_FBSB_CONF (res: 0)
Tue Jun 16 09:59:28 2026 DL1C l1ctl_sap.c:411 MS 0000: Rx L1CTL_PARAM_REQ (ta=0, tx_power=14)
Tue Jun 16 09:59:28 2026 DL1C virt_prim_rach.c:81 MS 0000: Rx L1CTL_RACH_REQ (ra=0x06, offset=11 combined=1)
Tue Jun 16 09:59:29 2026 DL1C virt_prim_rach.c:124 MS 0000: Tx L1CTL_RACH_CONF (fn: 7318, arfcn: 51)
Tue Jun 16 09:59:29 2026 DL1C l1ctl_sap.c:411 MS 0000: Rx L1CTL_PARAM_REQ (ta=0, tx_power=14)
Tue Jun 16 09:59:29 2026 DL1C virt_prim_rach.c:81 MS 0000: Rx L1CTL_RACH_REQ (ra=0x04, offset=126 combined=1)
Tue Jun 16 09:59:29 2026 DL1C l1ctl_sap.c:578 MS 0000: Tx L1CTL_RESET_CONF (reset_type: 2)
Tue Jun 16 09:59:29 2026 DL1C l1ctl_sap.c:411 MS 0000: Rx L1CTL_PARAM_REQ (ta=0, tx_power=14)
Tue Jun 16 09:59:50 2026 DL1C l1ctl_sap.c:379 MS 0000: Rx L1CTL_DM_REL_REQ
Tue Jun 16 09:59:50 2026 DL1C l1ctl_sap.c:578 MS 0000: Tx L1CTL_RESET_CONF (reset_type: 1)
Tue Jun 16 09:59:50 2026 DL1C l1ctl_sap.c:578 MS 0000: Tx L1CTL_RESET_CONF (reset_type: 1)
Tue Jun 16 09:59:50 2026 DL1C virt_prim_fbsb.c:57 MS 0000: Rx L1CTL_FBSB_REQ (arfcn=51, flags=0x7)
Tue Jun 16 09:59:50 2026 DL1C virt_prim_fbsb.c:126 MS 0000: Tx L1CTL_FBSB_CONF (res: 0)
Tue Jun 16 09:59:50 2026 DL1C l1ctl_sap.c:526 MS 0000: Rx L1CTL_NEIGH_PM_REQ (list with 1 entries): IGNORED
Tue Jun 16 10:00:05 2026 DL1C l1ctl_sap.c:578 MS 0000: Tx L1CTL_RESET_CONF (reset_type: 1)
Tue Jun 16 10:00:05 2026 DL1C virt_prim_fbsb.c:57 MS 0000: Rx L1CTL_FBSB_REQ (arfcn=51, flags=0x7)
Tue Jun 16 10:00:05 2026 DL1C virt_prim_fbsb.c:126 MS 0000: Tx L1CTL_FBSB_CONF (res: 0)
Tue Jun 16 10:00:05 2026 DL1C l1ctl_sap.c:411 MS 0000: Rx L1CTL_PARAM_REQ (ta=0, tx_power=14)
Tue Jun 16 10:00:05 2026 DL1C virt_prim_rach.c:81 MS 0000: Rx L1CTL_RACH_REQ (ra=0x03, offset=4 combined=1)
Tue Jun 16 10:00:05 2026 DL1C virt_prim_rach.c:124 MS 0000: Tx L1CTL_RACH_CONF (fn: 15367, arfcn: 51)
Tue Jun 16 10:00:05 2026 DL1C l1ctl_sap.c:411 MS 0000: Rx L1CTL_PARAM_REQ (ta=0, tx_power=14)
Tue Jun 16 10:00:05 2026 DL1C virt_prim_rach.c:81 MS 0000: Rx L1CTL_RACH_REQ (ra=0x06, offset=122 combined=1)
Tue Jun 16 10:00:05 2026 DL1C l1ctl_sap.c:578 MS 0000: Tx L1CTL_RESET_CONF (reset_type: 2)
Tue Jun 16 10:00:05 2026 DL1C l1ctl_sap.c:411 MS 0000: Rx L1CTL_PARAM_REQ (ta=0, tx_power=14)
Tue Jun 16 10:00:13 2026 DL1C l1ctl_sap.c:379 MS 0000: Rx L1CTL_DM_REL_REQ
Tue Jun 16 10:00:13 2026 DL1C l1ctl_sap.c:578 MS 0000: Tx L1CTL_RESET_CONF (reset_type: 1)
Tue Jun 16 10:00:13 2026 DL1C l1ctl_sap.c:578 MS 0000: Tx L1CTL_RESET_CONF (reset_type: 1)
Tue Jun 16 10:00:13 2026 DL1C virt_prim_fbsb.c:57 MS 0000: Rx L1CTL_FBSB_REQ (arfcn=51, flags=0x7)
Tue Jun 16 10:00:13 2026 DL1C virt_prim_fbsb.c:126 MS 0000: Tx L1CTL_FBSB_CONF (res: 0)
Tue Jun 16 10:00:13 2026 DL1C l1ctl_sap.c:526 MS 0000: Rx L1CTL_NEIGH_PM_REQ (list with 1 entries): IGNORED
Tue Jun 16 10:00:28 2026 DL1C l1ctl_sap.c:578 MS 0000: Tx L1CTL_RESET_CONF (reset_type: 1)
Tue Jun 16 10:00:28 2026 DL1C virt_prim_fbsb.c:57 MS 0000: Rx L1CTL_FBSB_REQ (arfcn=51, flags=0x7)
Tue Jun 16 10:00:28 2026 DL1C virt_prim_fbsb.c:126 MS 0000: Tx L1CTL_FBSB_CONF (res: 0)
Tue Jun 16 10:00:28 2026 DL1C l1ctl_sap.c:411 MS 0000: Rx L1CTL_PARAM_REQ (ta=0, tx_power=14)
Tue Jun 16 10:00:28 2026 DL1C virt_prim_rach.c:81 MS 0000: Rx L1CTL_RACH_REQ (ra=0x08, offset=8 combined=1)
Tue Jun 16 10:00:28 2026 DL1C virt_prim_rach.c:124 MS 0000: Tx L1CTL_RACH_CONF (fn: 20220, arfcn: 51)
Tue Jun 16 10:00:28 2026 DL1C l1ctl_sap.c:411 MS 0000: Rx L1CTL_PARAM_REQ (ta=0, tx_power=14)
Tue Jun 16 10:00:28 2026 DL1C virt_prim_rach.c:81 MS 0000: Rx L1CTL_RACH_REQ (ra=0x03, offset=122 combined=1)
Tue Jun 16 10:00:28 2026 DL1C l1ctl_sap.c:578 MS 0000: Tx L1CTL_RESET_CONF (reset_type: 2)
Tue Jun 16 10:00:28 2026 DL1C l1ctl_sap.c:411 MS 0000: Rx L1CTL_PARAM_REQ (ta=0, tx_power=14)
Tue Jun 16 10:00:36 2026 DL1C l1ctl_sap.c:379 MS 0000: Rx L1CTL_DM_REL_REQ
Tue Jun 16 10:00:36 2026 DL1C l1ctl_sap.c:578 MS 0000: Tx L1CTL_RESET_CONF (reset_type: 1)
Tue Jun 16 10:00:36 2026 DL1C l1ctl_sap.c:578 MS 0000: Tx L1CTL_RESET_CONF (reset_type: 1)
Tue Jun 16 10:00:36 2026 DL1C virt_prim_fbsb.c:57 MS 0000: Rx L1CTL_FBSB_REQ (arfcn=51, flags=0x7)
Tue Jun 16 10:00:36 2026 DL1C virt_prim_fbsb.c:126 MS 0000: Tx L1CTL_FBSB_CONF (res: 0)
Tue Jun 16 10:00:36 2026 DL1C l1ctl_sap.c:526 MS 0000: Rx L1CTL_NEIGH_PM_REQ (list with 1 entries): IGNORED
Tue Jun 16 10:01:28 2026 DL1C l1ctl_sap.c:578 MS 0000: Tx L1CTL_RESET_CONF (reset_type: 1)
Tue Jun 16 10:01:28 2026 DL1C l1ctl_sock.c:99 Failed to receive msg from l2. Connection will be closed.
Tue Jun 16 10:01:28 2026 DMAIN virt_l1_model.c:49 MS 0000: destroyed
Tue Jun 16 10:01:49 2026 DMAIN virt_l1_model.c:42 MS 0001: allocated
Tue Jun 16 10:01:49 2026 DL1C l1ctl_sock.c:138 Accepted client (fd=6) from server (fd=5)
Tue Jun 16 10:01:49 2026 DL1C l1ctl_sap.c:578 MS 0001: Tx L1CTL_RESET_CONF (reset_type: 1)
Tue Jun 16 10:01:49 2026 DL1C l1ctl_sap.c:578 MS 0001: Tx L1CTL_RESET_CONF (reset_type: 1)
Tue Jun 16 10:01:50 2026 DL1C l1ctl_sap.c:578 MS 0001: Tx L1CTL_RESET_CONF (reset_type: 1)
Tue Jun 16 10:01:50 2026 DL1C virt_prim_fbsb.c:57 MS 0001: Rx L1CTL_FBSB_REQ (arfcn=51, flags=0x7)
Tue Jun 16 10:01:50 2026 DL1C virt_prim_fbsb.c:126 MS 0001: Tx L1CTL_FBSB_CONF (res: 0)
Tue Jun 16 10:01:51 2026 DL1C l1ctl_sap.c:472 MS 0001: Rx L1CTL_CCCH_MODE_REQ (mode=2)
Tue Jun 16 10:01:51 2026 DL1C l1ctl_sap.c:600 MS 0001: Tx L1CTL_CCCH_MODE_CONF (mode: 2)
Tue Jun 16 10:01:51 2026 DL1C l1ctl_sap.c:578 MS 0001: Tx L1CTL_RESET_CONF (reset_type: 1)
Tue Jun 16 10:01:51 2026 DL1C virt_prim_fbsb.c:57 MS 0001: Rx L1CTL_FBSB_REQ (arfcn=51, flags=0x7)
Tue Jun 16 10:01:51 2026 DL1C virt_prim_fbsb.c:126 MS 0001: Tx L1CTL_FBSB_CONF (res: 0)
Tue Jun 16 10:01:51 2026 DL1C l1ctl_sap.c:411 MS 0001: Rx L1CTL_PARAM_REQ (ta=0, tx_power=14)
Tue Jun 16 10:01:51 2026 DL1C virt_prim_rach.c:81 MS 0001: Rx L1CTL_RACH_REQ (ra=0x04, offset=8 combined=1)
Tue Jun 16 10:01:51 2026 DL1C virt_prim_rach.c:124 MS 0001: Tx L1CTL_RACH_CONF (fn: 38374, arfcn: 51)
Tue Jun 16 10:01:51 2026 DL1C l1ctl_sap.c:411 MS 0001: Rx L1CTL_PARAM_REQ (ta=0, tx_power=14)
Tue Jun 16 10:01:51 2026 DL1C virt_prim_rach.c:81 MS 0001: Rx L1CTL_RACH_REQ (ra=0x0e, offset=118 combined=1)
Tue Jun 16 10:01:52 2026 DL1C l1ctl_sap.c:578 MS 0001: Tx L1CTL_RESET_CONF (reset_type: 2)
Tue Jun 16 10:01:52 2026 DL1C l1ctl_sap.c:411 MS 0001: Rx L1CTL_PARAM_REQ (ta=0, tx_power=14)
Tue Jun 16 10:02:12 2026 DL1C l1ctl_sap.c:379 MS 0001: Rx L1CTL_DM_REL_REQ
Tue Jun 16 10:02:12 2026 DL1C l1ctl_sap.c:578 MS 0001: Tx L1CTL_RESET_CONF (reset_type: 1)
Tue Jun 16 10:02:12 2026 DL1C l1ctl_sap.c:578 MS 0001: Tx L1CTL_RESET_CONF (reset_type: 1)
Tue Jun 16 10:02:12 2026 DL1C virt_prim_fbsb.c:57 MS 0001: Rx L1CTL_FBSB_REQ (arfcn=51, flags=0x7)
Tue Jun 16 10:02:12 2026 DL1C virt_prim_fbsb.c:126 MS 0001: Tx L1CTL_FBSB_CONF (res: 0)
Tue Jun 16 10:02:12 2026 DL1C l1ctl_sap.c:526 MS 0001: Rx L1CTL_NEIGH_PM_REQ (list with 1 entries): IGNORED
Tue Jun 16 10:02:27 2026 DL1C l1ctl_sap.c:578 MS 0001: Tx L1CTL_RESET_CONF (reset_type: 1)
Tue Jun 16 10:02:27 2026 DL1C virt_prim_fbsb.c:57 MS 0001: Rx L1CTL_FBSB_REQ (arfcn=51, flags=0x7)
Tue Jun 16 10:02:27 2026 DL1C virt_prim_fbsb.c:126 MS 0001: Tx L1CTL_FBSB_CONF (res: 0)
Tue Jun 16 10:02:27 2026 DL1C l1ctl_sap.c:411 MS 0001: Rx L1CTL_PARAM_REQ (ta=0, tx_power=14)
Tue Jun 16 10:02:27 2026 DL1C virt_prim_rach.c:81 MS 0001: Rx L1CTL_RACH_REQ (ra=0x06, offset=8 combined=1)
Tue Jun 16 10:02:27 2026 DL1C virt_prim_rach.c:124 MS 0001: Tx L1CTL_RACH_CONF (fn: 46177, arfcn: 51)
Tue Jun 16 10:02:27 2026 DL1C l1ctl_sap.c:411 MS 0001: Rx L1CTL_PARAM_REQ (ta=0, tx_power=14)
Tue Jun 16 10:02:27 2026 DL1C virt_prim_rach.c:81 MS 0001: Rx L1CTL_RACH_REQ (ra=0x03, offset=120 combined=1)
Tue Jun 16 10:02:28 2026 DL1C l1ctl_sap.c:578 MS 0001: Tx L1CTL_RESET_CONF (reset_type: 2)
Tue Jun 16 10:02:28 2026 DL1C l1ctl_sap.c:411 MS 0001: Rx L1CTL_PARAM_REQ (ta=0, tx_power=14)
Tue Jun 16 10:02:35 2026 DL1C l1ctl_sap.c:379 MS 0001: Rx L1CTL_DM_REL_REQ
Tue Jun 16 10:02:35 2026 DL1C l1ctl_sap.c:578 MS 0001: Tx L1CTL_RESET_CONF (reset_type: 1)
Tue Jun 16 10:02:35 2026 DL1C l1ctl_sap.c:578 MS 0001: Tx L1CTL_RESET_CONF (reset_type: 1)
Tue Jun 16 10:02:35 2026 DL1C virt_prim_fbsb.c:57 MS 0001: Rx L1CTL_FBSB_REQ (arfcn=51, flags=0x7)
Tue Jun 16 10:02:35 2026 DL1C virt_prim_fbsb.c:126 MS 0001: Tx L1CTL_FBSB_CONF (res: 0)
Tue Jun 16 10:02:35 2026 DL1C l1ctl_sap.c:526 MS 0001: Rx L1CTL_NEIGH_PM_REQ (list with 1 entries): IGNORED
Tue Jun 16 10:02:50 2026 DL1C l1ctl_sap.c:578 MS 0001: Tx L1CTL_RESET_CONF (reset_type: 1)
Tue Jun 16 10:02:50 2026 DL1C virt_prim_fbsb.c:57 MS 0001: Rx L1CTL_FBSB_REQ (arfcn=51, flags=0x7)
Tue Jun 16 10:02:50 2026 DL1C virt_prim_fbsb.c:126 MS 0001: Tx L1CTL_FBSB_CONF (res: 0)
Tue Jun 16 10:02:50 2026 DL1C l1ctl_sap.c:411 MS 0001: Rx L1CTL_PARAM_REQ (ta=0, tx_power=14)
Tue Jun 16 10:02:50 2026 DL1C virt_prim_rach.c:81 MS 0001: Rx L1CTL_RACH_REQ (ra=0x05, offset=5 combined=1)
Tue Jun 16 10:02:50 2026 DL1C virt_prim_rach.c:124 MS 0001: Tx L1CTL_RACH_CONF (fn: 51172, arfcn: 51)
Tue Jun 16 10:02:50 2026 DL1C l1ctl_sap.c:411 MS 0001: Rx L1CTL_PARAM_REQ (ta=0, tx_power=14)
Tue Jun 16 10:02:50 2026 DL1C virt_prim_rach.c:81 MS 0001: Rx L1CTL_RACH_REQ (ra=0x0c, offset=120 combined=1)
Tue Jun 16 10:02:51 2026 DL1C l1ctl_sap.c:578 MS 0001: Tx L1CTL_RESET_CONF (reset_type: 2)
Tue Jun 16 10:02:51 2026 DL1C l1ctl_sap.c:411 MS 0001: Rx L1CTL_PARAM_REQ (ta=0, tx_power=14)
Tue Jun 16 10:02:58 2026 DL1C l1ctl_sap.c:379 MS 0001: Rx L1CTL_DM_REL_REQ
Tue Jun 16 10:02:58 2026 DL1C l1ctl_sap.c:578 MS 0001: Tx L1CTL_RESET_CONF (reset_type: 1)
Tue Jun 16 10:02:58 2026 DL1C l1ctl_sap.c:578 MS 0001: Tx L1CTL_RESET_CONF (reset_type: 1)
Tue Jun 16 10:02:58 2026 DL1C virt_prim_fbsb.c:57 MS 0001: Rx L1CTL_FBSB_REQ (arfcn=51, flags=0x7)
Tue Jun 16 10:02:58 2026 DL1C virt_prim_fbsb.c:126 MS 0001: Tx L1CTL_FBSB_CONF (res: 0)
Tue Jun 16 10:02:58 2026 DL1C l1ctl_sap.c:526 MS 0001: Rx L1CTL_NEIGH_PM_REQ (list with 1 entries): IGNORED
Tue Jun 16 10:03:13 2026 DL1C l1ctl_sap.c:578 MS 0001: Tx L1CTL_RESET_CONF (reset_type: 1)
Tue Jun 16 10:03:13 2026 DL1C virt_prim_fbsb.c:57 MS 0001: Rx L1CTL_FBSB_REQ (arfcn=51, flags=0x7)
Tue Jun 16 10:03:13 2026 DL1C virt_prim_fbsb.c:126 MS 0001: Tx L1CTL_FBSB_CONF (res: 0)
Tue Jun 16 10:03:13 2026 DL1C l1ctl_sap.c:411 MS 0001: Rx L1CTL_PARAM_REQ (ta=0, tx_power=14)
Tue Jun 16 10:03:13 2026 DL1C virt_prim_rach.c:81 MS 0001: Rx L1CTL_RACH_REQ (ra=0x09, offset=0 combined=1)
Tue Jun 16 10:03:13 2026 DL1C virt_prim_rach.c:124 MS 0001: Tx L1CTL_RACH_CONF (fn: 56114, arfcn: 51)
Tue Jun 16 10:03:13 2026 DL1C l1ctl_sap.c:411 MS 0001: Rx L1CTL_PARAM_REQ (ta=0, tx_power=14)
Tue Jun 16 10:03:13 2026 DL1C virt_prim_rach.c:81 MS 0001: Rx L1CTL_RACH_REQ (ra=0x09, offset=122 combined=1)
Tue Jun 16 10:03:13 2026 DL1C l1ctl_sap.c:578 MS 0001: Tx L1CTL_RESET_CONF (reset_type: 2)
Tue Jun 16 10:03:13 2026 DL1C l1ctl_sap.c:411 MS 0001: Rx L1CTL_PARAM_REQ (ta=0, tx_power=14)
Tue Jun 16 10:03:15 2026 DL1C l1ctl_sap.c:379 MS 0001: Rx L1CTL_DM_REL_REQ
Tue Jun 16 10:03:15 2026 DL1C l1ctl_sap.c:578 MS 0001: Tx L1CTL_RESET_CONF (reset_type: 1)
Tue Jun 16 10:03:15 2026 DL1C l1ctl_sap.c:578 MS 0001: Tx L1CTL_RESET_CONF (reset_type: 1)
Tue Jun 16 10:03:15 2026 DL1C virt_prim_fbsb.c:57 MS 0001: Rx L1CTL_FBSB_REQ (arfcn=51, flags=0x7)
Tue Jun 16 10:03:15 2026 DL1C virt_prim_fbsb.c:126 MS 0001: Tx L1CTL_FBSB_CONF (res: 0)
Tue Jun 16 10:03:15 2026 DL1C l1ctl_sap.c:526 MS 0001: Rx L1CTL_NEIGH_PM_REQ (list with 1 entries): IGNORED
Tue Jun 16 10:05:09 2026 DL1C l1ctl_sap.c:578 MS 0001: Tx L1CTL_RESET_CONF (reset_type: 1)
Tue Jun 16 10:05:09 2026 DL1C virt_prim_fbsb.c:57 MS 0001: Rx L1CTL_FBSB_REQ (arfcn=51, flags=0x7)
Tue Jun 16 10:05:09 2026 DL1C virt_prim_fbsb.c:126 MS 0001: Tx L1CTL_FBSB_CONF (res: 0)
Tue Jun 16 10:05:09 2026 DL1C l1ctl_sap.c:411 MS 0001: Rx L1CTL_PARAM_REQ (ta=0, tx_power=14)
Tue Jun 16 10:05:09 2026 DL1C virt_prim_rach.c:81 MS 0001: Rx L1CTL_RACH_REQ (ra=0x15, offset=9 combined=1)
Tue Jun 16 10:05:10 2026 DL1C virt_prim_rach.c:124 MS 0001: Tx L1CTL_RACH_CONF (fn: 81317, arfcn: 51)
Tue Jun 16 10:05:10 2026 DL1C l1ctl_sap.c:411 MS 0001: Rx L1CTL_PARAM_REQ (ta=0, tx_power=14)
Tue Jun 16 10:05:10 2026 DL1C virt_prim_rach.c:81 MS 0001: Rx L1CTL_RACH_REQ (ra=0x1b, offset=117 combined=1)
Tue Jun 16 10:05:10 2026 DL1C l1ctl_sap.c:578 MS 0001: Tx L1CTL_RESET_CONF (reset_type: 2)
Tue Jun 16 10:05:10 2026 DL1C l1ctl_sap.c:411 MS 0001: Rx L1CTL_PARAM_REQ (ta=0, tx_power=14)
Tue Jun 16 10:05:15 2026 DL1C l1ctl_sap.c:379 MS 0001: Rx L1CTL_DM_REL_REQ
Tue Jun 16 10:05:15 2026 DL1C l1ctl_sap.c:578 MS 0001: Tx L1CTL_RESET_CONF (reset_type: 1)
Tue Jun 16 10:05:15 2026 DL1C l1ctl_sap.c:578 MS 0001: Tx L1CTL_RESET_CONF (reset_type: 1)
Tue Jun 16 10:05:15 2026 DL1C l1ctl_sap.c:578 MS 0001: Tx L1CTL_RESET_CONF (reset_type: 1)
Tue Jun 16 10:05:15 2026 DL1C l1ctl_sock.c:99 Failed to receive msg from l2. Connection will be closed.
Tue Jun 16 10:05:15 2026 DMAIN virt_l1_model.c:49 MS 0001: destroyed
Tue Jun 16 10:05:30 2026 DMAIN virt_l1_model.c:42 MS 0002: allocated
Tue Jun 16 10:05:30 2026 DL1C l1ctl_sock.c:138 Accepted client (fd=6) from server (fd=5)
Tue Jun 16 10:05:30 2026 DL1C l1ctl_sap.c:578 MS 0002: Tx L1CTL_RESET_CONF (reset_type: 1)
Tue Jun 16 10:05:30 2026 DL1C l1ctl_sap.c:578 MS 0002: Tx L1CTL_RESET_CONF (reset_type: 1)
Tue Jun 16 10:05:31 2026 DL1C l1ctl_sap.c:578 MS 0002: Tx L1CTL_RESET_CONF (reset_type: 1)
Tue Jun 16 10:05:31 2026 DL1C virt_prim_fbsb.c:57 MS 0002: Rx L1CTL_FBSB_REQ (arfcn=51, flags=0x7)
Tue Jun 16 10:05:31 2026 DL1C virt_prim_fbsb.c:126 MS 0002: Tx L1CTL_FBSB_CONF (res: 0)
Tue Jun 16 10:05:32 2026 DL1C l1ctl_sap.c:472 MS 0002: Rx L1CTL_CCCH_MODE_REQ (mode=2)
Tue Jun 16 10:05:32 2026 DL1C l1ctl_sap.c:600 MS 0002: Tx L1CTL_CCCH_MODE_CONF (mode: 2)
Tue Jun 16 10:05:32 2026 DL1C l1ctl_sap.c:578 MS 0002: Tx L1CTL_RESET_CONF (reset_type: 1)
Tue Jun 16 10:05:32 2026 DL1C virt_prim_fbsb.c:57 MS 0002: Rx L1CTL_FBSB_REQ (arfcn=51, flags=0x7)
Tue Jun 16 10:05:32 2026 DL1C virt_prim_fbsb.c:126 MS 0002: Tx L1CTL_FBSB_CONF (res: 0)
Tue Jun 16 10:05:32 2026 DL1C l1ctl_sap.c:411 MS 0002: Rx L1CTL_PARAM_REQ (ta=0, tx_power=14)
Tue Jun 16 10:05:32 2026 DL1C virt_prim_rach.c:81 MS 0002: Rx L1CTL_RACH_REQ (ra=0x04, offset=6 combined=1)
Tue Jun 16 10:05:32 2026 DL1C virt_prim_rach.c:124 MS 0002: Tx L1CTL_RACH_CONF (fn: 86210, arfcn: 51)
Tue Jun 16 10:05:32 2026 DL1C l1ctl_sap.c:411 MS 0002: Rx L1CTL_PARAM_REQ (ta=0, tx_power=14)
Tue Jun 16 10:05:32 2026 DL1C virt_prim_rach.c:81 MS 0002: Rx L1CTL_RACH_REQ (ra=0x0f, offset=122 combined=1)
Tue Jun 16 10:05:32 2026 DL1C l1ctl_sap.c:578 MS 0002: Tx L1CTL_RESET_CONF (reset_type: 2)
Tue Jun 16 10:05:32 2026 DL1C l1ctl_sap.c:411 MS 0002: Rx L1CTL_PARAM_REQ (ta=0, tx_power=14)
Tue Jun 16 10:05:40 2026 DL1C l1ctl_sap.c:379 MS 0002: Rx L1CTL_DM_REL_REQ
Tue Jun 16 10:05:40 2026 DL1C l1ctl_sap.c:578 MS 0002: Tx L1CTL_RESET_CONF (reset_type: 1)
Tue Jun 16 10:05:40 2026 DL1C l1ctl_sap.c:578 MS 0002: Tx L1CTL_RESET_CONF (reset_type: 1)
Tue Jun 16 10:05:40 2026 DL1C virt_prim_fbsb.c:57 MS 0002: Rx L1CTL_FBSB_REQ (arfcn=51, flags=0x7)
Tue Jun 16 10:05:40 2026 DL1C virt_prim_fbsb.c:126 MS 0002: Tx L1CTL_FBSB_CONF (res: 0)
Tue Jun 16 10:05:40 2026 DL1C l1ctl_sap.c:526 MS 0002: Rx L1CTL_NEIGH_PM_REQ (list with 1 entries): IGNORED
Tue Jun 16 10:05:55 2026 DL1C l1ctl_sap.c:578 MS 0002: Tx L1CTL_RESET_CONF (reset_type: 1)
Tue Jun 16 10:05:55 2026 DL1C virt_prim_fbsb.c:57 MS 0002: Rx L1CTL_FBSB_REQ (arfcn=51, flags=0x7)
Tue Jun 16 10:05:55 2026 DL1C virt_prim_fbsb.c:126 MS 0002: Tx L1CTL_FBSB_CONF (res: 0)
Tue Jun 16 10:05:55 2026 DL1C l1ctl_sap.c:411 MS 0002: Rx L1CTL_PARAM_REQ (ta=0, tx_power=14)
Tue Jun 16 10:05:55 2026 DL1C virt_prim_rach.c:81 MS 0002: Rx L1CTL_RACH_REQ (ra=0x03, offset=1 combined=1)
Tue Jun 16 10:05:55 2026 DL1C virt_prim_rach.c:124 MS 0002: Tx L1CTL_RACH_CONF (fn: 91152, arfcn: 51)
Tue Jun 16 10:05:55 2026 DL1C l1ctl_sap.c:411 MS 0002: Rx L1CTL_PARAM_REQ (ta=0, tx_power=14)
Tue Jun 16 10:05:55 2026 DL1C virt_prim_rach.c:81 MS 0002: Rx L1CTL_RACH_REQ (ra=0x0f, offset=118 combined=1)
Tue Jun 16 10:05:55 2026 DL1C l1ctl_sap.c:578 MS 0002: Tx L1CTL_RESET_CONF (reset_type: 2)
Tue Jun 16 10:05:55 2026 DL1C l1ctl_sap.c:411 MS 0002: Rx L1CTL_PARAM_REQ (ta=0, tx_power=14)
Tue Jun 16 10:06:12 2026 DL1C l1ctl_sap.c:379 MS 0002: Rx L1CTL_DM_REL_REQ
Tue Jun 16 10:06:12 2026 DL1C l1ctl_sap.c:578 MS 0002: Tx L1CTL_RESET_CONF (reset_type: 1)
Tue Jun 16 10:06:12 2026 DL1C l1ctl_sap.c:578 MS 0002: Tx L1CTL_RESET_CONF (reset_type: 1)
Tue Jun 16 10:06:12 2026 DL1C virt_prim_fbsb.c:57 MS 0002: Rx L1CTL_FBSB_REQ (arfcn=51, flags=0x7)
Tue Jun 16 10:06:12 2026 DL1C virt_prim_fbsb.c:126 MS 0002: Tx L1CTL_FBSB_CONF (res: 0)
Tue Jun 16 10:06:12 2026 DL1C l1ctl_sap.c:526 MS 0002: Rx L1CTL_NEIGH_PM_REQ (list with 1 entries): IGNORED
Tue Jun 16 10:06:27 2026 DL1C l1ctl_sap.c:578 MS 0002: Tx L1CTL_RESET_CONF (reset_type: 1)
Tue Jun 16 10:06:27 2026 DL1C virt_prim_fbsb.c:57 MS 0002: Rx L1CTL_FBSB_REQ (arfcn=51, flags=0x7)
Tue Jun 16 10:06:27 2026 DL1C virt_prim_fbsb.c:126 MS 0002: Tx L1CTL_FBSB_CONF (res: 0)
Tue Jun 16 10:06:27 2026 DL1C l1ctl_sap.c:411 MS 0002: Rx L1CTL_PARAM_REQ (ta=0, tx_power=14)
Tue Jun 16 10:06:27 2026 DL1C virt_prim_rach.c:81 MS 0002: Rx L1CTL_RACH_REQ (ra=0x0c, offset=4 combined=1)
Tue Jun 16 10:06:27 2026 DL1C virt_prim_rach.c:124 MS 0002: Tx L1CTL_RACH_CONF (fn: 98042, arfcn: 51)
Tue Jun 16 10:06:27 2026 DL1C l1ctl_sap.c:411 MS 0002: Rx L1CTL_PARAM_REQ (ta=0, tx_power=14)
Tue Jun 16 10:06:27 2026 DL1C virt_prim_rach.c:81 MS 0002: Rx L1CTL_RACH_REQ (ra=0x06, offset=121 combined=1)
Tue Jun 16 10:06:27 2026 DL1C l1ctl_sap.c:578 MS 0002: Tx L1CTL_RESET_CONF (reset_type: 2)
Tue Jun 16 10:06:27 2026 DL1C l1ctl_sap.c:411 MS 0002: Rx L1CTL_PARAM_REQ (ta=0, tx_power=14)
Tue Jun 16 10:06:48 2026 DL1C l1ctl_sap.c:379 MS 0002: Rx L1CTL_DM_REL_REQ
Tue Jun 16 10:06:48 2026 DL1C l1ctl_sap.c:578 MS 0002: Tx L1CTL_RESET_CONF (reset_type: 1)
Tue Jun 16 10:06:48 2026 DL1C l1ctl_sap.c:578 MS 0002: Tx L1CTL_RESET_CONF (reset_type: 1)
Tue Jun 16 10:06:48 2026 DL1C virt_prim_fbsb.c:57 MS 0002: Rx L1CTL_FBSB_REQ (arfcn=51, flags=0x7)
Tue Jun 16 10:06:48 2026 DL1C virt_prim_fbsb.c:126 MS 0002: Tx L1CTL_FBSB_CONF (res: 0)
Tue Jun 16 10:06:48 2026 DL1C l1ctl_sap.c:526 MS 0002: Rx L1CTL_NEIGH_PM_REQ (list with 1 entries): IGNORED
Tue Jun 16 10:07:03 2026 DL1C l1ctl_sap.c:578 MS 0002: Tx L1CTL_RESET_CONF (reset_type: 1)
Tue Jun 16 10:07:03 2026 DL1C virt_prim_fbsb.c:57 MS 0002: Rx L1CTL_FBSB_REQ (arfcn=51, flags=0x7)
Tue Jun 16 10:07:03 2026 DL1C virt_prim_fbsb.c:126 MS 0002: Tx L1CTL_FBSB_CONF (res: 0)
Tue Jun 16 10:07:03 2026 DL1C l1ctl_sap.c:411 MS 0002: Rx L1CTL_PARAM_REQ (ta=0, tx_power=14)
Tue Jun 16 10:07:03 2026 DL1C virt_prim_rach.c:81 MS 0002: Rx L1CTL_RACH_REQ (ra=0x07, offset=3 combined=1)
Tue Jun 16 10:07:03 2026 DL1C virt_prim_rach.c:124 MS 0002: Tx L1CTL_RACH_CONF (fn: 105895, arfcn: 51)
Tue Jun 16 10:07:03 2026 DL1C l1ctl_sap.c:411 MS 0002: Rx L1CTL_PARAM_REQ (ta=0, tx_power=14)
Tue Jun 16 10:07:03 2026 DL1C virt_prim_rach.c:81 MS 0002: Rx L1CTL_RACH_REQ (ra=0x00, offset=120 combined=1)
Tue Jun 16 10:07:03 2026 DL1C l1ctl_sap.c:578 MS 0002: Tx L1CTL_RESET_CONF (reset_type: 2)
Tue Jun 16 10:07:03 2026 DL1C l1ctl_sap.c:411 MS 0002: Rx L1CTL_PARAM_REQ (ta=0, tx_power=14)
Tue Jun 16 10:07:11 2026 DL1C l1ctl_sap.c:379 MS 0002: Rx L1CTL_DM_REL_REQ
Tue Jun 16 10:07:11 2026 DL1C l1ctl_sap.c:578 MS 0002: Tx L1CTL_RESET_CONF (reset_type: 1)
Tue Jun 16 10:07:11 2026 DL1C l1ctl_sap.c:578 MS 0002: Tx L1CTL_RESET_CONF (reset_type: 1)
Tue Jun 16 10:07:11 2026 DL1C virt_prim_fbsb.c:57 MS 0002: Rx L1CTL_FBSB_REQ (arfcn=51, flags=0x7)
Tue Jun 16 10:07:11 2026 DL1C virt_prim_fbsb.c:126 MS 0002: Tx L1CTL_FBSB_CONF (res: 0)
Tue Jun 16 10:07:11 2026 DL1C l1ctl_sap.c:526 MS 0002: Rx L1CTL_NEIGH_PM_REQ (list with 1 entries): IGNORED
Tue Jun 16 10:08:08 2026 DL1C l1ctl_sap.c:578 MS 0002: Tx L1CTL_RESET_CONF (reset_type: 1)
Tue Jun 16 10:08:08 2026 DL1C l1ctl_sock.c:99 Failed to receive msg from l2. Connection will be closed.
Tue Jun 16 10:08:08 2026 DMAIN virt_l1_model.c:49 MS 0002: destroyed
Tue Jun 16 10:08:29 2026 DMAIN virt_l1_model.c:42 MS 0003: allocated
Tue Jun 16 10:08:29 2026 DL1C l1ctl_sock.c:138 Accepted client (fd=6) from server (fd=5)
Tue Jun 16 10:08:29 2026 DL1C l1ctl_sap.c:578 MS 0003: Tx L1CTL_RESET_CONF (reset_type: 1)
Tue Jun 16 10:08:29 2026 DL1C l1ctl_sap.c:578 MS 0003: Tx L1CTL_RESET_CONF (reset_type: 1)
Tue Jun 16 10:08:30 2026 DL1C l1ctl_sap.c:578 MS 0003: Tx L1CTL_RESET_CONF (reset_type: 1)
Tue Jun 16 10:08:30 2026 DL1C virt_prim_fbsb.c:57 MS 0003: Rx L1CTL_FBSB_REQ (arfcn=51, flags=0x7)
Tue Jun 16 10:08:30 2026 DL1C virt_prim_fbsb.c:126 MS 0003: Tx L1CTL_FBSB_CONF (res: 0)
Tue Jun 16 10:08:30 2026 DL1C l1ctl_sap.c:472 MS 0003: Rx L1CTL_CCCH_MODE_REQ (mode=2)
Tue Jun 16 10:08:30 2026 DL1C l1ctl_sap.c:600 MS 0003: Tx L1CTL_CCCH_MODE_CONF (mode: 2)
Tue Jun 16 10:08:31 2026 DL1C l1ctl_sap.c:578 MS 0003: Tx L1CTL_RESET_CONF (reset_type: 1)
Tue Jun 16 10:08:31 2026 DL1C virt_prim_fbsb.c:57 MS 0003: Rx L1CTL_FBSB_REQ (arfcn=51, flags=0x7)
Tue Jun 16 10:08:31 2026 DL1C virt_prim_fbsb.c:126 MS 0003: Tx L1CTL_FBSB_CONF (res: 0)
Tue Jun 16 10:08:31 2026 DL1C l1ctl_sap.c:411 MS 0003: Rx L1CTL_PARAM_REQ (ta=0, tx_power=14)
Tue Jun 16 10:08:31 2026 DL1C virt_prim_rach.c:81 MS 0003: Rx L1CTL_RACH_REQ (ra=0x06, offset=0 combined=1)
Tue Jun 16 10:08:31 2026 DL1C virt_prim_rach.c:124 MS 0003: Tx L1CTL_RACH_CONF (fn: 124913, arfcn: 51)
Tue Jun 16 10:08:31 2026 DL1C l1ctl_sap.c:411 MS 0003: Rx L1CTL_PARAM_REQ (ta=0, tx_power=14)
Tue Jun 16 10:08:31 2026 DL1C virt_prim_rach.c:81 MS 0003: Rx L1CTL_RACH_REQ (ra=0x02, offset=121 combined=1)
Tue Jun 16 10:08:31 2026 DL1C l1ctl_sap.c:578 MS 0003: Tx L1CTL_RESET_CONF (reset_type: 2)
Tue Jun 16 10:08:31 2026 DL1C l1ctl_sap.c:411 MS 0003: Rx L1CTL_PARAM_REQ (ta=0, tx_power=14)
Tue Jun 16 10:08:52 2026 DL1C l1ctl_sap.c:379 MS 0003: Rx L1CTL_DM_REL_REQ
Tue Jun 16 10:08:52 2026 DL1C l1ctl_sap.c:578 MS 0003: Tx L1CTL_RESET_CONF (reset_type: 1)
Tue Jun 16 10:08:52 2026 DL1C l1ctl_sap.c:578 MS 0003: Tx L1CTL_RESET_CONF (reset_type: 1)
Tue Jun 16 10:08:52 2026 DL1C virt_prim_fbsb.c:57 MS 0003: Rx L1CTL_FBSB_REQ (arfcn=51, flags=0x7)
Tue Jun 16 10:08:52 2026 DL1C virt_prim_fbsb.c:126 MS 0003: Tx L1CTL_FBSB_CONF (res: 0)
Tue Jun 16 10:08:52 2026 DL1C l1ctl_sap.c:526 MS 0003: Rx L1CTL_NEIGH_PM_REQ (list with 1 entries): IGNORED
