2026/Jun/12 07:04:55.660195 EXECUTOR - TTCN-3 Host Controller started on ttcn3-tc-26-8-1-3-4-1-1-n4v9q. Version: 11.1.0.
2026/Jun/12 07:04:55.660463 EXECUTOR - TTCN Logger v2.2 options: TimeStampFormat:=DateTime; LogEntityName:=No; LogEventTypes:=Yes; SourceInfoFormat:=Single; LogSensitiveData:=No; *.FileMask:=LOG_ALL; *.ConsoleMask:=ERROR | TESTCASE | USER | VERDICTOP | WARNING; LogFileSize:=0; LogFileNumber:=1; DiskFullAction:=Error
2026/Jun/12 07:04:55.660484 EXECUTOR - Maximum number of open file descriptors: 1048576,   FD_SETSIZE = 1024
2026/Jun/12 07:04:55.660689 WARNING - Warning: The address of MC was set to a local IP address. This may cause incorrect behavior if a HC from a remote host also connects to MC.
2026/Jun/12 07:04:55.660759 EXECUTOR - The address of MC was set to 127.0.0.1:0.
2026/Jun/12 07:04:55.660961 EXECUTOR - Connected to MC.
2026/Jun/12 07:04:55.661123 EXECUTOR - This host supports UNIX domain sockets for local communication.
2026/Jun/12 07:04:55.661351 EXECUTOR - Processing configuration data received from MC.
2026/Jun/12 07:04:55.661709 WARNING - Warning: Skeleton `/results/TC_26_8_1_3_4_1-2026-06-12-070450/%n.log' does not guarantee unique log file name for every test system process. It may cause unpredictable results if several test components try to write into the same log file.
2026/Jun/12 07:04:55.802989 EXECUTOR - Module GSM_Constants has the following parameters: { TSPC_Serv_TS11 := true, TSPC_Serv_TS61 := false, TSPC_Serv_TS62 := false, TSPC_Serv_BS21 := false, TSPC_Serv_BS22 := false, TSPC_Serv_BS24 := false, TSPC_Serv_BS25 := false, TSPC_Serv_BS26 := false, TSPC_Serv_BS31 := false, TSPC_Serv_BS32 := false, TSPC_Serv_BS33 := false, TSPC_Serv_BS34 := false, TSPC_Serv_BS41 := false, TSPC_Serv_BS42 := false, TSPC_Serv_BS43 := false, TSPC_Serv_BS44 := false, TSPC_Serv_BS45 := false, TSPC_Serv_BS51 := false, TSPC_Serv_BS61 := false, TSPC_Serv_BS81 := false, TSPC_DualRate := false, TSPC_MTsvc := true, TSPX_IMSI := '901700000000001F'O, TSPX_TMSI := '1914D97F'O, TSPX_CKSNDef := 0, TSPX_RANDDef := '00112233445566778899AABBCCDDEEFF'O, TSPX_SRES := '12345678'O, TSPX_Kc := '0000000000000000'O, TSPX_SDCCH4SubDef := 0, TSPX_TmSltDef := 0, TSPX_TscDef := 7, TSPX_TCHHSubDef := 0, TCV_CC := true, TSPX_Telephony_Rate := C_Full (0), TSPX_MOBscSvcA := C_Telephony (0), TSPX_MOBscSvcB := C_Telephony (0), TSPX_MOBscSvcC := C_Telephony (0), TSPX_MOBscSvcD := C_Telephony (0), TSPX_MOBscSvcE := C_Telephony (0), TSPX_MOBscSvcF := C_Telephony (0), TSPX_MOBscSvcG := C_Telephony (0), TSPX_MOChRateA := C_Full (0), TSPX_MOChRateB := C_Full (0), TSPX_MOChRateC := C_Full (0), TSPX_MOChRateD := C_Full (0), TSPX_MOChRateE := C_Full (0), TSPX_MOChRateF := C_Full (0), TSPX_MOChRateG := C_Full (0), TSPX_MTBscSvcA := C_Telephony (0), TSPX_MTBscSvcB := C_Telephony (0), TSPX_MTBscSvcC := C_Telephony (0), TSPX_MTBscSvcD := C_Telephony (0), TSPX_MTBscSvcE := C_Telephony (0), TSPX_MTBscSvcF := C_Telephony (0), TSPX_MTBscSvcG := C_Telephony (0), TSPX_MTBscSvcH := C_Telephony (0), TSPX_MTBscSvcI := C_Telephony (0), TSPX_MTBscSvcJ := C_Telephony (0), TSPX_MTChRateA := C_Full (0), TSPX_MTChRateB := C_Full (0), TSPX_MTChRateC := C_Full (0), TSPX_MTChRateD := C_Full (0), TSPX_MTChRateE := C_Full (0), TSPX_MTChRateF := C_Full (0), TSPX_MTChRateG := C_Full (0), TSPX_MTChRateH := C_Full (0), TSPX_MTChRateI := C_Full (0), TSPX_MTChRateJ := C_Full (0), C_arfcnA := 100 }
2026/Jun/12 07:04:55.803161 EXECUTOR - Module TC_26_6_1_2 has the following parameters: { TSPX_nPara := 3, TSPX_i1Para := 3, TSPX_kPara := 5, TSPX_i2Para := 1, TSPX_rPara := 4, TSPX_i3Para := 4 }
2026/Jun/12 07:04:55.803232 EXECUTOR - Initializing module GSM_Component_Definitions.
2026/Jun/12 07:04:55.803240 EXECUTOR GSM_Component_Definitions.ttcn3:0 Initializing module GSM_Templates.
2026/Jun/12 07:04:55.803255 EXECUTOR GSM_Templates.ttcn3:0 Initializing module GSM_Constants.
2026/Jun/12 07:04:55.803261 EXECUTOR GSM_Constants.ttcn3:0 Initializing module GSM_Types.
2026/Jun/12 07:04:55.803264 EXECUTOR GSM_Constants.ttcn3:0 Initialization of module GSM_Types finished.
2026/Jun/12 07:04:55.803268 EXECUTOR GSM_Templates.ttcn3:0 Initialization of module GSM_Constants finished.
2026/Jun/12 07:04:55.803332 EXECUTOR GSM_Component_Definitions.ttcn3:0 Initialization of module GSM_Templates finished.
2026/Jun/12 07:04:55.803337 EXECUTOR - Initialization of module GSM_Component_Definitions finished.
2026/Jun/12 07:04:55.803340 EXECUTOR - Initializing module GSM_Functions.
2026/Jun/12 07:04:55.803363 EXECUTOR - Initialization of module GSM_Functions finished.
2026/Jun/12 07:04:55.803366 EXECUTOR - Initializing module PreGenRecordOf.
2026/Jun/12 07:04:55.803369 EXECUTOR - Initialization of module PreGenRecordOf finished.
2026/Jun/12 07:04:55.803372 EXECUTOR - Initializing module TC_26_2_1_3.
2026/Jun/12 07:04:55.803377 EXECUTOR - Initialization of module TC_26_2_1_3 finished.
2026/Jun/12 07:04:55.803380 EXECUTOR - Initializing module TC_26_2_2.
2026/Jun/12 07:04:55.803385 EXECUTOR - Initialization of module TC_26_2_2 finished.
2026/Jun/12 07:04:55.803388 EXECUTOR - Initializing module TC_26_2_3.
2026/Jun/12 07:04:55.803394 EXECUTOR - Initialization of module TC_26_2_3 finished.
2026/Jun/12 07:04:55.803397 EXECUTOR - Initializing module TC_26_6_11_1.
2026/Jun/12 07:04:55.803402 EXECUTOR - Initialization of module TC_26_6_11_1 finished.
2026/Jun/12 07:04:55.803405 EXECUTOR - Initializing module TC_26_6_11_2.
2026/Jun/12 07:04:55.803411 EXECUTOR - Initialization of module TC_26_6_11_2 finished.
2026/Jun/12 07:04:55.803413 EXECUTOR - Initializing module TC_26_6_12_1.
2026/Jun/12 07:04:55.803419 EXECUTOR - Initialization of module TC_26_6_12_1 finished.
2026/Jun/12 07:04:55.803422 EXECUTOR - Initializing module TC_26_6_12_2.
2026/Jun/12 07:04:55.803427 EXECUTOR - Initialization of module TC_26_6_12_2 finished.
2026/Jun/12 07:04:55.803429 EXECUTOR - Initializing module TC_26_6_12_3.
2026/Jun/12 07:04:55.803434 EXECUTOR - Initialization of module TC_26_6_12_3 finished.
2026/Jun/12 07:04:55.803437 EXECUTOR - Initializing module TC_26_6_12_4.
2026/Jun/12 07:04:55.803442 EXECUTOR - Initialization of module TC_26_6_12_4 finished.
2026/Jun/12 07:04:55.803445 EXECUTOR - Initializing module TC_26_6_13_10.
2026/Jun/12 07:04:55.803450 EXECUTOR - Initialization of module TC_26_6_13_10 finished.
2026/Jun/12 07:04:55.803453 EXECUTOR - Initializing module TC_26_6_13_9.
2026/Jun/12 07:04:55.803458 EXECUTOR - Initialization of module TC_26_6_13_9 finished.
2026/Jun/12 07:04:55.803460 EXECUTOR - Initializing module TC_26_6_1_1.
2026/Jun/12 07:04:55.803465 EXECUTOR - Initialization of module TC_26_6_1_1 finished.
2026/Jun/12 07:04:55.803468 EXECUTOR - Initializing module TC_26_6_1_2.
2026/Jun/12 07:04:55.803474 EXECUTOR - Initialization of module TC_26_6_1_2 finished.
2026/Jun/12 07:04:55.803477 EXECUTOR - Initializing module TC_26_6_1_3.
2026/Jun/12 07:04:55.803482 EXECUTOR - Initialization of module TC_26_6_1_3 finished.
2026/Jun/12 07:04:55.803484 EXECUTOR - Initializing module TC_26_6_1_4.
2026/Jun/12 07:04:55.803489 EXECUTOR - Initialization of module TC_26_6_1_4 finished.
2026/Jun/12 07:04:55.803492 EXECUTOR - Initializing module TC_26_6_1_5.
2026/Jun/12 07:04:55.803497 EXECUTOR - Initialization of module TC_26_6_1_5 finished.
2026/Jun/12 07:04:55.803500 EXECUTOR - Initializing module TC_26_6_2_1_1.
2026/Jun/12 07:04:55.803505 EXECUTOR - Initialization of module TC_26_6_2_1_1 finished.
2026/Jun/12 07:04:55.803507 EXECUTOR - Initializing module TC_26_6_2_1_2.
2026/Jun/12 07:04:55.803513 EXECUTOR - Initialization of module TC_26_6_2_1_2 finished.
2026/Jun/12 07:04:55.803515 EXECUTOR - Initializing module TC_26_6_2_1_3.
2026/Jun/12 07:04:55.803521 EXECUTOR - Initialization of module TC_26_6_2_1_3 finished.
2026/Jun/12 07:04:55.803524 EXECUTOR - Initializing module TC_26_6_2_2.
2026/Jun/12 07:04:55.803529 EXECUTOR - Initialization of module TC_26_6_2_2 finished.
2026/Jun/12 07:04:55.803532 EXECUTOR - Initializing module TC_26_6_2_3_1.
2026/Jun/12 07:04:55.803537 EXECUTOR - Initialization of module TC_26_6_2_3_1 finished.
2026/Jun/12 07:04:55.803540 EXECUTOR - Initializing module TC_26_6_2_3_2.
2026/Jun/12 07:04:55.803545 EXECUTOR - Initialization of module TC_26_6_2_3_2 finished.
2026/Jun/12 07:04:55.803553 EXECUTOR - Initializing module TC_26_6_2_4.
2026/Jun/12 07:04:55.803558 EXECUTOR - Initialization of module TC_26_6_2_4 finished.
2026/Jun/12 07:04:55.803561 EXECUTOR - Initializing module TC_26_6_3_1.
2026/Jun/12 07:04:55.803566 EXECUTOR - Initialization of module TC_26_6_3_1 finished.
2026/Jun/12 07:04:55.803570 EXECUTOR - Initializing module TC_26_6_3_4.
2026/Jun/12 07:04:55.803575 EXECUTOR - Initialization of module TC_26_6_3_4 finished.
2026/Jun/12 07:04:55.803578 EXECUTOR - Initializing module TC_26_6_4_1.
2026/Jun/12 07:04:55.803583 EXECUTOR - Initialization of module TC_26_6_4_1 finished.
2026/Jun/12 07:04:55.803587 EXECUTOR - Initializing module TC_26_6_4_2_2.
2026/Jun/12 07:04:55.803591 EXECUTOR - Initialization of module TC_26_6_4_2_2 finished.
2026/Jun/12 07:04:55.803594 EXECUTOR - Initializing module TC_26_6_5_1.
2026/Jun/12 07:04:55.803599 EXECUTOR - Initialization of module TC_26_6_5_1 finished.
2026/Jun/12 07:04:55.803603 EXECUTOR - Initializing module TC_26_6_5_2_1.
2026/Jun/12 07:04:55.803608 EXECUTOR - Initialization of module TC_26_6_5_2_1 finished.
2026/Jun/12 07:04:55.803611 EXECUTOR - Initializing module TC_26_6_8_1.
2026/Jun/12 07:04:55.803616 EXECUTOR - Initialization of module TC_26_6_8_1 finished.
2026/Jun/12 07:04:55.803619 EXECUTOR - Initializing module TC_26_6_8_2.
2026/Jun/12 07:04:55.803624 EXECUTOR - Initialization of module TC_26_6_8_2 finished.
2026/Jun/12 07:04:55.803627 EXECUTOR - Initializing module TC_26_6_8_3.
2026/Jun/12 07:04:55.803632 EXECUTOR - Initialization of module TC_26_6_8_3 finished.
2026/Jun/12 07:04:55.803635 EXECUTOR - Initializing module TC_26_6_8_4.
2026/Jun/12 07:04:55.803639 EXECUTOR - Initialization of module TC_26_6_8_4 finished.
2026/Jun/12 07:04:55.803642 EXECUTOR - Initializing module TC_26_6_8_5.
2026/Jun/12 07:04:55.803647 EXECUTOR - Initialization of module TC_26_6_8_5 finished.
2026/Jun/12 07:04:55.803650 EXECUTOR - Initializing module TC_26_7_1.
2026/Jun/12 07:04:55.803655 EXECUTOR - Initialization of module TC_26_7_1 finished.
2026/Jun/12 07:04:55.803658 EXECUTOR - Initializing module TC_26_7_2_1.
2026/Jun/12 07:04:55.803662 EXECUTOR - Initialization of module TC_26_7_2_1 finished.
2026/Jun/12 07:04:55.803665 EXECUTOR - Initializing module TC_26_7_2_2.
2026/Jun/12 07:04:55.803670 EXECUTOR - Initialization of module TC_26_7_2_2 finished.
2026/Jun/12 07:04:55.803673 EXECUTOR - Initializing module TC_26_7_3_1.
2026/Jun/12 07:04:55.803678 EXECUTOR - Initialization of module TC_26_7_3_1 finished.
2026/Jun/12 07:04:55.803681 EXECUTOR - Initializing module TC_26_7_3_2.
2026/Jun/12 07:04:55.803686 EXECUTOR - Initialization of module TC_26_7_3_2 finished.
2026/Jun/12 07:04:55.803688 EXECUTOR - Initializing module TC_26_7_4_1.
2026/Jun/12 07:04:55.803694 EXECUTOR - Initialization of module TC_26_7_4_1 finished.
2026/Jun/12 07:04:55.803697 EXECUTOR - Initializing module TC_26_7_4_2_1.
2026/Jun/12 07:04:55.803702 EXECUTOR - Initialization of module TC_26_7_4_2_1 finished.
2026/Jun/12 07:04:55.803705 EXECUTOR - Initializing module TC_26_7_4_2_2_1.
2026/Jun/12 07:04:55.803711 EXECUTOR - Initialization of module TC_26_7_4_2_2_1 finished.
2026/Jun/12 07:04:55.803714 EXECUTOR - Initializing module TC_26_7_4_2_2_2.
2026/Jun/12 07:04:55.803719 EXECUTOR - Initialization of module TC_26_7_4_2_2_2 finished.
2026/Jun/12 07:04:55.803722 EXECUTOR - Initializing module TC_26_7_4_2_3.
2026/Jun/12 07:04:55.803728 EXECUTOR - Initialization of module TC_26_7_4_2_3 finished.
2026/Jun/12 07:04:55.803731 EXECUTOR - Initializing module TC_26_7_4_2_4_1.
2026/Jun/12 07:04:55.803736 EXECUTOR - Initialization of module TC_26_7_4_2_4_1 finished.
2026/Jun/12 07:04:55.803740 EXECUTOR - Initializing module TC_26_7_4_2_4_2.
2026/Jun/12 07:04:55.803745 EXECUTOR - Initialization of module TC_26_7_4_2_4_2 finished.
2026/Jun/12 07:04:55.803748 EXECUTOR - Initializing module TC_26_7_4_2_4_3.
2026/Jun/12 07:04:55.803753 EXECUTOR - Initialization of module TC_26_7_4_2_4_3 finished.
2026/Jun/12 07:04:55.803756 EXECUTOR - Initializing module TC_26_7_4_2_4_4.
2026/Jun/12 07:04:55.803765 EXECUTOR - Initialization of module TC_26_7_4_2_4_4 finished.
2026/Jun/12 07:04:55.803768 EXECUTOR - Initializing module TC_26_7_4_2_4_5.
2026/Jun/12 07:04:55.803774 EXECUTOR - Initialization of module TC_26_7_4_2_4_5 finished.
2026/Jun/12 07:04:55.803778 EXECUTOR - Initializing module TC_26_7_4_3_1.
2026/Jun/12 07:04:55.803784 EXECUTOR - Initialization of module TC_26_7_4_3_1 finished.
2026/Jun/12 07:04:55.803787 EXECUTOR - Initializing module TC_26_7_4_3_2.
2026/Jun/12 07:04:55.803792 EXECUTOR - Initialization of module TC_26_7_4_3_2 finished.
2026/Jun/12 07:04:55.803795 EXECUTOR - Initializing module TC_26_7_4_3_3.
2026/Jun/12 07:04:55.803801 EXECUTOR - Initialization of module TC_26_7_4_3_3 finished.
2026/Jun/12 07:04:55.803804 EXECUTOR - Initializing module TC_26_7_4_3_4.
2026/Jun/12 07:04:55.803810 EXECUTOR - Initialization of module TC_26_7_4_3_4 finished.
2026/Jun/12 07:04:55.803813 EXECUTOR - Initializing module TC_26_7_4_4.
2026/Jun/12 07:04:55.803819 EXECUTOR - Initialization of module TC_26_7_4_4 finished.
2026/Jun/12 07:04:55.803829 EXECUTOR - Initializing module TC_26_7_4_5_1.
2026/Jun/12 07:04:55.803835 EXECUTOR - Initialization of module TC_26_7_4_5_1 finished.
2026/Jun/12 07:04:55.803838 EXECUTOR - Initializing module TC_26_7_4_5_2.
2026/Jun/12 07:04:55.803843 EXECUTOR - Initialization of module TC_26_7_4_5_2 finished.
2026/Jun/12 07:04:55.803846 EXECUTOR - Initializing module TC_26_7_4_5_3.
2026/Jun/12 07:04:55.803851 EXECUTOR - Initialization of module TC_26_7_4_5_3 finished.
2026/Jun/12 07:04:55.803854 EXECUTOR - Initializing module TC_26_7_4_5_4_2.
2026/Jun/12 07:04:55.803859 EXECUTOR - Initialization of module TC_26_7_4_5_4_2 finished.
2026/Jun/12 07:04:55.803861 EXECUTOR - Initializing module TC_26_7_5_2.
2026/Jun/12 07:04:55.803866 EXECUTOR - Initialization of module TC_26_7_5_2 finished.
2026/Jun/12 07:04:55.803869 EXECUTOR - Initializing module TC_26_7_5_3.
2026/Jun/12 07:04:55.803874 EXECUTOR - Initialization of module TC_26_7_5_3 finished.
2026/Jun/12 07:04:55.803877 EXECUTOR - Initializing module TC_26_7_5_4.
2026/Jun/12 07:04:55.803882 EXECUTOR - Initialization of module TC_26_7_5_4 finished.
2026/Jun/12 07:04:55.803885 EXECUTOR - Initializing module TC_26_7_5_5.
2026/Jun/12 07:04:55.803890 EXECUTOR - Initialization of module TC_26_7_5_5 finished.
2026/Jun/12 07:04:55.803892 EXECUTOR - Initializing module TC_26_7_5_6.
2026/Jun/12 07:04:55.803898 EXECUTOR - Initialization of module TC_26_7_5_6 finished.
2026/Jun/12 07:04:55.803900 EXECUTOR - Initializing module TC_26_7_5_7_1.
2026/Jun/12 07:04:55.803906 EXECUTOR - Initialization of module TC_26_7_5_7_1 finished.
2026/Jun/12 07:04:55.803908 EXECUTOR - Initializing module TC_26_7_5_8_1.
2026/Jun/12 07:04:55.803914 EXECUTOR - Initialization of module TC_26_7_5_8_1 finished.
2026/Jun/12 07:04:55.803917 EXECUTOR - Initializing module TC_26_7_5_8_2.
2026/Jun/12 07:04:55.803922 EXECUTOR - Initialization of module TC_26_7_5_8_2 finished.
2026/Jun/12 07:04:55.803925 EXECUTOR - Initializing module TC_26_7_5_8_3.
2026/Jun/12 07:04:55.803930 EXECUTOR - Initialization of module TC_26_7_5_8_3 finished.
2026/Jun/12 07:04:55.803932 EXECUTOR - Initializing module TC_26_8_1_2_1_1.
2026/Jun/12 07:04:55.803937 EXECUTOR - Initialization of module TC_26_8_1_2_1_1 finished.
2026/Jun/12 07:04:55.803940 EXECUTOR - Initializing module TC_26_8_1_2_2_1.
2026/Jun/12 07:04:55.803945 EXECUTOR - Initialization of module TC_26_8_1_2_2_1 finished.
2026/Jun/12 07:04:55.803948 EXECUTOR - Initializing module TC_26_8_1_2_2_2.
2026/Jun/12 07:04:55.803954 EXECUTOR - Initialization of module TC_26_8_1_2_2_2 finished.
2026/Jun/12 07:04:55.803957 EXECUTOR - Initializing module TC_26_8_1_2_2_3.
2026/Jun/12 07:04:55.803962 EXECUTOR - Initialization of module TC_26_8_1_2_2_3 finished.
2026/Jun/12 07:04:55.803964 EXECUTOR - Initializing module TC_26_8_1_2_3_1.
2026/Jun/12 07:04:55.803969 EXECUTOR - Initialization of module TC_26_8_1_2_3_1 finished.
2026/Jun/12 07:04:55.803973 EXECUTOR - Initializing module TC_26_8_1_2_3_2.
2026/Jun/12 07:04:55.803982 EXECUTOR - Initialization of module TC_26_8_1_2_3_2 finished.
2026/Jun/12 07:04:55.803985 EXECUTOR - Initializing module TC_26_8_1_2_3_3.
2026/Jun/12 07:04:55.803991 EXECUTOR - Initialization of module TC_26_8_1_2_3_3 finished.
2026/Jun/12 07:04:55.803993 EXECUTOR - Initializing module TC_26_8_1_2_3_4.
2026/Jun/12 07:04:55.803998 EXECUTOR - Initialization of module TC_26_8_1_2_3_4 finished.
2026/Jun/12 07:04:55.804001 EXECUTOR - Initializing module TC_26_8_1_2_3_5.
2026/Jun/12 07:04:55.804006 EXECUTOR - Initialization of module TC_26_8_1_2_3_5 finished.
2026/Jun/12 07:04:55.804009 EXECUTOR - Initializing module TC_26_8_1_2_3_6.
2026/Jun/12 07:04:55.804014 EXECUTOR - Initialization of module TC_26_8_1_2_3_6 finished.
2026/Jun/12 07:04:55.804017 EXECUTOR - Initializing module TC_26_8_1_2_3_7.
2026/Jun/12 07:04:55.804022 EXECUTOR - Initialization of module TC_26_8_1_2_3_7 finished.
2026/Jun/12 07:04:55.804025 EXECUTOR - Initializing module TC_26_8_1_2_4_1.
2026/Jun/12 07:04:55.804030 EXECUTOR - Initialization of module TC_26_8_1_2_4_1 finished.
2026/Jun/12 07:04:55.804033 EXECUTOR - Initializing module TC_26_8_1_2_4_13.
2026/Jun/12 07:04:55.804037 EXECUTOR - Initialization of module TC_26_8_1_2_4_13 finished.
2026/Jun/12 07:04:55.804040 EXECUTOR - Initializing module TC_26_8_1_2_4_2.
2026/Jun/12 07:04:55.804045 EXECUTOR - Initialization of module TC_26_8_1_2_4_2 finished.
2026/Jun/12 07:04:55.804048 EXECUTOR - Initializing module TC_26_8_1_2_4_3.
2026/Jun/12 07:04:55.804053 EXECUTOR - Initialization of module TC_26_8_1_2_4_3 finished.
2026/Jun/12 07:04:55.804056 EXECUTOR - Initializing module TC_26_8_1_2_4_4.
2026/Jun/12 07:04:55.804061 EXECUTOR - Initialization of module TC_26_8_1_2_4_4 finished.
2026/Jun/12 07:04:55.804063 EXECUTOR - Initializing module TC_26_8_1_2_4_5.
2026/Jun/12 07:04:55.804068 EXECUTOR - Initialization of module TC_26_8_1_2_4_5 finished.
2026/Jun/12 07:04:55.804071 EXECUTOR - Initializing module TC_26_8_1_2_6_1.
2026/Jun/12 07:04:55.804076 EXECUTOR - Initialization of module TC_26_8_1_2_6_1 finished.
2026/Jun/12 07:04:55.804079 EXECUTOR - Initializing module TC_26_8_1_2_6_2.
2026/Jun/12 07:04:55.804084 EXECUTOR - Initialization of module TC_26_8_1_2_6_2 finished.
2026/Jun/12 07:04:55.804087 EXECUTOR - Initializing module TC_26_8_1_2_6_3.
2026/Jun/12 07:04:55.804091 EXECUTOR - Initialization of module TC_26_8_1_2_6_3 finished.
2026/Jun/12 07:04:55.804094 EXECUTOR - Initializing module TC_26_8_1_2_6_6.
2026/Jun/12 07:04:55.804099 EXECUTOR - Initialization of module TC_26_8_1_2_6_6 finished.
2026/Jun/12 07:04:55.804102 EXECUTOR - Initializing module TC_26_8_1_3_1_1.
2026/Jun/12 07:04:55.804107 EXECUTOR - Initialization of module TC_26_8_1_3_1_1 finished.
2026/Jun/12 07:04:55.804109 EXECUTOR - Initializing module TC_26_8_1_3_2_1.
2026/Jun/12 07:04:55.804115 EXECUTOR - Initialization of module TC_26_8_1_3_2_1 finished.
2026/Jun/12 07:04:55.804118 EXECUTOR - Initializing module TC_26_8_1_3_3_1.
2026/Jun/12 07:04:55.804123 EXECUTOR - Initialization of module TC_26_8_1_3_3_1 finished.
2026/Jun/12 07:04:55.804127 EXECUTOR - Initializing module TC_26_8_1_3_3_2.
2026/Jun/12 07:04:55.804133 EXECUTOR - Initialization of module TC_26_8_1_3_3_2 finished.
2026/Jun/12 07:04:55.804137 EXECUTOR - Initializing module TC_26_8_1_3_3_3.
2026/Jun/12 07:04:55.804142 EXECUTOR - Initialization of module TC_26_8_1_3_3_3 finished.
2026/Jun/12 07:04:55.804145 EXECUTOR - Initializing module TC_26_8_1_3_3_4.
2026/Jun/12 07:04:55.804149 EXECUTOR - Initialization of module TC_26_8_1_3_3_4 finished.
2026/Jun/12 07:04:55.804152 EXECUTOR - Initializing module TC_26_8_1_3_3_5.
2026/Jun/12 07:04:55.804158 EXECUTOR - Initialization of module TC_26_8_1_3_3_5 finished.
2026/Jun/12 07:04:55.804160 EXECUTOR - Initializing module TC_26_8_1_3_3_6.
2026/Jun/12 07:04:55.804165 EXECUTOR - Initialization of module TC_26_8_1_3_3_6 finished.
2026/Jun/12 07:04:55.804168 EXECUTOR - Initializing module TC_26_8_1_3_3_7.
2026/Jun/12 07:04:55.804173 EXECUTOR - Initialization of module TC_26_8_1_3_3_7 finished.
2026/Jun/12 07:04:55.804176 EXECUTOR - Initializing module TC_26_8_1_3_4_1.
2026/Jun/12 07:04:55.804185 EXECUTOR - Initialization of module TC_26_8_1_3_4_1 finished.
2026/Jun/12 07:04:55.804190 EXECUTOR - Initializing module TC_26_8_1_3_4_2.
2026/Jun/12 07:04:55.804194 EXECUTOR - Initialization of module TC_26_8_1_3_4_2 finished.
2026/Jun/12 07:04:55.804197 EXECUTOR - Initializing module TC_26_8_1_3_4_3.
2026/Jun/12 07:04:55.804202 EXECUTOR - Initialization of module TC_26_8_1_3_4_3 finished.
2026/Jun/12 07:04:55.804205 EXECUTOR - Initializing module TC_26_8_1_3_4_4.
2026/Jun/12 07:04:55.804210 EXECUTOR - Initialization of module TC_26_8_1_3_4_4 finished.
2026/Jun/12 07:04:55.804214 EXECUTOR - Initializing module TC_26_8_1_3_4_5.
2026/Jun/12 07:04:55.804219 EXECUTOR - Initialization of module TC_26_8_1_3_4_5 finished.
2026/Jun/12 07:04:55.804222 EXECUTOR - Initializing module TC_26_8_1_3_4_6.
2026/Jun/12 07:04:55.804227 EXECUTOR - Initialization of module TC_26_8_1_3_4_6 finished.
2026/Jun/12 07:04:55.804230 EXECUTOR - Initializing module TC_26_8_1_3_4_7.
2026/Jun/12 07:04:55.804235 EXECUTOR - Initialization of module TC_26_8_1_3_4_7 finished.
2026/Jun/12 07:04:55.804238 EXECUTOR - Initializing module TC_26_8_1_3_4_8.
2026/Jun/12 07:04:55.804243 EXECUTOR - Initialization of module TC_26_8_1_3_4_8 finished.
2026/Jun/12 07:04:55.804245 EXECUTOR - Initializing module TC_26_8_1_3_5_1.
2026/Jun/12 07:04:55.804250 EXECUTOR - Initialization of module TC_26_8_1_3_5_1 finished.
2026/Jun/12 07:04:55.804253 EXECUTOR - Initializing module TC_26_8_1_3_5_2.
2026/Jun/12 07:04:55.804258 EXECUTOR - Initialization of module TC_26_8_1_3_5_2 finished.
2026/Jun/12 07:04:55.804261 EXECUTOR - Initializing module TC_26_8_1_3_5_3.
2026/Jun/12 07:04:55.804267 EXECUTOR - Initialization of module TC_26_8_1_3_5_3 finished.
2026/Jun/12 07:04:55.804270 EXECUTOR - Initializing module TC_26_8_1_3_5_4.
2026/Jun/12 07:04:55.804275 EXECUTOR - Initialization of module TC_26_8_1_3_5_4 finished.
2026/Jun/12 07:04:55.804277 EXECUTOR - Initializing module TC_26_8_1_3_5_5.
2026/Jun/12 07:04:55.804282 EXECUTOR - Initialization of module TC_26_8_1_3_5_5 finished.
2026/Jun/12 07:04:55.804285 EXECUTOR - Initializing module TC_26_8_1_3_5_6.
2026/Jun/12 07:04:55.804290 EXECUTOR - Initialization of module TC_26_8_1_3_5_6 finished.
2026/Jun/12 07:04:55.804293 EXECUTOR - Initializing module TC_26_8_1_3_5_7.
2026/Jun/12 07:04:55.804299 EXECUTOR - Initialization of module TC_26_8_1_3_5_7 finished.
2026/Jun/12 07:04:55.804302 EXECUTOR - Initializing module TC_26_8_1_3_5_8.
2026/Jun/12 07:04:55.804307 EXECUTOR - Initialization of module TC_26_8_1_3_5_8 finished.
2026/Jun/12 07:04:55.804310 EXECUTOR - Initializing module TC_26_8_1_3_5_9.
2026/Jun/12 07:04:55.804315 EXECUTOR - Initialization of module TC_26_8_1_3_5_9 finished.
2026/Jun/12 07:04:55.804318 EXECUTOR - Initializing module TC_26_8_2_1.
2026/Jun/12 07:04:55.804323 EXECUTOR - Initialization of module TC_26_8_2_1 finished.
2026/Jun/12 07:04:55.804326 EXECUTOR - Initializing module TC_26_8_2_2.
2026/Jun/12 07:04:55.804331 EXECUTOR - Initialization of module TC_26_8_2_2 finished.
2026/Jun/12 07:04:55.804334 EXECUTOR - Initializing module TC_26_8_2_3.
2026/Jun/12 07:04:55.804342 EXECUTOR - Initialization of module TC_26_8_2_3 finished.
2026/Jun/12 07:04:55.804346 EXECUTOR - Initializing module TC_26_8_3.
2026/Jun/12 07:04:55.804350 EXECUTOR - Initialization of module TC_26_8_3 finished.
2026/Jun/12 07:04:55.804354 EXECUTOR - Initializing module TC_34_2_2.
2026/Jun/12 07:04:55.804358 EXECUTOR - Initialization of module TC_34_2_2 finished.
2026/Jun/12 07:04:55.804361 EXECUTOR - Initializing module TitanLoggerApi.
2026/Jun/12 07:04:55.804364 EXECUTOR - Initialization of module TitanLoggerApi finished.
2026/Jun/12 07:04:55.804367 EXECUTOR - Initializing module TitanLoggerControl.
2026/Jun/12 07:04:55.804370 EXECUTOR - Initialization of module TitanLoggerControl finished.
2026/Jun/12 07:04:55.804383 EXECUTOR - Configuration data was processed successfully.
2026/Jun/12 07:04:55.806403 EXECUTOR - MTC was created. Process id: 39.
2026/Jun/12 07:06:16.369385 EXECUTOR - Exit was requested from MC. Terminating HC.
2026/Jun/12 07:06:16.369586 EXECUTOR - Disconnected from MC.
2026/Jun/12 07:06:16.369630 EXECUTOR - TTCN-3 Host Controller finished.
