/usr/local/bin/virtphy.real: option requires an argument -- 'd'
Tue Jun 23 07:17:00 2026 DVIRPHY virtphy.c:248 Virtual physical layer starting up...
Tue Jun 23 07:17:00 2026 DVIRPHY virtphy.c:257 Virtual physical layer ready, waiting for l23 app(s) on /tmp/osmocom_l2
Tue Jun 23 07:17:05 2026 DMAIN virt_l1_model.c:42 MS 0000: allocated
Tue Jun 23 07:17:05 2026 DL1C l1ctl_sock.c:138 Accepted client (fd=6) from server (fd=5)
Tue Jun 23 07:17:05 2026 DL1C l1ctl_sap.c:578 MS 0000: Tx L1CTL_RESET_CONF (reset_type: 1)
Tue Jun 23 07:17:05 2026 DL1C l1ctl_sap.c:578 MS 0000: Tx L1CTL_RESET_CONF (reset_type: 1)
Tue Jun 23 07:17:05 2026 DL1C l1ctl_sap.c:578 MS 0000: Tx L1CTL_RESET_CONF (reset_type: 1)
Tue Jun 23 07:17:06 2026 DL1C l1ctl_sap.c:578 MS 0000: Tx L1CTL_RESET_CONF (reset_type: 1)
Tue Jun 23 07:17:06 2026 DL1C l1ctl_sap.c:578 MS 0000: Tx L1CTL_RESET_CONF (reset_type: 1)
Tue Jun 23 07:17:07 2026 DL1C l1ctl_sap.c:578 MS 0000: Tx L1CTL_RESET_CONF (reset_type: 1)
Tue Jun 23 07:17:08 2026 DL1C l1ctl_sap.c:578 MS 0000: Tx L1CTL_RESET_CONF (reset_type: 1)
Tue Jun 23 07:17:08 2026 DL1C l1ctl_sap.c:578 MS 0000: Tx L1CTL_RESET_CONF (reset_type: 1)
Tue Jun 23 07:17:08 2026 DL1C virt_prim_fbsb.c:57 MS 0000: Rx L1CTL_FBSB_REQ (arfcn=51, flags=0x7)
Tue Jun 23 07:17:08 2026 DL1C virt_prim_fbsb.c:126 MS 0000: Tx L1CTL_FBSB_CONF (res: 0)
Tue Jun 23 07:17:09 2026 DL1C l1ctl_sap.c:472 MS 0000: Rx L1CTL_CCCH_MODE_REQ (mode=2)
Tue Jun 23 07:17:09 2026 DL1C l1ctl_sap.c:600 MS 0000: Tx L1CTL_CCCH_MODE_CONF (mode: 2)
Tue Jun 23 07:17:09 2026 DL1C l1ctl_sap.c:578 MS 0000: Tx L1CTL_RESET_CONF (reset_type: 1)
Tue Jun 23 07:17:09 2026 DL1C virt_prim_fbsb.c:57 MS 0000: Rx L1CTL_FBSB_REQ (arfcn=51, flags=0x7)
Tue Jun 23 07:17:09 2026 DL1C virt_prim_fbsb.c:126 MS 0000: Tx L1CTL_FBSB_CONF (res: 0)
Tue Jun 23 07:17:09 2026 DL1C l1ctl_sap.c:411 MS 0000: Rx L1CTL_PARAM_REQ (ta=0, tx_power=14)
Tue Jun 23 07:17:09 2026 DL1C virt_prim_rach.c:81 MS 0000: Rx L1CTL_RACH_REQ (ra=0x0e, offset=9 combined=1)
Tue Jun 23 07:17:09 2026 DL1C virt_prim_rach.c:124 MS 0000: Tx L1CTL_RACH_CONF (fn: 431, arfcn: 51)
Tue Jun 23 07:17:09 2026 DL1C l1ctl_sap.c:411 MS 0000: Rx L1CTL_PARAM_REQ (ta=0, tx_power=14)
Tue Jun 23 07:17:09 2026 DL1C virt_prim_rach.c:81 MS 0000: Rx L1CTL_RACH_REQ (ra=0x04, offset=118 combined=1)
Tue Jun 23 07:17:10 2026 DL1C l1ctl_sap.c:578 MS 0000: Tx L1CTL_RESET_CONF (reset_type: 2)
Tue Jun 23 07:17:10 2026 DL1C l1ctl_sap.c:411 MS 0000: Rx L1CTL_PARAM_REQ (ta=0, tx_power=14)
Tue Jun 23 07:17:30 2026 DL1C l1ctl_sap.c:379 MS 0000: Rx L1CTL_DM_REL_REQ
Tue Jun 23 07:17:30 2026 DL1C l1ctl_sap.c:578 MS 0000: Tx L1CTL_RESET_CONF (reset_type: 1)
Tue Jun 23 07:17:30 2026 DL1C l1ctl_sap.c:578 MS 0000: Tx L1CTL_RESET_CONF (reset_type: 1)
Tue Jun 23 07:17:30 2026 DL1C virt_prim_fbsb.c:57 MS 0000: Rx L1CTL_FBSB_REQ (arfcn=51, flags=0x7)
Tue Jun 23 07:17:30 2026 DL1C virt_prim_fbsb.c:126 MS 0000: Tx L1CTL_FBSB_CONF (res: 0)
Tue Jun 23 07:17:30 2026 DL1C l1ctl_sap.c:526 MS 0000: Rx L1CTL_NEIGH_PM_REQ (list with 1 entries): IGNORED
Tue Jun 23 07:17:45 2026 DL1C l1ctl_sap.c:578 MS 0000: Tx L1CTL_RESET_CONF (reset_type: 1)
Tue Jun 23 07:17:45 2026 DL1C virt_prim_fbsb.c:57 MS 0000: Rx L1CTL_FBSB_REQ (arfcn=51, flags=0x7)
Tue Jun 23 07:17:45 2026 DL1C virt_prim_fbsb.c:126 MS 0000: Tx L1CTL_FBSB_CONF (res: 0)
Tue Jun 23 07:17:45 2026 DL1C l1ctl_sap.c:411 MS 0000: Rx L1CTL_PARAM_REQ (ta=0, tx_power=14)
Tue Jun 23 07:17:45 2026 DL1C virt_prim_rach.c:81 MS 0000: Rx L1CTL_RACH_REQ (ra=0x09, offset=4 combined=1)
Tue Jun 23 07:17:45 2026 DL1C virt_prim_rach.c:124 MS 0000: Tx L1CTL_RACH_CONF (fn: 8180, arfcn: 51)
Tue Jun 23 07:17:45 2026 DL1C l1ctl_sap.c:411 MS 0000: Rx L1CTL_PARAM_REQ (ta=0, tx_power=14)
Tue Jun 23 07:17:45 2026 DL1C virt_prim_rach.c:81 MS 0000: Rx L1CTL_RACH_REQ (ra=0x04, offset=119 combined=1)
Tue Jun 23 07:17:45 2026 DL1C l1ctl_sap.c:578 MS 0000: Tx L1CTL_RESET_CONF (reset_type: 2)
Tue Jun 23 07:17:45 2026 DL1C l1ctl_sap.c:411 MS 0000: Rx L1CTL_PARAM_REQ (ta=0, tx_power=14)
Tue Jun 23 07:17:53 2026 DL1C l1ctl_sap.c:379 MS 0000: Rx L1CTL_DM_REL_REQ
Tue Jun 23 07:17:53 2026 DL1C l1ctl_sap.c:578 MS 0000: Tx L1CTL_RESET_CONF (reset_type: 1)
Tue Jun 23 07:17:53 2026 DL1C l1ctl_sap.c:578 MS 0000: Tx L1CTL_RESET_CONF (reset_type: 1)
Tue Jun 23 07:17:53 2026 DL1C virt_prim_fbsb.c:57 MS 0000: Rx L1CTL_FBSB_REQ (arfcn=51, flags=0x7)
Tue Jun 23 07:17:53 2026 DL1C virt_prim_fbsb.c:126 MS 0000: Tx L1CTL_FBSB_CONF (res: 0)
Tue Jun 23 07:17:53 2026 DL1C l1ctl_sap.c:526 MS 0000: Rx L1CTL_NEIGH_PM_REQ (list with 1 entries): IGNORED
Tue Jun 23 07:18:08 2026 DL1C l1ctl_sap.c:578 MS 0000: Tx L1CTL_RESET_CONF (reset_type: 1)
Tue Jun 23 07:18:08 2026 DL1C virt_prim_fbsb.c:57 MS 0000: Rx L1CTL_FBSB_REQ (arfcn=51, flags=0x7)
Tue Jun 23 07:18:08 2026 DL1C virt_prim_fbsb.c:126 MS 0000: Tx L1CTL_FBSB_CONF (res: 0)
Tue Jun 23 07:18:08 2026 DL1C l1ctl_sap.c:411 MS 0000: Rx L1CTL_PARAM_REQ (ta=0, tx_power=14)
Tue Jun 23 07:18:08 2026 DL1C virt_prim_rach.c:81 MS 0000: Rx L1CTL_RACH_REQ (ra=0x02, offset=10 combined=1)
Tue Jun 23 07:18:08 2026 DL1C virt_prim_rach.c:124 MS 0000: Tx L1CTL_RACH_CONF (fn: 13131, arfcn: 51)
Tue Jun 23 07:18:08 2026 DL1C l1ctl_sap.c:411 MS 0000: Rx L1CTL_PARAM_REQ (ta=0, tx_power=14)
Tue Jun 23 07:18:08 2026 DL1C virt_prim_rach.c:81 MS 0000: Rx L1CTL_RACH_REQ (ra=0x07, offset=123 combined=1)
Tue Jun 23 07:18:08 2026 DL1C l1ctl_sap.c:578 MS 0000: Tx L1CTL_RESET_CONF (reset_type: 2)
Tue Jun 23 07:18:08 2026 DL1C l1ctl_sap.c:411 MS 0000: Rx L1CTL_PARAM_REQ (ta=0, tx_power=14)
Tue Jun 23 07:18:16 2026 DL1C l1ctl_sap.c:379 MS 0000: Rx L1CTL_DM_REL_REQ
Tue Jun 23 07:18:16 2026 DL1C l1ctl_sap.c:578 MS 0000: Tx L1CTL_RESET_CONF (reset_type: 1)
Tue Jun 23 07:18:16 2026 DL1C l1ctl_sap.c:578 MS 0000: Tx L1CTL_RESET_CONF (reset_type: 1)
Tue Jun 23 07:18:16 2026 DL1C virt_prim_fbsb.c:57 MS 0000: Rx L1CTL_FBSB_REQ (arfcn=51, flags=0x7)
Tue Jun 23 07:18:16 2026 DL1C virt_prim_fbsb.c:126 MS 0000: Tx L1CTL_FBSB_CONF (res: 0)
Tue Jun 23 07:18:16 2026 DL1C l1ctl_sap.c:526 MS 0000: Rx L1CTL_NEIGH_PM_REQ (list with 1 entries): IGNORED
Tue Jun 23 07:18:31 2026 DL1C l1ctl_sap.c:578 MS 0000: Tx L1CTL_RESET_CONF (reset_type: 1)
Tue Jun 23 07:18:31 2026 DL1C virt_prim_fbsb.c:57 MS 0000: Rx L1CTL_FBSB_REQ (arfcn=51, flags=0x7)
Tue Jun 23 07:18:31 2026 DL1C virt_prim_fbsb.c:126 MS 0000: Tx L1CTL_FBSB_CONF (res: 0)
Tue Jun 23 07:18:31 2026 DL1C l1ctl_sap.c:411 MS 0000: Rx L1CTL_PARAM_REQ (ta=0, tx_power=14)
Tue Jun 23 07:18:31 2026 DL1C virt_prim_rach.c:81 MS 0000: Rx L1CTL_RACH_REQ (ra=0x0a, offset=11 combined=1)
Tue Jun 23 07:18:31 2026 DL1C virt_prim_rach.c:124 MS 0000: Tx L1CTL_RACH_CONF (fn: 18079, arfcn: 51)
Tue Jun 23 07:18:31 2026 DL1C l1ctl_sap.c:411 MS 0000: Rx L1CTL_PARAM_REQ (ta=0, tx_power=14)
Tue Jun 23 07:18:31 2026 DL1C virt_prim_rach.c:81 MS 0000: Rx L1CTL_RACH_REQ (ra=0x0c, offset=119 combined=1)
Tue Jun 23 07:18:31 2026 DL1C l1ctl_sap.c:578 MS 0000: Tx L1CTL_RESET_CONF (reset_type: 2)
Tue Jun 23 07:18:31 2026 DL1C l1ctl_sap.c:411 MS 0000: Rx L1CTL_PARAM_REQ (ta=0, tx_power=14)
Tue Jun 23 07:18:32 2026 DL1C l1ctl_sap.c:379 MS 0000: Rx L1CTL_DM_REL_REQ
Tue Jun 23 07:18:32 2026 DL1C l1ctl_sap.c:578 MS 0000: Tx L1CTL_RESET_CONF (reset_type: 1)
Tue Jun 23 07:18:32 2026 DL1C l1ctl_sap.c:578 MS 0000: Tx L1CTL_RESET_CONF (reset_type: 1)
Tue Jun 23 07:18:32 2026 DL1C virt_prim_fbsb.c:57 MS 0000: Rx L1CTL_FBSB_REQ (arfcn=51, flags=0x7)
Tue Jun 23 07:18:33 2026 DL1C virt_prim_fbsb.c:126 MS 0000: Tx L1CTL_FBSB_CONF (res: 0)
Tue Jun 23 07:18:33 2026 DL1C l1ctl_sap.c:526 MS 0000: Rx L1CTL_NEIGH_PM_REQ (list with 1 entries): IGNORED
Tue Jun 23 07:18:37 2026 DL1C l1ctl_sap.c:578 MS 0000: Tx L1CTL_RESET_CONF (reset_type: 1)
Tue Jun 23 07:18:37 2026 DL1C virt_prim_fbsb.c:57 MS 0000: Rx L1CTL_FBSB_REQ (arfcn=51, flags=0x7)
Tue Jun 23 07:18:37 2026 DL1C virt_prim_fbsb.c:126 MS 0000: Tx L1CTL_FBSB_CONF (res: 0)
Tue Jun 23 07:18:37 2026 DL1C l1ctl_sap.c:411 MS 0000: Rx L1CTL_PARAM_REQ (ta=0, tx_power=14)
Tue Jun 23 07:18:37 2026 DL1C virt_prim_rach.c:81 MS 0000: Rx L1CTL_RACH_REQ (ra=0x10, offset=5 combined=1)
Tue Jun 23 07:18:37 2026 DL1C virt_prim_rach.c:124 MS 0000: Tx L1CTL_RACH_CONF (fn: 19450, arfcn: 51)
Tue Jun 23 07:18:37 2026 DL1C l1ctl_sap.c:411 MS 0000: Rx L1CTL_PARAM_REQ (ta=0, tx_power=14)
Tue Jun 23 07:18:37 2026 DL1C virt_prim_rach.c:81 MS 0000: Rx L1CTL_RACH_REQ (ra=0x17, offset=117 combined=1)
Tue Jun 23 07:18:37 2026 DL1C l1ctl_sap.c:578 MS 0000: Tx L1CTL_RESET_CONF (reset_type: 2)
Tue Jun 23 07:18:37 2026 DL1C l1ctl_sap.c:411 MS 0000: Rx L1CTL_PARAM_REQ (ta=0, tx_power=14)
Tue Jun 23 07:18:43 2026 DL1C l1ctl_sap.c:379 MS 0000: Rx L1CTL_DM_REL_REQ
Tue Jun 23 07:18:43 2026 DL1C l1ctl_sap.c:578 MS 0000: Tx L1CTL_RESET_CONF (reset_type: 1)
Tue Jun 23 07:18:43 2026 DL1C l1ctl_sap.c:578 MS 0000: Tx L1CTL_RESET_CONF (reset_type: 1)
Tue Jun 23 07:18:43 2026 DL1C l1ctl_sap.c:578 MS 0000: Tx L1CTL_RESET_CONF (reset_type: 1)
Tue Jun 23 07:18:43 2026 DL1C l1ctl_sock.c:99 Failed to receive msg from l2. Connection will be closed.
Tue Jun 23 07:18:43 2026 DMAIN virt_l1_model.c:49 MS 0000: destroyed
Tue Jun 23 07:18:58 2026 DMAIN virt_l1_model.c:42 MS 0001: allocated
Tue Jun 23 07:18:58 2026 DL1C l1ctl_sock.c:138 Accepted client (fd=6) from server (fd=5)
Tue Jun 23 07:18:58 2026 DL1C l1ctl_sap.c:578 MS 0001: Tx L1CTL_RESET_CONF (reset_type: 1)
Tue Jun 23 07:18:58 2026 DL1C l1ctl_sap.c:578 MS 0001: Tx L1CTL_RESET_CONF (reset_type: 1)
Tue Jun 23 07:18:58 2026 DL1C l1ctl_sap.c:578 MS 0001: Tx L1CTL_RESET_CONF (reset_type: 1)
Tue Jun 23 07:18:58 2026 DL1C virt_prim_fbsb.c:57 MS 0001: Rx L1CTL_FBSB_REQ (arfcn=51, flags=0x7)
Tue Jun 23 07:18:58 2026 DL1C virt_prim_fbsb.c:126 MS 0001: Tx L1CTL_FBSB_CONF (res: 0)
Tue Jun 23 07:18:59 2026 DL1C l1ctl_sap.c:472 MS 0001: Rx L1CTL_CCCH_MODE_REQ (mode=2)
Tue Jun 23 07:18:59 2026 DL1C l1ctl_sap.c:600 MS 0001: Tx L1CTL_CCCH_MODE_CONF (mode: 2)
Tue Jun 23 07:18:59 2026 DL1C l1ctl_sap.c:578 MS 0001: Tx L1CTL_RESET_CONF (reset_type: 1)
Tue Jun 23 07:18:59 2026 DL1C virt_prim_fbsb.c:57 MS 0001: Rx L1CTL_FBSB_REQ (arfcn=51, flags=0x7)
Tue Jun 23 07:18:59 2026 DL1C virt_prim_fbsb.c:126 MS 0001: Tx L1CTL_FBSB_CONF (res: 0)
Tue Jun 23 07:18:59 2026 DL1C l1ctl_sap.c:411 MS 0001: Rx L1CTL_PARAM_REQ (ta=0, tx_power=14)
Tue Jun 23 07:18:59 2026 DL1C virt_prim_rach.c:81 MS 0001: Rx L1CTL_RACH_REQ (ra=0x09, offset=8 combined=1)
Tue Jun 23 07:18:59 2026 DL1C virt_prim_rach.c:124 MS 0001: Tx L1CTL_RACH_CONF (fn: 24196, arfcn: 51)
Tue Jun 23 07:18:59 2026 DL1C l1ctl_sap.c:411 MS 0001: Rx L1CTL_PARAM_REQ (ta=0, tx_power=14)
Tue Jun 23 07:18:59 2026 DL1C virt_prim_rach.c:81 MS 0001: Rx L1CTL_RACH_REQ (ra=0x04, offset=119 combined=1)
Tue Jun 23 07:18:59 2026 DL1C l1ctl_sap.c:578 MS 0001: Tx L1CTL_RESET_CONF (reset_type: 2)
Tue Jun 23 07:18:59 2026 DL1C l1ctl_sap.c:411 MS 0001: Rx L1CTL_PARAM_REQ (ta=0, tx_power=14)
Tue Jun 23 07:19:07 2026 DL1C l1ctl_sap.c:379 MS 0001: Rx L1CTL_DM_REL_REQ
Tue Jun 23 07:19:07 2026 DL1C l1ctl_sap.c:578 MS 0001: Tx L1CTL_RESET_CONF (reset_type: 1)
Tue Jun 23 07:19:07 2026 DL1C l1ctl_sap.c:578 MS 0001: Tx L1CTL_RESET_CONF (reset_type: 1)
Tue Jun 23 07:19:07 2026 DL1C virt_prim_fbsb.c:57 MS 0001: Rx L1CTL_FBSB_REQ (arfcn=51, flags=0x7)
Tue Jun 23 07:19:07 2026 DL1C virt_prim_fbsb.c:126 MS 0001: Tx L1CTL_FBSB_CONF (res: 0)
Tue Jun 23 07:19:07 2026 DL1C l1ctl_sap.c:526 MS 0001: Rx L1CTL_NEIGH_PM_REQ (list with 1 entries): IGNORED
Tue Jun 23 07:19:22 2026 DL1C l1ctl_sap.c:578 MS 0001: Tx L1CTL_RESET_CONF (reset_type: 1)
Tue Jun 23 07:19:22 2026 DL1C virt_prim_fbsb.c:57 MS 0001: Rx L1CTL_FBSB_REQ (arfcn=51, flags=0x7)
Tue Jun 23 07:19:22 2026 DL1C virt_prim_fbsb.c:126 MS 0001: Tx L1CTL_FBSB_CONF (res: 0)
Tue Jun 23 07:19:22 2026 DL1C l1ctl_sap.c:411 MS 0001: Rx L1CTL_PARAM_REQ (ta=0, tx_power=14)
Tue Jun 23 07:19:22 2026 DL1C virt_prim_rach.c:81 MS 0001: Rx L1CTL_RACH_REQ (ra=0x0b, offset=6 combined=1)
Tue Jun 23 07:19:22 2026 DL1C virt_prim_rach.c:124 MS 0001: Tx L1CTL_RACH_CONF (fn: 29141, arfcn: 51)
Tue Jun 23 07:19:22 2026 DL1C l1ctl_sap.c:411 MS 0001: Rx L1CTL_PARAM_REQ (ta=0, tx_power=14)
Tue Jun 23 07:19:22 2026 DL1C virt_prim_rach.c:81 MS 0001: Rx L1CTL_RACH_REQ (ra=0x0d, offset=115 combined=1)
Tue Jun 23 07:19:22 2026 DL1C l1ctl_sap.c:578 MS 0001: Tx L1CTL_RESET_CONF (reset_type: 2)
Tue Jun 23 07:19:22 2026 DL1C l1ctl_sap.c:411 MS 0001: Rx L1CTL_PARAM_REQ (ta=0, tx_power=14)
Tue Jun 23 07:19:26 2026 DL1C l1ctl_sap.c:379 MS 0001: Rx L1CTL_DM_REL_REQ
Tue Jun 23 07:19:26 2026 DL1C l1ctl_sap.c:578 MS 0001: Tx L1CTL_RESET_CONF (reset_type: 1)
Tue Jun 23 07:19:26 2026 DL1C l1ctl_sap.c:578 MS 0001: Tx L1CTL_RESET_CONF (reset_type: 1)
Tue Jun 23 07:19:26 2026 DL1C virt_prim_fbsb.c:57 MS 0001: Rx L1CTL_FBSB_REQ (arfcn=51, flags=0x7)
Tue Jun 23 07:19:26 2026 DL1C virt_prim_fbsb.c:126 MS 0001: Tx L1CTL_FBSB_CONF (res: 0)
Tue Jun 23 07:19:26 2026 DL1C l1ctl_sap.c:526 MS 0001: Rx L1CTL_NEIGH_PM_REQ (list with 1 entries): IGNORED
Tue Jun 23 07:19:36 2026 DL1C l1ctl_sap.c:578 MS 0001: Tx L1CTL_RESET_CONF (reset_type: 1)
Tue Jun 23 07:19:36 2026 DL1C virt_prim_fbsb.c:57 MS 0001: Rx L1CTL_FBSB_REQ (arfcn=51, flags=0x7)
Tue Jun 23 07:19:36 2026 DL1C virt_prim_fbsb.c:126 MS 0001: Tx L1CTL_FBSB_CONF (res: 0)
Tue Jun 23 07:19:36 2026 DL1C l1ctl_sap.c:411 MS 0001: Rx L1CTL_PARAM_REQ (ta=0, tx_power=14)
Tue Jun 23 07:19:36 2026 DL1C virt_prim_rach.c:81 MS 0001: Rx L1CTL_RACH_REQ (ra=0x19, offset=6 combined=1)
Tue Jun 23 07:19:36 2026 DL1C virt_prim_rach.c:124 MS 0001: Tx L1CTL_RACH_CONF (fn: 32152, arfcn: 51)
Tue Jun 23 07:19:36 2026 DL1C l1ctl_sap.c:411 MS 0001: Rx L1CTL_PARAM_REQ (ta=0, tx_power=14)
Tue Jun 23 07:19:36 2026 DL1C virt_prim_rach.c:81 MS 0001: Rx L1CTL_RACH_REQ (ra=0x12, offset=122 combined=1)
Tue Jun 23 07:19:36 2026 DL1C l1ctl_sap.c:578 MS 0001: Tx L1CTL_RESET_CONF (reset_type: 2)
Tue Jun 23 07:19:36 2026 DL1C l1ctl_sap.c:411 MS 0001: Rx L1CTL_PARAM_REQ (ta=0, tx_power=14)
Tue Jun 23 07:19:43 2026 DL1C l1ctl_sap.c:379 MS 0001: Rx L1CTL_DM_REL_REQ
Tue Jun 23 07:19:43 2026 DL1C l1ctl_sap.c:578 MS 0001: Tx L1CTL_RESET_CONF (reset_type: 1)
Tue Jun 23 07:19:43 2026 DL1C l1ctl_sap.c:578 MS 0001: Tx L1CTL_RESET_CONF (reset_type: 1)
Tue Jun 23 07:19:43 2026 DL1C l1ctl_sap.c:578 MS 0001: Tx L1CTL_RESET_CONF (reset_type: 1)
Tue Jun 23 07:19:43 2026 DL1C l1ctl_sock.c:99 Failed to receive msg from l2. Connection will be closed.
Tue Jun 23 07:19:43 2026 DMAIN virt_l1_model.c:49 MS 0001: destroyed
Tue Jun 23 07:19:56 2026 DMAIN virt_l1_model.c:42 MS 0002: allocated
Tue Jun 23 07:19:56 2026 DL1C l1ctl_sock.c:138 Accepted client (fd=6) from server (fd=5)
Tue Jun 23 07:19:56 2026 DL1C l1ctl_sap.c:578 MS 0002: Tx L1CTL_RESET_CONF (reset_type: 1)
Tue Jun 23 07:19:56 2026 DL1C l1ctl_sap.c:578 MS 0002: Tx L1CTL_RESET_CONF (reset_type: 1)
Tue Jun 23 07:19:57 2026 DL1C l1ctl_sap.c:578 MS 0002: Tx L1CTL_RESET_CONF (reset_type: 1)
Tue Jun 23 07:19:57 2026 DL1C virt_prim_fbsb.c:57 MS 0002: Rx L1CTL_FBSB_REQ (arfcn=51, flags=0x7)
Tue Jun 23 07:19:57 2026 DL1C virt_prim_fbsb.c:126 MS 0002: Tx L1CTL_FBSB_CONF (res: 0)
Tue Jun 23 07:19:57 2026 DL1C l1ctl_sap.c:472 MS 0002: Rx L1CTL_CCCH_MODE_REQ (mode=2)
Tue Jun 23 07:19:57 2026 DL1C l1ctl_sap.c:600 MS 0002: Tx L1CTL_CCCH_MODE_CONF (mode: 2)
Tue Jun 23 07:19:59 2026 DL1C l1ctl_sap.c:578 MS 0002: Tx L1CTL_RESET_CONF (reset_type: 1)
Tue Jun 23 07:19:59 2026 DL1C virt_prim_fbsb.c:57 MS 0002: Rx L1CTL_FBSB_REQ (arfcn=51, flags=0x7)
Tue Jun 23 07:19:59 2026 DL1C virt_prim_fbsb.c:126 MS 0002: Tx L1CTL_FBSB_CONF (res: 0)
Tue Jun 23 07:19:59 2026 DL1C l1ctl_sap.c:411 MS 0002: Rx L1CTL_PARAM_REQ (ta=0, tx_power=14)
Tue Jun 23 07:19:59 2026 DL1C virt_prim_rach.c:81 MS 0002: Rx L1CTL_RACH_REQ (ra=0x0d, offset=10 combined=1)
Tue Jun 23 07:19:59 2026 DL1C virt_prim_rach.c:124 MS 0002: Tx L1CTL_RACH_CONF (fn: 37152, arfcn: 51)
Tue Jun 23 07:19:59 2026 DL1C l1ctl_sap.c:411 MS 0002: Rx L1CTL_PARAM_REQ (ta=0, tx_power=14)
Tue Jun 23 07:19:59 2026 DL1C virt_prim_rach.c:81 MS 0002: Rx L1CTL_RACH_REQ (ra=0x06, offset=125 combined=1)
Tue Jun 23 07:19:59 2026 DL1C l1ctl_sap.c:578 MS 0002: Tx L1CTL_RESET_CONF (reset_type: 2)
Tue Jun 23 07:19:59 2026 DL1C l1ctl_sap.c:411 MS 0002: Rx L1CTL_PARAM_REQ (ta=0, tx_power=14)
Tue Jun 23 07:20:16 2026 DL1C l1ctl_sap.c:379 MS 0002: Rx L1CTL_DM_REL_REQ
Tue Jun 23 07:20:16 2026 DL1C l1ctl_sap.c:578 MS 0002: Tx L1CTL_RESET_CONF (reset_type: 1)
Tue Jun 23 07:20:16 2026 DL1C l1ctl_sap.c:578 MS 0002: Tx L1CTL_RESET_CONF (reset_type: 1)
Tue Jun 23 07:20:16 2026 DL1C virt_prim_fbsb.c:57 MS 0002: Rx L1CTL_FBSB_REQ (arfcn=51, flags=0x7)
Tue Jun 23 07:20:16 2026 DL1C virt_prim_fbsb.c:126 MS 0002: Tx L1CTL_FBSB_CONF (res: 0)
Tue Jun 23 07:20:16 2026 DL1C l1ctl_sap.c:526 MS 0002: Rx L1CTL_NEIGH_PM_REQ (list with 1 entries): IGNORED
Tue Jun 23 07:20:26 2026 DL1C l1ctl_sap.c:578 MS 0002: Tx L1CTL_RESET_CONF (reset_type: 1)
Tue Jun 23 07:20:26 2026 DL1C virt_prim_fbsb.c:57 MS 0002: Rx L1CTL_FBSB_REQ (arfcn=51, flags=0x7)
Tue Jun 23 07:20:26 2026 DL1C virt_prim_fbsb.c:126 MS 0002: Tx L1CTL_FBSB_CONF (res: 0)
Tue Jun 23 07:20:26 2026 DL1C l1ctl_sap.c:411 MS 0002: Rx L1CTL_PARAM_REQ (ta=0, tx_power=14)
Tue Jun 23 07:20:26 2026 DL1C virt_prim_rach.c:81 MS 0002: Rx L1CTL_RACH_REQ (ra=0x14, offset=5 combined=1)
Tue Jun 23 07:20:26 2026 DL1C virt_prim_rach.c:124 MS 0002: Tx L1CTL_RACH_CONF (fn: 43114, arfcn: 51)
Tue Jun 23 07:20:26 2026 DL1C l1ctl_sap.c:411 MS 0002: Rx L1CTL_PARAM_REQ (ta=0, tx_power=14)
Tue Jun 23 07:20:26 2026 DL1C virt_prim_rach.c:81 MS 0002: Rx L1CTL_RACH_REQ (ra=0x14, offset=121 combined=1)
Tue Jun 23 07:20:27 2026 DL1C l1ctl_sap.c:578 MS 0002: Tx L1CTL_RESET_CONF (reset_type: 2)
Tue Jun 23 07:20:27 2026 DL1C l1ctl_sap.c:411 MS 0002: Rx L1CTL_PARAM_REQ (ta=0, tx_power=14)
Tue Jun 23 07:20:32 2026 DL1C l1ctl_sap.c:379 MS 0002: Rx L1CTL_DM_REL_REQ
Tue Jun 23 07:20:32 2026 DL1C l1ctl_sap.c:578 MS 0002: Tx L1CTL_RESET_CONF (reset_type: 1)
Tue Jun 23 07:20:32 2026 DL1C l1ctl_sap.c:578 MS 0002: Tx L1CTL_RESET_CONF (reset_type: 1)
Tue Jun 23 07:20:32 2026 DL1C l1ctl_sap.c:578 MS 0002: Tx L1CTL_RESET_CONF (reset_type: 1)
Tue Jun 23 07:20:32 2026 DL1C l1ctl_sock.c:99 Failed to receive msg from l2. Connection will be closed.
Tue Jun 23 07:20:32 2026 DMAIN virt_l1_model.c:49 MS 0002: destroyed
Tue Jun 23 07:20:47 2026 DMAIN virt_l1_model.c:42 MS 0003: allocated
Tue Jun 23 07:20:47 2026 DL1C l1ctl_sock.c:138 Accepted client (fd=6) from server (fd=5)
Tue Jun 23 07:20:47 2026 DL1C l1ctl_sap.c:578 MS 0003: Tx L1CTL_RESET_CONF (reset_type: 1)
Tue Jun 23 07:20:47 2026 DL1C l1ctl_sap.c:578 MS 0003: Tx L1CTL_RESET_CONF (reset_type: 1)
Tue Jun 23 07:20:48 2026 DL1C l1ctl_sap.c:578 MS 0003: Tx L1CTL_RESET_CONF (reset_type: 1)
Tue Jun 23 07:20:48 2026 DL1C virt_prim_fbsb.c:57 MS 0003: Rx L1CTL_FBSB_REQ (arfcn=51, flags=0x7)
Tue Jun 23 07:20:48 2026 DL1C virt_prim_fbsb.c:126 MS 0003: Tx L1CTL_FBSB_CONF (res: 0)
Tue Jun 23 07:20:48 2026 DL1C l1ctl_sap.c:472 MS 0003: Rx L1CTL_CCCH_MODE_REQ (mode=2)
Tue Jun 23 07:20:48 2026 DL1C l1ctl_sap.c:600 MS 0003: Tx L1CTL_CCCH_MODE_CONF (mode: 2)
Tue Jun 23 07:20:50 2026 DL1C l1ctl_sap.c:578 MS 0003: Tx L1CTL_RESET_CONF (reset_type: 1)
Tue Jun 23 07:20:50 2026 DL1C virt_prim_fbsb.c:57 MS 0003: Rx L1CTL_FBSB_REQ (arfcn=51, flags=0x7)
Tue Jun 23 07:20:50 2026 DL1C virt_prim_fbsb.c:126 MS 0003: Tx L1CTL_FBSB_CONF (res: 0)
Tue Jun 23 07:20:50 2026 DL1C l1ctl_sap.c:411 MS 0003: Rx L1CTL_PARAM_REQ (ta=0, tx_power=14)
Tue Jun 23 07:20:50 2026 DL1C virt_prim_rach.c:81 MS 0003: Rx L1CTL_RACH_REQ (ra=0x0e, offset=8 combined=1)
Tue Jun 23 07:20:50 2026 DL1C virt_prim_rach.c:124 MS 0003: Tx L1CTL_RACH_CONF (fn: 48166, arfcn: 51)
Tue Jun 23 07:20:50 2026 DL1C l1ctl_sap.c:411 MS 0003: Rx L1CTL_PARAM_REQ (ta=0, tx_power=14)
Tue Jun 23 07:20:50 2026 DL1C virt_prim_rach.c:81 MS 0003: Rx L1CTL_RACH_REQ (ra=0x06, offset=120 combined=1)
Tue Jun 23 07:20:50 2026 DL1C l1ctl_sap.c:578 MS 0003: Tx L1CTL_RESET_CONF (reset_type: 2)
Tue Jun 23 07:20:50 2026 DL1C l1ctl_sap.c:411 MS 0003: Rx L1CTL_PARAM_REQ (ta=0, tx_power=14)
Tue Jun 23 07:20:57 2026 DL1C l1ctl_sap.c:379 MS 0003: Rx L1CTL_DM_REL_REQ
Tue Jun 23 07:20:57 2026 DL1C l1ctl_sap.c:578 MS 0003: Tx L1CTL_RESET_CONF (reset_type: 1)
Tue Jun 23 07:20:57 2026 DL1C l1ctl_sap.c:578 MS 0003: Tx L1CTL_RESET_CONF (reset_type: 1)
Tue Jun 23 07:20:57 2026 DL1C virt_prim_fbsb.c:57 MS 0003: Rx L1CTL_FBSB_REQ (arfcn=51, flags=0x7)
Tue Jun 23 07:20:57 2026 DL1C virt_prim_fbsb.c:126 MS 0003: Tx L1CTL_FBSB_CONF (res: 0)
Tue Jun 23 07:20:57 2026 DL1C l1ctl_sap.c:526 MS 0003: Rx L1CTL_NEIGH_PM_REQ (list with 1 entries): IGNORED
Tue Jun 23 07:21:00 2026 DL1C l1ctl_sap.c:578 MS 0003: Tx L1CTL_RESET_CONF (reset_type: 1)
Tue Jun 23 07:21:00 2026 DL1C virt_prim_fbsb.c:57 MS 0003: Rx L1CTL_FBSB_REQ (arfcn=51, flags=0x7)
Tue Jun 23 07:21:01 2026 DL1C virt_prim_fbsb.c:126 MS 0003: Tx L1CTL_FBSB_CONF (res: 0)
Tue Jun 23 07:21:01 2026 DL1C l1ctl_sap.c:411 MS 0003: Rx L1CTL_PARAM_REQ (ta=0, tx_power=14)
Tue Jun 23 07:21:01 2026 DL1C virt_prim_rach.c:81 MS 0003: Rx L1CTL_RACH_REQ (ra=0x9d, offset=10 combined=1)
Tue Jun 23 07:21:01 2026 DL1C virt_prim_rach.c:124 MS 0003: Tx L1CTL_RACH_CONF (fn: 50565, arfcn: 51)
Tue Jun 23 07:21:01 2026 DL1C l1ctl_sap.c:411 MS 0003: Rx L1CTL_PARAM_REQ (ta=0, tx_power=14)
Tue Jun 23 07:21:01 2026 DL1C virt_prim_rach.c:81 MS 0003: Rx L1CTL_RACH_REQ (ra=0x86, offset=125 combined=1)
Tue Jun 23 07:21:01 2026 DL1C l1ctl_sap.c:578 MS 0003: Tx L1CTL_RESET_CONF (reset_type: 2)
Tue Jun 23 07:21:01 2026 DL1C l1ctl_sap.c:411 MS 0003: Rx L1CTL_PARAM_REQ (ta=0, tx_power=14)
Tue Jun 23 07:21:08 2026 DL1C l1ctl_sap.c:379 MS 0003: Rx L1CTL_DM_REL_REQ
Tue Jun 23 07:21:08 2026 DL1C l1ctl_sap.c:578 MS 0003: Tx L1CTL_RESET_CONF (reset_type: 1)
Tue Jun 23 07:21:08 2026 DL1C l1ctl_sap.c:578 MS 0003: Tx L1CTL_RESET_CONF (reset_type: 1)
Tue Jun 23 07:21:09 2026 DL1C l1ctl_sap.c:578 MS 0003: Tx L1CTL_RESET_CONF (reset_type: 1)
Tue Jun 23 07:21:09 2026 DL1C virt_prim_fbsb.c:57 MS 0003: Rx L1CTL_FBSB_REQ (arfcn=51, flags=0x7)
Tue Jun 23 07:21:09 2026 DL1C virt_prim_fbsb.c:126 MS 0003: Tx L1CTL_FBSB_CONF (res: 0)
Tue Jun 23 07:21:10 2026 DL1C l1ctl_sap.c:472 MS 0003: Rx L1CTL_CCCH_MODE_REQ (mode=2)
Tue Jun 23 07:21:10 2026 DL1C l1ctl_sap.c:600 MS 0003: Tx L1CTL_CCCH_MODE_CONF (mode: 2)
Tue Jun 23 07:21:10 2026 DL1C l1ctl_sap.c:578 MS 0003: Tx L1CTL_RESET_CONF (reset_type: 1)
Tue Jun 23 07:21:10 2026 DL1C virt_prim_fbsb.c:57 MS 0003: Rx L1CTL_FBSB_REQ (arfcn=51, flags=0x7)
Tue Jun 23 07:21:10 2026 DL1C virt_prim_fbsb.c:126 MS 0003: Tx L1CTL_FBSB_CONF (res: 0)
Tue Jun 23 07:21:10 2026 DL1C l1ctl_sap.c:526 MS 0003: Rx L1CTL_NEIGH_PM_REQ (list with 1 entries): IGNORED
Tue Jun 23 07:21:11 2026 DL1C l1ctl_sap.c:578 MS 0003: Tx L1CTL_RESET_CONF (reset_type: 1)
Tue Jun 23 07:21:11 2026 DL1C virt_prim_fbsb.c:57 MS 0003: Rx L1CTL_FBSB_REQ (arfcn=51, flags=0x7)
Tue Jun 23 07:21:11 2026 DL1C virt_prim_fbsb.c:126 MS 0003: Tx L1CTL_FBSB_CONF (res: 0)
Tue Jun 23 07:21:11 2026 DL1C l1ctl_sap.c:411 MS 0003: Rx L1CTL_PARAM_REQ (ta=0, tx_power=14)
Tue Jun 23 07:21:11 2026 DL1C virt_prim_rach.c:81 MS 0003: Rx L1CTL_RACH_REQ (ra=0x99, offset=6 combined=1)
Tue Jun 23 07:21:11 2026 DL1C virt_prim_rach.c:124 MS 0003: Tx L1CTL_RACH_CONF (fn: 52856, arfcn: 51)
Tue Jun 23 07:21:11 2026 DL1C l1ctl_sap.c:411 MS 0003: Rx L1CTL_PARAM_REQ (ta=0, tx_power=14)
Tue Jun 23 07:21:11 2026 DL1C virt_prim_rach.c:81 MS 0003: Rx L1CTL_RACH_REQ (ra=0x9e, offset=125 combined=1)
Tue Jun 23 07:21:11 2026 DL1C l1ctl_sap.c:578 MS 0003: Tx L1CTL_RESET_CONF (reset_type: 2)
Tue Jun 23 07:21:11 2026 DL1C l1ctl_sap.c:411 MS 0003: Rx L1CTL_PARAM_REQ (ta=0, tx_power=14)
Tue Jun 23 07:21:12 2026 DL1C l1ctl_sap.c:578 MS 0003: Tx L1CTL_RESET_CONF (reset_type: 1)
Tue Jun 23 07:21:13 2026 DL1C l1ctl_sap.c:578 MS 0003: Tx L1CTL_RESET_CONF (reset_type: 1)
Tue Jun 23 07:21:13 2026 DL1C virt_prim_fbsb.c:57 MS 0003: Rx L1CTL_FBSB_REQ (arfcn=51, flags=0x7)
Tue Jun 23 07:21:13 2026 DL1C virt_prim_fbsb.c:126 MS 0003: Tx L1CTL_FBSB_CONF (res: 0)
Tue Jun 23 07:21:14 2026 DL1C l1ctl_sap.c:472 MS 0003: Rx L1CTL_CCCH_MODE_REQ (mode=2)
Tue Jun 23 07:21:14 2026 DL1C l1ctl_sap.c:600 MS 0003: Tx L1CTL_CCCH_MODE_CONF (mode: 2)
Tue Jun 23 07:21:14 2026 DL1C l1ctl_sap.c:578 MS 0003: Tx L1CTL_RESET_CONF (reset_type: 1)
Tue Jun 23 07:21:14 2026 DL1C virt_prim_fbsb.c:57 MS 0003: Rx L1CTL_FBSB_REQ (arfcn=51, flags=0x7)
Tue Jun 23 07:21:14 2026 DL1C virt_prim_fbsb.c:126 MS 0003: Tx L1CTL_FBSB_CONF (res: 0)
Tue Jun 23 07:21:14 2026 DL1C l1ctl_sap.c:526 MS 0003: Rx L1CTL_NEIGH_PM_REQ (list with 1 entries): IGNORED
Tue Jun 23 07:21:19 2026 DL1C l1ctl_sap.c:379 MS 0003: Rx L1CTL_DM_REL_REQ
Tue Jun 23 07:21:19 2026 DL1C l1ctl_sap.c:578 MS 0003: Tx L1CTL_RESET_CONF (reset_type: 1)
