/usr/local/bin/virtphy.real: option requires an argument -- 'd'
Fri Jun 26 14:50:22 2026 DVIRPHY virtphy.c:248 Virtual physical layer starting up...
Fri Jun 26 14:50:22 2026 DVIRPHY virtphy.c:257 Virtual physical layer ready, waiting for l23 app(s) on /tmp/osmocom_l2
Fri Jun 26 14:50:29 2026 DMAIN virt_l1_model.c:42 MS 0000: allocated
Fri Jun 26 14:50:29 2026 DL1C l1ctl_sock.c:138 Accepted client (fd=6) from server (fd=5)
Fri Jun 26 14:50:29 2026 DL1C l1ctl_sap.c:578 MS 0000: Tx L1CTL_RESET_CONF (reset_type: 1)
Fri Jun 26 14:50:29 2026 DL1C l1ctl_sap.c:578 MS 0000: Tx L1CTL_RESET_CONF (reset_type: 1)
Fri Jun 26 14:50:29 2026 DL1C l1ctl_sap.c:578 MS 0000: Tx L1CTL_RESET_CONF (reset_type: 1)
Fri Jun 26 14:50:29 2026 DL1C virt_prim_fbsb.c:57 MS 0000: Rx L1CTL_FBSB_REQ (arfcn=51, flags=0x7)
Fri Jun 26 14:50:33 2026 DL1C virt_prim_fbsb.c:126 MS 0000: Tx L1CTL_FBSB_CONF (res: 0)
Fri Jun 26 14:50:33 2026 DL1C l1ctl_sap.c:472 MS 0000: Rx L1CTL_CCCH_MODE_REQ (mode=2)
Fri Jun 26 14:50:33 2026 DL1C l1ctl_sap.c:600 MS 0000: Tx L1CTL_CCCH_MODE_CONF (mode: 2)
Fri Jun 26 14:50:35 2026 DL1C l1ctl_sap.c:578 MS 0000: Tx L1CTL_RESET_CONF (reset_type: 1)
Fri Jun 26 14:50:35 2026 DL1C virt_prim_fbsb.c:57 MS 0000: Rx L1CTL_FBSB_REQ (arfcn=51, flags=0x7)
Fri Jun 26 14:50:35 2026 DL1C virt_prim_fbsb.c:126 MS 0000: Tx L1CTL_FBSB_CONF (res: 0)
Fri Jun 26 14:50:35 2026 DL1C l1ctl_sap.c:411 MS 0000: Rx L1CTL_PARAM_REQ (ta=0, tx_power=14)
Fri Jun 26 14:50:35 2026 DL1C virt_prim_rach.c:81 MS 0000: Rx L1CTL_RACH_REQ (ra=0x0b, offset=3 combined=1)
Fri Jun 26 14:50:35 2026 DL1C virt_prim_rach.c:124 MS 0000: Tx L1CTL_RACH_CONF (fn: 425, arfcn: 51)
Fri Jun 26 14:50:35 2026 DL1C l1ctl_sap.c:411 MS 0000: Rx L1CTL_PARAM_REQ (ta=0, tx_power=14)
Fri Jun 26 14:50:35 2026 DL1C virt_prim_rach.c:81 MS 0000: Rx L1CTL_RACH_REQ (ra=0x05, offset=119 combined=1)
Fri Jun 26 14:50:35 2026 DL1C l1ctl_sap.c:578 MS 0000: Tx L1CTL_RESET_CONF (reset_type: 2)
Fri Jun 26 14:50:35 2026 DL1C l1ctl_sap.c:411 MS 0000: Rx L1CTL_PARAM_REQ (ta=0, tx_power=14)
Fri Jun 26 14:50:56 2026 DL1C l1ctl_sap.c:379 MS 0000: Rx L1CTL_DM_REL_REQ
Fri Jun 26 14:50:56 2026 DL1C l1ctl_sap.c:578 MS 0000: Tx L1CTL_RESET_CONF (reset_type: 1)
Fri Jun 26 14:50:56 2026 DL1C l1ctl_sap.c:578 MS 0000: Tx L1CTL_RESET_CONF (reset_type: 1)
Fri Jun 26 14:50:56 2026 DL1C virt_prim_fbsb.c:57 MS 0000: Rx L1CTL_FBSB_REQ (arfcn=51, flags=0x7)
Fri Jun 26 14:50:56 2026 DL1C virt_prim_fbsb.c:126 MS 0000: Tx L1CTL_FBSB_CONF (res: 0)
Fri Jun 26 14:50:56 2026 DL1C l1ctl_sap.c:526 MS 0000: Rx L1CTL_NEIGH_PM_REQ (list with 1 entries): IGNORED
Fri Jun 26 14:51:11 2026 DL1C l1ctl_sap.c:578 MS 0000: Tx L1CTL_RESET_CONF (reset_type: 1)
Fri Jun 26 14:51:11 2026 DL1C virt_prim_fbsb.c:57 MS 0000: Rx L1CTL_FBSB_REQ (arfcn=51, flags=0x7)
Fri Jun 26 14:51:11 2026 DL1C virt_prim_fbsb.c:126 MS 0000: Tx L1CTL_FBSB_CONF (res: 0)
Fri Jun 26 14:51:11 2026 DL1C l1ctl_sap.c:411 MS 0000: Rx L1CTL_PARAM_REQ (ta=0, tx_power=14)
Fri Jun 26 14:51:11 2026 DL1C virt_prim_rach.c:81 MS 0000: Rx L1CTL_RACH_REQ (ra=0x08, offset=1 combined=1)
Fri Jun 26 14:51:11 2026 DL1C virt_prim_rach.c:124 MS 0000: Tx L1CTL_RACH_CONF (fn: 8177, arfcn: 51)
Fri Jun 26 14:51:11 2026 DL1C l1ctl_sap.c:411 MS 0000: Rx L1CTL_PARAM_REQ (ta=0, tx_power=14)
Fri Jun 26 14:51:11 2026 DL1C virt_prim_rach.c:81 MS 0000: Rx L1CTL_RACH_REQ (ra=0x0c, offset=119 combined=1)
Fri Jun 26 14:51:11 2026 DL1C l1ctl_sap.c:578 MS 0000: Tx L1CTL_RESET_CONF (reset_type: 2)
Fri Jun 26 14:51:11 2026 DL1C l1ctl_sap.c:411 MS 0000: Rx L1CTL_PARAM_REQ (ta=0, tx_power=14)
Fri Jun 26 14:51:18 2026 DL1C l1ctl_sap.c:379 MS 0000: Rx L1CTL_DM_REL_REQ
Fri Jun 26 14:51:18 2026 DL1C l1ctl_sap.c:578 MS 0000: Tx L1CTL_RESET_CONF (reset_type: 1)
Fri Jun 26 14:51:18 2026 DL1C l1ctl_sap.c:578 MS 0000: Tx L1CTL_RESET_CONF (reset_type: 1)
Fri Jun 26 14:51:18 2026 DL1C virt_prim_fbsb.c:57 MS 0000: Rx L1CTL_FBSB_REQ (arfcn=51, flags=0x7)
Fri Jun 26 14:51:18 2026 DL1C virt_prim_fbsb.c:126 MS 0000: Tx L1CTL_FBSB_CONF (res: 0)
Fri Jun 26 14:51:18 2026 DL1C l1ctl_sap.c:526 MS 0000: Rx L1CTL_NEIGH_PM_REQ (list with 1 entries): IGNORED
Fri Jun 26 14:51:33 2026 DL1C l1ctl_sap.c:578 MS 0000: Tx L1CTL_RESET_CONF (reset_type: 1)
Fri Jun 26 14:51:33 2026 DL1C virt_prim_fbsb.c:57 MS 0000: Rx L1CTL_FBSB_REQ (arfcn=51, flags=0x7)
Fri Jun 26 14:51:33 2026 DL1C virt_prim_fbsb.c:126 MS 0000: Tx L1CTL_FBSB_CONF (res: 0)
Fri Jun 26 14:51:33 2026 DL1C l1ctl_sap.c:411 MS 0000: Rx L1CTL_PARAM_REQ (ta=0, tx_power=14)
Fri Jun 26 14:51:33 2026 DL1C virt_prim_rach.c:81 MS 0000: Rx L1CTL_RACH_REQ (ra=0x08, offset=4 combined=1)
Fri Jun 26 14:51:34 2026 DL1C virt_prim_rach.c:124 MS 0000: Tx L1CTL_RACH_CONF (fn: 13125, arfcn: 51)
Fri Jun 26 14:51:34 2026 DL1C l1ctl_sap.c:411 MS 0000: Rx L1CTL_PARAM_REQ (ta=0, tx_power=14)
Fri Jun 26 14:51:34 2026 DL1C virt_prim_rach.c:81 MS 0000: Rx L1CTL_RACH_REQ (ra=0x0f, offset=122 combined=1)
Fri Jun 26 14:51:34 2026 DL1C l1ctl_sap.c:578 MS 0000: Tx L1CTL_RESET_CONF (reset_type: 2)
Fri Jun 26 14:51:34 2026 DL1C l1ctl_sap.c:411 MS 0000: Rx L1CTL_PARAM_REQ (ta=0, tx_power=14)
Fri Jun 26 14:51:41 2026 DL1C l1ctl_sap.c:379 MS 0000: Rx L1CTL_DM_REL_REQ
Fri Jun 26 14:51:41 2026 DL1C l1ctl_sap.c:578 MS 0000: Tx L1CTL_RESET_CONF (reset_type: 1)
Fri Jun 26 14:51:41 2026 DL1C l1ctl_sap.c:578 MS 0000: Tx L1CTL_RESET_CONF (reset_type: 1)
Fri Jun 26 14:51:41 2026 DL1C virt_prim_fbsb.c:57 MS 0000: Rx L1CTL_FBSB_REQ (arfcn=51, flags=0x7)
Fri Jun 26 14:51:41 2026 DL1C virt_prim_fbsb.c:126 MS 0000: Tx L1CTL_FBSB_CONF (res: 0)
Fri Jun 26 14:51:41 2026 DL1C l1ctl_sap.c:526 MS 0000: Rx L1CTL_NEIGH_PM_REQ (list with 1 entries): IGNORED
Fri Jun 26 14:51:56 2026 DL1C l1ctl_sap.c:578 MS 0000: Tx L1CTL_RESET_CONF (reset_type: 1)
Fri Jun 26 14:51:56 2026 DL1C virt_prim_fbsb.c:57 MS 0000: Rx L1CTL_FBSB_REQ (arfcn=51, flags=0x7)
Fri Jun 26 14:51:56 2026 DL1C virt_prim_fbsb.c:126 MS 0000: Tx L1CTL_FBSB_CONF (res: 0)
Fri Jun 26 14:51:56 2026 DL1C l1ctl_sap.c:411 MS 0000: Rx L1CTL_PARAM_REQ (ta=0, tx_power=14)
Fri Jun 26 14:51:56 2026 DL1C virt_prim_rach.c:81 MS 0000: Rx L1CTL_RACH_REQ (ra=0x04, offset=7 combined=1)
Fri Jun 26 14:51:56 2026 DL1C virt_prim_rach.c:124 MS 0000: Tx L1CTL_RACH_CONF (fn: 18075, arfcn: 51)
Fri Jun 26 14:51:56 2026 DL1C l1ctl_sap.c:411 MS 0000: Rx L1CTL_PARAM_REQ (ta=0, tx_power=14)
Fri Jun 26 14:51:56 2026 DL1C virt_prim_rach.c:81 MS 0000: Rx L1CTL_RACH_REQ (ra=0x03, offset=119 combined=1)
Fri Jun 26 14:51:57 2026 DL1C l1ctl_sap.c:578 MS 0000: Tx L1CTL_RESET_CONF (reset_type: 2)
Fri Jun 26 14:51:57 2026 DL1C l1ctl_sap.c:411 MS 0000: Rx L1CTL_PARAM_REQ (ta=0, tx_power=14)
Fri Jun 26 14:52:00 2026 DL1C l1ctl_sap.c:379 MS 0000: Rx L1CTL_DM_REL_REQ
Fri Jun 26 14:52:00 2026 DL1C l1ctl_sap.c:578 MS 0000: Tx L1CTL_RESET_CONF (reset_type: 1)
Fri Jun 26 14:52:00 2026 DL1C l1ctl_sap.c:578 MS 0000: Tx L1CTL_RESET_CONF (reset_type: 1)
Fri Jun 26 14:52:00 2026 DL1C virt_prim_fbsb.c:57 MS 0000: Rx L1CTL_FBSB_REQ (arfcn=51, flags=0x7)
Fri Jun 26 14:52:00 2026 DL1C virt_prim_fbsb.c:126 MS 0000: Tx L1CTL_FBSB_CONF (res: 0)
Fri Jun 26 14:52:00 2026 DL1C l1ctl_sap.c:411 MS 0000: Rx L1CTL_PARAM_REQ (ta=0, tx_power=14)
Fri Jun 26 14:52:00 2026 DL1C virt_prim_rach.c:81 MS 0000: Rx L1CTL_RACH_REQ (ra=0x09, offset=9 combined=1)
Fri Jun 26 14:52:00 2026 DL1C virt_prim_rach.c:124 MS 0000: Tx L1CTL_RACH_CONF (fn: 18893, arfcn: 51)
Fri Jun 26 14:52:00 2026 DL1C l1ctl_sap.c:411 MS 0000: Rx L1CTL_PARAM_REQ (ta=0, tx_power=14)
Fri Jun 26 14:52:00 2026 DL1C virt_prim_rach.c:81 MS 0000: Rx L1CTL_RACH_REQ (ra=0x0d, offset=126 combined=1)
Fri Jun 26 14:52:00 2026 DL1C l1ctl_sap.c:578 MS 0000: Tx L1CTL_RESET_CONF (reset_type: 2)
Fri Jun 26 14:52:00 2026 DL1C l1ctl_sap.c:411 MS 0000: Rx L1CTL_PARAM_REQ (ta=0, tx_power=14)
Fri Jun 26 14:52:21 2026 DL1C l1ctl_sap.c:379 MS 0000: Rx L1CTL_DM_REL_REQ
Fri Jun 26 14:52:21 2026 DL1C l1ctl_sap.c:578 MS 0000: Tx L1CTL_RESET_CONF (reset_type: 1)
Fri Jun 26 14:52:21 2026 DL1C l1ctl_sap.c:578 MS 0000: Tx L1CTL_RESET_CONF (reset_type: 1)
Fri Jun 26 14:52:21 2026 DL1C virt_prim_fbsb.c:57 MS 0000: Rx L1CTL_FBSB_REQ (arfcn=51, flags=0x7)
Fri Jun 26 14:52:21 2026 DL1C virt_prim_fbsb.c:126 MS 0000: Tx L1CTL_FBSB_CONF (res: 0)
Fri Jun 26 14:52:21 2026 DL1C l1ctl_sap.c:526 MS 0000: Rx L1CTL_NEIGH_PM_REQ (list with 1 entries): IGNORED
Fri Jun 26 14:52:36 2026 DL1C l1ctl_sap.c:578 MS 0000: Tx L1CTL_RESET_CONF (reset_type: 1)
Fri Jun 26 14:52:36 2026 DL1C virt_prim_fbsb.c:57 MS 0000: Rx L1CTL_FBSB_REQ (arfcn=51, flags=0x7)
Fri Jun 26 14:52:36 2026 DL1C virt_prim_fbsb.c:126 MS 0000: Tx L1CTL_FBSB_CONF (res: 0)
Fri Jun 26 14:52:36 2026 DL1C l1ctl_sap.c:411 MS 0000: Rx L1CTL_PARAM_REQ (ta=0, tx_power=14)
Fri Jun 26 14:52:36 2026 DL1C virt_prim_rach.c:81 MS 0000: Rx L1CTL_RACH_REQ (ra=0x00, offset=8 combined=1)
Fri Jun 26 14:52:36 2026 DL1C virt_prim_rach.c:124 MS 0000: Tx L1CTL_RACH_CONF (fn: 26693, arfcn: 51)
Fri Jun 26 14:52:36 2026 DL1C l1ctl_sap.c:411 MS 0000: Rx L1CTL_PARAM_REQ (ta=0, tx_power=14)
Fri Jun 26 14:52:36 2026 DL1C virt_prim_rach.c:81 MS 0000: Rx L1CTL_RACH_REQ (ra=0x0d, offset=120 combined=1)
Fri Jun 26 14:52:36 2026 DL1C l1ctl_sap.c:578 MS 0000: Tx L1CTL_RESET_CONF (reset_type: 2)
Fri Jun 26 14:52:36 2026 DL1C l1ctl_sap.c:411 MS 0000: Rx L1CTL_PARAM_REQ (ta=0, tx_power=14)
Fri Jun 26 14:52:47 2026 DL1C l1ctl_sap.c:379 MS 0000: Rx L1CTL_DM_REL_REQ
Fri Jun 26 14:52:47 2026 DL1C l1ctl_sap.c:578 MS 0000: Tx L1CTL_RESET_CONF (reset_type: 1)
Fri Jun 26 14:52:47 2026 DL1C l1ctl_sap.c:578 MS 0000: Tx L1CTL_RESET_CONF (reset_type: 1)
Fri Jun 26 14:52:47 2026 DL1C virt_prim_fbsb.c:57 MS 0000: Rx L1CTL_FBSB_REQ (arfcn=51, flags=0x7)
Fri Jun 26 14:52:47 2026 DL1C l1ctl_sap.c:578 MS 0000: Tx L1CTL_RESET_CONF (reset_type: 1)
Fri Jun 26 14:52:47 2026 DL1C l1ctl_sap.c:578 MS 0000: Tx L1CTL_RESET_CONF (reset_type: 1)
Fri Jun 26 14:52:47 2026 DL1C virt_prim_fbsb.c:57 MS 0000: Rx L1CTL_FBSB_REQ (arfcn=51, flags=0x7)
Fri Jun 26 14:52:48 2026 DL1C virt_prim_fbsb.c:126 MS 0000: Tx L1CTL_FBSB_CONF (res: 0)
Fri Jun 26 14:52:48 2026 DL1C l1ctl_sap.c:472 MS 0000: Rx L1CTL_CCCH_MODE_REQ (mode=2)
Fri Jun 26 14:52:48 2026 DL1C l1ctl_sap.c:600 MS 0000: Tx L1CTL_CCCH_MODE_CONF (mode: 2)
Fri Jun 26 14:52:49 2026 DL1C l1ctl_sap.c:578 MS 0000: Tx L1CTL_RESET_CONF (reset_type: 1)
Fri Jun 26 14:52:49 2026 DL1C virt_prim_fbsb.c:57 MS 0000: Rx L1CTL_FBSB_REQ (arfcn=51, flags=0x7)
Fri Jun 26 14:52:49 2026 DL1C virt_prim_fbsb.c:126 MS 0000: Tx L1CTL_FBSB_CONF (res: 0)
Fri Jun 26 14:52:49 2026 DL1C l1ctl_sap.c:472 MS 0000: Rx L1CTL_CCCH_MODE_REQ (mode=2)
Fri Jun 26 14:52:49 2026 DL1C l1ctl_sap.c:600 MS 0000: Tx L1CTL_CCCH_MODE_CONF (mode: 2)
Fri Jun 26 14:52:50 2026 DL1C l1ctl_sap.c:578 MS 0000: Tx L1CTL_RESET_CONF (reset_type: 1)
Fri Jun 26 14:52:51 2026 DL1C l1ctl_sap.c:578 MS 0000: Tx L1CTL_RESET_CONF (reset_type: 1)
Fri Jun 26 14:52:51 2026 DL1C virt_prim_fbsb.c:57 MS 0000: Rx L1CTL_FBSB_REQ (arfcn=51, flags=0x7)
Fri Jun 26 14:52:51 2026 DL1C virt_prim_fbsb.c:126 MS 0000: Tx L1CTL_FBSB_CONF (res: 0)
Fri Jun 26 14:52:51 2026 DL1C l1ctl_sap.c:472 MS 0000: Rx L1CTL_CCCH_MODE_REQ (mode=2)
Fri Jun 26 14:52:51 2026 DL1C l1ctl_sap.c:600 MS 0000: Tx L1CTL_CCCH_MODE_CONF (mode: 2)
Fri Jun 26 14:52:52 2026 DL1C l1ctl_sap.c:578 MS 0000: Tx L1CTL_RESET_CONF (reset_type: 1)
Fri Jun 26 14:52:52 2026 DL1C virt_prim_fbsb.c:57 MS 0000: Rx L1CTL_FBSB_REQ (arfcn=51, flags=0x7)
Fri Jun 26 14:52:52 2026 DL1C virt_prim_fbsb.c:126 MS 0000: Tx L1CTL_FBSB_CONF (res: 0)
Fri Jun 26 14:52:52 2026 DL1C l1ctl_sap.c:526 MS 0000: Rx L1CTL_NEIGH_PM_REQ (list with 1 entries): IGNORED
Fri Jun 26 14:53:13 2026 DL1C l1ctl_sap.c:578 MS 0000: Tx L1CTL_RESET_CONF (reset_type: 1)
Fri Jun 26 14:53:13 2026 DL1C l1ctl_sock.c:99 Failed to receive msg from l2. Connection will be closed.
Fri Jun 26 14:53:13 2026 DMAIN virt_l1_model.c:49 MS 0000: destroyed
Fri Jun 26 14:53:33 2026 DMAIN virt_l1_model.c:42 MS 0001: allocated
Fri Jun 26 14:53:33 2026 DL1C l1ctl_sock.c:138 Accepted client (fd=6) from server (fd=5)
Fri Jun 26 14:53:33 2026 DL1C l1ctl_sap.c:578 MS 0001: Tx L1CTL_RESET_CONF (reset_type: 1)
Fri Jun 26 14:53:33 2026 DL1C l1ctl_sap.c:578 MS 0001: Tx L1CTL_RESET_CONF (reset_type: 1)
Fri Jun 26 14:53:34 2026 DL1C l1ctl_sap.c:578 MS 0001: Tx L1CTL_RESET_CONF (reset_type: 1)
Fri Jun 26 14:53:34 2026 DL1C virt_prim_fbsb.c:57 MS 0001: Rx L1CTL_FBSB_REQ (arfcn=51, flags=0x7)
Fri Jun 26 14:53:34 2026 DL1C virt_prim_fbsb.c:126 MS 0001: Tx L1CTL_FBSB_CONF (res: 0)
Fri Jun 26 14:53:34 2026 DL1C l1ctl_sap.c:472 MS 0001: Rx L1CTL_CCCH_MODE_REQ (mode=2)
Fri Jun 26 14:53:34 2026 DL1C l1ctl_sap.c:600 MS 0001: Tx L1CTL_CCCH_MODE_CONF (mode: 2)
Fri Jun 26 14:53:36 2026 DL1C l1ctl_sap.c:578 MS 0001: Tx L1CTL_RESET_CONF (reset_type: 1)
Fri Jun 26 14:53:36 2026 DL1C l1ctl_sap.c:578 MS 0001: Tx L1CTL_RESET_CONF (reset_type: 1)
Fri Jun 26 14:53:36 2026 DL1C virt_prim_fbsb.c:57 MS 0001: Rx L1CTL_FBSB_REQ (arfcn=51, flags=0x7)
Fri Jun 26 14:53:36 2026 DL1C virt_prim_fbsb.c:126 MS 0001: Tx L1CTL_FBSB_CONF (res: 0)
Fri Jun 26 14:53:37 2026 DL1C l1ctl_sap.c:472 MS 0001: Rx L1CTL_CCCH_MODE_REQ (mode=2)
Fri Jun 26 14:53:37 2026 DL1C l1ctl_sap.c:600 MS 0001: Tx L1CTL_CCCH_MODE_CONF (mode: 2)
Fri Jun 26 14:53:37 2026 DL1C l1ctl_sap.c:578 MS 0001: Tx L1CTL_RESET_CONF (reset_type: 1)
Fri Jun 26 14:53:37 2026 DL1C virt_prim_fbsb.c:57 MS 0001: Rx L1CTL_FBSB_REQ (arfcn=51, flags=0x7)
Fri Jun 26 14:53:37 2026 DL1C virt_prim_fbsb.c:126 MS 0001: Tx L1CTL_FBSB_CONF (res: 0)
Fri Jun 26 14:53:38 2026 DL1C l1ctl_sap.c:411 MS 0001: Rx L1CTL_PARAM_REQ (ta=0, tx_power=14)
Fri Jun 26 14:53:38 2026 DL1C virt_prim_rach.c:81 MS 0001: Rx L1CTL_RACH_REQ (ra=0x01, offset=7 combined=1)
Fri Jun 26 14:53:38 2026 DL1C virt_prim_rach.c:124 MS 0001: Tx L1CTL_RACH_CONF (fn: 40005, arfcn: 51)
Fri Jun 26 14:53:38 2026 DL1C l1ctl_sap.c:411 MS 0001: Rx L1CTL_PARAM_REQ (ta=0, tx_power=14)
Fri Jun 26 14:53:38 2026 DL1C virt_prim_rach.c:81 MS 0001: Rx L1CTL_RACH_REQ (ra=0x07, offset=125 combined=1)
Fri Jun 26 14:53:38 2026 DL1C l1ctl_sap.c:578 MS 0001: Tx L1CTL_RESET_CONF (reset_type: 2)
Fri Jun 26 14:53:38 2026 DL1C l1ctl_sap.c:411 MS 0001: Rx L1CTL_PARAM_REQ (ta=0, tx_power=14)
Fri Jun 26 14:53:54 2026 DL1C l1ctl_sap.c:379 MS 0001: Rx L1CTL_DM_REL_REQ
Fri Jun 26 14:53:54 2026 DL1C l1ctl_sap.c:578 MS 0001: Tx L1CTL_RESET_CONF (reset_type: 1)
Fri Jun 26 14:53:54 2026 DL1C l1ctl_sap.c:578 MS 0001: Tx L1CTL_RESET_CONF (reset_type: 1)
Fri Jun 26 14:53:54 2026 DL1C virt_prim_fbsb.c:57 MS 0001: Rx L1CTL_FBSB_REQ (arfcn=51, flags=0x7)
Fri Jun 26 14:53:54 2026 DL1C virt_prim_fbsb.c:126 MS 0001: Tx L1CTL_FBSB_CONF (res: 0)
Fri Jun 26 14:53:54 2026 DL1C l1ctl_sap.c:411 MS 0001: Rx L1CTL_PARAM_REQ (ta=0, tx_power=14)
Fri Jun 26 14:53:54 2026 DL1C virt_prim_rach.c:81 MS 0001: Rx L1CTL_RACH_REQ (ra=0x00, offset=11 combined=1)
Fri Jun 26 14:53:54 2026 DL1C virt_prim_rach.c:124 MS 0001: Tx L1CTL_RACH_CONF (fn: 43528, arfcn: 51)
Fri Jun 26 14:53:54 2026 DL1C l1ctl_sap.c:411 MS 0001: Rx L1CTL_PARAM_REQ (ta=0, tx_power=14)
Fri Jun 26 14:53:54 2026 DL1C virt_prim_rach.c:81 MS 0001: Rx L1CTL_RACH_REQ (ra=0x02, offset=126 combined=1)
Fri Jun 26 14:53:54 2026 DL1C l1ctl_sap.c:578 MS 0001: Tx L1CTL_RESET_CONF (reset_type: 2)
Fri Jun 26 14:53:54 2026 DL1C l1ctl_sap.c:411 MS 0001: Rx L1CTL_PARAM_REQ (ta=0, tx_power=14)
