2026/Jun/17 06:53:37.474430 EXECUTOR - TTCN-3 Host Controller started on ttcn3-tc-26-7-2-1-1-pztzz. Version: 11.1.0.
2026/Jun/17 06:53:37.474613 EXECUTOR - TTCN Logger v2.2 options: TimeStampFormat:=DateTime; LogEntityName:=No; LogEventTypes:=Yes; SourceInfoFormat:=Single; LogSensitiveData:=No; *.FileMask:=LOG_ALL; *.ConsoleMask:=ERROR | TESTCASE | USER | VERDICTOP | WARNING; LogFileSize:=0; LogFileNumber:=1; DiskFullAction:=Error
2026/Jun/17 06:53:37.474624 EXECUTOR - Maximum number of open file descriptors: 1048576,   FD_SETSIZE = 1024
2026/Jun/17 06:53:37.474757 WARNING - Warning: The address of MC was set to a local IP address. This may cause incorrect behavior if a HC from a remote host also connects to MC.
2026/Jun/17 06:53:37.474798 EXECUTOR - The address of MC was set to 127.0.0.1:0.
2026/Jun/17 06:53:37.574323 EXECUTOR - Connected to MC.
2026/Jun/17 06:53:37.574453 EXECUTOR - This host supports UNIX domain sockets for local communication.
2026/Jun/17 06:53:37.574794 EXECUTOR - Processing configuration data received from MC.
2026/Jun/17 06:53:37.595272 WARNING - Warning: Skeleton `/results/TC_26_7_2_1-2026-06-17-065327/%n.log' does not guarantee unique log file name for every test system process. It may cause unpredictable results if several test components try to write into the same log file.
2026/Jun/17 06:53:37.674593 EXECUTOR - Module GSM_Constants has the following parameters: { TSPC_Serv_TS11 := true, TSPC_Serv_TS61 := false, TSPC_Serv_TS62 := false, TSPC_Serv_BS21 := false, TSPC_Serv_BS22 := false, TSPC_Serv_BS24 := false, TSPC_Serv_BS25 := false, TSPC_Serv_BS26 := false, TSPC_Serv_BS31 := false, TSPC_Serv_BS32 := false, TSPC_Serv_BS33 := false, TSPC_Serv_BS34 := false, TSPC_Serv_BS41 := false, TSPC_Serv_BS42 := false, TSPC_Serv_BS43 := false, TSPC_Serv_BS44 := false, TSPC_Serv_BS45 := false, TSPC_Serv_BS51 := false, TSPC_Serv_BS61 := false, TSPC_Serv_BS81 := false, TSPC_DualRate := false, TSPC_MTsvc := true, TSPX_IMSI := '901700000000001F'O, TSPX_TMSI := '1914D97F'O, TSPX_CKSNDef := 0, TSPX_RANDDef := '00112233445566778899AABBCCDDEEFF'O, TSPX_SRES := '12345678'O, TSPX_Kc := '0000000000000000'O, TSPX_SDCCH4SubDef := 0, TSPX_TmSltDef := 0, TSPX_TscDef := 7, TSPX_TCHHSubDef := 0, TCV_CC := true, TSPX_Telephony_Rate := C_Full (0), TSPX_MOBscSvcA := C_Telephony (0), TSPX_MOBscSvcB := C_Telephony (0), TSPX_MOBscSvcC := C_Telephony (0), TSPX_MOBscSvcD := C_Telephony (0), TSPX_MOBscSvcE := C_Telephony (0), TSPX_MOBscSvcF := C_Telephony (0), TSPX_MOBscSvcG := C_Telephony (0), TSPX_MOChRateA := C_Full (0), TSPX_MOChRateB := C_Full (0), TSPX_MOChRateC := C_Full (0), TSPX_MOChRateD := C_Full (0), TSPX_MOChRateE := C_Full (0), TSPX_MOChRateF := C_Full (0), TSPX_MOChRateG := C_Full (0), TSPX_MTBscSvcA := C_Telephony (0), TSPX_MTBscSvcB := C_Telephony (0), TSPX_MTBscSvcC := C_Telephony (0), TSPX_MTBscSvcD := C_Telephony (0), TSPX_MTBscSvcE := C_Telephony (0), TSPX_MTBscSvcF := C_Telephony (0), TSPX_MTBscSvcG := C_Telephony (0), TSPX_MTBscSvcH := C_Telephony (0), TSPX_MTBscSvcI := C_Telephony (0), TSPX_MTBscSvcJ := C_Telephony (0), TSPX_MTChRateA := C_Full (0), TSPX_MTChRateB := C_Full (0), TSPX_MTChRateC := C_Full (0), TSPX_MTChRateD := C_Full (0), TSPX_MTChRateE := C_Full (0), TSPX_MTChRateF := C_Full (0), TSPX_MTChRateG := C_Full (0), TSPX_MTChRateH := C_Full (0), TSPX_MTChRateI := C_Full (0), TSPX_MTChRateJ := C_Full (0), C_arfcnA := 100 }
2026/Jun/17 06:53:37.674697 EXECUTOR - Module TC_26_6_1_2 has the following parameters: { TSPX_nPara := 3, TSPX_i1Para := 3, TSPX_kPara := 5, TSPX_i2Para := 1, TSPX_rPara := 4, TSPX_i3Para := 4 }
2026/Jun/17 06:53:37.674741 EXECUTOR - Initializing module GSM_Component_Definitions.
2026/Jun/17 06:53:37.674751 EXECUTOR GSM_Component_Definitions.ttcn3:0 Initializing module GSM_Templates.
2026/Jun/17 06:53:37.674773 EXECUTOR GSM_Templates.ttcn3:0 Initializing module GSM_Constants.
2026/Jun/17 06:53:37.674779 EXECUTOR GSM_Constants.ttcn3:0 Initializing module GSM_Types.
2026/Jun/17 06:53:37.674782 EXECUTOR GSM_Constants.ttcn3:0 Initialization of module GSM_Types finished.
2026/Jun/17 06:53:37.674785 EXECUTOR GSM_Templates.ttcn3:0 Initialization of module GSM_Constants finished.
2026/Jun/17 06:53:37.695144 EXECUTOR GSM_Component_Definitions.ttcn3:0 Initialization of module GSM_Templates finished.
2026/Jun/17 06:53:37.695205 EXECUTOR - Initialization of module GSM_Component_Definitions finished.
2026/Jun/17 06:53:37.695209 EXECUTOR - Initializing module GSM_Functions.
2026/Jun/17 06:53:37.695246 EXECUTOR - Initialization of module GSM_Functions finished.
2026/Jun/17 06:53:37.695250 EXECUTOR - Initializing module PreGenRecordOf.
2026/Jun/17 06:53:37.695252 EXECUTOR - Initialization of module PreGenRecordOf finished.
2026/Jun/17 06:53:37.695255 EXECUTOR - Initializing module TC_26_2_1_3.
2026/Jun/17 06:53:37.695261 EXECUTOR - Initialization of module TC_26_2_1_3 finished.
2026/Jun/17 06:53:37.695263 EXECUTOR - Initializing module TC_26_2_2.
2026/Jun/17 06:53:37.695269 EXECUTOR - Initialization of module TC_26_2_2 finished.
2026/Jun/17 06:53:37.695271 EXECUTOR - Initializing module TC_26_2_3.
2026/Jun/17 06:53:37.695277 EXECUTOR - Initialization of module TC_26_2_3 finished.
2026/Jun/17 06:53:37.695279 EXECUTOR - Initializing module TC_26_6_11_1.
2026/Jun/17 06:53:37.695285 EXECUTOR - Initialization of module TC_26_6_11_1 finished.
2026/Jun/17 06:53:37.695287 EXECUTOR - Initializing module TC_26_6_11_2.
2026/Jun/17 06:53:37.695292 EXECUTOR - Initialization of module TC_26_6_11_2 finished.
2026/Jun/17 06:53:37.695295 EXECUTOR - Initializing module TC_26_6_12_1.
2026/Jun/17 06:53:37.695300 EXECUTOR - Initialization of module TC_26_6_12_1 finished.
2026/Jun/17 06:53:37.695302 EXECUTOR - Initializing module TC_26_6_12_2.
2026/Jun/17 06:53:37.695307 EXECUTOR - Initialization of module TC_26_6_12_2 finished.
2026/Jun/17 06:53:37.695309 EXECUTOR - Initializing module TC_26_6_12_3.
2026/Jun/17 06:53:37.695314 EXECUTOR - Initialization of module TC_26_6_12_3 finished.
2026/Jun/17 06:53:37.695317 EXECUTOR - Initializing module TC_26_6_12_4.
2026/Jun/17 06:53:37.695322 EXECUTOR - Initialization of module TC_26_6_12_4 finished.
2026/Jun/17 06:53:37.695325 EXECUTOR - Initializing module TC_26_6_13_10.
2026/Jun/17 06:53:37.695330 EXECUTOR - Initialization of module TC_26_6_13_10 finished.
2026/Jun/17 06:53:37.695333 EXECUTOR - Initializing module TC_26_6_13_9.
2026/Jun/17 06:53:37.695338 EXECUTOR - Initialization of module TC_26_6_13_9 finished.
2026/Jun/17 06:53:37.695340 EXECUTOR - Initializing module TC_26_6_1_1.
2026/Jun/17 06:53:37.695345 EXECUTOR - Initialization of module TC_26_6_1_1 finished.
2026/Jun/17 06:53:37.695348 EXECUTOR - Initializing module TC_26_6_1_2.
2026/Jun/17 06:53:37.695354 EXECUTOR - Initialization of module TC_26_6_1_2 finished.
2026/Jun/17 06:53:37.695356 EXECUTOR - Initializing module TC_26_6_1_3.
2026/Jun/17 06:53:37.695362 EXECUTOR - Initialization of module TC_26_6_1_3 finished.
2026/Jun/17 06:53:37.695364 EXECUTOR - Initializing module TC_26_6_1_4.
2026/Jun/17 06:53:37.695369 EXECUTOR - Initialization of module TC_26_6_1_4 finished.
2026/Jun/17 06:53:37.695372 EXECUTOR - Initializing module TC_26_6_1_5.
2026/Jun/17 06:53:37.695378 EXECUTOR - Initialization of module TC_26_6_1_5 finished.
2026/Jun/17 06:53:37.695380 EXECUTOR - Initializing module TC_26_6_2_1_1.
2026/Jun/17 06:53:37.695385 EXECUTOR - Initialization of module TC_26_6_2_1_1 finished.
2026/Jun/17 06:53:37.695387 EXECUTOR - Initializing module TC_26_6_2_1_2.
2026/Jun/17 06:53:37.695392 EXECUTOR - Initialization of module TC_26_6_2_1_2 finished.
2026/Jun/17 06:53:37.695395 EXECUTOR - Initializing module TC_26_6_2_1_3.
2026/Jun/17 06:53:37.695400 EXECUTOR - Initialization of module TC_26_6_2_1_3 finished.
2026/Jun/17 06:53:37.695403 EXECUTOR - Initializing module TC_26_6_2_2.
2026/Jun/17 06:53:37.695408 EXECUTOR - Initialization of module TC_26_6_2_2 finished.
2026/Jun/17 06:53:37.695411 EXECUTOR - Initializing module TC_26_6_2_3_1.
2026/Jun/17 06:53:37.695416 EXECUTOR - Initialization of module TC_26_6_2_3_1 finished.
2026/Jun/17 06:53:37.695418 EXECUTOR - Initializing module TC_26_6_2_3_2.
2026/Jun/17 06:53:37.695423 EXECUTOR - Initialization of module TC_26_6_2_3_2 finished.
2026/Jun/17 06:53:37.695436 EXECUTOR - Initializing module TC_26_6_2_4.
2026/Jun/17 06:53:37.695442 EXECUTOR - Initialization of module TC_26_6_2_4 finished.
2026/Jun/17 06:53:37.695444 EXECUTOR - Initializing module TC_26_6_3_1.
2026/Jun/17 06:53:37.695449 EXECUTOR - Initialization of module TC_26_6_3_1 finished.
2026/Jun/17 06:53:37.695452 EXECUTOR - Initializing module TC_26_6_3_4.
2026/Jun/17 06:53:37.695458 EXECUTOR - Initialization of module TC_26_6_3_4 finished.
2026/Jun/17 06:53:37.695460 EXECUTOR - Initializing module TC_26_6_4_1.
2026/Jun/17 06:53:37.695466 EXECUTOR - Initialization of module TC_26_6_4_1 finished.
2026/Jun/17 06:53:37.695468 EXECUTOR - Initializing module TC_26_6_4_2_2.
2026/Jun/17 06:53:37.695473 EXECUTOR - Initialization of module TC_26_6_4_2_2 finished.
2026/Jun/17 06:53:37.695475 EXECUTOR - Initializing module TC_26_6_5_1.
2026/Jun/17 06:53:37.695480 EXECUTOR - Initialization of module TC_26_6_5_1 finished.
2026/Jun/17 06:53:37.695483 EXECUTOR - Initializing module TC_26_6_5_2_1.
2026/Jun/17 06:53:37.695487 EXECUTOR - Initialization of module TC_26_6_5_2_1 finished.
2026/Jun/17 06:53:37.695490 EXECUTOR - Initializing module TC_26_6_8_1.
2026/Jun/17 06:53:37.695495 EXECUTOR - Initialization of module TC_26_6_8_1 finished.
2026/Jun/17 06:53:37.695497 EXECUTOR - Initializing module TC_26_6_8_2.
2026/Jun/17 06:53:37.695502 EXECUTOR - Initialization of module TC_26_6_8_2 finished.
2026/Jun/17 06:53:37.695504 EXECUTOR - Initializing module TC_26_6_8_3.
2026/Jun/17 06:53:37.695509 EXECUTOR - Initialization of module TC_26_6_8_3 finished.
2026/Jun/17 06:53:37.695512 EXECUTOR - Initializing module TC_26_6_8_4.
2026/Jun/17 06:53:37.695517 EXECUTOR - Initialization of module TC_26_6_8_4 finished.
2026/Jun/17 06:53:37.695519 EXECUTOR - Initializing module TC_26_6_8_5.
2026/Jun/17 06:53:37.695525 EXECUTOR - Initialization of module TC_26_6_8_5 finished.
2026/Jun/17 06:53:37.695527 EXECUTOR - Initializing module TC_26_7_1.
2026/Jun/17 06:53:37.695532 EXECUTOR - Initialization of module TC_26_7_1 finished.
2026/Jun/17 06:53:37.695535 EXECUTOR - Initializing module TC_26_7_2_1.
2026/Jun/17 06:53:37.695539 EXECUTOR - Initialization of module TC_26_7_2_1 finished.
2026/Jun/17 06:53:37.695541 EXECUTOR - Initializing module TC_26_7_2_2.
2026/Jun/17 06:53:37.695546 EXECUTOR - Initialization of module TC_26_7_2_2 finished.
2026/Jun/17 06:53:37.695548 EXECUTOR - Initializing module TC_26_7_3_1.
2026/Jun/17 06:53:37.695553 EXECUTOR - Initialization of module TC_26_7_3_1 finished.
2026/Jun/17 06:53:37.695556 EXECUTOR - Initializing module TC_26_7_3_2.
2026/Jun/17 06:53:37.695560 EXECUTOR - Initialization of module TC_26_7_3_2 finished.
2026/Jun/17 06:53:37.695563 EXECUTOR - Initializing module TC_26_7_4_1.
2026/Jun/17 06:53:37.695568 EXECUTOR - Initialization of module TC_26_7_4_1 finished.
2026/Jun/17 06:53:37.695570 EXECUTOR - Initializing module TC_26_7_4_2_1.
2026/Jun/17 06:53:37.695575 EXECUTOR - Initialization of module TC_26_7_4_2_1 finished.
2026/Jun/17 06:53:37.695577 EXECUTOR - Initializing module TC_26_7_4_2_2_1.
2026/Jun/17 06:53:37.695583 EXECUTOR - Initialization of module TC_26_7_4_2_2_1 finished.
2026/Jun/17 06:53:37.695585 EXECUTOR - Initializing module TC_26_7_4_2_2_2.
2026/Jun/17 06:53:37.695589 EXECUTOR - Initialization of module TC_26_7_4_2_2_2 finished.
2026/Jun/17 06:53:37.695592 EXECUTOR - Initializing module TC_26_7_4_2_3.
2026/Jun/17 06:53:37.695596 EXECUTOR - Initialization of module TC_26_7_4_2_3 finished.
2026/Jun/17 06:53:37.695599 EXECUTOR - Initializing module TC_26_7_4_2_4_1.
2026/Jun/17 06:53:37.695604 EXECUTOR - Initialization of module TC_26_7_4_2_4_1 finished.
2026/Jun/17 06:53:37.695606 EXECUTOR - Initializing module TC_26_7_4_2_4_2.
2026/Jun/17 06:53:37.695611 EXECUTOR - Initialization of module TC_26_7_4_2_4_2 finished.
2026/Jun/17 06:53:37.695613 EXECUTOR - Initializing module TC_26_7_4_2_4_3.
2026/Jun/17 06:53:37.695618 EXECUTOR - Initialization of module TC_26_7_4_2_4_3 finished.
2026/Jun/17 06:53:37.695621 EXECUTOR - Initializing module TC_26_7_4_2_4_4.
2026/Jun/17 06:53:37.695628 EXECUTOR - Initialization of module TC_26_7_4_2_4_4 finished.
2026/Jun/17 06:53:37.695631 EXECUTOR - Initializing module TC_26_7_4_2_4_5.
2026/Jun/17 06:53:37.695636 EXECUTOR - Initialization of module TC_26_7_4_2_4_5 finished.
2026/Jun/17 06:53:37.695638 EXECUTOR - Initializing module TC_26_7_4_3_1.
2026/Jun/17 06:53:37.695643 EXECUTOR - Initialization of module TC_26_7_4_3_1 finished.
2026/Jun/17 06:53:37.695646 EXECUTOR - Initializing module TC_26_7_4_3_2.
2026/Jun/17 06:53:37.695651 EXECUTOR - Initialization of module TC_26_7_4_3_2 finished.
2026/Jun/17 06:53:37.695653 EXECUTOR - Initializing module TC_26_7_4_3_3.
2026/Jun/17 06:53:37.695658 EXECUTOR - Initialization of module TC_26_7_4_3_3 finished.
2026/Jun/17 06:53:37.695661 EXECUTOR - Initializing module TC_26_7_4_3_4.
2026/Jun/17 06:53:37.695666 EXECUTOR - Initialization of module TC_26_7_4_3_4 finished.
2026/Jun/17 06:53:37.695669 EXECUTOR - Initializing module TC_26_7_4_4.
2026/Jun/17 06:53:37.695674 EXECUTOR - Initialization of module TC_26_7_4_4 finished.
2026/Jun/17 06:53:37.695676 EXECUTOR - Initializing module TC_26_7_4_5_1.
2026/Jun/17 06:53:37.695681 EXECUTOR - Initialization of module TC_26_7_4_5_1 finished.
2026/Jun/17 06:53:37.695683 EXECUTOR - Initializing module TC_26_7_4_5_2.
2026/Jun/17 06:53:37.695688 EXECUTOR - Initialization of module TC_26_7_4_5_2 finished.
2026/Jun/17 06:53:37.695690 EXECUTOR - Initializing module TC_26_7_4_5_3.
2026/Jun/17 06:53:37.695695 EXECUTOR - Initialization of module TC_26_7_4_5_3 finished.
2026/Jun/17 06:53:37.695698 EXECUTOR - Initializing module TC_26_7_4_5_4_2.
2026/Jun/17 06:53:37.695702 EXECUTOR - Initialization of module TC_26_7_4_5_4_2 finished.
2026/Jun/17 06:53:37.695705 EXECUTOR - Initializing module TC_26_7_5_2.
2026/Jun/17 06:53:37.695711 EXECUTOR - Initialization of module TC_26_7_5_2 finished.
2026/Jun/17 06:53:37.695713 EXECUTOR - Initializing module TC_26_7_5_3.
2026/Jun/17 06:53:37.695718 EXECUTOR - Initialization of module TC_26_7_5_3 finished.
2026/Jun/17 06:53:37.695720 EXECUTOR - Initializing module TC_26_7_5_4.
2026/Jun/17 06:53:37.695726 EXECUTOR - Initialization of module TC_26_7_5_4 finished.
2026/Jun/17 06:53:37.695728 EXECUTOR - Initializing module TC_26_7_5_5.
2026/Jun/17 06:53:37.695734 EXECUTOR - Initialization of module TC_26_7_5_5 finished.
2026/Jun/17 06:53:37.695736 EXECUTOR - Initializing module TC_26_7_5_6.
2026/Jun/17 06:53:37.695741 EXECUTOR - Initialization of module TC_26_7_5_6 finished.
2026/Jun/17 06:53:37.695743 EXECUTOR - Initializing module TC_26_7_5_7_1.
2026/Jun/17 06:53:37.695748 EXECUTOR - Initialization of module TC_26_7_5_7_1 finished.
2026/Jun/17 06:53:37.695750 EXECUTOR - Initializing module TC_26_7_5_8_1.
2026/Jun/17 06:53:37.695756 EXECUTOR - Initialization of module TC_26_7_5_8_1 finished.
2026/Jun/17 06:53:37.695758 EXECUTOR - Initializing module TC_26_7_5_8_2.
2026/Jun/17 06:53:37.695764 EXECUTOR - Initialization of module TC_26_7_5_8_2 finished.
2026/Jun/17 06:53:37.695766 EXECUTOR - Initializing module TC_26_7_5_8_3.
2026/Jun/17 06:53:37.695771 EXECUTOR - Initialization of module TC_26_7_5_8_3 finished.
2026/Jun/17 06:53:37.695773 EXECUTOR - Initializing module TC_26_8_1_2_1_1.
2026/Jun/17 06:53:37.695778 EXECUTOR - Initialization of module TC_26_8_1_2_1_1 finished.
2026/Jun/17 06:53:37.695781 EXECUTOR - Initializing module TC_26_8_1_2_2_1.
2026/Jun/17 06:53:37.695786 EXECUTOR - Initialization of module TC_26_8_1_2_2_1 finished.
2026/Jun/17 06:53:37.695788 EXECUTOR - Initializing module TC_26_8_1_2_2_2.
2026/Jun/17 06:53:37.695794 EXECUTOR - Initialization of module TC_26_8_1_2_2_2 finished.
2026/Jun/17 06:53:37.695796 EXECUTOR - Initializing module TC_26_8_1_2_2_3.
2026/Jun/17 06:53:37.695801 EXECUTOR - Initialization of module TC_26_8_1_2_2_3 finished.
2026/Jun/17 06:53:37.695803 EXECUTOR - Initializing module TC_26_8_1_2_3_1.
2026/Jun/17 06:53:37.695808 EXECUTOR - Initialization of module TC_26_8_1_2_3_1 finished.
2026/Jun/17 06:53:37.695811 EXECUTOR - Initializing module TC_26_8_1_2_3_2.
2026/Jun/17 06:53:37.695815 EXECUTOR - Initialization of module TC_26_8_1_2_3_2 finished.
2026/Jun/17 06:53:37.795061 EXECUTOR - Initializing module TC_26_8_1_2_3_3.
2026/Jun/17 06:53:37.795146 EXECUTOR - Initialization of module TC_26_8_1_2_3_3 finished.
2026/Jun/17 06:53:37.795150 EXECUTOR - Initializing module TC_26_8_1_2_3_4.
2026/Jun/17 06:53:37.795157 EXECUTOR - Initialization of module TC_26_8_1_2_3_4 finished.
2026/Jun/17 06:53:37.795159 EXECUTOR - Initializing module TC_26_8_1_2_3_5.
2026/Jun/17 06:53:37.795165 EXECUTOR - Initialization of module TC_26_8_1_2_3_5 finished.
2026/Jun/17 06:53:37.795168 EXECUTOR - Initializing module TC_26_8_1_2_3_6.
2026/Jun/17 06:53:37.795173 EXECUTOR - Initialization of module TC_26_8_1_2_3_6 finished.
2026/Jun/17 06:53:37.795176 EXECUTOR - Initializing module TC_26_8_1_2_3_7.
2026/Jun/17 06:53:37.795181 EXECUTOR - Initialization of module TC_26_8_1_2_3_7 finished.
2026/Jun/17 06:53:37.795183 EXECUTOR - Initializing module TC_26_8_1_2_4_1.
2026/Jun/17 06:53:37.795189 EXECUTOR - Initialization of module TC_26_8_1_2_4_1 finished.
2026/Jun/17 06:53:37.795192 EXECUTOR - Initializing module TC_26_8_1_2_4_13.
2026/Jun/17 06:53:37.795197 EXECUTOR - Initialization of module TC_26_8_1_2_4_13 finished.
2026/Jun/17 06:53:37.795199 EXECUTOR - Initializing module TC_26_8_1_2_4_2.
2026/Jun/17 06:53:37.795205 EXECUTOR - Initialization of module TC_26_8_1_2_4_2 finished.
2026/Jun/17 06:53:37.795208 EXECUTOR - Initializing module TC_26_8_1_2_4_3.
2026/Jun/17 06:53:37.795213 EXECUTOR - Initialization of module TC_26_8_1_2_4_3 finished.
2026/Jun/17 06:53:37.795216 EXECUTOR - Initializing module TC_26_8_1_2_4_4.
2026/Jun/17 06:53:37.795221 EXECUTOR - Initialization of module TC_26_8_1_2_4_4 finished.
2026/Jun/17 06:53:37.795223 EXECUTOR - Initializing module TC_26_8_1_2_4_5.
2026/Jun/17 06:53:37.795229 EXECUTOR - Initialization of module TC_26_8_1_2_4_5 finished.
2026/Jun/17 06:53:37.795231 EXECUTOR - Initializing module TC_26_8_1_2_6_1.
2026/Jun/17 06:53:37.795237 EXECUTOR - Initialization of module TC_26_8_1_2_6_1 finished.
2026/Jun/17 06:53:37.795239 EXECUTOR - Initializing module TC_26_8_1_2_6_2.
2026/Jun/17 06:53:37.795245 EXECUTOR - Initialization of module TC_26_8_1_2_6_2 finished.
2026/Jun/17 06:53:37.795247 EXECUTOR - Initializing module TC_26_8_1_2_6_3.
2026/Jun/17 06:53:37.795253 EXECUTOR - Initialization of module TC_26_8_1_2_6_3 finished.
2026/Jun/17 06:53:37.795255 EXECUTOR - Initializing module TC_26_8_1_2_6_6.
2026/Jun/17 06:53:37.795261 EXECUTOR - Initialization of module TC_26_8_1_2_6_6 finished.
2026/Jun/17 06:53:37.795264 EXECUTOR - Initializing module TC_26_8_1_3_1_1.
2026/Jun/17 06:53:37.795269 EXECUTOR - Initialization of module TC_26_8_1_3_1_1 finished.
2026/Jun/17 06:53:37.795271 EXECUTOR - Initializing module TC_26_8_1_3_2_1.
2026/Jun/17 06:53:37.795276 EXECUTOR - Initialization of module TC_26_8_1_3_2_1 finished.
2026/Jun/17 06:53:37.795278 EXECUTOR - Initializing module TC_26_8_1_3_3_1.
2026/Jun/17 06:53:37.795284 EXECUTOR - Initialization of module TC_26_8_1_3_3_1 finished.
2026/Jun/17 06:53:37.795286 EXECUTOR - Initializing module TC_26_8_1_3_3_2.
2026/Jun/17 06:53:37.795292 EXECUTOR - Initialization of module TC_26_8_1_3_3_2 finished.
2026/Jun/17 06:53:37.795294 EXECUTOR - Initializing module TC_26_8_1_3_3_3.
2026/Jun/17 06:53:37.795299 EXECUTOR - Initialization of module TC_26_8_1_3_3_3 finished.
2026/Jun/17 06:53:37.795301 EXECUTOR - Initializing module TC_26_8_1_3_3_4.
2026/Jun/17 06:53:37.795306 EXECUTOR - Initialization of module TC_26_8_1_3_3_4 finished.
2026/Jun/17 06:53:37.795309 EXECUTOR - Initializing module TC_26_8_1_3_3_5.
2026/Jun/17 06:53:37.795314 EXECUTOR - Initialization of module TC_26_8_1_3_3_5 finished.
2026/Jun/17 06:53:37.795317 EXECUTOR - Initializing module TC_26_8_1_3_3_6.
2026/Jun/17 06:53:37.795322 EXECUTOR - Initialization of module TC_26_8_1_3_3_6 finished.
2026/Jun/17 06:53:37.795324 EXECUTOR - Initializing module TC_26_8_1_3_3_7.
2026/Jun/17 06:53:37.795330 EXECUTOR - Initialization of module TC_26_8_1_3_3_7 finished.
2026/Jun/17 06:53:37.795332 EXECUTOR - Initializing module TC_26_8_1_3_4_1.
2026/Jun/17 06:53:37.795349 EXECUTOR - Initialization of module TC_26_8_1_3_4_1 finished.
2026/Jun/17 06:53:37.795352 EXECUTOR - Initializing module TC_26_8_1_3_4_2.
2026/Jun/17 06:53:37.795357 EXECUTOR - Initialization of module TC_26_8_1_3_4_2 finished.
2026/Jun/17 06:53:37.795359 EXECUTOR - Initializing module TC_26_8_1_3_4_3.
2026/Jun/17 06:53:37.795365 EXECUTOR - Initialization of module TC_26_8_1_3_4_3 finished.
2026/Jun/17 06:53:37.795367 EXECUTOR - Initializing module TC_26_8_1_3_4_4.
2026/Jun/17 06:53:37.795372 EXECUTOR - Initialization of module TC_26_8_1_3_4_4 finished.
2026/Jun/17 06:53:37.795375 EXECUTOR - Initializing module TC_26_8_1_3_4_5.
2026/Jun/17 06:53:37.795380 EXECUTOR - Initialization of module TC_26_8_1_3_4_5 finished.
2026/Jun/17 06:53:37.795382 EXECUTOR - Initializing module TC_26_8_1_3_4_6.
2026/Jun/17 06:53:37.795388 EXECUTOR - Initialization of module TC_26_8_1_3_4_6 finished.
2026/Jun/17 06:53:37.795390 EXECUTOR - Initializing module TC_26_8_1_3_4_7.
2026/Jun/17 06:53:37.795395 EXECUTOR - Initialization of module TC_26_8_1_3_4_7 finished.
2026/Jun/17 06:53:37.795398 EXECUTOR - Initializing module TC_26_8_1_3_4_8.
2026/Jun/17 06:53:37.795403 EXECUTOR - Initialization of module TC_26_8_1_3_4_8 finished.
2026/Jun/17 06:53:37.795405 EXECUTOR - Initializing module TC_26_8_1_3_5_1.
2026/Jun/17 06:53:37.795410 EXECUTOR - Initialization of module TC_26_8_1_3_5_1 finished.
2026/Jun/17 06:53:37.795413 EXECUTOR - Initializing module TC_26_8_1_3_5_2.
2026/Jun/17 06:53:37.795418 EXECUTOR - Initialization of module TC_26_8_1_3_5_2 finished.
2026/Jun/17 06:53:37.795420 EXECUTOR - Initializing module TC_26_8_1_3_5_3.
2026/Jun/17 06:53:37.795426 EXECUTOR - Initialization of module TC_26_8_1_3_5_3 finished.
2026/Jun/17 06:53:37.795428 EXECUTOR - Initializing module TC_26_8_1_3_5_4.
2026/Jun/17 06:53:37.795434 EXECUTOR - Initialization of module TC_26_8_1_3_5_4 finished.
2026/Jun/17 06:53:37.795437 EXECUTOR - Initializing module TC_26_8_1_3_5_5.
2026/Jun/17 06:53:37.795442 EXECUTOR - Initialization of module TC_26_8_1_3_5_5 finished.
2026/Jun/17 06:53:37.795444 EXECUTOR - Initializing module TC_26_8_1_3_5_6.
2026/Jun/17 06:53:37.795450 EXECUTOR - Initialization of module TC_26_8_1_3_5_6 finished.
2026/Jun/17 06:53:37.795452 EXECUTOR - Initializing module TC_26_8_1_3_5_7.
2026/Jun/17 06:53:37.795458 EXECUTOR - Initialization of module TC_26_8_1_3_5_7 finished.
2026/Jun/17 06:53:37.795461 EXECUTOR - Initializing module TC_26_8_1_3_5_8.
2026/Jun/17 06:53:37.795466 EXECUTOR - Initialization of module TC_26_8_1_3_5_8 finished.
2026/Jun/17 06:53:37.795468 EXECUTOR - Initializing module TC_26_8_1_3_5_9.
2026/Jun/17 06:53:37.795474 EXECUTOR - Initialization of module TC_26_8_1_3_5_9 finished.
2026/Jun/17 06:53:37.795476 EXECUTOR - Initializing module TC_26_8_2_1.
2026/Jun/17 06:53:37.795481 EXECUTOR - Initialization of module TC_26_8_2_1 finished.
2026/Jun/17 06:53:37.795484 EXECUTOR - Initializing module TC_26_8_2_2.
2026/Jun/17 06:53:37.795489 EXECUTOR - Initialization of module TC_26_8_2_2 finished.
2026/Jun/17 06:53:37.795492 EXECUTOR - Initializing module TC_26_8_2_3.
2026/Jun/17 06:53:37.795497 EXECUTOR - Initialization of module TC_26_8_2_3 finished.
2026/Jun/17 06:53:37.795499 EXECUTOR - Initializing module TC_26_8_3.
2026/Jun/17 06:53:37.795505 EXECUTOR - Initialization of module TC_26_8_3 finished.
2026/Jun/17 06:53:37.795507 EXECUTOR - Initializing module TC_34_2_2.
2026/Jun/17 06:53:37.795512 EXECUTOR - Initialization of module TC_34_2_2 finished.
2026/Jun/17 06:53:37.795514 EXECUTOR - Initializing module TitanLoggerApi.
2026/Jun/17 06:53:37.795516 EXECUTOR - Initialization of module TitanLoggerApi finished.
2026/Jun/17 06:53:37.795519 EXECUTOR - Initializing module TitanLoggerControl.
2026/Jun/17 06:53:37.795521 EXECUTOR - Initialization of module TitanLoggerControl finished.
2026/Jun/17 06:53:37.795545 EXECUTOR - Configuration data was processed successfully.
2026/Jun/17 06:53:37.974227 EXECUTOR - MTC was created. Process id: 39.
2026/Jun/17 06:54:38.995070 EXECUTOR - Exit was requested from MC. Terminating HC.
2026/Jun/17 06:54:38.995195 EXECUTOR - Disconnected from MC.
2026/Jun/17 06:54:38.995215 EXECUTOR - TTCN-3 Host Controller finished.
