2026/Jun/23 09:41:56.902271 EXECUTOR - TTCN-3 Host Controller started on ttcn3-tc-26-8-1-3-3-1-1-lw9zp. Version: 11.1.0.
2026/Jun/23 09:41:56.902484 EXECUTOR - TTCN Logger v2.2 options: TimeStampFormat:=DateTime; LogEntityName:=No; LogEventTypes:=Yes; SourceInfoFormat:=Single; LogSensitiveData:=No; *.FileMask:=LOG_ALL; *.ConsoleMask:=ERROR | TESTCASE | USER | VERDICTOP | WARNING; LogFileSize:=0; LogFileNumber:=1; DiskFullAction:=Error
2026/Jun/23 09:41:56.902498 EXECUTOR - Maximum number of open file descriptors: 1048576,   FD_SETSIZE = 1024
2026/Jun/23 09:41:56.902655 WARNING - Warning: The address of MC was set to a local IP address. This may cause incorrect behavior if a HC from a remote host also connects to MC.
2026/Jun/23 09:41:56.902695 EXECUTOR - The address of MC was set to 127.0.0.1:0.
2026/Jun/23 09:41:56.902852 EXECUTOR - Connected to MC.
2026/Jun/23 09:41:56.902992 EXECUTOR - This host supports UNIX domain sockets for local communication.
2026/Jun/23 09:41:56.903258 EXECUTOR - Processing configuration data received from MC.
2026/Jun/23 09:41:56.903549 WARNING - Warning: Skeleton `/results/TC_26_8_1_3_3_1-2026-06-23-094144/%n.log' does not guarantee unique log file name for every test system process. It may cause unpredictable results if several test components try to write into the same log file.
2026/Jun/23 09:41:56.903963 EXECUTOR - Module GSM_Constants has the following parameters: { TSPC_Serv_TS11 := true, TSPC_Serv_TS61 := false, TSPC_Serv_TS62 := false, TSPC_Serv_BS21 := false, TSPC_Serv_BS22 := false, TSPC_Serv_BS24 := false, TSPC_Serv_BS25 := false, TSPC_Serv_BS26 := false, TSPC_Serv_BS31 := false, TSPC_Serv_BS32 := false, TSPC_Serv_BS33 := false, TSPC_Serv_BS34 := false, TSPC_Serv_BS41 := false, TSPC_Serv_BS42 := false, TSPC_Serv_BS43 := false, TSPC_Serv_BS44 := false, TSPC_Serv_BS45 := false, TSPC_Serv_BS51 := false, TSPC_Serv_BS61 := false, TSPC_Serv_BS81 := false, TSPC_DualRate := false, TSPC_MTsvc := true, TSPX_IMSI := '901700000000001F'O, TSPX_TMSI := '1914D97F'O, TSPX_CKSNDef := 0, TSPX_RANDDef := '00112233445566778899AABBCCDDEEFF'O, TSPX_SRES := '12345678'O, TSPX_Kc := '0000000000000000'O, TSPX_SDCCH4SubDef := 0, TSPX_TmSltDef := 0, TSPX_TscDef := 7, TSPX_TCHHSubDef := 0, TCV_CC := true, TSPX_Telephony_Rate := C_Full (0), TSPX_MOBscSvcA := C_Telephony (0), TSPX_MOBscSvcB := C_Telephony (0), TSPX_MOBscSvcC := C_Telephony (0), TSPX_MOBscSvcD := C_Telephony (0), TSPX_MOBscSvcE := C_Telephony (0), TSPX_MOBscSvcF := C_Telephony (0), TSPX_MOBscSvcG := C_Telephony (0), TSPX_MOChRateA := C_Full (0), TSPX_MOChRateB := C_Full (0), TSPX_MOChRateC := C_Full (0), TSPX_MOChRateD := C_Full (0), TSPX_MOChRateE := C_Full (0), TSPX_MOChRateF := C_Full (0), TSPX_MOChRateG := C_Full (0), TSPX_MTBscSvcA := C_Telephony (0), TSPX_MTBscSvcB := C_Telephony (0), TSPX_MTBscSvcC := C_Telephony (0), TSPX_MTBscSvcD := C_Telephony (0), TSPX_MTBscSvcE := C_Telephony (0), TSPX_MTBscSvcF := C_Telephony (0), TSPX_MTBscSvcG := C_Telephony (0), TSPX_MTBscSvcH := C_Telephony (0), TSPX_MTBscSvcI := C_Telephony (0), TSPX_MTBscSvcJ := C_Telephony (0), TSPX_MTChRateA := C_Full (0), TSPX_MTChRateB := C_Full (0), TSPX_MTChRateC := C_Full (0), TSPX_MTChRateD := C_Full (0), TSPX_MTChRateE := C_Full (0), TSPX_MTChRateF := C_Full (0), TSPX_MTChRateG := C_Full (0), TSPX_MTChRateH := C_Full (0), TSPX_MTChRateI := C_Full (0), TSPX_MTChRateJ := C_Full (0), C_arfcnA := 100 }
2026/Jun/23 09:41:56.904076 EXECUTOR - Module TC_26_6_1_2 has the following parameters: { TSPX_nPara := 3, TSPX_i1Para := 3, TSPX_kPara := 5, TSPX_i2Para := 1, TSPX_rPara := 4, TSPX_i3Para := 4 }
2026/Jun/23 09:41:56.904124 EXECUTOR - Initializing module GSM_Component_Definitions.
2026/Jun/23 09:41:56.904135 EXECUTOR GSM_Component_Definitions.ttcn3:0 Initializing module GSM_Templates.
2026/Jun/23 09:41:56.904158 EXECUTOR GSM_Templates.ttcn3:0 Initializing module GSM_Constants.
2026/Jun/23 09:41:56.904165 EXECUTOR GSM_Constants.ttcn3:0 Initializing module GSM_Types.
2026/Jun/23 09:41:56.904168 EXECUTOR GSM_Constants.ttcn3:0 Initialization of module GSM_Types finished.
2026/Jun/23 09:41:56.904171 EXECUTOR GSM_Templates.ttcn3:0 Initialization of module GSM_Constants finished.
2026/Jun/23 09:41:56.904266 EXECUTOR GSM_Component_Definitions.ttcn3:0 Initialization of module GSM_Templates finished.
2026/Jun/23 09:41:56.904271 EXECUTOR - Initialization of module GSM_Component_Definitions finished.
2026/Jun/23 09:41:56.904274 EXECUTOR - Initializing module GSM_Functions.
2026/Jun/23 09:41:56.904304 EXECUTOR - Initialization of module GSM_Functions finished.
2026/Jun/23 09:41:56.904307 EXECUTOR - Initializing module PreGenRecordOf.
2026/Jun/23 09:41:56.904309 EXECUTOR - Initialization of module PreGenRecordOf finished.
2026/Jun/23 09:41:56.904312 EXECUTOR - Initializing module TC_26_2_1_3.
2026/Jun/23 09:41:56.904318 EXECUTOR - Initialization of module TC_26_2_1_3 finished.
2026/Jun/23 09:41:56.904320 EXECUTOR - Initializing module TC_26_2_2.
2026/Jun/23 09:41:56.904326 EXECUTOR - Initialization of module TC_26_2_2 finished.
2026/Jun/23 09:41:56.904328 EXECUTOR - Initializing module TC_26_2_3.
2026/Jun/23 09:41:56.904334 EXECUTOR - Initialization of module TC_26_2_3 finished.
2026/Jun/23 09:41:56.904336 EXECUTOR - Initializing module TC_26_6_11_1.
2026/Jun/23 09:41:56.904343 EXECUTOR - Initialization of module TC_26_6_11_1 finished.
2026/Jun/23 09:41:56.904345 EXECUTOR - Initializing module TC_26_6_11_2.
2026/Jun/23 09:41:56.904352 EXECUTOR - Initialization of module TC_26_6_11_2 finished.
2026/Jun/23 09:41:56.904354 EXECUTOR - Initializing module TC_26_6_12_1.
2026/Jun/23 09:41:56.904360 EXECUTOR - Initialization of module TC_26_6_12_1 finished.
2026/Jun/23 09:41:56.904363 EXECUTOR - Initializing module TC_26_6_12_2.
2026/Jun/23 09:41:56.904369 EXECUTOR - Initialization of module TC_26_6_12_2 finished.
2026/Jun/23 09:41:56.904371 EXECUTOR - Initializing module TC_26_6_12_3.
2026/Jun/23 09:41:56.904377 EXECUTOR - Initialization of module TC_26_6_12_3 finished.
2026/Jun/23 09:41:56.904380 EXECUTOR - Initializing module TC_26_6_12_4.
2026/Jun/23 09:41:56.904386 EXECUTOR - Initialization of module TC_26_6_12_4 finished.
2026/Jun/23 09:41:56.904388 EXECUTOR - Initializing module TC_26_6_13_10.
2026/Jun/23 09:41:56.904394 EXECUTOR - Initialization of module TC_26_6_13_10 finished.
2026/Jun/23 09:41:56.904396 EXECUTOR - Initializing module TC_26_6_13_9.
2026/Jun/23 09:41:56.904402 EXECUTOR - Initialization of module TC_26_6_13_9 finished.
2026/Jun/23 09:41:56.904404 EXECUTOR - Initializing module TC_26_6_1_1.
2026/Jun/23 09:41:56.904410 EXECUTOR - Initialization of module TC_26_6_1_1 finished.
2026/Jun/23 09:41:56.904413 EXECUTOR - Initializing module TC_26_6_1_2.
2026/Jun/23 09:41:56.904418 EXECUTOR - Initialization of module TC_26_6_1_2 finished.
2026/Jun/23 09:41:56.904420 EXECUTOR - Initializing module TC_26_6_1_3.
2026/Jun/23 09:41:56.904426 EXECUTOR - Initialization of module TC_26_6_1_3 finished.
2026/Jun/23 09:41:56.904429 EXECUTOR - Initializing module TC_26_6_1_4.
2026/Jun/23 09:41:56.904434 EXECUTOR - Initialization of module TC_26_6_1_4 finished.
2026/Jun/23 09:41:56.904437 EXECUTOR - Initializing module TC_26_6_1_5.
2026/Jun/23 09:41:56.904442 EXECUTOR - Initialization of module TC_26_6_1_5 finished.
2026/Jun/23 09:41:56.904444 EXECUTOR - Initializing module TC_26_6_2_1_1.
2026/Jun/23 09:41:56.904450 EXECUTOR - Initialization of module TC_26_6_2_1_1 finished.
2026/Jun/23 09:41:56.904453 EXECUTOR - Initializing module TC_26_6_2_1_2.
2026/Jun/23 09:41:56.904459 EXECUTOR - Initialization of module TC_26_6_2_1_2 finished.
2026/Jun/23 09:41:56.904462 EXECUTOR - Initializing module TC_26_6_2_1_3.
2026/Jun/23 09:41:56.904469 EXECUTOR - Initialization of module TC_26_6_2_1_3 finished.
2026/Jun/23 09:41:56.904471 EXECUTOR - Initializing module TC_26_6_2_2.
2026/Jun/23 09:41:56.904477 EXECUTOR - Initialization of module TC_26_6_2_2 finished.
2026/Jun/23 09:41:56.904480 EXECUTOR - Initializing module TC_26_6_2_3_1.
2026/Jun/23 09:41:56.904486 EXECUTOR - Initialization of module TC_26_6_2_3_1 finished.
2026/Jun/23 09:41:56.904488 EXECUTOR - Initializing module TC_26_6_2_3_2.
2026/Jun/23 09:41:56.904495 EXECUTOR - Initialization of module TC_26_6_2_3_2 finished.
2026/Jun/23 09:41:56.904502 EXECUTOR - Initializing module TC_26_6_2_4.
2026/Jun/23 09:41:56.904508 EXECUTOR - Initialization of module TC_26_6_2_4 finished.
2026/Jun/23 09:41:56.904511 EXECUTOR - Initializing module TC_26_6_3_1.
2026/Jun/23 09:41:56.904517 EXECUTOR - Initialization of module TC_26_6_3_1 finished.
2026/Jun/23 09:41:56.904519 EXECUTOR - Initializing module TC_26_6_3_4.
2026/Jun/23 09:41:56.904525 EXECUTOR - Initialization of module TC_26_6_3_4 finished.
2026/Jun/23 09:41:56.904528 EXECUTOR - Initializing module TC_26_6_4_1.
2026/Jun/23 09:41:56.904533 EXECUTOR - Initialization of module TC_26_6_4_1 finished.
2026/Jun/23 09:41:56.904535 EXECUTOR - Initializing module TC_26_6_4_2_2.
2026/Jun/23 09:41:56.904541 EXECUTOR - Initialization of module TC_26_6_4_2_2 finished.
2026/Jun/23 09:41:56.904544 EXECUTOR - Initializing module TC_26_6_5_1.
2026/Jun/23 09:41:56.904549 EXECUTOR - Initialization of module TC_26_6_5_1 finished.
2026/Jun/23 09:41:56.904552 EXECUTOR - Initializing module TC_26_6_5_2_1.
2026/Jun/23 09:41:56.904557 EXECUTOR - Initialization of module TC_26_6_5_2_1 finished.
2026/Jun/23 09:41:56.904560 EXECUTOR - Initializing module TC_26_6_8_1.
2026/Jun/23 09:41:56.904566 EXECUTOR - Initialization of module TC_26_6_8_1 finished.
2026/Jun/23 09:41:56.904568 EXECUTOR - Initializing module TC_26_6_8_2.
2026/Jun/23 09:41:56.904573 EXECUTOR - Initialization of module TC_26_6_8_2 finished.
2026/Jun/23 09:41:56.904576 EXECUTOR - Initializing module TC_26_6_8_3.
2026/Jun/23 09:41:56.904581 EXECUTOR - Initialization of module TC_26_6_8_3 finished.
2026/Jun/23 09:41:56.904583 EXECUTOR - Initializing module TC_26_6_8_4.
2026/Jun/23 09:41:56.904589 EXECUTOR - Initialization of module TC_26_6_8_4 finished.
2026/Jun/23 09:41:56.904591 EXECUTOR - Initializing module TC_26_6_8_5.
2026/Jun/23 09:41:56.904597 EXECUTOR - Initialization of module TC_26_6_8_5 finished.
2026/Jun/23 09:41:56.904600 EXECUTOR - Initializing module TC_26_7_1.
2026/Jun/23 09:41:56.904605 EXECUTOR - Initialization of module TC_26_7_1 finished.
2026/Jun/23 09:41:56.904608 EXECUTOR - Initializing module TC_26_7_2_1.
2026/Jun/23 09:41:56.904613 EXECUTOR - Initialization of module TC_26_7_2_1 finished.
2026/Jun/23 09:41:56.904615 EXECUTOR - Initializing module TC_26_7_2_2.
2026/Jun/23 09:41:56.904621 EXECUTOR - Initialization of module TC_26_7_2_2 finished.
2026/Jun/23 09:41:56.904623 EXECUTOR - Initializing module TC_26_7_3_1.
2026/Jun/23 09:41:56.904629 EXECUTOR - Initialization of module TC_26_7_3_1 finished.
2026/Jun/23 09:41:56.904632 EXECUTOR - Initializing module TC_26_7_3_2.
2026/Jun/23 09:41:56.904637 EXECUTOR - Initialization of module TC_26_7_3_2 finished.
2026/Jun/23 09:41:56.904640 EXECUTOR - Initializing module TC_26_7_4_1.
2026/Jun/23 09:41:56.904645 EXECUTOR - Initialization of module TC_26_7_4_1 finished.
2026/Jun/23 09:41:56.904647 EXECUTOR - Initializing module TC_26_7_4_2_1.
2026/Jun/23 09:41:56.904652 EXECUTOR - Initialization of module TC_26_7_4_2_1 finished.
2026/Jun/23 09:41:56.904655 EXECUTOR - Initializing module TC_26_7_4_2_2_1.
2026/Jun/23 09:41:56.904661 EXECUTOR - Initialization of module TC_26_7_4_2_2_1 finished.
2026/Jun/23 09:41:56.904663 EXECUTOR - Initializing module TC_26_7_4_2_2_2.
2026/Jun/23 09:41:56.904668 EXECUTOR - Initialization of module TC_26_7_4_2_2_2 finished.
2026/Jun/23 09:41:56.904671 EXECUTOR - Initializing module TC_26_7_4_2_3.
2026/Jun/23 09:41:56.904677 EXECUTOR - Initialization of module TC_26_7_4_2_3 finished.
2026/Jun/23 09:41:56.904679 EXECUTOR - Initializing module TC_26_7_4_2_4_1.
2026/Jun/23 09:41:56.904685 EXECUTOR - Initialization of module TC_26_7_4_2_4_1 finished.
2026/Jun/23 09:41:56.904687 EXECUTOR - Initializing module TC_26_7_4_2_4_2.
2026/Jun/23 09:41:56.904694 EXECUTOR - Initialization of module TC_26_7_4_2_4_2 finished.
2026/Jun/23 09:41:56.904696 EXECUTOR - Initializing module TC_26_7_4_2_4_3.
2026/Jun/23 09:41:56.904702 EXECUTOR - Initialization of module TC_26_7_4_2_4_3 finished.
2026/Jun/23 09:41:56.904705 EXECUTOR - Initializing module TC_26_7_4_2_4_4.
2026/Jun/23 09:41:56.904715 EXECUTOR - Initialization of module TC_26_7_4_2_4_4 finished.
2026/Jun/23 09:41:56.904717 EXECUTOR - Initializing module TC_26_7_4_2_4_5.
2026/Jun/23 09:41:56.904723 EXECUTOR - Initialization of module TC_26_7_4_2_4_5 finished.
2026/Jun/23 09:41:56.904725 EXECUTOR - Initializing module TC_26_7_4_3_1.
2026/Jun/23 09:41:56.904730 EXECUTOR - Initialization of module TC_26_7_4_3_1 finished.
2026/Jun/23 09:41:56.904733 EXECUTOR - Initializing module TC_26_7_4_3_2.
2026/Jun/23 09:41:56.904739 EXECUTOR - Initialization of module TC_26_7_4_3_2 finished.
2026/Jun/23 09:41:56.904741 EXECUTOR - Initializing module TC_26_7_4_3_3.
2026/Jun/23 09:41:56.904748 EXECUTOR - Initialization of module TC_26_7_4_3_3 finished.
2026/Jun/23 09:41:56.904750 EXECUTOR - Initializing module TC_26_7_4_3_4.
2026/Jun/23 09:41:56.904756 EXECUTOR - Initialization of module TC_26_7_4_3_4 finished.
2026/Jun/23 09:41:56.904758 EXECUTOR - Initializing module TC_26_7_4_4.
2026/Jun/23 09:41:56.904763 EXECUTOR - Initialization of module TC_26_7_4_4 finished.
2026/Jun/23 09:41:56.904766 EXECUTOR - Initializing module TC_26_7_4_5_1.
2026/Jun/23 09:41:56.904771 EXECUTOR - Initialization of module TC_26_7_4_5_1 finished.
2026/Jun/23 09:41:56.904773 EXECUTOR - Initializing module TC_26_7_4_5_2.
2026/Jun/23 09:41:56.904779 EXECUTOR - Initialization of module TC_26_7_4_5_2 finished.
2026/Jun/23 09:41:56.904782 EXECUTOR - Initializing module TC_26_7_4_5_3.
2026/Jun/23 09:41:56.904788 EXECUTOR - Initialization of module TC_26_7_4_5_3 finished.
2026/Jun/23 09:41:56.904790 EXECUTOR - Initializing module TC_26_7_4_5_4_2.
2026/Jun/23 09:41:56.904796 EXECUTOR - Initialization of module TC_26_7_4_5_4_2 finished.
2026/Jun/23 09:41:56.904798 EXECUTOR - Initializing module TC_26_7_5_2.
2026/Jun/23 09:41:56.904803 EXECUTOR - Initialization of module TC_26_7_5_2 finished.
2026/Jun/23 09:41:56.904805 EXECUTOR - Initializing module TC_26_7_5_3.
2026/Jun/23 09:41:56.904811 EXECUTOR - Initialization of module TC_26_7_5_3 finished.
2026/Jun/23 09:41:56.904813 EXECUTOR - Initializing module TC_26_7_5_4.
2026/Jun/23 09:41:56.904818 EXECUTOR - Initialization of module TC_26_7_5_4 finished.
2026/Jun/23 09:41:56.904843 EXECUTOR - Initializing module TC_26_7_5_5.
2026/Jun/23 09:41:56.904849 EXECUTOR - Initialization of module TC_26_7_5_5 finished.
2026/Jun/23 09:41:56.904852 EXECUTOR - Initializing module TC_26_7_5_6.
2026/Jun/23 09:41:56.904858 EXECUTOR - Initialization of module TC_26_7_5_6 finished.
2026/Jun/23 09:41:56.904861 EXECUTOR - Initializing module TC_26_7_5_7_1.
2026/Jun/23 09:41:56.904866 EXECUTOR - Initialization of module TC_26_7_5_7_1 finished.
2026/Jun/23 09:41:56.904868 EXECUTOR - Initializing module TC_26_7_5_8_1.
2026/Jun/23 09:41:56.904873 EXECUTOR - Initialization of module TC_26_7_5_8_1 finished.
2026/Jun/23 09:41:56.904876 EXECUTOR - Initializing module TC_26_7_5_8_2.
2026/Jun/23 09:41:56.904881 EXECUTOR - Initialization of module TC_26_7_5_8_2 finished.
2026/Jun/23 09:41:56.904883 EXECUTOR - Initializing module TC_26_7_5_8_3.
2026/Jun/23 09:41:56.904889 EXECUTOR - Initialization of module TC_26_7_5_8_3 finished.
2026/Jun/23 09:41:56.904891 EXECUTOR - Initializing module TC_26_8_1_2_1_1.
2026/Jun/23 09:41:56.904896 EXECUTOR - Initialization of module TC_26_8_1_2_1_1 finished.
2026/Jun/23 09:41:56.904898 EXECUTOR - Initializing module TC_26_8_1_2_2_1.
2026/Jun/23 09:41:56.904904 EXECUTOR - Initialization of module TC_26_8_1_2_2_1 finished.
2026/Jun/23 09:41:56.904906 EXECUTOR - Initializing module TC_26_8_1_2_2_2.
2026/Jun/23 09:41:56.904911 EXECUTOR - Initialization of module TC_26_8_1_2_2_2 finished.
2026/Jun/23 09:41:56.904913 EXECUTOR - Initializing module TC_26_8_1_2_2_3.
2026/Jun/23 09:41:56.904919 EXECUTOR - Initialization of module TC_26_8_1_2_2_3 finished.
2026/Jun/23 09:41:56.904921 EXECUTOR - Initializing module TC_26_8_1_2_3_1.
2026/Jun/23 09:41:56.904926 EXECUTOR - Initialization of module TC_26_8_1_2_3_1 finished.
2026/Jun/23 09:41:56.904929 EXECUTOR - Initializing module TC_26_8_1_2_3_2.
2026/Jun/23 09:41:56.904943 EXECUTOR - Initialization of module TC_26_8_1_2_3_2 finished.
2026/Jun/23 09:41:56.904945 EXECUTOR - Initializing module TC_26_8_1_2_3_3.
2026/Jun/23 09:41:56.904950 EXECUTOR - Initialization of module TC_26_8_1_2_3_3 finished.
2026/Jun/23 09:41:56.904953 EXECUTOR - Initializing module TC_26_8_1_2_3_4.
2026/Jun/23 09:41:56.904958 EXECUTOR - Initialization of module TC_26_8_1_2_3_4 finished.
2026/Jun/23 09:41:56.904960 EXECUTOR - Initializing module TC_26_8_1_2_3_5.
2026/Jun/23 09:41:56.904966 EXECUTOR - Initialization of module TC_26_8_1_2_3_5 finished.
2026/Jun/23 09:41:56.904968 EXECUTOR - Initializing module TC_26_8_1_2_3_6.
2026/Jun/23 09:41:56.904974 EXECUTOR - Initialization of module TC_26_8_1_2_3_6 finished.
2026/Jun/23 09:41:56.904976 EXECUTOR - Initializing module TC_26_8_1_2_3_7.
2026/Jun/23 09:41:56.904981 EXECUTOR - Initialization of module TC_26_8_1_2_3_7 finished.
2026/Jun/23 09:41:56.904984 EXECUTOR - Initializing module TC_26_8_1_2_4_1.
2026/Jun/23 09:41:56.904989 EXECUTOR - Initialization of module TC_26_8_1_2_4_1 finished.
2026/Jun/23 09:41:56.904992 EXECUTOR - Initializing module TC_26_8_1_2_4_13.
2026/Jun/23 09:41:56.904997 EXECUTOR - Initialization of module TC_26_8_1_2_4_13 finished.
2026/Jun/23 09:41:56.904999 EXECUTOR - Initializing module TC_26_8_1_2_4_2.
2026/Jun/23 09:41:56.905004 EXECUTOR - Initialization of module TC_26_8_1_2_4_2 finished.
2026/Jun/23 09:41:56.905007 EXECUTOR - Initializing module TC_26_8_1_2_4_3.
2026/Jun/23 09:41:56.905012 EXECUTOR - Initialization of module TC_26_8_1_2_4_3 finished.
2026/Jun/23 09:41:56.905014 EXECUTOR - Initializing module TC_26_8_1_2_4_4.
2026/Jun/23 09:41:56.905020 EXECUTOR - Initialization of module TC_26_8_1_2_4_4 finished.
2026/Jun/23 09:41:56.905022 EXECUTOR - Initializing module TC_26_8_1_2_4_5.
2026/Jun/23 09:41:56.905028 EXECUTOR - Initialization of module TC_26_8_1_2_4_5 finished.
2026/Jun/23 09:41:56.905030 EXECUTOR - Initializing module TC_26_8_1_2_6_1.
2026/Jun/23 09:41:56.905036 EXECUTOR - Initialization of module TC_26_8_1_2_6_1 finished.
2026/Jun/23 09:41:56.905038 EXECUTOR - Initializing module TC_26_8_1_2_6_2.
2026/Jun/23 09:41:56.905044 EXECUTOR - Initialization of module TC_26_8_1_2_6_2 finished.
2026/Jun/23 09:41:56.905047 EXECUTOR - Initializing module TC_26_8_1_2_6_3.
2026/Jun/23 09:41:56.905053 EXECUTOR - Initialization of module TC_26_8_1_2_6_3 finished.
2026/Jun/23 09:41:56.905055 EXECUTOR - Initializing module TC_26_8_1_2_6_6.
2026/Jun/23 09:41:56.905061 EXECUTOR - Initialization of module TC_26_8_1_2_6_6 finished.
2026/Jun/23 09:41:56.905063 EXECUTOR - Initializing module TC_26_8_1_3_1_1.
2026/Jun/23 09:41:56.905069 EXECUTOR - Initialization of module TC_26_8_1_3_1_1 finished.
2026/Jun/23 09:41:56.905071 EXECUTOR - Initializing module TC_26_8_1_3_2_1.
2026/Jun/23 09:41:56.905078 EXECUTOR - Initialization of module TC_26_8_1_3_2_1 finished.
2026/Jun/23 09:41:56.905080 EXECUTOR - Initializing module TC_26_8_1_3_3_1.
2026/Jun/23 09:41:56.905086 EXECUTOR - Initialization of module TC_26_8_1_3_3_1 finished.
2026/Jun/23 09:41:56.905088 EXECUTOR - Initializing module TC_26_8_1_3_3_2.
2026/Jun/23 09:41:56.905094 EXECUTOR - Initialization of module TC_26_8_1_3_3_2 finished.
2026/Jun/23 09:41:56.905097 EXECUTOR - Initializing module TC_26_8_1_3_3_3.
2026/Jun/23 09:41:56.905102 EXECUTOR - Initialization of module TC_26_8_1_3_3_3 finished.
2026/Jun/23 09:41:56.905105 EXECUTOR - Initializing module TC_26_8_1_3_3_4.
2026/Jun/23 09:41:56.905110 EXECUTOR - Initialization of module TC_26_8_1_3_3_4 finished.
2026/Jun/23 09:41:56.905112 EXECUTOR - Initializing module TC_26_8_1_3_3_5.
2026/Jun/23 09:41:56.905118 EXECUTOR - Initialization of module TC_26_8_1_3_3_5 finished.
2026/Jun/23 09:41:56.905120 EXECUTOR - Initializing module TC_26_8_1_3_3_6.
2026/Jun/23 09:41:56.905127 EXECUTOR - Initialization of module TC_26_8_1_3_3_6 finished.
2026/Jun/23 09:41:56.905129 EXECUTOR - Initializing module TC_26_8_1_3_3_7.
2026/Jun/23 09:41:56.905135 EXECUTOR - Initialization of module TC_26_8_1_3_3_7 finished.
2026/Jun/23 09:41:56.905137 EXECUTOR - Initializing module TC_26_8_1_3_4_1.
2026/Jun/23 09:41:56.905147 EXECUTOR - Initialization of module TC_26_8_1_3_4_1 finished.
2026/Jun/23 09:41:56.905150 EXECUTOR - Initializing module TC_26_8_1_3_4_2.
2026/Jun/23 09:41:56.905156 EXECUTOR - Initialization of module TC_26_8_1_3_4_2 finished.
2026/Jun/23 09:41:56.905158 EXECUTOR - Initializing module TC_26_8_1_3_4_3.
2026/Jun/23 09:41:56.905164 EXECUTOR - Initialization of module TC_26_8_1_3_4_3 finished.
2026/Jun/23 09:41:56.905166 EXECUTOR - Initializing module TC_26_8_1_3_4_4.
2026/Jun/23 09:41:56.905172 EXECUTOR - Initialization of module TC_26_8_1_3_4_4 finished.
2026/Jun/23 09:41:56.905175 EXECUTOR - Initializing module TC_26_8_1_3_4_5.
2026/Jun/23 09:41:56.905181 EXECUTOR - Initialization of module TC_26_8_1_3_4_5 finished.
2026/Jun/23 09:41:56.905183 EXECUTOR - Initializing module TC_26_8_1_3_4_6.
2026/Jun/23 09:41:56.905189 EXECUTOR - Initialization of module TC_26_8_1_3_4_6 finished.
2026/Jun/23 09:41:56.905191 EXECUTOR - Initializing module TC_26_8_1_3_4_7.
2026/Jun/23 09:41:56.905197 EXECUTOR - Initialization of module TC_26_8_1_3_4_7 finished.
2026/Jun/23 09:41:56.905200 EXECUTOR - Initializing module TC_26_8_1_3_4_8.
2026/Jun/23 09:41:56.905205 EXECUTOR - Initialization of module TC_26_8_1_3_4_8 finished.
2026/Jun/23 09:41:56.905208 EXECUTOR - Initializing module TC_26_8_1_3_5_1.
2026/Jun/23 09:41:56.905214 EXECUTOR - Initialization of module TC_26_8_1_3_5_1 finished.
2026/Jun/23 09:41:56.905216 EXECUTOR - Initializing module TC_26_8_1_3_5_2.
2026/Jun/23 09:41:56.905222 EXECUTOR - Initialization of module TC_26_8_1_3_5_2 finished.
2026/Jun/23 09:41:56.905224 EXECUTOR - Initializing module TC_26_8_1_3_5_3.
2026/Jun/23 09:41:56.905230 EXECUTOR - Initialization of module TC_26_8_1_3_5_3 finished.
2026/Jun/23 09:41:56.905233 EXECUTOR - Initializing module TC_26_8_1_3_5_4.
2026/Jun/23 09:41:56.905239 EXECUTOR - Initialization of module TC_26_8_1_3_5_4 finished.
2026/Jun/23 09:41:56.905241 EXECUTOR - Initializing module TC_26_8_1_3_5_5.
2026/Jun/23 09:41:56.905247 EXECUTOR - Initialization of module TC_26_8_1_3_5_5 finished.
2026/Jun/23 09:41:56.905249 EXECUTOR - Initializing module TC_26_8_1_3_5_6.
2026/Jun/23 09:41:56.905254 EXECUTOR - Initialization of module TC_26_8_1_3_5_6 finished.
2026/Jun/23 09:41:56.905257 EXECUTOR - Initializing module TC_26_8_1_3_5_7.
2026/Jun/23 09:41:56.905262 EXECUTOR - Initialization of module TC_26_8_1_3_5_7 finished.
2026/Jun/23 09:41:56.905265 EXECUTOR - Initializing module TC_26_8_1_3_5_8.
2026/Jun/23 09:41:56.905270 EXECUTOR - Initialization of module TC_26_8_1_3_5_8 finished.
2026/Jun/23 09:41:56.905273 EXECUTOR - Initializing module TC_26_8_1_3_5_9.
2026/Jun/23 09:41:56.905278 EXECUTOR - Initialization of module TC_26_8_1_3_5_9 finished.
2026/Jun/23 09:41:56.905281 EXECUTOR - Initializing module TC_26_8_2_1.
2026/Jun/23 09:41:56.905287 EXECUTOR - Initialization of module TC_26_8_2_1 finished.
2026/Jun/23 09:41:56.905290 EXECUTOR - Initializing module TC_26_8_2_2.
2026/Jun/23 09:41:56.905296 EXECUTOR - Initialization of module TC_26_8_2_2 finished.
2026/Jun/23 09:41:56.905298 EXECUTOR - Initializing module TC_26_8_2_3.
2026/Jun/23 09:41:56.905303 EXECUTOR - Initialization of module TC_26_8_2_3 finished.
2026/Jun/23 09:41:56.905306 EXECUTOR - Initializing module TC_26_8_3.
2026/Jun/23 09:41:56.905311 EXECUTOR - Initialization of module TC_26_8_3 finished.
2026/Jun/23 09:41:56.905313 EXECUTOR - Initializing module TC_34_2_2.
2026/Jun/23 09:41:56.905319 EXECUTOR - Initialization of module TC_34_2_2 finished.
2026/Jun/23 09:41:56.905322 EXECUTOR - Initializing module TitanLoggerApi.
2026/Jun/23 09:41:56.905324 EXECUTOR - Initialization of module TitanLoggerApi finished.
2026/Jun/23 09:41:56.905327 EXECUTOR - Initializing module TitanLoggerControl.
2026/Jun/23 09:41:56.905329 EXECUTOR - Initialization of module TitanLoggerControl finished.
2026/Jun/23 09:41:56.905349 EXECUTOR - Configuration data was processed successfully.
2026/Jun/23 09:41:56.907335 EXECUTOR - MTC was created. Process id: 39.
2026/Jun/23 09:43:38.694711 EXECUTOR - Exit was requested from MC. Terminating HC.
2026/Jun/23 09:43:38.694859 EXECUTOR - Disconnected from MC.
2026/Jun/23 09:43:38.694882 EXECUTOR - TTCN-3 Host Controller finished.
