/usr/local/bin/virtphy.real: option requires an argument -- 'd'
Fri Jun 26 10:37:48 2026 DVIRPHY virtphy.c:248 Virtual physical layer starting up...
Fri Jun 26 10:37:48 2026 DVIRPHY virtphy.c:257 Virtual physical layer ready, waiting for l23 app(s) on /tmp/osmocom_l2
Fri Jun 26 10:37:55 2026 DMAIN virt_l1_model.c:42 MS 0000: allocated
Fri Jun 26 10:37:55 2026 DL1C l1ctl_sock.c:138 Accepted client (fd=6) from server (fd=5)
Fri Jun 26 10:37:55 2026 DL1C l1ctl_sap.c:578 MS 0000: Tx L1CTL_RESET_CONF (reset_type: 1)
Fri Jun 26 10:37:55 2026 DL1C l1ctl_sap.c:578 MS 0000: Tx L1CTL_RESET_CONF (reset_type: 1)
Fri Jun 26 10:37:55 2026 DL1C l1ctl_sap.c:578 MS 0000: Tx L1CTL_RESET_CONF (reset_type: 1)
Fri Jun 26 10:37:55 2026 DL1C virt_prim_fbsb.c:57 MS 0000: Rx L1CTL_FBSB_REQ (arfcn=51, flags=0x7)
Fri Jun 26 10:37:59 2026 DL1C virt_prim_fbsb.c:126 MS 0000: Tx L1CTL_FBSB_CONF (res: 0)
Fri Jun 26 10:37:59 2026 DL1C l1ctl_sap.c:472 MS 0000: Rx L1CTL_CCCH_MODE_REQ (mode=2)
Fri Jun 26 10:37:59 2026 DL1C l1ctl_sap.c:600 MS 0000: Tx L1CTL_CCCH_MODE_CONF (mode: 2)
Fri Jun 26 10:38:01 2026 DL1C l1ctl_sap.c:578 MS 0000: Tx L1CTL_RESET_CONF (reset_type: 1)
Fri Jun 26 10:38:01 2026 DL1C virt_prim_fbsb.c:57 MS 0000: Rx L1CTL_FBSB_REQ (arfcn=51, flags=0x7)
Fri Jun 26 10:38:01 2026 DL1C virt_prim_fbsb.c:126 MS 0000: Tx L1CTL_FBSB_CONF (res: 0)
Fri Jun 26 10:38:01 2026 DL1C l1ctl_sap.c:411 MS 0000: Rx L1CTL_PARAM_REQ (ta=0, tx_power=14)
Fri Jun 26 10:38:01 2026 DL1C virt_prim_rach.c:81 MS 0000: Rx L1CTL_RACH_REQ (ra=0x0c, offset=11 combined=1)
Fri Jun 26 10:38:01 2026 DL1C virt_prim_rach.c:124 MS 0000: Tx L1CTL_RACH_CONF (fn: 433, arfcn: 51)
Fri Jun 26 10:38:01 2026 DL1C l1ctl_sap.c:411 MS 0000: Rx L1CTL_PARAM_REQ (ta=0, tx_power=14)
Fri Jun 26 10:38:01 2026 DL1C virt_prim_rach.c:81 MS 0000: Rx L1CTL_RACH_REQ (ra=0x09, offset=126 combined=1)
Fri Jun 26 10:38:01 2026 DL1C l1ctl_sap.c:578 MS 0000: Tx L1CTL_RESET_CONF (reset_type: 2)
Fri Jun 26 10:38:01 2026 DL1C l1ctl_sap.c:411 MS 0000: Rx L1CTL_PARAM_REQ (ta=0, tx_power=14)
Fri Jun 26 10:38:21 2026 DL1C l1ctl_sap.c:379 MS 0000: Rx L1CTL_DM_REL_REQ
Fri Jun 26 10:38:21 2026 DL1C l1ctl_sap.c:578 MS 0000: Tx L1CTL_RESET_CONF (reset_type: 1)
Fri Jun 26 10:38:21 2026 DL1C l1ctl_sap.c:578 MS 0000: Tx L1CTL_RESET_CONF (reset_type: 1)
Fri Jun 26 10:38:21 2026 DL1C virt_prim_fbsb.c:57 MS 0000: Rx L1CTL_FBSB_REQ (arfcn=51, flags=0x7)
Fri Jun 26 10:38:22 2026 DL1C virt_prim_fbsb.c:126 MS 0000: Tx L1CTL_FBSB_CONF (res: 0)
Fri Jun 26 10:38:22 2026 DL1C l1ctl_sap.c:526 MS 0000: Rx L1CTL_NEIGH_PM_REQ (list with 1 entries): IGNORED
Fri Jun 26 10:38:36 2026 DL1C l1ctl_sap.c:578 MS 0000: Tx L1CTL_RESET_CONF (reset_type: 1)
Fri Jun 26 10:38:36 2026 DL1C virt_prim_fbsb.c:57 MS 0000: Rx L1CTL_FBSB_REQ (arfcn=51, flags=0x7)
Fri Jun 26 10:38:36 2026 DL1C virt_prim_fbsb.c:126 MS 0000: Tx L1CTL_FBSB_CONF (res: 0)
Fri Jun 26 10:38:36 2026 DL1C l1ctl_sap.c:411 MS 0000: Rx L1CTL_PARAM_REQ (ta=0, tx_power=14)
Fri Jun 26 10:38:36 2026 DL1C virt_prim_rach.c:81 MS 0000: Rx L1CTL_RACH_REQ (ra=0x0a, offset=8 combined=1)
Fri Jun 26 10:38:37 2026 DL1C virt_prim_rach.c:124 MS 0000: Tx L1CTL_RACH_CONF (fn: 8184, arfcn: 51)
Fri Jun 26 10:38:37 2026 DL1C l1ctl_sap.c:411 MS 0000: Rx L1CTL_PARAM_REQ (ta=0, tx_power=14)
Fri Jun 26 10:38:37 2026 DL1C virt_prim_rach.c:81 MS 0000: Rx L1CTL_RACH_REQ (ra=0x08, offset=120 combined=1)
Fri Jun 26 10:38:37 2026 DL1C l1ctl_sap.c:578 MS 0000: Tx L1CTL_RESET_CONF (reset_type: 2)
Fri Jun 26 10:38:37 2026 DL1C l1ctl_sap.c:411 MS 0000: Rx L1CTL_PARAM_REQ (ta=0, tx_power=14)
Fri Jun 26 10:38:44 2026 DL1C l1ctl_sap.c:379 MS 0000: Rx L1CTL_DM_REL_REQ
Fri Jun 26 10:38:44 2026 DL1C l1ctl_sap.c:578 MS 0000: Tx L1CTL_RESET_CONF (reset_type: 1)
Fri Jun 26 10:38:44 2026 DL1C l1ctl_sap.c:578 MS 0000: Tx L1CTL_RESET_CONF (reset_type: 1)
Fri Jun 26 10:38:44 2026 DL1C virt_prim_fbsb.c:57 MS 0000: Rx L1CTL_FBSB_REQ (arfcn=51, flags=0x7)
Fri Jun 26 10:38:44 2026 DL1C l1ctl_sap.c:578 MS 0000: Tx L1CTL_RESET_CONF (reset_type: 1)
Fri Jun 26 10:38:44 2026 DL1C l1ctl_sock.c:99 Failed to receive msg from l2. Connection will be closed.
Fri Jun 26 10:38:44 2026 DMAIN virt_l1_model.c:49 MS 0000: destroyed
Fri Jun 26 10:38:59 2026 DMAIN virt_l1_model.c:42 MS 0001: allocated
Fri Jun 26 10:38:59 2026 DL1C l1ctl_sock.c:138 Accepted client (fd=6) from server (fd=5)
Fri Jun 26 10:38:59 2026 DL1C l1ctl_sap.c:578 MS 0001: Tx L1CTL_RESET_CONF (reset_type: 1)
Fri Jun 26 10:38:59 2026 DL1C l1ctl_sap.c:578 MS 0001: Tx L1CTL_RESET_CONF (reset_type: 1)
Fri Jun 26 10:39:00 2026 DL1C l1ctl_sap.c:578 MS 0001: Tx L1CTL_RESET_CONF (reset_type: 1)
Fri Jun 26 10:39:00 2026 DL1C virt_prim_fbsb.c:57 MS 0001: Rx L1CTL_FBSB_REQ (arfcn=51, flags=0x7)
Fri Jun 26 10:39:00 2026 DL1C virt_prim_fbsb.c:126 MS 0001: Tx L1CTL_FBSB_CONF (res: 0)
Fri Jun 26 10:39:00 2026 DL1C l1ctl_sap.c:472 MS 0001: Rx L1CTL_CCCH_MODE_REQ (mode=2)
Fri Jun 26 10:39:00 2026 DL1C l1ctl_sap.c:600 MS 0001: Tx L1CTL_CCCH_MODE_CONF (mode: 2)
Fri Jun 26 10:39:01 2026 DL1C l1ctl_sap.c:578 MS 0001: Tx L1CTL_RESET_CONF (reset_type: 1)
Fri Jun 26 10:39:01 2026 DL1C virt_prim_fbsb.c:57 MS 0001: Rx L1CTL_FBSB_REQ (arfcn=51, flags=0x7)
Fri Jun 26 10:39:01 2026 DL1C virt_prim_fbsb.c:126 MS 0001: Tx L1CTL_FBSB_CONF (res: 0)
Fri Jun 26 10:39:01 2026 DL1C l1ctl_sap.c:411 MS 0001: Rx L1CTL_PARAM_REQ (ta=0, tx_power=14)
Fri Jun 26 10:39:01 2026 DL1C virt_prim_rach.c:81 MS 0001: Rx L1CTL_RACH_REQ (ra=0x0e, offset=9 combined=1)
Fri Jun 26 10:39:01 2026 DL1C virt_prim_rach.c:124 MS 0001: Tx L1CTL_RACH_CONF (fn: 13487, arfcn: 51)
Fri Jun 26 10:39:01 2026 DL1C l1ctl_sap.c:411 MS 0001: Rx L1CTL_PARAM_REQ (ta=0, tx_power=14)
Fri Jun 26 10:39:01 2026 DL1C virt_prim_rach.c:81 MS 0001: Rx L1CTL_RACH_REQ (ra=0x0d, offset=126 combined=1)
Fri Jun 26 10:39:01 2026 DL1C l1ctl_sap.c:578 MS 0001: Tx L1CTL_RESET_CONF (reset_type: 2)
Fri Jun 26 10:39:01 2026 DL1C l1ctl_sap.c:411 MS 0001: Rx L1CTL_PARAM_REQ (ta=0, tx_power=14)
Fri Jun 26 10:39:09 2026 DL1C l1ctl_sap.c:379 MS 0001: Rx L1CTL_DM_REL_REQ
Fri Jun 26 10:39:09 2026 DL1C l1ctl_sap.c:578 MS 0001: Tx L1CTL_RESET_CONF (reset_type: 1)
Fri Jun 26 10:39:09 2026 DL1C l1ctl_sap.c:578 MS 0001: Tx L1CTL_RESET_CONF (reset_type: 1)
Fri Jun 26 10:39:09 2026 DL1C virt_prim_fbsb.c:57 MS 0001: Rx L1CTL_FBSB_REQ (arfcn=51, flags=0x7)
Fri Jun 26 10:39:09 2026 DL1C virt_prim_fbsb.c:126 MS 0001: Tx L1CTL_FBSB_CONF (res: 0)
Fri Jun 26 10:39:09 2026 DL1C l1ctl_sap.c:526 MS 0001: Rx L1CTL_NEIGH_PM_REQ (list with 1 entries): IGNORED
Fri Jun 26 10:39:24 2026 DL1C l1ctl_sap.c:578 MS 0001: Tx L1CTL_RESET_CONF (reset_type: 1)
Fri Jun 26 10:39:24 2026 DL1C virt_prim_fbsb.c:57 MS 0001: Rx L1CTL_FBSB_REQ (arfcn=51, flags=0x7)
Fri Jun 26 10:39:24 2026 DL1C virt_prim_fbsb.c:126 MS 0001: Tx L1CTL_FBSB_CONF (res: 0)
Fri Jun 26 10:39:24 2026 DL1C l1ctl_sap.c:411 MS 0001: Rx L1CTL_PARAM_REQ (ta=0, tx_power=14)
Fri Jun 26 10:39:24 2026 DL1C virt_prim_rach.c:81 MS 0001: Rx L1CTL_RACH_REQ (ra=0x0c, offset=0 combined=1)
Fri Jun 26 10:39:24 2026 DL1C virt_prim_rach.c:124 MS 0001: Tx L1CTL_RACH_CONF (fn: 18425, arfcn: 51)
Fri Jun 26 10:39:24 2026 DL1C l1ctl_sap.c:411 MS 0001: Rx L1CTL_PARAM_REQ (ta=0, tx_power=14)
Fri Jun 26 10:39:24 2026 DL1C virt_prim_rach.c:81 MS 0001: Rx L1CTL_RACH_REQ (ra=0x02, offset=118 combined=1)
Fri Jun 26 10:39:24 2026 DL1C l1ctl_sap.c:578 MS 0001: Tx L1CTL_RESET_CONF (reset_type: 2)
Fri Jun 26 10:39:24 2026 DL1C l1ctl_sap.c:411 MS 0001: Rx L1CTL_PARAM_REQ (ta=0, tx_power=14)
Fri Jun 26 10:39:25 2026 DL1C l1ctl_sap.c:379 MS 0001: Rx L1CTL_DM_REL_REQ
Fri Jun 26 10:39:25 2026 DL1C l1ctl_sap.c:578 MS 0001: Tx L1CTL_RESET_CONF (reset_type: 1)
Fri Jun 26 10:39:25 2026 DL1C l1ctl_sap.c:578 MS 0001: Tx L1CTL_RESET_CONF (reset_type: 1)
Fri Jun 26 10:39:25 2026 DL1C virt_prim_fbsb.c:57 MS 0001: Rx L1CTL_FBSB_REQ (arfcn=51, flags=0x7)
Fri Jun 26 10:39:26 2026 DL1C virt_prim_fbsb.c:126 MS 0001: Tx L1CTL_FBSB_CONF (res: 0)
Fri Jun 26 10:39:26 2026 DL1C l1ctl_sap.c:526 MS 0001: Rx L1CTL_NEIGH_PM_REQ (list with 1 entries): IGNORED
Fri Jun 26 10:39:35 2026 DL1C l1ctl_sap.c:578 MS 0001: Tx L1CTL_RESET_CONF (reset_type: 1)
Fri Jun 26 10:39:35 2026 DL1C virt_prim_fbsb.c:57 MS 0001: Rx L1CTL_FBSB_REQ (arfcn=51, flags=0x7)
Fri Jun 26 10:39:35 2026 DL1C virt_prim_fbsb.c:126 MS 0001: Tx L1CTL_FBSB_CONF (res: 0)
Fri Jun 26 10:39:35 2026 DL1C l1ctl_sap.c:411 MS 0001: Rx L1CTL_PARAM_REQ (ta=0, tx_power=14)
Fri Jun 26 10:39:35 2026 DL1C virt_prim_rach.c:81 MS 0001: Rx L1CTL_RACH_REQ (ra=0x18, offset=5 combined=1)
Fri Jun 26 10:39:35 2026 DL1C virt_prim_rach.c:124 MS 0001: Tx L1CTL_RACH_CONF (fn: 20929, arfcn: 51)
Fri Jun 26 10:39:35 2026 DL1C l1ctl_sap.c:411 MS 0001: Rx L1CTL_PARAM_REQ (ta=0, tx_power=14)
Fri Jun 26 10:39:35 2026 DL1C virt_prim_rach.c:81 MS 0001: Rx L1CTL_RACH_REQ (ra=0x10, offset=121 combined=1)
Fri Jun 26 10:39:35 2026 DL1C l1ctl_sap.c:578 MS 0001: Tx L1CTL_RESET_CONF (reset_type: 2)
Fri Jun 26 10:39:35 2026 DL1C l1ctl_sap.c:411 MS 0001: Rx L1CTL_PARAM_REQ (ta=0, tx_power=14)
Fri Jun 26 10:39:41 2026 DL1C l1ctl_sap.c:379 MS 0001: Rx L1CTL_DM_REL_REQ
Fri Jun 26 10:39:41 2026 DL1C l1ctl_sap.c:578 MS 0001: Tx L1CTL_RESET_CONF (reset_type: 1)
Fri Jun 26 10:39:41 2026 DL1C l1ctl_sap.c:578 MS 0001: Tx L1CTL_RESET_CONF (reset_type: 1)
Fri Jun 26 10:39:41 2026 DL1C l1ctl_sap.c:578 MS 0001: Tx L1CTL_RESET_CONF (reset_type: 1)
Fri Jun 26 10:39:41 2026 DL1C l1ctl_sock.c:99 Failed to receive msg from l2. Connection will be closed.
Fri Jun 26 10:39:41 2026 DMAIN virt_l1_model.c:49 MS 0001: destroyed
Fri Jun 26 10:39:56 2026 DMAIN virt_l1_model.c:42 MS 0002: allocated
Fri Jun 26 10:39:56 2026 DL1C l1ctl_sock.c:138 Accepted client (fd=6) from server (fd=5)
Fri Jun 26 10:39:56 2026 DL1C l1ctl_sap.c:578 MS 0002: Tx L1CTL_RESET_CONF (reset_type: 1)
Fri Jun 26 10:39:56 2026 DL1C l1ctl_sap.c:578 MS 0002: Tx L1CTL_RESET_CONF (reset_type: 1)
Fri Jun 26 10:39:56 2026 DL1C l1ctl_sap.c:578 MS 0002: Tx L1CTL_RESET_CONF (reset_type: 1)
Fri Jun 26 10:39:56 2026 DL1C virt_prim_fbsb.c:57 MS 0002: Rx L1CTL_FBSB_REQ (arfcn=51, flags=0x7)
Fri Jun 26 10:39:56 2026 DL1C virt_prim_fbsb.c:126 MS 0002: Tx L1CTL_FBSB_CONF (res: 0)
Fri Jun 26 10:39:57 2026 DL1C l1ctl_sap.c:472 MS 0002: Rx L1CTL_CCCH_MODE_REQ (mode=2)
Fri Jun 26 10:39:57 2026 DL1C l1ctl_sap.c:600 MS 0002: Tx L1CTL_CCCH_MODE_CONF (mode: 2)
Fri Jun 26 10:39:57 2026 DL1C l1ctl_sap.c:578 MS 0002: Tx L1CTL_RESET_CONF (reset_type: 1)
Fri Jun 26 10:39:57 2026 DL1C virt_prim_fbsb.c:57 MS 0002: Rx L1CTL_FBSB_REQ (arfcn=51, flags=0x7)
Fri Jun 26 10:39:57 2026 DL1C virt_prim_fbsb.c:126 MS 0002: Tx L1CTL_FBSB_CONF (res: 0)
Fri Jun 26 10:39:57 2026 DL1C l1ctl_sap.c:411 MS 0002: Rx L1CTL_PARAM_REQ (ta=0, tx_power=14)
Fri Jun 26 10:39:57 2026 DL1C virt_prim_rach.c:81 MS 0002: Rx L1CTL_RACH_REQ (ra=0x09, offset=7 combined=1)
Fri Jun 26 10:39:58 2026 DL1C virt_prim_rach.c:124 MS 0002: Tx L1CTL_RACH_CONF (fn: 25725, arfcn: 51)
Fri Jun 26 10:39:58 2026 DL1C l1ctl_sap.c:411 MS 0002: Rx L1CTL_PARAM_REQ (ta=0, tx_power=14)
Fri Jun 26 10:39:58 2026 DL1C virt_prim_rach.c:81 MS 0002: Rx L1CTL_RACH_REQ (ra=0x07, offset=126 combined=1)
Fri Jun 26 10:39:58 2026 DL1C l1ctl_sap.c:578 MS 0002: Tx L1CTL_RESET_CONF (reset_type: 2)
Fri Jun 26 10:39:58 2026 DL1C l1ctl_sap.c:411 MS 0002: Rx L1CTL_PARAM_REQ (ta=0, tx_power=14)
Fri Jun 26 10:40:05 2026 DL1C l1ctl_sap.c:379 MS 0002: Rx L1CTL_DM_REL_REQ
Fri Jun 26 10:40:05 2026 DL1C l1ctl_sap.c:578 MS 0002: Tx L1CTL_RESET_CONF (reset_type: 1)
Fri Jun 26 10:40:05 2026 DL1C l1ctl_sap.c:578 MS 0002: Tx L1CTL_RESET_CONF (reset_type: 1)
Fri Jun 26 10:40:05 2026 DL1C virt_prim_fbsb.c:57 MS 0002: Rx L1CTL_FBSB_REQ (arfcn=51, flags=0x7)
Fri Jun 26 10:40:05 2026 DL1C virt_prim_fbsb.c:126 MS 0002: Tx L1CTL_FBSB_CONF (res: 0)
Fri Jun 26 10:40:05 2026 DL1C l1ctl_sap.c:526 MS 0002: Rx L1CTL_NEIGH_PM_REQ (list with 1 entries): IGNORED
Fri Jun 26 10:40:20 2026 DL1C l1ctl_sap.c:578 MS 0002: Tx L1CTL_RESET_CONF (reset_type: 1)
Fri Jun 26 10:40:20 2026 DL1C virt_prim_fbsb.c:57 MS 0002: Rx L1CTL_FBSB_REQ (arfcn=51, flags=0x7)
Fri Jun 26 10:40:20 2026 DL1C virt_prim_fbsb.c:126 MS 0002: Tx L1CTL_FBSB_CONF (res: 0)
Fri Jun 26 10:40:20 2026 DL1C l1ctl_sap.c:411 MS 0002: Rx L1CTL_PARAM_REQ (ta=0, tx_power=14)
Fri Jun 26 10:40:20 2026 DL1C virt_prim_rach.c:81 MS 0002: Rx L1CTL_RACH_REQ (ra=0x0f, offset=7 combined=1)
Fri Jun 26 10:40:20 2026 DL1C virt_prim_rach.c:124 MS 0002: Tx L1CTL_RACH_CONF (fn: 30672, arfcn: 51)
Fri Jun 26 10:40:20 2026 DL1C l1ctl_sap.c:411 MS 0002: Rx L1CTL_PARAM_REQ (ta=0, tx_power=14)
Fri Jun 26 10:40:20 2026 DL1C virt_prim_rach.c:81 MS 0002: Rx L1CTL_RACH_REQ (ra=0x0f, offset=117 combined=1)
Fri Jun 26 10:40:20 2026 DL1C l1ctl_sap.c:578 MS 0002: Tx L1CTL_RESET_CONF (reset_type: 2)
Fri Jun 26 10:40:20 2026 DL1C l1ctl_sap.c:411 MS 0002: Rx L1CTL_PARAM_REQ (ta=0, tx_power=14)
Fri Jun 26 10:40:23 2026 DL1C l1ctl_sap.c:379 MS 0002: Rx L1CTL_DM_REL_REQ
Fri Jun 26 10:40:23 2026 DL1C l1ctl_sap.c:578 MS 0002: Tx L1CTL_RESET_CONF (reset_type: 1)
Fri Jun 26 10:40:23 2026 DL1C l1ctl_sap.c:578 MS 0002: Tx L1CTL_RESET_CONF (reset_type: 1)
Fri Jun 26 10:40:23 2026 DL1C virt_prim_fbsb.c:57 MS 0002: Rx L1CTL_FBSB_REQ (arfcn=51, flags=0x7)
Fri Jun 26 10:40:23 2026 DL1C l1ctl_sap.c:578 MS 0002: Tx L1CTL_RESET_CONF (reset_type: 1)
Fri Jun 26 10:40:23 2026 DL1C l1ctl_sap.c:578 MS 0002: Tx L1CTL_RESET_CONF (reset_type: 1)
Fri Jun 26 10:40:23 2026 DL1C virt_prim_fbsb.c:57 MS 0002: Rx L1CTL_FBSB_REQ (arfcn=51, flags=0x7)
Fri Jun 26 10:40:23 2026 DL1C virt_prim_fbsb.c:126 MS 0002: Tx L1CTL_FBSB_CONF (res: 0)
Fri Jun 26 10:40:24 2026 DL1C l1ctl_sap.c:472 MS 0002: Rx L1CTL_CCCH_MODE_REQ (mode=2)
Fri Jun 26 10:40:24 2026 DL1C l1ctl_sap.c:600 MS 0002: Tx L1CTL_CCCH_MODE_CONF (mode: 2)
Fri Jun 26 10:40:24 2026 DL1C l1ctl_sap.c:578 MS 0002: Tx L1CTL_RESET_CONF (reset_type: 1)
Fri Jun 26 10:40:24 2026 DL1C virt_prim_fbsb.c:57 MS 0002: Rx L1CTL_FBSB_REQ (arfcn=51, flags=0x7)
Fri Jun 26 10:40:24 2026 DL1C virt_prim_fbsb.c:126 MS 0002: Tx L1CTL_FBSB_CONF (res: 0)
Fri Jun 26 10:40:24 2026 DL1C l1ctl_sap.c:526 MS 0002: Rx L1CTL_NEIGH_PM_REQ (list with 1 entries): IGNORED
Fri Jun 26 10:40:38 2026 DL1C l1ctl_sap.c:578 MS 0002: Tx L1CTL_RESET_CONF (reset_type: 1)
Fri Jun 26 10:40:38 2026 DL1C virt_prim_fbsb.c:57 MS 0002: Rx L1CTL_FBSB_REQ (arfcn=51, flags=0x7)
Fri Jun 26 10:40:38 2026 DL1C virt_prim_fbsb.c:126 MS 0002: Tx L1CTL_FBSB_CONF (res: 0)
Fri Jun 26 10:40:38 2026 DL1C l1ctl_sap.c:411 MS 0002: Rx L1CTL_PARAM_REQ (ta=0, tx_power=14)
Fri Jun 26 10:40:38 2026 DL1C virt_prim_rach.c:81 MS 0002: Rx L1CTL_RACH_REQ (ra=0x02, offset=11 combined=1)
Fri Jun 26 10:40:38 2026 DL1C virt_prim_rach.c:124 MS 0002: Tx L1CTL_RACH_CONF (fn: 34554, arfcn: 51)
Fri Jun 26 10:40:38 2026 DL1C l1ctl_sap.c:411 MS 0002: Rx L1CTL_PARAM_REQ (ta=0, tx_power=14)
Fri Jun 26 10:40:38 2026 DL1C virt_prim_rach.c:81 MS 0002: Rx L1CTL_RACH_REQ (ra=0x02, offset=124 combined=1)
Fri Jun 26 10:40:38 2026 DL1C l1ctl_sap.c:578 MS 0002: Tx L1CTL_RESET_CONF (reset_type: 2)
Fri Jun 26 10:40:38 2026 DL1C l1ctl_sap.c:411 MS 0002: Rx L1CTL_PARAM_REQ (ta=0, tx_power=14)
Fri Jun 26 10:40:44 2026 DL1C l1ctl_sap.c:379 MS 0002: Rx L1CTL_DM_REL_REQ
Fri Jun 26 10:40:44 2026 DL1C l1ctl_sap.c:578 MS 0002: Tx L1CTL_RESET_CONF (reset_type: 1)
Fri Jun 26 10:40:44 2026 DL1C l1ctl_sap.c:578 MS 0002: Tx L1CTL_RESET_CONF (reset_type: 1)
Fri Jun 26 10:40:44 2026 DL1C virt_prim_fbsb.c:57 MS 0002: Rx L1CTL_FBSB_REQ (arfcn=51, flags=0x7)
Fri Jun 26 10:40:44 2026 DL1C virt_prim_fbsb.c:126 MS 0002: Tx L1CTL_FBSB_CONF (res: 0)
Fri Jun 26 10:40:44 2026 DL1C l1ctl_sap.c:526 MS 0002: Rx L1CTL_NEIGH_PM_REQ (list with 1 entries): IGNORED
Fri Jun 26 10:40:49 2026 DL1C l1ctl_sap.c:578 MS 0002: Tx L1CTL_RESET_CONF (reset_type: 1)
Fri Jun 26 10:40:49 2026 DL1C virt_prim_fbsb.c:57 MS 0002: Rx L1CTL_FBSB_REQ (arfcn=51, flags=0x7)
Fri Jun 26 10:40:49 2026 DL1C virt_prim_fbsb.c:126 MS 0002: Tx L1CTL_FBSB_CONF (res: 0)
Fri Jun 26 10:40:49 2026 DL1C l1ctl_sap.c:411 MS 0002: Rx L1CTL_PARAM_REQ (ta=0, tx_power=14)
Fri Jun 26 10:40:49 2026 DL1C virt_prim_rach.c:81 MS 0002: Rx L1CTL_RACH_REQ (ra=0x14, offset=5 combined=1)
Fri Jun 26 10:40:49 2026 DL1C virt_prim_rach.c:124 MS 0002: Tx L1CTL_RACH_CONF (fn: 36843, arfcn: 51)
Fri Jun 26 10:40:49 2026 DL1C l1ctl_sap.c:411 MS 0002: Rx L1CTL_PARAM_REQ (ta=0, tx_power=14)
Fri Jun 26 10:40:49 2026 DL1C virt_prim_rach.c:81 MS 0002: Rx L1CTL_RACH_REQ (ra=0x1f, offset=119 combined=1)
Fri Jun 26 10:40:49 2026 DL1C l1ctl_sap.c:578 MS 0002: Tx L1CTL_RESET_CONF (reset_type: 2)
Fri Jun 26 10:40:49 2026 DL1C l1ctl_sap.c:411 MS 0002: Rx L1CTL_PARAM_REQ (ta=0, tx_power=14)
Fri Jun 26 10:40:54 2026 DL1C l1ctl_sap.c:379 MS 0002: Rx L1CTL_DM_REL_REQ
Fri Jun 26 10:40:54 2026 DL1C l1ctl_sap.c:578 MS 0002: Tx L1CTL_RESET_CONF (reset_type: 1)
Fri Jun 26 10:40:54 2026 DL1C l1ctl_sap.c:578 MS 0002: Tx L1CTL_RESET_CONF (reset_type: 1)
Fri Jun 26 10:40:54 2026 DL1C l1ctl_sap.c:578 MS 0002: Tx L1CTL_RESET_CONF (reset_type: 1)
Fri Jun 26 10:40:54 2026 DL1C l1ctl_sock.c:99 Failed to receive msg from l2. Connection will be closed.
Fri Jun 26 10:40:54 2026 DMAIN virt_l1_model.c:49 MS 0002: destroyed
Fri Jun 26 10:41:09 2026 DMAIN virt_l1_model.c:42 MS 0003: allocated
Fri Jun 26 10:41:09 2026 DL1C l1ctl_sock.c:138 Accepted client (fd=6) from server (fd=5)
Fri Jun 26 10:41:09 2026 DL1C l1ctl_sap.c:578 MS 0003: Tx L1CTL_RESET_CONF (reset_type: 1)
Fri Jun 26 10:41:09 2026 DL1C l1ctl_sap.c:578 MS 0003: Tx L1CTL_RESET_CONF (reset_type: 1)
Fri Jun 26 10:41:10 2026 DL1C l1ctl_sap.c:578 MS 0003: Tx L1CTL_RESET_CONF (reset_type: 1)
Fri Jun 26 10:41:10 2026 DL1C virt_prim_fbsb.c:57 MS 0003: Rx L1CTL_FBSB_REQ (arfcn=51, flags=0x7)
Fri Jun 26 10:41:10 2026 DL1C virt_prim_fbsb.c:126 MS 0003: Tx L1CTL_FBSB_CONF (res: 0)
Fri Jun 26 10:41:10 2026 DL1C l1ctl_sap.c:472 MS 0003: Rx L1CTL_CCCH_MODE_REQ (mode=2)
Fri Jun 26 10:41:10 2026 DL1C l1ctl_sap.c:600 MS 0003: Tx L1CTL_CCCH_MODE_CONF (mode: 2)
Fri Jun 26 10:41:11 2026 DL1C l1ctl_sap.c:578 MS 0003: Tx L1CTL_RESET_CONF (reset_type: 1)
Fri Jun 26 10:41:11 2026 DL1C virt_prim_fbsb.c:57 MS 0003: Rx L1CTL_FBSB_REQ (arfcn=51, flags=0x7)
Fri Jun 26 10:41:11 2026 DL1C virt_prim_fbsb.c:126 MS 0003: Tx L1CTL_FBSB_CONF (res: 0)
Fri Jun 26 10:41:11 2026 DL1C l1ctl_sap.c:411 MS 0003: Rx L1CTL_PARAM_REQ (ta=0, tx_power=14)
Fri Jun 26 10:41:11 2026 DL1C virt_prim_rach.c:81 MS 0003: Rx L1CTL_RACH_REQ (ra=0x00, offset=7 combined=1)
Fri Jun 26 10:41:11 2026 DL1C virt_prim_rach.c:124 MS 0003: Tx L1CTL_RACH_CONF (fn: 41637, arfcn: 51)
Fri Jun 26 10:41:11 2026 DL1C l1ctl_sap.c:411 MS 0003: Rx L1CTL_PARAM_REQ (ta=0, tx_power=14)
Fri Jun 26 10:41:11 2026 DL1C virt_prim_rach.c:81 MS 0003: Rx L1CTL_RACH_REQ (ra=0x04, offset=125 combined=1)
Fri Jun 26 10:41:11 2026 DL1C l1ctl_sap.c:578 MS 0003: Tx L1CTL_RESET_CONF (reset_type: 2)
Fri Jun 26 10:41:11 2026 DL1C l1ctl_sap.c:411 MS 0003: Rx L1CTL_PARAM_REQ (ta=0, tx_power=14)
Fri Jun 26 10:41:19 2026 DL1C l1ctl_sap.c:379 MS 0003: Rx L1CTL_DM_REL_REQ
Fri Jun 26 10:41:19 2026 DL1C l1ctl_sap.c:578 MS 0003: Tx L1CTL_RESET_CONF (reset_type: 1)
Fri Jun 26 10:41:19 2026 DL1C l1ctl_sap.c:578 MS 0003: Tx L1CTL_RESET_CONF (reset_type: 1)
Fri Jun 26 10:41:19 2026 DL1C virt_prim_fbsb.c:57 MS 0003: Rx L1CTL_FBSB_REQ (arfcn=51, flags=0x7)
Fri Jun 26 10:41:19 2026 DL1C virt_prim_fbsb.c:126 MS 0003: Tx L1CTL_FBSB_CONF (res: 0)
Fri Jun 26 10:41:19 2026 DL1C l1ctl_sap.c:526 MS 0003: Rx L1CTL_NEIGH_PM_REQ (list with 1 entries): IGNORED
Fri Jun 26 10:41:34 2026 DL1C l1ctl_sap.c:578 MS 0003: Tx L1CTL_RESET_CONF (reset_type: 1)
Fri Jun 26 10:41:34 2026 DL1C virt_prim_fbsb.c:57 MS 0003: Rx L1CTL_FBSB_REQ (arfcn=51, flags=0x7)
Fri Jun 26 10:41:34 2026 DL1C virt_prim_fbsb.c:126 MS 0003: Tx L1CTL_FBSB_CONF (res: 0)
Fri Jun 26 10:41:34 2026 DL1C l1ctl_sap.c:411 MS 0003: Rx L1CTL_PARAM_REQ (ta=0, tx_power=14)
Fri Jun 26 10:41:34 2026 DL1C virt_prim_rach.c:81 MS 0003: Rx L1CTL_RACH_REQ (ra=0x00, offset=11 combined=1)
Fri Jun 26 10:41:34 2026 DL1C virt_prim_rach.c:124 MS 0003: Tx L1CTL_RACH_CONF (fn: 46588, arfcn: 51)
Fri Jun 26 10:41:34 2026 DL1C l1ctl_sap.c:411 MS 0003: Rx L1CTL_PARAM_REQ (ta=0, tx_power=14)
Fri Jun 26 10:41:34 2026 DL1C virt_prim_rach.c:81 MS 0003: Rx L1CTL_RACH_REQ (ra=0x09, offset=123 combined=1)
Fri Jun 26 10:41:34 2026 DL1C l1ctl_sap.c:578 MS 0003: Tx L1CTL_RESET_CONF (reset_type: 2)
Fri Jun 26 10:41:34 2026 DL1C l1ctl_sap.c:411 MS 0003: Rx L1CTL_PARAM_REQ (ta=0, tx_power=14)
Fri Jun 26 10:41:36 2026 DL1C l1ctl_sap.c:379 MS 0003: Rx L1CTL_DM_REL_REQ
Fri Jun 26 10:41:36 2026 DL1C l1ctl_sap.c:578 MS 0003: Tx L1CTL_RESET_CONF (reset_type: 1)
Fri Jun 26 10:41:36 2026 DL1C l1ctl_sap.c:578 MS 0003: Tx L1CTL_RESET_CONF (reset_type: 1)
Fri Jun 26 10:41:36 2026 DL1C virt_prim_fbsb.c:57 MS 0003: Rx L1CTL_FBSB_REQ (arfcn=51, flags=0x7)
Fri Jun 26 10:41:36 2026 DL1C l1ctl_sap.c:578 MS 0003: Tx L1CTL_RESET_CONF (reset_type: 1)
Fri Jun 26 10:41:37 2026 DL1C l1ctl_sap.c:578 MS 0003: Tx L1CTL_RESET_CONF (reset_type: 1)
Fri Jun 26 10:41:37 2026 DL1C virt_prim_fbsb.c:57 MS 0003: Rx L1CTL_FBSB_REQ (arfcn=51, flags=0x7)
Fri Jun 26 10:41:37 2026 DL1C virt_prim_fbsb.c:126 MS 0003: Tx L1CTL_FBSB_CONF (res: 0)
Fri Jun 26 10:41:38 2026 DL1C l1ctl_sap.c:472 MS 0003: Rx L1CTL_CCCH_MODE_REQ (mode=2)
Fri Jun 26 10:41:38 2026 DL1C l1ctl_sap.c:600 MS 0003: Tx L1CTL_CCCH_MODE_CONF (mode: 2)
Fri Jun 26 10:41:38 2026 DL1C l1ctl_sap.c:578 MS 0003: Tx L1CTL_RESET_CONF (reset_type: 1)
Fri Jun 26 10:41:38 2026 DL1C virt_prim_fbsb.c:57 MS 0003: Rx L1CTL_FBSB_REQ (arfcn=51, flags=0x7)
Fri Jun 26 10:41:38 2026 DL1C virt_prim_fbsb.c:126 MS 0003: Tx L1CTL_FBSB_CONF (res: 0)
Fri Jun 26 10:41:38 2026 DL1C l1ctl_sap.c:526 MS 0003: Rx L1CTL_NEIGH_PM_REQ (list with 1 entries): IGNORED
Fri Jun 26 10:41:51 2026 DL1C l1ctl_sap.c:578 MS 0003: Tx L1CTL_RESET_CONF (reset_type: 1)
Fri Jun 26 10:41:51 2026 DL1C virt_prim_fbsb.c:57 MS 0003: Rx L1CTL_FBSB_REQ (arfcn=51, flags=0x7)
Fri Jun 26 10:41:51 2026 DL1C virt_prim_fbsb.c:126 MS 0003: Tx L1CTL_FBSB_CONF (res: 0)
Fri Jun 26 10:41:52 2026 DL1C l1ctl_sap.c:411 MS 0003: Rx L1CTL_PARAM_REQ (ta=0, tx_power=14)
Fri Jun 26 10:41:52 2026 DL1C virt_prim_rach.c:81 MS 0003: Rx L1CTL_RACH_REQ (ra=0x02, offset=8 combined=1)
Fri Jun 26 10:41:52 2026 DL1C virt_prim_rach.c:124 MS 0003: Tx L1CTL_RACH_CONF (fn: 50463, arfcn: 51)
Fri Jun 26 10:41:52 2026 DL1C l1ctl_sap.c:411 MS 0003: Rx L1CTL_PARAM_REQ (ta=0, tx_power=14)
Fri Jun 26 10:41:52 2026 DL1C virt_prim_rach.c:81 MS 0003: Rx L1CTL_RACH_REQ (ra=0x05, offset=124 combined=1)
Fri Jun 26 10:41:52 2026 DL1C l1ctl_sap.c:578 MS 0003: Tx L1CTL_RESET_CONF (reset_type: 2)
Fri Jun 26 10:41:52 2026 DL1C l1ctl_sap.c:411 MS 0003: Rx L1CTL_PARAM_REQ (ta=0, tx_power=14)
Fri Jun 26 10:41:53 2026 DL1C l1ctl_sap.c:379 MS 0003: Rx L1CTL_DM_REL_REQ
Fri Jun 26 10:41:53 2026 DL1C l1ctl_sap.c:578 MS 0003: Tx L1CTL_RESET_CONF (reset_type: 1)
Fri Jun 26 10:41:53 2026 DL1C l1ctl_sap.c:578 MS 0003: Tx L1CTL_RESET_CONF (reset_type: 1)
Fri Jun 26 10:41:53 2026 DL1C virt_prim_fbsb.c:57 MS 0003: Rx L1CTL_FBSB_REQ (arfcn=51, flags=0x7)
Fri Jun 26 10:41:53 2026 DL1C virt_prim_fbsb.c:126 MS 0003: Tx L1CTL_FBSB_CONF (res: 0)
Fri Jun 26 10:41:53 2026 DL1C l1ctl_sap.c:526 MS 0003: Rx L1CTL_NEIGH_PM_REQ (list with 1 entries): IGNORED
Fri Jun 26 10:42:08 2026 DL1C l1ctl_sap.c:578 MS 0003: Tx L1CTL_RESET_CONF (reset_type: 1)
Fri Jun 26 10:42:08 2026 DL1C virt_prim_fbsb.c:57 MS 0003: Rx L1CTL_FBSB_REQ (arfcn=51, flags=0x7)
Fri Jun 26 10:42:08 2026 DL1C virt_prim_fbsb.c:126 MS 0003: Tx L1CTL_FBSB_CONF (res: 0)
Fri Jun 26 10:42:08 2026 DL1C l1ctl_sap.c:411 MS 0003: Rx L1CTL_PARAM_REQ (ta=0, tx_power=14)
Fri Jun 26 10:42:08 2026 DL1C virt_prim_rach.c:81 MS 0003: Rx L1CTL_RACH_REQ (ra=0x02, offset=9 combined=1)
Fri Jun 26 10:42:08 2026 DL1C virt_prim_rach.c:124 MS 0003: Tx L1CTL_RACH_CONF (fn: 54085, arfcn: 51)
Fri Jun 26 10:42:08 2026 DL1C l1ctl_sap.c:411 MS 0003: Rx L1CTL_PARAM_REQ (ta=0, tx_power=14)
Fri Jun 26 10:42:08 2026 DL1C virt_prim_rach.c:81 MS 0003: Rx L1CTL_RACH_REQ (ra=0x04, offset=125 combined=1)
Fri Jun 26 10:42:08 2026 DL1C l1ctl_sap.c:578 MS 0003: Tx L1CTL_RESET_CONF (reset_type: 2)
Fri Jun 26 10:42:08 2026 DL1C l1ctl_sap.c:411 MS 0003: Rx L1CTL_PARAM_REQ (ta=0, tx_power=14)
Fri Jun 26 10:42:29 2026 DL1C l1ctl_sap.c:379 MS 0003: Rx L1CTL_DM_REL_REQ
Fri Jun 26 10:42:29 2026 DL1C l1ctl_sap.c:578 MS 0003: Tx L1CTL_RESET_CONF (reset_type: 1)
Fri Jun 26 10:42:29 2026 DL1C l1ctl_sap.c:578 MS 0003: Tx L1CTL_RESET_CONF (reset_type: 1)
Fri Jun 26 10:42:29 2026 DL1C virt_prim_fbsb.c:57 MS 0003: Rx L1CTL_FBSB_REQ (arfcn=51, flags=0x7)
Fri Jun 26 10:42:29 2026 DL1C l1ctl_sap.c:578 MS 0003: Tx L1CTL_RESET_CONF (reset_type: 1)
Fri Jun 26 10:42:29 2026 DL1C l1ctl_sock.c:99 Failed to receive msg from l2. Connection will be closed.
Fri Jun 26 10:42:29 2026 DMAIN virt_l1_model.c:49 MS 0003: destroyed
Fri Jun 26 10:42:44 2026 DMAIN virt_l1_model.c:42 MS 0004: allocated
Fri Jun 26 10:42:44 2026 DL1C l1ctl_sock.c:138 Accepted client (fd=6) from server (fd=5)
Fri Jun 26 10:42:44 2026 DL1C l1ctl_sap.c:578 MS 0004: Tx L1CTL_RESET_CONF (reset_type: 1)
Fri Jun 26 10:42:44 2026 DL1C l1ctl_sap.c:578 MS 0004: Tx L1CTL_RESET_CONF (reset_type: 1)
Fri Jun 26 10:42:44 2026 DL1C l1ctl_sap.c:578 MS 0004: Tx L1CTL_RESET_CONF (reset_type: 1)
Fri Jun 26 10:42:44 2026 DL1C virt_prim_fbsb.c:57 MS 0004: Rx L1CTL_FBSB_REQ (arfcn=51, flags=0x7)
Fri Jun 26 10:42:44 2026 DL1C virt_prim_fbsb.c:126 MS 0004: Tx L1CTL_FBSB_CONF (res: 0)
Fri Jun 26 10:42:45 2026 DL1C l1ctl_sap.c:472 MS 0004: Rx L1CTL_CCCH_MODE_REQ (mode=2)
Fri Jun 26 10:42:45 2026 DL1C l1ctl_sap.c:600 MS 0004: Tx L1CTL_CCCH_MODE_CONF (mode: 2)
Fri Jun 26 10:42:45 2026 DL1C l1ctl_sap.c:578 MS 0004: Tx L1CTL_RESET_CONF (reset_type: 1)
Fri Jun 26 10:42:45 2026 DL1C virt_prim_fbsb.c:57 MS 0004: Rx L1CTL_FBSB_REQ (arfcn=51, flags=0x7)
Fri Jun 26 10:42:45 2026 DL1C virt_prim_fbsb.c:126 MS 0004: Tx L1CTL_FBSB_CONF (res: 0)
Fri Jun 26 10:42:45 2026 DL1C l1ctl_sap.c:411 MS 0004: Rx L1CTL_PARAM_REQ (ta=0, tx_power=14)
Fri Jun 26 10:42:45 2026 DL1C virt_prim_rach.c:81 MS 0004: Rx L1CTL_RACH_REQ (ra=0x03, offset=0 combined=1)
Fri Jun 26 10:42:45 2026 DL1C virt_prim_rach.c:124 MS 0004: Tx L1CTL_RACH_CONF (fn: 62132, arfcn: 51)
Fri Jun 26 10:42:45 2026 DL1C l1ctl_sap.c:411 MS 0004: Rx L1CTL_PARAM_REQ (ta=0, tx_power=14)
Fri Jun 26 10:42:45 2026 DL1C virt_prim_rach.c:81 MS 0004: Rx L1CTL_RACH_REQ (ra=0x0a, offset=123 combined=1)
Fri Jun 26 10:42:46 2026 DL1C l1ctl_sap.c:578 MS 0004: Tx L1CTL_RESET_CONF (reset_type: 2)
Fri Jun 26 10:42:46 2026 DL1C l1ctl_sap.c:411 MS 0004: Rx L1CTL_PARAM_REQ (ta=0, tx_power=14)
Fri Jun 26 10:42:53 2026 DL1C l1ctl_sap.c:379 MS 0004: Rx L1CTL_DM_REL_REQ
Fri Jun 26 10:42:53 2026 DL1C l1ctl_sap.c:578 MS 0004: Tx L1CTL_RESET_CONF (reset_type: 1)
Fri Jun 26 10:42:53 2026 DL1C l1ctl_sap.c:578 MS 0004: Tx L1CTL_RESET_CONF (reset_type: 1)
Fri Jun 26 10:42:53 2026 DL1C virt_prim_fbsb.c:57 MS 0004: Rx L1CTL_FBSB_REQ (arfcn=51, flags=0x7)
Fri Jun 26 10:42:53 2026 DL1C virt_prim_fbsb.c:126 MS 0004: Tx L1CTL_FBSB_CONF (res: 0)
Fri Jun 26 10:42:53 2026 DL1C l1ctl_sap.c:526 MS 0004: Rx L1CTL_NEIGH_PM_REQ (list with 1 entries): IGNORED
Fri Jun 26 10:43:08 2026 DL1C l1ctl_sap.c:578 MS 0004: Tx L1CTL_RESET_CONF (reset_type: 1)
Fri Jun 26 10:43:08 2026 DL1C virt_prim_fbsb.c:57 MS 0004: Rx L1CTL_FBSB_REQ (arfcn=51, flags=0x7)
Fri Jun 26 10:43:08 2026 DL1C virt_prim_fbsb.c:126 MS 0004: Tx L1CTL_FBSB_CONF (res: 0)
Fri Jun 26 10:43:08 2026 DL1C l1ctl_sap.c:411 MS 0004: Rx L1CTL_PARAM_REQ (ta=0, tx_power=14)
Fri Jun 26 10:43:08 2026 DL1C virt_prim_rach.c:81 MS 0004: Rx L1CTL_RACH_REQ (ra=0x01, offset=9 combined=1)
Fri Jun 26 10:43:08 2026 DL1C virt_prim_rach.c:124 MS 0004: Tx L1CTL_RACH_CONF (fn: 67088, arfcn: 51)
Fri Jun 26 10:43:08 2026 DL1C l1ctl_sap.c:411 MS 0004: Rx L1CTL_PARAM_REQ (ta=0, tx_power=14)
Fri Jun 26 10:43:08 2026 DL1C virt_prim_rach.c:81 MS 0004: Rx L1CTL_RACH_REQ (ra=0x0c, offset=115 combined=1)
Fri Jun 26 10:43:08 2026 DL1C l1ctl_sap.c:578 MS 0004: Tx L1CTL_RESET_CONF (reset_type: 2)
Fri Jun 26 10:43:08 2026 DL1C l1ctl_sap.c:411 MS 0004: Rx L1CTL_PARAM_REQ (ta=0, tx_power=14)
Fri Jun 26 10:43:16 2026 DL1C l1ctl_sap.c:379 MS 0004: Rx L1CTL_DM_REL_REQ
Fri Jun 26 10:43:16 2026 DL1C l1ctl_sap.c:578 MS 0004: Tx L1CTL_RESET_CONF (reset_type: 1)
Fri Jun 26 10:43:16 2026 DL1C l1ctl_sap.c:578 MS 0004: Tx L1CTL_RESET_CONF (reset_type: 1)
Fri Jun 26 10:43:16 2026 DL1C virt_prim_fbsb.c:57 MS 0004: Rx L1CTL_FBSB_REQ (arfcn=51, flags=0x7)
Fri Jun 26 10:43:16 2026 DL1C virt_prim_fbsb.c:126 MS 0004: Tx L1CTL_FBSB_CONF (res: 0)
Fri Jun 26 10:43:16 2026 DL1C l1ctl_sap.c:526 MS 0004: Rx L1CTL_NEIGH_PM_REQ (list with 1 entries): IGNORED
Fri Jun 26 10:43:31 2026 DL1C l1ctl_sap.c:578 MS 0004: Tx L1CTL_RESET_CONF (reset_type: 1)
Fri Jun 26 10:43:31 2026 DL1C virt_prim_fbsb.c:57 MS 0004: Rx L1CTL_FBSB_REQ (arfcn=51, flags=0x7)
Fri Jun 26 10:43:31 2026 DL1C virt_prim_fbsb.c:126 MS 0004: Tx L1CTL_FBSB_CONF (res: 0)
Fri Jun 26 10:43:31 2026 DL1C l1ctl_sap.c:411 MS 0004: Rx L1CTL_PARAM_REQ (ta=0, tx_power=14)
Fri Jun 26 10:43:31 2026 DL1C virt_prim_rach.c:81 MS 0004: Rx L1CTL_RACH_REQ (ra=0x03, offset=4 combined=1)
Fri Jun 26 10:43:31 2026 DL1C virt_prim_rach.c:124 MS 0004: Tx L1CTL_RACH_CONF (fn: 72030, arfcn: 51)
Fri Jun 26 10:43:31 2026 DL1C l1ctl_sap.c:411 MS 0004: Rx L1CTL_PARAM_REQ (ta=0, tx_power=14)
Fri Jun 26 10:43:31 2026 DL1C virt_prim_rach.c:81 MS 0004: Rx L1CTL_RACH_REQ (ra=0x02, offset=115 combined=1)
Fri Jun 26 10:43:31 2026 DL1C l1ctl_sap.c:578 MS 0004: Tx L1CTL_RESET_CONF (reset_type: 2)
Fri Jun 26 10:43:31 2026 DL1C l1ctl_sap.c:411 MS 0004: Rx L1CTL_PARAM_REQ (ta=0, tx_power=14)
Fri Jun 26 10:43:52 2026 DL1C l1ctl_sap.c:379 MS 0004: Rx L1CTL_DM_REL_REQ
Fri Jun 26 10:43:52 2026 DL1C l1ctl_sap.c:578 MS 0004: Tx L1CTL_RESET_CONF (reset_type: 1)
Fri Jun 26 10:43:52 2026 DL1C l1ctl_sap.c:578 MS 0004: Tx L1CTL_RESET_CONF (reset_type: 1)
Fri Jun 26 10:43:52 2026 DL1C virt_prim_fbsb.c:57 MS 0004: Rx L1CTL_FBSB_REQ (arfcn=51, flags=0x7)
Fri Jun 26 10:43:52 2026 DL1C l1ctl_sap.c:578 MS 0004: Tx L1CTL_RESET_CONF (reset_type: 1)
Fri Jun 26 10:43:52 2026 DL1C l1ctl_sock.c:99 Failed to receive msg from l2. Connection will be closed.
Fri Jun 26 10:43:52 2026 DMAIN virt_l1_model.c:49 MS 0004: destroyed
Fri Jun 26 10:44:02 2026 DMAIN virt_l1_model.c:42 MS 0005: allocated
Fri Jun 26 10:44:02 2026 DL1C l1ctl_sock.c:138 Accepted client (fd=6) from server (fd=5)
Fri Jun 26 10:44:02 2026 DL1C l1ctl_sap.c:578 MS 0005: Tx L1CTL_RESET_CONF (reset_type: 1)
Fri Jun 26 10:44:02 2026 DL1C l1ctl_sap.c:578 MS 0005: Tx L1CTL_RESET_CONF (reset_type: 1)
Fri Jun 26 10:44:03 2026 DL1C l1ctl_sap.c:578 MS 0005: Tx L1CTL_RESET_CONF (reset_type: 1)
Fri Jun 26 10:44:03 2026 DL1C virt_prim_fbsb.c:57 MS 0005: Rx L1CTL_FBSB_REQ (arfcn=51, flags=0x7)
Fri Jun 26 10:44:03 2026 DL1C virt_prim_fbsb.c:126 MS 0005: Tx L1CTL_FBSB_CONF (res: 0)
Fri Jun 26 10:44:03 2026 DL1C l1ctl_sap.c:472 MS 0005: Rx L1CTL_CCCH_MODE_REQ (mode=2)
Fri Jun 26 10:44:03 2026 DL1C l1ctl_sap.c:600 MS 0005: Tx L1CTL_CCCH_MODE_CONF (mode: 2)
Fri Jun 26 10:44:04 2026 DL1C l1ctl_sap.c:578 MS 0005: Tx L1CTL_RESET_CONF (reset_type: 1)
Fri Jun 26 10:44:04 2026 DL1C virt_prim_fbsb.c:57 MS 0005: Rx L1CTL_FBSB_REQ (arfcn=51, flags=0x7)
Fri Jun 26 10:44:04 2026 DL1C virt_prim_fbsb.c:126 MS 0005: Tx L1CTL_FBSB_CONF (res: 0)
Fri Jun 26 10:44:04 2026 DL1C l1ctl_sap.c:411 MS 0005: Rx L1CTL_PARAM_REQ (ta=0, tx_power=14)
Fri Jun 26 10:44:04 2026 DL1C virt_prim_rach.c:81 MS 0005: Rx L1CTL_RACH_REQ (ra=0x05, offset=11 combined=1)
Fri Jun 26 10:44:04 2026 DL1C virt_prim_rach.c:124 MS 0005: Tx L1CTL_RACH_CONF (fn: 79177, arfcn: 51)
Fri Jun 26 10:44:04 2026 DL1C l1ctl_sap.c:411 MS 0005: Rx L1CTL_PARAM_REQ (ta=0, tx_power=14)
Fri Jun 26 10:44:04 2026 DL1C virt_prim_rach.c:81 MS 0005: Rx L1CTL_RACH_REQ (ra=0x08, offset=115 combined=1)
Fri Jun 26 10:44:04 2026 DL1C l1ctl_sap.c:578 MS 0005: Tx L1CTL_RESET_CONF (reset_type: 2)
Fri Jun 26 10:44:04 2026 DL1C l1ctl_sap.c:411 MS 0005: Rx L1CTL_PARAM_REQ (ta=0, tx_power=14)
Fri Jun 26 10:44:12 2026 DL1C l1ctl_sap.c:379 MS 0005: Rx L1CTL_DM_REL_REQ
Fri Jun 26 10:44:12 2026 DL1C l1ctl_sap.c:578 MS 0005: Tx L1CTL_RESET_CONF (reset_type: 1)
Fri Jun 26 10:44:12 2026 DL1C l1ctl_sap.c:578 MS 0005: Tx L1CTL_RESET_CONF (reset_type: 1)
Fri Jun 26 10:44:12 2026 DL1C virt_prim_fbsb.c:57 MS 0005: Rx L1CTL_FBSB_REQ (arfcn=51, flags=0x7)
Fri Jun 26 10:44:12 2026 DL1C virt_prim_fbsb.c:126 MS 0005: Tx L1CTL_FBSB_CONF (res: 0)
Fri Jun 26 10:44:12 2026 DL1C l1ctl_sap.c:526 MS 0005: Rx L1CTL_NEIGH_PM_REQ (list with 1 entries): IGNORED
Fri Jun 26 10:44:27 2026 DL1C l1ctl_sap.c:578 MS 0005: Tx L1CTL_RESET_CONF (reset_type: 1)
Fri Jun 26 10:44:27 2026 DL1C virt_prim_fbsb.c:57 MS 0005: Rx L1CTL_FBSB_REQ (arfcn=51, flags=0x7)
Fri Jun 26 10:44:27 2026 DL1C virt_prim_fbsb.c:126 MS 0005: Tx L1CTL_FBSB_CONF (res: 0)
Fri Jun 26 10:44:27 2026 DL1C l1ctl_sap.c:411 MS 0005: Rx L1CTL_PARAM_REQ (ta=0, tx_power=14)
Fri Jun 26 10:44:27 2026 DL1C virt_prim_rach.c:81 MS 0005: Rx L1CTL_RACH_REQ (ra=0x02, offset=5 combined=1)
Fri Jun 26 10:44:27 2026 DL1C virt_prim_rach.c:124 MS 0005: Tx L1CTL_RACH_CONF (fn: 84118, arfcn: 51)
Fri Jun 26 10:44:27 2026 DL1C l1ctl_sap.c:411 MS 0005: Rx L1CTL_PARAM_REQ (ta=0, tx_power=14)
Fri Jun 26 10:44:27 2026 DL1C virt_prim_rach.c:81 MS 0005: Rx L1CTL_RACH_REQ (ra=0x07, offset=123 combined=1)
Fri Jun 26 10:44:27 2026 DL1C l1ctl_sap.c:578 MS 0005: Tx L1CTL_RESET_CONF (reset_type: 2)
Fri Jun 26 10:44:27 2026 DL1C l1ctl_sap.c:411 MS 0005: Rx L1CTL_PARAM_REQ (ta=0, tx_power=14)
Fri Jun 26 10:44:48 2026 DL1C l1ctl_sap.c:379 MS 0005: Rx L1CTL_DM_REL_REQ
Fri Jun 26 10:44:48 2026 DL1C l1ctl_sap.c:578 MS 0005: Tx L1CTL_RESET_CONF (reset_type: 1)
Fri Jun 26 10:44:48 2026 DL1C l1ctl_sap.c:578 MS 0005: Tx L1CTL_RESET_CONF (reset_type: 1)
Fri Jun 26 10:44:48 2026 DL1C virt_prim_fbsb.c:57 MS 0005: Rx L1CTL_FBSB_REQ (arfcn=51, flags=0x7)
Fri Jun 26 10:44:48 2026 DL1C l1ctl_sap.c:578 MS 0005: Tx L1CTL_RESET_CONF (reset_type: 1)
Fri Jun 26 10:44:48 2026 DL1C l1ctl_sock.c:99 Failed to receive msg from l2. Connection will be closed.
Fri Jun 26 10:44:48 2026 DMAIN virt_l1_model.c:49 MS 0005: destroyed
Fri Jun 26 10:45:09 2026 DMAIN virt_l1_model.c:42 MS 0006: allocated
Fri Jun 26 10:45:09 2026 DL1C l1ctl_sock.c:138 Accepted client (fd=6) from server (fd=5)
Fri Jun 26 10:45:09 2026 DL1C l1ctl_sap.c:578 MS 0006: Tx L1CTL_RESET_CONF (reset_type: 1)
Fri Jun 26 10:45:09 2026 DL1C l1ctl_sap.c:578 MS 0006: Tx L1CTL_RESET_CONF (reset_type: 1)
Fri Jun 26 10:45:09 2026 DL1C l1ctl_sap.c:578 MS 0006: Tx L1CTL_RESET_CONF (reset_type: 1)
Fri Jun 26 10:45:09 2026 DL1C virt_prim_fbsb.c:57 MS 0006: Rx L1CTL_FBSB_REQ (arfcn=51, flags=0x7)
Fri Jun 26 10:45:09 2026 DL1C virt_prim_fbsb.c:126 MS 0006: Tx L1CTL_FBSB_CONF (res: 0)
Fri Jun 26 10:45:09 2026 DL1C l1ctl_sap.c:472 MS 0006: Rx L1CTL_CCCH_MODE_REQ (mode=2)
Fri Jun 26 10:45:09 2026 DL1C l1ctl_sap.c:600 MS 0006: Tx L1CTL_CCCH_MODE_CONF (mode: 2)
Fri Jun 26 10:45:10 2026 DL1C l1ctl_sap.c:578 MS 0006: Tx L1CTL_RESET_CONF (reset_type: 1)
Fri Jun 26 10:45:10 2026 DL1C virt_prim_fbsb.c:57 MS 0006: Rx L1CTL_FBSB_REQ (arfcn=51, flags=0x7)
Fri Jun 26 10:45:10 2026 DL1C virt_prim_fbsb.c:126 MS 0006: Tx L1CTL_FBSB_CONF (res: 0)
Fri Jun 26 10:45:10 2026 DL1C l1ctl_sap.c:411 MS 0006: Rx L1CTL_PARAM_REQ (ta=0, tx_power=14)
Fri Jun 26 10:45:10 2026 DL1C virt_prim_rach.c:81 MS 0006: Rx L1CTL_RACH_REQ (ra=0x0d, offset=3 combined=1)
Fri Jun 26 10:45:10 2026 DL1C virt_prim_rach.c:124 MS 0006: Tx L1CTL_RACH_CONF (fn: 93449, arfcn: 51)
Fri Jun 26 10:45:10 2026 DL1C l1ctl_sap.c:411 MS 0006: Rx L1CTL_PARAM_REQ (ta=0, tx_power=14)
Fri Jun 26 10:45:10 2026 DL1C virt_prim_rach.c:81 MS 0006: Rx L1CTL_RACH_REQ (ra=0x0d, offset=125 combined=1)
Fri Jun 26 10:45:10 2026 DL1C l1ctl_sap.c:578 MS 0006: Tx L1CTL_RESET_CONF (reset_type: 2)
Fri Jun 26 10:45:10 2026 DL1C l1ctl_sap.c:411 MS 0006: Rx L1CTL_PARAM_REQ (ta=0, tx_power=14)
Fri Jun 26 10:45:18 2026 DL1C l1ctl_sap.c:379 MS 0006: Rx L1CTL_DM_REL_REQ
Fri Jun 26 10:45:18 2026 DL1C l1ctl_sap.c:578 MS 0006: Tx L1CTL_RESET_CONF (reset_type: 1)
Fri Jun 26 10:45:18 2026 DL1C l1ctl_sap.c:578 MS 0006: Tx L1CTL_RESET_CONF (reset_type: 1)
Fri Jun 26 10:45:18 2026 DL1C virt_prim_fbsb.c:57 MS 0006: Rx L1CTL_FBSB_REQ (arfcn=51, flags=0x7)
Fri Jun 26 10:45:18 2026 DL1C virt_prim_fbsb.c:126 MS 0006: Tx L1CTL_FBSB_CONF (res: 0)
Fri Jun 26 10:45:18 2026 DL1C l1ctl_sap.c:526 MS 0006: Rx L1CTL_NEIGH_PM_REQ (list with 1 entries): IGNORED
Fri Jun 26 10:45:33 2026 DL1C l1ctl_sap.c:578 MS 0006: Tx L1CTL_RESET_CONF (reset_type: 1)
Fri Jun 26 10:45:33 2026 DL1C virt_prim_fbsb.c:57 MS 0006: Rx L1CTL_FBSB_REQ (arfcn=51, flags=0x7)
Fri Jun 26 10:45:33 2026 DL1C virt_prim_fbsb.c:126 MS 0006: Tx L1CTL_FBSB_CONF (res: 0)
Fri Jun 26 10:45:33 2026 DL1C l1ctl_sap.c:411 MS 0006: Rx L1CTL_PARAM_REQ (ta=0, tx_power=14)
Fri Jun 26 10:45:33 2026 DL1C virt_prim_rach.c:81 MS 0006: Rx L1CTL_RACH_REQ (ra=0x07, offset=3 combined=1)
Fri Jun 26 10:45:33 2026 DL1C virt_prim_rach.c:124 MS 0006: Tx L1CTL_RACH_CONF (fn: 98396, arfcn: 51)
Fri Jun 26 10:45:33 2026 DL1C l1ctl_sap.c:411 MS 0006: Rx L1CTL_PARAM_REQ (ta=0, tx_power=14)
Fri Jun 26 10:45:33 2026 DL1C virt_prim_rach.c:81 MS 0006: Rx L1CTL_RACH_REQ (ra=0x0c, offset=116 combined=1)
Fri Jun 26 10:45:33 2026 DL1C l1ctl_sap.c:578 MS 0006: Tx L1CTL_RESET_CONF (reset_type: 2)
Fri Jun 26 10:45:33 2026 DL1C l1ctl_sap.c:411 MS 0006: Rx L1CTL_PARAM_REQ (ta=0, tx_power=14)
Fri Jun 26 10:45:40 2026 DL1C l1ctl_sap.c:379 MS 0006: Rx L1CTL_DM_REL_REQ
Fri Jun 26 10:45:40 2026 DL1C l1ctl_sap.c:578 MS 0006: Tx L1CTL_RESET_CONF (reset_type: 1)
Fri Jun 26 10:45:40 2026 DL1C l1ctl_sap.c:578 MS 0006: Tx L1CTL_RESET_CONF (reset_type: 1)
Fri Jun 26 10:45:40 2026 DL1C virt_prim_fbsb.c:57 MS 0006: Rx L1CTL_FBSB_REQ (arfcn=51, flags=0x7)
Fri Jun 26 10:45:41 2026 DL1C virt_prim_fbsb.c:126 MS 0006: Tx L1CTL_FBSB_CONF (res: 0)
Fri Jun 26 10:45:41 2026 DL1C l1ctl_sap.c:526 MS 0006: Rx L1CTL_NEIGH_PM_REQ (list with 1 entries): IGNORED
Fri Jun 26 10:45:50 2026 DL1C l1ctl_sap.c:578 MS 0006: Tx L1CTL_RESET_CONF (reset_type: 1)
Fri Jun 26 10:45:50 2026 DL1C l1ctl_sock.c:99 Failed to receive msg from l2. Connection will be closed.
Fri Jun 26 10:45:50 2026 DMAIN virt_l1_model.c:49 MS 0006: destroyed
Fri Jun 26 10:46:11 2026 DMAIN virt_l1_model.c:42 MS 0007: allocated
Fri Jun 26 10:46:11 2026 DL1C l1ctl_sock.c:138 Accepted client (fd=6) from server (fd=5)
Fri Jun 26 10:46:11 2026 DL1C l1ctl_sap.c:578 MS 0007: Tx L1CTL_RESET_CONF (reset_type: 1)
Fri Jun 26 10:46:11 2026 DL1C l1ctl_sap.c:578 MS 0007: Tx L1CTL_RESET_CONF (reset_type: 1)
Fri Jun 26 10:46:11 2026 DL1C l1ctl_sap.c:578 MS 0007: Tx L1CTL_RESET_CONF (reset_type: 1)
Fri Jun 26 10:46:11 2026 DL1C virt_prim_fbsb.c:57 MS 0007: Rx L1CTL_FBSB_REQ (arfcn=51, flags=0x7)
Fri Jun 26 10:46:11 2026 DL1C virt_prim_fbsb.c:126 MS 0007: Tx L1CTL_FBSB_CONF (res: 0)
Fri Jun 26 10:46:12 2026 DL1C l1ctl_sap.c:472 MS 0007: Rx L1CTL_CCCH_MODE_REQ (mode=2)
Fri Jun 26 10:46:12 2026 DL1C l1ctl_sap.c:600 MS 0007: Tx L1CTL_CCCH_MODE_CONF (mode: 2)
Fri Jun 26 10:46:12 2026 DL1C l1ctl_sap.c:578 MS 0007: Tx L1CTL_RESET_CONF (reset_type: 1)
Fri Jun 26 10:46:12 2026 DL1C virt_prim_fbsb.c:57 MS 0007: Rx L1CTL_FBSB_REQ (arfcn=51, flags=0x7)
Fri Jun 26 10:46:12 2026 DL1C virt_prim_fbsb.c:126 MS 0007: Tx L1CTL_FBSB_CONF (res: 0)
Fri Jun 26 10:46:12 2026 DL1C l1ctl_sap.c:411 MS 0007: Rx L1CTL_PARAM_REQ (ta=0, tx_power=14)
Fri Jun 26 10:46:12 2026 DL1C virt_prim_rach.c:81 MS 0007: Rx L1CTL_RACH_REQ (ra=0x0c, offset=4 combined=1)
Fri Jun 26 10:46:12 2026 DL1C virt_prim_rach.c:124 MS 0007: Tx L1CTL_RACH_CONF (fn: 106965, arfcn: 51)
Fri Jun 26 10:46:12 2026 DL1C l1ctl_sap.c:411 MS 0007: Rx L1CTL_PARAM_REQ (ta=0, tx_power=14)
Fri Jun 26 10:46:12 2026 DL1C virt_prim_rach.c:81 MS 0007: Rx L1CTL_RACH_REQ (ra=0x02, offset=125 combined=1)
Fri Jun 26 10:46:13 2026 DL1C l1ctl_sap.c:578 MS 0007: Tx L1CTL_RESET_CONF (reset_type: 2)
Fri Jun 26 10:46:13 2026 DL1C l1ctl_sap.c:411 MS 0007: Rx L1CTL_PARAM_REQ (ta=0, tx_power=14)
Fri Jun 26 10:46:33 2026 DL1C l1ctl_sap.c:379 MS 0007: Rx L1CTL_DM_REL_REQ
Fri Jun 26 10:46:33 2026 DL1C l1ctl_sap.c:578 MS 0007: Tx L1CTL_RESET_CONF (reset_type: 1)
Fri Jun 26 10:46:33 2026 DL1C l1ctl_sap.c:578 MS 0007: Tx L1CTL_RESET_CONF (reset_type: 1)
Fri Jun 26 10:46:33 2026 DL1C virt_prim_fbsb.c:57 MS 0007: Rx L1CTL_FBSB_REQ (arfcn=51, flags=0x7)
Fri Jun 26 10:46:33 2026 DL1C virt_prim_fbsb.c:126 MS 0007: Tx L1CTL_FBSB_CONF (res: 0)
Fri Jun 26 10:46:33 2026 DL1C l1ctl_sap.c:526 MS 0007: Rx L1CTL_NEIGH_PM_REQ (list with 1 entries): IGNORED
Fri Jun 26 10:46:48 2026 DL1C l1ctl_sap.c:578 MS 0007: Tx L1CTL_RESET_CONF (reset_type: 1)
Fri Jun 26 10:46:48 2026 DL1C virt_prim_fbsb.c:57 MS 0007: Rx L1CTL_FBSB_REQ (arfcn=51, flags=0x7)
Fri Jun 26 10:46:48 2026 DL1C virt_prim_fbsb.c:126 MS 0007: Tx L1CTL_FBSB_CONF (res: 0)
Fri Jun 26 10:46:48 2026 DL1C l1ctl_sap.c:411 MS 0007: Rx L1CTL_PARAM_REQ (ta=0, tx_power=14)
Fri Jun 26 10:46:48 2026 DL1C virt_prim_rach.c:81 MS 0007: Rx L1CTL_RACH_REQ (ra=0x0b, offset=4 combined=1)
Fri Jun 26 10:46:48 2026 DL1C virt_prim_rach.c:124 MS 0007: Tx L1CTL_RACH_CONF (fn: 114719, arfcn: 51)
Fri Jun 26 10:46:48 2026 DL1C l1ctl_sap.c:411 MS 0007: Rx L1CTL_PARAM_REQ (ta=0, tx_power=14)
Fri Jun 26 10:46:48 2026 DL1C virt_prim_rach.c:81 MS 0007: Rx L1CTL_RACH_REQ (ra=0x02, offset=119 combined=1)
Fri Jun 26 10:46:48 2026 DL1C l1ctl_sap.c:578 MS 0007: Tx L1CTL_RESET_CONF (reset_type: 2)
Fri Jun 26 10:46:48 2026 DL1C l1ctl_sap.c:411 MS 0007: Rx L1CTL_PARAM_REQ (ta=0, tx_power=14)
Fri Jun 26 10:46:56 2026 DL1C l1ctl_sap.c:379 MS 0007: Rx L1CTL_DM_REL_REQ
Fri Jun 26 10:46:56 2026 DL1C l1ctl_sap.c:578 MS 0007: Tx L1CTL_RESET_CONF (reset_type: 1)
Fri Jun 26 10:46:56 2026 DL1C l1ctl_sap.c:578 MS 0007: Tx L1CTL_RESET_CONF (reset_type: 1)
Fri Jun 26 10:46:56 2026 DL1C virt_prim_fbsb.c:57 MS 0007: Rx L1CTL_FBSB_REQ (arfcn=51, flags=0x7)
Fri Jun 26 10:46:56 2026 DL1C virt_prim_fbsb.c:126 MS 0007: Tx L1CTL_FBSB_CONF (res: 0)
Fri Jun 26 10:46:56 2026 DL1C l1ctl_sap.c:526 MS 0007: Rx L1CTL_NEIGH_PM_REQ (list with 1 entries): IGNORED
