2026/Jun/23 07:14:04.881980 EXECUTOR - TTCN-3 Main Test Component started on ttcn3-tc-26-8-1-2-1-1-1-prmn8. Version: 11.1.0.
2026/Jun/23 07:14:04.882110 EXECUTOR - TTCN Logger v2.2 options: TimeStampFormat:=DateTime; LogEntityName:=No; LogEventTypes:=Yes; SourceInfoFormat:=Single; LogSensitiveData:=No; *.FileMask:=LOG_ALL; *.ConsoleMask:=ERROR | TESTCASE | USER | VERDICTOP | WARNING; LogFileSize:=0; LogFileNumber:=1; DiskFullAction:=Error
2026/Jun/23 07:14:04.882183 EXECUTOR - Connected to MC.
2026/Jun/23 07:14:04.882310 EXECUTOR - Executing test case TC_26_8_1_2_1_1 in module TC_26_8_1_2_1_1.
2026/Jun/23 07:14:04.882567 TESTCASE TC_26_8_1_2_1_1.ttcn3:43 Test case TC_26_8_1_2_1_1 started.
2026/Jun/23 07:14:04.882633 PARALLEL TC_26_8_1_2_1_1.ttcn3:43 Initializing variables, timers and ports of component type GSM_Component_Definitions.GSM_CT inside testcase TC_26_8_1_2_1_1.
2026/Jun/23 07:14:04.882882 USER TC_26_8_1_2_1_1.ttcn3:43 MSC_Port: set_parameter msc_stub_host = 10.42.0.234
2026/Jun/23 07:14:04.882934 USER TC_26_8_1_2_1_1.ttcn3:43 MSC_Port: set_parameter msc_stub_port = 5000
2026/Jun/23 07:14:04.882949 USER TC_26_8_1_2_1_1.ttcn3:43 L3_Port: set_parameter gsmtap_host = 127.0.0.1
2026/Jun/23 07:14:04.882964 USER TC_26_8_1_2_1_1.ttcn3:43 L3_Port: set_parameter gsmtap_port = 4729
2026/Jun/23 07:14:04.882972 USER TC_26_8_1_2_1_1.ttcn3:43 L3_Port: set_parameter local_port = 4729
2026/Jun/23 07:14:04.882976 USER TC_26_8_1_2_1_1.ttcn3:43 L3_Port: set_parameter ul_multicast_group = 239.193.23.2
2026/Jun/23 07:14:04.882980 USER TC_26_8_1_2_1_1.ttcn3:43 L3_Port: Will join UL multicast group 239.193.23.2 for RACH capture
2026/Jun/23 07:14:04.882985 USER TC_26_8_1_2_1_1.ttcn3:43 L3_Port: set_parameter arfcn = 51
2026/Jun/23 07:14:04.883026 USER TC_26_8_1_2_1_1.ttcn3:43 L3_Port: user_start called
2026/Jun/23 07:14:04.883037 PORTEVENT TC_26_8_1_2_1_1.ttcn3:43 Port L was started.
2026/Jun/23 07:14:04.883097 PORTEVENT TC_26_8_1_2_1_1.ttcn3:43 Port RR was started.
2026/Jun/23 07:14:04.883102 PORTEVENT TC_26_8_1_2_1_1.ttcn3:43 Port MM was started.
2026/Jun/23 07:14:04.883107 PORTEVENT TC_26_8_1_2_1_1.ttcn3:43 Port CC was started.
2026/Jun/23 07:14:04.883110 USER TC_26_8_1_2_1_1.ttcn3:43 MSC_Port: user_start called
2026/Jun/23 07:14:04.883115 PORTEVENT TC_26_8_1_2_1_1.ttcn3:43 Port MSC was started.
2026/Jun/23 07:14:04.883120 PORTEVENT TC_26_8_1_2_1_1.ttcn3:43 Port BSC was started.
2026/Jun/23 07:14:04.883126 PORTEVENT TC_26_8_1_2_1_1.ttcn3:43 Port RSL was started.
2026/Jun/23 07:14:04.883132 USER TC_26_8_1_2_1_1.ttcn3:43 VTY_PT: Starting
2026/Jun/23 07:14:04.883137 PORTEVENT TC_26_8_1_2_1_1.ttcn3:43 Port VTY was started.
2026/Jun/23 07:14:04.883141 PORTEVENT TC_26_8_1_2_1_1.ttcn3:43 Port COORD was started.
2026/Jun/23 07:14:04.883144 PARALLEL TC_26_8_1_2_1_1.ttcn3:43 Component type GSM_Component_Definitions.GSM_CT was initialized.
2026/Jun/23 07:14:04.883173 WARNING GSM_Component_Definitions.ttcn3:364 Warning: Stopping inactive timer T_guard.
2026/Jun/23 07:14:04.883182 WARNING GSM_Component_Definitions.ttcn3:365 Warning: Stopping inactive timer T301.
2026/Jun/23 07:14:04.883188 WARNING GSM_Component_Definitions.ttcn3:366 Warning: Stopping inactive timer T303.
2026/Jun/23 07:14:04.883193 WARNING GSM_Component_Definitions.ttcn3:367 Warning: Stopping inactive timer T305.
2026/Jun/23 07:14:04.883197 WARNING GSM_Component_Definitions.ttcn3:368 Warning: Stopping inactive timer T308.
2026/Jun/23 07:14:04.883206 WARNING GSM_Component_Definitions.ttcn3:369 Warning: Stopping inactive timer T310.
2026/Jun/23 07:14:04.883210 WARNING GSM_Component_Definitions.ttcn3:370 Warning: Stopping inactive timer T313.
2026/Jun/23 07:14:04.883220 USER GSM_Component_Definitions.ttcn3:386 Component initialized
2026/Jun/23 07:14:04.883245 PARALLEL GSM_Component_Definitions.ttcn3:334 Mapping port mtc:L to system:L.
2026/Jun/23 07:14:04.883311 USER GSM_Component_Definitions.ttcn3:334 L3_Port: Mapping to L
2026/Jun/23 07:14:04.883405 USER GSM_Component_Definitions.ttcn3:334 L3_Port: Joined UL multicast group 239.193.23.2 for RACH capture
2026/Jun/23 07:14:04.883417 USER GSM_Component_Definitions.ttcn3:334 L3_Port: GSMTAP listening on port 4729
2026/Jun/23 07:14:04.883429 USER GSM_Component_Definitions.ttcn3:334 L3_Port: Mapped successfully (GSMTAP: 127.0.0.1:4729)
2026/Jun/23 07:14:04.883438 WARNING GSM_Component_Definitions.ttcn3:334 Warning: The maximum number of open file descriptors (1048576) is greater than FD_SETSIZE (1024). Ensure that Test Ports using Install_Handler do not try to wait for events of file descriptors with values greater than FD_SETSIZE (1024). (Current caller of Install_Handler is "L")
2026/Jun/23 07:14:04.883472 PORTEVENT GSM_Component_Definitions.ttcn3:334 Port L was mapped to system:L.
2026/Jun/23 07:14:04.883585 PARALLEL GSM_Component_Definitions.ttcn3:334 Map operation of mtc:L to system:L finished.
2026/Jun/23 07:14:04.883625 PARALLEL GSM_Component_Definitions.ttcn3:335 Mapping port mtc:RR to system:RR.
2026/Jun/23 07:14:04.883650 PORTEVENT GSM_Component_Definitions.ttcn3:335 Port RR was mapped to system:RR.
2026/Jun/23 07:14:04.883671 PARALLEL GSM_Component_Definitions.ttcn3:335 Map operation of mtc:RR to system:RR finished.
2026/Jun/23 07:14:04.883677 PARALLEL GSM_Component_Definitions.ttcn3:336 Mapping port mtc:MM to system:MM.
2026/Jun/23 07:14:04.883694 PORTEVENT GSM_Component_Definitions.ttcn3:336 Port MM was mapped to system:MM.
2026/Jun/23 07:14:04.883735 PARALLEL GSM_Component_Definitions.ttcn3:336 Map operation of mtc:MM to system:MM finished.
2026/Jun/23 07:14:04.883740 PARALLEL GSM_Component_Definitions.ttcn3:337 Mapping port mtc:CC to system:CC.
2026/Jun/23 07:14:04.883757 PORTEVENT GSM_Component_Definitions.ttcn3:337 Port CC was mapped to system:CC.
2026/Jun/23 07:14:04.883775 PARALLEL GSM_Component_Definitions.ttcn3:337 Map operation of mtc:CC to system:CC finished.
2026/Jun/23 07:14:04.883780 PARALLEL GSM_Component_Definitions.ttcn3:338 Mapping port mtc:MSC to system:MSC.
2026/Jun/23 07:14:04.883797 USER GSM_Component_Definitions.ttcn3:338 MSC_Port: Mapping to MSC
2026/Jun/23 07:14:04.884288 USER GSM_Component_Definitions.ttcn3:338 MSC_Port: Registered socket for async events
2026/Jun/23 07:14:04.884309 USER GSM_Component_Definitions.ttcn3:338 MSC_Port: Connected to MSC stub at 10.42.0.234:5000
2026/Jun/23 07:14:04.884314 PORTEVENT GSM_Component_Definitions.ttcn3:338 Port MSC was mapped to system:MSC.
2026/Jun/23 07:14:04.884345 PARALLEL GSM_Component_Definitions.ttcn3:338 Map operation of mtc:MSC to system:MSC finished.
2026/Jun/23 07:14:04.884357 PARALLEL GSM_Component_Definitions.ttcn3:339 Mapping port mtc:VTY to system:VTY.
2026/Jun/23 07:14:04.884377 USER GSM_Component_Definitions.ttcn3:339 VTY_PT: Mapping port to VTY interface
2026/Jun/23 07:14:04.884694 USER GSM_Component_Definitions.ttcn3:339 VTY_PT: Connected to VTY at 10.43.60.118:4247
2026/Jun/23 07:14:05.384970 USER GSM_Component_Definitions.ttcn3:339 VTY_PT: Initial banner received
2026/Jun/23 07:14:05.385032 PORTEVENT GSM_Component_Definitions.ttcn3:339 Port VTY was mapped to system:VTY.
2026/Jun/23 07:14:05.385085 USER GSM_Component_Definitions.ttcn3:339 MSC_Port: RX: {"type": "WELCOME", "status": "connected"}
2026/Jun/23 07:14:05.385148 PORTEVENT GSM_Component_Definitions.ttcn3:339 Message enqueued on MSC from system charstring : "{\"type\": \"WELCOME\", \"status\": \"connected\"}" id 1
2026/Jun/23 07:14:05.385251 PARALLEL GSM_Component_Definitions.ttcn3:339 Map operation of mtc:VTY to system:VTY finished.
2026/Jun/23 07:14:05.385268 USER TC_26_8_1_2_1_1.ttcn3:64 ==============================================================
2026/Jun/23 07:14:05.385281 USER TC_26_8_1_2_1_1.ttcn3:65 *** TC_26_8_1_2_1_1: MO Call Setup - CM SERVICE REQUEST     ***
2026/Jun/23 07:14:05.385292 USER TC_26_8_1_2_1_1.ttcn3:66 *** Spec: Rel4_GSM_L3_MS_v440/CC/                           ***
2026/Jun/23 07:14:05.385304 USER TC_26_8_1_2_1_1.ttcn3:67 ==============================================================
2026/Jun/23 07:14:05.385328 TIMEROP TC_26_8_1_2_1_1.ttcn3:70 Start timer T_guard: 300 s
2026/Jun/23 07:14:05.385407 PORTEVENT TC_26_8_1_2_1_1.ttcn3:73 Sent on MSC to system charstring : "{\"command\": \"SET_AUTO_RESPOND\", \"params\": {\"enabled\": false}}"
2026/Jun/23 07:14:05.385532 USER TC_26_8_1_2_1_1.ttcn3:73 MSC_Port: TX: {"command": "SET_AUTO_RESPOND", "params": {"enabled": false}}
2026/Jun/23 07:14:05.385557 USER TC_26_8_1_2_1_1.ttcn3:79 *** Phase 1: Restarting mobile for clean initial state ***
2026/Jun/23 07:14:05.385611 USER TC_26_8_1_2_1_1.ttcn3:80 docker.sock not found — using VTY power-cycle (k8s mode)
2026/Jun/23 07:14:05.385630 USER TC_26_8_1_2_1_1.ttcn3:80 === k8s fallback: VTY power-cycle mobile at 10.43.60.118:4247 ===
2026/Jun/23 07:14:10.637970 USER TC_26_8_1_2_1_1.ttcn3:80 Waiting 10 seconds (power off)...
2026/Jun/23 07:14:25.998942 USER TC_26_8_1_2_1_1.ttcn3:80 VTY 'clear-loci' sent — LOCI erased
2026/Jun/23 07:14:33.677925 USER TC_26_8_1_2_1_1.ttcn3:80 === VTY power-cycle complete — MS will send LU shortly ===
2026/Jun/23 07:14:33.678051 PORTEVENT TC_26_8_1_2_1_1.ttcn3:89 Sent on MSC to system charstring : "{\"command\": \"CLEAR\", \"params\": {}}"
2026/Jun/23 07:14:33.678104 USER TC_26_8_1_2_1_1.ttcn3:89 MSC_Port: TX: {"command": "CLEAR", "params": {}}
2026/Jun/23 07:14:33.678129 TIMEROP TC_26_8_1_2_1_1.ttcn3:91 Start timer T_drain: 5 s
2026/Jun/23 07:14:33.678188 PORTEVENT TC_26_8_1_2_1_1.ttcn3:93 Receive operation on port MSC succeeded, message from system(): charstring : "{\"type\": \"WELCOME\", \"status\": \"connected\"}" id 1
2026/Jun/23 07:14:33.678224 PORTEVENT TC_26_8_1_2_1_1.ttcn3:93 Message with id 1 was extracted from the queue of MSC.
2026/Jun/23 07:14:33.678239 USER TC_26_8_1_2_1_1.ttcn3:94 TC_26_8_1_2_1_1: (drain) discarding: "{\"type\": \"WELCOME\", \"status\": \"connected\"}"
2026/Jun/23 07:14:33.678287 USER TC_26_8_1_2_1_1.ttcn3:92 VTY_PT: Received data (buffered): 94 bytes
2026/Jun/23 07:14:33.678319 USER TC_26_8_1_2_1_1.ttcn3:92 MSC_Port: RX: {"status": "ok", "auto_respond": false}
2026/Jun/23 07:14:33.678328 PORTEVENT TC_26_8_1_2_1_1.ttcn3:92 Message enqueued on MSC from system charstring : "{\"status\": \"ok\", \"auto_respond\": false}" id 2
2026/Jun/23 07:14:33.678334 USER TC_26_8_1_2_1_1.ttcn3:92 MSC_Port: RX: {"type": "HEARTBEAT"}
2026/Jun/23 07:14:33.678341 PORTEVENT TC_26_8_1_2_1_1.ttcn3:92 Message enqueued on MSC from system charstring : "{\"type\": \"HEARTBEAT\"}" id 3
2026/Jun/23 07:14:33.678346 USER TC_26_8_1_2_1_1.ttcn3:92 MSC_Port: RX: {"type": "HEARTBEAT"}
2026/Jun/23 07:14:33.678352 PORTEVENT TC_26_8_1_2_1_1.ttcn3:92 Message enqueued on MSC from system charstring : "{\"type\": \"HEARTBEAT\"}" id 4
2026/Jun/23 07:14:33.678357 USER TC_26_8_1_2_1_1.ttcn3:92 MSC_Port: RX: {"type": "HEARTBEAT"}
2026/Jun/23 07:14:33.678363 PORTEVENT TC_26_8_1_2_1_1.ttcn3:92 Message enqueued on MSC from system charstring : "{\"type\": \"HEARTBEAT\"}" id 5
2026/Jun/23 07:14:33.678367 USER TC_26_8_1_2_1_1.ttcn3:92 MSC_Port: RX: {"type": "HEARTBEAT"}
2026/Jun/23 07:14:33.678374 PORTEVENT TC_26_8_1_2_1_1.ttcn3:92 Message enqueued on MSC from system charstring : "{\"type\": \"HEARTBEAT\"}" id 6
2026/Jun/23 07:14:33.678378 USER TC_26_8_1_2_1_1.ttcn3:92 MSC_Port: RX: {"type": "HEARTBEAT"}
2026/Jun/23 07:14:33.678385 PORTEVENT TC_26_8_1_2_1_1.ttcn3:92 Message enqueued on MSC from system charstring : "{\"type\": \"HEARTBEAT\"}" id 7
2026/Jun/23 07:14:33.678405 USER TC_26_8_1_2_1_1.ttcn3:92 L3_Port: Received 39 bytes
2026/Jun/23 07:14:33.678418 USER TC_26_8_1_2_1_1.ttcn3:92 L3_Port: RAW GSMTAP hdr->arfcn=0x4033 RxArfcn=0x4033 Uplink=1 Chan=7 Len=23
2026/Jun/23 07:14:33.678429 USER TC_26_8_1_2_1_1.ttcn3:92 L3_Port: RX: 01 3F 49 05 08 70 09 F1 07 00 00 33 08 99 10 07 00 00 00 00 10 2B 2B 
2026/Jun/23 07:14:33.678447 PORTEVENT TC_26_8_1_2_1_1.ttcn3:92 Message enqueued on L from system octetstring : '013F4905087009F1070000330899100700000000102B2B'O id 1
2026/Jun/23 07:14:33.678457 USER TC_26_8_1_2_1_1.ttcn3:92 L3_Port: Message delivered to TTCN-3
2026/Jun/23 07:14:33.678466 PORTEVENT TC_26_8_1_2_1_1.ttcn3:93 Receive operation on port MSC succeeded, message from system(): charstring : "{\"status\": \"ok\", \"auto_respond\": false}" id 2
2026/Jun/23 07:14:33.678471 PORTEVENT TC_26_8_1_2_1_1.ttcn3:93 Message with id 2 was extracted from the queue of MSC.
2026/Jun/23 07:14:33.678482 USER TC_26_8_1_2_1_1.ttcn3:94 TC_26_8_1_2_1_1: (drain) discarding: "{\"status\": \"ok\", \"auto_respond\": false}"
2026/Jun/23 07:14:33.678497 PORTEVENT TC_26_8_1_2_1_1.ttcn3:93 Receive operation on port MSC succeeded, message from system(): charstring : "{\"type\": \"HEARTBEAT\"}" id 3
2026/Jun/23 07:14:33.678501 PORTEVENT TC_26_8_1_2_1_1.ttcn3:93 Message with id 3 was extracted from the queue of MSC.
2026/Jun/23 07:14:33.678504 USER TC_26_8_1_2_1_1.ttcn3:94 TC_26_8_1_2_1_1: (drain) discarding: "{\"type\": \"HEARTBEAT\"}"
2026/Jun/23 07:14:33.678510 PORTEVENT TC_26_8_1_2_1_1.ttcn3:93 Receive operation on port MSC succeeded, message from system(): charstring : "{\"type\": \"HEARTBEAT\"}" id 4
2026/Jun/23 07:14:33.678514 PORTEVENT TC_26_8_1_2_1_1.ttcn3:93 Message with id 4 was extracted from the queue of MSC.
2026/Jun/23 07:14:33.678516 USER TC_26_8_1_2_1_1.ttcn3:94 TC_26_8_1_2_1_1: (drain) discarding: "{\"type\": \"HEARTBEAT\"}"
2026/Jun/23 07:14:33.678522 PORTEVENT TC_26_8_1_2_1_1.ttcn3:93 Receive operation on port MSC succeeded, message from system(): charstring : "{\"type\": \"HEARTBEAT\"}" id 5
2026/Jun/23 07:14:33.678525 PORTEVENT TC_26_8_1_2_1_1.ttcn3:93 Message with id 5 was extracted from the queue of MSC.
2026/Jun/23 07:14:33.678528 USER TC_26_8_1_2_1_1.ttcn3:94 TC_26_8_1_2_1_1: (drain) discarding: "{\"type\": \"HEARTBEAT\"}"
2026/Jun/23 07:14:33.678534 PORTEVENT TC_26_8_1_2_1_1.ttcn3:93 Receive operation on port MSC succeeded, message from system(): charstring : "{\"type\": \"HEARTBEAT\"}" id 6
2026/Jun/23 07:14:33.678537 PORTEVENT TC_26_8_1_2_1_1.ttcn3:93 Message with id 6 was extracted from the queue of MSC.
2026/Jun/23 07:14:33.678540 USER TC_26_8_1_2_1_1.ttcn3:94 TC_26_8_1_2_1_1: (drain) discarding: "{\"type\": \"HEARTBEAT\"}"
2026/Jun/23 07:14:33.678546 PORTEVENT TC_26_8_1_2_1_1.ttcn3:93 Receive operation on port MSC succeeded, message from system(): charstring : "{\"type\": \"HEARTBEAT\"}" id 7
2026/Jun/23 07:14:33.678549 PORTEVENT TC_26_8_1_2_1_1.ttcn3:93 Message with id 7 was extracted from the queue of MSC.
2026/Jun/23 07:14:33.678551 USER TC_26_8_1_2_1_1.ttcn3:94 TC_26_8_1_2_1_1: (drain) discarding: "{\"type\": \"HEARTBEAT\"}"
2026/Jun/23 07:14:33.678561 USER TC_26_8_1_2_1_1.ttcn3:92 L3_Port: Received 39 bytes
2026/Jun/23 07:14:33.678566 USER TC_26_8_1_2_1_1.ttcn3:92 L3_Port: RAW GSMTAP hdr->arfcn=0x4033 RxArfcn=0x4033 Uplink=1 Chan=135 Len=23
2026/Jun/23 07:14:33.678572 USER TC_26_8_1_2_1_1.ttcn3:92 L3_Port: RX: 0E 00 01 03 49 06 15 00 40 01 C0 00 00 00 00 00 00 00 00 00 00 00 00 
2026/Jun/23 07:14:33.678577 PORTEVENT TC_26_8_1_2_1_1.ttcn3:92 Message enqueued on L from system octetstring : '0E000103490615004001C0000000000000000000000000'O id 2
2026/Jun/23 07:14:33.678581 USER TC_26_8_1_2_1_1.ttcn3:92 L3_Port: Message delivered to TTCN-3
2026/Jun/23 07:14:33.678588 USER TC_26_8_1_2_1_1.ttcn3:92 L3_Port: Received 39 bytes
2026/Jun/23 07:14:33.678592 USER TC_26_8_1_2_1_1.ttcn3:92 L3_Port: RAW GSMTAP hdr->arfcn=0x4033 RxArfcn=0x4033 Uplink=1 Chan=7 Len=23
2026/Jun/23 07:14:33.678598 USER TC_26_8_1_2_1_1.ttcn3:92 L3_Port: RX: 01 3F 49 05 08 70 09 F1 07 00 00 33 08 99 10 07 00 00 00 00 10 2B 2B 
2026/Jun/23 07:14:33.678603 PORTEVENT TC_26_8_1_2_1_1.ttcn3:92 Message enqueued on L from system octetstring : '013F4905087009F1070000330899100700000000102B2B'O id 3
2026/Jun/23 07:14:33.678606 USER TC_26_8_1_2_1_1.ttcn3:92 L3_Port: Message delivered to TTCN-3
2026/Jun/23 07:14:33.678612 USER TC_26_8_1_2_1_1.ttcn3:92 MSC_Port: RX: {"status": "ok"}
2026/Jun/23 07:14:33.678617 PORTEVENT TC_26_8_1_2_1_1.ttcn3:92 Message enqueued on MSC from system charstring : "{\"status\": \"ok\"}" id 8
2026/Jun/23 07:14:33.678621 PORTEVENT TC_26_8_1_2_1_1.ttcn3:93 Receive operation on port MSC succeeded, message from system(): charstring : "{\"status\": \"ok\"}" id 8
2026/Jun/23 07:14:33.678625 PORTEVENT TC_26_8_1_2_1_1.ttcn3:93 Message with id 8 was extracted from the queue of MSC.
2026/Jun/23 07:14:33.678627 USER TC_26_8_1_2_1_1.ttcn3:94 TC_26_8_1_2_1_1: (drain) discarding: "{\"status\": \"ok\"}"
2026/Jun/23 07:14:33.678639 USER TC_26_8_1_2_1_1.ttcn3:92 L3_Port: Received 39 bytes
2026/Jun/23 07:14:33.678644 USER TC_26_8_1_2_1_1.ttcn3:92 L3_Port: RAW GSMTAP hdr->arfcn=0x4033 RxArfcn=0x4033 Uplink=1 Chan=135 Len=23
2026/Jun/23 07:14:33.678650 USER TC_26_8_1_2_1_1.ttcn3:92 L3_Port: RX: 0E 00 01 03 49 06 15 00 40 01 C0 00 00 00 00 00 00 00 00 00 00 00 00 
2026/Jun/23 07:14:33.678656 PORTEVENT TC_26_8_1_2_1_1.ttcn3:92 Message enqueued on L from system octetstring : '0E000103490615004001C0000000000000000000000000'O id 4
2026/Jun/23 07:14:33.678660 USER TC_26_8_1_2_1_1.ttcn3:92 L3_Port: Message delivered to TTCN-3
2026/Jun/23 07:14:33.678667 USER TC_26_8_1_2_1_1.ttcn3:92 L3_Port: Received 39 bytes
2026/Jun/23 07:14:33.678672 USER TC_26_8_1_2_1_1.ttcn3:92 L3_Port: RAW GSMTAP hdr->arfcn=0x4033 RxArfcn=0x4033 Uplink=1 Chan=135 Len=23
2026/Jun/23 07:14:33.678678 USER TC_26_8_1_2_1_1.ttcn3:92 L3_Port: RX: 0E 00 01 03 49 06 15 00 40 01 C0 00 00 00 00 00 00 00 00 00 00 00 00 
2026/Jun/23 07:14:33.678683 PORTEVENT TC_26_8_1_2_1_1.ttcn3:92 Message enqueued on L from system octetstring : '0E000103490615004001C0000000000000000000000000'O id 5
2026/Jun/23 07:14:33.678686 USER TC_26_8_1_2_1_1.ttcn3:92 L3_Port: Message delivered to TTCN-3
2026/Jun/23 07:14:33.678693 USER TC_26_8_1_2_1_1.ttcn3:92 L3_Port: Received 39 bytes
2026/Jun/23 07:14:33.678698 USER TC_26_8_1_2_1_1.ttcn3:92 L3_Port: RAW GSMTAP hdr->arfcn=0x4033 RxArfcn=0x4033 Uplink=1 Chan=135 Len=23
2026/Jun/23 07:14:33.678704 USER TC_26_8_1_2_1_1.ttcn3:92 L3_Port: RX: 0E 00 01 03 49 06 15 00 40 01 C0 00 00 00 00 00 00 00 00 00 00 00 00 
2026/Jun/23 07:14:33.678709 PORTEVENT TC_26_8_1_2_1_1.ttcn3:92 Message enqueued on L from system octetstring : '0E000103490615004001C0000000000000000000000000'O id 6
2026/Jun/23 07:14:33.678712 USER TC_26_8_1_2_1_1.ttcn3:92 L3_Port: Message delivered to TTCN-3
2026/Jun/23 07:14:33.678719 USER TC_26_8_1_2_1_1.ttcn3:92 L3_Port: Received 17 bytes
2026/Jun/23 07:14:33.678724 USER TC_26_8_1_2_1_1.ttcn3:92 L3_Port: RAW GSMTAP hdr->arfcn=0x4033 RxArfcn=0x4033 Uplink=1 Chan=3 Len=1
2026/Jun/23 07:14:33.678728 USER TC_26_8_1_2_1_1.ttcn3:92 L3_Port: RX: 0D 
2026/Jun/23 07:14:33.678733 PORTEVENT TC_26_8_1_2_1_1.ttcn3:92 Message enqueued on L from system octetstring : '0D0000337B'O id 7
2026/Jun/23 07:14:33.678736 USER TC_26_8_1_2_1_1.ttcn3:92 L3_Port: Message delivered to TTCN-3
2026/Jun/23 07:14:33.678743 USER TC_26_8_1_2_1_1.ttcn3:92 L3_Port: Received 39 bytes
2026/Jun/23 07:14:33.678747 USER TC_26_8_1_2_1_1.ttcn3:92 L3_Port: RAW GSMTAP hdr->arfcn=0x4033 RxArfcn=0x4033 Uplink=1 Chan=135 Len=23
2026/Jun/23 07:14:33.678753 USER TC_26_8_1_2_1_1.ttcn3:92 L3_Port: RX: 0E 00 01 03 49 06 15 00 40 01 C0 00 00 00 00 00 00 00 00 00 00 00 00 
2026/Jun/23 07:14:33.678758 PORTEVENT TC_26_8_1_2_1_1.ttcn3:92 Message enqueued on L from system octetstring : '0E000103490615004001C0000000000000000000000000'O id 8
2026/Jun/23 07:14:33.678761 USER TC_26_8_1_2_1_1.ttcn3:92 L3_Port: Message delivered to TTCN-3
2026/Jun/23 07:14:33.678768 USER TC_26_8_1_2_1_1.ttcn3:92 L3_Port: Received 39 bytes
2026/Jun/23 07:14:33.678772 USER TC_26_8_1_2_1_1.ttcn3:92 L3_Port: RAW GSMTAP hdr->arfcn=0x4033 RxArfcn=0x4033 Uplink=1 Chan=7 Len=23
2026/Jun/23 07:14:33.678778 USER TC_26_8_1_2_1_1.ttcn3:92 L3_Port: RX: 01 3F 49 05 08 70 09 F1 07 00 00 33 08 99 10 07 00 00 00 00 10 2B 2B 
2026/Jun/23 07:14:33.678783 PORTEVENT TC_26_8_1_2_1_1.ttcn3:92 Message enqueued on L from system octetstring : '013F4905087009F1070000330899100700000000102B2B'O id 9
2026/Jun/23 07:14:33.678787 USER TC_26_8_1_2_1_1.ttcn3:92 L3_Port: Message delivered to TTCN-3
2026/Jun/23 07:14:33.678793 USER TC_26_8_1_2_1_1.ttcn3:92 L3_Port: Received 39 bytes
2026/Jun/23 07:14:33.678798 USER TC_26_8_1_2_1_1.ttcn3:92 L3_Port: RAW GSMTAP hdr->arfcn=0x4033 RxArfcn=0x4033 Uplink=1 Chan=135 Len=23
2026/Jun/23 07:14:33.678803 USER TC_26_8_1_2_1_1.ttcn3:92 L3_Port: RX: 0E 00 01 03 49 06 15 3F 3F 01 C0 00 00 00 00 00 00 00 00 00 00 00 00 
2026/Jun/23 07:14:33.678808 PORTEVENT TC_26_8_1_2_1_1.ttcn3:92 Message enqueued on L from system octetstring : '0E0001034906153F3F01C0000000000000000000000000'O id 10
2026/Jun/23 07:14:33.678815 USER TC_26_8_1_2_1_1.ttcn3:92 L3_Port: Message delivered to TTCN-3
2026/Jun/23 07:14:33.678838 USER TC_26_8_1_2_1_1.ttcn3:92 L3_Port: Received 39 bytes
2026/Jun/23 07:14:33.678844 USER TC_26_8_1_2_1_1.ttcn3:92 L3_Port: RAW GSMTAP hdr->arfcn=0x4033 RxArfcn=0x4033 Uplink=1 Chan=7 Len=23
2026/Jun/23 07:14:33.678850 USER TC_26_8_1_2_1_1.ttcn3:92 L3_Port: RX: 01 3F 49 05 08 70 09 F1 07 00 00 33 08 99 10 07 00 00 00 00 10 2B 2B 
2026/Jun/23 07:14:33.678855 PORTEVENT TC_26_8_1_2_1_1.ttcn3:92 Message enqueued on L from system octetstring : '013F4905087009F1070000330899100700000000102B2B'O id 11
2026/Jun/23 07:14:33.678858 USER TC_26_8_1_2_1_1.ttcn3:92 L3_Port: Message delivered to TTCN-3
2026/Jun/23 07:14:33.678865 USER TC_26_8_1_2_1_1.ttcn3:92 L3_Port: Received 39 bytes
2026/Jun/23 07:14:33.678868 USER TC_26_8_1_2_1_1.ttcn3:92 L3_Port: RAW GSMTAP hdr->arfcn=0x4033 RxArfcn=0x4033 Uplink=1 Chan=135 Len=23
2026/Jun/23 07:14:33.678874 USER TC_26_8_1_2_1_1.ttcn3:92 L3_Port: RX: 0E 00 01 03 49 06 15 00 40 01 C0 00 00 00 00 00 00 00 00 00 00 00 00 
2026/Jun/23 07:14:33.678879 PORTEVENT TC_26_8_1_2_1_1.ttcn3:92 Message enqueued on L from system octetstring : '0E000103490615004001C0000000000000000000000000'O id 12
2026/Jun/23 07:14:33.678883 USER TC_26_8_1_2_1_1.ttcn3:92 L3_Port: Message delivered to TTCN-3
2026/Jun/23 07:14:33.678889 USER TC_26_8_1_2_1_1.ttcn3:92 L3_Port: Received 39 bytes
2026/Jun/23 07:14:33.678894 USER TC_26_8_1_2_1_1.ttcn3:92 L3_Port: RAW GSMTAP hdr->arfcn=0x4033 RxArfcn=0x4033 Uplink=1 Chan=7 Len=23
2026/Jun/23 07:14:33.678899 USER TC_26_8_1_2_1_1.ttcn3:92 L3_Port: RX: 01 3F 49 05 08 70 09 F1 07 00 00 33 08 99 10 07 00 00 00 00 10 2B 2B 
2026/Jun/23 07:14:33.678903 PORTEVENT TC_26_8_1_2_1_1.ttcn3:92 Message enqueued on L from system octetstring : '013F4905087009F1070000330899100700000000102B2B'O id 13
2026/Jun/23 07:14:33.678907 USER TC_26_8_1_2_1_1.ttcn3:92 L3_Port: Message delivered to TTCN-3
2026/Jun/23 07:14:33.678912 USER TC_26_8_1_2_1_1.ttcn3:92 L3_Port: Received 39 bytes
2026/Jun/23 07:14:33.678917 USER TC_26_8_1_2_1_1.ttcn3:92 L3_Port: RAW GSMTAP hdr->arfcn=0x4033 RxArfcn=0x4033 Uplink=1 Chan=135 Len=23
2026/Jun/23 07:14:33.678922 USER TC_26_8_1_2_1_1.ttcn3:92 L3_Port: RX: 0E 00 01 03 49 06 15 00 40 01 C0 00 00 00 00 00 00 00 00 00 00 00 00 
2026/Jun/23 07:14:33.678927 PORTEVENT TC_26_8_1_2_1_1.ttcn3:92 Message enqueued on L from system octetstring : '0E000103490615004001C0000000000000000000000000'O id 14
2026/Jun/23 07:14:33.678930 USER TC_26_8_1_2_1_1.ttcn3:92 L3_Port: Message delivered to TTCN-3
2026/Jun/23 07:14:33.678936 USER TC_26_8_1_2_1_1.ttcn3:92 L3_Port: Received 39 bytes
2026/Jun/23 07:14:33.678941 USER TC_26_8_1_2_1_1.ttcn3:92 L3_Port: RAW GSMTAP hdr->arfcn=0x4033 RxArfcn=0x4033 Uplink=1 Chan=7 Len=23
2026/Jun/23 07:14:33.678946 USER TC_26_8_1_2_1_1.ttcn3:92 L3_Port: RX: 01 3F 49 05 08 70 09 F1 07 00 00 33 08 99 10 07 00 00 00 00 10 2B 2B 
2026/Jun/23 07:14:33.678950 PORTEVENT TC_26_8_1_2_1_1.ttcn3:92 Message enqueued on L from system octetstring : '013F4905087009F1070000330899100700000000102B2B'O id 15
2026/Jun/23 07:14:33.678954 USER TC_26_8_1_2_1_1.ttcn3:92 L3_Port: Message delivered to TTCN-3
2026/Jun/23 07:14:33.678960 USER TC_26_8_1_2_1_1.ttcn3:92 L3_Port: Received 39 bytes
2026/Jun/23 07:14:33.678964 USER TC_26_8_1_2_1_1.ttcn3:92 L3_Port: RAW GSMTAP hdr->arfcn=0x4033 RxArfcn=0x4033 Uplink=1 Chan=7 Len=23
2026/Jun/23 07:14:33.678970 USER TC_26_8_1_2_1_1.ttcn3:92 L3_Port: RX: 01 3F 49 05 08 70 09 F1 07 00 00 33 08 99 10 07 00 00 00 00 10 2B 2B 
2026/Jun/23 07:14:33.678974 PORTEVENT TC_26_8_1_2_1_1.ttcn3:92 Message enqueued on L from system octetstring : '013F4905087009F1070000330899100700000000102B2B'O id 16
2026/Jun/23 07:14:33.678978 USER TC_26_8_1_2_1_1.ttcn3:92 L3_Port: Message delivered to TTCN-3
2026/Jun/23 07:14:33.678983 USER TC_26_8_1_2_1_1.ttcn3:92 L3_Port: Received 39 bytes
2026/Jun/23 07:14:33.678988 USER TC_26_8_1_2_1_1.ttcn3:92 L3_Port: RAW GSMTAP hdr->arfcn=0x4033 RxArfcn=0x4033 Uplink=1 Chan=135 Len=23
2026/Jun/23 07:14:33.678996 USER TC_26_8_1_2_1_1.ttcn3:92 L3_Port: RX: 0E 00 01 03 49 06 15 00 40 01 C0 00 00 00 00 00 00 00 00 00 00 00 00 
2026/Jun/23 07:14:33.679001 PORTEVENT TC_26_8_1_2_1_1.ttcn3:92 Message enqueued on L from system octetstring : '0E000103490615004001C0000000000000000000000000'O id 17
2026/Jun/23 07:14:33.679004 USER TC_26_8_1_2_1_1.ttcn3:92 L3_Port: Message delivered to TTCN-3
2026/Jun/23 07:14:33.679011 USER TC_26_8_1_2_1_1.ttcn3:92 L3_Port: Received 39 bytes
2026/Jun/23 07:14:33.679015 USER TC_26_8_1_2_1_1.ttcn3:92 L3_Port: RAW GSMTAP hdr->arfcn=0x4033 RxArfcn=0x4033 Uplink=1 Chan=7 Len=23
2026/Jun/23 07:14:33.679020 USER TC_26_8_1_2_1_1.ttcn3:92 L3_Port: RX: 01 3F 49 05 08 70 09 F1 07 00 00 33 08 99 10 07 00 00 00 00 10 2B 2B 
2026/Jun/23 07:14:33.679024 PORTEVENT TC_26_8_1_2_1_1.ttcn3:92 Message enqueued on L from system octetstring : '013F4905087009F1070000330899100700000000102B2B'O id 18
2026/Jun/23 07:14:33.679028 USER TC_26_8_1_2_1_1.ttcn3:92 L3_Port: Message delivered to TTCN-3
2026/Jun/23 07:14:33.679034 USER TC_26_8_1_2_1_1.ttcn3:92 L3_Port: Received 39 bytes
2026/Jun/23 07:14:33.679038 USER TC_26_8_1_2_1_1.ttcn3:92 L3_Port: RAW GSMTAP hdr->arfcn=0x4033 RxArfcn=0x4033 Uplink=1 Chan=135 Len=23
2026/Jun/23 07:14:33.679044 USER TC_26_8_1_2_1_1.ttcn3:92 L3_Port: RX: 0E 00 01 03 49 06 15 00 40 01 C0 00 00 00 00 00 00 00 00 00 00 00 00 
2026/Jun/23 07:14:33.679049 PORTEVENT TC_26_8_1_2_1_1.ttcn3:92 Message enqueued on L from system octetstring : '0E000103490615004001C0000000000000000000000000'O id 19
2026/Jun/23 07:14:33.679053 USER TC_26_8_1_2_1_1.ttcn3:92 L3_Port: Message delivered to TTCN-3
2026/Jun/23 07:14:33.679058 USER TC_26_8_1_2_1_1.ttcn3:92 L3_Port: Received 39 bytes
2026/Jun/23 07:14:33.679062 USER TC_26_8_1_2_1_1.ttcn3:92 L3_Port: RAW GSMTAP hdr->arfcn=0x4033 RxArfcn=0x4033 Uplink=1 Chan=135 Len=23
2026/Jun/23 07:14:33.679068 USER TC_26_8_1_2_1_1.ttcn3:92 L3_Port: RX: 0E 00 01 03 49 06 15 00 40 01 C0 00 00 00 00 00 00 00 00 00 00 00 00 
2026/Jun/23 07:14:33.679072 PORTEVENT TC_26_8_1_2_1_1.ttcn3:92 Message enqueued on L from system octetstring : '0E000103490615004001C0000000000000000000000000'O id 20
2026/Jun/23 07:14:33.679076 USER TC_26_8_1_2_1_1.ttcn3:92 L3_Port: Message delivered to TTCN-3
2026/Jun/23 07:14:33.679083 USER TC_26_8_1_2_1_1.ttcn3:92 L3_Port: Received 39 bytes
2026/Jun/23 07:14:33.679087 USER TC_26_8_1_2_1_1.ttcn3:92 L3_Port: RAW GSMTAP hdr->arfcn=0x4033 RxArfcn=0x4033 Uplink=1 Chan=135 Len=23
2026/Jun/23 07:14:33.679092 USER TC_26_8_1_2_1_1.ttcn3:92 L3_Port: RX: 0E 00 01 03 49 06 15 00 40 01 C0 00 00 00 00 00 00 00 00 00 00 00 00 
2026/Jun/23 07:14:33.679097 PORTEVENT TC_26_8_1_2_1_1.ttcn3:92 Message enqueued on L from system octetstring : '0E000103490615004001C0000000000000000000000000'O id 21
2026/Jun/23 07:14:33.679100 USER TC_26_8_1_2_1_1.ttcn3:92 L3_Port: Message delivered to TTCN-3
2026/Jun/23 07:14:35.680075 USER TC_26_8_1_2_1_1.ttcn3:92 MSC_Port: RX: {"type": "HEARTBEAT"}
2026/Jun/23 07:14:35.680177 PORTEVENT TC_26_8_1_2_1_1.ttcn3:92 Message enqueued on MSC from system charstring : "{\"type\": \"HEARTBEAT\"}" id 9
2026/Jun/23 07:14:35.680217 PORTEVENT TC_26_8_1_2_1_1.ttcn3:93 Receive operation on port MSC succeeded, message from system(): charstring : "{\"type\": \"HEARTBEAT\"}" id 9
2026/Jun/23 07:14:35.680234 PORTEVENT TC_26_8_1_2_1_1.ttcn3:93 Message with id 9 was extracted from the queue of MSC.
2026/Jun/23 07:14:35.680243 USER TC_26_8_1_2_1_1.ttcn3:94 TC_26_8_1_2_1_1: (drain) discarding: "{\"type\": \"HEARTBEAT\"}"
2026/Jun/23 07:14:36.397046 USER TC_26_8_1_2_1_1.ttcn3:92 VTY_PT: Received data (buffered): 68 bytes
2026/Jun/23 07:14:38.679878 TIMEROP TC_26_8_1_2_1_1.ttcn3:97 Timeout T_drain: 5 s
2026/Jun/23 07:14:38.679948 USER TC_26_8_1_2_1_1.ttcn3:98 TC_26_8_1_2_1_1: drain complete
2026/Jun/23 07:14:38.679982 PORTEVENT TC_26_8_1_2_1_1.ttcn3:101 Sent on MSC to system charstring : "{\"command\": \"CLEAR\", \"params\": {}}"
2026/Jun/23 07:14:38.680070 USER TC_26_8_1_2_1_1.ttcn3:101 MSC_Port: TX: {"command": "CLEAR", "params": {}}
2026/Jun/23 07:14:38.680089 TIMEROP TC_26_8_1_2_1_1.ttcn3:103 Start timer T_settle_init: 2 s
2026/Jun/23 07:14:38.680375 USER TC_26_8_1_2_1_1.ttcn3:104 MSC_Port: RX: {"status": "ok"}
2026/Jun/23 07:14:38.680388 PORTEVENT TC_26_8_1_2_1_1.ttcn3:104 Message enqueued on MSC from system charstring : "{\"status\": \"ok\"}" id 10
2026/Jun/23 07:14:40.680857 TIMEROP TC_26_8_1_2_1_1.ttcn3:104 Timeout T_settle_init: 2 s
2026/Jun/23 07:14:40.680929 USER TC_26_8_1_2_1_1.ttcn3:107 *** Phase 1: Waiting for LU REQUEST ***
2026/Jun/23 07:14:40.680954 TIMEROP TC_26_8_1_2_1_1.ttcn3:109 Start timer T_lu_wait: 45 s
2026/Jun/23 07:14:40.680974 PORTEVENT TC_26_8_1_2_1_1.ttcn3:111 Receive operation on port MSC succeeded, message from system(): charstring : "{\"status\": \"ok\"}" id 10
2026/Jun/23 07:14:40.680984 PORTEVENT TC_26_8_1_2_1_1.ttcn3:111 Message with id 10 was extracted from the queue of MSC.
2026/Jun/23 07:14:40.681182 USER TC_26_8_1_2_1_1.ttcn3:120 TC_26_8_1_2_1_1: (LU wait) ignoring: "{\"status\": \"ok\"}"
2026/Jun/23 07:14:40.682052 USER TC_26_8_1_2_1_1.ttcn3:110 MSC_Port: RX: {"type": "HEARTBEAT"}
2026/Jun/23 07:14:40.682098 PORTEVENT TC_26_8_1_2_1_1.ttcn3:110 Message enqueued on MSC from system charstring : "{\"type\": \"HEARTBEAT\"}" id 11
2026/Jun/23 07:14:40.682115 PORTEVENT TC_26_8_1_2_1_1.ttcn3:111 Receive operation on port MSC succeeded, message from system(): charstring : "{\"type\": \"HEARTBEAT\"}" id 11
2026/Jun/23 07:14:40.682121 PORTEVENT TC_26_8_1_2_1_1.ttcn3:111 Message with id 11 was extracted from the queue of MSC.
2026/Jun/23 07:14:45.687056 USER TC_26_8_1_2_1_1.ttcn3:110 MSC_Port: RX: {"type": "HEARTBEAT"}
2026/Jun/23 07:14:45.687135 PORTEVENT TC_26_8_1_2_1_1.ttcn3:110 Message enqueued on MSC from system charstring : "{\"type\": \"HEARTBEAT\"}" id 12
2026/Jun/23 07:14:45.687157 PORTEVENT TC_26_8_1_2_1_1.ttcn3:111 Receive operation on port MSC succeeded, message from system(): charstring : "{\"type\": \"HEARTBEAT\"}" id 12
2026/Jun/23 07:14:45.687165 PORTEVENT TC_26_8_1_2_1_1.ttcn3:111 Message with id 12 was extracted from the queue of MSC.
2026/Jun/23 07:14:46.876772 USER TC_26_8_1_2_1_1.ttcn3:110 L3_Port: Received 17 bytes
2026/Jun/23 07:14:46.876846 USER TC_26_8_1_2_1_1.ttcn3:110 L3_Port: RAW GSMTAP hdr->arfcn=0x4033 RxArfcn=0x4033 Uplink=1 Chan=3 Len=1
2026/Jun/23 07:14:46.876855 USER TC_26_8_1_2_1_1.ttcn3:110 L3_Port: RX: 06 
2026/Jun/23 07:14:46.876865 PORTEVENT TC_26_8_1_2_1_1.ttcn3:110 Message enqueued on L from system octetstring : '06000046C8'O id 22
2026/Jun/23 07:14:46.876875 USER TC_26_8_1_2_1_1.ttcn3:110 L3_Port: Message delivered to TTCN-3
2026/Jun/23 07:14:47.231391 USER TC_26_8_1_2_1_1.ttcn3:110 L3_Port: Received 39 bytes
2026/Jun/23 07:14:47.231450 USER TC_26_8_1_2_1_1.ttcn3:110 L3_Port: RAW GSMTAP hdr->arfcn=0x4033 RxArfcn=0x4033 Uplink=1 Chan=7 Len=23
2026/Jun/23 07:14:47.231461 USER TC_26_8_1_2_1_1.ttcn3:110 L3_Port: RX: 01 3F 49 05 08 70 09 F1 07 00 00 33 08 99 10 07 00 00 00 00 10 2B 2B 
2026/Jun/23 07:14:47.231474 PORTEVENT TC_26_8_1_2_1_1.ttcn3:110 Message enqueued on L from system octetstring : '013F4905087009F1070000330899100700000000102B2B'O id 23
2026/Jun/23 07:14:47.231487 USER TC_26_8_1_2_1_1.ttcn3:110 L3_Port: Message delivered to TTCN-3
2026/Jun/23 07:14:47.329469 USER TC_26_8_1_2_1_1.ttcn3:110 L3_Port: Received 39 bytes
2026/Jun/23 07:14:47.329529 USER TC_26_8_1_2_1_1.ttcn3:110 L3_Port: RAW GSMTAP hdr->arfcn=0x4033 RxArfcn=0x4033 Uplink=1 Chan=135 Len=23
2026/Jun/23 07:14:47.329540 USER TC_26_8_1_2_1_1.ttcn3:110 L3_Port: RX: 0E 00 01 03 49 06 15 00 40 01 C0 00 00 00 00 00 00 00 00 00 00 00 00 
2026/Jun/23 07:14:47.329554 PORTEVENT TC_26_8_1_2_1_1.ttcn3:110 Message enqueued on L from system octetstring : '0E000103490615004001C0000000000000000000000000'O id 24
2026/Jun/23 07:14:47.329568 USER TC_26_8_1_2_1_1.ttcn3:110 L3_Port: Message delivered to TTCN-3
2026/Jun/23 07:14:47.989356 USER TC_26_8_1_2_1_1.ttcn3:110 L3_Port: Received 39 bytes
2026/Jun/23 07:14:47.989413 USER TC_26_8_1_2_1_1.ttcn3:110 L3_Port: RAW GSMTAP hdr->arfcn=0x4033 RxArfcn=0x4033 Uplink=1 Chan=7 Len=23
2026/Jun/23 07:14:47.989433 USER TC_26_8_1_2_1_1.ttcn3:110 L3_Port: RX: 03 21 01 2B 2B 2B 2B 2B 2B 2B 2B 2B 2B 2B 2B 2B 2B 2B 2B 2B 2B 2B 2B 
2026/Jun/23 07:14:47.989444 PORTEVENT TC_26_8_1_2_1_1.ttcn3:110 Message enqueued on L from system octetstring : '0321012B2B2B2B2B2B2B2B2B2B2B2B2B2B2B2B2B2B2B2B'O id 25
2026/Jun/23 07:14:47.989455 USER TC_26_8_1_2_1_1.ttcn3:110 L3_Port: Message delivered to TTCN-3
2026/Jun/23 07:14:47.989769 USER TC_26_8_1_2_1_1.ttcn3:110 L3_Port: Received 39 bytes
2026/Jun/23 07:14:47.989798 USER TC_26_8_1_2_1_1.ttcn3:110 L3_Port: RAW GSMTAP hdr->arfcn=0x4033 RxArfcn=0x4033 Uplink=1 Chan=7 Len=23
2026/Jun/23 07:14:47.989806 USER TC_26_8_1_2_1_1.ttcn3:110 L3_Port: RX: 01 20 09 05 5B 2B 2B 2B 2B 2B 2B 2B 2B 2B 2B 2B 2B 2B 2B 2B 2B 2B 2B 
2026/Jun/23 07:14:47.989816 PORTEVENT TC_26_8_1_2_1_1.ttcn3:110 Message enqueued on L from system octetstring : '012009055B2B2B2B2B2B2B2B2B2B2B2B2B2B2B2B2B2B2B'O id 26
2026/Jun/23 07:14:47.989856 USER TC_26_8_1_2_1_1.ttcn3:110 L3_Port: Message delivered to TTCN-3
2026/Jun/23 07:14:48.318123 USER TC_26_8_1_2_1_1.ttcn3:110 L3_Port: Received 39 bytes
2026/Jun/23 07:14:48.318203 USER TC_26_8_1_2_1_1.ttcn3:110 L3_Port: RAW GSMTAP hdr->arfcn=0x4033 RxArfcn=0x4033 Uplink=1 Chan=135 Len=23
2026/Jun/23 07:14:48.318226 USER TC_26_8_1_2_1_1.ttcn3:110 L3_Port: RX: 0E 00 01 03 49 06 15 BF 3F 00 00 00 00 00 00 00 00 00 00 00 00 00 00 
2026/Jun/23 07:14:48.318249 PORTEVENT TC_26_8_1_2_1_1.ttcn3:110 Message enqueued on L from system octetstring : '0E000103490615BF3F0000000000000000000000000000'O id 27
2026/Jun/23 07:14:48.318271 USER TC_26_8_1_2_1_1.ttcn3:110 L3_Port: Message delivered to TTCN-3
2026/Jun/23 07:14:48.461138 USER TC_26_8_1_2_1_1.ttcn3:110 L3_Port: Received 39 bytes
2026/Jun/23 07:14:48.461209 USER TC_26_8_1_2_1_1.ttcn3:110 L3_Port: RAW GSMTAP hdr->arfcn=0x4033 RxArfcn=0x4033 Uplink=1 Chan=7 Len=23
2026/Jun/23 07:14:48.461228 USER TC_26_8_1_2_1_1.ttcn3:110 L3_Port: RX: 03 41 01 2B 2B 2B 2B 2B 2B 2B 2B 2B 2B 2B 2B 2B 2B 2B 2B 2B 2B 2B 2B 
2026/Jun/23 07:14:48.461249 PORTEVENT TC_26_8_1_2_1_1.ttcn3:110 Message enqueued on L from system octetstring : '0341012B2B2B2B2B2B2B2B2B2B2B2B2B2B2B2B2B2B2B2B'O id 28
2026/Jun/23 07:14:48.461267 USER TC_26_8_1_2_1_1.ttcn3:110 L3_Port: Message delivered to TTCN-3
2026/Jun/23 07:14:48.461857 USER TC_26_8_1_2_1_1.ttcn3:110 L3_Port: Received 39 bytes
2026/Jun/23 07:14:48.461879 USER TC_26_8_1_2_1_1.ttcn3:110 L3_Port: RAW GSMTAP hdr->arfcn=0x4033 RxArfcn=0x4033 Uplink=1 Chan=7 Len=23
2026/Jun/23 07:14:48.461894 USER TC_26_8_1_2_1_1.ttcn3:110 L3_Port: RX: 01 53 01 2B 2B 2B 2B 2B 2B 2B 2B 2B 2B 2B 2B 2B 2B 2B 2B 2B 2B 2B 2B 
2026/Jun/23 07:14:48.461906 PORTEVENT TC_26_8_1_2_1_1.ttcn3:110 Message enqueued on L from system octetstring : '0153012B2B2B2B2B2B2B2B2B2B2B2B2B2B2B2B2B2B2B2B'O id 29
2026/Jun/23 07:14:48.461918 USER TC_26_8_1_2_1_1.ttcn3:110 L3_Port: Message delivered to TTCN-3
2026/Jun/23 07:14:50.692042 USER TC_26_8_1_2_1_1.ttcn3:110 MSC_Port: RX: {"type": "HEARTBEAT"}
2026/Jun/23 07:14:50.692139 PORTEVENT TC_26_8_1_2_1_1.ttcn3:110 Message enqueued on MSC from system charstring : "{\"type\": \"HEARTBEAT\"}" id 13
2026/Jun/23 07:14:50.692177 PORTEVENT TC_26_8_1_2_1_1.ttcn3:111 Receive operation on port MSC succeeded, message from system(): charstring : "{\"type\": \"HEARTBEAT\"}" id 13
2026/Jun/23 07:14:50.692194 PORTEVENT TC_26_8_1_2_1_1.ttcn3:111 Message with id 13 was extracted from the queue of MSC.
2026/Jun/23 07:14:51.861590 USER TC_26_8_1_2_1_1.ttcn3:110 MSC_Port: RX: {"type": "EVENT_LU_REQUEST", "bsc_slr": 2, "msc_slr": 2, "cksn": 7, "lu_type": 0, "old_mcc": "901", "old_mnc": "70", "old_lac": 0, "mi_type": "imsi"}
2026/Jun/23 07:14:51.861659 PORTEVENT TC_26_8_1_2_1_1.ttcn3:110 Message enqueued on MSC from system charstring : "{\"type\": \"EVENT_LU_REQUEST\", \"bsc_slr\": 2, \"msc_slr\": 2, \"cksn\": 7, \"lu_type\": 0, \"old_mcc\": \"901\", \"old_mnc\": \"70\", \"old_lac\": 0, \"mi_type\": \"imsi\"}" id 14
2026/Jun/23 07:14:51.861686 PORTEVENT TC_26_8_1_2_1_1.ttcn3:111 Receive operation on port MSC succeeded, message from system(): charstring : "{\"type\": \"EVENT_LU_REQUEST\", \"bsc_slr\": 2, \"msc_slr\": 2, \"cksn\": 7, \"lu_type\": 0, \"old_mcc\": \"901\", \"old_mnc\": \"70\", \"old_lac\": 0, \"mi_type\": \"imsi\"}" id 14
2026/Jun/23 07:14:51.861701 PORTEVENT TC_26_8_1_2_1_1.ttcn3:111 Message with id 14 was extracted from the queue of MSC.
2026/Jun/23 07:14:51.861882 USER GSM_Functions.ttcn3:365 f_extractJsonInt: Searching for key '"bsc_slr"' in JSON: "{\"type\": \"EVENT_LU_REQUEST\", \"bsc_slr\": 2, \"msc_slr\": 2, \"cksn\": 7, \"lu_type\": 0, \"old_mcc\": \"901\", \"old_mnc\": \"70\", \"old_lac\": 0, \"mi_type\": \"imsi\"}"
2026/Jun/23 07:14:51.861964 USER GSM_Functions.ttcn3:372 f_extractJsonInt: Found key at position 29 (pattern: "\"bsc_slr\":")
2026/Jun/23 07:14:51.862029 USER GSM_Functions.ttcn3:422 f_extractJsonInt: Extracted number string '"2"' => integer 2
2026/Jun/23 07:14:51.862043 USER TC_26_8_1_2_1_1.ttcn3:114 TC_26_8_1_2_1_1: LU REQUEST bsc_slr=2
2026/Jun/23 07:14:51.862059 TIMEROP TC_26_8_1_2_1_1.ttcn3:116 Stop timer T_lu_wait: 45 s
2026/Jun/23 07:14:51.862074 USER TC_26_8_1_2_1_1.ttcn3:134 TC_26_8_1_2_1_1: Sending LU ACCEPT (lac=4242, tmsi=305419896)
2026/Jun/23 07:14:51.862093 PORTEVENT TC_26_8_1_2_1_1.ttcn3:135 Sent on MSC to system charstring : "{\"command\": \"CMD_SEND_LU_ACCEPT_CUSTOM\", \"params\": {\"bsc_slr\": 2, \"mcc\": \"901\", \"mnc\": \"70\", \"lac\": 4242, \"tmsi\": 305419896}}"
2026/Jun/23 07:14:51.862134 USER TC_26_8_1_2_1_1.ttcn3:135 MSC_Port: TX: {"command": "CMD_SEND_LU_ACCEPT_CUSTOM", "params": {"bsc_slr": 2, "mcc": "901", "mnc": "70", "lac": 4242, "tmsi": 305419896}}
2026/Jun/23 07:14:51.862144 TIMEROP TC_26_8_1_2_1_1.ttcn3:142 Start timer T_tmsi: 10 s
2026/Jun/23 07:14:52.363287 USER TC_26_8_1_2_1_1.ttcn3:143 MSC_Port: RX: {"status": "ok", "sent": true}
2026/Jun/23 07:14:52.363355 PORTEVENT TC_26_8_1_2_1_1.ttcn3:143 Message enqueued on MSC from system charstring : "{\"status\": \"ok\", \"sent\": true}" id 15
2026/Jun/23 07:14:52.363379 PORTEVENT TC_26_8_1_2_1_1.ttcn3:144 Receive operation on port MSC succeeded, message from system(): charstring : "{\"status\": \"ok\", \"sent\": true}" id 15
2026/Jun/23 07:14:52.363388 PORTEVENT TC_26_8_1_2_1_1.ttcn3:144 Message with id 15 was extracted from the queue of MSC.
2026/Jun/23 07:14:52.363479 USER TC_26_8_1_2_1_1.ttcn3:152 TC_26_8_1_2_1_1: (TMSI wait) ignoring: "{\"status\": \"ok\", \"sent\": true}"
2026/Jun/23 07:14:52.619487 USER TC_26_8_1_2_1_1.ttcn3:143 MSC_Port: RX: {"type": "EVENT_DTAP", "bsc_slr": 2, "pd": 5, "msg_type": 27}
2026/Jun/23 07:14:52.619571 PORTEVENT TC_26_8_1_2_1_1.ttcn3:143 Message enqueued on MSC from system charstring : "{\"type\": \"EVENT_DTAP\", \"bsc_slr\": 2, \"pd\": 5, \"msg_type\": 27}" id 16
2026/Jun/23 07:14:52.619607 PORTEVENT TC_26_8_1_2_1_1.ttcn3:144 Receive operation on port MSC succeeded, message from system(): charstring : "{\"type\": \"EVENT_DTAP\", \"bsc_slr\": 2, \"pd\": 5, \"msg_type\": 27}" id 16
2026/Jun/23 07:14:52.619622 PORTEVENT TC_26_8_1_2_1_1.ttcn3:144 Message with id 16 was extracted from the queue of MSC.
2026/Jun/23 07:14:52.619776 USER TC_26_8_1_2_1_1.ttcn3:152 TC_26_8_1_2_1_1: (TMSI wait) ignoring: "{\"type\": \"EVENT_DTAP\", \"bsc_slr\": 2, \"pd\": 5, \"msg_type\": 27}"
2026/Jun/23 07:14:52.619814 USER TC_26_8_1_2_1_1.ttcn3:143 MSC_Port: RX: {"type": "EVENT_TMSI_REALLOC_COMPLETE", "bsc_slr": 2}
2026/Jun/23 07:14:52.619848 PORTEVENT TC_26_8_1_2_1_1.ttcn3:143 Message enqueued on MSC from system charstring : "{\"type\": \"EVENT_TMSI_REALLOC_COMPLETE\", \"bsc_slr\": 2}" id 17
2026/Jun/23 07:14:52.619866 PORTEVENT TC_26_8_1_2_1_1.ttcn3:144 Receive operation on port MSC succeeded, message from system(): charstring : "{\"type\": \"EVENT_TMSI_REALLOC_COMPLETE\", \"bsc_slr\": 2}" id 17
2026/Jun/23 07:14:52.619877 PORTEVENT TC_26_8_1_2_1_1.ttcn3:144 Message with id 17 was extracted from the queue of MSC.
2026/Jun/23 07:14:52.620126 USER TC_26_8_1_2_1_1.ttcn3:147 TC_26_8_1_2_1_1: TMSI REALLOC COMPLETE
2026/Jun/23 07:14:52.620144 TIMEROP TC_26_8_1_2_1_1.ttcn3:148 Stop timer T_tmsi: 10 s
2026/Jun/23 07:14:52.620183 PORTEVENT TC_26_8_1_2_1_1.ttcn3:162 Sent on MSC to system charstring : "{\"command\": \"CMD_SEND_CLEAR_CMD\", \"params\": {\"bsc_slr\": 2, \"cause\": 0}}"
2026/Jun/23 07:14:52.620250 USER TC_26_8_1_2_1_1.ttcn3:162 MSC_Port: TX: {"command": "CMD_SEND_CLEAR_CMD", "params": {"bsc_slr": 2, "cause": 0}}
2026/Jun/23 07:14:52.620268 TIMEROP TC_26_8_1_2_1_1.ttcn3:167 Start timer T_lu_settle: 25 s
2026/Jun/23 07:14:52.620966 USER TC_26_8_1_2_1_1.ttcn3:168 MSC_Port: RX: {"status": "ok"}
2026/Jun/23 07:14:52.621014 PORTEVENT TC_26_8_1_2_1_1.ttcn3:168 Message enqueued on MSC from system charstring : "{\"status\": \"ok\"}" id 18
2026/Jun/23 07:14:52.621032 PORTEVENT TC_26_8_1_2_1_1.ttcn3:169 Receive operation on port MSC succeeded, message from system(): charstring : "{\"status\": \"ok\"}" id 18
2026/Jun/23 07:14:52.621040 PORTEVENT TC_26_8_1_2_1_1.ttcn3:169 Message with id 18 was extracted from the queue of MSC.
2026/Jun/23 07:14:52.621077 USER TC_26_8_1_2_1_1.ttcn3:173 TC_26_8_1_2_1_1: (post-LU settle) "{\"status\": \"ok\"}"
2026/Jun/23 07:14:52.661976 USER TC_26_8_1_2_1_1.ttcn3:168 MSC_Port: RX: {"type": "EVENT_BSSMAP_CLEAR_COMPLETE", "bsc_slr": 2}
2026/Jun/23 07:14:52.662069 PORTEVENT TC_26_8_1_2_1_1.ttcn3:168 Message enqueued on MSC from system charstring : "{\"type\": \"EVENT_BSSMAP_CLEAR_COMPLETE\", \"bsc_slr\": 2}" id 19
2026/Jun/23 07:14:52.662111 PORTEVENT TC_26_8_1_2_1_1.ttcn3:169 Receive operation on port MSC succeeded, message from system(): charstring : "{\"type\": \"EVENT_BSSMAP_CLEAR_COMPLETE\", \"bsc_slr\": 2}" id 19
2026/Jun/23 07:14:52.662128 PORTEVENT TC_26_8_1_2_1_1.ttcn3:169 Message with id 19 was extracted from the queue of MSC.
2026/Jun/23 07:14:52.662200 USER TC_26_8_1_2_1_1.ttcn3:173 TC_26_8_1_2_1_1: (post-LU settle) "{\"type\": \"EVENT_BSSMAP_CLEAR_COMPLETE\", \"bsc_slr\": 2}"
2026/Jun/23 07:14:53.180465 USER TC_26_8_1_2_1_1.ttcn3:168 VTY_PT: Received data (buffered): 61 bytes
2026/Jun/23 07:14:56.625061 USER TC_26_8_1_2_1_1.ttcn3:168 MSC_Port: RX: {"type": "HEARTBEAT"}
2026/Jun/23 07:14:56.625146 PORTEVENT TC_26_8_1_2_1_1.ttcn3:168 Message enqueued on MSC from system charstring : "{\"type\": \"HEARTBEAT\"}" id 20
2026/Jun/23 07:14:56.625170 PORTEVENT TC_26_8_1_2_1_1.ttcn3:169 Receive operation on port MSC succeeded, message from system(): charstring : "{\"type\": \"HEARTBEAT\"}" id 20
2026/Jun/23 07:14:56.625178 PORTEVENT TC_26_8_1_2_1_1.ttcn3:169 Message with id 20 was extracted from the queue of MSC.
2026/Jun/23 07:15:01.630315 USER TC_26_8_1_2_1_1.ttcn3:168 MSC_Port: RX: {"type": "HEARTBEAT"}
2026/Jun/23 07:15:01.630390 PORTEVENT TC_26_8_1_2_1_1.ttcn3:168 Message enqueued on MSC from system charstring : "{\"type\": \"HEARTBEAT\"}" id 21
2026/Jun/23 07:15:01.630414 PORTEVENT TC_26_8_1_2_1_1.ttcn3:169 Receive operation on port MSC succeeded, message from system(): charstring : "{\"type\": \"HEARTBEAT\"}" id 21
2026/Jun/23 07:15:01.630423 PORTEVENT TC_26_8_1_2_1_1.ttcn3:169 Message with id 21 was extracted from the queue of MSC.
2026/Jun/23 07:15:06.635100 USER TC_26_8_1_2_1_1.ttcn3:168 MSC_Port: RX: {"type": "HEARTBEAT"}
2026/Jun/23 07:15:06.635174 PORTEVENT TC_26_8_1_2_1_1.ttcn3:168 Message enqueued on MSC from system charstring : "{\"type\": \"HEARTBEAT\"}" id 22
2026/Jun/23 07:15:06.635201 PORTEVENT TC_26_8_1_2_1_1.ttcn3:169 Receive operation on port MSC succeeded, message from system(): charstring : "{\"type\": \"HEARTBEAT\"}" id 22
2026/Jun/23 07:15:06.635212 PORTEVENT TC_26_8_1_2_1_1.ttcn3:169 Message with id 22 was extracted from the queue of MSC.
2026/Jun/23 07:15:11.640077 USER TC_26_8_1_2_1_1.ttcn3:168 MSC_Port: RX: {"type": "HEARTBEAT"}
2026/Jun/23 07:15:11.640159 PORTEVENT TC_26_8_1_2_1_1.ttcn3:168 Message enqueued on MSC from system charstring : "{\"type\": \"HEARTBEAT\"}" id 23
2026/Jun/23 07:15:11.640182 PORTEVENT TC_26_8_1_2_1_1.ttcn3:169 Receive operation on port MSC succeeded, message from system(): charstring : "{\"type\": \"HEARTBEAT\"}" id 23
2026/Jun/23 07:15:11.640190 PORTEVENT TC_26_8_1_2_1_1.ttcn3:169 Message with id 23 was extracted from the queue of MSC.
2026/Jun/23 07:15:13.472598 USER TC_26_8_1_2_1_1.ttcn3:168 L3_Port: Received 17 bytes
2026/Jun/23 07:15:13.472664 USER TC_26_8_1_2_1_1.ttcn3:168 L3_Port: RAW GSMTAP hdr->arfcn=0x4033 RxArfcn=0x4033 Uplink=1 Chan=3 Len=1
2026/Jun/23 07:15:13.472674 USER TC_26_8_1_2_1_1.ttcn3:168 L3_Port: RX: E3 
2026/Jun/23 07:15:13.472687 PORTEVENT TC_26_8_1_2_1_1.ttcn3:168 Message enqueued on L from system octetstring : 'E300005D4B'O id 30
2026/Jun/23 07:15:13.472701 USER TC_26_8_1_2_1_1.ttcn3:168 L3_Port: Message delivered to TTCN-3
2026/Jun/23 07:15:13.690066 USER TC_26_8_1_2_1_1.ttcn3:168 L3_Port: Received 39 bytes
2026/Jun/23 07:15:13.690110 USER TC_26_8_1_2_1_1.ttcn3:168 L3_Port: RAW GSMTAP hdr->arfcn=0x4033 RxArfcn=0x4033 Uplink=1 Chan=135 Len=23
2026/Jun/23 07:15:13.690119 USER TC_26_8_1_2_1_1.ttcn3:168 L3_Port: RX: 0E 00 01 03 49 06 15 80 40 00 00 00 00 00 00 00 00 00 00 00 00 00 00 
2026/Jun/23 07:15:13.690128 PORTEVENT TC_26_8_1_2_1_1.ttcn3:168 Message enqueued on L from system octetstring : '0E00010349061580400000000000000000000000000000'O id 31
2026/Jun/23 07:15:13.690137 USER TC_26_8_1_2_1_1.ttcn3:168 L3_Port: Message delivered to TTCN-3
2026/Jun/23 07:15:13.878698 USER TC_26_8_1_2_1_1.ttcn3:168 L3_Port: Received 39 bytes
2026/Jun/23 07:15:13.878760 USER TC_26_8_1_2_1_1.ttcn3:168 L3_Port: RAW GSMTAP hdr->arfcn=0x4033 RxArfcn=0x4033 Uplink=1 Chan=7 Len=23
2026/Jun/23 07:15:13.878769 USER TC_26_8_1_2_1_1.ttcn3:168 L3_Port: RX: 01 3F 35 05 24 71 03 33 1F 01 05 F4 12 34 56 78 2B 2B 2B 2B 2B 2B 2B 
2026/Jun/23 07:15:13.878783 PORTEVENT TC_26_8_1_2_1_1.ttcn3:168 Message enqueued on L from system octetstring : '013F3505247103331F0105F4123456782B2B2B2B2B2B2B'O id 32
2026/Jun/23 07:15:13.878796 USER TC_26_8_1_2_1_1.ttcn3:168 L3_Port: Message delivered to TTCN-3
2026/Jun/23 07:15:14.349765 USER TC_26_8_1_2_1_1.ttcn3:168 L3_Port: Received 39 bytes
2026/Jun/23 07:15:14.349845 USER TC_26_8_1_2_1_1.ttcn3:168 L3_Port: RAW GSMTAP hdr->arfcn=0x4033 RxArfcn=0x4033 Uplink=1 Chan=7 Len=23
2026/Jun/23 07:15:14.349857 USER TC_26_8_1_2_1_1.ttcn3:168 L3_Port: RX: 03 21 01 2B 2B 2B 2B 2B 2B 2B 2B 2B 2B 2B 2B 2B 2B 2B 2B 2B 2B 2B 2B 
2026/Jun/23 07:15:14.349869 PORTEVENT TC_26_8_1_2_1_1.ttcn3:168 Message enqueued on L from system octetstring : '0321012B2B2B2B2B2B2B2B2B2B2B2B2B2B2B2B2B2B2B2B'O id 33
2026/Jun/23 07:15:14.349882 USER TC_26_8_1_2_1_1.ttcn3:168 L3_Port: Message delivered to TTCN-3
2026/Jun/23 07:15:14.350148 USER TC_26_8_1_2_1_1.ttcn3:168 L3_Port: Received 39 bytes
2026/Jun/23 07:15:14.350164 USER TC_26_8_1_2_1_1.ttcn3:168 L3_Port: RAW GSMTAP hdr->arfcn=0x4033 RxArfcn=0x4033 Uplink=1 Chan=7 Len=23
2026/Jun/23 07:15:14.350171 USER TC_26_8_1_2_1_1.ttcn3:168 L3_Port: RX: 01 20 19 05 54 04 A6 6B A8 2B 2B 2B 2B 2B 2B 2B 2B 2B 2B 2B 2B 2B 2B 
2026/Jun/23 07:15:14.350178 PORTEVENT TC_26_8_1_2_1_1.ttcn3:168 Message enqueued on L from system octetstring : '012019055404A66BA82B2B2B2B2B2B2B2B2B2B2B2B2B2B'O id 34
2026/Jun/23 07:15:14.350184 USER TC_26_8_1_2_1_1.ttcn3:168 L3_Port: Message delivered to TTCN-3
2026/Jun/23 07:15:14.677793 USER TC_26_8_1_2_1_1.ttcn3:168 L3_Port: Received 39 bytes
2026/Jun/23 07:15:14.677841 USER TC_26_8_1_2_1_1.ttcn3:168 L3_Port: RAW GSMTAP hdr->arfcn=0x4033 RxArfcn=0x4033 Uplink=1 Chan=135 Len=23
2026/Jun/23 07:15:14.677851 USER TC_26_8_1_2_1_1.ttcn3:168 L3_Port: RX: 0E 00 01 03 49 06 15 BF 3F 00 00 00 00 00 00 00 00 00 00 00 00 00 00 
2026/Jun/23 07:15:14.677860 PORTEVENT TC_26_8_1_2_1_1.ttcn3:168 Message enqueued on L from system octetstring : '0E000103490615BF3F0000000000000000000000000000'O id 35
2026/Jun/23 07:15:14.677869 USER TC_26_8_1_2_1_1.ttcn3:168 L3_Port: Message delivered to TTCN-3
2026/Jun/23 07:15:14.821206 USER TC_26_8_1_2_1_1.ttcn3:168 L3_Port: Received 39 bytes
2026/Jun/23 07:15:14.821264 USER TC_26_8_1_2_1_1.ttcn3:168 L3_Port: RAW GSMTAP hdr->arfcn=0x4033 RxArfcn=0x4033 Uplink=1 Chan=7 Len=23
2026/Jun/23 07:15:14.821274 USER TC_26_8_1_2_1_1.ttcn3:168 L3_Port: RX: 03 41 01 2B 2B 2B 2B 2B 2B 2B 2B 2B 2B 2B 2B 2B 2B 2B 2B 2B 2B 2B 2B 
2026/Jun/23 07:15:14.821287 PORTEVENT TC_26_8_1_2_1_1.ttcn3:168 Message enqueued on L from system octetstring : '0341012B2B2B2B2B2B2B2B2B2B2B2B2B2B2B2B2B2B2B2B'O id 36
2026/Jun/23 07:15:14.821314 USER TC_26_8_1_2_1_1.ttcn3:168 L3_Port: Message delivered to TTCN-3
2026/Jun/23 07:15:14.821648 USER TC_26_8_1_2_1_1.ttcn3:168 L3_Port: Received 39 bytes
2026/Jun/23 07:15:14.821691 USER TC_26_8_1_2_1_1.ttcn3:168 L3_Port: RAW GSMTAP hdr->arfcn=0x4033 RxArfcn=0x4033 Uplink=1 Chan=7 Len=23
2026/Jun/23 07:15:14.821699 USER TC_26_8_1_2_1_1.ttcn3:168 L3_Port: RX: 01 42 09 06 32 2B 2B 2B 2B 2B 2B 2B 2B 2B 2B 2B 2B 2B 2B 2B 2B 2B 2B 
2026/Jun/23 07:15:14.821709 PORTEVENT TC_26_8_1_2_1_1.ttcn3:168 Message enqueued on L from system octetstring : '01420906322B2B2B2B2B2B2B2B2B2B2B2B2B2B2B2B2B2B'O id 37
2026/Jun/23 07:15:14.821719 USER TC_26_8_1_2_1_1.ttcn3:168 L3_Port: Message delivered to TTCN-3
2026/Jun/23 07:15:15.005475 USER TC_26_8_1_2_1_1.ttcn3:168 L3_Port: Received 39 bytes
2026/Jun/23 07:15:15.005535 USER TC_26_8_1_2_1_1.ttcn3:168 L3_Port: RAW GSMTAP hdr->arfcn=0x4033 RxArfcn=0x4033 Uplink=1 Chan=7 Len=23
2026/Jun/23 07:15:15.005545 USER TC_26_8_1_2_1_1.ttcn3:168 L3_Port: RX: 01 44 45 03 05 04 04 60 02 00 81 5E 04 81 21 43 F5 15 01 01 2B 2B 2B 
2026/Jun/23 07:15:15.005565 PORTEVENT TC_26_8_1_2_1_1.ttcn3:168 Message enqueued on L from system octetstring : '01444503050404600200815E04812143F51501012B2B2B'O id 38
2026/Jun/23 07:15:15.005575 USER TC_26_8_1_2_1_1.ttcn3:168 L3_Port: Message delivered to TTCN-3
2026/Jun/23 07:15:15.291247 USER TC_26_8_1_2_1_1.ttcn3:168 L3_Port: Received 39 bytes
2026/Jun/23 07:15:15.291324 USER TC_26_8_1_2_1_1.ttcn3:168 L3_Port: RAW GSMTAP hdr->arfcn=0x4033 RxArfcn=0x4033 Uplink=1 Chan=7 Len=23
2026/Jun/23 07:15:15.291345 USER TC_26_8_1_2_1_1.ttcn3:168 L3_Port: RX: 01 46 19 03 6D 08 02 E0 90 2B 2B 2B 2B 2B 2B 2B 2B 2B 2B 2B 2B 2B 2B 
2026/Jun/23 07:15:15.291364 PORTEVENT TC_26_8_1_2_1_1.ttcn3:168 Message enqueued on L from system octetstring : '014619036D0802E0902B2B2B2B2B2B2B2B2B2B2B2B2B2B'O id 39
2026/Jun/23 07:15:15.291383 USER TC_26_8_1_2_1_1.ttcn3:168 L3_Port: Message delivered to TTCN-3
2026/Jun/23 07:15:15.762354 USER TC_26_8_1_2_1_1.ttcn3:168 L3_Port: Received 39 bytes
2026/Jun/23 07:15:15.762409 USER TC_26_8_1_2_1_1.ttcn3:168 L3_Port: RAW GSMTAP hdr->arfcn=0x4033 RxArfcn=0x4033 Uplink=1 Chan=135 Len=23
2026/Jun/23 07:15:15.762418 USER TC_26_8_1_2_1_1.ttcn3:168 L3_Port: RX: 0E 00 01 03 49 06 15 BF 3F 00 00 00 00 00 00 00 00 00 00 00 00 00 00 
2026/Jun/23 07:15:15.762430 PORTEVENT TC_26_8_1_2_1_1.ttcn3:168 Message enqueued on L from system octetstring : '0E000103490615BF3F0000000000000000000000000000'O id 40
2026/Jun/23 07:15:15.762443 USER TC_26_8_1_2_1_1.ttcn3:168 L3_Port: Message delivered to TTCN-3
2026/Jun/23 07:15:15.762777 USER TC_26_8_1_2_1_1.ttcn3:168 L3_Port: Received 39 bytes
2026/Jun/23 07:15:15.762847 USER TC_26_8_1_2_1_1.ttcn3:168 L3_Port: RAW GSMTAP hdr->arfcn=0x4033 RxArfcn=0x4033 Uplink=1 Chan=7 Len=23
2026/Jun/23 07:15:15.762863 USER TC_26_8_1_2_1_1.ttcn3:168 L3_Port: RX: 03 61 01 2B 2B 2B 2B 2B 2B 2B 2B 2B 2B 2B 2B 2B 2B 2B 2B 2B 2B 2B 2B 
2026/Jun/23 07:15:15.762874 PORTEVENT TC_26_8_1_2_1_1.ttcn3:168 Message enqueued on L from system octetstring : '0361012B2B2B2B2B2B2B2B2B2B2B2B2B2B2B2B2B2B2B2B'O id 41
2026/Jun/23 07:15:15.762885 USER TC_26_8_1_2_1_1.ttcn3:168 L3_Port: Message delivered to TTCN-3
2026/Jun/23 07:15:15.763141 USER TC_26_8_1_2_1_1.ttcn3:168 L3_Port: Received 39 bytes
2026/Jun/23 07:15:15.763148 USER TC_26_8_1_2_1_1.ttcn3:168 L3_Port: RAW GSMTAP hdr->arfcn=0x4033 RxArfcn=0x4033 Uplink=1 Chan=7 Len=23
2026/Jun/23 07:15:15.763154 USER TC_26_8_1_2_1_1.ttcn3:168 L3_Port: RX: 01 53 01 2B 2B 2B 2B 2B 2B 2B 2B 2B 2B 2B 2B 2B 2B 2B 2B 2B 2B 2B 2B 
2026/Jun/23 07:15:15.763160 PORTEVENT TC_26_8_1_2_1_1.ttcn3:168 Message enqueued on L from system octetstring : '0153012B2B2B2B2B2B2B2B2B2B2B2B2B2B2B2B2B2B2B2B'O id 42
2026/Jun/23 07:15:15.763164 USER TC_26_8_1_2_1_1.ttcn3:168 L3_Port: Message delivered to TTCN-3
2026/Jun/23 07:15:16.647301 USER TC_26_8_1_2_1_1.ttcn3:168 MSC_Port: RX: {"type": "HEARTBEAT"}
2026/Jun/23 07:15:16.647367 PORTEVENT TC_26_8_1_2_1_1.ttcn3:168 Message enqueued on MSC from system charstring : "{\"type\": \"HEARTBEAT\"}" id 24
2026/Jun/23 07:15:16.647402 PORTEVENT TC_26_8_1_2_1_1.ttcn3:169 Receive operation on port MSC succeeded, message from system(): charstring : "{\"type\": \"HEARTBEAT\"}" id 24
2026/Jun/23 07:15:16.647410 PORTEVENT TC_26_8_1_2_1_1.ttcn3:169 Message with id 24 was extracted from the queue of MSC.
2026/Jun/23 07:15:17.620483 TIMEROP TC_26_8_1_2_1_1.ttcn3:177 Timeout T_lu_settle: 25 s
2026/Jun/23 07:15:17.620567 USER TC_26_8_1_2_1_1.ttcn3:178 TC_26_8_1_2_1_1: MS now in idle-updated state
2026/Jun/23 07:15:17.620606 USER TC_26_8_1_2_1_1.ttcn3:187 "*** Phase 2: [4] +InitCall " & char(0, 0, 32, 20) & " triggering MO call via VTY ***"
2026/Jun/23 07:15:17.620682 USER GSM_Component_Definitions.ttcn3:455 VTY: Sending command: "enable"
2026/Jun/23 07:15:17.620722 PORTEVENT GSM_Component_Definitions.ttcn3:456 Sent on VTY to system charstring : "enable"
2026/Jun/23 07:15:17.620771 USER GSM_Component_Definitions.ttcn3:456 VTY_PT: Sending command: "enable"
2026/Jun/23 07:15:17.821022 USER GSM_Component_Definitions.ttcn3:456 VTY_PT: Received response: 
% (MS 1)
% Power off!

% (MS 1)
% Trying to register with network International, 70...

% (MS 1)
% Trying to register with network International, 70...

% (MS 1)
% On Network, normal service: International, 70
enable
OsmocomBB(mobile)# 
OsmocomBB(mobile)# 
2026/Jun/23 07:15:17.821112 PORTEVENT GSM_Component_Definitions.ttcn3:456 Message enqueued on VTY from system charstring : "\r\n% (MS 1)\r\n% Power off!\r\n\r\n% (MS 1)\r\n% Trying to register with network International, 70...\r\n\r\n% (MS 1)\r\n% Trying to register with network International, 70...\r\n\r\n% (MS 1)\r\n% On Network, normal service: International, 70\r\nenable\r\nOsmocomBB(mobile)# \r\nOsmocomBB(mobile)# " id 1
2026/Jun/23 07:15:17.821136 TIMEROP GSM_Component_Definitions.ttcn3:459 Start timer T_vty: 5 s
2026/Jun/23 07:15:17.821170 PORTEVENT GSM_Component_Definitions.ttcn3:462 Receive operation on port VTY succeeded, message from system(): charstring : "\r\n% (MS 1)\r\n% Power off!\r\n\r\n% (MS 1)\r\n% Trying to register with network International, 70...\r\n\r\n% (MS 1)\r\n% Trying to register with network International, 70...\r\n\r\n% (MS 1)\r\n% On Network, normal service: International, 70\r\nenable\r\nOsmocomBB(mobile)# \r\nOsmocomBB(mobile)# " id 1
2026/Jun/23 07:15:17.821180 PORTEVENT GSM_Component_Definitions.ttcn3:462 Message with id 1 was extracted from the queue of VTY.
2026/Jun/23 07:15:17.821188 TIMEROP GSM_Component_Definitions.ttcn3:463 Stop timer T_vty: 5 s
2026/Jun/23 07:15:17.821193 USER GSM_Component_Definitions.ttcn3:464 VTY: Received response: "\r\n% (MS 1)\r\n% Power off!\r\n\r\n% (MS 1)\r\n% Trying to register with network International, 70...\r\n\r\n% (MS 1)\r\n% Trying to register with network International, 70...\r\n\r\n% (MS 1)\r\n% On Network, normal service: International, 70\r\nenable\r\nOsmocomBB(mobile)# \r\nOsmocomBB(mobile)# "
2026/Jun/23 07:15:17.821215 USER TC_26_8_1_2_1_1.ttcn3:191 TC_26_8_1_2_1_1: VTY enable(1): "\r\n% (MS 1)\r\n% Power off!\r\n\r\n% (MS 1)\r\n% Trying to register with network International, 70...\r\n\r\n% (MS 1)\r\n% Trying to register with network International, 70...\r\n\r\n% (MS 1)\r\n% On Network, normal service: International, 70\r\nenable\r\nOsmocomBB(mobile)# \r\nOsmocomBB(mobile)# "
2026/Jun/23 07:15:17.821230 USER GSM_Component_Definitions.ttcn3:455 VTY: Sending command: "enable"
2026/Jun/23 07:15:17.821239 PORTEVENT GSM_Component_Definitions.ttcn3:456 Sent on VTY to system charstring : "enable"
2026/Jun/23 07:15:17.821246 USER GSM_Component_Definitions.ttcn3:456 VTY_PT: Sending command: "enable"
2026/Jun/23 07:15:18.021974 USER GSM_Component_Definitions.ttcn3:456 VTY_PT: Received response: enable
% Unknown command.
OsmocomBB(mobile)# 
OsmocomBB(mobile)# 
2026/Jun/23 07:15:18.022050 PORTEVENT GSM_Component_Definitions.ttcn3:456 Message enqueued on VTY from system charstring : "enable\r\n% Unknown command.\r\nOsmocomBB(mobile)# \r\nOsmocomBB(mobile)# " id 2
2026/Jun/23 07:15:18.022076 TIMEROP GSM_Component_Definitions.ttcn3:459 Start timer T_vty: 5 s
2026/Jun/23 07:15:18.022094 PORTEVENT GSM_Component_Definitions.ttcn3:462 Receive operation on port VTY succeeded, message from system(): charstring : "enable\r\n% Unknown command.\r\nOsmocomBB(mobile)# \r\nOsmocomBB(mobile)# " id 2
2026/Jun/23 07:15:18.022101 PORTEVENT GSM_Component_Definitions.ttcn3:462 Message with id 2 was extracted from the queue of VTY.
2026/Jun/23 07:15:18.022105 TIMEROP GSM_Component_Definitions.ttcn3:463 Stop timer T_vty: 5 s
2026/Jun/23 07:15:18.022109 USER GSM_Component_Definitions.ttcn3:464 VTY: Received response: "enable\r\n% Unknown command.\r\nOsmocomBB(mobile)# \r\nOsmocomBB(mobile)# "
2026/Jun/23 07:15:18.022120 USER TC_26_8_1_2_1_1.ttcn3:193 TC_26_8_1_2_1_1: VTY enable(2): "enable\r\n% Unknown command.\r\nOsmocomBB(mobile)# \r\nOsmocomBB(mobile)# "
2026/Jun/23 07:15:18.022128 USER GSM_Component_Definitions.ttcn3:455 VTY: Sending command: "call 1 12345"
2026/Jun/23 07:15:18.022135 PORTEVENT GSM_Component_Definitions.ttcn3:456 Sent on VTY to system charstring : "call 1 12345"
2026/Jun/23 07:15:18.022141 USER GSM_Component_Definitions.ttcn3:456 VTY_PT: Sending command: "call 1 12345"
2026/Jun/23 07:15:18.222278 USER GSM_Component_Definitions.ttcn3:456 VTY_PT: Received response: call 1 12345
OsmocomBB(mobile)# 
OsmocomBB(mobile)# 
2026/Jun/23 07:15:18.222354 PORTEVENT GSM_Component_Definitions.ttcn3:456 Message enqueued on VTY from system charstring : "call 1 12345\r\nOsmocomBB(mobile)# \r\nOsmocomBB(mobile)# " id 3
2026/Jun/23 07:15:18.222370 TIMEROP GSM_Component_Definitions.ttcn3:459 Start timer T_vty: 5 s
2026/Jun/23 07:15:18.222389 PORTEVENT GSM_Component_Definitions.ttcn3:462 Receive operation on port VTY succeeded, message from system(): charstring : "call 1 12345\r\nOsmocomBB(mobile)# \r\nOsmocomBB(mobile)# " id 3
2026/Jun/23 07:15:18.222396 PORTEVENT GSM_Component_Definitions.ttcn3:462 Message with id 3 was extracted from the queue of VTY.
2026/Jun/23 07:15:18.222399 TIMEROP GSM_Component_Definitions.ttcn3:463 Stop timer T_vty: 5 s
2026/Jun/23 07:15:18.222404 USER GSM_Component_Definitions.ttcn3:464 VTY: Received response: "call 1 12345\r\nOsmocomBB(mobile)# \r\nOsmocomBB(mobile)# "
2026/Jun/23 07:15:18.222415 USER TC_26_8_1_2_1_1.ttcn3:195 TC_26_8_1_2_1_1: VTY call command: "call 1 12345\r\nOsmocomBB(mobile)# \r\nOsmocomBB(mobile)# "
2026/Jun/23 07:15:18.222424 USER TC_26_8_1_2_1_1.ttcn3:213 *** Phase 3: [8] Waiting for CM SERVICE REQUEST (CMSerReq_04) ***
2026/Jun/23 07:15:18.222429 TIMEROP TC_26_8_1_2_1_1.ttcn3:215 Start timer T_cm: 30 s
2026/Jun/23 07:15:18.508720 USER TC_26_8_1_2_1_1.ttcn3:216 MSC_Port: RX: {"type": "EVENT_CM_SERVICE_REQUEST", "bsc_slr": 3, "cm_service_type": 1, "cm_service_type_name": "MO call / Packet"}
2026/Jun/23 07:15:18.508784 PORTEVENT TC_26_8_1_2_1_1.ttcn3:216 Message enqueued on MSC from system charstring : "{\"type\": \"EVENT_CM_SERVICE_REQUEST\", \"bsc_slr\": 3, \"cm_service_type\": 1, \"cm_service_type_name\": \"MO call / Packet\"}" id 25
2026/Jun/23 07:15:18.508807 PORTEVENT TC_26_8_1_2_1_1.ttcn3:217 Receive operation on port MSC succeeded, message from system(): charstring : "{\"type\": \"EVENT_CM_SERVICE_REQUEST\", \"bsc_slr\": 3, \"cm_service_type\": 1, \"cm_service_type_name\": \"MO call / Packet\"}" id 25
2026/Jun/23 07:15:18.508816 PORTEVENT TC_26_8_1_2_1_1.ttcn3:217 Message with id 25 was extracted from the queue of MSC.
2026/Jun/23 07:15:18.508936 USER GSM_Functions.ttcn3:365 f_extractJsonInt: Searching for key '"bsc_slr"' in JSON: "{\"type\": \"EVENT_CM_SERVICE_REQUEST\", \"bsc_slr\": 3, \"cm_service_type\": 1, \"cm_service_type_name\": \"MO call / Packet\"}"
2026/Jun/23 07:15:18.508966 USER GSM_Functions.ttcn3:372 f_extractJsonInt: Found key at position 37 (pattern: "\"bsc_slr\":")
2026/Jun/23 07:15:18.508982 USER GSM_Functions.ttcn3:422 f_extractJsonInt: Extracted number string '"3"' => integer 3
2026/Jun/23 07:15:18.508990 USER GSM_Functions.ttcn3:365 f_extractJsonInt: Searching for key '"cm_service_type"' in JSON: "{\"type\": \"EVENT_CM_SERVICE_REQUEST\", \"bsc_slr\": 3, \"cm_service_type\": 1, \"cm_service_type_name\": \"MO call / Packet\"}"
2026/Jun/23 07:15:18.509013 USER GSM_Functions.ttcn3:372 f_extractJsonInt: Found key at position 51 (pattern: "\"cm_service_type\":")
2026/Jun/23 07:15:18.509022 USER GSM_Functions.ttcn3:422 f_extractJsonInt: Extracted number string '"1"' => integer 1
2026/Jun/23 07:15:18.509029 USER TC_26_8_1_2_1_1.ttcn3:226 TC_26_8_1_2_1_1: CM SERVICE REQUEST received, bsc_slr=3 cm_service_type=1
2026/Jun/23 07:15:18.509054 USER TC_26_8_1_2_1_1.ttcn3:229 "TC_26_8_1_2_1_1: [8] PASS " & char(0, 0, 32, 20) & " CM SERVICE REQUEST with service type 1"" (MO call establishment, CMServiceReq_04, GSM 04.08 " & char(0, 0, 0, 167) & "10.5.3.3)"
2026/Jun/23 07:15:18.509069 TIMEROP TC_26_8_1_2_1_1.ttcn3:238 Stop timer T_cm: 30 s
2026/Jun/23 07:15:18.509079 USER TC_26_8_1_2_1_1.ttcn3:255 "*** Phase 4: [10] +PostMainLinkRel " & char(0, 0, 32, 20) & " releasing connection ***"
2026/Jun/23 07:15:18.509093 PORTEVENT TC_26_8_1_2_1_1.ttcn3:256 Sent on MSC to system charstring : "{\"command\": \"CMD_SEND_CLEAR_CMD\", \"params\": {\"bsc_slr\": 3, \"cause\": 0}}"
2026/Jun/23 07:15:18.509131 USER TC_26_8_1_2_1_1.ttcn3:256 MSC_Port: TX: {"command": "CMD_SEND_CLEAR_CMD", "params": {"bsc_slr": 3, "cause": 0}}
2026/Jun/23 07:15:18.509140 PORTEVENT TC_26_8_1_2_1_1.ttcn3:258 Sent on MSC to system charstring : "{\"command\": \"CLEAR\", \"params\": {}}"
2026/Jun/23 07:15:18.509147 USER TC_26_8_1_2_1_1.ttcn3:258 MSC_Port: TX: {"command": "CLEAR", "params": {}}
2026/Jun/23 07:15:18.509154 TIMEROP TC_26_8_1_2_1_1.ttcn3:261 Start timer T_rel: 3 s
2026/Jun/23 07:15:18.509433 USER TC_26_8_1_2_1_1.ttcn3:262 MSC_Port: RX: {"status": "ok"}
2026/Jun/23 07:15:18.509441 PORTEVENT TC_26_8_1_2_1_1.ttcn3:262 Message enqueued on MSC from system charstring : "{\"status\": \"ok\"}" id 26
2026/Jun/23 07:15:18.509448 PORTEVENT TC_26_8_1_2_1_1.ttcn3:263 Receive operation on port MSC succeeded, message from system(): charstring : "{\"status\": \"ok\"}" id 26
2026/Jun/23 07:15:18.509452 PORTEVENT TC_26_8_1_2_1_1.ttcn3:263 Message with id 26 was extracted from the queue of MSC.
2026/Jun/23 07:15:18.509476 USER TC_26_8_1_2_1_1.ttcn3:267 TC_26_8_1_2_1_1: (release) "{\"status\": \"ok\"}"
2026/Jun/23 07:15:18.509653 USER TC_26_8_1_2_1_1.ttcn3:262 MSC_Port: RX: {"status": "ok"}
2026/Jun/23 07:15:18.509660 PORTEVENT TC_26_8_1_2_1_1.ttcn3:262 Message enqueued on MSC from system charstring : "{\"status\": \"ok\"}" id 27
2026/Jun/23 07:15:18.509666 PORTEVENT TC_26_8_1_2_1_1.ttcn3:263 Receive operation on port MSC succeeded, message from system(): charstring : "{\"status\": \"ok\"}" id 27
2026/Jun/23 07:15:18.509670 PORTEVENT TC_26_8_1_2_1_1.ttcn3:263 Message with id 27 was extracted from the queue of MSC.
2026/Jun/23 07:15:18.509684 USER TC_26_8_1_2_1_1.ttcn3:267 TC_26_8_1_2_1_1: (release) "{\"status\": \"ok\"}"
2026/Jun/23 07:15:18.711277 USER TC_26_8_1_2_1_1.ttcn3:262 MSC_Port: RX: {"type": "EVENT_BSSMAP_CLEAR_COMPLETE", "bsc_slr": 3}
2026/Jun/23 07:15:18.711350 PORTEVENT TC_26_8_1_2_1_1.ttcn3:262 Message enqueued on MSC from system charstring : "{\"type\": \"EVENT_BSSMAP_CLEAR_COMPLETE\", \"bsc_slr\": 3}" id 28
2026/Jun/23 07:15:18.711380 PORTEVENT TC_26_8_1_2_1_1.ttcn3:263 Receive operation on port MSC succeeded, message from system(): charstring : "{\"type\": \"EVENT_BSSMAP_CLEAR_COMPLETE\", \"bsc_slr\": 3}" id 28
2026/Jun/23 07:15:18.711392 PORTEVENT TC_26_8_1_2_1_1.ttcn3:263 Message with id 28 was extracted from the queue of MSC.
2026/Jun/23 07:15:18.711451 USER TC_26_8_1_2_1_1.ttcn3:267 TC_26_8_1_2_1_1: (release) "{\"type\": \"EVENT_BSSMAP_CLEAR_COMPLETE\", \"bsc_slr\": 3}"
2026/Jun/23 07:15:19.070945 USER TC_26_8_1_2_1_1.ttcn3:262 VTY_PT: Received data (buffered): 38 bytes
2026/Jun/23 07:15:21.331323 USER TC_26_8_1_2_1_1.ttcn3:262 VTY_PT: Received data (buffered): 61 bytes
2026/Jun/23 07:15:21.509174 TIMEROP TC_26_8_1_2_1_1.ttcn3:271 Timeout T_rel: 3 s
2026/Jun/23 07:15:21.509242 USER TC_26_8_1_2_1_1.ttcn3:277 ========== TEST SUMMARY ==========
2026/Jun/23 07:15:21.509277 USER TC_26_8_1_2_1_1.ttcn3:278 Total: 1 sub-tests
2026/Jun/23 07:15:21.509317 USER TC_26_8_1_2_1_1.ttcn3:283 "TC_26_8_1_2_1_1: PASS " & char(0, 0, 32, 20) & " CM SERVICE REQUEST received with service type="1 (MO call establishment, CMServiceReq_04)
2026/Jun/23 07:15:21.509346 USER TC_26_8_1_2_1_1.ttcn3:296 Total: 1 Passed: 1 Failed: 0
2026/Jun/23 07:15:21.509390 VERDICTOP TC_26_8_1_2_1_1.ttcn3:299 setverdict(pass): none -> pass
2026/Jun/23 07:15:21.509462 TIMEROP TC_26_8_1_2_1_1.ttcn3:305 Stop timer T_guard: 300 s
2026/Jun/23 07:15:21.509481 PARALLEL GSM_Component_Definitions.ttcn3:346 Unmapping port mtc:L from system:L.
2026/Jun/23 07:15:21.509547 USER GSM_Component_Definitions.ttcn3:346 L3_Port: Unmapping from L
2026/Jun/23 07:15:21.509587 PORTEVENT GSM_Component_Definitions.ttcn3:346 Port L was unmapped from system:L.
2026/Jun/23 07:15:21.509626 PARALLEL GSM_Component_Definitions.ttcn3:346 Unmap operation of mtc:L from system:L finished.
2026/Jun/23 07:15:21.509638 PARALLEL GSM_Component_Definitions.ttcn3:347 Unmapping port mtc:RR from system:RR.
2026/Jun/23 07:15:21.509665 PORTEVENT GSM_Component_Definitions.ttcn3:347 Port RR was unmapped from system:RR.
2026/Jun/23 07:15:21.509690 PARALLEL GSM_Component_Definitions.ttcn3:347 Unmap operation of mtc:RR from system:RR finished.
2026/Jun/23 07:15:21.509696 PARALLEL GSM_Component_Definitions.ttcn3:348 Unmapping port mtc:MM from system:MM.
2026/Jun/23 07:15:21.509720 PORTEVENT GSM_Component_Definitions.ttcn3:348 Port MM was unmapped from system:MM.
2026/Jun/23 07:15:21.509743 PARALLEL GSM_Component_Definitions.ttcn3:348 Unmap operation of mtc:MM from system:MM finished.
2026/Jun/23 07:15:21.509750 PARALLEL GSM_Component_Definitions.ttcn3:349 Unmapping port mtc:CC from system:CC.
2026/Jun/23 07:15:21.509773 PORTEVENT GSM_Component_Definitions.ttcn3:349 Port CC was unmapped from system:CC.
2026/Jun/23 07:15:21.509796 PARALLEL GSM_Component_Definitions.ttcn3:349 Unmap operation of mtc:CC from system:CC finished.
2026/Jun/23 07:15:21.509803 PARALLEL GSM_Component_Definitions.ttcn3:350 Unmapping port mtc:MSC from system:MSC.
2026/Jun/23 07:15:21.509834 USER GSM_Component_Definitions.ttcn3:350 MSC_Port: Unmapping from MSC
2026/Jun/23 07:15:21.509946 PORTEVENT GSM_Component_Definitions.ttcn3:350 Port MSC was unmapped from system:MSC.
2026/Jun/23 07:15:21.510001 PARALLEL GSM_Component_Definitions.ttcn3:350 Unmap operation of mtc:MSC from system:MSC finished.
2026/Jun/23 07:15:21.510009 PARALLEL GSM_Component_Definitions.ttcn3:351 Unmapping port mtc:VTY from system:VTY.
2026/Jun/23 07:15:21.510038 USER GSM_Component_Definitions.ttcn3:351 VTY_PT: Unmapping port from VTY interface
2026/Jun/23 07:15:21.510106 USER GSM_Component_Definitions.ttcn3:351 VTY_PT: Disconnected from VTY
2026/Jun/23 07:15:21.510118 PORTEVENT GSM_Component_Definitions.ttcn3:351 Port VTY was unmapped from system:VTY.
2026/Jun/23 07:15:21.510139 PARALLEL GSM_Component_Definitions.ttcn3:351 Unmap operation of mtc:VTY from system:VTY finished.
2026/Jun/23 07:15:21.510161 PARALLEL TC_26_8_1_2_1_1.ttcn3:306 Terminating component type GSM_Component_Definitions.GSM_CT.
2026/Jun/23 07:15:21.510186 USER TC_26_8_1_2_1_1.ttcn3:306 L3_Port: user_stop called
2026/Jun/23 07:15:21.510198 PORTEVENT TC_26_8_1_2_1_1.ttcn3:306 Message with id 1 was extracted from the queue of L.
2026/Jun/23 07:15:21.510205 PORTEVENT TC_26_8_1_2_1_1.ttcn3:306 Message with id 2 was extracted from the queue of L.
2026/Jun/23 07:15:21.510210 PORTEVENT TC_26_8_1_2_1_1.ttcn3:306 Message with id 3 was extracted from the queue of L.
2026/Jun/23 07:15:21.510214 PORTEVENT TC_26_8_1_2_1_1.ttcn3:306 Message with id 4 was extracted from the queue of L.
2026/Jun/23 07:15:21.510218 PORTEVENT TC_26_8_1_2_1_1.ttcn3:306 Message with id 5 was extracted from the queue of L.
2026/Jun/23 07:15:21.510222 PORTEVENT TC_26_8_1_2_1_1.ttcn3:306 Message with id 6 was extracted from the queue of L.
2026/Jun/23 07:15:21.510226 PORTEVENT TC_26_8_1_2_1_1.ttcn3:306 Message with id 7 was extracted from the queue of L.
2026/Jun/23 07:15:21.510230 PORTEVENT TC_26_8_1_2_1_1.ttcn3:306 Message with id 8 was extracted from the queue of L.
2026/Jun/23 07:15:21.510243 PORTEVENT TC_26_8_1_2_1_1.ttcn3:306 Message with id 9 was extracted from the queue of L.
2026/Jun/23 07:15:21.510247 PORTEVENT TC_26_8_1_2_1_1.ttcn3:306 Message with id 10 was extracted from the queue of L.
2026/Jun/23 07:15:21.510251 PORTEVENT TC_26_8_1_2_1_1.ttcn3:306 Message with id 11 was extracted from the queue of L.
2026/Jun/23 07:15:21.510255 PORTEVENT TC_26_8_1_2_1_1.ttcn3:306 Message with id 12 was extracted from the queue of L.
2026/Jun/23 07:15:21.510259 PORTEVENT TC_26_8_1_2_1_1.ttcn3:306 Message with id 13 was extracted from the queue of L.
2026/Jun/23 07:15:21.510263 PORTEVENT TC_26_8_1_2_1_1.ttcn3:306 Message with id 14 was extracted from the queue of L.
2026/Jun/23 07:15:21.510267 PORTEVENT TC_26_8_1_2_1_1.ttcn3:306 Message with id 15 was extracted from the queue of L.
2026/Jun/23 07:15:21.510271 PORTEVENT TC_26_8_1_2_1_1.ttcn3:306 Message with id 16 was extracted from the queue of L.
2026/Jun/23 07:15:21.510275 PORTEVENT TC_26_8_1_2_1_1.ttcn3:306 Message with id 17 was extracted from the queue of L.
2026/Jun/23 07:15:21.510279 PORTEVENT TC_26_8_1_2_1_1.ttcn3:306 Message with id 18 was extracted from the queue of L.
2026/Jun/23 07:15:21.510283 PORTEVENT TC_26_8_1_2_1_1.ttcn3:306 Message with id 19 was extracted from the queue of L.
2026/Jun/23 07:15:21.510287 PORTEVENT TC_26_8_1_2_1_1.ttcn3:306 Message with id 20 was extracted from the queue of L.
2026/Jun/23 07:15:21.510291 PORTEVENT TC_26_8_1_2_1_1.ttcn3:306 Message with id 21 was extracted from the queue of L.
2026/Jun/23 07:15:21.510295 PORTEVENT TC_26_8_1_2_1_1.ttcn3:306 Message with id 22 was extracted from the queue of L.
2026/Jun/23 07:15:21.510299 PORTEVENT TC_26_8_1_2_1_1.ttcn3:306 Message with id 23 was extracted from the queue of L.
2026/Jun/23 07:15:21.510303 PORTEVENT TC_26_8_1_2_1_1.ttcn3:306 Message with id 24 was extracted from the queue of L.
2026/Jun/23 07:15:21.510307 PORTEVENT TC_26_8_1_2_1_1.ttcn3:306 Message with id 25 was extracted from the queue of L.
2026/Jun/23 07:15:21.510311 PORTEVENT TC_26_8_1_2_1_1.ttcn3:306 Message with id 26 was extracted from the queue of L.
2026/Jun/23 07:15:21.510315 PORTEVENT TC_26_8_1_2_1_1.ttcn3:306 Message with id 27 was extracted from the queue of L.
2026/Jun/23 07:15:21.510319 PORTEVENT TC_26_8_1_2_1_1.ttcn3:306 Message with id 28 was extracted from the queue of L.
2026/Jun/23 07:15:21.510323 PORTEVENT TC_26_8_1_2_1_1.ttcn3:306 Message with id 29 was extracted from the queue of L.
2026/Jun/23 07:15:21.510327 PORTEVENT TC_26_8_1_2_1_1.ttcn3:306 Message with id 30 was extracted from the queue of L.
2026/Jun/23 07:15:21.510331 PORTEVENT TC_26_8_1_2_1_1.ttcn3:306 Message with id 31 was extracted from the queue of L.
2026/Jun/23 07:15:21.510335 PORTEVENT TC_26_8_1_2_1_1.ttcn3:306 Message with id 32 was extracted from the queue of L.
2026/Jun/23 07:15:21.510339 PORTEVENT TC_26_8_1_2_1_1.ttcn3:306 Message with id 33 was extracted from the queue of L.
2026/Jun/23 07:15:21.510343 PORTEVENT TC_26_8_1_2_1_1.ttcn3:306 Message with id 34 was extracted from the queue of L.
2026/Jun/23 07:15:21.510347 PORTEVENT TC_26_8_1_2_1_1.ttcn3:306 Message with id 35 was extracted from the queue of L.
2026/Jun/23 07:15:21.510351 PORTEVENT TC_26_8_1_2_1_1.ttcn3:306 Message with id 36 was extracted from the queue of L.
2026/Jun/23 07:15:21.510355 PORTEVENT TC_26_8_1_2_1_1.ttcn3:306 Message with id 37 was extracted from the queue of L.
2026/Jun/23 07:15:21.510359 PORTEVENT TC_26_8_1_2_1_1.ttcn3:306 Message with id 38 was extracted from the queue of L.
2026/Jun/23 07:15:21.510364 PORTEVENT TC_26_8_1_2_1_1.ttcn3:306 Message with id 39 was extracted from the queue of L.
2026/Jun/23 07:15:21.510367 PORTEVENT TC_26_8_1_2_1_1.ttcn3:306 Message with id 40 was extracted from the queue of L.
2026/Jun/23 07:15:21.510372 PORTEVENT TC_26_8_1_2_1_1.ttcn3:306 Message with id 41 was extracted from the queue of L.
2026/Jun/23 07:15:21.510375 PORTEVENT TC_26_8_1_2_1_1.ttcn3:306 Message with id 42 was extracted from the queue of L.
2026/Jun/23 07:15:21.510383 PORTEVENT TC_26_8_1_2_1_1.ttcn3:306 Port L was stopped.
2026/Jun/23 07:15:21.510400 PORTEVENT TC_26_8_1_2_1_1.ttcn3:306 Port RR was stopped.
2026/Jun/23 07:15:21.510413 PORTEVENT TC_26_8_1_2_1_1.ttcn3:306 Port MM was stopped.
2026/Jun/23 07:15:21.510423 PORTEVENT TC_26_8_1_2_1_1.ttcn3:306 Port CC was stopped.
2026/Jun/23 07:15:21.510428 USER TC_26_8_1_2_1_1.ttcn3:306 MSC_Port: user_stop called
2026/Jun/23 07:15:21.510436 PORTEVENT TC_26_8_1_2_1_1.ttcn3:306 Port MSC was stopped.
2026/Jun/23 07:15:21.510446 USER TC_26_8_1_2_1_1.ttcn3:306 BSC_Port: user_stop called
2026/Jun/23 07:15:21.510453 PORTEVENT TC_26_8_1_2_1_1.ttcn3:306 Port BSC was stopped.
2026/Jun/23 07:15:21.510458 PORTEVENT TC_26_8_1_2_1_1.ttcn3:306 Port RSL was stopped.
2026/Jun/23 07:15:21.510462 USER TC_26_8_1_2_1_1.ttcn3:306 VTY_PT: Stopping
2026/Jun/23 07:15:21.510469 PORTEVENT TC_26_8_1_2_1_1.ttcn3:306 Port VTY was stopped.
2026/Jun/23 07:15:21.510473 PORTEVENT TC_26_8_1_2_1_1.ttcn3:306 Port COORD was stopped.
2026/Jun/23 07:15:21.510477 PARALLEL TC_26_8_1_2_1_1.ttcn3:306 Component type GSM_Component_Definitions.GSM_CT was shut down inside testcase TC_26_8_1_2_1_1.
2026/Jun/23 07:15:21.510486 EXECUTOR TC_26_8_1_2_1_1.ttcn3:306 Waiting for PTCs to finish.
2026/Jun/23 07:15:21.510535 VERDICTOP TC_26_8_1_2_1_1.ttcn3:306 Setting final verdict of the test case.
2026/Jun/23 07:15:21.510595 VERDICTOP TC_26_8_1_2_1_1.ttcn3:306 Local verdict of MTC: pass
2026/Jun/23 07:15:21.510622 VERDICTOP TC_26_8_1_2_1_1.ttcn3:306 No PTCs were created.
2026/Jun/23 07:15:21.510637 TESTCASE TC_26_8_1_2_1_1.ttcn3:306 Test case TC_26_8_1_2_1_1 finished. Verdict: pass
2026/Jun/23 07:15:21.510758 STATISTICS - Verdict statistics: 0 none (0.00 %), 1 pass (100.00 %), 0 inconc (0.00 %), 0 fail (0.00 %), 0 error (0.00 %).
2026/Jun/23 07:15:21.510812 STATISTICS - Test execution summary: 1 test case was executed. Overall verdict: pass
2026/Jun/23 07:15:21.510816 EXECUTOR - Exit was requested from MC. Terminating MTC.
