/usr/local/bin/virtphy.real: option requires an argument -- 'd'
Mon Jun 29 06:29:58 2026 DVIRPHY virtphy.c:248 Virtual physical layer starting up...
Mon Jun 29 06:29:58 2026 DVIRPHY virtphy.c:257 Virtual physical layer ready, waiting for l23 app(s) on /tmp/osmocom_l2
Mon Jun 29 06:30:03 2026 DMAIN virt_l1_model.c:42 MS 0000: allocated
Mon Jun 29 06:30:03 2026 DL1C l1ctl_sock.c:138 Accepted client (fd=6) from server (fd=5)
Mon Jun 29 06:30:03 2026 DL1C l1ctl_sap.c:578 MS 0000: Tx L1CTL_RESET_CONF (reset_type: 1)
Mon Jun 29 06:30:03 2026 DL1C l1ctl_sap.c:578 MS 0000: Tx L1CTL_RESET_CONF (reset_type: 1)
Mon Jun 29 06:30:03 2026 DL1C l1ctl_sap.c:578 MS 0000: Tx L1CTL_RESET_CONF (reset_type: 1)
Mon Jun 29 06:30:03 2026 DL1C virt_prim_fbsb.c:57 MS 0000: Rx L1CTL_FBSB_REQ (arfcn=51, flags=0x7)
Mon Jun 29 06:30:07 2026 DL1C virt_prim_fbsb.c:126 MS 0000: Tx L1CTL_FBSB_CONF (res: 0)
Mon Jun 29 06:30:07 2026 DL1C l1ctl_sap.c:472 MS 0000: Rx L1CTL_CCCH_MODE_REQ (mode=2)
Mon Jun 29 06:30:07 2026 DL1C l1ctl_sap.c:600 MS 0000: Tx L1CTL_CCCH_MODE_CONF (mode: 2)
Mon Jun 29 06:30:09 2026 DL1C l1ctl_sap.c:578 MS 0000: Tx L1CTL_RESET_CONF (reset_type: 1)
Mon Jun 29 06:30:09 2026 DL1C virt_prim_fbsb.c:57 MS 0000: Rx L1CTL_FBSB_REQ (arfcn=51, flags=0x7)
Mon Jun 29 06:30:09 2026 DL1C virt_prim_fbsb.c:126 MS 0000: Tx L1CTL_FBSB_CONF (res: 0)
Mon Jun 29 06:30:09 2026 DL1C l1ctl_sap.c:411 MS 0000: Rx L1CTL_PARAM_REQ (ta=0, tx_power=14)
Mon Jun 29 06:30:09 2026 DL1C virt_prim_rach.c:81 MS 0000: Rx L1CTL_RACH_REQ (ra=0x08, offset=7 combined=1)
Mon Jun 29 06:30:09 2026 DL1C virt_prim_rach.c:124 MS 0000: Tx L1CTL_RACH_CONF (fn: 429, arfcn: 51)
Mon Jun 29 06:30:09 2026 DL1C l1ctl_sap.c:411 MS 0000: Rx L1CTL_PARAM_REQ (ta=0, tx_power=14)
Mon Jun 29 06:30:09 2026 DL1C virt_prim_rach.c:81 MS 0000: Rx L1CTL_RACH_REQ (ra=0x03, offset=118 combined=1)
Mon Jun 29 06:30:10 2026 DL1C virt_prim_rach.c:124 MS 0000: Tx L1CTL_RACH_CONF (fn: 685, arfcn: 51)
Mon Jun 29 06:30:10 2026 DL1C l1ctl_sap.c:411 MS 0000: Rx L1CTL_PARAM_REQ (ta=0, tx_power=14)
Mon Jun 29 06:30:10 2026 DL1C virt_prim_rach.c:81 MS 0000: Rx L1CTL_RACH_REQ (ra=0x0a, offset=118 combined=1)
Mon Jun 29 06:30:11 2026 DL1C virt_prim_rach.c:124 MS 0000: Tx L1CTL_RACH_CONF (fn: 940, arfcn: 51)
Mon Jun 29 06:30:11 2026 DL1C l1ctl_sap.c:411 MS 0000: Rx L1CTL_PARAM_REQ (ta=0, tx_power=14)
Mon Jun 29 06:30:11 2026 DL1C virt_prim_rach.c:81 MS 0000: Rx L1CTL_RACH_REQ (ra=0x03, offset=126 combined=1)
Mon Jun 29 06:30:13 2026 DL1C virt_prim_rach.c:124 MS 0000: Tx L1CTL_RACH_CONF (fn: 1203, arfcn: 51)
Mon Jun 29 06:30:13 2026 DL1C l1ctl_sap.c:411 MS 0000: Rx L1CTL_PARAM_REQ (ta=0, tx_power=14)
Mon Jun 29 06:30:13 2026 DL1C virt_prim_rach.c:81 MS 0000: Rx L1CTL_RACH_REQ (ra=0x0a, offset=117 combined=1)
Mon Jun 29 06:30:14 2026 DL1C virt_prim_rach.c:124 MS 0000: Tx L1CTL_RACH_CONF (fn: 1449, arfcn: 51)
Mon Jun 29 06:30:14 2026 DL1C l1ctl_sap.c:411 MS 0000: Rx L1CTL_PARAM_REQ (ta=0, tx_power=14)
Mon Jun 29 06:30:14 2026 DL1C virt_prim_rach.c:81 MS 0000: Rx L1CTL_RACH_REQ (ra=0x04, offset=125 combined=1)
Mon Jun 29 06:30:15 2026 DL1C virt_prim_rach.c:124 MS 0000: Tx L1CTL_RACH_CONF (fn: 1712, arfcn: 51)
Mon Jun 29 06:30:15 2026 DL1C l1ctl_sap.c:411 MS 0000: Rx L1CTL_PARAM_REQ (ta=0, tx_power=14)
Mon Jun 29 06:30:15 2026 DL1C virt_prim_rach.c:81 MS 0000: Rx L1CTL_RACH_REQ (ra=0x0e, offset=122 combined=1)
Mon Jun 29 06:30:16 2026 DL1C virt_prim_rach.c:124 MS 0000: Tx L1CTL_RACH_CONF (fn: 1964, arfcn: 51)
Mon Jun 29 06:30:16 2026 DL1C l1ctl_sap.c:411 MS 0000: Rx L1CTL_PARAM_REQ (ta=0, tx_power=14)
Mon Jun 29 06:30:16 2026 DL1C virt_prim_rach.c:81 MS 0000: Rx L1CTL_RACH_REQ (ra=0x08, offset=123 combined=1)
Mon Jun 29 06:30:17 2026 DL1C virt_prim_rach.c:124 MS 0000: Tx L1CTL_RACH_CONF (fn: 2220, arfcn: 51)
Mon Jun 29 06:30:22 2026 DL1C l1ctl_sap.c:379 MS 0000: Rx L1CTL_DM_REL_REQ
Mon Jun 29 06:30:22 2026 DL1C l1ctl_sap.c:578 MS 0000: Tx L1CTL_RESET_CONF (reset_type: 1)
Mon Jun 29 06:30:22 2026 DL1C l1ctl_sap.c:578 MS 0000: Tx L1CTL_RESET_CONF (reset_type: 1)
Mon Jun 29 06:30:22 2026 DL1C virt_prim_fbsb.c:57 MS 0000: Rx L1CTL_FBSB_REQ (arfcn=51, flags=0x7)
Mon Jun 29 06:30:22 2026 DL1C virt_prim_fbsb.c:126 MS 0000: Tx L1CTL_FBSB_CONF (res: 0)
Mon Jun 29 06:30:22 2026 DL1C l1ctl_sap.c:526 MS 0000: Rx L1CTL_NEIGH_PM_REQ (list with 0 entries): IGNORED
Mon Jun 29 06:30:37 2026 DL1C l1ctl_sap.c:578 MS 0000: Tx L1CTL_RESET_CONF (reset_type: 1)
Mon Jun 29 06:30:37 2026 DL1C virt_prim_fbsb.c:57 MS 0000: Rx L1CTL_FBSB_REQ (arfcn=51, flags=0x7)
Mon Jun 29 06:30:37 2026 DL1C virt_prim_fbsb.c:126 MS 0000: Tx L1CTL_FBSB_CONF (res: 0)
Mon Jun 29 06:30:37 2026 DL1C l1ctl_sap.c:411 MS 0000: Rx L1CTL_PARAM_REQ (ta=0, tx_power=14)
Mon Jun 29 06:30:37 2026 DL1C virt_prim_rach.c:81 MS 0000: Rx L1CTL_RACH_REQ (ra=0x0d, offset=4 combined=1)
Mon Jun 29 06:30:38 2026 DL1C virt_prim_rach.c:124 MS 0000: Tx L1CTL_RACH_CONF (fn: 6597, arfcn: 51)
Mon Jun 29 06:30:38 2026 DL1C l1ctl_sap.c:411 MS 0000: Rx L1CTL_PARAM_REQ (ta=0, tx_power=14)
Mon Jun 29 06:30:38 2026 DL1C virt_prim_rach.c:81 MS 0000: Rx L1CTL_RACH_REQ (ra=0x0d, offset=125 combined=1)
Mon Jun 29 06:30:39 2026 DL1C virt_prim_rach.c:124 MS 0000: Tx L1CTL_RACH_CONF (fn: 6863, arfcn: 51)
Mon Jun 29 06:30:39 2026 DL1C l1ctl_sap.c:411 MS 0000: Rx L1CTL_PARAM_REQ (ta=0, tx_power=14)
Mon Jun 29 06:30:39 2026 DL1C virt_prim_rach.c:81 MS 0000: Rx L1CTL_RACH_REQ (ra=0x02, offset=125 combined=1)
Mon Jun 29 06:30:40 2026 DL1C virt_prim_rach.c:124 MS 0000: Tx L1CTL_RACH_CONF (fn: 7118, arfcn: 51)
Mon Jun 29 06:30:40 2026 DL1C l1ctl_sap.c:411 MS 0000: Rx L1CTL_PARAM_REQ (ta=0, tx_power=14)
Mon Jun 29 06:30:40 2026 DL1C virt_prim_rach.c:81 MS 0000: Rx L1CTL_RACH_REQ (ra=0x04, offset=124 combined=1)
Mon Jun 29 06:30:41 2026 DL1C virt_prim_rach.c:124 MS 0000: Tx L1CTL_RACH_CONF (fn: 7372, arfcn: 51)
Mon Jun 29 06:30:41 2026 DL1C l1ctl_sap.c:411 MS 0000: Rx L1CTL_PARAM_REQ (ta=0, tx_power=14)
Mon Jun 29 06:30:41 2026 DL1C virt_prim_rach.c:81 MS 0000: Rx L1CTL_RACH_REQ (ra=0x04, offset=118 combined=1)
Mon Jun 29 06:30:42 2026 DL1C virt_prim_rach.c:124 MS 0000: Tx L1CTL_RACH_CONF (fn: 7621, arfcn: 51)
Mon Jun 29 06:30:42 2026 DL1C l1ctl_sap.c:411 MS 0000: Rx L1CTL_PARAM_REQ (ta=0, tx_power=14)
Mon Jun 29 06:30:42 2026 DL1C virt_prim_rach.c:81 MS 0000: Rx L1CTL_RACH_REQ (ra=0x08, offset=123 combined=1)
Mon Jun 29 06:30:43 2026 DL1C virt_prim_rach.c:124 MS 0000: Tx L1CTL_RACH_CONF (fn: 7881, arfcn: 51)
Mon Jun 29 06:30:43 2026 DL1C l1ctl_sap.c:411 MS 0000: Rx L1CTL_PARAM_REQ (ta=0, tx_power=14)
Mon Jun 29 06:30:43 2026 DL1C virt_prim_rach.c:81 MS 0000: Rx L1CTL_RACH_REQ (ra=0x05, offset=126 combined=1)
Mon Jun 29 06:30:45 2026 DL1C virt_prim_rach.c:124 MS 0000: Tx L1CTL_RACH_CONF (fn: 8139, arfcn: 51)
Mon Jun 29 06:30:45 2026 DL1C l1ctl_sap.c:411 MS 0000: Rx L1CTL_PARAM_REQ (ta=0, tx_power=14)
Mon Jun 29 06:30:45 2026 DL1C virt_prim_rach.c:81 MS 0000: Rx L1CTL_RACH_REQ (ra=0x0b, offset=126 combined=1)
Mon Jun 29 06:30:46 2026 DL1C virt_prim_rach.c:124 MS 0000: Tx L1CTL_RACH_CONF (fn: 8394, arfcn: 51)
Mon Jun 29 06:30:51 2026 DL1C l1ctl_sap.c:379 MS 0000: Rx L1CTL_DM_REL_REQ
Mon Jun 29 06:30:51 2026 DL1C l1ctl_sap.c:578 MS 0000: Tx L1CTL_RESET_CONF (reset_type: 1)
Mon Jun 29 06:30:51 2026 DL1C l1ctl_sap.c:578 MS 0000: Tx L1CTL_RESET_CONF (reset_type: 1)
Mon Jun 29 06:30:51 2026 DL1C virt_prim_fbsb.c:57 MS 0000: Rx L1CTL_FBSB_REQ (arfcn=51, flags=0x7)
Mon Jun 29 06:30:51 2026 DL1C virt_prim_fbsb.c:126 MS 0000: Tx L1CTL_FBSB_CONF (res: 0)
Mon Jun 29 06:30:51 2026 DL1C l1ctl_sap.c:526 MS 0000: Rx L1CTL_NEIGH_PM_REQ (list with 0 entries): IGNORED
Mon Jun 29 06:31:06 2026 DL1C l1ctl_sap.c:578 MS 0000: Tx L1CTL_RESET_CONF (reset_type: 1)
Mon Jun 29 06:31:06 2026 DL1C virt_prim_fbsb.c:57 MS 0000: Rx L1CTL_FBSB_REQ (arfcn=51, flags=0x7)
Mon Jun 29 06:31:06 2026 DL1C virt_prim_fbsb.c:126 MS 0000: Tx L1CTL_FBSB_CONF (res: 0)
Mon Jun 29 06:31:06 2026 DL1C l1ctl_sap.c:411 MS 0000: Rx L1CTL_PARAM_REQ (ta=0, tx_power=14)
Mon Jun 29 06:31:06 2026 DL1C virt_prim_rach.c:81 MS 0000: Rx L1CTL_RACH_REQ (ra=0x0d, offset=3 combined=1)
Mon Jun 29 06:31:06 2026 DL1C virt_prim_rach.c:124 MS 0000: Tx L1CTL_RACH_CONF (fn: 12767, arfcn: 51)
Mon Jun 29 06:31:06 2026 DL1C l1ctl_sap.c:411 MS 0000: Rx L1CTL_PARAM_REQ (ta=0, tx_power=14)
Mon Jun 29 06:31:06 2026 DL1C virt_prim_rach.c:81 MS 0000: Rx L1CTL_RACH_REQ (ra=0x09, offset=126 combined=1)
Mon Jun 29 06:31:07 2026 DL1C virt_prim_rach.c:124 MS 0000: Tx L1CTL_RACH_CONF (fn: 13035, arfcn: 51)
Mon Jun 29 06:31:07 2026 DL1C l1ctl_sap.c:411 MS 0000: Rx L1CTL_PARAM_REQ (ta=0, tx_power=14)
Mon Jun 29 06:31:07 2026 DL1C virt_prim_rach.c:81 MS 0000: Rx L1CTL_RACH_REQ (ra=0x00, offset=122 combined=1)
Mon Jun 29 06:31:08 2026 DL1C virt_prim_rach.c:124 MS 0000: Tx L1CTL_RACH_CONF (fn: 13286, arfcn: 51)
Mon Jun 29 06:31:08 2026 DL1C l1ctl_sap.c:411 MS 0000: Rx L1CTL_PARAM_REQ (ta=0, tx_power=14)
Mon Jun 29 06:31:08 2026 DL1C virt_prim_rach.c:81 MS 0000: Rx L1CTL_RACH_REQ (ra=0x06, offset=123 combined=1)
Mon Jun 29 06:31:10 2026 DL1C virt_prim_rach.c:124 MS 0000: Tx L1CTL_RACH_CONF (fn: 13542, arfcn: 51)
Mon Jun 29 06:31:10 2026 DL1C l1ctl_sap.c:411 MS 0000: Rx L1CTL_PARAM_REQ (ta=0, tx_power=14)
Mon Jun 29 06:31:10 2026 DL1C virt_prim_rach.c:81 MS 0000: Rx L1CTL_RACH_REQ (ra=0x0c, offset=123 combined=1)
Mon Jun 29 06:31:11 2026 DL1C virt_prim_rach.c:124 MS 0000: Tx L1CTL_RACH_CONF (fn: 13797, arfcn: 51)
Mon Jun 29 06:31:11 2026 DL1C l1ctl_sap.c:411 MS 0000: Rx L1CTL_PARAM_REQ (ta=0, tx_power=14)
Mon Jun 29 06:31:11 2026 DL1C virt_prim_rach.c:81 MS 0000: Rx L1CTL_RACH_REQ (ra=0x06, offset=118 combined=1)
Mon Jun 29 06:31:12 2026 DL1C virt_prim_rach.c:124 MS 0000: Tx L1CTL_RACH_CONF (fn: 14047, arfcn: 51)
Mon Jun 29 06:31:12 2026 DL1C l1ctl_sap.c:411 MS 0000: Rx L1CTL_PARAM_REQ (ta=0, tx_power=14)
Mon Jun 29 06:31:12 2026 DL1C virt_prim_rach.c:81 MS 0000: Rx L1CTL_RACH_REQ (ra=0x0e, offset=117 combined=1)
Mon Jun 29 06:31:13 2026 DL1C virt_prim_rach.c:124 MS 0000: Tx L1CTL_RACH_CONF (fn: 14301, arfcn: 51)
Mon Jun 29 06:31:13 2026 DL1C l1ctl_sap.c:411 MS 0000: Rx L1CTL_PARAM_REQ (ta=0, tx_power=14)
Mon Jun 29 06:31:13 2026 DL1C virt_prim_rach.c:81 MS 0000: Rx L1CTL_RACH_REQ (ra=0x0b, offset=117 combined=1)
Mon Jun 29 06:31:14 2026 DL1C virt_prim_rach.c:124 MS 0000: Tx L1CTL_RACH_CONF (fn: 14556, arfcn: 51)
Mon Jun 29 06:31:19 2026 DL1C l1ctl_sap.c:379 MS 0000: Rx L1CTL_DM_REL_REQ
Mon Jun 29 06:31:19 2026 DL1C l1ctl_sap.c:578 MS 0000: Tx L1CTL_RESET_CONF (reset_type: 1)
Mon Jun 29 06:31:19 2026 DL1C l1ctl_sap.c:578 MS 0000: Tx L1CTL_RESET_CONF (reset_type: 1)
Mon Jun 29 06:31:19 2026 DL1C virt_prim_fbsb.c:57 MS 0000: Rx L1CTL_FBSB_REQ (arfcn=51, flags=0x7)
Mon Jun 29 06:31:19 2026 DL1C virt_prim_fbsb.c:126 MS 0000: Tx L1CTL_FBSB_CONF (res: 0)
Mon Jun 29 06:31:19 2026 DL1C l1ctl_sap.c:526 MS 0000: Rx L1CTL_NEIGH_PM_REQ (list with 0 entries): IGNORED
Mon Jun 29 06:31:34 2026 DL1C l1ctl_sap.c:578 MS 0000: Tx L1CTL_RESET_CONF (reset_type: 1)
Mon Jun 29 06:31:34 2026 DL1C virt_prim_fbsb.c:57 MS 0000: Rx L1CTL_FBSB_REQ (arfcn=51, flags=0x7)
Mon Jun 29 06:31:34 2026 DL1C virt_prim_fbsb.c:126 MS 0000: Tx L1CTL_FBSB_CONF (res: 0)
Mon Jun 29 06:31:34 2026 DL1C l1ctl_sap.c:411 MS 0000: Rx L1CTL_PARAM_REQ (ta=0, tx_power=14)
Mon Jun 29 06:31:34 2026 DL1C virt_prim_rach.c:81 MS 0000: Rx L1CTL_RACH_REQ (ra=0x03, offset=0 combined=1)
Mon Jun 29 06:31:34 2026 DL1C virt_prim_rach.c:124 MS 0000: Tx L1CTL_RACH_CONF (fn: 18935, arfcn: 51)
Mon Jun 29 06:31:34 2026 DL1C l1ctl_sap.c:411 MS 0000: Rx L1CTL_PARAM_REQ (ta=0, tx_power=14)
Mon Jun 29 06:31:34 2026 DL1C virt_prim_rach.c:81 MS 0000: Rx L1CTL_RACH_REQ (ra=0x03, offset=116 combined=1)
Mon Jun 29 06:31:36 2026 DL1C virt_prim_rach.c:124 MS 0000: Tx L1CTL_RACH_CONF (fn: 19149, arfcn: 51)
Mon Jun 29 06:31:36 2026 DL1C l1ctl_sap.c:411 MS 0000: Rx L1CTL_PARAM_REQ (ta=0, tx_power=14)
Mon Jun 29 06:31:36 2026 DL1C virt_prim_rach.c:81 MS 0000: Rx L1CTL_RACH_REQ (ra=0x06, offset=120 combined=1)
Mon Jun 29 06:31:37 2026 DL1C virt_prim_rach.c:124 MS 0000: Tx L1CTL_RACH_CONF (fn: 19404, arfcn: 51)
Mon Jun 29 06:31:37 2026 DL1C l1ctl_sap.c:411 MS 0000: Rx L1CTL_PARAM_REQ (ta=0, tx_power=14)
Mon Jun 29 06:31:37 2026 DL1C virt_prim_rach.c:81 MS 0000: Rx L1CTL_RACH_REQ (ra=0x0c, offset=118 combined=1)
Mon Jun 29 06:31:38 2026 DL1C virt_prim_rach.c:124 MS 0000: Tx L1CTL_RACH_CONF (fn: 19657, arfcn: 51)
Mon Jun 29 06:31:38 2026 DL1C l1ctl_sap.c:411 MS 0000: Rx L1CTL_PARAM_REQ (ta=0, tx_power=14)
Mon Jun 29 06:31:38 2026 DL1C virt_prim_rach.c:81 MS 0000: Rx L1CTL_RACH_REQ (ra=0x09, offset=118 combined=1)
Mon Jun 29 06:31:39 2026 DL1C virt_prim_rach.c:124 MS 0000: Tx L1CTL_RACH_CONF (fn: 19912, arfcn: 51)
Mon Jun 29 06:31:39 2026 DL1C l1ctl_sap.c:411 MS 0000: Rx L1CTL_PARAM_REQ (ta=0, tx_power=14)
Mon Jun 29 06:31:39 2026 DL1C virt_prim_rach.c:81 MS 0000: Rx L1CTL_RACH_REQ (ra=0x0f, offset=118 combined=1)
Mon Jun 29 06:31:40 2026 DL1C virt_prim_rach.c:124 MS 0000: Tx L1CTL_RACH_CONF (fn: 20167, arfcn: 51)
Mon Jun 29 06:31:40 2026 DL1C l1ctl_sap.c:411 MS 0000: Rx L1CTL_PARAM_REQ (ta=0, tx_power=14)
Mon Jun 29 06:31:40 2026 DL1C virt_prim_rach.c:81 MS 0000: Rx L1CTL_RACH_REQ (ra=0x04, offset=118 combined=1)
Mon Jun 29 06:31:41 2026 DL1C virt_prim_rach.c:124 MS 0000: Tx L1CTL_RACH_CONF (fn: 20422, arfcn: 51)
Mon Jun 29 06:31:41 2026 DL1C l1ctl_sap.c:411 MS 0000: Rx L1CTL_PARAM_REQ (ta=0, tx_power=14)
Mon Jun 29 06:31:41 2026 DL1C virt_prim_rach.c:81 MS 0000: Rx L1CTL_RACH_REQ (ra=0x09, offset=117 combined=1)
Mon Jun 29 06:31:43 2026 DL1C virt_prim_rach.c:124 MS 0000: Tx L1CTL_RACH_CONF (fn: 20676, arfcn: 51)
Mon Jun 29 06:31:48 2026 DL1C l1ctl_sap.c:379 MS 0000: Rx L1CTL_DM_REL_REQ
Mon Jun 29 06:31:48 2026 DL1C l1ctl_sap.c:578 MS 0000: Tx L1CTL_RESET_CONF (reset_type: 1)
Mon Jun 29 06:31:48 2026 DL1C l1ctl_sap.c:578 MS 0000: Tx L1CTL_RESET_CONF (reset_type: 1)
Mon Jun 29 06:31:48 2026 DL1C virt_prim_fbsb.c:57 MS 0000: Rx L1CTL_FBSB_REQ (arfcn=51, flags=0x7)
Mon Jun 29 06:31:48 2026 DL1C virt_prim_fbsb.c:126 MS 0000: Tx L1CTL_FBSB_CONF (res: 0)
Mon Jun 29 06:31:48 2026 DL1C l1ctl_sap.c:526 MS 0000: Rx L1CTL_NEIGH_PM_REQ (list with 0 entries): IGNORED
Mon Jun 29 06:32:51 2026 DL1C l1ctl_sap.c:578 MS 0000: Tx L1CTL_RESET_CONF (reset_type: 1)
Mon Jun 29 06:32:51 2026 DL1C l1ctl_sock.c:99 Failed to receive msg from l2. Connection will be closed.
Mon Jun 29 06:32:51 2026 DMAIN virt_l1_model.c:49 MS 0000: destroyed
Mon Jun 29 06:33:12 2026 DMAIN virt_l1_model.c:42 MS 0001: allocated
Mon Jun 29 06:33:12 2026 DL1C l1ctl_sock.c:138 Accepted client (fd=6) from server (fd=5)
Mon Jun 29 06:33:12 2026 DL1C l1ctl_sap.c:578 MS 0001: Tx L1CTL_RESET_CONF (reset_type: 1)
Mon Jun 29 06:33:12 2026 DL1C l1ctl_sap.c:578 MS 0001: Tx L1CTL_RESET_CONF (reset_type: 1)
Mon Jun 29 06:33:12 2026 DL1C l1ctl_sap.c:578 MS 0001: Tx L1CTL_RESET_CONF (reset_type: 1)
Mon Jun 29 06:33:12 2026 DL1C virt_prim_fbsb.c:57 MS 0001: Rx L1CTL_FBSB_REQ (arfcn=51, flags=0x7)
Mon Jun 29 06:33:12 2026 DL1C virt_prim_fbsb.c:126 MS 0001: Tx L1CTL_FBSB_CONF (res: 0)
Mon Jun 29 06:33:13 2026 DL1C l1ctl_sap.c:472 MS 0001: Rx L1CTL_CCCH_MODE_REQ (mode=2)
Mon Jun 29 06:33:13 2026 DL1C l1ctl_sap.c:600 MS 0001: Tx L1CTL_CCCH_MODE_CONF (mode: 2)
Mon Jun 29 06:33:13 2026 DL1C l1ctl_sap.c:578 MS 0001: Tx L1CTL_RESET_CONF (reset_type: 1)
Mon Jun 29 06:33:13 2026 DL1C virt_prim_fbsb.c:57 MS 0001: Rx L1CTL_FBSB_REQ (arfcn=51, flags=0x7)
Mon Jun 29 06:33:13 2026 DL1C virt_prim_fbsb.c:126 MS 0001: Tx L1CTL_FBSB_CONF (res: 0)
Mon Jun 29 06:33:13 2026 DL1C l1ctl_sap.c:411 MS 0001: Rx L1CTL_PARAM_REQ (ta=0, tx_power=14)
Mon Jun 29 06:33:13 2026 DL1C virt_prim_rach.c:81 MS 0001: Rx L1CTL_RACH_REQ (ra=0x01, offset=6 combined=1)
Mon Jun 29 06:33:14 2026 DL1C virt_prim_rach.c:124 MS 0001: Tx L1CTL_RACH_CONF (fn: 40412, arfcn: 51)
Mon Jun 29 06:33:14 2026 DL1C l1ctl_sap.c:411 MS 0001: Rx L1CTL_PARAM_REQ (ta=0, tx_power=14)
Mon Jun 29 06:33:14 2026 DL1C virt_prim_rach.c:81 MS 0001: Rx L1CTL_RACH_REQ (ra=0x04, offset=121 combined=1)
Mon Jun 29 06:33:14 2026 DL1C l1ctl_sap.c:578 MS 0001: Tx L1CTL_RESET_CONF (reset_type: 2)
Mon Jun 29 06:33:14 2026 DL1C l1ctl_sap.c:411 MS 0001: Rx L1CTL_PARAM_REQ (ta=0, tx_power=14)
Mon Jun 29 06:33:14 2026 DL1C l1ctl_sap.c:411 MS 0001: Rx L1CTL_PARAM_REQ (ta=0, tx_power=19)
Mon Jun 29 06:33:20 2026 DL1C l1ctl_sap.c:379 MS 0001: Rx L1CTL_DM_REL_REQ
Mon Jun 29 06:33:20 2026 DL1C l1ctl_sap.c:578 MS 0001: Tx L1CTL_RESET_CONF (reset_type: 1)
Mon Jun 29 06:33:20 2026 DL1C l1ctl_sap.c:578 MS 0001: Tx L1CTL_RESET_CONF (reset_type: 1)
Mon Jun 29 06:33:20 2026 DL1C virt_prim_fbsb.c:57 MS 0001: Rx L1CTL_FBSB_REQ (arfcn=51, flags=0x7)
Mon Jun 29 06:33:20 2026 DL1C virt_prim_fbsb.c:126 MS 0001: Tx L1CTL_FBSB_CONF (res: 0)
Mon Jun 29 06:33:20 2026 DL1C l1ctl_sap.c:526 MS 0001: Rx L1CTL_NEIGH_PM_REQ (list with 0 entries): IGNORED
Mon Jun 29 06:33:21 2026 DL1C l1ctl_sap.c:411 MS 0001: Rx L1CTL_PARAM_REQ (ta=0, tx_power=19)
