2026/Jun/15 11:56:22.623306 EXECUTOR - TTCN-3 Host Controller started on ttcn3-tc-34-2-2-1-br54v. Version: 11.1.0.
2026/Jun/15 11:56:22.623460 EXECUTOR - TTCN Logger v2.2 options: TimeStampFormat:=DateTime; LogEntityName:=No; LogEventTypes:=Yes; SourceInfoFormat:=Single; LogSensitiveData:=No; *.FileMask:=LOG_ALL; *.ConsoleMask:=ERROR | TESTCASE | USER | VERDICTOP | WARNING; LogFileSize:=0; LogFileNumber:=1; DiskFullAction:=Error
2026/Jun/15 11:56:22.623471 EXECUTOR - Maximum number of open file descriptors: 1048576,   FD_SETSIZE = 1024
2026/Jun/15 11:56:22.623589 WARNING - Warning: The address of MC was set to a local IP address. This may cause incorrect behavior if a HC from a remote host also connects to MC.
2026/Jun/15 11:56:22.623623 EXECUTOR - The address of MC was set to 127.0.0.1:0.
2026/Jun/15 11:56:22.623732 EXECUTOR - Connected to MC.
2026/Jun/15 11:56:22.623813 EXECUTOR - This host supports UNIX domain sockets for local communication.
2026/Jun/15 11:56:22.623987 EXECUTOR - Processing configuration data received from MC.
2026/Jun/15 11:56:22.624197 WARNING - Warning: Skeleton `/results/TC_34_2_2-2026-06-15-115622/%n.log' does not guarantee unique log file name for every test system process. It may cause unpredictable results if several test components try to write into the same log file.
2026/Jun/15 11:56:22.624483 EXECUTOR - Module GSM_Constants has the following parameters: { TSPC_Serv_TS11 := true, TSPC_Serv_TS61 := false, TSPC_Serv_TS62 := false, TSPC_Serv_BS21 := false, TSPC_Serv_BS22 := false, TSPC_Serv_BS24 := false, TSPC_Serv_BS25 := false, TSPC_Serv_BS26 := false, TSPC_Serv_BS31 := false, TSPC_Serv_BS32 := false, TSPC_Serv_BS33 := false, TSPC_Serv_BS34 := false, TSPC_Serv_BS41 := false, TSPC_Serv_BS42 := false, TSPC_Serv_BS43 := false, TSPC_Serv_BS44 := false, TSPC_Serv_BS45 := false, TSPC_Serv_BS51 := false, TSPC_Serv_BS61 := false, TSPC_Serv_BS81 := false, TSPC_DualRate := false, TSPC_MTsvc := true, TSPX_IMSI := '901700000000001F'O, TSPX_TMSI := '1914D97F'O, TSPX_CKSNDef := 0, TSPX_RANDDef := '00112233445566778899AABBCCDDEEFF'O, TSPX_SRES := '12345678'O, TSPX_Kc := '0000000000000000'O, TSPX_SDCCH4SubDef := 0, TSPX_TmSltDef := 0, TSPX_TscDef := 7, TSPX_TCHHSubDef := 0, TCV_CC := true, TSPX_Telephony_Rate := C_Full (0), TSPX_MOBscSvcA := C_Telephony (0), TSPX_MOBscSvcB := C_Telephony (0), TSPX_MOBscSvcC := C_Telephony (0), TSPX_MOBscSvcD := C_Telephony (0), TSPX_MOBscSvcE := C_Telephony (0), TSPX_MOBscSvcF := C_Telephony (0), TSPX_MOBscSvcG := C_Telephony (0), TSPX_MOChRateA := C_Full (0), TSPX_MOChRateB := C_Full (0), TSPX_MOChRateC := C_Full (0), TSPX_MOChRateD := C_Full (0), TSPX_MOChRateE := C_Full (0), TSPX_MOChRateF := C_Full (0), TSPX_MOChRateG := C_Full (0), TSPX_MTBscSvcA := C_Telephony (0), TSPX_MTBscSvcB := C_Telephony (0), TSPX_MTBscSvcC := C_Telephony (0), TSPX_MTBscSvcD := C_Telephony (0), TSPX_MTBscSvcE := C_Telephony (0), TSPX_MTBscSvcF := C_Telephony (0), TSPX_MTBscSvcG := C_Telephony (0), TSPX_MTBscSvcH := C_Telephony (0), TSPX_MTBscSvcI := C_Telephony (0), TSPX_MTBscSvcJ := C_Telephony (0), TSPX_MTChRateA := C_Full (0), TSPX_MTChRateB := C_Full (0), TSPX_MTChRateC := C_Full (0), TSPX_MTChRateD := C_Full (0), TSPX_MTChRateE := C_Full (0), TSPX_MTChRateF := C_Full (0), TSPX_MTChRateG := C_Full (0), TSPX_MTChRateH := C_Full (0), TSPX_MTChRateI := C_Full (0), TSPX_MTChRateJ := C_Full (0), C_arfcnA := 100 }
2026/Jun/15 11:56:22.624554 EXECUTOR - Module TC_26_6_1_2 has the following parameters: { TSPX_nPara := 3, TSPX_i1Para := 3, TSPX_kPara := 5, TSPX_i2Para := 1, TSPX_rPara := 4, TSPX_i3Para := 4 }
2026/Jun/15 11:56:22.624578 EXECUTOR - Initializing module GSM_Component_Definitions.
2026/Jun/15 11:56:22.624585 EXECUTOR GSM_Component_Definitions.ttcn3:0 Initializing module GSM_Templates.
2026/Jun/15 11:56:22.624602 EXECUTOR GSM_Templates.ttcn3:0 Initializing module GSM_Constants.
2026/Jun/15 11:56:22.624607 EXECUTOR GSM_Constants.ttcn3:0 Initializing module GSM_Types.
2026/Jun/15 11:56:22.624610 EXECUTOR GSM_Constants.ttcn3:0 Initialization of module GSM_Types finished.
2026/Jun/15 11:56:22.624613 EXECUTOR GSM_Templates.ttcn3:0 Initialization of module GSM_Constants finished.
2026/Jun/15 11:56:22.624686 EXECUTOR GSM_Component_Definitions.ttcn3:0 Initialization of module GSM_Templates finished.
2026/Jun/15 11:56:22.624690 EXECUTOR - Initialization of module GSM_Component_Definitions finished.
2026/Jun/15 11:56:22.624693 EXECUTOR - Initializing module GSM_Functions.
2026/Jun/15 11:56:22.624713 EXECUTOR - Initialization of module GSM_Functions finished.
2026/Jun/15 11:56:22.624716 EXECUTOR - Initializing module PreGenRecordOf.
2026/Jun/15 11:56:22.624718 EXECUTOR - Initialization of module PreGenRecordOf finished.
2026/Jun/15 11:56:22.624720 EXECUTOR - Initializing module TC_26_2_1_3.
2026/Jun/15 11:56:22.624724 EXECUTOR - Initialization of module TC_26_2_1_3 finished.
2026/Jun/15 11:56:22.624726 EXECUTOR - Initializing module TC_26_2_2.
2026/Jun/15 11:56:22.624730 EXECUTOR - Initialization of module TC_26_2_2 finished.
2026/Jun/15 11:56:22.624732 EXECUTOR - Initializing module TC_26_2_3.
2026/Jun/15 11:56:22.624736 EXECUTOR - Initialization of module TC_26_2_3 finished.
2026/Jun/15 11:56:22.624738 EXECUTOR - Initializing module TC_26_6_11_1.
2026/Jun/15 11:56:22.624743 EXECUTOR - Initialization of module TC_26_6_11_1 finished.
2026/Jun/15 11:56:22.624745 EXECUTOR - Initializing module TC_26_6_11_2.
2026/Jun/15 11:56:22.624749 EXECUTOR - Initialization of module TC_26_6_11_2 finished.
2026/Jun/15 11:56:22.624751 EXECUTOR - Initializing module TC_26_6_12_1.
2026/Jun/15 11:56:22.624755 EXECUTOR - Initialization of module TC_26_6_12_1 finished.
2026/Jun/15 11:56:22.624757 EXECUTOR - Initializing module TC_26_6_12_2.
2026/Jun/15 11:56:22.624761 EXECUTOR - Initialization of module TC_26_6_12_2 finished.
2026/Jun/15 11:56:22.624763 EXECUTOR - Initializing module TC_26_6_12_3.
2026/Jun/15 11:56:22.624767 EXECUTOR - Initialization of module TC_26_6_12_3 finished.
2026/Jun/15 11:56:22.624769 EXECUTOR - Initializing module TC_26_6_12_4.
2026/Jun/15 11:56:22.624773 EXECUTOR - Initialization of module TC_26_6_12_4 finished.
2026/Jun/15 11:56:22.624776 EXECUTOR - Initializing module TC_26_6_13_10.
2026/Jun/15 11:56:22.624779 EXECUTOR - Initialization of module TC_26_6_13_10 finished.
2026/Jun/15 11:56:22.624782 EXECUTOR - Initializing module TC_26_6_13_9.
2026/Jun/15 11:56:22.624786 EXECUTOR - Initialization of module TC_26_6_13_9 finished.
2026/Jun/15 11:56:22.624788 EXECUTOR - Initializing module TC_26_6_1_1.
2026/Jun/15 11:56:22.624792 EXECUTOR - Initialization of module TC_26_6_1_1 finished.
2026/Jun/15 11:56:22.624794 EXECUTOR - Initializing module TC_26_6_1_2.
2026/Jun/15 11:56:22.624798 EXECUTOR - Initialization of module TC_26_6_1_2 finished.
2026/Jun/15 11:56:22.624800 EXECUTOR - Initializing module TC_26_6_1_3.
2026/Jun/15 11:56:22.624804 EXECUTOR - Initialization of module TC_26_6_1_3 finished.
2026/Jun/15 11:56:22.624807 EXECUTOR - Initializing module TC_26_6_1_4.
2026/Jun/15 11:56:22.624810 EXECUTOR - Initialization of module TC_26_6_1_4 finished.
2026/Jun/15 11:56:22.624813 EXECUTOR - Initializing module TC_26_6_1_5.
2026/Jun/15 11:56:22.624817 EXECUTOR - Initialization of module TC_26_6_1_5 finished.
2026/Jun/15 11:56:22.624819 EXECUTOR - Initializing module TC_26_6_2_1_1.
2026/Jun/15 11:56:22.624832 EXECUTOR - Initialization of module TC_26_6_2_1_1 finished.
2026/Jun/15 11:56:22.624835 EXECUTOR - Initializing module TC_26_6_2_1_2.
2026/Jun/15 11:56:22.624839 EXECUTOR - Initialization of module TC_26_6_2_1_2 finished.
2026/Jun/15 11:56:22.624841 EXECUTOR - Initializing module TC_26_6_2_1_3.
2026/Jun/15 11:56:22.624845 EXECUTOR - Initialization of module TC_26_6_2_1_3 finished.
2026/Jun/15 11:56:22.624847 EXECUTOR - Initializing module TC_26_6_2_2.
2026/Jun/15 11:56:22.624851 EXECUTOR - Initialization of module TC_26_6_2_2 finished.
2026/Jun/15 11:56:22.624853 EXECUTOR - Initializing module TC_26_6_2_3_1.
2026/Jun/15 11:56:22.624857 EXECUTOR - Initialization of module TC_26_6_2_3_1 finished.
2026/Jun/15 11:56:22.624859 EXECUTOR - Initializing module TC_26_6_2_3_2.
2026/Jun/15 11:56:22.624863 EXECUTOR - Initialization of module TC_26_6_2_3_2 finished.
2026/Jun/15 11:56:22.624869 EXECUTOR - Initializing module TC_26_6_2_4.
2026/Jun/15 11:56:22.624873 EXECUTOR - Initialization of module TC_26_6_2_4 finished.
2026/Jun/15 11:56:22.624875 EXECUTOR - Initializing module TC_26_6_3_1.
2026/Jun/15 11:56:22.624879 EXECUTOR - Initialization of module TC_26_6_3_1 finished.
2026/Jun/15 11:56:22.624881 EXECUTOR - Initializing module TC_26_6_3_4.
2026/Jun/15 11:56:22.624885 EXECUTOR - Initialization of module TC_26_6_3_4 finished.
2026/Jun/15 11:56:22.624887 EXECUTOR - Initializing module TC_26_6_4_1.
2026/Jun/15 11:56:22.624891 EXECUTOR - Initialization of module TC_26_6_4_1 finished.
2026/Jun/15 11:56:22.624894 EXECUTOR - Initializing module TC_26_6_4_2_2.
2026/Jun/15 11:56:22.624897 EXECUTOR - Initialization of module TC_26_6_4_2_2 finished.
2026/Jun/15 11:56:22.624900 EXECUTOR - Initializing module TC_26_6_5_1.
2026/Jun/15 11:56:22.624903 EXECUTOR - Initialization of module TC_26_6_5_1 finished.
2026/Jun/15 11:56:22.624905 EXECUTOR - Initializing module TC_26_6_5_2_1.
2026/Jun/15 11:56:22.624909 EXECUTOR - Initialization of module TC_26_6_5_2_1 finished.
2026/Jun/15 11:56:22.624911 EXECUTOR - Initializing module TC_26_6_8_1.
2026/Jun/15 11:56:22.624915 EXECUTOR - Initialization of module TC_26_6_8_1 finished.
2026/Jun/15 11:56:22.624917 EXECUTOR - Initializing module TC_26_6_8_2.
2026/Jun/15 11:56:22.624921 EXECUTOR - Initialization of module TC_26_6_8_2 finished.
2026/Jun/15 11:56:22.624923 EXECUTOR - Initializing module TC_26_6_8_3.
2026/Jun/15 11:56:22.624927 EXECUTOR - Initialization of module TC_26_6_8_3 finished.
2026/Jun/15 11:56:22.624929 EXECUTOR - Initializing module TC_26_6_8_4.
2026/Jun/15 11:56:22.624933 EXECUTOR - Initialization of module TC_26_6_8_4 finished.
2026/Jun/15 11:56:22.624935 EXECUTOR - Initializing module TC_26_6_8_5.
2026/Jun/15 11:56:22.624939 EXECUTOR - Initialization of module TC_26_6_8_5 finished.
2026/Jun/15 11:56:22.624941 EXECUTOR - Initializing module TC_26_7_1.
2026/Jun/15 11:56:22.624945 EXECUTOR - Initialization of module TC_26_7_1 finished.
2026/Jun/15 11:56:22.624947 EXECUTOR - Initializing module TC_26_7_2_1.
2026/Jun/15 11:56:22.624951 EXECUTOR - Initialization of module TC_26_7_2_1 finished.
2026/Jun/15 11:56:22.624953 EXECUTOR - Initializing module TC_26_7_2_2.
2026/Jun/15 11:56:22.624957 EXECUTOR - Initialization of module TC_26_7_2_2 finished.
2026/Jun/15 11:56:22.624959 EXECUTOR - Initializing module TC_26_7_3_1.
2026/Jun/15 11:56:22.624963 EXECUTOR - Initialization of module TC_26_7_3_1 finished.
2026/Jun/15 11:56:22.624965 EXECUTOR - Initializing module TC_26_7_3_2.
2026/Jun/15 11:56:22.624969 EXECUTOR - Initialization of module TC_26_7_3_2 finished.
2026/Jun/15 11:56:22.624971 EXECUTOR - Initializing module TC_26_7_4_1.
2026/Jun/15 11:56:22.624974 EXECUTOR - Initialization of module TC_26_7_4_1 finished.
2026/Jun/15 11:56:22.624977 EXECUTOR - Initializing module TC_26_7_4_2_1.
2026/Jun/15 11:56:22.624980 EXECUTOR - Initialization of module TC_26_7_4_2_1 finished.
2026/Jun/15 11:56:22.624982 EXECUTOR - Initializing module TC_26_7_4_2_2_1.
2026/Jun/15 11:56:22.624987 EXECUTOR - Initialization of module TC_26_7_4_2_2_1 finished.
2026/Jun/15 11:56:22.624989 EXECUTOR - Initializing module TC_26_7_4_2_2_2.
2026/Jun/15 11:56:22.624992 EXECUTOR - Initialization of module TC_26_7_4_2_2_2 finished.
2026/Jun/15 11:56:22.624995 EXECUTOR - Initializing module TC_26_7_4_2_3.
2026/Jun/15 11:56:22.624999 EXECUTOR - Initialization of module TC_26_7_4_2_3 finished.
2026/Jun/15 11:56:22.625001 EXECUTOR - Initializing module TC_26_7_4_2_4_1.
2026/Jun/15 11:56:22.625005 EXECUTOR - Initialization of module TC_26_7_4_2_4_1 finished.
2026/Jun/15 11:56:22.625007 EXECUTOR - Initializing module TC_26_7_4_2_4_2.
2026/Jun/15 11:56:22.625011 EXECUTOR - Initialization of module TC_26_7_4_2_4_2 finished.
2026/Jun/15 11:56:22.625013 EXECUTOR - Initializing module TC_26_7_4_2_4_3.
2026/Jun/15 11:56:22.625017 EXECUTOR - Initialization of module TC_26_7_4_2_4_3 finished.
2026/Jun/15 11:56:22.625019 EXECUTOR - Initializing module TC_26_7_4_2_4_4.
2026/Jun/15 11:56:22.625025 EXECUTOR - Initialization of module TC_26_7_4_2_4_4 finished.
2026/Jun/15 11:56:22.625028 EXECUTOR - Initializing module TC_26_7_4_2_4_5.
2026/Jun/15 11:56:22.625031 EXECUTOR - Initialization of module TC_26_7_4_2_4_5 finished.
2026/Jun/15 11:56:22.625033 EXECUTOR - Initializing module TC_26_7_4_3_1.
2026/Jun/15 11:56:22.625037 EXECUTOR - Initialization of module TC_26_7_4_3_1 finished.
2026/Jun/15 11:56:22.625040 EXECUTOR - Initializing module TC_26_7_4_3_2.
2026/Jun/15 11:56:22.625043 EXECUTOR - Initialization of module TC_26_7_4_3_2 finished.
2026/Jun/15 11:56:22.625046 EXECUTOR - Initializing module TC_26_7_4_3_3.
2026/Jun/15 11:56:22.625049 EXECUTOR - Initialization of module TC_26_7_4_3_3 finished.
2026/Jun/15 11:56:22.625051 EXECUTOR - Initializing module TC_26_7_4_3_4.
2026/Jun/15 11:56:22.625055 EXECUTOR - Initialization of module TC_26_7_4_3_4 finished.
2026/Jun/15 11:56:22.625057 EXECUTOR - Initializing module TC_26_7_4_4.
2026/Jun/15 11:56:22.625061 EXECUTOR - Initialization of module TC_26_7_4_4 finished.
2026/Jun/15 11:56:22.625063 EXECUTOR - Initializing module TC_26_7_4_5_1.
2026/Jun/15 11:56:22.625067 EXECUTOR - Initialization of module TC_26_7_4_5_1 finished.
2026/Jun/15 11:56:22.625069 EXECUTOR - Initializing module TC_26_7_4_5_2.
2026/Jun/15 11:56:22.625073 EXECUTOR - Initialization of module TC_26_7_4_5_2 finished.
2026/Jun/15 11:56:22.625075 EXECUTOR - Initializing module TC_26_7_4_5_3.
2026/Jun/15 11:56:22.625079 EXECUTOR - Initialization of module TC_26_7_4_5_3 finished.
2026/Jun/15 11:56:22.625081 EXECUTOR - Initializing module TC_26_7_4_5_4_2.
2026/Jun/15 11:56:22.625085 EXECUTOR - Initialization of module TC_26_7_4_5_4_2 finished.
2026/Jun/15 11:56:22.625087 EXECUTOR - Initializing module TC_26_7_5_2.
2026/Jun/15 11:56:22.625091 EXECUTOR - Initialization of module TC_26_7_5_2 finished.
2026/Jun/15 11:56:22.625093 EXECUTOR - Initializing module TC_26_7_5_3.
2026/Jun/15 11:56:22.625097 EXECUTOR - Initialization of module TC_26_7_5_3 finished.
2026/Jun/15 11:56:22.625100 EXECUTOR - Initializing module TC_26_7_5_4.
2026/Jun/15 11:56:22.625104 EXECUTOR - Initialization of module TC_26_7_5_4 finished.
2026/Jun/15 11:56:22.625106 EXECUTOR - Initializing module TC_26_7_5_5.
2026/Jun/15 11:56:22.625110 EXECUTOR - Initialization of module TC_26_7_5_5 finished.
2026/Jun/15 11:56:22.625112 EXECUTOR - Initializing module TC_26_7_5_6.
2026/Jun/15 11:56:22.625116 EXECUTOR - Initialization of module TC_26_7_5_6 finished.
2026/Jun/15 11:56:22.625118 EXECUTOR - Initializing module TC_26_7_5_7_1.
2026/Jun/15 11:56:22.625122 EXECUTOR - Initialization of module TC_26_7_5_7_1 finished.
2026/Jun/15 11:56:22.625124 EXECUTOR - Initializing module TC_26_7_5_8_1.
2026/Jun/15 11:56:22.625128 EXECUTOR - Initialization of module TC_26_7_5_8_1 finished.
2026/Jun/15 11:56:22.625130 EXECUTOR - Initializing module TC_26_7_5_8_2.
2026/Jun/15 11:56:22.625134 EXECUTOR - Initialization of module TC_26_7_5_8_2 finished.
2026/Jun/15 11:56:22.625136 EXECUTOR - Initializing module TC_26_7_5_8_3.
2026/Jun/15 11:56:22.625140 EXECUTOR - Initialization of module TC_26_7_5_8_3 finished.
2026/Jun/15 11:56:22.625142 EXECUTOR - Initializing module TC_26_8_1_2_1_1.
2026/Jun/15 11:56:22.625146 EXECUTOR - Initialization of module TC_26_8_1_2_1_1 finished.
2026/Jun/15 11:56:22.625148 EXECUTOR - Initializing module TC_26_8_1_2_2_1.
2026/Jun/15 11:56:22.625152 EXECUTOR - Initialization of module TC_26_8_1_2_2_1 finished.
2026/Jun/15 11:56:22.625154 EXECUTOR - Initializing module TC_26_8_1_2_2_2.
2026/Jun/15 11:56:22.625158 EXECUTOR - Initialization of module TC_26_8_1_2_2_2 finished.
2026/Jun/15 11:56:22.625160 EXECUTOR - Initializing module TC_26_8_1_2_2_3.
2026/Jun/15 11:56:22.625164 EXECUTOR - Initialization of module TC_26_8_1_2_2_3 finished.
2026/Jun/15 11:56:22.625166 EXECUTOR - Initializing module TC_26_8_1_2_3_1.
2026/Jun/15 11:56:22.625170 EXECUTOR - Initialization of module TC_26_8_1_2_3_1 finished.
2026/Jun/15 11:56:22.625172 EXECUTOR - Initializing module TC_26_8_1_2_3_2.
2026/Jun/15 11:56:22.625176 EXECUTOR - Initialization of module TC_26_8_1_2_3_2 finished.
2026/Jun/15 11:56:22.625180 EXECUTOR - Initializing module TC_26_8_1_2_3_3.
2026/Jun/15 11:56:22.625184 EXECUTOR - Initialization of module TC_26_8_1_2_3_3 finished.
2026/Jun/15 11:56:22.625186 EXECUTOR - Initializing module TC_26_8_1_2_3_4.
2026/Jun/15 11:56:22.625190 EXECUTOR - Initialization of module TC_26_8_1_2_3_4 finished.
2026/Jun/15 11:56:22.625192 EXECUTOR - Initializing module TC_26_8_1_2_3_5.
2026/Jun/15 11:56:22.625196 EXECUTOR - Initialization of module TC_26_8_1_2_3_5 finished.
2026/Jun/15 11:56:22.625199 EXECUTOR - Initializing module TC_26_8_1_2_3_6.
2026/Jun/15 11:56:22.625202 EXECUTOR - Initialization of module TC_26_8_1_2_3_6 finished.
2026/Jun/15 11:56:22.625205 EXECUTOR - Initializing module TC_26_8_1_2_3_7.
2026/Jun/15 11:56:22.625209 EXECUTOR - Initialization of module TC_26_8_1_2_3_7 finished.
2026/Jun/15 11:56:22.625211 EXECUTOR - Initializing module TC_26_8_1_2_4_1.
2026/Jun/15 11:56:22.625215 EXECUTOR - Initialization of module TC_26_8_1_2_4_1 finished.
2026/Jun/15 11:56:22.625217 EXECUTOR - Initializing module TC_26_8_1_2_4_13.
2026/Jun/15 11:56:22.625221 EXECUTOR - Initialization of module TC_26_8_1_2_4_13 finished.
2026/Jun/15 11:56:22.625224 EXECUTOR - Initializing module TC_26_8_1_2_4_2.
2026/Jun/15 11:56:22.625228 EXECUTOR - Initialization of module TC_26_8_1_2_4_2 finished.
2026/Jun/15 11:56:22.625230 EXECUTOR - Initializing module TC_26_8_1_2_4_3.
2026/Jun/15 11:56:22.625234 EXECUTOR - Initialization of module TC_26_8_1_2_4_3 finished.
2026/Jun/15 11:56:22.625236 EXECUTOR - Initializing module TC_26_8_1_2_4_4.
2026/Jun/15 11:56:22.625240 EXECUTOR - Initialization of module TC_26_8_1_2_4_4 finished.
2026/Jun/15 11:56:22.625242 EXECUTOR - Initializing module TC_26_8_1_2_4_5.
2026/Jun/15 11:56:22.625246 EXECUTOR - Initialization of module TC_26_8_1_2_4_5 finished.
2026/Jun/15 11:56:22.625248 EXECUTOR - Initializing module TC_26_8_1_2_6_1.
2026/Jun/15 11:56:22.625252 EXECUTOR - Initialization of module TC_26_8_1_2_6_1 finished.
2026/Jun/15 11:56:22.625254 EXECUTOR - Initializing module TC_26_8_1_2_6_2.
2026/Jun/15 11:56:22.625258 EXECUTOR - Initialization of module TC_26_8_1_2_6_2 finished.
2026/Jun/15 11:56:22.625260 EXECUTOR - Initializing module TC_26_8_1_2_6_3.
2026/Jun/15 11:56:22.625264 EXECUTOR - Initialization of module TC_26_8_1_2_6_3 finished.
2026/Jun/15 11:56:22.625266 EXECUTOR - Initializing module TC_26_8_1_2_6_6.
2026/Jun/15 11:56:22.625270 EXECUTOR - Initialization of module TC_26_8_1_2_6_6 finished.
2026/Jun/15 11:56:22.625272 EXECUTOR - Initializing module TC_26_8_1_3_1_1.
2026/Jun/15 11:56:22.625276 EXECUTOR - Initialization of module TC_26_8_1_3_1_1 finished.
2026/Jun/15 11:56:22.625278 EXECUTOR - Initializing module TC_26_8_1_3_2_1.
2026/Jun/15 11:56:22.625282 EXECUTOR - Initialization of module TC_26_8_1_3_2_1 finished.
2026/Jun/15 11:56:22.625284 EXECUTOR - Initializing module TC_26_8_1_3_3_1.
2026/Jun/15 11:56:22.625288 EXECUTOR - Initialization of module TC_26_8_1_3_3_1 finished.
2026/Jun/15 11:56:22.625290 EXECUTOR - Initializing module TC_26_8_1_3_3_2.
2026/Jun/15 11:56:22.625294 EXECUTOR - Initialization of module TC_26_8_1_3_3_2 finished.
2026/Jun/15 11:56:22.625296 EXECUTOR - Initializing module TC_26_8_1_3_3_3.
2026/Jun/15 11:56:22.625300 EXECUTOR - Initialization of module TC_26_8_1_3_3_3 finished.
2026/Jun/15 11:56:22.625302 EXECUTOR - Initializing module TC_26_8_1_3_3_4.
2026/Jun/15 11:56:22.625306 EXECUTOR - Initialization of module TC_26_8_1_3_3_4 finished.
2026/Jun/15 11:56:22.625308 EXECUTOR - Initializing module TC_26_8_1_3_3_5.
2026/Jun/15 11:56:22.625313 EXECUTOR - Initialization of module TC_26_8_1_3_3_5 finished.
2026/Jun/15 11:56:22.625315 EXECUTOR - Initializing module TC_26_8_1_3_3_6.
2026/Jun/15 11:56:22.625319 EXECUTOR - Initialization of module TC_26_8_1_3_3_6 finished.
2026/Jun/15 11:56:22.625321 EXECUTOR - Initializing module TC_26_8_1_3_3_7.
2026/Jun/15 11:56:22.625325 EXECUTOR - Initialization of module TC_26_8_1_3_3_7 finished.
2026/Jun/15 11:56:22.625327 EXECUTOR - Initializing module TC_26_8_1_3_4_1.
2026/Jun/15 11:56:22.625333 EXECUTOR - Initialization of module TC_26_8_1_3_4_1 finished.
2026/Jun/15 11:56:22.625336 EXECUTOR - Initializing module TC_26_8_1_3_4_2.
2026/Jun/15 11:56:22.625340 EXECUTOR - Initialization of module TC_26_8_1_3_4_2 finished.
2026/Jun/15 11:56:22.625342 EXECUTOR - Initializing module TC_26_8_1_3_4_3.
2026/Jun/15 11:56:22.625346 EXECUTOR - Initialization of module TC_26_8_1_3_4_3 finished.
2026/Jun/15 11:56:22.625348 EXECUTOR - Initializing module TC_26_8_1_3_4_4.
2026/Jun/15 11:56:22.625352 EXECUTOR - Initialization of module TC_26_8_1_3_4_4 finished.
2026/Jun/15 11:56:22.625354 EXECUTOR - Initializing module TC_26_8_1_3_4_5.
2026/Jun/15 11:56:22.625358 EXECUTOR - Initialization of module TC_26_8_1_3_4_5 finished.
2026/Jun/15 11:56:22.625360 EXECUTOR - Initializing module TC_26_8_1_3_4_6.
2026/Jun/15 11:56:22.625365 EXECUTOR - Initialization of module TC_26_8_1_3_4_6 finished.
2026/Jun/15 11:56:22.625367 EXECUTOR - Initializing module TC_26_8_1_3_4_7.
2026/Jun/15 11:56:22.625371 EXECUTOR - Initialization of module TC_26_8_1_3_4_7 finished.
2026/Jun/15 11:56:22.625373 EXECUTOR - Initializing module TC_26_8_1_3_4_8.
2026/Jun/15 11:56:22.625377 EXECUTOR - Initialization of module TC_26_8_1_3_4_8 finished.
2026/Jun/15 11:56:22.625379 EXECUTOR - Initializing module TC_26_8_1_3_5_1.
2026/Jun/15 11:56:22.625383 EXECUTOR - Initialization of module TC_26_8_1_3_5_1 finished.
2026/Jun/15 11:56:22.625386 EXECUTOR - Initializing module TC_26_8_1_3_5_2.
2026/Jun/15 11:56:22.625389 EXECUTOR - Initialization of module TC_26_8_1_3_5_2 finished.
2026/Jun/15 11:56:22.625392 EXECUTOR - Initializing module TC_26_8_1_3_5_3.
2026/Jun/15 11:56:22.625396 EXECUTOR - Initialization of module TC_26_8_1_3_5_3 finished.
2026/Jun/15 11:56:22.625398 EXECUTOR - Initializing module TC_26_8_1_3_5_4.
2026/Jun/15 11:56:22.625402 EXECUTOR - Initialization of module TC_26_8_1_3_5_4 finished.
2026/Jun/15 11:56:22.625404 EXECUTOR - Initializing module TC_26_8_1_3_5_5.
2026/Jun/15 11:56:22.625408 EXECUTOR - Initialization of module TC_26_8_1_3_5_5 finished.
2026/Jun/15 11:56:22.625410 EXECUTOR - Initializing module TC_26_8_1_3_5_6.
2026/Jun/15 11:56:22.625414 EXECUTOR - Initialization of module TC_26_8_1_3_5_6 finished.
2026/Jun/15 11:56:22.625416 EXECUTOR - Initializing module TC_26_8_1_3_5_7.
2026/Jun/15 11:56:22.625420 EXECUTOR - Initialization of module TC_26_8_1_3_5_7 finished.
2026/Jun/15 11:56:22.625423 EXECUTOR - Initializing module TC_26_8_1_3_5_8.
2026/Jun/15 11:56:22.625427 EXECUTOR - Initialization of module TC_26_8_1_3_5_8 finished.
2026/Jun/15 11:56:22.625429 EXECUTOR - Initializing module TC_26_8_1_3_5_9.
2026/Jun/15 11:56:22.625433 EXECUTOR - Initialization of module TC_26_8_1_3_5_9 finished.
2026/Jun/15 11:56:22.625436 EXECUTOR - Initializing module TC_26_8_2_1.
2026/Jun/15 11:56:22.625439 EXECUTOR - Initialization of module TC_26_8_2_1 finished.
2026/Jun/15 11:56:22.625441 EXECUTOR - Initializing module TC_26_8_2_2.
2026/Jun/15 11:56:22.625445 EXECUTOR - Initialization of module TC_26_8_2_2 finished.
2026/Jun/15 11:56:22.625447 EXECUTOR - Initializing module TC_26_8_2_3.
2026/Jun/15 11:56:22.625452 EXECUTOR - Initialization of module TC_26_8_2_3 finished.
2026/Jun/15 11:56:22.625454 EXECUTOR - Initializing module TC_26_8_3.
2026/Jun/15 11:56:22.625458 EXECUTOR - Initialization of module TC_26_8_3 finished.
2026/Jun/15 11:56:22.625460 EXECUTOR - Initializing module TC_34_2_2.
2026/Jun/15 11:56:22.625464 EXECUTOR - Initialization of module TC_34_2_2 finished.
2026/Jun/15 11:56:22.625466 EXECUTOR - Initializing module TitanLoggerApi.
2026/Jun/15 11:56:22.625468 EXECUTOR - Initialization of module TitanLoggerApi finished.
2026/Jun/15 11:56:22.625470 EXECUTOR - Initializing module TitanLoggerControl.
2026/Jun/15 11:56:22.625472 EXECUTOR - Initialization of module TitanLoggerControl finished.
2026/Jun/15 11:56:22.625483 EXECUTOR - Configuration data was processed successfully.
2026/Jun/15 11:56:22.626635 EXECUTOR - MTC was created. Process id: 35.
2026/Jun/15 12:01:40.109911 EXECUTOR - Exit was requested from MC. Terminating HC.
2026/Jun/15 12:01:40.110068 EXECUTOR - Disconnected from MC.
2026/Jun/15 12:01:40.110088 EXECUTOR - TTCN-3 Host Controller finished.
