/usr/local/bin/virtphy.real: option requires an argument -- 'd'
Mon Jun 15 05:53:42 2026 DVIRPHY virtphy.c:248 Virtual physical layer starting up...
Mon Jun 15 05:53:42 2026 DVIRPHY virtphy.c:257 Virtual physical layer ready, waiting for l23 app(s) on /tmp/osmocom_l2
Mon Jun 15 05:53:50 2026 DMAIN virt_l1_model.c:42 MS 0000: allocated
Mon Jun 15 05:53:50 2026 DL1C l1ctl_sock.c:138 Accepted client (fd=6) from server (fd=5)
Mon Jun 15 05:53:50 2026 DL1C l1ctl_sap.c:578 MS 0000: Tx L1CTL_RESET_CONF (reset_type: 1)
Mon Jun 15 05:53:50 2026 DL1C l1ctl_sap.c:578 MS 0000: Tx L1CTL_RESET_CONF (reset_type: 1)
Mon Jun 15 05:53:50 2026 DL1C l1ctl_sap.c:578 MS 0000: Tx L1CTL_RESET_CONF (reset_type: 1)
Mon Jun 15 05:53:51 2026 DL1C l1ctl_sap.c:578 MS 0000: Tx L1CTL_RESET_CONF (reset_type: 1)
Mon Jun 15 05:53:52 2026 DL1C l1ctl_sap.c:578 MS 0000: Tx L1CTL_RESET_CONF (reset_type: 1)
Mon Jun 15 05:53:52 2026 DL1C l1ctl_sap.c:578 MS 0000: Tx L1CTL_RESET_CONF (reset_type: 1)
Mon Jun 15 05:53:53 2026 DL1C l1ctl_sap.c:578 MS 0000: Tx L1CTL_RESET_CONF (reset_type: 1)
Mon Jun 15 05:53:53 2026 DL1C l1ctl_sap.c:578 MS 0000: Tx L1CTL_RESET_CONF (reset_type: 1)
Mon Jun 15 05:53:54 2026 DL1C l1ctl_sap.c:578 MS 0000: Tx L1CTL_RESET_CONF (reset_type: 1)
Mon Jun 15 05:53:54 2026 DL1C virt_prim_fbsb.c:57 MS 0000: Rx L1CTL_FBSB_REQ (arfcn=51, flags=0x7)
Mon Jun 15 05:53:54 2026 DL1C virt_prim_fbsb.c:126 MS 0000: Tx L1CTL_FBSB_CONF (res: 0)
Mon Jun 15 05:53:55 2026 DL1C l1ctl_sap.c:472 MS 0000: Rx L1CTL_CCCH_MODE_REQ (mode=2)
Mon Jun 15 05:53:55 2026 DL1C l1ctl_sap.c:600 MS 0000: Tx L1CTL_CCCH_MODE_CONF (mode: 2)
Mon Jun 15 05:53:55 2026 DL1C l1ctl_sap.c:578 MS 0000: Tx L1CTL_RESET_CONF (reset_type: 1)
Mon Jun 15 05:53:55 2026 DL1C virt_prim_fbsb.c:57 MS 0000: Rx L1CTL_FBSB_REQ (arfcn=51, flags=0x7)
Mon Jun 15 05:53:55 2026 DL1C virt_prim_fbsb.c:126 MS 0000: Tx L1CTL_FBSB_CONF (res: 0)
Mon Jun 15 05:53:55 2026 DL1C l1ctl_sap.c:411 MS 0000: Rx L1CTL_PARAM_REQ (ta=0, tx_power=14)
Mon Jun 15 05:53:55 2026 DL1C virt_prim_rach.c:81 MS 0000: Rx L1CTL_RACH_REQ (ra=0x0d, offset=6 combined=1)
Mon Jun 15 05:53:55 2026 DL1C virt_prim_rach.c:124 MS 0000: Tx L1CTL_RACH_CONF (fn: 428, arfcn: 51)
Mon Jun 15 05:53:55 2026 DL1C l1ctl_sap.c:411 MS 0000: Rx L1CTL_PARAM_REQ (ta=0, tx_power=14)
Mon Jun 15 05:53:55 2026 DL1C virt_prim_rach.c:81 MS 0000: Rx L1CTL_RACH_REQ (ra=0x0c, offset=116 combined=1)
Mon Jun 15 05:53:55 2026 DL1C l1ctl_sap.c:578 MS 0000: Tx L1CTL_RESET_CONF (reset_type: 2)
Mon Jun 15 05:53:55 2026 DL1C l1ctl_sap.c:411 MS 0000: Rx L1CTL_PARAM_REQ (ta=0, tx_power=14)
Mon Jun 15 05:54:16 2026 DL1C l1ctl_sap.c:379 MS 0000: Rx L1CTL_DM_REL_REQ
Mon Jun 15 05:54:16 2026 DL1C l1ctl_sap.c:578 MS 0000: Tx L1CTL_RESET_CONF (reset_type: 1)
Mon Jun 15 05:54:16 2026 DL1C l1ctl_sap.c:578 MS 0000: Tx L1CTL_RESET_CONF (reset_type: 1)
Mon Jun 15 05:54:16 2026 DL1C virt_prim_fbsb.c:57 MS 0000: Rx L1CTL_FBSB_REQ (arfcn=51, flags=0x7)
Mon Jun 15 05:54:16 2026 DL1C virt_prim_fbsb.c:126 MS 0000: Tx L1CTL_FBSB_CONF (res: 0)
Mon Jun 15 05:54:16 2026 DL1C l1ctl_sap.c:526 MS 0000: Rx L1CTL_NEIGH_PM_REQ (list with 1 entries): IGNORED
Mon Jun 15 05:54:31 2026 DL1C l1ctl_sap.c:578 MS 0000: Tx L1CTL_RESET_CONF (reset_type: 1)
Mon Jun 15 05:54:31 2026 DL1C virt_prim_fbsb.c:57 MS 0000: Rx L1CTL_FBSB_REQ (arfcn=51, flags=0x7)
Mon Jun 15 05:54:31 2026 DL1C virt_prim_fbsb.c:126 MS 0000: Tx L1CTL_FBSB_CONF (res: 0)
Mon Jun 15 05:54:31 2026 DL1C l1ctl_sap.c:411 MS 0000: Rx L1CTL_PARAM_REQ (ta=0, tx_power=14)
Mon Jun 15 05:54:31 2026 DL1C virt_prim_rach.c:81 MS 0000: Rx L1CTL_RACH_REQ (ra=0x07, offset=5 combined=1)
Mon Jun 15 05:54:31 2026 DL1C virt_prim_rach.c:124 MS 0000: Tx L1CTL_RACH_CONF (fn: 8181, arfcn: 51)
Mon Jun 15 05:54:31 2026 DL1C l1ctl_sap.c:411 MS 0000: Rx L1CTL_PARAM_REQ (ta=0, tx_power=14)
Mon Jun 15 05:54:31 2026 DL1C virt_prim_rach.c:81 MS 0000: Rx L1CTL_RACH_REQ (ra=0x02, offset=115 combined=1)
Mon Jun 15 05:54:31 2026 DL1C l1ctl_sap.c:578 MS 0000: Tx L1CTL_RESET_CONF (reset_type: 2)
Mon Jun 15 05:54:31 2026 DL1C l1ctl_sap.c:411 MS 0000: Rx L1CTL_PARAM_REQ (ta=0, tx_power=14)
Mon Jun 15 05:54:39 2026 DL1C l1ctl_sap.c:379 MS 0000: Rx L1CTL_DM_REL_REQ
Mon Jun 15 05:54:39 2026 DL1C l1ctl_sap.c:578 MS 0000: Tx L1CTL_RESET_CONF (reset_type: 1)
Mon Jun 15 05:54:39 2026 DL1C l1ctl_sap.c:578 MS 0000: Tx L1CTL_RESET_CONF (reset_type: 1)
Mon Jun 15 05:54:39 2026 DL1C virt_prim_fbsb.c:57 MS 0000: Rx L1CTL_FBSB_REQ (arfcn=51, flags=0x7)
Mon Jun 15 05:54:39 2026 DL1C virt_prim_fbsb.c:126 MS 0000: Tx L1CTL_FBSB_CONF (res: 0)
Mon Jun 15 05:54:39 2026 DL1C l1ctl_sap.c:526 MS 0000: Rx L1CTL_NEIGH_PM_REQ (list with 1 entries): IGNORED
Mon Jun 15 05:54:42 2026 DL1C l1ctl_sap.c:578 MS 0000: Tx L1CTL_RESET_CONF (reset_type: 1)
Mon Jun 15 05:54:42 2026 DL1C l1ctl_sock.c:99 Failed to receive msg from l2. Connection will be closed.
Mon Jun 15 05:54:42 2026 DMAIN virt_l1_model.c:49 MS 0000: destroyed
Mon Jun 15 05:55:03 2026 DMAIN virt_l1_model.c:42 MS 0001: allocated
Mon Jun 15 05:55:03 2026 DL1C l1ctl_sock.c:138 Accepted client (fd=6) from server (fd=5)
Mon Jun 15 05:55:03 2026 DL1C l1ctl_sap.c:578 MS 0001: Tx L1CTL_RESET_CONF (reset_type: 1)
Mon Jun 15 05:55:03 2026 DL1C l1ctl_sap.c:578 MS 0001: Tx L1CTL_RESET_CONF (reset_type: 1)
Mon Jun 15 05:55:03 2026 DL1C l1ctl_sap.c:578 MS 0001: Tx L1CTL_RESET_CONF (reset_type: 1)
Mon Jun 15 05:55:03 2026 DL1C virt_prim_fbsb.c:57 MS 0001: Rx L1CTL_FBSB_REQ (arfcn=51, flags=0x7)
Mon Jun 15 05:55:03 2026 DL1C virt_prim_fbsb.c:126 MS 0001: Tx L1CTL_FBSB_CONF (res: 0)
Mon Jun 15 05:55:03 2026 DL1C l1ctl_sap.c:472 MS 0001: Rx L1CTL_CCCH_MODE_REQ (mode=2)
Mon Jun 15 05:55:03 2026 DL1C l1ctl_sap.c:600 MS 0001: Tx L1CTL_CCCH_MODE_CONF (mode: 2)
Mon Jun 15 05:55:05 2026 DL1C l1ctl_sap.c:578 MS 0001: Tx L1CTL_RESET_CONF (reset_type: 1)
Mon Jun 15 05:55:05 2026 DL1C virt_prim_fbsb.c:57 MS 0001: Rx L1CTL_FBSB_REQ (arfcn=51, flags=0x7)
Mon Jun 15 05:55:05 2026 DL1C virt_prim_fbsb.c:126 MS 0001: Tx L1CTL_FBSB_CONF (res: 0)
Mon Jun 15 05:55:05 2026 DL1C l1ctl_sap.c:411 MS 0001: Rx L1CTL_PARAM_REQ (ta=0, tx_power=14)
Mon Jun 15 05:55:05 2026 DL1C virt_prim_rach.c:81 MS 0001: Rx L1CTL_RACH_REQ (ra=0x0a, offset=5 combined=1)
Mon Jun 15 05:55:05 2026 DL1C virt_prim_rach.c:124 MS 0001: Tx L1CTL_RACH_CONF (fn: 15523, arfcn: 51)
Mon Jun 15 05:55:05 2026 DL1C l1ctl_sap.c:411 MS 0001: Rx L1CTL_PARAM_REQ (ta=0, tx_power=14)
Mon Jun 15 05:55:05 2026 DL1C virt_prim_rach.c:81 MS 0001: Rx L1CTL_RACH_REQ (ra=0x05, offset=115 combined=1)
Mon Jun 15 05:55:05 2026 DL1C l1ctl_sap.c:578 MS 0001: Tx L1CTL_RESET_CONF (reset_type: 2)
Mon Jun 15 05:55:05 2026 DL1C l1ctl_sap.c:411 MS 0001: Rx L1CTL_PARAM_REQ (ta=0, tx_power=14)
Mon Jun 15 05:55:13 2026 DL1C l1ctl_sap.c:379 MS 0001: Rx L1CTL_DM_REL_REQ
Mon Jun 15 05:55:13 2026 DL1C l1ctl_sap.c:578 MS 0001: Tx L1CTL_RESET_CONF (reset_type: 1)
Mon Jun 15 05:55:13 2026 DL1C l1ctl_sap.c:578 MS 0001: Tx L1CTL_RESET_CONF (reset_type: 1)
Mon Jun 15 05:55:13 2026 DL1C virt_prim_fbsb.c:57 MS 0001: Rx L1CTL_FBSB_REQ (arfcn=51, flags=0x7)
Mon Jun 15 05:55:13 2026 DL1C virt_prim_fbsb.c:126 MS 0001: Tx L1CTL_FBSB_CONF (res: 0)
Mon Jun 15 05:55:13 2026 DL1C l1ctl_sap.c:526 MS 0001: Rx L1CTL_NEIGH_PM_REQ (list with 1 entries): IGNORED
Mon Jun 15 05:55:28 2026 DL1C l1ctl_sap.c:578 MS 0001: Tx L1CTL_RESET_CONF (reset_type: 1)
Mon Jun 15 05:55:28 2026 DL1C virt_prim_fbsb.c:57 MS 0001: Rx L1CTL_FBSB_REQ (arfcn=51, flags=0x7)
Mon Jun 15 05:55:28 2026 DL1C virt_prim_fbsb.c:126 MS 0001: Tx L1CTL_FBSB_CONF (res: 0)
Mon Jun 15 05:55:28 2026 DL1C l1ctl_sap.c:411 MS 0001: Rx L1CTL_PARAM_REQ (ta=0, tx_power=14)
Mon Jun 15 05:55:28 2026 DL1C virt_prim_rach.c:81 MS 0001: Rx L1CTL_RACH_REQ (ra=0x01, offset=5 combined=1)
Mon Jun 15 05:55:28 2026 DL1C virt_prim_rach.c:124 MS 0001: Tx L1CTL_RACH_CONF (fn: 20470, arfcn: 51)
Mon Jun 15 05:55:28 2026 DL1C l1ctl_sap.c:411 MS 0001: Rx L1CTL_PARAM_REQ (ta=0, tx_power=14)
Mon Jun 15 05:55:28 2026 DL1C virt_prim_rach.c:81 MS 0001: Rx L1CTL_RACH_REQ (ra=0x05, offset=117 combined=1)
Mon Jun 15 05:55:28 2026 DL1C l1ctl_sap.c:578 MS 0001: Tx L1CTL_RESET_CONF (reset_type: 2)
Mon Jun 15 05:55:28 2026 DL1C l1ctl_sap.c:411 MS 0001: Rx L1CTL_PARAM_REQ (ta=0, tx_power=14)
Mon Jun 15 05:55:33 2026 DL1C l1ctl_sap.c:379 MS 0001: Rx L1CTL_DM_REL_REQ
Mon Jun 15 05:55:33 2026 DL1C l1ctl_sap.c:578 MS 0001: Tx L1CTL_RESET_CONF (reset_type: 1)
Mon Jun 15 05:55:33 2026 DL1C l1ctl_sap.c:578 MS 0001: Tx L1CTL_RESET_CONF (reset_type: 1)
Mon Jun 15 05:55:33 2026 DL1C virt_prim_fbsb.c:57 MS 0001: Rx L1CTL_FBSB_REQ (arfcn=51, flags=0x7)
Mon Jun 15 05:55:34 2026 DL1C virt_prim_fbsb.c:126 MS 0001: Tx L1CTL_FBSB_CONF (res: 0)
Mon Jun 15 05:55:34 2026 DL1C l1ctl_sap.c:526 MS 0001: Rx L1CTL_NEIGH_PM_REQ (list with 1 entries): IGNORED
Mon Jun 15 05:55:39 2026 DL1C l1ctl_sap.c:578 MS 0001: Tx L1CTL_RESET_CONF (reset_type: 1)
Mon Jun 15 05:55:39 2026 DL1C virt_prim_fbsb.c:57 MS 0001: Rx L1CTL_FBSB_REQ (arfcn=51, flags=0x7)
Mon Jun 15 05:55:39 2026 DL1C virt_prim_fbsb.c:126 MS 0001: Tx L1CTL_FBSB_CONF (res: 0)
Mon Jun 15 05:55:39 2026 DL1C l1ctl_sap.c:411 MS 0001: Rx L1CTL_PARAM_REQ (ta=0, tx_power=14)
Mon Jun 15 05:55:39 2026 DL1C virt_prim_rach.c:81 MS 0001: Rx L1CTL_RACH_REQ (ra=0x92, offset=0 combined=1)
Mon Jun 15 05:55:40 2026 DL1C virt_prim_rach.c:124 MS 0001: Tx L1CTL_RACH_CONF (fn: 23015, arfcn: 51)
Mon Jun 15 05:55:40 2026 DL1C l1ctl_sap.c:411 MS 0001: Rx L1CTL_PARAM_REQ (ta=0, tx_power=14)
Mon Jun 15 05:55:40 2026 DL1C virt_prim_rach.c:81 MS 0001: Rx L1CTL_RACH_REQ (ra=0x82, offset=118 combined=1)
Mon Jun 15 05:55:40 2026 DL1C l1ctl_sap.c:578 MS 0001: Tx L1CTL_RESET_CONF (reset_type: 2)
Mon Jun 15 05:55:40 2026 DL1C l1ctl_sap.c:411 MS 0001: Rx L1CTL_PARAM_REQ (ta=0, tx_power=14)
Mon Jun 15 05:55:40 2026 DL1C l1ctl_sap.c:379 MS 0001: Rx L1CTL_DM_REL_REQ
Mon Jun 15 05:55:40 2026 DL1C l1ctl_sap.c:578 MS 0001: Tx L1CTL_RESET_CONF (reset_type: 1)
Mon Jun 15 05:55:40 2026 DL1C l1ctl_sap.c:578 MS 0001: Tx L1CTL_RESET_CONF (reset_type: 1)
Mon Jun 15 05:55:41 2026 DL1C l1ctl_sap.c:578 MS 0001: Tx L1CTL_RESET_CONF (reset_type: 1)
Mon Jun 15 05:55:41 2026 DL1C virt_prim_fbsb.c:57 MS 0001: Rx L1CTL_FBSB_REQ (arfcn=51, flags=0x7)
Mon Jun 15 05:55:41 2026 DL1C virt_prim_fbsb.c:126 MS 0001: Tx L1CTL_FBSB_CONF (res: 0)
Mon Jun 15 05:55:42 2026 DL1C l1ctl_sap.c:472 MS 0001: Rx L1CTL_CCCH_MODE_REQ (mode=2)
Mon Jun 15 05:55:42 2026 DL1C l1ctl_sap.c:600 MS 0001: Tx L1CTL_CCCH_MODE_CONF (mode: 2)
Mon Jun 15 05:55:43 2026 DL1C l1ctl_sap.c:578 MS 0001: Tx L1CTL_RESET_CONF (reset_type: 1)
Mon Jun 15 05:55:43 2026 DL1C virt_prim_fbsb.c:57 MS 0001: Rx L1CTL_FBSB_REQ (arfcn=51, flags=0x7)
Mon Jun 15 05:55:43 2026 DL1C virt_prim_fbsb.c:126 MS 0001: Tx L1CTL_FBSB_CONF (res: 0)
Mon Jun 15 05:55:43 2026 DL1C l1ctl_sap.c:526 MS 0001: Rx L1CTL_NEIGH_PM_REQ (list with 1 entries): IGNORED
Mon Jun 15 05:55:43 2026 DL1C l1ctl_sap.c:578 MS 0001: Tx L1CTL_RESET_CONF (reset_type: 1)
Mon Jun 15 05:55:43 2026 DL1C virt_prim_fbsb.c:57 MS 0001: Rx L1CTL_FBSB_REQ (arfcn=51, flags=0x7)
Mon Jun 15 05:55:43 2026 DL1C virt_prim_fbsb.c:126 MS 0001: Tx L1CTL_FBSB_CONF (res: 0)
Mon Jun 15 05:55:43 2026 DL1C l1ctl_sap.c:411 MS 0001: Rx L1CTL_PARAM_REQ (ta=0, tx_power=14)
Mon Jun 15 05:55:43 2026 DL1C virt_prim_rach.c:81 MS 0001: Rx L1CTL_RACH_REQ (ra=0x89, offset=1 combined=1)
Mon Jun 15 05:55:43 2026 DL1C virt_prim_rach.c:124 MS 0001: Tx L1CTL_RACH_CONF (fn: 23781, arfcn: 51)
Mon Jun 15 05:55:43 2026 DL1C l1ctl_sap.c:411 MS 0001: Rx L1CTL_PARAM_REQ (ta=0, tx_power=14)
Mon Jun 15 05:55:43 2026 DL1C virt_prim_rach.c:81 MS 0001: Rx L1CTL_RACH_REQ (ra=0x81, offset=124 combined=1)
Mon Jun 15 05:55:43 2026 DL1C l1ctl_sap.c:578 MS 0001: Tx L1CTL_RESET_CONF (reset_type: 2)
Mon Jun 15 05:55:43 2026 DL1C l1ctl_sap.c:411 MS 0001: Rx L1CTL_PARAM_REQ (ta=0, tx_power=14)
Mon Jun 15 05:55:44 2026 DL1C l1ctl_sap.c:379 MS 0001: Rx L1CTL_DM_REL_REQ
Mon Jun 15 05:55:44 2026 DL1C l1ctl_sap.c:578 MS 0001: Tx L1CTL_RESET_CONF (reset_type: 1)
Mon Jun 15 05:55:44 2026 DL1C l1ctl_sap.c:578 MS 0001: Tx L1CTL_RESET_CONF (reset_type: 1)
Mon Jun 15 05:55:45 2026 DL1C l1ctl_sap.c:578 MS 0001: Tx L1CTL_RESET_CONF (reset_type: 1)
Mon Jun 15 05:55:45 2026 DL1C virt_prim_fbsb.c:57 MS 0001: Rx L1CTL_FBSB_REQ (arfcn=51, flags=0x7)
Mon Jun 15 05:55:45 2026 DL1C virt_prim_fbsb.c:126 MS 0001: Tx L1CTL_FBSB_CONF (res: 0)
Mon Jun 15 05:55:45 2026 DL1C l1ctl_sap.c:472 MS 0001: Rx L1CTL_CCCH_MODE_REQ (mode=2)
Mon Jun 15 05:55:45 2026 DL1C l1ctl_sap.c:600 MS 0001: Tx L1CTL_CCCH_MODE_CONF (mode: 2)
Mon Jun 15 05:55:46 2026 DL1C l1ctl_sap.c:578 MS 0001: Tx L1CTL_RESET_CONF (reset_type: 1)
Mon Jun 15 05:55:46 2026 DL1C virt_prim_fbsb.c:57 MS 0001: Rx L1CTL_FBSB_REQ (arfcn=51, flags=0x7)
Mon Jun 15 05:55:46 2026 DL1C virt_prim_fbsb.c:126 MS 0001: Tx L1CTL_FBSB_CONF (res: 0)
Mon Jun 15 05:55:46 2026 DL1C l1ctl_sap.c:526 MS 0001: Rx L1CTL_NEIGH_PM_REQ (list with 1 entries): IGNORED
Mon Jun 15 05:55:46 2026 DL1C l1ctl_sap.c:578 MS 0001: Tx L1CTL_RESET_CONF (reset_type: 1)
Mon Jun 15 05:55:46 2026 DL1C virt_prim_fbsb.c:57 MS 0001: Rx L1CTL_FBSB_REQ (arfcn=51, flags=0x7)
Mon Jun 15 05:55:47 2026 DL1C virt_prim_fbsb.c:126 MS 0001: Tx L1CTL_FBSB_CONF (res: 0)
Mon Jun 15 05:55:47 2026 DL1C l1ctl_sap.c:411 MS 0001: Rx L1CTL_PARAM_REQ (ta=0, tx_power=14)
Mon Jun 15 05:55:47 2026 DL1C virt_prim_rach.c:81 MS 0001: Rx L1CTL_RACH_REQ (ra=0x98, offset=8 combined=1)
Mon Jun 15 05:55:47 2026 DL1C virt_prim_rach.c:124 MS 0001: Tx L1CTL_RACH_CONF (fn: 24553, arfcn: 51)
Mon Jun 15 05:55:47 2026 DL1C l1ctl_sap.c:411 MS 0001: Rx L1CTL_PARAM_REQ (ta=0, tx_power=14)
Mon Jun 15 05:55:47 2026 DL1C virt_prim_rach.c:81 MS 0001: Rx L1CTL_RACH_REQ (ra=0x84, offset=116 combined=1)
Mon Jun 15 05:55:47 2026 DL1C l1ctl_sap.c:578 MS 0001: Tx L1CTL_RESET_CONF (reset_type: 2)
Mon Jun 15 05:55:47 2026 DL1C l1ctl_sap.c:411 MS 0001: Rx L1CTL_PARAM_REQ (ta=0, tx_power=14)
Mon Jun 15 05:55:48 2026 DL1C l1ctl_sap.c:379 MS 0001: Rx L1CTL_DM_REL_REQ
Mon Jun 15 05:55:48 2026 DL1C l1ctl_sap.c:578 MS 0001: Tx L1CTL_RESET_CONF (reset_type: 1)
Mon Jun 15 05:55:48 2026 DL1C l1ctl_sap.c:578 MS 0001: Tx L1CTL_RESET_CONF (reset_type: 1)
Mon Jun 15 05:55:48 2026 DL1C l1ctl_sap.c:578 MS 0001: Tx L1CTL_RESET_CONF (reset_type: 1)
Mon Jun 15 05:55:48 2026 DL1C virt_prim_fbsb.c:57 MS 0001: Rx L1CTL_FBSB_REQ (arfcn=51, flags=0x7)
Mon Jun 15 05:55:48 2026 DL1C virt_prim_fbsb.c:126 MS 0001: Tx L1CTL_FBSB_CONF (res: 0)
Mon Jun 15 05:55:49 2026 DL1C l1ctl_sap.c:472 MS 0001: Rx L1CTL_CCCH_MODE_REQ (mode=2)
Mon Jun 15 05:55:49 2026 DL1C l1ctl_sap.c:600 MS 0001: Tx L1CTL_CCCH_MODE_CONF (mode: 2)
Mon Jun 15 05:55:50 2026 DL1C l1ctl_sap.c:578 MS 0001: Tx L1CTL_RESET_CONF (reset_type: 1)
Mon Jun 15 05:55:50 2026 DL1C virt_prim_fbsb.c:57 MS 0001: Rx L1CTL_FBSB_REQ (arfcn=51, flags=0x7)
Mon Jun 15 05:55:50 2026 DL1C virt_prim_fbsb.c:126 MS 0001: Tx L1CTL_FBSB_CONF (res: 0)
Mon Jun 15 05:55:50 2026 DL1C l1ctl_sap.c:526 MS 0001: Rx L1CTL_NEIGH_PM_REQ (list with 1 entries): IGNORED
Mon Jun 15 05:55:51 2026 DL1C l1ctl_sap.c:578 MS 0001: Tx L1CTL_RESET_CONF (reset_type: 1)
Mon Jun 15 05:55:51 2026 DL1C virt_prim_fbsb.c:57 MS 0001: Rx L1CTL_FBSB_REQ (arfcn=51, flags=0x7)
Mon Jun 15 05:55:51 2026 DL1C virt_prim_fbsb.c:126 MS 0001: Tx L1CTL_FBSB_CONF (res: 0)
Mon Jun 15 05:55:51 2026 DL1C l1ctl_sap.c:411 MS 0001: Rx L1CTL_PARAM_REQ (ta=0, tx_power=14)
Mon Jun 15 05:55:51 2026 DL1C virt_prim_rach.c:81 MS 0001: Rx L1CTL_RACH_REQ (ra=0x9f, offset=7 combined=1)
Mon Jun 15 05:55:51 2026 DL1C virt_prim_rach.c:124 MS 0001: Tx L1CTL_RACH_CONF (fn: 25572, arfcn: 51)
Mon Jun 15 05:55:51 2026 DL1C l1ctl_sap.c:411 MS 0001: Rx L1CTL_PARAM_REQ (ta=0, tx_power=14)
Mon Jun 15 05:55:51 2026 DL1C virt_prim_rach.c:81 MS 0001: Rx L1CTL_RACH_REQ (ra=0x9b, offset=120 combined=1)
Mon Jun 15 05:55:52 2026 DL1C l1ctl_sap.c:578 MS 0001: Tx L1CTL_RESET_CONF (reset_type: 2)
Mon Jun 15 05:55:52 2026 DL1C l1ctl_sap.c:411 MS 0001: Rx L1CTL_PARAM_REQ (ta=0, tx_power=14)
Mon Jun 15 05:55:52 2026 DL1C l1ctl_sap.c:379 MS 0001: Rx L1CTL_DM_REL_REQ
Mon Jun 15 05:55:52 2026 DL1C l1ctl_sap.c:578 MS 0001: Tx L1CTL_RESET_CONF (reset_type: 1)
Mon Jun 15 05:55:52 2026 DL1C l1ctl_sap.c:578 MS 0001: Tx L1CTL_RESET_CONF (reset_type: 1)
Mon Jun 15 05:55:52 2026 DL1C l1ctl_sap.c:578 MS 0001: Tx L1CTL_RESET_CONF (reset_type: 1)
Mon Jun 15 05:55:52 2026 DL1C l1ctl_sock.c:99 Failed to receive msg from l2. Connection will be closed.
Mon Jun 15 05:55:52 2026 DMAIN virt_l1_model.c:49 MS 0001: destroyed
Mon Jun 15 05:56:13 2026 DMAIN virt_l1_model.c:42 MS 0002: allocated
Mon Jun 15 05:56:13 2026 DL1C l1ctl_sock.c:138 Accepted client (fd=6) from server (fd=5)
Mon Jun 15 05:56:13 2026 DL1C l1ctl_sap.c:578 MS 0002: Tx L1CTL_RESET_CONF (reset_type: 1)
Mon Jun 15 05:56:13 2026 DL1C l1ctl_sap.c:578 MS 0002: Tx L1CTL_RESET_CONF (reset_type: 1)
Mon Jun 15 05:56:14 2026 DL1C l1ctl_sap.c:578 MS 0002: Tx L1CTL_RESET_CONF (reset_type: 1)
Mon Jun 15 05:56:14 2026 DL1C virt_prim_fbsb.c:57 MS 0002: Rx L1CTL_FBSB_REQ (arfcn=51, flags=0x7)
Mon Jun 15 05:56:14 2026 DL1C virt_prim_fbsb.c:126 MS 0002: Tx L1CTL_FBSB_CONF (res: 0)
Mon Jun 15 05:56:14 2026 DL1C l1ctl_sap.c:472 MS 0002: Rx L1CTL_CCCH_MODE_REQ (mode=2)
Mon Jun 15 05:56:14 2026 DL1C l1ctl_sap.c:600 MS 0002: Tx L1CTL_CCCH_MODE_CONF (mode: 2)
Mon Jun 15 05:56:15 2026 DL1C l1ctl_sap.c:578 MS 0002: Tx L1CTL_RESET_CONF (reset_type: 1)
Mon Jun 15 05:56:15 2026 DL1C virt_prim_fbsb.c:57 MS 0002: Rx L1CTL_FBSB_REQ (arfcn=51, flags=0x7)
Mon Jun 15 05:56:15 2026 DL1C virt_prim_fbsb.c:126 MS 0002: Tx L1CTL_FBSB_CONF (res: 0)
Mon Jun 15 05:56:15 2026 DL1C l1ctl_sap.c:411 MS 0002: Rx L1CTL_PARAM_REQ (ta=0, tx_power=14)
Mon Jun 15 05:56:15 2026 DL1C virt_prim_rach.c:81 MS 0002: Rx L1CTL_RACH_REQ (ra=0x01, offset=3 combined=1)
Mon Jun 15 05:56:15 2026 DL1C virt_prim_rach.c:124 MS 0002: Tx L1CTL_RACH_CONF (fn: 30668, arfcn: 51)
Mon Jun 15 05:56:15 2026 DL1C l1ctl_sap.c:411 MS 0002: Rx L1CTL_PARAM_REQ (ta=0, tx_power=14)
Mon Jun 15 05:56:15 2026 DL1C virt_prim_rach.c:81 MS 0002: Rx L1CTL_RACH_REQ (ra=0x06, offset=126 combined=1)
Mon Jun 15 05:56:15 2026 DL1C l1ctl_sap.c:578 MS 0002: Tx L1CTL_RESET_CONF (reset_type: 2)
Mon Jun 15 05:56:15 2026 DL1C l1ctl_sap.c:411 MS 0002: Rx L1CTL_PARAM_REQ (ta=0, tx_power=14)
Mon Jun 15 05:56:21 2026 DL1C l1ctl_sap.c:379 MS 0002: Rx L1CTL_DM_REL_REQ
Mon Jun 15 05:56:21 2026 DL1C l1ctl_sap.c:578 MS 0002: Tx L1CTL_RESET_CONF (reset_type: 1)
Mon Jun 15 05:56:21 2026 DL1C l1ctl_sap.c:578 MS 0002: Tx L1CTL_RESET_CONF (reset_type: 1)
Mon Jun 15 05:56:21 2026 DL1C virt_prim_fbsb.c:57 MS 0002: Rx L1CTL_FBSB_REQ (arfcn=51, flags=0x7)
Mon Jun 15 05:56:21 2026 DL1C virt_prim_fbsb.c:126 MS 0002: Tx L1CTL_FBSB_CONF (res: 0)
Mon Jun 15 05:56:21 2026 DL1C l1ctl_sap.c:526 MS 0002: Rx L1CTL_NEIGH_PM_REQ (list with 1 entries): IGNORED
Mon Jun 15 05:56:36 2026 DL1C l1ctl_sap.c:578 MS 0002: Tx L1CTL_RESET_CONF (reset_type: 1)
Mon Jun 15 05:56:36 2026 DL1C virt_prim_fbsb.c:57 MS 0002: Rx L1CTL_FBSB_REQ (arfcn=51, flags=0x7)
Mon Jun 15 05:56:36 2026 DL1C virt_prim_fbsb.c:126 MS 0002: Tx L1CTL_FBSB_CONF (res: 0)
Mon Jun 15 05:56:36 2026 DL1C l1ctl_sap.c:411 MS 0002: Rx L1CTL_PARAM_REQ (ta=0, tx_power=14)
Mon Jun 15 05:56:36 2026 DL1C virt_prim_rach.c:81 MS 0002: Rx L1CTL_RACH_REQ (ra=0x04, offset=11 combined=1)
Mon Jun 15 05:56:36 2026 DL1C virt_prim_rach.c:124 MS 0002: Tx L1CTL_RACH_CONF (fn: 35166, arfcn: 51)
Mon Jun 15 05:56:36 2026 DL1C l1ctl_sap.c:411 MS 0002: Rx L1CTL_PARAM_REQ (ta=0, tx_power=14)
Mon Jun 15 05:56:36 2026 DL1C virt_prim_rach.c:81 MS 0002: Rx L1CTL_RACH_REQ (ra=0x07, offset=122 combined=1)
Mon Jun 15 05:56:36 2026 DL1C l1ctl_sap.c:578 MS 0002: Tx L1CTL_RESET_CONF (reset_type: 2)
Mon Jun 15 05:56:36 2026 DL1C l1ctl_sap.c:411 MS 0002: Rx L1CTL_PARAM_REQ (ta=0, tx_power=14)
Mon Jun 15 05:56:37 2026 DL1C l1ctl_sap.c:379 MS 0002: Rx L1CTL_DM_REL_REQ
Mon Jun 15 05:56:37 2026 DL1C l1ctl_sap.c:578 MS 0002: Tx L1CTL_RESET_CONF (reset_type: 1)
Mon Jun 15 05:56:37 2026 DL1C l1ctl_sap.c:578 MS 0002: Tx L1CTL_RESET_CONF (reset_type: 1)
Mon Jun 15 05:56:37 2026 DL1C virt_prim_fbsb.c:57 MS 0002: Rx L1CTL_FBSB_REQ (arfcn=51, flags=0x7)
Mon Jun 15 05:56:37 2026 DL1C virt_prim_fbsb.c:126 MS 0002: Tx L1CTL_FBSB_CONF (res: 0)
Mon Jun 15 05:56:37 2026 DL1C l1ctl_sap.c:526 MS 0002: Rx L1CTL_NEIGH_PM_REQ (list with 1 entries): IGNORED
Mon Jun 15 05:56:43 2026 DL1C l1ctl_sap.c:578 MS 0002: Tx L1CTL_RESET_CONF (reset_type: 1)
Mon Jun 15 05:56:43 2026 DL1C virt_prim_fbsb.c:57 MS 0002: Rx L1CTL_FBSB_REQ (arfcn=51, flags=0x7)
Mon Jun 15 05:56:43 2026 DL1C virt_prim_fbsb.c:126 MS 0002: Tx L1CTL_FBSB_CONF (res: 0)
Mon Jun 15 05:56:43 2026 DL1C l1ctl_sap.c:411 MS 0002: Rx L1CTL_PARAM_REQ (ta=0, tx_power=14)
Mon Jun 15 05:56:43 2026 DL1C virt_prim_rach.c:81 MS 0002: Rx L1CTL_RACH_REQ (ra=0x85, offset=10 combined=1)
Mon Jun 15 05:56:43 2026 DL1C virt_prim_rach.c:124 MS 0002: Tx L1CTL_RACH_CONF (fn: 36795, arfcn: 51)
Mon Jun 15 05:56:43 2026 DL1C l1ctl_sap.c:411 MS 0002: Rx L1CTL_PARAM_REQ (ta=0, tx_power=14)
Mon Jun 15 05:56:43 2026 DL1C virt_prim_rach.c:81 MS 0002: Rx L1CTL_RACH_REQ (ra=0x99, offset=126 combined=1)
Mon Jun 15 05:56:43 2026 DL1C l1ctl_sap.c:578 MS 0002: Tx L1CTL_RESET_CONF (reset_type: 2)
Mon Jun 15 05:56:43 2026 DL1C l1ctl_sap.c:411 MS 0002: Rx L1CTL_PARAM_REQ (ta=0, tx_power=14)
Mon Jun 15 05:56:44 2026 DL1C l1ctl_sap.c:379 MS 0002: Rx L1CTL_DM_REL_REQ
Mon Jun 15 05:56:44 2026 DL1C l1ctl_sap.c:578 MS 0002: Tx L1CTL_RESET_CONF (reset_type: 1)
Mon Jun 15 05:56:44 2026 DL1C l1ctl_sap.c:578 MS 0002: Tx L1CTL_RESET_CONF (reset_type: 1)
Mon Jun 15 05:56:45 2026 DL1C l1ctl_sap.c:578 MS 0002: Tx L1CTL_RESET_CONF (reset_type: 1)
Mon Jun 15 05:56:45 2026 DL1C virt_prim_fbsb.c:57 MS 0002: Rx L1CTL_FBSB_REQ (arfcn=51, flags=0x7)
Mon Jun 15 05:56:45 2026 DL1C virt_prim_fbsb.c:126 MS 0002: Tx L1CTL_FBSB_CONF (res: 0)
Mon Jun 15 05:56:45 2026 DL1C l1ctl_sap.c:472 MS 0002: Rx L1CTL_CCCH_MODE_REQ (mode=2)
Mon Jun 15 05:56:45 2026 DL1C l1ctl_sap.c:600 MS 0002: Tx L1CTL_CCCH_MODE_CONF (mode: 2)
Mon Jun 15 05:56:47 2026 DL1C l1ctl_sap.c:578 MS 0002: Tx L1CTL_RESET_CONF (reset_type: 1)
Mon Jun 15 05:56:47 2026 DL1C virt_prim_fbsb.c:57 MS 0002: Rx L1CTL_FBSB_REQ (arfcn=51, flags=0x7)
Mon Jun 15 05:56:47 2026 DL1C virt_prim_fbsb.c:126 MS 0002: Tx L1CTL_FBSB_CONF (res: 0)
Mon Jun 15 05:56:47 2026 DL1C l1ctl_sap.c:526 MS 0002: Rx L1CTL_NEIGH_PM_REQ (list with 1 entries): IGNORED
Mon Jun 15 05:56:48 2026 DL1C l1ctl_sap.c:578 MS 0002: Tx L1CTL_RESET_CONF (reset_type: 1)
Mon Jun 15 05:56:48 2026 DL1C virt_prim_fbsb.c:57 MS 0002: Rx L1CTL_FBSB_REQ (arfcn=51, flags=0x7)
Mon Jun 15 05:56:48 2026 DL1C virt_prim_fbsb.c:126 MS 0002: Tx L1CTL_FBSB_CONF (res: 0)
Mon Jun 15 05:56:48 2026 DL1C l1ctl_sap.c:411 MS 0002: Rx L1CTL_PARAM_REQ (ta=0, tx_power=14)
Mon Jun 15 05:56:48 2026 DL1C virt_prim_rach.c:81 MS 0002: Rx L1CTL_RACH_REQ (ra=0x88, offset=3 combined=1)
Mon Jun 15 05:56:48 2026 DL1C virt_prim_rach.c:124 MS 0002: Tx L1CTL_RACH_CONF (fn: 37808, arfcn: 51)
Mon Jun 15 05:56:48 2026 DL1C l1ctl_sap.c:411 MS 0002: Rx L1CTL_PARAM_REQ (ta=0, tx_power=14)
Mon Jun 15 05:56:48 2026 DL1C virt_prim_rach.c:81 MS 0002: Rx L1CTL_RACH_REQ (ra=0x94, offset=119 combined=1)
Mon Jun 15 05:56:48 2026 DL1C l1ctl_sap.c:578 MS 0002: Tx L1CTL_RESET_CONF (reset_type: 2)
Mon Jun 15 05:56:48 2026 DL1C l1ctl_sap.c:411 MS 0002: Rx L1CTL_PARAM_REQ (ta=0, tx_power=14)
Mon Jun 15 05:56:49 2026 DL1C l1ctl_sap.c:379 MS 0002: Rx L1CTL_DM_REL_REQ
Mon Jun 15 05:56:49 2026 DL1C l1ctl_sap.c:578 MS 0002: Tx L1CTL_RESET_CONF (reset_type: 1)
Mon Jun 15 05:56:49 2026 DL1C l1ctl_sap.c:578 MS 0002: Tx L1CTL_RESET_CONF (reset_type: 1)
Mon Jun 15 05:56:49 2026 DL1C l1ctl_sap.c:578 MS 0002: Tx L1CTL_RESET_CONF (reset_type: 1)
Mon Jun 15 05:56:49 2026 DL1C virt_prim_fbsb.c:57 MS 0002: Rx L1CTL_FBSB_REQ (arfcn=51, flags=0x7)
Mon Jun 15 05:56:49 2026 DL1C virt_prim_fbsb.c:126 MS 0002: Tx L1CTL_FBSB_CONF (res: 0)
Mon Jun 15 05:56:50 2026 DL1C l1ctl_sap.c:472 MS 0002: Rx L1CTL_CCCH_MODE_REQ (mode=2)
Mon Jun 15 05:56:50 2026 DL1C l1ctl_sap.c:600 MS 0002: Tx L1CTL_CCCH_MODE_CONF (mode: 2)
Mon Jun 15 05:56:50 2026 DL1C l1ctl_sap.c:578 MS 0002: Tx L1CTL_RESET_CONF (reset_type: 1)
Mon Jun 15 05:56:50 2026 DL1C virt_prim_fbsb.c:57 MS 0002: Rx L1CTL_FBSB_REQ (arfcn=51, flags=0x7)
Mon Jun 15 05:56:50 2026 DL1C virt_prim_fbsb.c:126 MS 0002: Tx L1CTL_FBSB_CONF (res: 0)
Mon Jun 15 05:56:50 2026 DL1C l1ctl_sap.c:526 MS 0002: Rx L1CTL_NEIGH_PM_REQ (list with 1 entries): IGNORED
Mon Jun 15 05:56:51 2026 DL1C l1ctl_sap.c:578 MS 0002: Tx L1CTL_RESET_CONF (reset_type: 1)
Mon Jun 15 05:56:51 2026 DL1C virt_prim_fbsb.c:57 MS 0002: Rx L1CTL_FBSB_REQ (arfcn=51, flags=0x7)
Mon Jun 15 05:56:51 2026 DL1C virt_prim_fbsb.c:126 MS 0002: Tx L1CTL_FBSB_CONF (res: 0)
Mon Jun 15 05:56:51 2026 DL1C l1ctl_sap.c:411 MS 0002: Rx L1CTL_PARAM_REQ (ta=0, tx_power=14)
Mon Jun 15 05:56:51 2026 DL1C virt_prim_rach.c:81 MS 0002: Rx L1CTL_RACH_REQ (ra=0x8a, offset=0 combined=1)
Mon Jun 15 05:56:51 2026 DL1C virt_prim_rach.c:124 MS 0002: Tx L1CTL_RACH_CONF (fn: 38570, arfcn: 51)
Mon Jun 15 05:56:51 2026 DL1C l1ctl_sap.c:411 MS 0002: Rx L1CTL_PARAM_REQ (ta=0, tx_power=14)
Mon Jun 15 05:56:51 2026 DL1C virt_prim_rach.c:81 MS 0002: Rx L1CTL_RACH_REQ (ra=0x88, offset=125 combined=1)
Mon Jun 15 05:56:52 2026 DL1C l1ctl_sap.c:578 MS 0002: Tx L1CTL_RESET_CONF (reset_type: 2)
Mon Jun 15 05:56:52 2026 DL1C l1ctl_sap.c:411 MS 0002: Rx L1CTL_PARAM_REQ (ta=0, tx_power=14)
Mon Jun 15 05:56:52 2026 DL1C l1ctl_sap.c:379 MS 0002: Rx L1CTL_DM_REL_REQ
Mon Jun 15 05:56:52 2026 DL1C l1ctl_sap.c:578 MS 0002: Tx L1CTL_RESET_CONF (reset_type: 1)
Mon Jun 15 05:56:52 2026 DL1C l1ctl_sap.c:578 MS 0002: Tx L1CTL_RESET_CONF (reset_type: 1)
Mon Jun 15 05:56:53 2026 DL1C l1ctl_sap.c:578 MS 0002: Tx L1CTL_RESET_CONF (reset_type: 1)
Mon Jun 15 05:56:53 2026 DL1C virt_prim_fbsb.c:57 MS 0002: Rx L1CTL_FBSB_REQ (arfcn=51, flags=0x7)
Mon Jun 15 05:56:53 2026 DL1C virt_prim_fbsb.c:126 MS 0002: Tx L1CTL_FBSB_CONF (res: 0)
Mon Jun 15 05:56:54 2026 DL1C l1ctl_sap.c:472 MS 0002: Rx L1CTL_CCCH_MODE_REQ (mode=2)
Mon Jun 15 05:56:54 2026 DL1C l1ctl_sap.c:600 MS 0002: Tx L1CTL_CCCH_MODE_CONF (mode: 2)
Mon Jun 15 05:56:54 2026 DL1C l1ctl_sap.c:578 MS 0002: Tx L1CTL_RESET_CONF (reset_type: 1)
Mon Jun 15 05:56:54 2026 DL1C virt_prim_fbsb.c:57 MS 0002: Rx L1CTL_FBSB_REQ (arfcn=51, flags=0x7)
Mon Jun 15 05:56:54 2026 DL1C virt_prim_fbsb.c:126 MS 0002: Tx L1CTL_FBSB_CONF (res: 0)
Mon Jun 15 05:56:54 2026 DL1C l1ctl_sap.c:526 MS 0002: Rx L1CTL_NEIGH_PM_REQ (list with 1 entries): IGNORED
Mon Jun 15 05:56:55 2026 DL1C l1ctl_sap.c:578 MS 0002: Tx L1CTL_RESET_CONF (reset_type: 1)
Mon Jun 15 05:56:55 2026 DL1C virt_prim_fbsb.c:57 MS 0002: Rx L1CTL_FBSB_REQ (arfcn=51, flags=0x7)
Mon Jun 15 05:56:55 2026 DL1C virt_prim_fbsb.c:126 MS 0002: Tx L1CTL_FBSB_CONF (res: 0)
Mon Jun 15 05:56:55 2026 DL1C l1ctl_sap.c:411 MS 0002: Rx L1CTL_PARAM_REQ (ta=0, tx_power=14)
Mon Jun 15 05:56:55 2026 DL1C virt_prim_rach.c:81 MS 0002: Rx L1CTL_RACH_REQ (ra=0x9c, offset=8 combined=1)
Mon Jun 15 05:56:55 2026 DL1C virt_prim_rach.c:124 MS 0002: Tx L1CTL_RACH_CONF (fn: 39343, arfcn: 51)
Mon Jun 15 05:56:55 2026 DL1C l1ctl_sap.c:411 MS 0002: Rx L1CTL_PARAM_REQ (ta=0, tx_power=14)
Mon Jun 15 05:56:55 2026 DL1C virt_prim_rach.c:81 MS 0002: Rx L1CTL_RACH_REQ (ra=0x91, offset=115 combined=1)
Mon Jun 15 05:56:55 2026 DL1C l1ctl_sap.c:578 MS 0002: Tx L1CTL_RESET_CONF (reset_type: 2)
Mon Jun 15 05:56:55 2026 DL1C l1ctl_sap.c:411 MS 0002: Rx L1CTL_PARAM_REQ (ta=0, tx_power=14)
Mon Jun 15 05:56:56 2026 DL1C l1ctl_sap.c:379 MS 0002: Rx L1CTL_DM_REL_REQ
Mon Jun 15 05:56:56 2026 DL1C l1ctl_sap.c:578 MS 0002: Tx L1CTL_RESET_CONF (reset_type: 1)
Mon Jun 15 05:56:56 2026 DL1C l1ctl_sap.c:578 MS 0002: Tx L1CTL_RESET_CONF (reset_type: 1)
Mon Jun 15 05:56:56 2026 DL1C l1ctl_sap.c:578 MS 0002: Tx L1CTL_RESET_CONF (reset_type: 1)
Mon Jun 15 05:56:56 2026 DL1C virt_prim_fbsb.c:57 MS 0002: Rx L1CTL_FBSB_REQ (arfcn=51, flags=0x7)
Mon Jun 15 05:56:56 2026 DL1C virt_prim_fbsb.c:126 MS 0002: Tx L1CTL_FBSB_CONF (res: 0)
Mon Jun 15 05:56:57 2026 DL1C l1ctl_sap.c:472 MS 0002: Rx L1CTL_CCCH_MODE_REQ (mode=2)
Mon Jun 15 05:56:57 2026 DL1C l1ctl_sap.c:600 MS 0002: Tx L1CTL_CCCH_MODE_CONF (mode: 2)
Mon Jun 15 05:56:58 2026 DL1C l1ctl_sap.c:578 MS 0002: Tx L1CTL_RESET_CONF (reset_type: 1)
Mon Jun 15 05:56:58 2026 DL1C virt_prim_fbsb.c:57 MS 0002: Rx L1CTL_FBSB_REQ (arfcn=51, flags=0x7)
Mon Jun 15 05:56:58 2026 DL1C virt_prim_fbsb.c:126 MS 0002: Tx L1CTL_FBSB_CONF (res: 0)
Mon Jun 15 05:56:58 2026 DL1C l1ctl_sap.c:526 MS 0002: Rx L1CTL_NEIGH_PM_REQ (list with 1 entries): IGNORED
Mon Jun 15 05:56:58 2026 DL1C l1ctl_sap.c:578 MS 0002: Tx L1CTL_RESET_CONF (reset_type: 1)
Mon Jun 15 05:56:58 2026 DL1C virt_prim_fbsb.c:57 MS 0002: Rx L1CTL_FBSB_REQ (arfcn=51, flags=0x7)
Mon Jun 15 05:56:58 2026 DL1C virt_prim_fbsb.c:126 MS 0002: Tx L1CTL_FBSB_CONF (res: 0)
Mon Jun 15 05:56:58 2026 DL1C l1ctl_sap.c:411 MS 0002: Rx L1CTL_PARAM_REQ (ta=0, tx_power=14)
Mon Jun 15 05:56:58 2026 DL1C virt_prim_rach.c:81 MS 0002: Rx L1CTL_RACH_REQ (ra=0x8a, offset=1 combined=1)
Mon Jun 15 05:56:58 2026 DL1C virt_prim_rach.c:124 MS 0002: Tx L1CTL_RACH_CONF (fn: 40101, arfcn: 51)
Mon Jun 15 05:56:58 2026 DL1C l1ctl_sap.c:411 MS 0002: Rx L1CTL_PARAM_REQ (ta=0, tx_power=14)
Mon Jun 15 05:56:58 2026 DL1C virt_prim_rach.c:81 MS 0002: Rx L1CTL_RACH_REQ (ra=0x91, offset=123 combined=1)
Mon Jun 15 05:56:59 2026 DL1C l1ctl_sap.c:578 MS 0002: Tx L1CTL_RESET_CONF (reset_type: 2)
Mon Jun 15 05:56:59 2026 DL1C l1ctl_sap.c:411 MS 0002: Rx L1CTL_PARAM_REQ (ta=0, tx_power=14)
Mon Jun 15 05:56:59 2026 DL1C l1ctl_sap.c:379 MS 0002: Rx L1CTL_DM_REL_REQ
Mon Jun 15 05:56:59 2026 DL1C l1ctl_sap.c:578 MS 0002: Tx L1CTL_RESET_CONF (reset_type: 1)
Mon Jun 15 05:56:59 2026 DL1C l1ctl_sap.c:578 MS 0002: Tx L1CTL_RESET_CONF (reset_type: 1)
Mon Jun 15 05:57:00 2026 DL1C l1ctl_sap.c:578 MS 0002: Tx L1CTL_RESET_CONF (reset_type: 1)
Mon Jun 15 05:57:00 2026 DL1C virt_prim_fbsb.c:57 MS 0002: Rx L1CTL_FBSB_REQ (arfcn=51, flags=0x7)
Mon Jun 15 05:57:00 2026 DL1C virt_prim_fbsb.c:126 MS 0002: Tx L1CTL_FBSB_CONF (res: 0)
Mon Jun 15 05:57:00 2026 DL1C l1ctl_sap.c:472 MS 0002: Rx L1CTL_CCCH_MODE_REQ (mode=2)
Mon Jun 15 05:57:00 2026 DL1C l1ctl_sap.c:600 MS 0002: Tx L1CTL_CCCH_MODE_CONF (mode: 2)
Mon Jun 15 05:57:02 2026 DL1C l1ctl_sap.c:578 MS 0002: Tx L1CTL_RESET_CONF (reset_type: 1)
Mon Jun 15 05:57:02 2026 DL1C virt_prim_fbsb.c:57 MS 0002: Rx L1CTL_FBSB_REQ (arfcn=51, flags=0x7)
Mon Jun 15 05:57:02 2026 DL1C virt_prim_fbsb.c:126 MS 0002: Tx L1CTL_FBSB_CONF (res: 0)
Mon Jun 15 05:57:02 2026 DL1C l1ctl_sap.c:526 MS 0002: Rx L1CTL_NEIGH_PM_REQ (list with 1 entries): IGNORED
Mon Jun 15 05:58:51 2026 DL1C l1ctl_sap.c:578 MS 0002: Tx L1CTL_RESET_CONF (reset_type: 1)
Mon Jun 15 05:58:51 2026 DL1C virt_prim_fbsb.c:57 MS 0002: Rx L1CTL_FBSB_REQ (arfcn=51, flags=0x7)
Mon Jun 15 05:58:51 2026 DL1C virt_prim_fbsb.c:126 MS 0002: Tx L1CTL_FBSB_CONF (res: 0)
Mon Jun 15 05:58:51 2026 DL1C l1ctl_sap.c:411 MS 0002: Rx L1CTL_PARAM_REQ (ta=0, tx_power=14)
Mon Jun 15 05:58:51 2026 DL1C virt_prim_rach.c:81 MS 0002: Rx L1CTL_RACH_REQ (ra=0x1d, offset=6 combined=1)
Mon Jun 15 05:58:51 2026 DL1C virt_prim_rach.c:124 MS 0002: Tx L1CTL_RACH_CONF (fn: 64535, arfcn: 51)
Mon Jun 15 05:58:51 2026 DL1C l1ctl_sap.c:411 MS 0002: Rx L1CTL_PARAM_REQ (ta=0, tx_power=14)
Mon Jun 15 05:58:51 2026 DL1C virt_prim_rach.c:81 MS 0002: Rx L1CTL_RACH_REQ (ra=0x1e, offset=126 combined=1)
Mon Jun 15 05:58:51 2026 DL1C l1ctl_sap.c:578 MS 0002: Tx L1CTL_RESET_CONF (reset_type: 2)
Mon Jun 15 05:58:51 2026 DL1C l1ctl_sap.c:411 MS 0002: Rx L1CTL_PARAM_REQ (ta=0, tx_power=14)
Mon Jun 15 05:58:57 2026 DL1C l1ctl_sap.c:379 MS 0002: Rx L1CTL_DM_REL_REQ
Mon Jun 15 05:58:57 2026 DL1C l1ctl_sap.c:578 MS 0002: Tx L1CTL_RESET_CONF (reset_type: 1)
Mon Jun 15 05:58:57 2026 DL1C l1ctl_sap.c:578 MS 0002: Tx L1CTL_RESET_CONF (reset_type: 1)
Mon Jun 15 05:58:57 2026 DL1C l1ctl_sap.c:578 MS 0002: Tx L1CTL_RESET_CONF (reset_type: 1)
Mon Jun 15 05:58:57 2026 DL1C l1ctl_sock.c:99 Failed to receive msg from l2. Connection will be closed.
Mon Jun 15 05:58:57 2026 DMAIN virt_l1_model.c:49 MS 0002: destroyed
Mon Jun 15 05:59:12 2026 DMAIN virt_l1_model.c:42 MS 0003: allocated
Mon Jun 15 05:59:12 2026 DL1C l1ctl_sock.c:138 Accepted client (fd=6) from server (fd=5)
Mon Jun 15 05:59:12 2026 DL1C l1ctl_sap.c:578 MS 0003: Tx L1CTL_RESET_CONF (reset_type: 1)
Mon Jun 15 05:59:12 2026 DL1C l1ctl_sap.c:578 MS 0003: Tx L1CTL_RESET_CONF (reset_type: 1)
Mon Jun 15 05:59:13 2026 DL1C l1ctl_sap.c:578 MS 0003: Tx L1CTL_RESET_CONF (reset_type: 1)
Mon Jun 15 05:59:13 2026 DL1C virt_prim_fbsb.c:57 MS 0003: Rx L1CTL_FBSB_REQ (arfcn=51, flags=0x7)
Mon Jun 15 05:59:13 2026 DL1C virt_prim_fbsb.c:126 MS 0003: Tx L1CTL_FBSB_CONF (res: 0)
Mon Jun 15 05:59:13 2026 DL1C l1ctl_sap.c:472 MS 0003: Rx L1CTL_CCCH_MODE_REQ (mode=2)
Mon Jun 15 05:59:13 2026 DL1C l1ctl_sap.c:600 MS 0003: Tx L1CTL_CCCH_MODE_CONF (mode: 2)
Mon Jun 15 05:59:13 2026 DL1C l1ctl_sap.c:578 MS 0003: Tx L1CTL_RESET_CONF (reset_type: 1)
Mon Jun 15 05:59:13 2026 DL1C virt_prim_fbsb.c:57 MS 0003: Rx L1CTL_FBSB_REQ (arfcn=51, flags=0x7)
Mon Jun 15 05:59:13 2026 DL1C virt_prim_fbsb.c:126 MS 0003: Tx L1CTL_FBSB_CONF (res: 0)
Mon Jun 15 05:59:13 2026 DL1C l1ctl_sap.c:411 MS 0003: Rx L1CTL_PARAM_REQ (ta=0, tx_power=14)
Mon Jun 15 05:59:13 2026 DL1C virt_prim_rach.c:81 MS 0003: Rx L1CTL_RACH_REQ (ra=0x08, offset=2 combined=1)
Mon Jun 15 05:59:13 2026 DL1C virt_prim_rach.c:124 MS 0003: Tx L1CTL_RACH_CONF (fn: 69376, arfcn: 51)
Mon Jun 15 05:59:13 2026 DL1C l1ctl_sap.c:411 MS 0003: Rx L1CTL_PARAM_REQ (ta=0, tx_power=14)
Mon Jun 15 05:59:13 2026 DL1C virt_prim_rach.c:81 MS 0003: Rx L1CTL_RACH_REQ (ra=0x08, offset=118 combined=1)
Mon Jun 15 05:59:14 2026 DL1C l1ctl_sap.c:578 MS 0003: Tx L1CTL_RESET_CONF (reset_type: 2)
Mon Jun 15 05:59:14 2026 DL1C l1ctl_sap.c:411 MS 0003: Rx L1CTL_PARAM_REQ (ta=0, tx_power=14)
Mon Jun 15 05:59:21 2026 DL1C l1ctl_sap.c:379 MS 0003: Rx L1CTL_DM_REL_REQ
Mon Jun 15 05:59:21 2026 DL1C l1ctl_sap.c:578 MS 0003: Tx L1CTL_RESET_CONF (reset_type: 1)
Mon Jun 15 05:59:21 2026 DL1C l1ctl_sap.c:578 MS 0003: Tx L1CTL_RESET_CONF (reset_type: 1)
Mon Jun 15 05:59:21 2026 DL1C virt_prim_fbsb.c:57 MS 0003: Rx L1CTL_FBSB_REQ (arfcn=51, flags=0x7)
Mon Jun 15 05:59:21 2026 DL1C virt_prim_fbsb.c:126 MS 0003: Tx L1CTL_FBSB_CONF (res: 0)
Mon Jun 15 05:59:21 2026 DL1C l1ctl_sap.c:526 MS 0003: Rx L1CTL_NEIGH_PM_REQ (list with 1 entries): IGNORED
Mon Jun 15 05:59:36 2026 DL1C l1ctl_sap.c:578 MS 0003: Tx L1CTL_RESET_CONF (reset_type: 1)
Mon Jun 15 05:59:36 2026 DL1C virt_prim_fbsb.c:57 MS 0003: Rx L1CTL_FBSB_REQ (arfcn=51, flags=0x7)
Mon Jun 15 05:59:36 2026 DL1C virt_prim_fbsb.c:126 MS 0003: Tx L1CTL_FBSB_CONF (res: 0)
Mon Jun 15 05:59:36 2026 DL1C l1ctl_sap.c:411 MS 0003: Rx L1CTL_PARAM_REQ (ta=0, tx_power=14)
Mon Jun 15 05:59:36 2026 DL1C virt_prim_rach.c:81 MS 0003: Rx L1CTL_RACH_REQ (ra=0x0d, offset=0 combined=1)
Mon Jun 15 05:59:36 2026 DL1C virt_prim_rach.c:124 MS 0003: Tx L1CTL_RACH_CONF (fn: 74321, arfcn: 51)
Mon Jun 15 05:59:36 2026 DL1C l1ctl_sap.c:411 MS 0003: Rx L1CTL_PARAM_REQ (ta=0, tx_power=14)
Mon Jun 15 05:59:36 2026 DL1C virt_prim_rach.c:81 MS 0003: Rx L1CTL_RACH_REQ (ra=0x00, offset=122 combined=1)
Mon Jun 15 05:59:36 2026 DL1C l1ctl_sap.c:578 MS 0003: Tx L1CTL_RESET_CONF (reset_type: 2)
Mon Jun 15 05:59:36 2026 DL1C l1ctl_sap.c:411 MS 0003: Rx L1CTL_PARAM_REQ (ta=0, tx_power=14)
Mon Jun 15 05:59:38 2026 DL1C l1ctl_sap.c:379 MS 0003: Rx L1CTL_DM_REL_REQ
Mon Jun 15 05:59:38 2026 DL1C l1ctl_sap.c:578 MS 0003: Tx L1CTL_RESET_CONF (reset_type: 1)
Mon Jun 15 05:59:38 2026 DL1C l1ctl_sap.c:578 MS 0003: Tx L1CTL_RESET_CONF (reset_type: 1)
Mon Jun 15 05:59:38 2026 DL1C virt_prim_fbsb.c:57 MS 0003: Rx L1CTL_FBSB_REQ (arfcn=51, flags=0x7)
Mon Jun 15 05:59:38 2026 DL1C virt_prim_fbsb.c:126 MS 0003: Tx L1CTL_FBSB_CONF (res: 0)
Mon Jun 15 05:59:38 2026 DL1C l1ctl_sap.c:526 MS 0003: Rx L1CTL_NEIGH_PM_REQ (list with 1 entries): IGNORED
Mon Jun 15 06:00:03 2026 DL1C l1ctl_sap.c:578 MS 0003: Tx L1CTL_RESET_CONF (reset_type: 1)
Mon Jun 15 06:00:03 2026 DL1C virt_prim_fbsb.c:57 MS 0003: Rx L1CTL_FBSB_REQ (arfcn=51, flags=0x7)
Mon Jun 15 06:00:03 2026 DL1C virt_prim_fbsb.c:126 MS 0003: Tx L1CTL_FBSB_CONF (res: 0)
Mon Jun 15 06:00:03 2026 DL1C l1ctl_sap.c:411 MS 0003: Rx L1CTL_PARAM_REQ (ta=0, tx_power=14)
Mon Jun 15 06:00:03 2026 DL1C virt_prim_rach.c:81 MS 0003: Rx L1CTL_RACH_REQ (ra=0xed, offset=3 combined=1)
Mon Jun 15 06:00:03 2026 DL1C virt_prim_rach.c:124 MS 0003: Tx L1CTL_RACH_CONF (fn: 80087, arfcn: 51)
Mon Jun 15 06:00:03 2026 DL1C l1ctl_sap.c:411 MS 0003: Rx L1CTL_PARAM_REQ (ta=0, tx_power=14)
Mon Jun 15 06:00:03 2026 DL1C virt_prim_rach.c:81 MS 0003: Rx L1CTL_RACH_REQ (ra=0xfb, offset=120 combined=1)
Mon Jun 15 06:00:03 2026 DL1C l1ctl_sap.c:578 MS 0003: Tx L1CTL_RESET_CONF (reset_type: 2)
Mon Jun 15 06:00:03 2026 DL1C l1ctl_sap.c:411 MS 0003: Rx L1CTL_PARAM_REQ (ta=0, tx_power=14)
Mon Jun 15 06:00:04 2026 DL1C l1ctl_sap.c:379 MS 0003: Rx L1CTL_DM_REL_REQ
Mon Jun 15 06:00:04 2026 DL1C l1ctl_sap.c:578 MS 0003: Tx L1CTL_RESET_CONF (reset_type: 1)
Mon Jun 15 06:00:04 2026 DL1C l1ctl_sap.c:578 MS 0003: Tx L1CTL_RESET_CONF (reset_type: 1)
Mon Jun 15 06:00:04 2026 DL1C l1ctl_sap.c:578 MS 0003: Tx L1CTL_RESET_CONF (reset_type: 1)
Mon Jun 15 06:00:04 2026 DL1C virt_prim_fbsb.c:57 MS 0003: Rx L1CTL_FBSB_REQ (arfcn=51, flags=0x7)
Mon Jun 15 06:00:04 2026 DL1C virt_prim_fbsb.c:126 MS 0003: Tx L1CTL_FBSB_CONF (res: 0)
Mon Jun 15 06:00:05 2026 DL1C l1ctl_sap.c:472 MS 0003: Rx L1CTL_CCCH_MODE_REQ (mode=2)
Mon Jun 15 06:00:05 2026 DL1C l1ctl_sap.c:600 MS 0003: Tx L1CTL_CCCH_MODE_CONF (mode: 2)
Mon Jun 15 06:00:06 2026 DL1C l1ctl_sap.c:578 MS 0003: Tx L1CTL_RESET_CONF (reset_type: 1)
Mon Jun 15 06:00:06 2026 DL1C virt_prim_fbsb.c:57 MS 0003: Rx L1CTL_FBSB_REQ (arfcn=51, flags=0x7)
Mon Jun 15 06:00:06 2026 DL1C virt_prim_fbsb.c:126 MS 0003: Tx L1CTL_FBSB_CONF (res: 0)
Mon Jun 15 06:00:06 2026 DL1C l1ctl_sap.c:526 MS 0003: Rx L1CTL_NEIGH_PM_REQ (list with 1 entries): IGNORED
Mon Jun 15 06:00:21 2026 DL1C l1ctl_sap.c:578 MS 0003: Tx L1CTL_RESET_CONF (reset_type: 1)
Mon Jun 15 06:00:21 2026 DL1C virt_prim_fbsb.c:57 MS 0003: Rx L1CTL_FBSB_REQ (arfcn=51, flags=0x7)
Mon Jun 15 06:00:21 2026 DL1C virt_prim_fbsb.c:126 MS 0003: Tx L1CTL_FBSB_CONF (res: 0)
Mon Jun 15 06:00:21 2026 DL1C l1ctl_sap.c:411 MS 0003: Rx L1CTL_PARAM_REQ (ta=0, tx_power=14)
Mon Jun 15 06:00:21 2026 DL1C virt_prim_rach.c:81 MS 0003: Rx L1CTL_RACH_REQ (ra=0x10, offset=9 combined=1)
Mon Jun 15 06:00:21 2026 DL1C virt_prim_rach.c:124 MS 0003: Tx L1CTL_RACH_CONF (fn: 83969, arfcn: 51)
Mon Jun 15 06:00:21 2026 DL1C l1ctl_sap.c:411 MS 0003: Rx L1CTL_PARAM_REQ (ta=0, tx_power=14)
Mon Jun 15 06:00:21 2026 DL1C virt_prim_rach.c:81 MS 0003: Rx L1CTL_RACH_REQ (ra=0x17, offset=122 combined=1)
Mon Jun 15 06:00:21 2026 DL1C l1ctl_sap.c:578 MS 0003: Tx L1CTL_RESET_CONF (reset_type: 2)
Mon Jun 15 06:00:21 2026 DL1C l1ctl_sap.c:411 MS 0003: Rx L1CTL_PARAM_REQ (ta=0, tx_power=14)
Mon Jun 15 06:00:26 2026 DL1C l1ctl_sap.c:379 MS 0003: Rx L1CTL_DM_REL_REQ
Mon Jun 15 06:00:26 2026 DL1C l1ctl_sap.c:578 MS 0003: Tx L1CTL_RESET_CONF (reset_type: 1)
Mon Jun 15 06:00:26 2026 DL1C l1ctl_sap.c:578 MS 0003: Tx L1CTL_RESET_CONF (reset_type: 1)
Mon Jun 15 06:00:26 2026 DL1C l1ctl_sap.c:578 MS 0003: Tx L1CTL_RESET_CONF (reset_type: 1)
Mon Jun 15 06:00:26 2026 DL1C l1ctl_sock.c:99 Failed to receive msg from l2. Connection will be closed.
Mon Jun 15 06:00:26 2026 DMAIN virt_l1_model.c:49 MS 0003: destroyed
Mon Jun 15 06:00:42 2026 DMAIN virt_l1_model.c:42 MS 0004: allocated
Mon Jun 15 06:00:42 2026 DL1C l1ctl_sock.c:138 Accepted client (fd=6) from server (fd=5)
Mon Jun 15 06:00:42 2026 DL1C l1ctl_sap.c:578 MS 0004: Tx L1CTL_RESET_CONF (reset_type: 1)
Mon Jun 15 06:00:42 2026 DL1C l1ctl_sap.c:578 MS 0004: Tx L1CTL_RESET_CONF (reset_type: 1)
Mon Jun 15 06:00:42 2026 DL1C l1ctl_sap.c:578 MS 0004: Tx L1CTL_RESET_CONF (reset_type: 1)
Mon Jun 15 06:00:42 2026 DL1C virt_prim_fbsb.c:57 MS 0004: Rx L1CTL_FBSB_REQ (arfcn=51, flags=0x7)
Mon Jun 15 06:00:42 2026 DL1C virt_prim_fbsb.c:126 MS 0004: Tx L1CTL_FBSB_CONF (res: 0)
Mon Jun 15 06:00:42 2026 DL1C l1ctl_sap.c:472 MS 0004: Rx L1CTL_CCCH_MODE_REQ (mode=2)
Mon Jun 15 06:00:42 2026 DL1C l1ctl_sap.c:600 MS 0004: Tx L1CTL_CCCH_MODE_CONF (mode: 2)
Mon Jun 15 06:00:44 2026 DL1C l1ctl_sap.c:578 MS 0004: Tx L1CTL_RESET_CONF (reset_type: 1)
Mon Jun 15 06:00:44 2026 DL1C virt_prim_fbsb.c:57 MS 0004: Rx L1CTL_FBSB_REQ (arfcn=51, flags=0x7)
Mon Jun 15 06:00:44 2026 DL1C virt_prim_fbsb.c:126 MS 0004: Tx L1CTL_FBSB_CONF (res: 0)
Mon Jun 15 06:00:44 2026 DL1C l1ctl_sap.c:411 MS 0004: Rx L1CTL_PARAM_REQ (ta=0, tx_power=14)
Mon Jun 15 06:00:44 2026 DL1C virt_prim_rach.c:81 MS 0004: Rx L1CTL_RACH_REQ (ra=0x0c, offset=0 combined=1)
Mon Jun 15 06:00:44 2026 DL1C virt_prim_rach.c:124 MS 0004: Tx L1CTL_RACH_CONF (fn: 88958, arfcn: 51)
Mon Jun 15 06:00:44 2026 DL1C l1ctl_sap.c:411 MS 0004: Rx L1CTL_PARAM_REQ (ta=0, tx_power=14)
Mon Jun 15 06:00:44 2026 DL1C virt_prim_rach.c:81 MS 0004: Rx L1CTL_RACH_REQ (ra=0x08, offset=118 combined=1)
Mon Jun 15 06:00:44 2026 DL1C l1ctl_sap.c:578 MS 0004: Tx L1CTL_RESET_CONF (reset_type: 2)
Mon Jun 15 06:00:44 2026 DL1C l1ctl_sap.c:411 MS 0004: Rx L1CTL_PARAM_REQ (ta=0, tx_power=14)
Mon Jun 15 06:00:52 2026 DL1C l1ctl_sap.c:379 MS 0004: Rx L1CTL_DM_REL_REQ
Mon Jun 15 06:00:52 2026 DL1C l1ctl_sap.c:578 MS 0004: Tx L1CTL_RESET_CONF (reset_type: 1)
Mon Jun 15 06:00:52 2026 DL1C l1ctl_sap.c:578 MS 0004: Tx L1CTL_RESET_CONF (reset_type: 1)
Mon Jun 15 06:00:52 2026 DL1C virt_prim_fbsb.c:57 MS 0004: Rx L1CTL_FBSB_REQ (arfcn=51, flags=0x7)
Mon Jun 15 06:00:52 2026 DL1C virt_prim_fbsb.c:126 MS 0004: Tx L1CTL_FBSB_CONF (res: 0)
Mon Jun 15 06:00:52 2026 DL1C l1ctl_sap.c:526 MS 0004: Rx L1CTL_NEIGH_PM_REQ (list with 1 entries): IGNORED
Mon Jun 15 06:01:07 2026 DL1C l1ctl_sap.c:578 MS 0004: Tx L1CTL_RESET_CONF (reset_type: 1)
Mon Jun 15 06:01:07 2026 DL1C virt_prim_fbsb.c:57 MS 0004: Rx L1CTL_FBSB_REQ (arfcn=51, flags=0x7)
Mon Jun 15 06:01:07 2026 DL1C virt_prim_fbsb.c:126 MS 0004: Tx L1CTL_FBSB_CONF (res: 0)
Mon Jun 15 06:01:07 2026 DL1C l1ctl_sap.c:411 MS 0004: Rx L1CTL_PARAM_REQ (ta=0, tx_power=14)
Mon Jun 15 06:01:07 2026 DL1C virt_prim_rach.c:81 MS 0004: Rx L1CTL_RACH_REQ (ra=0x04, offset=8 combined=1)
Mon Jun 15 06:01:07 2026 DL1C virt_prim_rach.c:124 MS 0004: Tx L1CTL_RACH_CONF (fn: 93913, arfcn: 51)
Mon Jun 15 06:01:07 2026 DL1C l1ctl_sap.c:411 MS 0004: Rx L1CTL_PARAM_REQ (ta=0, tx_power=14)
Mon Jun 15 06:01:07 2026 DL1C virt_prim_rach.c:81 MS 0004: Rx L1CTL_RACH_REQ (ra=0x0d, offset=123 combined=1)
Mon Jun 15 06:01:07 2026 DL1C l1ctl_sap.c:578 MS 0004: Tx L1CTL_RESET_CONF (reset_type: 2)
Mon Jun 15 06:01:07 2026 DL1C l1ctl_sap.c:411 MS 0004: Rx L1CTL_PARAM_REQ (ta=0, tx_power=14)
Mon Jun 15 06:01:10 2026 DL1C l1ctl_sap.c:379 MS 0004: Rx L1CTL_DM_REL_REQ
Mon Jun 15 06:01:10 2026 DL1C l1ctl_sap.c:578 MS 0004: Tx L1CTL_RESET_CONF (reset_type: 1)
Mon Jun 15 06:01:10 2026 DL1C l1ctl_sap.c:578 MS 0004: Tx L1CTL_RESET_CONF (reset_type: 1)
Mon Jun 15 06:01:10 2026 DL1C virt_prim_fbsb.c:57 MS 0004: Rx L1CTL_FBSB_REQ (arfcn=51, flags=0x7)
Mon Jun 15 06:01:11 2026 DL1C virt_prim_fbsb.c:126 MS 0004: Tx L1CTL_FBSB_CONF (res: 0)
Mon Jun 15 06:01:11 2026 DL1C l1ctl_sap.c:526 MS 0004: Rx L1CTL_NEIGH_PM_REQ (list with 1 entries): IGNORED
Mon Jun 15 06:01:21 2026 DL1C l1ctl_sap.c:578 MS 0004: Tx L1CTL_RESET_CONF (reset_type: 1)
Mon Jun 15 06:01:21 2026 DL1C virt_prim_fbsb.c:57 MS 0004: Rx L1CTL_FBSB_REQ (arfcn=51, flags=0x7)
Mon Jun 15 06:01:21 2026 DL1C virt_prim_fbsb.c:126 MS 0004: Tx L1CTL_FBSB_CONF (res: 0)
Mon Jun 15 06:01:21 2026 DL1C l1ctl_sap.c:411 MS 0004: Rx L1CTL_PARAM_REQ (ta=0, tx_power=14)
Mon Jun 15 06:01:21 2026 DL1C virt_prim_rach.c:81 MS 0004: Rx L1CTL_RACH_REQ (ra=0x11, offset=4 combined=1)
Mon Jun 15 06:01:21 2026 DL1C virt_prim_rach.c:124 MS 0004: Tx L1CTL_RACH_CONF (fn: 97073, arfcn: 51)
Mon Jun 15 06:01:21 2026 DL1C l1ctl_sap.c:411 MS 0004: Rx L1CTL_PARAM_REQ (ta=0, tx_power=14)
Mon Jun 15 06:01:21 2026 DL1C virt_prim_rach.c:81 MS 0004: Rx L1CTL_RACH_REQ (ra=0x16, offset=118 combined=1)
Mon Jun 15 06:01:21 2026 DL1C l1ctl_sap.c:578 MS 0004: Tx L1CTL_RESET_CONF (reset_type: 2)
Mon Jun 15 06:01:21 2026 DL1C l1ctl_sap.c:411 MS 0004: Rx L1CTL_PARAM_REQ (ta=0, tx_power=14)
Mon Jun 15 06:01:29 2026 DL1C l1ctl_sap.c:379 MS 0004: Rx L1CTL_DM_REL_REQ
Mon Jun 15 06:01:29 2026 DL1C l1ctl_sap.c:578 MS 0004: Tx L1CTL_RESET_CONF (reset_type: 1)
Mon Jun 15 06:01:29 2026 DL1C l1ctl_sap.c:578 MS 0004: Tx L1CTL_RESET_CONF (reset_type: 1)
Mon Jun 15 06:01:30 2026 DL1C l1ctl_sap.c:578 MS 0004: Tx L1CTL_RESET_CONF (reset_type: 1)
Mon Jun 15 06:01:30 2026 DL1C virt_prim_fbsb.c:57 MS 0004: Rx L1CTL_FBSB_REQ (arfcn=51, flags=0x7)
Mon Jun 15 06:01:30 2026 DL1C virt_prim_fbsb.c:126 MS 0004: Tx L1CTL_FBSB_CONF (res: 0)
Mon Jun 15 06:01:30 2026 DL1C l1ctl_sap.c:472 MS 0004: Rx L1CTL_CCCH_MODE_REQ (mode=2)
Mon Jun 15 06:01:30 2026 DL1C l1ctl_sap.c:600 MS 0004: Tx L1CTL_CCCH_MODE_CONF (mode: 2)
Mon Jun 15 06:01:31 2026 DL1C l1ctl_sap.c:578 MS 0004: Tx L1CTL_RESET_CONF (reset_type: 1)
Mon Jun 15 06:01:31 2026 DL1C virt_prim_fbsb.c:57 MS 0004: Rx L1CTL_FBSB_REQ (arfcn=51, flags=0x7)
Mon Jun 15 06:01:31 2026 DL1C virt_prim_fbsb.c:126 MS 0004: Tx L1CTL_FBSB_CONF (res: 0)
Mon Jun 15 06:01:31 2026 DL1C l1ctl_sap.c:526 MS 0004: Rx L1CTL_NEIGH_PM_REQ (list with 1 entries): IGNORED
Mon Jun 15 06:02:32 2026 DL1C l1ctl_sap.c:578 MS 0004: Tx L1CTL_RESET_CONF (reset_type: 1)
Mon Jun 15 06:02:32 2026 DL1C virt_prim_fbsb.c:57 MS 0004: Rx L1CTL_FBSB_REQ (arfcn=51, flags=0x7)
Mon Jun 15 06:02:32 2026 DL1C virt_prim_fbsb.c:126 MS 0004: Tx L1CTL_FBSB_CONF (res: 0)
Mon Jun 15 06:02:32 2026 DL1C l1ctl_sap.c:411 MS 0004: Rx L1CTL_PARAM_REQ (ta=0, tx_power=14)
Mon Jun 15 06:02:32 2026 DL1C virt_prim_rach.c:81 MS 0004: Rx L1CTL_RACH_REQ (ra=0x1a, offset=5 combined=1)
Mon Jun 15 06:02:32 2026 DL1C virt_prim_rach.c:124 MS 0004: Tx L1CTL_RACH_CONF (fn: 112370, arfcn: 51)
Mon Jun 15 06:02:32 2026 DL1C l1ctl_sap.c:411 MS 0004: Rx L1CTL_PARAM_REQ (ta=0, tx_power=14)
Mon Jun 15 06:02:32 2026 DL1C virt_prim_rach.c:81 MS 0004: Rx L1CTL_RACH_REQ (ra=0x1f, offset=122 combined=1)
Mon Jun 15 06:02:32 2026 DL1C l1ctl_sap.c:578 MS 0004: Tx L1CTL_RESET_CONF (reset_type: 2)
Mon Jun 15 06:02:32 2026 DL1C l1ctl_sap.c:411 MS 0004: Rx L1CTL_PARAM_REQ (ta=0, tx_power=14)
Mon Jun 15 06:02:34 2026 DL1C l1ctl_sap.c:379 MS 0004: Rx L1CTL_DM_REL_REQ
Mon Jun 15 06:02:34 2026 DL1C l1ctl_sap.c:578 MS 0004: Tx L1CTL_RESET_CONF (reset_type: 1)
Mon Jun 15 06:02:34 2026 DL1C l1ctl_sap.c:578 MS 0004: Tx L1CTL_RESET_CONF (reset_type: 1)
Mon Jun 15 06:02:35 2026 DL1C l1ctl_sap.c:578 MS 0004: Tx L1CTL_RESET_CONF (reset_type: 1)
Mon Jun 15 06:02:35 2026 DL1C virt_prim_fbsb.c:57 MS 0004: Rx L1CTL_FBSB_REQ (arfcn=51, flags=0x7)
Mon Jun 15 06:02:35 2026 DL1C virt_prim_fbsb.c:126 MS 0004: Tx L1CTL_FBSB_CONF (res: 0)
Mon Jun 15 06:02:35 2026 DL1C l1ctl_sap.c:472 MS 0004: Rx L1CTL_CCCH_MODE_REQ (mode=2)
Mon Jun 15 06:02:35 2026 DL1C l1ctl_sap.c:600 MS 0004: Tx L1CTL_CCCH_MODE_CONF (mode: 2)
Mon Jun 15 06:02:37 2026 DL1C l1ctl_sap.c:578 MS 0004: Tx L1CTL_RESET_CONF (reset_type: 1)
Mon Jun 15 06:02:37 2026 DL1C virt_prim_fbsb.c:57 MS 0004: Rx L1CTL_FBSB_REQ (arfcn=51, flags=0x7)
Mon Jun 15 06:02:37 2026 DL1C virt_prim_fbsb.c:126 MS 0004: Tx L1CTL_FBSB_CONF (res: 0)
Mon Jun 15 06:02:37 2026 DL1C l1ctl_sap.c:526 MS 0004: Rx L1CTL_NEIGH_PM_REQ (list with 1 entries): IGNORED
Mon Jun 15 06:02:49 2026 DL1C l1ctl_sap.c:578 MS 0004: Tx L1CTL_RESET_CONF (reset_type: 1)
Mon Jun 15 06:02:49 2026 DL1C virt_prim_fbsb.c:57 MS 0004: Rx L1CTL_FBSB_REQ (arfcn=51, flags=0x7)
Mon Jun 15 06:02:49 2026 DL1C virt_prim_fbsb.c:126 MS 0004: Tx L1CTL_FBSB_CONF (res: 0)
Mon Jun 15 06:02:49 2026 DL1C l1ctl_sap.c:411 MS 0004: Rx L1CTL_PARAM_REQ (ta=0, tx_power=14)
Mon Jun 15 06:02:49 2026 DL1C virt_prim_rach.c:81 MS 0004: Rx L1CTL_RACH_REQ (ra=0x14, offset=6 combined=1)
Mon Jun 15 06:02:49 2026 DL1C virt_prim_rach.c:124 MS 0004: Tx L1CTL_RACH_CONF (fn: 116147, arfcn: 51)
Mon Jun 15 06:02:49 2026 DL1C l1ctl_sap.c:411 MS 0004: Rx L1CTL_PARAM_REQ (ta=0, tx_power=14)
Mon Jun 15 06:02:49 2026 DL1C virt_prim_rach.c:81 MS 0004: Rx L1CTL_RACH_REQ (ra=0x1c, offset=124 combined=1)
Mon Jun 15 06:02:50 2026 DL1C l1ctl_sap.c:578 MS 0004: Tx L1CTL_RESET_CONF (reset_type: 2)
Mon Jun 15 06:02:50 2026 DL1C l1ctl_sap.c:411 MS 0004: Rx L1CTL_PARAM_REQ (ta=0, tx_power=14)
Mon Jun 15 06:03:31 2026 DL1C l1ctl_sap.c:379 MS 0004: Rx L1CTL_DM_REL_REQ
Mon Jun 15 06:03:31 2026 DL1C l1ctl_sap.c:578 MS 0004: Tx L1CTL_RESET_CONF (reset_type: 1)
Mon Jun 15 06:03:31 2026 DL1C l1ctl_sap.c:578 MS 0004: Tx L1CTL_RESET_CONF (reset_type: 1)
Mon Jun 15 06:03:31 2026 DL1C l1ctl_sap.c:578 MS 0004: Tx L1CTL_RESET_CONF (reset_type: 1)
Mon Jun 15 06:03:31 2026 DL1C virt_prim_fbsb.c:57 MS 0004: Rx L1CTL_FBSB_REQ (arfcn=51, flags=0x7)
Mon Jun 15 06:03:31 2026 DL1C virt_prim_fbsb.c:126 MS 0004: Tx L1CTL_FBSB_CONF (res: 0)
Mon Jun 15 06:03:32 2026 DL1C l1ctl_sap.c:472 MS 0004: Rx L1CTL_CCCH_MODE_REQ (mode=2)
Mon Jun 15 06:03:32 2026 DL1C l1ctl_sap.c:600 MS 0004: Tx L1CTL_CCCH_MODE_CONF (mode: 2)
Mon Jun 15 06:03:32 2026 DL1C l1ctl_sap.c:578 MS 0004: Tx L1CTL_RESET_CONF (reset_type: 1)
Mon Jun 15 06:03:32 2026 DL1C virt_prim_fbsb.c:57 MS 0004: Rx L1CTL_FBSB_REQ (arfcn=51, flags=0x7)
Mon Jun 15 06:03:32 2026 DL1C virt_prim_fbsb.c:126 MS 0004: Tx L1CTL_FBSB_CONF (res: 0)
Mon Jun 15 06:03:32 2026 DL1C l1ctl_sap.c:526 MS 0004: Rx L1CTL_NEIGH_PM_REQ (list with 1 entries): IGNORED
Mon Jun 15 06:05:06 2026 DL1C l1ctl_sap.c:578 MS 0004: Tx L1CTL_RESET_CONF (reset_type: 1)
Mon Jun 15 06:05:06 2026 DL1C virt_prim_fbsb.c:57 MS 0004: Rx L1CTL_FBSB_REQ (arfcn=51, flags=0x7)
Mon Jun 15 06:05:06 2026 DL1C virt_prim_fbsb.c:126 MS 0004: Tx L1CTL_FBSB_CONF (res: 0)
Mon Jun 15 06:05:06 2026 DL1C l1ctl_sap.c:411 MS 0004: Rx L1CTL_PARAM_REQ (ta=0, tx_power=14)
Mon Jun 15 06:05:06 2026 DL1C virt_prim_rach.c:81 MS 0004: Rx L1CTL_RACH_REQ (ra=0x15, offset=6 combined=1)
Mon Jun 15 06:05:06 2026 DL1C virt_prim_rach.c:124 MS 0004: Tx L1CTL_RACH_CONF (fn: 145778, arfcn: 51)
Mon Jun 15 06:05:06 2026 DL1C l1ctl_sap.c:411 MS 0004: Rx L1CTL_PARAM_REQ (ta=0, tx_power=14)
Mon Jun 15 06:05:06 2026 DL1C virt_prim_rach.c:81 MS 0004: Rx L1CTL_RACH_REQ (ra=0x1c, offset=119 combined=1)
Mon Jun 15 06:05:06 2026 DL1C l1ctl_sap.c:578 MS 0004: Tx L1CTL_RESET_CONF (reset_type: 2)
Mon Jun 15 06:05:06 2026 DL1C l1ctl_sap.c:411 MS 0004: Rx L1CTL_PARAM_REQ (ta=0, tx_power=14)
Mon Jun 15 06:05:08 2026 DL1C l1ctl_sap.c:379 MS 0004: Rx L1CTL_DM_REL_REQ
Mon Jun 15 06:05:08 2026 DL1C l1ctl_sap.c:578 MS 0004: Tx L1CTL_RESET_CONF (reset_type: 1)
Mon Jun 15 06:05:08 2026 DL1C l1ctl_sap.c:578 MS 0004: Tx L1CTL_RESET_CONF (reset_type: 1)
Mon Jun 15 06:05:09 2026 DL1C l1ctl_sap.c:578 MS 0004: Tx L1CTL_RESET_CONF (reset_type: 1)
Mon Jun 15 06:05:09 2026 DL1C virt_prim_fbsb.c:57 MS 0004: Rx L1CTL_FBSB_REQ (arfcn=51, flags=0x7)
Mon Jun 15 06:05:09 2026 DL1C virt_prim_fbsb.c:126 MS 0004: Tx L1CTL_FBSB_CONF (res: 0)
Mon Jun 15 06:05:09 2026 DL1C l1ctl_sap.c:472 MS 0004: Rx L1CTL_CCCH_MODE_REQ (mode=2)
Mon Jun 15 06:05:09 2026 DL1C l1ctl_sap.c:600 MS 0004: Tx L1CTL_CCCH_MODE_CONF (mode: 2)
Mon Jun 15 06:05:10 2026 DL1C l1ctl_sap.c:578 MS 0004: Tx L1CTL_RESET_CONF (reset_type: 1)
Mon Jun 15 06:05:10 2026 DL1C virt_prim_fbsb.c:57 MS 0004: Rx L1CTL_FBSB_REQ (arfcn=51, flags=0x7)
Mon Jun 15 06:05:10 2026 DL1C virt_prim_fbsb.c:126 MS 0004: Tx L1CTL_FBSB_CONF (res: 0)
Mon Jun 15 06:05:10 2026 DL1C l1ctl_sap.c:526 MS 0004: Rx L1CTL_NEIGH_PM_REQ (list with 1 entries): IGNORED
Mon Jun 15 06:05:22 2026 DL1C l1ctl_sap.c:578 MS 0004: Tx L1CTL_RESET_CONF (reset_type: 1)
Mon Jun 15 06:05:22 2026 DL1C virt_prim_fbsb.c:57 MS 0004: Rx L1CTL_FBSB_REQ (arfcn=51, flags=0x7)
Mon Jun 15 06:05:22 2026 DL1C virt_prim_fbsb.c:126 MS 0004: Tx L1CTL_FBSB_CONF (res: 0)
Mon Jun 15 06:05:22 2026 DL1C l1ctl_sap.c:411 MS 0004: Rx L1CTL_PARAM_REQ (ta=0, tx_power=14)
Mon Jun 15 06:05:22 2026 DL1C virt_prim_rach.c:81 MS 0004: Rx L1CTL_RACH_REQ (ra=0xf3, offset=0 combined=1)
Mon Jun 15 06:05:23 2026 DL1C virt_prim_rach.c:124 MS 0004: Tx L1CTL_RACH_CONF (fn: 149342, arfcn: 51)
Mon Jun 15 06:05:23 2026 DL1C l1ctl_sap.c:411 MS 0004: Rx L1CTL_PARAM_REQ (ta=0, tx_power=14)
Mon Jun 15 06:05:23 2026 DL1C virt_prim_rach.c:81 MS 0004: Rx L1CTL_RACH_REQ (ra=0xe5, offset=116 combined=1)
Mon Jun 15 06:05:23 2026 DL1C l1ctl_sap.c:578 MS 0004: Tx L1CTL_RESET_CONF (reset_type: 2)
Mon Jun 15 06:05:23 2026 DL1C l1ctl_sap.c:411 MS 0004: Rx L1CTL_PARAM_REQ (ta=0, tx_power=14)
Mon Jun 15 06:05:24 2026 DL1C l1ctl_sap.c:379 MS 0004: Rx L1CTL_DM_REL_REQ
Mon Jun 15 06:05:24 2026 DL1C l1ctl_sap.c:578 MS 0004: Tx L1CTL_RESET_CONF (reset_type: 2)
Mon Jun 15 06:05:24 2026 DL1C l1ctl_sap.c:411 MS 0004: Rx L1CTL_PARAM_REQ (ta=0, tx_power=14)
Mon Jun 15 06:05:24 2026 DL1C l1ctl_sap.c:500 MS 0004: Rx L1CTL_TCH_MODE_REQ (tch_mode=0x01 audio_mode=0x00)
Mon Jun 15 06:05:24 2026 DL1C l1ctl_sap.c:623 MS 0004: Tx L1CTL_TCH_MODE_CONF (tch_mode: 1, audio_mode: 0)
Mon Jun 15 06:05:30 2026 DL1C l1ctl_sap.c:379 MS 0004: Rx L1CTL_DM_REL_REQ
Mon Jun 15 06:05:30 2026 DL1C l1ctl_sap.c:578 MS 0004: Tx L1CTL_RESET_CONF (reset_type: 1)
Mon Jun 15 06:05:30 2026 DL1C l1ctl_sap.c:578 MS 0004: Tx L1CTL_RESET_CONF (reset_type: 1)
Mon Jun 15 06:05:30 2026 DL1C l1ctl_sap.c:578 MS 0004: Tx L1CTL_RESET_CONF (reset_type: 1)
Mon Jun 15 06:05:30 2026 DL1C virt_prim_fbsb.c:57 MS 0004: Rx L1CTL_FBSB_REQ (arfcn=51, flags=0x7)
Mon Jun 15 06:05:30 2026 DL1C virt_prim_fbsb.c:126 MS 0004: Tx L1CTL_FBSB_CONF (res: 0)
Mon Jun 15 06:05:31 2026 DL1C l1ctl_sap.c:472 MS 0004: Rx L1CTL_CCCH_MODE_REQ (mode=2)
Mon Jun 15 06:05:31 2026 DL1C l1ctl_sap.c:600 MS 0004: Tx L1CTL_CCCH_MODE_CONF (mode: 2)
Mon Jun 15 06:05:32 2026 DL1C l1ctl_sap.c:578 MS 0004: Tx L1CTL_RESET_CONF (reset_type: 1)
Mon Jun 15 06:05:32 2026 DL1C virt_prim_fbsb.c:57 MS 0004: Rx L1CTL_FBSB_REQ (arfcn=51, flags=0x7)
Mon Jun 15 06:05:32 2026 DL1C virt_prim_fbsb.c:126 MS 0004: Tx L1CTL_FBSB_CONF (res: 0)
Mon Jun 15 06:05:32 2026 DL1C l1ctl_sap.c:526 MS 0004: Rx L1CTL_NEIGH_PM_REQ (list with 1 entries): IGNORED
Mon Jun 15 06:05:45 2026 DL1C l1ctl_sap.c:578 MS 0004: Tx L1CTL_RESET_CONF (reset_type: 1)
Mon Jun 15 06:05:45 2026 DL1C virt_prim_fbsb.c:57 MS 0004: Rx L1CTL_FBSB_REQ (arfcn=51, flags=0x7)
Mon Jun 15 06:05:45 2026 DL1C virt_prim_fbsb.c:126 MS 0004: Tx L1CTL_FBSB_CONF (res: 0)
Mon Jun 15 06:05:45 2026 DL1C l1ctl_sap.c:411 MS 0004: Rx L1CTL_PARAM_REQ (ta=0, tx_power=14)
Mon Jun 15 06:05:45 2026 DL1C virt_prim_rach.c:81 MS 0004: Rx L1CTL_RACH_REQ (ra=0x15, offset=1 combined=1)
Mon Jun 15 06:05:45 2026 DL1C virt_prim_rach.c:124 MS 0004: Tx L1CTL_RACH_CONF (fn: 154188, arfcn: 51)
Mon Jun 15 06:05:45 2026 DL1C l1ctl_sap.c:411 MS 0004: Rx L1CTL_PARAM_REQ (ta=0, tx_power=14)
Mon Jun 15 06:05:45 2026 DL1C virt_prim_rach.c:81 MS 0004: Rx L1CTL_RACH_REQ (ra=0x11, offset=115 combined=1)
Mon Jun 15 06:05:45 2026 DL1C l1ctl_sap.c:578 MS 0004: Tx L1CTL_RESET_CONF (reset_type: 2)
Mon Jun 15 06:05:45 2026 DL1C l1ctl_sap.c:411 MS 0004: Rx L1CTL_PARAM_REQ (ta=0, tx_power=14)
Mon Jun 15 06:05:49 2026 DL1C l1ctl_sap.c:379 MS 0004: Rx L1CTL_DM_REL_REQ
Mon Jun 15 06:05:49 2026 DL1C l1ctl_sap.c:578 MS 0004: Tx L1CTL_RESET_CONF (reset_type: 1)
Mon Jun 15 06:05:49 2026 DL1C l1ctl_sap.c:578 MS 0004: Tx L1CTL_RESET_CONF (reset_type: 1)
Mon Jun 15 06:05:49 2026 DL1C l1ctl_sap.c:578 MS 0004: Tx L1CTL_RESET_CONF (reset_type: 1)
Mon Jun 15 06:05:49 2026 DL1C virt_prim_fbsb.c:57 MS 0004: Rx L1CTL_FBSB_REQ (arfcn=51, flags=0x7)
Mon Jun 15 06:05:49 2026 DL1C virt_prim_fbsb.c:126 MS 0004: Tx L1CTL_FBSB_CONF (res: 0)
Mon Jun 15 06:05:50 2026 DL1C l1ctl_sap.c:472 MS 0004: Rx L1CTL_CCCH_MODE_REQ (mode=2)
Mon Jun 15 06:05:50 2026 DL1C l1ctl_sap.c:600 MS 0004: Tx L1CTL_CCCH_MODE_CONF (mode: 2)
Mon Jun 15 06:05:51 2026 DL1C l1ctl_sap.c:578 MS 0004: Tx L1CTL_RESET_CONF (reset_type: 1)
Mon Jun 15 06:05:51 2026 DL1C virt_prim_fbsb.c:57 MS 0004: Rx L1CTL_FBSB_REQ (arfcn=51, flags=0x7)
Mon Jun 15 06:05:51 2026 DL1C virt_prim_fbsb.c:126 MS 0004: Tx L1CTL_FBSB_CONF (res: 0)
Mon Jun 15 06:05:51 2026 DL1C l1ctl_sap.c:526 MS 0004: Rx L1CTL_NEIGH_PM_REQ (list with 1 entries): IGNORED
Mon Jun 15 06:06:04 2026 DL1C l1ctl_sap.c:578 MS 0004: Tx L1CTL_RESET_CONF (reset_type: 1)
Mon Jun 15 06:06:04 2026 DL1C virt_prim_fbsb.c:57 MS 0004: Rx L1CTL_FBSB_REQ (arfcn=51, flags=0x7)
Mon Jun 15 06:06:04 2026 DL1C virt_prim_fbsb.c:126 MS 0004: Tx L1CTL_FBSB_CONF (res: 0)
Mon Jun 15 06:06:04 2026 DL1C l1ctl_sap.c:411 MS 0004: Rx L1CTL_PARAM_REQ (ta=0, tx_power=14)
Mon Jun 15 06:06:04 2026 DL1C virt_prim_rach.c:81 MS 0004: Rx L1CTL_RACH_REQ (ra=0x1f, offset=3 combined=1)
Mon Jun 15 06:06:04 2026 DL1C virt_prim_rach.c:124 MS 0004: Tx L1CTL_RACH_CONF (fn: 158270, arfcn: 51)
Mon Jun 15 06:06:04 2026 DL1C l1ctl_sap.c:411 MS 0004: Rx L1CTL_PARAM_REQ (ta=0, tx_power=14)
Mon Jun 15 06:06:04 2026 DL1C virt_prim_rach.c:81 MS 0004: Rx L1CTL_RACH_REQ (ra=0x12, offset=124 combined=1)
Mon Jun 15 06:06:04 2026 DL1C l1ctl_sap.c:578 MS 0004: Tx L1CTL_RESET_CONF (reset_type: 2)
Mon Jun 15 06:06:04 2026 DL1C l1ctl_sap.c:411 MS 0004: Rx L1CTL_PARAM_REQ (ta=0, tx_power=14)
Mon Jun 15 06:06:09 2026 DL1C l1ctl_sap.c:379 MS 0004: Rx L1CTL_DM_REL_REQ
Mon Jun 15 06:06:09 2026 DL1C l1ctl_sap.c:578 MS 0004: Tx L1CTL_RESET_CONF (reset_type: 1)
Mon Jun 15 06:06:09 2026 DL1C l1ctl_sap.c:578 MS 0004: Tx L1CTL_RESET_CONF (reset_type: 1)
Mon Jun 15 06:06:10 2026 DL1C l1ctl_sap.c:578 MS 0004: Tx L1CTL_RESET_CONF (reset_type: 1)
Mon Jun 15 06:06:10 2026 DL1C virt_prim_fbsb.c:57 MS 0004: Rx L1CTL_FBSB_REQ (arfcn=51, flags=0x7)
Mon Jun 15 06:06:10 2026 DL1C virt_prim_fbsb.c:126 MS 0004: Tx L1CTL_FBSB_CONF (res: 0)
Mon Jun 15 06:06:11 2026 DL1C l1ctl_sap.c:472 MS 0004: Rx L1CTL_CCCH_MODE_REQ (mode=2)
Mon Jun 15 06:06:11 2026 DL1C l1ctl_sap.c:600 MS 0004: Tx L1CTL_CCCH_MODE_CONF (mode: 2)
Mon Jun 15 06:06:11 2026 DL1C l1ctl_sap.c:578 MS 0004: Tx L1CTL_RESET_CONF (reset_type: 1)
Mon Jun 15 06:06:11 2026 DL1C virt_prim_fbsb.c:57 MS 0004: Rx L1CTL_FBSB_REQ (arfcn=51, flags=0x7)
Mon Jun 15 06:06:11 2026 DL1C virt_prim_fbsb.c:126 MS 0004: Tx L1CTL_FBSB_CONF (res: 0)
Mon Jun 15 06:06:11 2026 DL1C l1ctl_sap.c:526 MS 0004: Rx L1CTL_NEIGH_PM_REQ (list with 1 entries): IGNORED
