/usr/local/bin/virtphy.real: option requires an argument -- 'd'
Thu Jul  2 09:23:21 2026 DVIRPHY virtphy.c:248 Virtual physical layer starting up...
Thu Jul  2 09:23:21 2026 DVIRPHY virtphy.c:257 Virtual physical layer ready, waiting for l23 app(s) on /tmp/osmocom_l2
Thu Jul  2 09:23:28 2026 DMAIN virt_l1_model.c:42 MS 0000: allocated
Thu Jul  2 09:23:28 2026 DL1C l1ctl_sock.c:138 Accepted client (fd=6) from server (fd=5)
Thu Jul  2 09:23:28 2026 DL1C l1ctl_sap.c:625 MS 0000: Tx L1CTL_RESET_CONF (reset_type: 1)
Thu Jul  2 09:23:28 2026 DL1C l1ctl_sap.c:625 MS 0000: Tx L1CTL_RESET_CONF (reset_type: 1)
Thu Jul  2 09:23:28 2026 DL1C virt_prim_pm.c:94 MS 0000: Rx L1CTL_PM_REQ TYPE=1, FROM=51, TO=51 — scheduling PM_CONF in 300ms
Thu Jul  2 09:23:28 2026 DL1C virt_prim_pm.c:151 MS 0000: Tx L1CTL_PM_CONF (timer fired!)
Thu Jul  2 09:23:28 2026 DL1C l1ctl_sap.c:625 MS 0000: Tx L1CTL_RESET_CONF (reset_type: 1)
Thu Jul  2 09:23:28 2026 DL1C virt_prim_fbsb.c:57 MS 0000: Rx L1CTL_FBSB_REQ (arfcn=51, flags=0x7)
Thu Jul  2 09:23:33 2026 DL1C virt_prim_pm.c:57 MS 0000: Power measurement set for arfcn 51. Set signal level to -63 (== rxlev: 47).
Thu Jul  2 09:23:33 2026 DL1C virt_prim_fbsb.c:127 MS 0000: Tx L1CTL_FBSB_CONF (res: 0)
Thu Jul  2 09:23:33 2026 DL1C l1ctl_sap.c:519 MS 0000: Rx L1CTL_CCCH_MODE_REQ (mode=2)
Thu Jul  2 09:23:33 2026 DL1C l1ctl_sap.c:647 MS 0000: Tx L1CTL_CCCH_MODE_CONF (mode: 2)
Thu Jul  2 09:23:34 2026 DL1C l1ctl_sap.c:625 MS 0000: Tx L1CTL_RESET_CONF (reset_type: 1)
Thu Jul  2 09:23:34 2026 DL1C virt_prim_fbsb.c:57 MS 0000: Rx L1CTL_FBSB_REQ (arfcn=51, flags=0x7)
Thu Jul  2 09:23:34 2026 DL1C virt_prim_fbsb.c:127 MS 0000: Tx L1CTL_FBSB_CONF (res: 0)
Thu Jul  2 09:23:34 2026 DL1C l1ctl_sap.c:458 MS 0000: Rx L1CTL_PARAM_REQ (ta=0, tx_power=14)
Thu Jul  2 09:23:34 2026 DL1C virt_prim_rach.c:81 MS 0000: Rx L1CTL_RACH_REQ (ra=0x08, offset=8 combined=1)
Thu Jul  2 09:23:35 2026 DL1C virt_prim_rach.c:124 MS 0000: Tx L1CTL_RACH_CONF (fn: 430, arfcn: 51)
Thu Jul  2 09:23:35 2026 DL1C l1ctl_sap.c:458 MS 0000: Rx L1CTL_PARAM_REQ (ta=0, tx_power=14)
Thu Jul  2 09:23:35 2026 DL1C virt_prim_rach.c:81 MS 0000: Rx L1CTL_RACH_REQ (ra=0x0b, offset=118 combined=1)
Thu Jul  2 09:23:35 2026 DL1C l1ctl_sap.c:625 MS 0000: Tx L1CTL_RESET_CONF (reset_type: 2)
Thu Jul  2 09:23:35 2026 DL1C l1ctl_sap.c:458 MS 0000: Rx L1CTL_PARAM_REQ (ta=0, tx_power=14)
Thu Jul  2 09:23:35 2026 DL1C l1ctl_sap.c:313 MS 0000: Rx L1CTL_DM_EST_REQ (chan_nr=0x20 arfcn=51 tn=0 ss=0)
Thu Jul  2 09:23:35 2026 DVIRPHY gsmtapl1_if.c:220 MS 0000: DL-DIAG fwd=1 ded=0/0 dl=0/0 ct=0x07 st=3 l2=030301
Thu Jul  2 09:23:35 2026 DVIRPHY gsmtapl1_if.c:220 MS 0000: DL-DIAG fwd=1 ded=0/0 dl=0/0 ct=0x07 st=3 l2=017349
Thu Jul  2 09:23:35 2026 DVIRPHY gsmtapl1_if.c:220 MS 0000: DL-DIAG fwd=1 ded=0/0 dl=0/0 ct=0x87 st=3 l2=0e0003
Thu Jul  2 09:23:35 2026 DVIRPHY gsmtapl1_if.c:220 MS 0000: DL-DIAG fwd=1 ded=0/0 dl=0/0 ct=0x07 st=3 l2=030301
Thu Jul  2 09:23:35 2026 DVIRPHY gsmtapl1_if.c:220 MS 0000: DL-DIAG fwd=1 ded=0/0 dl=0/0 ct=0x07 st=3 l2=030301
Thu Jul  2 09:23:36 2026 DVIRPHY gsmtapl1_if.c:220 MS 0000: DL-DIAG fwd=1 ded=0/0 dl=0/0 ct=0x87 st=3 l2=0e0003
Thu Jul  2 09:23:36 2026 DVIRPHY gsmtapl1_if.c:220 MS 0000: DL-DIAG fwd=1 ded=0/0 dl=0/0 ct=0x07 st=3 l2=030301
Thu Jul  2 09:23:36 2026 DVIRPHY gsmtapl1_if.c:220 MS 0000: DL-DIAG fwd=1 ded=0/0 dl=0/0 ct=0x07 st=3 l2=030301
Thu Jul  2 09:23:36 2026 DVIRPHY gsmtapl1_if.c:220 MS 0000: DL-DIAG fwd=1 ded=0/0 dl=0/0 ct=0x87 st=3 l2=0e0003
Thu Jul  2 09:23:36 2026 DVIRPHY gsmtapl1_if.c:220 MS 0000: DL-DIAG fwd=1 ded=0/0 dl=0/0 ct=0x07 st=3 l2=030301
Thu Jul  2 09:23:36 2026 DVIRPHY gsmtapl1_if.c:220 MS 0000: DL-DIAG fwd=1 ded=0/0 dl=0/0 ct=0x07 st=3 l2=030301
Thu Jul  2 09:23:36 2026 DVIRPHY gsmtapl1_if.c:220 MS 0000: DL-DIAG fwd=1 ded=0/0 dl=0/0 ct=0x87 st=3 l2=0e0003
Thu Jul  2 09:23:37 2026 DVIRPHY gsmtapl1_if.c:220 MS 0000: DL-DIAG fwd=1 ded=0/0 dl=0/0 ct=0x07 st=3 l2=030301
Thu Jul  2 09:23:37 2026 DVIRPHY gsmtapl1_if.c:220 MS 0000: DL-DIAG fwd=1 ded=0/0 dl=0/0 ct=0x07 st=3 l2=030301
Thu Jul  2 09:23:37 2026 DVIRPHY gsmtapl1_if.c:220 MS 0000: DL-DIAG fwd=1 ded=0/0 dl=0/0 ct=0x87 st=3 l2=0e0003
Thu Jul  2 09:23:37 2026 DVIRPHY gsmtapl1_if.c:220 MS 0000: DL-DIAG fwd=1 ded=0/0 dl=0/0 ct=0x07 st=3 l2=030301
Thu Jul  2 09:23:37 2026 DVIRPHY gsmtapl1_if.c:220 MS 0000: DL-DIAG fwd=1 ded=0/0 dl=0/0 ct=0x07 st=3 l2=030301
Thu Jul  2 09:23:37 2026 DVIRPHY gsmtapl1_if.c:220 MS 0000: DL-DIAG fwd=1 ded=0/0 dl=0/0 ct=0x87 st=3 l2=0e0003
Thu Jul  2 09:23:38 2026 DVIRPHY gsmtapl1_if.c:220 MS 0000: DL-DIAG fwd=1 ded=0/0 dl=0/0 ct=0x07 st=3 l2=030301
Thu Jul  2 09:23:38 2026 DVIRPHY gsmtapl1_if.c:220 MS 0000: DL-DIAG fwd=1 ded=0/0 dl=0/0 ct=0x07 st=3 l2=030301
Thu Jul  2 09:23:38 2026 DVIRPHY gsmtapl1_if.c:220 MS 0000: DL-DIAG fwd=1 ded=0/0 dl=0/0 ct=0x87 st=3 l2=0e0003
Thu Jul  2 09:23:38 2026 DVIRPHY gsmtapl1_if.c:220 MS 0000: DL-DIAG fwd=1 ded=0/0 dl=0/0 ct=0x07 st=3 l2=030301
Thu Jul  2 09:23:38 2026 DVIRPHY gsmtapl1_if.c:220 MS 0000: DL-DIAG fwd=1 ded=0/0 dl=0/0 ct=0x07 st=3 l2=030301
Thu Jul  2 09:23:38 2026 DVIRPHY gsmtapl1_if.c:220 MS 0000: DL-DIAG fwd=1 ded=0/0 dl=0/0 ct=0x87 st=3 l2=0e0003
Thu Jul  2 09:23:38 2026 DVIRPHY gsmtapl1_if.c:220 MS 0000: DL-DIAG fwd=1 ded=0/0 dl=0/0 ct=0x07 st=3 l2=030301
Thu Jul  2 09:23:39 2026 DVIRPHY gsmtapl1_if.c:220 MS 0000: DL-DIAG fwd=1 ded=0/0 dl=0/0 ct=0x07 st=3 l2=030301
Thu Jul  2 09:23:39 2026 DVIRPHY gsmtapl1_if.c:220 MS 0000: DL-DIAG fwd=1 ded=0/0 dl=0/0 ct=0x87 st=3 l2=0e0003
Thu Jul  2 09:23:39 2026 DVIRPHY gsmtapl1_if.c:220 MS 0000: DL-DIAG fwd=1 ded=0/0 dl=0/0 ct=0x07 st=3 l2=030301
Thu Jul  2 09:23:39 2026 DVIRPHY gsmtapl1_if.c:220 MS 0000: DL-DIAG fwd=1 ded=0/0 dl=0/0 ct=0x07 st=3 l2=030301
Thu Jul  2 09:23:39 2026 DVIRPHY gsmtapl1_if.c:220 MS 0000: DL-DIAG fwd=1 ded=0/0 dl=0/0 ct=0x87 st=3 l2=0e0003
Thu Jul  2 09:23:39 2026 DVIRPHY gsmtapl1_if.c:220 MS 0000: DL-DIAG fwd=1 ded=0/0 dl=0/0 ct=0x07 st=3 l2=030301
Thu Jul  2 09:23:40 2026 DVIRPHY gsmtapl1_if.c:220 MS 0000: DL-DIAG fwd=1 ded=0/0 dl=0/0 ct=0x07 st=3 l2=030301
Thu Jul  2 09:23:40 2026 DVIRPHY gsmtapl1_if.c:220 MS 0000: DL-DIAG fwd=1 ded=0/0 dl=0/0 ct=0x87 st=3 l2=0e0003
Thu Jul  2 09:23:40 2026 DVIRPHY gsmtapl1_if.c:220 MS 0000: DL-DIAG fwd=1 ded=0/0 dl=0/0 ct=0x07 st=3 l2=030301
Thu Jul  2 09:23:40 2026 DVIRPHY gsmtapl1_if.c:220 MS 0000: DL-DIAG fwd=1 ded=0/0 dl=0/0 ct=0x07 st=3 l2=030301
Thu Jul  2 09:23:40 2026 DVIRPHY gsmtapl1_if.c:220 MS 0000: DL-DIAG fwd=1 ded=0/0 dl=0/0 ct=0x87 st=3 l2=0e0003
Thu Jul  2 09:23:40 2026 DVIRPHY gsmtapl1_if.c:220 MS 0000: DL-DIAG fwd=1 ded=0/0 dl=0/0 ct=0x07 st=3 l2=030301
Thu Jul  2 09:23:41 2026 DVIRPHY gsmtapl1_if.c:220 MS 0000: DL-DIAG fwd=1 ded=0/0 dl=0/0 ct=0x07 st=3 l2=030301
Thu Jul  2 09:23:41 2026 DVIRPHY gsmtapl1_if.c:220 MS 0000: DL-DIAG fwd=1 ded=0/0 dl=0/0 ct=0x87 st=3 l2=0e0003
Thu Jul  2 09:23:41 2026 DVIRPHY gsmtapl1_if.c:220 MS 0000: DL-DIAG fwd=1 ded=0/0 dl=0/0 ct=0x07 st=3 l2=030301
Thu Jul  2 09:23:41 2026 DVIRPHY gsmtapl1_if.c:220 MS 0000: DL-DIAG fwd=1 ded=0/0 dl=0/0 ct=0x07 st=3 l2=030301
Thu Jul  2 09:23:41 2026 DVIRPHY gsmtapl1_if.c:220 MS 0000: DL-DIAG fwd=1 ded=0/0 dl=0/0 ct=0x87 st=3 l2=0e0003
Thu Jul  2 09:23:41 2026 DVIRPHY gsmtapl1_if.c:220 MS 0000: DL-DIAG fwd=1 ded=0/0 dl=0/0 ct=0x07 st=3 l2=030301
Thu Jul  2 09:23:42 2026 DVIRPHY gsmtapl1_if.c:220 MS 0000: DL-DIAG fwd=1 ded=0/0 dl=0/0 ct=0x07 st=3 l2=030301
Thu Jul  2 09:23:42 2026 DVIRPHY gsmtapl1_if.c:220 MS 0000: DL-DIAG fwd=1 ded=0/0 dl=0/0 ct=0x87 st=3 l2=0e0003
Thu Jul  2 09:23:42 2026 DVIRPHY gsmtapl1_if.c:220 MS 0000: DL-DIAG fwd=1 ded=0/0 dl=0/0 ct=0x07 st=3 l2=030301
Thu Jul  2 09:23:42 2026 DVIRPHY gsmtapl1_if.c:220 MS 0000: DL-DIAG fwd=1 ded=0/0 dl=0/0 ct=0x07 st=3 l2=030301
Thu Jul  2 09:23:42 2026 DVIRPHY gsmtapl1_if.c:220 MS 0000: DL-DIAG fwd=1 ded=0/0 dl=0/0 ct=0x87 st=3 l2=0e0003
Thu Jul  2 09:23:42 2026 DVIRPHY gsmtapl1_if.c:220 MS 0000: DL-DIAG fwd=1 ded=0/0 dl=0/0 ct=0x07 st=3 l2=030301
Thu Jul  2 09:23:42 2026 DVIRPHY gsmtapl1_if.c:220 MS 0000: DL-DIAG fwd=1 ded=0/0 dl=0/0 ct=0x07 st=3 l2=030301
Thu Jul  2 09:23:43 2026 DVIRPHY gsmtapl1_if.c:220 MS 0000: DL-DIAG fwd=1 ded=0/0 dl=0/0 ct=0x87 st=3 l2=0e0003
Thu Jul  2 09:23:43 2026 DVIRPHY gsmtapl1_if.c:220 MS 0000: DL-DIAG fwd=1 ded=0/0 dl=0/0 ct=0x07 st=3 l2=030301
Thu Jul  2 09:23:43 2026 DVIRPHY gsmtapl1_if.c:220 MS 0000: DL-DIAG fwd=1 ded=0/0 dl=0/0 ct=0x07 st=3 l2=030301
Thu Jul  2 09:23:43 2026 DVIRPHY gsmtapl1_if.c:220 MS 0000: DL-DIAG fwd=1 ded=0/0 dl=0/0 ct=0x87 st=3 l2=0e0003
Thu Jul  2 09:23:43 2026 DVIRPHY gsmtapl1_if.c:220 MS 0000: DL-DIAG fwd=1 ded=0/0 dl=0/0 ct=0x07 st=3 l2=030301
Thu Jul  2 09:23:43 2026 DVIRPHY gsmtapl1_if.c:220 MS 0000: DL-DIAG fwd=1 ded=0/0 dl=0/0 ct=0x07 st=3 l2=030301
Thu Jul  2 09:23:44 2026 DVIRPHY gsmtapl1_if.c:220 MS 0000: DL-DIAG fwd=1 ded=0/0 dl=0/0 ct=0x87 st=3 l2=0e0003
Thu Jul  2 09:23:44 2026 DVIRPHY gsmtapl1_if.c:220 MS 0000: DL-DIAG fwd=1 ded=0/0 dl=0/0 ct=0x07 st=3 l2=030301
Thu Jul  2 09:23:44 2026 DVIRPHY gsmtapl1_if.c:220 MS 0000: DL-DIAG fwd=1 ded=0/0 dl=0/0 ct=0x07 st=3 l2=030301
Thu Jul  2 09:23:44 2026 DVIRPHY gsmtapl1_if.c:220 MS 0000: DL-DIAG fwd=1 ded=0/0 dl=0/0 ct=0x87 st=3 l2=0e0003
Thu Jul  2 09:23:44 2026 DVIRPHY gsmtapl1_if.c:220 MS 0000: DL-DIAG fwd=1 ded=0/0 dl=0/0 ct=0x07 st=3 l2=030301
Thu Jul  2 09:23:44 2026 DVIRPHY gsmtapl1_if.c:220 MS 0000: DL-DIAG fwd=1 ded=0/0 dl=0/0 ct=0x07 st=3 l2=030301
Thu Jul  2 09:23:44 2026 DVIRPHY gsmtapl1_if.c:220 MS 0000: DL-DIAG fwd=1 ded=0/0 dl=0/0 ct=0x87 st=3 l2=0e0003
Thu Jul  2 09:23:45 2026 DVIRPHY gsmtapl1_if.c:220 MS 0000: DL-DIAG fwd=1 ded=0/0 dl=0/0 ct=0x07 st=3 l2=030301
Thu Jul  2 09:23:45 2026 DVIRPHY gsmtapl1_if.c:220 MS 0000: DL-DIAG fwd=1 ded=0/0 dl=0/0 ct=0x07 st=3 l2=030301
Thu Jul  2 09:23:45 2026 DVIRPHY gsmtapl1_if.c:220 MS 0000: DL-DIAG fwd=1 ded=0/0 dl=0/0 ct=0x87 st=3 l2=0e0003
Thu Jul  2 09:23:45 2026 DVIRPHY gsmtapl1_if.c:220 MS 0000: DL-DIAG fwd=1 ded=0/0 dl=0/0 ct=0x07 st=3 l2=030301
Thu Jul  2 09:23:45 2026 DVIRPHY gsmtapl1_if.c:220 MS 0000: DL-DIAG fwd=1 ded=0/0 dl=0/0 ct=0x07 st=3 l2=030301
Thu Jul  2 09:23:45 2026 DVIRPHY gsmtapl1_if.c:220 MS 0000: DL-DIAG fwd=1 ded=0/0 dl=0/0 ct=0x87 st=3 l2=0e0003
Thu Jul  2 09:23:46 2026 DVIRPHY gsmtapl1_if.c:220 MS 0000: DL-DIAG fwd=1 ded=0/0 dl=0/0 ct=0x07 st=3 l2=030301
Thu Jul  2 09:23:46 2026 DVIRPHY gsmtapl1_if.c:220 MS 0000: DL-DIAG fwd=1 ded=0/0 dl=0/0 ct=0x07 st=3 l2=030301
Thu Jul  2 09:23:46 2026 DVIRPHY gsmtapl1_if.c:220 MS 0000: DL-DIAG fwd=1 ded=0/0 dl=0/0 ct=0x87 st=3 l2=0e0003
Thu Jul  2 09:23:46 2026 DVIRPHY gsmtapl1_if.c:220 MS 0000: DL-DIAG fwd=1 ded=0/0 dl=0/0 ct=0x07 st=3 l2=030301
Thu Jul  2 09:23:46 2026 DVIRPHY gsmtapl1_if.c:220 MS 0000: DL-DIAG fwd=1 ded=0/0 dl=0/0 ct=0x07 st=3 l2=030301
Thu Jul  2 09:23:46 2026 DVIRPHY gsmtapl1_if.c:220 MS 0000: DL-DIAG fwd=1 ded=0/0 dl=0/0 ct=0x87 st=3 l2=0e0003
Thu Jul  2 09:23:46 2026 DVIRPHY gsmtapl1_if.c:220 MS 0000: DL-DIAG fwd=1 ded=0/0 dl=0/0 ct=0x07 st=3 l2=030301
Thu Jul  2 09:23:47 2026 DVIRPHY gsmtapl1_if.c:220 MS 0000: DL-DIAG fwd=1 ded=0/0 dl=0/0 ct=0x07 st=3 l2=030301
Thu Jul  2 09:23:47 2026 DVIRPHY gsmtapl1_if.c:220 MS 0000: DL-DIAG fwd=1 ded=0/0 dl=0/0 ct=0x87 st=3 l2=0e0003
Thu Jul  2 09:23:47 2026 DVIRPHY gsmtapl1_if.c:220 MS 0000: DL-DIAG fwd=1 ded=0/0 dl=0/0 ct=0x07 st=3 l2=030301
Thu Jul  2 09:23:47 2026 DVIRPHY gsmtapl1_if.c:220 MS 0000: DL-DIAG fwd=1 ded=0/0 dl=0/0 ct=0x07 st=3 l2=030301
Thu Jul  2 09:23:47 2026 DVIRPHY gsmtapl1_if.c:220 MS 0000: DL-DIAG fwd=1 ded=0/0 dl=0/0 ct=0x87 st=3 l2=0e0003
Thu Jul  2 09:23:47 2026 DVIRPHY gsmtapl1_if.c:220 MS 0000: DL-DIAG fwd=1 ded=0/0 dl=0/0 ct=0x07 st=3 l2=030301
Thu Jul  2 09:23:48 2026 DVIRPHY gsmtapl1_if.c:220 MS 0000: DL-DIAG fwd=1 ded=0/0 dl=0/0 ct=0x07 st=3 l2=030301
Thu Jul  2 09:23:48 2026 DVIRPHY gsmtapl1_if.c:220 MS 0000: DL-DIAG fwd=1 ded=0/0 dl=0/0 ct=0x87 st=3 l2=0e0003
Thu Jul  2 09:23:48 2026 DVIRPHY gsmtapl1_if.c:220 MS 0000: DL-DIAG fwd=1 ded=0/0 dl=0/0 ct=0x07 st=3 l2=030301
Thu Jul  2 09:23:48 2026 DVIRPHY gsmtapl1_if.c:220 MS 0000: DL-DIAG fwd=1 ded=0/0 dl=0/0 ct=0x07 st=3 l2=030301
Thu Jul  2 09:23:48 2026 DVIRPHY gsmtapl1_if.c:220 MS 0000: DL-DIAG fwd=1 ded=0/0 dl=0/0 ct=0x87 st=3 l2=0e0003
Thu Jul  2 09:23:48 2026 DVIRPHY gsmtapl1_if.c:220 MS 0000: DL-DIAG fwd=1 ded=0/0 dl=0/0 ct=0x07 st=3 l2=030301
Thu Jul  2 09:23:49 2026 DVIRPHY gsmtapl1_if.c:220 MS 0000: DL-DIAG fwd=1 ded=0/0 dl=0/0 ct=0x07 st=3 l2=030301
Thu Jul  2 09:23:49 2026 DVIRPHY gsmtapl1_if.c:220 MS 0000: DL-DIAG fwd=1 ded=0/0 dl=0/0 ct=0x87 st=3 l2=0e0003
Thu Jul  2 09:23:49 2026 DVIRPHY gsmtapl1_if.c:220 MS 0000: DL-DIAG fwd=1 ded=0/0 dl=0/0 ct=0x07 st=3 l2=030301
Thu Jul  2 09:23:49 2026 DVIRPHY gsmtapl1_if.c:220 MS 0000: DL-DIAG fwd=1 ded=0/0 dl=0/0 ct=0x07 st=3 l2=030301
Thu Jul  2 09:23:49 2026 DVIRPHY gsmtapl1_if.c:220 MS 0000: DL-DIAG fwd=1 ded=0/0 dl=0/0 ct=0x87 st=3 l2=0e0003
Thu Jul  2 09:23:49 2026 DVIRPHY gsmtapl1_if.c:220 MS 0000: DL-DIAG fwd=1 ded=0/0 dl=0/0 ct=0x07 st=3 l2=030301
Thu Jul  2 09:23:50 2026 DVIRPHY gsmtapl1_if.c:220 MS 0000: DL-DIAG fwd=1 ded=0/0 dl=0/0 ct=0x07 st=3 l2=030301
Thu Jul  2 09:23:50 2026 DVIRPHY gsmtapl1_if.c:220 MS 0000: DL-DIAG fwd=1 ded=0/0 dl=0/0 ct=0x87 st=3 l2=0e0003
Thu Jul  2 09:23:50 2026 DVIRPHY gsmtapl1_if.c:220 MS 0000: DL-DIAG fwd=1 ded=0/0 dl=0/0 ct=0x07 st=3 l2=030301
Thu Jul  2 09:23:50 2026 DVIRPHY gsmtapl1_if.c:220 MS 0000: DL-DIAG fwd=1 ded=0/0 dl=0/0 ct=0x07 st=3 l2=030301
Thu Jul  2 09:23:50 2026 DVIRPHY gsmtapl1_if.c:220 MS 0000: DL-DIAG fwd=1 ded=0/0 dl=0/0 ct=0x87 st=3 l2=0e0003
Thu Jul  2 09:23:50 2026 DVIRPHY gsmtapl1_if.c:220 MS 0000: DL-DIAG fwd=1 ded=0/0 dl=0/0 ct=0x07 st=3 l2=030301
Thu Jul  2 09:23:50 2026 DVIRPHY gsmtapl1_if.c:220 MS 0000: DL-DIAG fwd=1 ded=0/0 dl=0/0 ct=0x07 st=3 l2=030301
Thu Jul  2 09:23:51 2026 DVIRPHY gsmtapl1_if.c:220 MS 0000: DL-DIAG fwd=1 ded=0/0 dl=0/0 ct=0x87 st=3 l2=0e0003
Thu Jul  2 09:23:51 2026 DVIRPHY gsmtapl1_if.c:220 MS 0000: DL-DIAG fwd=1 ded=0/0 dl=0/0 ct=0x07 st=3 l2=030301
Thu Jul  2 09:23:51 2026 DVIRPHY gsmtapl1_if.c:220 MS 0000: DL-DIAG fwd=1 ded=0/0 dl=0/0 ct=0x07 st=3 l2=030301
Thu Jul  2 09:23:51 2026 DVIRPHY gsmtapl1_if.c:220 MS 0000: DL-DIAG fwd=1 ded=0/0 dl=0/0 ct=0x87 st=3 l2=0e0003
Thu Jul  2 09:23:51 2026 DVIRPHY gsmtapl1_if.c:220 MS 0000: DL-DIAG fwd=1 ded=0/0 dl=0/0 ct=0x07 st=3 l2=030301
Thu Jul  2 09:23:51 2026 DVIRPHY gsmtapl1_if.c:220 MS 0000: DL-DIAG fwd=1 ded=0/0 dl=0/0 ct=0x07 st=3 l2=030301
Thu Jul  2 09:23:52 2026 DVIRPHY gsmtapl1_if.c:220 MS 0000: DL-DIAG fwd=1 ded=0/0 dl=0/0 ct=0x87 st=3 l2=0e0003
Thu Jul  2 09:23:52 2026 DVIRPHY gsmtapl1_if.c:220 MS 0000: DL-DIAG fwd=1 ded=0/0 dl=0/0 ct=0x07 st=3 l2=030301
Thu Jul  2 09:23:52 2026 DVIRPHY gsmtapl1_if.c:220 MS 0000: DL-DIAG fwd=1 ded=0/0 dl=0/0 ct=0x07 st=3 l2=030301
Thu Jul  2 09:23:52 2026 DVIRPHY gsmtapl1_if.c:220 MS 0000: DL-DIAG fwd=1 ded=0/0 dl=0/0 ct=0x87 st=3 l2=0e0003
Thu Jul  2 09:23:52 2026 DVIRPHY gsmtapl1_if.c:220 MS 0000: DL-DIAG fwd=1 ded=0/0 dl=0/0 ct=0x07 st=3 l2=030301
Thu Jul  2 09:23:52 2026 DVIRPHY gsmtapl1_if.c:220 MS 0000: DL-DIAG fwd=1 ded=0/0 dl=0/0 ct=0x07 st=3 l2=030301
Thu Jul  2 09:23:52 2026 DVIRPHY gsmtapl1_if.c:220 MS 0000: DL-DIAG fwd=1 ded=0/0 dl=0/0 ct=0x87 st=3 l2=0e0003
Thu Jul  2 09:23:53 2026 DVIRPHY gsmtapl1_if.c:220 MS 0000: DL-DIAG fwd=1 ded=0/0 dl=0/0 ct=0x07 st=3 l2=030301
Thu Jul  2 09:23:53 2026 DVIRPHY gsmtapl1_if.c:220 MS 0000: DL-DIAG fwd=1 ded=0/0 dl=0/0 ct=0x07 st=3 l2=030301
Thu Jul  2 09:23:53 2026 DVIRPHY gsmtapl1_if.c:220 MS 0000: DL-DIAG fwd=1 ded=0/0 dl=0/0 ct=0x87 st=3 l2=0e0003
Thu Jul  2 09:23:53 2026 DVIRPHY gsmtapl1_if.c:220 MS 0000: DL-DIAG fwd=1 ded=0/0 dl=0/0 ct=0x07 st=3 l2=030301
Thu Jul  2 09:23:53 2026 DVIRPHY gsmtapl1_if.c:220 MS 0000: DL-DIAG fwd=1 ded=0/0 dl=0/0 ct=0x07 st=3 l2=030301
Thu Jul  2 09:23:53 2026 DVIRPHY gsmtapl1_if.c:220 MS 0000: DL-DIAG fwd=1 ded=0/0 dl=0/0 ct=0x87 st=3 l2=0e0003
Thu Jul  2 09:23:54 2026 DVIRPHY gsmtapl1_if.c:220 MS 0000: DL-DIAG fwd=1 ded=0/0 dl=0/0 ct=0x07 st=3 l2=030301
Thu Jul  2 09:23:54 2026 DVIRPHY gsmtapl1_if.c:220 MS 0000: DL-DIAG fwd=1 ded=0/0 dl=0/0 ct=0x07 st=3 l2=030301
Thu Jul  2 09:23:54 2026 DVIRPHY gsmtapl1_if.c:220 MS 0000: DL-DIAG fwd=1 ded=0/0 dl=0/0 ct=0x87 st=3 l2=0e0003
Thu Jul  2 09:23:54 2026 DVIRPHY gsmtapl1_if.c:220 MS 0000: DL-DIAG fwd=1 ded=0/0 dl=0/0 ct=0x07 st=3 l2=030301
Thu Jul  2 09:23:54 2026 DVIRPHY gsmtapl1_if.c:220 MS 0000: DL-DIAG fwd=1 ded=0/0 dl=0/0 ct=0x07 st=3 l2=030301
Thu Jul  2 09:23:54 2026 DVIRPHY gsmtapl1_if.c:220 MS 0000: DL-DIAG fwd=1 ded=0/0 dl=0/0 ct=0x87 st=3 l2=0e0003
Thu Jul  2 09:23:54 2026 DVIRPHY gsmtapl1_if.c:220 MS 0000: DL-DIAG fwd=1 ded=0/0 dl=0/0 ct=0x07 st=3 l2=030301
Thu Jul  2 09:23:55 2026 DVIRPHY gsmtapl1_if.c:220 MS 0000: DL-DIAG fwd=1 ded=0/0 dl=0/0 ct=0x07 st=3 l2=030301
Thu Jul  2 09:23:55 2026 DVIRPHY gsmtapl1_if.c:220 MS 0000: DL-DIAG fwd=1 ded=0/0 dl=0/0 ct=0x87 st=3 l2=0e0003
Thu Jul  2 09:23:55 2026 DVIRPHY gsmtapl1_if.c:220 MS 0000: DL-DIAG fwd=1 ded=0/0 dl=0/0 ct=0x07 st=3 l2=030301
Thu Jul  2 09:23:55 2026 DVIRPHY gsmtapl1_if.c:220 MS 0000: DL-DIAG fwd=1 ded=0/0 dl=0/0 ct=0x07 st=3 l2=017301
Thu Jul  2 09:23:55 2026 DL1C l1ctl_sap.c:426 MS 0000: Rx L1CTL_DM_REL_REQ
Thu Jul  2 09:23:55 2026 DL1C l1ctl_sap.c:625 MS 0000: Tx L1CTL_RESET_CONF (reset_type: 1)
Thu Jul  2 09:23:55 2026 DL1C l1ctl_sap.c:625 MS 0000: Tx L1CTL_RESET_CONF (reset_type: 1)
Thu Jul  2 09:23:55 2026 DL1C virt_prim_fbsb.c:57 MS 0000: Rx L1CTL_FBSB_REQ (arfcn=51, flags=0x7)
Thu Jul  2 09:23:55 2026 DL1C virt_prim_fbsb.c:127 MS 0000: Tx L1CTL_FBSB_CONF (res: 0)
Thu Jul  2 09:23:55 2026 DL1C l1ctl_sap.c:573 MS 0000: Rx L1CTL_NEIGH_PM_REQ (list with 1 entries): IGNORED
Thu Jul  2 09:23:55 2026 DVIRPHY gsmtapl1_if.c:220 MS 0000: DL-DIAG fwd=1 ded=0/0 dl=0/0 ct=0x07 st=2 l2=030301
Thu Jul  2 09:23:56 2026 DVIRPHY gsmtapl1_if.c:220 MS 0000: DL-DIAG fwd=1 ded=0/0 dl=0/0 ct=0x07 st=2 l2=030301
Thu Jul  2 09:23:56 2026 DVIRPHY gsmtapl1_if.c:220 MS 0000: DL-DIAG fwd=1 ded=0/0 dl=0/0 ct=0x07 st=2 l2=030301
Thu Jul  2 09:23:56 2026 DVIRPHY gsmtapl1_if.c:220 MS 0000: DL-DIAG fwd=1 ded=0/0 dl=0/0 ct=0x07 st=2 l2=030301
Thu Jul  2 09:23:56 2026 DVIRPHY gsmtapl1_if.c:220 MS 0000: DL-DIAG fwd=1 ded=0/0 dl=0/0 ct=0x07 st=2 l2=030301
Thu Jul  2 09:23:57 2026 DVIRPHY gsmtapl1_if.c:220 MS 0000: DL-DIAG fwd=1 ded=0/0 dl=0/0 ct=0x07 st=2 l2=030301
Thu Jul  2 09:23:57 2026 DVIRPHY gsmtapl1_if.c:220 MS 0000: DL-DIAG fwd=1 ded=0/0 dl=0/0 ct=0x07 st=2 l2=030301
Thu Jul  2 09:23:57 2026 DVIRPHY gsmtapl1_if.c:220 MS 0000: DL-DIAG fwd=1 ded=0/0 dl=0/0 ct=0x07 st=2 l2=030301
Thu Jul  2 09:24:10 2026 DL1C l1ctl_sap.c:625 MS 0000: Tx L1CTL_RESET_CONF (reset_type: 1)
Thu Jul  2 09:24:10 2026 DL1C virt_prim_fbsb.c:57 MS 0000: Rx L1CTL_FBSB_REQ (arfcn=51, flags=0x7)
Thu Jul  2 09:24:10 2026 DL1C virt_prim_fbsb.c:127 MS 0000: Tx L1CTL_FBSB_CONF (res: 0)
Thu Jul  2 09:24:10 2026 DL1C l1ctl_sap.c:458 MS 0000: Rx L1CTL_PARAM_REQ (ta=0, tx_power=14)
Thu Jul  2 09:24:10 2026 DL1C virt_prim_rach.c:81 MS 0000: Rx L1CTL_RACH_REQ (ra=0x02, offset=2 combined=1)
Thu Jul  2 09:24:10 2026 DL1C virt_prim_rach.c:124 MS 0000: Tx L1CTL_RACH_CONF (fn: 8178, arfcn: 51)
Thu Jul  2 09:24:10 2026 DL1C l1ctl_sap.c:458 MS 0000: Rx L1CTL_PARAM_REQ (ta=0, tx_power=14)
Thu Jul  2 09:24:10 2026 DL1C virt_prim_rach.c:81 MS 0000: Rx L1CTL_RACH_REQ (ra=0x0a, offset=115 combined=1)
Thu Jul  2 09:24:10 2026 DL1C l1ctl_sap.c:625 MS 0000: Tx L1CTL_RESET_CONF (reset_type: 2)
Thu Jul  2 09:24:10 2026 DL1C l1ctl_sap.c:458 MS 0000: Rx L1CTL_PARAM_REQ (ta=0, tx_power=14)
Thu Jul  2 09:24:10 2026 DL1C l1ctl_sap.c:313 MS 0000: Rx L1CTL_DM_EST_REQ (chan_nr=0x20 arfcn=51 tn=0 ss=0)
Thu Jul  2 09:24:10 2026 DVIRPHY gsmtapl1_if.c:220 MS 0000: DL-DIAG fwd=1 ded=0/0 dl=0/0 ct=0x07 st=3 l2=030301
Thu Jul  2 09:24:18 2026 DL1C l1ctl_sap.c:426 MS 0000: Rx L1CTL_DM_REL_REQ
Thu Jul  2 09:24:18 2026 DL1C l1ctl_sap.c:625 MS 0000: Tx L1CTL_RESET_CONF (reset_type: 1)
Thu Jul  2 09:24:18 2026 DL1C l1ctl_sap.c:625 MS 0000: Tx L1CTL_RESET_CONF (reset_type: 1)
Thu Jul  2 09:24:18 2026 DL1C virt_prim_fbsb.c:57 MS 0000: Rx L1CTL_FBSB_REQ (arfcn=51, flags=0x7)
Thu Jul  2 09:24:18 2026 DL1C virt_prim_fbsb.c:127 MS 0000: Tx L1CTL_FBSB_CONF (res: 0)
Thu Jul  2 09:24:18 2026 DL1C l1ctl_sap.c:573 MS 0000: Rx L1CTL_NEIGH_PM_REQ (list with 1 entries): IGNORED
Thu Jul  2 09:24:25 2026 DL1C l1ctl_sap.c:625 MS 0000: Tx L1CTL_RESET_CONF (reset_type: 1)
Thu Jul  2 09:24:25 2026 DL1C l1ctl_sock.c:99 Failed to receive msg from l2. Connection will be closed.
Thu Jul  2 09:24:25 2026 DMAIN virt_l1_model.c:49 MS 0000: destroyed
Thu Jul  2 09:24:46 2026 DMAIN virt_l1_model.c:42 MS 0001: allocated
Thu Jul  2 09:24:46 2026 DL1C l1ctl_sock.c:138 Accepted client (fd=6) from server (fd=5)
Thu Jul  2 09:24:46 2026 DL1C l1ctl_sap.c:625 MS 0001: Tx L1CTL_RESET_CONF (reset_type: 1)
Thu Jul  2 09:24:46 2026 DL1C l1ctl_sap.c:625 MS 0001: Tx L1CTL_RESET_CONF (reset_type: 1)
Thu Jul  2 09:24:46 2026 DL1C virt_prim_pm.c:94 MS 0001: Rx L1CTL_PM_REQ TYPE=1, FROM=51, TO=51 — scheduling PM_CONF in 300ms
Thu Jul  2 09:24:46 2026 DL1C virt_prim_pm.c:57 MS 0001: Power measurement set for arfcn 51. Set signal level to -63 (== rxlev: 47).
Thu Jul  2 09:24:46 2026 DL1C virt_prim_pm.c:151 MS 0001: Tx L1CTL_PM_CONF (timer fired!)
Thu Jul  2 09:24:46 2026 DL1C l1ctl_sap.c:625 MS 0001: Tx L1CTL_RESET_CONF (reset_type: 1)
Thu Jul  2 09:24:46 2026 DL1C virt_prim_fbsb.c:57 MS 0001: Rx L1CTL_FBSB_REQ (arfcn=51, flags=0x7)
Thu Jul  2 09:24:46 2026 DL1C virt_prim_fbsb.c:127 MS 0001: Tx L1CTL_FBSB_CONF (res: 0)
Thu Jul  2 09:24:47 2026 DL1C l1ctl_sap.c:519 MS 0001: Rx L1CTL_CCCH_MODE_REQ (mode=2)
Thu Jul  2 09:24:47 2026 DL1C l1ctl_sap.c:647 MS 0001: Tx L1CTL_CCCH_MODE_CONF (mode: 2)
Thu Jul  2 09:24:48 2026 DL1C l1ctl_sap.c:625 MS 0001: Tx L1CTL_RESET_CONF (reset_type: 1)
Thu Jul  2 09:24:48 2026 DL1C virt_prim_fbsb.c:57 MS 0001: Rx L1CTL_FBSB_REQ (arfcn=51, flags=0x7)
Thu Jul  2 09:24:48 2026 DL1C virt_prim_fbsb.c:127 MS 0001: Tx L1CTL_FBSB_CONF (res: 0)
Thu Jul  2 09:24:48 2026 DL1C l1ctl_sap.c:458 MS 0001: Rx L1CTL_PARAM_REQ (ta=0, tx_power=14)
Thu Jul  2 09:24:48 2026 DL1C virt_prim_rach.c:81 MS 0001: Rx L1CTL_RACH_REQ (ra=0x01, offset=3 combined=1)
Thu Jul  2 09:24:48 2026 DL1C virt_prim_rach.c:124 MS 0001: Tx L1CTL_RACH_CONF (fn: 16337, arfcn: 51)
Thu Jul  2 09:24:48 2026 DL1C l1ctl_sap.c:458 MS 0001: Rx L1CTL_PARAM_REQ (ta=0, tx_power=14)
Thu Jul  2 09:24:48 2026 DL1C virt_prim_rach.c:81 MS 0001: Rx L1CTL_RACH_REQ (ra=0x06, offset=122 combined=1)
Thu Jul  2 09:24:48 2026 DL1C l1ctl_sap.c:625 MS 0001: Tx L1CTL_RESET_CONF (reset_type: 2)
Thu Jul  2 09:24:48 2026 DL1C l1ctl_sap.c:458 MS 0001: Rx L1CTL_PARAM_REQ (ta=0, tx_power=14)
Thu Jul  2 09:24:48 2026 DL1C l1ctl_sap.c:313 MS 0001: Rx L1CTL_DM_EST_REQ (chan_nr=0x20 arfcn=51 tn=0 ss=0)
Thu Jul  2 09:24:48 2026 DVIRPHY gsmtapl1_if.c:220 MS 0001: DL-DIAG fwd=1 ded=0/0 dl=0/0 ct=0x07 st=3 l2=030301
Thu Jul  2 09:24:56 2026 DL1C l1ctl_sap.c:426 MS 0001: Rx L1CTL_DM_REL_REQ
Thu Jul  2 09:24:56 2026 DL1C l1ctl_sap.c:625 MS 0001: Tx L1CTL_RESET_CONF (reset_type: 1)
Thu Jul  2 09:24:56 2026 DL1C l1ctl_sap.c:625 MS 0001: Tx L1CTL_RESET_CONF (reset_type: 1)
Thu Jul  2 09:24:56 2026 DL1C virt_prim_fbsb.c:57 MS 0001: Rx L1CTL_FBSB_REQ (arfcn=51, flags=0x7)
Thu Jul  2 09:24:56 2026 DL1C virt_prim_fbsb.c:127 MS 0001: Tx L1CTL_FBSB_CONF (res: 0)
Thu Jul  2 09:24:56 2026 DL1C l1ctl_sap.c:573 MS 0001: Rx L1CTL_NEIGH_PM_REQ (list with 1 entries): IGNORED
Thu Jul  2 09:25:11 2026 DL1C l1ctl_sap.c:625 MS 0001: Tx L1CTL_RESET_CONF (reset_type: 1)
Thu Jul  2 09:25:11 2026 DL1C virt_prim_fbsb.c:57 MS 0001: Rx L1CTL_FBSB_REQ (arfcn=51, flags=0x7)
Thu Jul  2 09:25:11 2026 DL1C virt_prim_fbsb.c:127 MS 0001: Tx L1CTL_FBSB_CONF (res: 0)
Thu Jul  2 09:25:11 2026 DL1C l1ctl_sap.c:458 MS 0001: Rx L1CTL_PARAM_REQ (ta=0, tx_power=14)
Thu Jul  2 09:25:11 2026 DL1C virt_prim_rach.c:81 MS 0001: Rx L1CTL_RACH_REQ (ra=0x07, offset=2 combined=1)
Thu Jul  2 09:25:11 2026 DL1C virt_prim_rach.c:124 MS 0001: Tx L1CTL_RACH_CONF (fn: 21283, arfcn: 51)
Thu Jul  2 09:25:11 2026 DL1C l1ctl_sap.c:458 MS 0001: Rx L1CTL_PARAM_REQ (ta=0, tx_power=14)
Thu Jul  2 09:25:11 2026 DL1C virt_prim_rach.c:81 MS 0001: Rx L1CTL_RACH_REQ (ra=0x09, offset=120 combined=1)
Thu Jul  2 09:25:11 2026 DVIRPHY gsmtapl1_if.c:220 MS 0001: DL-DIAG fwd=1 ded=0/0 dl=0/0 ct=0x07 st=2 l2=030301
Thu Jul  2 09:25:11 2026 DL1C l1ctl_sap.c:625 MS 0001: Tx L1CTL_RESET_CONF (reset_type: 2)
Thu Jul  2 09:25:11 2026 DL1C l1ctl_sap.c:458 MS 0001: Rx L1CTL_PARAM_REQ (ta=0, tx_power=14)
Thu Jul  2 09:25:11 2026 DL1C l1ctl_sap.c:313 MS 0001: Rx L1CTL_DM_EST_REQ (chan_nr=0x20 arfcn=51 tn=0 ss=0)
Thu Jul  2 09:25:11 2026 DVIRPHY gsmtapl1_if.c:220 MS 0001: DL-DIAG fwd=1 ded=0/0 dl=0/0 ct=0x07 st=3 l2=030301
Thu Jul  2 09:25:11 2026 DVIRPHY gsmtapl1_if.c:220 MS 0001: DL-DIAG fwd=1 ded=0/0 dl=0/0 ct=0x87 st=3 l2=0e0003
Thu Jul  2 09:25:11 2026 DVIRPHY gsmtapl1_if.c:220 MS 0001: DL-DIAG fwd=1 ded=0/0 dl=0/0 ct=0x07 st=3 l2=017349
Thu Jul  2 09:25:11 2026 DVIRPHY gsmtapl1_if.c:220 MS 0001: DL-DIAG fwd=1 ded=0/0 dl=0/0 ct=0x07 st=3 l2=030301
Thu Jul  2 09:25:12 2026 DVIRPHY gsmtapl1_if.c:220 MS 0001: DL-DIAG fwd=1 ded=0/0 dl=0/0 ct=0x87 st=3 l2=0e0003
Thu Jul  2 09:25:12 2026 DVIRPHY gsmtapl1_if.c:220 MS 0001: DL-DIAG fwd=1 ded=0/0 dl=0/0 ct=0x07 st=3 l2=030039
Thu Jul  2 09:25:12 2026 DVIRPHY gsmtapl1_if.c:220 MS 0001: DL-DIAG fwd=1 ded=0/0 dl=0/0 ct=0x07 st=3 l2=012101
Thu Jul  2 09:25:12 2026 DVIRPHY gsmtapl1_if.c:220 MS 0001: DL-DIAG fwd=1 ded=0/0 dl=0/0 ct=0x87 st=3 l2=0e0003
Thu Jul  2 09:25:12 2026 DVIRPHY gsmtapl1_if.c:220 MS 0001: DL-DIAG fwd=1 ded=0/0 dl=0/0 ct=0x07 st=3 l2=030301
Thu Jul  2 09:25:12 2026 DVIRPHY gsmtapl1_if.c:220 MS 0001: DL-DIAG fwd=1 ded=0/0 dl=0/0 ct=0x07 st=3 l2=030301
Thu Jul  2 09:25:12 2026 DVIRPHY gsmtapl1_if.c:220 MS 0001: DL-DIAG fwd=1 ded=0/0 dl=0/0 ct=0x87 st=3 l2=0e0003
Thu Jul  2 09:25:13 2026 DVIRPHY gsmtapl1_if.c:220 MS 0001: DL-DIAG fwd=1 ded=0/0 dl=0/0 ct=0x07 st=3 l2=030301
Thu Jul  2 09:25:13 2026 DVIRPHY gsmtapl1_if.c:220 MS 0001: DL-DIAG fwd=1 ded=0/0 dl=0/0 ct=0x07 st=3 l2=030301
Thu Jul  2 09:25:13 2026 DVIRPHY gsmtapl1_if.c:220 MS 0001: DL-DIAG fwd=1 ded=0/0 dl=0/0 ct=0x87 st=3 l2=0e0003
Thu Jul  2 09:25:13 2026 DVIRPHY gsmtapl1_if.c:220 MS 0001: DL-DIAG fwd=1 ded=0/0 dl=0/0 ct=0x07 st=3 l2=030301
Thu Jul  2 09:25:13 2026 DVIRPHY gsmtapl1_if.c:220 MS 0001: DL-DIAG fwd=1 ded=0/0 dl=0/0 ct=0x07 st=3 l2=030301
Thu Jul  2 09:25:13 2026 DVIRPHY gsmtapl1_if.c:220 MS 0001: DL-DIAG fwd=1 ded=0/0 dl=0/0 ct=0x87 st=3 l2=0e0003
Thu Jul  2 09:25:14 2026 DVIRPHY gsmtapl1_if.c:220 MS 0001: DL-DIAG fwd=1 ded=0/0 dl=0/0 ct=0x07 st=3 l2=030301
Thu Jul  2 09:25:14 2026 DVIRPHY gsmtapl1_if.c:220 MS 0001: DL-DIAG fwd=1 ded=0/0 dl=0/0 ct=0x07 st=3 l2=030301
Thu Jul  2 09:25:14 2026 DVIRPHY gsmtapl1_if.c:220 MS 0001: DL-DIAG fwd=1 ded=0/0 dl=0/0 ct=0x87 st=3 l2=0e0003
Thu Jul  2 09:25:14 2026 DVIRPHY gsmtapl1_if.c:220 MS 0001: DL-DIAG fwd=1 ded=0/0 dl=0/0 ct=0x07 st=3 l2=030301
Thu Jul  2 09:25:14 2026 DVIRPHY gsmtapl1_if.c:220 MS 0001: DL-DIAG fwd=1 ded=0/0 dl=0/0 ct=0x07 st=3 l2=030301
Thu Jul  2 09:25:14 2026 DVIRPHY gsmtapl1_if.c:220 MS 0001: DL-DIAG fwd=1 ded=0/0 dl=0/0 ct=0x87 st=3 l2=0e0003
Thu Jul  2 09:25:15 2026 DVIRPHY gsmtapl1_if.c:220 MS 0001: DL-DIAG fwd=1 ded=0/0 dl=0/0 ct=0x07 st=3 l2=030301
Thu Jul  2 09:25:15 2026 DVIRPHY gsmtapl1_if.c:220 MS 0001: DL-DIAG fwd=1 ded=0/0 dl=0/0 ct=0x07 st=3 l2=030301
Thu Jul  2 09:25:15 2026 DVIRPHY gsmtapl1_if.c:220 MS 0001: DL-DIAG fwd=1 ded=0/0 dl=0/0 ct=0x87 st=3 l2=0e0003
Thu Jul  2 09:25:15 2026 DVIRPHY gsmtapl1_if.c:220 MS 0001: DL-DIAG fwd=1 ded=0/0 dl=0/0 ct=0x07 st=3 l2=030301
Thu Jul  2 09:25:15 2026 DVIRPHY gsmtapl1_if.c:220 MS 0001: DL-DIAG fwd=1 ded=0/0 dl=0/0 ct=0x07 st=3 l2=030301
Thu Jul  2 09:25:15 2026 DVIRPHY gsmtapl1_if.c:220 MS 0001: DL-DIAG fwd=1 ded=0/0 dl=0/0 ct=0x87 st=3 l2=0e0003
Thu Jul  2 09:25:15 2026 DVIRPHY gsmtapl1_if.c:220 MS 0001: DL-DIAG fwd=1 ded=0/0 dl=0/0 ct=0x07 st=3 l2=030301
Thu Jul  2 09:25:16 2026 DVIRPHY gsmtapl1_if.c:220 MS 0001: DL-DIAG fwd=1 ded=0/0 dl=0/0 ct=0x07 st=3 l2=030301
Thu Jul  2 09:25:16 2026 DVIRPHY gsmtapl1_if.c:220 MS 0001: DL-DIAG fwd=1 ded=0/0 dl=0/0 ct=0x87 st=3 l2=0e0003
Thu Jul  2 09:25:16 2026 DVIRPHY gsmtapl1_if.c:220 MS 0001: DL-DIAG fwd=1 ded=0/0 dl=0/0 ct=0x07 st=3 l2=030301
Thu Jul  2 09:25:16 2026 DVIRPHY gsmtapl1_if.c:220 MS 0001: DL-DIAG fwd=1 ded=0/0 dl=0/0 ct=0x07 st=3 l2=030301
Thu Jul  2 09:25:16 2026 DVIRPHY gsmtapl1_if.c:220 MS 0001: DL-DIAG fwd=1 ded=0/0 dl=0/0 ct=0x87 st=3 l2=0e0003
Thu Jul  2 09:25:16 2026 DVIRPHY gsmtapl1_if.c:220 MS 0001: DL-DIAG fwd=1 ded=0/0 dl=0/0 ct=0x07 st=3 l2=030301
Thu Jul  2 09:25:17 2026 DVIRPHY gsmtapl1_if.c:220 MS 0001: DL-DIAG fwd=1 ded=0/0 dl=0/0 ct=0x07 st=3 l2=030301
Thu Jul  2 09:25:17 2026 DVIRPHY gsmtapl1_if.c:220 MS 0001: DL-DIAG fwd=1 ded=0/0 dl=0/0 ct=0x87 st=3 l2=0e0003
Thu Jul  2 09:25:17 2026 DVIRPHY gsmtapl1_if.c:220 MS 0001: DL-DIAG fwd=1 ded=0/0 dl=0/0 ct=0x07 st=3 l2=030301
Thu Jul  2 09:25:17 2026 DVIRPHY gsmtapl1_if.c:220 MS 0001: DL-DIAG fwd=1 ded=0/0 dl=0/0 ct=0x07 st=3 l2=030301
Thu Jul  2 09:25:17 2026 DVIRPHY gsmtapl1_if.c:220 MS 0001: DL-DIAG fwd=1 ded=0/0 dl=0/0 ct=0x87 st=3 l2=0e0003
Thu Jul  2 09:25:17 2026 DVIRPHY gsmtapl1_if.c:220 MS 0001: DL-DIAG fwd=1 ded=0/0 dl=0/0 ct=0x07 st=3 l2=030301
Thu Jul  2 09:25:18 2026 DVIRPHY gsmtapl1_if.c:220 MS 0001: DL-DIAG fwd=1 ded=0/0 dl=0/0 ct=0x07 st=3 l2=030301
Thu Jul  2 09:25:18 2026 DVIRPHY gsmtapl1_if.c:220 MS 0001: DL-DIAG fwd=1 ded=0/0 dl=0/0 ct=0x87 st=3 l2=0e0003
Thu Jul  2 09:25:18 2026 DVIRPHY gsmtapl1_if.c:220 MS 0001: DL-DIAG fwd=1 ded=0/0 dl=0/0 ct=0x07 st=3 l2=030301
Thu Jul  2 09:25:18 2026 DVIRPHY gsmtapl1_if.c:220 MS 0001: DL-DIAG fwd=1 ded=0/0 dl=0/0 ct=0x07 st=3 l2=030301
Thu Jul  2 09:25:18 2026 DVIRPHY gsmtapl1_if.c:220 MS 0001: DL-DIAG fwd=1 ded=0/0 dl=0/0 ct=0x87 st=3 l2=0e0003
Thu Jul  2 09:25:18 2026 DVIRPHY gsmtapl1_if.c:220 MS 0001: DL-DIAG fwd=1 ded=0/0 dl=0/0 ct=0x07 st=3 l2=030301
Thu Jul  2 09:25:19 2026 DVIRPHY gsmtapl1_if.c:220 MS 0001: DL-DIAG fwd=1 ded=0/0 dl=0/0 ct=0x07 st=3 l2=030301
Thu Jul  2 09:25:19 2026 DVIRPHY gsmtapl1_if.c:220 MS 0001: DL-DIAG fwd=1 ded=0/0 dl=0/0 ct=0x87 st=3 l2=0e0003
Thu Jul  2 09:25:19 2026 DVIRPHY gsmtapl1_if.c:220 MS 0001: DL-DIAG fwd=1 ded=0/0 dl=0/0 ct=0x07 st=3 l2=030301
Thu Jul  2 09:25:19 2026 DVIRPHY gsmtapl1_if.c:220 MS 0001: DL-DIAG fwd=1 ded=0/0 dl=0/0 ct=0x07 st=3 l2=030301
Thu Jul  2 09:25:19 2026 DVIRPHY gsmtapl1_if.c:220 MS 0001: DL-DIAG fwd=1 ded=0/0 dl=0/0 ct=0x87 st=3 l2=0e0003
Thu Jul  2 09:25:19 2026 DVIRPHY gsmtapl1_if.c:220 MS 0001: DL-DIAG fwd=1 ded=0/0 dl=0/0 ct=0x07 st=3 l2=030301
Thu Jul  2 09:25:19 2026 DVIRPHY gsmtapl1_if.c:220 MS 0001: DL-DIAG fwd=1 ded=0/0 dl=0/0 ct=0x07 st=3 l2=030301
Thu Jul  2 09:25:20 2026 DVIRPHY gsmtapl1_if.c:220 MS 0001: DL-DIAG fwd=1 ded=0/0 dl=0/0 ct=0x87 st=3 l2=0e0003
Thu Jul  2 09:25:20 2026 DVIRPHY gsmtapl1_if.c:220 MS 0001: DL-DIAG fwd=1 ded=0/0 dl=0/0 ct=0x07 st=3 l2=030301
Thu Jul  2 09:25:20 2026 DVIRPHY gsmtapl1_if.c:220 MS 0001: DL-DIAG fwd=1 ded=0/0 dl=0/0 ct=0x07 st=3 l2=030301
Thu Jul  2 09:25:20 2026 DVIRPHY gsmtapl1_if.c:220 MS 0001: DL-DIAG fwd=1 ded=0/0 dl=0/0 ct=0x87 st=3 l2=0e0003
Thu Jul  2 09:25:20 2026 DVIRPHY gsmtapl1_if.c:220 MS 0001: DL-DIAG fwd=1 ded=0/0 dl=0/0 ct=0x07 st=3 l2=030301
Thu Jul  2 09:25:20 2026 DVIRPHY gsmtapl1_if.c:220 MS 0001: DL-DIAG fwd=1 ded=0/0 dl=0/0 ct=0x07 st=3 l2=030301
Thu Jul  2 09:25:20 2026 DVIRPHY gsmtapl1_if.c:220 MS 0001: DL-DIAG fwd=1 ded=0/0 dl=0/0 ct=0x87 st=3 l2=0e0003
Thu Jul  2 09:25:21 2026 DVIRPHY gsmtapl1_if.c:220 MS 0001: DL-DIAG fwd=1 ded=0/0 dl=0/0 ct=0x07 st=3 l2=030301
Thu Jul  2 09:25:21 2026 DVIRPHY gsmtapl1_if.c:220 MS 0001: DL-DIAG fwd=1 ded=0/0 dl=0/0 ct=0x07 st=3 l2=030301
Thu Jul  2 09:25:21 2026 DVIRPHY gsmtapl1_if.c:220 MS 0001: DL-DIAG fwd=1 ded=0/0 dl=0/0 ct=0x87 st=3 l2=0e0003
Thu Jul  2 09:25:21 2026 DVIRPHY gsmtapl1_if.c:220 MS 0001: DL-DIAG fwd=1 ded=0/0 dl=0/0 ct=0x07 st=3 l2=03220d
Thu Jul  2 09:25:21 2026 DVIRPHY gsmtapl1_if.c:220 MS 0001: DL-DIAG fwd=1 ded=0/0 dl=0/0 ct=0x07 st=3 l2=017301
Thu Jul  2 09:25:21 2026 DL1C l1ctl_sap.c:426 MS 0001: Rx L1CTL_DM_REL_REQ
Thu Jul  2 09:25:21 2026 DL1C l1ctl_sap.c:625 MS 0001: Tx L1CTL_RESET_CONF (reset_type: 1)
Thu Jul  2 09:25:21 2026 DL1C l1ctl_sap.c:625 MS 0001: Tx L1CTL_RESET_CONF (reset_type: 1)
Thu Jul  2 09:25:21 2026 DL1C virt_prim_fbsb.c:57 MS 0001: Rx L1CTL_FBSB_REQ (arfcn=51, flags=0x7)
Thu Jul  2 09:25:21 2026 DL1C virt_prim_fbsb.c:127 MS 0001: Tx L1CTL_FBSB_CONF (res: 0)
Thu Jul  2 09:25:21 2026 DL1C l1ctl_sap.c:573 MS 0001: Rx L1CTL_NEIGH_PM_REQ (list with 1 entries): IGNORED
Thu Jul  2 09:25:22 2026 DVIRPHY gsmtapl1_if.c:220 MS 0001: DL-DIAG fwd=1 ded=0/0 dl=0/0 ct=0x07 st=2 l2=030301
Thu Jul  2 09:25:22 2026 DVIRPHY gsmtapl1_if.c:220 MS 0001: DL-DIAG fwd=1 ded=0/0 dl=0/0 ct=0x07 st=2 l2=030301
Thu Jul  2 09:25:22 2026 DVIRPHY gsmtapl1_if.c:220 MS 0001: DL-DIAG fwd=1 ded=0/0 dl=0/0 ct=0x07 st=2 l2=030301
Thu Jul  2 09:25:22 2026 DVIRPHY gsmtapl1_if.c:220 MS 0001: DL-DIAG fwd=1 ded=0/0 dl=0/0 ct=0x07 st=2 l2=030301
Thu Jul  2 09:25:23 2026 DVIRPHY gsmtapl1_if.c:220 MS 0001: DL-DIAG fwd=1 ded=0/0 dl=0/0 ct=0x07 st=2 l2=030301
Thu Jul  2 09:25:23 2026 DVIRPHY gsmtapl1_if.c:220 MS 0001: DL-DIAG fwd=1 ded=0/0 dl=0/0 ct=0x07 st=2 l2=030301
Thu Jul  2 09:25:23 2026 DVIRPHY gsmtapl1_if.c:220 MS 0001: DL-DIAG fwd=1 ded=0/0 dl=0/0 ct=0x07 st=2 l2=030301
Thu Jul  2 09:25:26 2026 DL1C l1ctl_sap.c:625 MS 0001: Tx L1CTL_RESET_CONF (reset_type: 1)
Thu Jul  2 09:25:26 2026 DL1C virt_prim_fbsb.c:57 MS 0001: Rx L1CTL_FBSB_REQ (arfcn=51, flags=0x7)
Thu Jul  2 09:25:26 2026 DL1C virt_prim_fbsb.c:127 MS 0001: Tx L1CTL_FBSB_CONF (res: 0)
Thu Jul  2 09:25:27 2026 DL1C l1ctl_sap.c:458 MS 0001: Rx L1CTL_PARAM_REQ (ta=0, tx_power=14)
Thu Jul  2 09:25:27 2026 DL1C virt_prim_rach.c:81 MS 0001: Rx L1CTL_RACH_REQ (ra=0xe8, offset=2 combined=1)
Thu Jul  2 09:25:27 2026 DL1C virt_prim_rach.c:124 MS 0001: Tx L1CTL_RACH_CONF (fn: 24749, arfcn: 51)
Thu Jul  2 09:25:27 2026 DL1C l1ctl_sap.c:458 MS 0001: Rx L1CTL_PARAM_REQ (ta=0, tx_power=14)
Thu Jul  2 09:25:27 2026 DL1C virt_prim_rach.c:81 MS 0001: Rx L1CTL_RACH_REQ (ra=0xf6, offset=117 combined=1)
Thu Jul  2 09:25:27 2026 DVIRPHY gsmtapl1_if.c:220 MS 0001: DL-DIAG fwd=1 ded=0/0 dl=0/0 ct=0x07 st=2 l2=030301
Thu Jul  2 09:25:27 2026 DL1C l1ctl_sap.c:625 MS 0001: Tx L1CTL_RESET_CONF (reset_type: 2)
Thu Jul  2 09:25:27 2026 DL1C l1ctl_sap.c:458 MS 0001: Rx L1CTL_PARAM_REQ (ta=0, tx_power=14)
Thu Jul  2 09:25:27 2026 DL1C l1ctl_sap.c:313 MS 0001: Rx L1CTL_DM_EST_REQ (chan_nr=0x20 arfcn=51 tn=0 ss=0)
Thu Jul  2 09:25:27 2026 DVIRPHY gsmtapl1_if.c:220 MS 0001: DL-DIAG fwd=1 ded=0/0 dl=0/0 ct=0x07 st=3 l2=030301
Thu Jul  2 09:25:27 2026 DVIRPHY gsmtapl1_if.c:220 MS 0001: DL-DIAG fwd=1 ded=0/0 dl=0/0 ct=0x87 st=3 l2=0e0003
Thu Jul  2 09:25:27 2026 DVIRPHY gsmtapl1_if.c:220 MS 0001: DL-DIAG fwd=1 ded=0/0 dl=0/0 ct=0x07 st=3 l2=017335
Thu Jul  2 09:25:27 2026 DVIRPHY gsmtapl1_if.c:220 MS 0001: DL-DIAG fwd=1 ded=0/0 dl=0/0 ct=0x07 st=3 l2=030009
Thu Jul  2 09:25:28 2026 DVIRPHY gsmtapl1_if.c:220 MS 0001: DL-DIAG fwd=1 ded=0/0 dl=0/0 ct=0x87 st=3 l2=0e0003
Thu Jul  2 09:25:28 2026 DVIRPHY gsmtapl1_if.c:220 MS 0001: DL-DIAG fwd=1 ded=0/0 dl=0/0 ct=0x07 st=3 l2=012101
Thu Jul  2 09:25:28 2026 DVIRPHY gsmtapl1_if.c:220 MS 0001: DL-DIAG fwd=1 ded=0/0 dl=0/0 ct=0x07 st=3 l2=032209
Thu Jul  2 09:25:28 2026 DVIRPHY gsmtapl1_if.c:220 MS 0001: DL-DIAG fwd=1 ded=0/0 dl=0/0 ct=0x87 st=3 l2=0e0003
Thu Jul  2 09:25:28 2026 DVIRPHY gsmtapl1_if.c:220 MS 0001: DL-DIAG fwd=1 ded=0/0 dl=0/0 ct=0x07 st=3 l2=030301
Thu Jul  2 09:25:28 2026 DVIRPHY gsmtapl1_if.c:220 MS 0001: DL-DIAG fwd=1 ded=0/0 dl=0/0 ct=0x07 st=3 l2=030301
Thu Jul  2 09:25:28 2026 DVIRPHY gsmtapl1_if.c:220 MS 0001: DL-DIAG fwd=1 ded=0/0 dl=0/0 ct=0x87 st=3 l2=0e0003
Thu Jul  2 09:25:29 2026 DVIRPHY gsmtapl1_if.c:220 MS 0001: DL-DIAG fwd=1 ded=0/0 dl=0/0 ct=0x07 st=3 l2=030301
Thu Jul  2 09:25:29 2026 DVIRPHY gsmtapl1_if.c:220 MS 0001: DL-DIAG fwd=1 ded=0/0 dl=0/0 ct=0x07 st=3 l2=030301
Thu Jul  2 09:25:29 2026 DVIRPHY gsmtapl1_if.c:220 MS 0001: DL-DIAG fwd=1 ded=0/0 dl=0/0 ct=0x87 st=3 l2=0e0003
Thu Jul  2 09:25:29 2026 DVIRPHY gsmtapl1_if.c:220 MS 0001: DL-DIAG fwd=1 ded=0/0 dl=0/0 ct=0x07 st=3 l2=030301
Thu Jul  2 09:25:29 2026 DVIRPHY gsmtapl1_if.c:220 MS 0001: DL-DIAG fwd=1 ded=0/0 dl=0/0 ct=0x07 st=3 l2=030301
Thu Jul  2 09:25:29 2026 DVIRPHY gsmtapl1_if.c:220 MS 0001: DL-DIAG fwd=1 ded=0/0 dl=0/0 ct=0x87 st=3 l2=0e0003
Thu Jul  2 09:25:30 2026 DVIRPHY gsmtapl1_if.c:220 MS 0001: DL-DIAG fwd=1 ded=0/0 dl=0/0 ct=0x07 st=3 l2=030301
Thu Jul  2 09:25:30 2026 DVIRPHY gsmtapl1_if.c:220 MS 0001: DL-DIAG fwd=1 ded=0/0 dl=0/0 ct=0x07 st=3 l2=030301
Thu Jul  2 09:25:30 2026 DVIRPHY gsmtapl1_if.c:220 MS 0001: DL-DIAG fwd=1 ded=0/0 dl=0/0 ct=0x87 st=3 l2=0e0003
Thu Jul  2 09:25:30 2026 DVIRPHY gsmtapl1_if.c:220 MS 0001: DL-DIAG fwd=1 ded=0/0 dl=0/0 ct=0x07 st=3 l2=030301
Thu Jul  2 09:25:30 2026 DVIRPHY gsmtapl1_if.c:220 MS 0001: DL-DIAG fwd=1 ded=0/0 dl=0/0 ct=0x07 st=3 l2=030301
Thu Jul  2 09:25:30 2026 DVIRPHY gsmtapl1_if.c:220 MS 0001: DL-DIAG fwd=1 ded=0/0 dl=0/0 ct=0x87 st=3 l2=0e0003
Thu Jul  2 09:25:31 2026 DVIRPHY gsmtapl1_if.c:220 MS 0001: DL-DIAG fwd=1 ded=0/0 dl=0/0 ct=0x07 st=3 l2=030301
Thu Jul  2 09:25:31 2026 DVIRPHY gsmtapl1_if.c:220 MS 0001: DL-DIAG fwd=1 ded=0/0 dl=0/0 ct=0x07 st=3 l2=032409
Thu Jul  2 09:25:31 2026 DVIRPHY gsmtapl1_if.c:220 MS 0001: DL-DIAG fwd=1 ded=0/0 dl=0/0 ct=0x87 st=3 l2=0e0003
Thu Jul  2 09:25:31 2026 DVIRPHY gsmtapl1_if.c:220 MS 0001: DL-DIAG fwd=1 ded=0/0 dl=0/0 ct=0x07 st=3 l2=014101
Thu Jul  2 09:25:31 2026 DVIRPHY gsmtapl1_if.c:220 MS 0001: DL-DIAG fwd=1 ded=0/0 dl=0/0 ct=0x07 st=3 l2=034609
Thu Jul  2 09:25:31 2026 DVIRPHY gsmtapl1_if.c:220 MS 0001: DL-DIAG fwd=1 ded=0/0 dl=0/0 ct=0x87 st=3 l2=0e0003
Thu Jul  2 09:25:31 2026 DVIRPHY gsmtapl1_if.c:220 MS 0001: DL-DIAG fwd=1 ded=0/0 dl=0/0 ct=0x07 st=3 l2=016101
Thu Jul  2 09:25:32 2026 DVIRPHY gsmtapl1_if.c:220 MS 0001: DL-DIAG fwd=1 ded=0/0 dl=0/0 ct=0x07 st=3 l2=030301
Thu Jul  2 09:25:32 2026 DVIRPHY gsmtapl1_if.c:220 MS 0001: DL-DIAG fwd=1 ded=0/0 dl=0/0 ct=0x87 st=3 l2=0e0003
Thu Jul  2 09:25:32 2026 DVIRPHY gsmtapl1_if.c:220 MS 0001: DL-DIAG fwd=1 ded=0/0 dl=0/0 ct=0x07 st=3 l2=030301
Thu Jul  2 09:25:32 2026 DVIRPHY gsmtapl1_if.c:220 MS 0001: DL-DIAG fwd=1 ded=0/0 dl=0/0 ct=0x07 st=3 l2=030301
Thu Jul  2 09:25:32 2026 DVIRPHY gsmtapl1_if.c:220 MS 0001: DL-DIAG fwd=1 ded=0/0 dl=0/0 ct=0x87 st=3 l2=0e0003
Thu Jul  2 09:25:32 2026 DVIRPHY gsmtapl1_if.c:220 MS 0001: DL-DIAG fwd=1 ded=0/0 dl=0/0 ct=0x07 st=3 l2=030301
Thu Jul  2 09:25:33 2026 DVIRPHY gsmtapl1_if.c:220 MS 0001: DL-DIAG fwd=1 ded=0/0 dl=0/0 ct=0x07 st=3 l2=030301
Thu Jul  2 09:25:33 2026 DVIRPHY gsmtapl1_if.c:220 MS 0001: DL-DIAG fwd=1 ded=0/0 dl=0/0 ct=0x87 st=3 l2=0e0003
Thu Jul  2 09:25:33 2026 DVIRPHY gsmtapl1_if.c:220 MS 0001: DL-DIAG fwd=1 ded=0/0 dl=0/0 ct=0x07 st=3 l2=030301
Thu Jul  2 09:25:33 2026 DVIRPHY gsmtapl1_if.c:220 MS 0001: DL-DIAG fwd=1 ded=0/0 dl=0/0 ct=0x07 st=3 l2=030301
Thu Jul  2 09:25:33 2026 DVIRPHY gsmtapl1_if.c:220 MS 0001: DL-DIAG fwd=1 ded=0/0 dl=0/0 ct=0x87 st=3 l2=0e0003
Thu Jul  2 09:25:33 2026 DVIRPHY gsmtapl1_if.c:220 MS 0001: DL-DIAG fwd=1 ded=0/0 dl=0/0 ct=0x07 st=3 l2=030301
Thu Jul  2 09:25:34 2026 DVIRPHY gsmtapl1_if.c:220 MS 0001: DL-DIAG fwd=1 ded=0/0 dl=0/0 ct=0x07 st=3 l2=030301
Thu Jul  2 09:25:34 2026 DVIRPHY gsmtapl1_if.c:220 MS 0001: DL-DIAG fwd=1 ded=0/0 dl=0/0 ct=0x87 st=3 l2=0e0003
Thu Jul  2 09:25:34 2026 DVIRPHY gsmtapl1_if.c:220 MS 0001: DL-DIAG fwd=1 ded=0/0 dl=0/0 ct=0x07 st=3 l2=030301
Thu Jul  2 09:25:34 2026 DVIRPHY gsmtapl1_if.c:220 MS 0001: DL-DIAG fwd=1 ded=0/0 dl=0/0 ct=0x07 st=3 l2=030301
Thu Jul  2 09:25:34 2026 DVIRPHY gsmtapl1_if.c:220 MS 0001: DL-DIAG fwd=1 ded=0/0 dl=0/0 ct=0x87 st=3 l2=0e0003
Thu Jul  2 09:25:34 2026 DVIRPHY gsmtapl1_if.c:220 MS 0001: DL-DIAG fwd=1 ded=0/0 dl=0/0 ct=0x07 st=3 l2=030301
Thu Jul  2 09:25:35 2026 DVIRPHY gsmtapl1_if.c:220 MS 0001: DL-DIAG fwd=1 ded=0/0 dl=0/0 ct=0x07 st=3 l2=030301
Thu Jul  2 09:25:35 2026 DVIRPHY gsmtapl1_if.c:220 MS 0001: DL-DIAG fwd=1 ded=0/0 dl=0/0 ct=0x87 st=3 l2=0e0003
Thu Jul  2 09:25:35 2026 DVIRPHY gsmtapl1_if.c:220 MS 0001: DL-DIAG fwd=1 ded=0/0 dl=0/0 ct=0x07 st=3 l2=030301
Thu Jul  2 09:25:35 2026 DVIRPHY gsmtapl1_if.c:220 MS 0001: DL-DIAG fwd=1 ded=0/0 dl=0/0 ct=0x07 st=3 l2=030301
Thu Jul  2 09:25:35 2026 DVIRPHY gsmtapl1_if.c:220 MS 0001: DL-DIAG fwd=1 ded=0/0 dl=0/0 ct=0x87 st=3 l2=0e0003
Thu Jul  2 09:25:35 2026 DVIRPHY gsmtapl1_if.c:220 MS 0001: DL-DIAG fwd=1 ded=0/0 dl=0/0 ct=0x07 st=3 l2=030301
Thu Jul  2 09:25:35 2026 DVIRPHY gsmtapl1_if.c:220 MS 0001: DL-DIAG fwd=1 ded=0/0 dl=0/0 ct=0x07 st=3 l2=030301
Thu Jul  2 09:25:36 2026 DVIRPHY gsmtapl1_if.c:220 MS 0001: DL-DIAG fwd=1 ded=0/0 dl=0/0 ct=0x87 st=3 l2=0e0003
Thu Jul  2 09:25:36 2026 DVIRPHY gsmtapl1_if.c:220 MS 0001: DL-DIAG fwd=1 ded=0/0 dl=0/0 ct=0x07 st=3 l2=030301
Thu Jul  2 09:25:36 2026 DVIRPHY gsmtapl1_if.c:220 MS 0001: DL-DIAG fwd=1 ded=0/0 dl=0/0 ct=0x07 st=3 l2=030301
Thu Jul  2 09:25:36 2026 DVIRPHY gsmtapl1_if.c:220 MS 0001: DL-DIAG fwd=1 ded=0/0 dl=0/0 ct=0x87 st=3 l2=0e0003
Thu Jul  2 09:25:36 2026 DVIRPHY gsmtapl1_if.c:220 MS 0001: DL-DIAG fwd=1 ded=0/0 dl=0/0 ct=0x07 st=3 l2=030301
Thu Jul  2 09:25:36 2026 DVIRPHY gsmtapl1_if.c:220 MS 0001: DL-DIAG fwd=1 ded=0/0 dl=0/0 ct=0x07 st=3 l2=030301
Thu Jul  2 09:25:36 2026 DVIRPHY gsmtapl1_if.c:220 MS 0001: DL-DIAG fwd=1 ded=0/0 dl=0/0 ct=0x87 st=3 l2=0e0003
Thu Jul  2 09:25:37 2026 DVIRPHY gsmtapl1_if.c:220 MS 0001: DL-DIAG fwd=1 ded=0/0 dl=0/0 ct=0x07 st=3 l2=030301
Thu Jul  2 09:25:37 2026 DVIRPHY gsmtapl1_if.c:220 MS 0001: DL-DIAG fwd=1 ded=0/0 dl=0/0 ct=0x07 st=3 l2=030301
Thu Jul  2 09:25:37 2026 DVIRPHY gsmtapl1_if.c:220 MS 0001: DL-DIAG fwd=1 ded=0/0 dl=0/0 ct=0x87 st=3 l2=0e0003
Thu Jul  2 09:25:37 2026 DVIRPHY gsmtapl1_if.c:220 MS 0001: DL-DIAG fwd=1 ded=0/0 dl=0/0 ct=0x07 st=3 l2=030301
Thu Jul  2 09:25:37 2026 DVIRPHY gsmtapl1_if.c:220 MS 0001: DL-DIAG fwd=1 ded=0/0 dl=0/0 ct=0x07 st=3 l2=030301
Thu Jul  2 09:25:37 2026 DVIRPHY gsmtapl1_if.c:220 MS 0001: DL-DIAG fwd=1 ded=0/0 dl=0/0 ct=0x87 st=3 l2=0e0003
Thu Jul  2 09:25:38 2026 DVIRPHY gsmtapl1_if.c:220 MS 0001: DL-DIAG fwd=1 ded=0/0 dl=0/0 ct=0x07 st=3 l2=030301
Thu Jul  2 09:25:38 2026 DVIRPHY gsmtapl1_if.c:220 MS 0001: DL-DIAG fwd=1 ded=0/0 dl=0/0 ct=0x07 st=3 l2=030301
Thu Jul  2 09:25:38 2026 DVIRPHY gsmtapl1_if.c:220 MS 0001: DL-DIAG fwd=1 ded=0/0 dl=0/0 ct=0x87 st=3 l2=0e0003
Thu Jul  2 09:25:38 2026 DVIRPHY gsmtapl1_if.c:220 MS 0001: DL-DIAG fwd=1 ded=0/0 dl=0/0 ct=0x07 st=3 l2=030301
Thu Jul  2 09:25:38 2026 DVIRPHY gsmtapl1_if.c:220 MS 0001: DL-DIAG fwd=1 ded=0/0 dl=0/0 ct=0x07 st=3 l2=030301
Thu Jul  2 09:25:38 2026 DVIRPHY gsmtapl1_if.c:220 MS 0001: DL-DIAG fwd=1 ded=0/0 dl=0/0 ct=0x87 st=3 l2=0e0003
Thu Jul  2 09:25:39 2026 DVIRPHY gsmtapl1_if.c:220 MS 0001: DL-DIAG fwd=1 ded=0/0 dl=0/0 ct=0x07 st=3 l2=030301
Thu Jul  2 09:25:39 2026 DVIRPHY gsmtapl1_if.c:220 MS 0001: DL-DIAG fwd=1 ded=0/0 dl=0/0 ct=0x07 st=3 l2=030301
Thu Jul  2 09:25:39 2026 DVIRPHY gsmtapl1_if.c:220 MS 0001: DL-DIAG fwd=1 ded=0/0 dl=0/0 ct=0x87 st=3 l2=0e0003
Thu Jul  2 09:25:39 2026 DVIRPHY gsmtapl1_if.c:220 MS 0001: DL-DIAG fwd=1 ded=0/0 dl=0/0 ct=0x07 st=3 l2=030301
Thu Jul  2 09:25:39 2026 DVIRPHY gsmtapl1_if.c:220 MS 0001: DL-DIAG fwd=1 ded=0/0 dl=0/0 ct=0x07 st=3 l2=030301
Thu Jul  2 09:25:39 2026 DVIRPHY gsmtapl1_if.c:220 MS 0001: DL-DIAG fwd=1 ded=0/0 dl=0/0 ct=0x87 st=3 l2=0e0003
Thu Jul  2 09:25:39 2026 DVIRPHY gsmtapl1_if.c:220 MS 0001: DL-DIAG fwd=1 ded=0/0 dl=0/0 ct=0x07 st=3 l2=030301
Thu Jul  2 09:25:40 2026 DVIRPHY gsmtapl1_if.c:220 MS 0001: DL-DIAG fwd=1 ded=0/0 dl=0/0 ct=0x07 st=3 l2=030301
Thu Jul  2 09:25:40 2026 DVIRPHY gsmtapl1_if.c:220 MS 0001: DL-DIAG fwd=1 ded=0/0 dl=0/0 ct=0x87 st=3 l2=0e0003
Thu Jul  2 09:25:40 2026 DVIRPHY gsmtapl1_if.c:220 MS 0001: DL-DIAG fwd=1 ded=0/0 dl=0/0 ct=0x07 st=3 l2=030301
Thu Jul  2 09:25:40 2026 DVIRPHY gsmtapl1_if.c:220 MS 0001: DL-DIAG fwd=1 ded=0/0 dl=0/0 ct=0x07 st=3 l2=030301
Thu Jul  2 09:25:40 2026 DVIRPHY gsmtapl1_if.c:220 MS 0001: DL-DIAG fwd=1 ded=0/0 dl=0/0 ct=0x87 st=3 l2=0e0003
Thu Jul  2 09:25:40 2026 DVIRPHY gsmtapl1_if.c:220 MS 0001: DL-DIAG fwd=1 ded=0/0 dl=0/0 ct=0x07 st=3 l2=030301
Thu Jul  2 09:25:41 2026 DVIRPHY gsmtapl1_if.c:220 MS 0001: DL-DIAG fwd=1 ded=0/0 dl=0/0 ct=0x07 st=3 l2=030301
Thu Jul  2 09:25:41 2026 DVIRPHY gsmtapl1_if.c:220 MS 0001: DL-DIAG fwd=1 ded=0/0 dl=0/0 ct=0x87 st=3 l2=0e0003
Thu Jul  2 09:25:41 2026 DVIRPHY gsmtapl1_if.c:220 MS 0001: DL-DIAG fwd=1 ded=0/0 dl=0/0 ct=0x07 st=3 l2=030301
Thu Jul  2 09:25:41 2026 DVIRPHY gsmtapl1_if.c:220 MS 0001: DL-DIAG fwd=1 ded=0/0 dl=0/0 ct=0x07 st=3 l2=030301
Thu Jul  2 09:25:41 2026 DVIRPHY gsmtapl1_if.c:220 MS 0001: DL-DIAG fwd=1 ded=0/0 dl=0/0 ct=0x87 st=3 l2=0e0003
Thu Jul  2 09:25:41 2026 DVIRPHY gsmtapl1_if.c:220 MS 0001: DL-DIAG fwd=1 ded=0/0 dl=0/0 ct=0x07 st=3 l2=030301
Thu Jul  2 09:25:42 2026 DVIRPHY gsmtapl1_if.c:220 MS 0001: DL-DIAG fwd=1 ded=0/0 dl=0/0 ct=0x07 st=3 l2=030301
Thu Jul  2 09:25:42 2026 DVIRPHY gsmtapl1_if.c:220 MS 0001: DL-DIAG fwd=1 ded=0/0 dl=0/0 ct=0x87 st=3 l2=0e0003
Thu Jul  2 09:25:42 2026 DVIRPHY gsmtapl1_if.c:220 MS 0001: DL-DIAG fwd=1 ded=0/0 dl=0/0 ct=0x07 st=3 l2=030301
Thu Jul  2 09:25:42 2026 DVIRPHY gsmtapl1_if.c:220 MS 0001: DL-DIAG fwd=1 ded=0/0 dl=0/0 ct=0x07 st=3 l2=030301
Thu Jul  2 09:25:42 2026 DVIRPHY gsmtapl1_if.c:220 MS 0001: DL-DIAG fwd=1 ded=0/0 dl=0/0 ct=0x87 st=3 l2=0e0003
Thu Jul  2 09:25:42 2026 DVIRPHY gsmtapl1_if.c:220 MS 0001: DL-DIAG fwd=1 ded=0/0 dl=0/0 ct=0x07 st=3 l2=030301
Thu Jul  2 09:25:43 2026 DVIRPHY gsmtapl1_if.c:220 MS 0001: DL-DIAG fwd=1 ded=0/0 dl=0/0 ct=0x07 st=3 l2=030301
Thu Jul  2 09:25:43 2026 DVIRPHY gsmtapl1_if.c:220 MS 0001: DL-DIAG fwd=1 ded=0/0 dl=0/0 ct=0x87 st=3 l2=0e0003
Thu Jul  2 09:25:43 2026 DVIRPHY gsmtapl1_if.c:220 MS 0001: DL-DIAG fwd=1 ded=0/0 dl=0/0 ct=0x07 st=3 l2=030301
Thu Jul  2 09:25:43 2026 DVIRPHY gsmtapl1_if.c:220 MS 0001: DL-DIAG fwd=1 ded=0/0 dl=0/0 ct=0x07 st=3 l2=030301
Thu Jul  2 09:25:43 2026 DVIRPHY gsmtapl1_if.c:220 MS 0001: DL-DIAG fwd=1 ded=0/0 dl=0/0 ct=0x87 st=3 l2=0e0003
Thu Jul  2 09:25:43 2026 DVIRPHY gsmtapl1_if.c:220 MS 0001: DL-DIAG fwd=1 ded=0/0 dl=0/0 ct=0x07 st=3 l2=030301
Thu Jul  2 09:25:43 2026 DVIRPHY gsmtapl1_if.c:220 MS 0001: DL-DIAG fwd=1 ded=0/0 dl=0/0 ct=0x07 st=3 l2=030301
Thu Jul  2 09:25:44 2026 DVIRPHY gsmtapl1_if.c:220 MS 0001: DL-DIAG fwd=1 ded=0/0 dl=0/0 ct=0x87 st=3 l2=0e0003
Thu Jul  2 09:25:44 2026 DVIRPHY gsmtapl1_if.c:220 MS 0001: DL-DIAG fwd=1 ded=0/0 dl=0/0 ct=0x07 st=3 l2=030301
Thu Jul  2 09:25:44 2026 DVIRPHY gsmtapl1_if.c:220 MS 0001: DL-DIAG fwd=1 ded=0/0 dl=0/0 ct=0x07 st=3 l2=030301
Thu Jul  2 09:25:44 2026 DVIRPHY gsmtapl1_if.c:220 MS 0001: DL-DIAG fwd=1 ded=0/0 dl=0/0 ct=0x87 st=3 l2=0e0003
Thu Jul  2 09:25:44 2026 DVIRPHY gsmtapl1_if.c:220 MS 0001: DL-DIAG fwd=1 ded=0/0 dl=0/0 ct=0x07 st=3 l2=030301
Thu Jul  2 09:25:44 2026 DVIRPHY gsmtapl1_if.c:220 MS 0001: DL-DIAG fwd=1 ded=0/0 dl=0/0 ct=0x07 st=3 l2=030301
Thu Jul  2 09:25:44 2026 DVIRPHY gsmtapl1_if.c:220 MS 0001: DL-DIAG fwd=1 ded=0/0 dl=0/0 ct=0x87 st=3 l2=0e0003
Thu Jul  2 09:25:45 2026 DVIRPHY gsmtapl1_if.c:220 MS 0001: DL-DIAG fwd=1 ded=0/0 dl=0/0 ct=0x07 st=3 l2=030301
Thu Jul  2 09:25:45 2026 DVIRPHY gsmtapl1_if.c:220 MS 0001: DL-DIAG fwd=1 ded=0/0 dl=0/0 ct=0x07 st=3 l2=030301
Thu Jul  2 09:25:45 2026 DVIRPHY gsmtapl1_if.c:220 MS 0001: DL-DIAG fwd=1 ded=0/0 dl=0/0 ct=0x87 st=3 l2=0e0003
Thu Jul  2 09:25:45 2026 DVIRPHY gsmtapl1_if.c:220 MS 0001: DL-DIAG fwd=1 ded=0/0 dl=0/0 ct=0x07 st=3 l2=030301
Thu Jul  2 09:25:45 2026 DVIRPHY gsmtapl1_if.c:220 MS 0001: DL-DIAG fwd=1 ded=0/0 dl=0/0 ct=0x07 st=3 l2=030301
Thu Jul  2 09:25:45 2026 DVIRPHY gsmtapl1_if.c:220 MS 0001: DL-DIAG fwd=1 ded=0/0 dl=0/0 ct=0x87 st=3 l2=0e0003
Thu Jul  2 09:25:46 2026 DVIRPHY gsmtapl1_if.c:220 MS 0001: DL-DIAG fwd=1 ded=0/0 dl=0/0 ct=0x07 st=3 l2=030301
Thu Jul  2 09:25:46 2026 DVIRPHY gsmtapl1_if.c:220 MS 0001: DL-DIAG fwd=1 ded=0/0 dl=0/0 ct=0x07 st=3 l2=030301
Thu Jul  2 09:25:46 2026 DVIRPHY gsmtapl1_if.c:220 MS 0001: DL-DIAG fwd=1 ded=0/0 dl=0/0 ct=0x87 st=3 l2=0e0003
Thu Jul  2 09:25:46 2026 DVIRPHY gsmtapl1_if.c:220 MS 0001: DL-DIAG fwd=1 ded=0/0 dl=0/0 ct=0x07 st=3 l2=030301
Thu Jul  2 09:25:46 2026 DVIRPHY gsmtapl1_if.c:220 MS 0001: DL-DIAG fwd=1 ded=0/0 dl=0/0 ct=0x07 st=3 l2=030301
Thu Jul  2 09:25:46 2026 DVIRPHY gsmtapl1_if.c:220 MS 0001: DL-DIAG fwd=1 ded=0/0 dl=0/0 ct=0x87 st=3 l2=0e0003
Thu Jul  2 09:25:47 2026 DVIRPHY gsmtapl1_if.c:220 MS 0001: DL-DIAG fwd=1 ded=0/0 dl=0/0 ct=0x07 st=3 l2=030301
Thu Jul  2 09:25:47 2026 DVIRPHY gsmtapl1_if.c:220 MS 0001: DL-DIAG fwd=1 ded=0/0 dl=0/0 ct=0x07 st=3 l2=030301
Thu Jul  2 09:25:47 2026 DVIRPHY gsmtapl1_if.c:220 MS 0001: DL-DIAG fwd=1 ded=0/0 dl=0/0 ct=0x87 st=3 l2=0e0003
Thu Jul  2 09:25:47 2026 DVIRPHY gsmtapl1_if.c:220 MS 0001: DL-DIAG fwd=1 ded=0/0 dl=0/0 ct=0x07 st=3 l2=030301
Thu Jul  2 09:25:47 2026 DVIRPHY gsmtapl1_if.c:220 MS 0001: DL-DIAG fwd=1 ded=0/0 dl=0/0 ct=0x07 st=3 l2=030301
Thu Jul  2 09:25:47 2026 DVIRPHY gsmtapl1_if.c:220 MS 0001: DL-DIAG fwd=1 ded=0/0 dl=0/0 ct=0x87 st=3 l2=0e0003
Thu Jul  2 09:25:47 2026 DVIRPHY gsmtapl1_if.c:220 MS 0001: DL-DIAG fwd=1 ded=0/0 dl=0/0 ct=0x07 st=3 l2=030301
Thu Jul  2 09:25:48 2026 DVIRPHY gsmtapl1_if.c:220 MS 0001: DL-DIAG fwd=1 ded=0/0 dl=0/0 ct=0x07 st=3 l2=030301
Thu Jul  2 09:25:48 2026 DVIRPHY gsmtapl1_if.c:220 MS 0001: DL-DIAG fwd=1 ded=0/0 dl=0/0 ct=0x87 st=3 l2=0e0003
Thu Jul  2 09:25:48 2026 DVIRPHY gsmtapl1_if.c:220 MS 0001: DL-DIAG fwd=1 ded=0/0 dl=0/0 ct=0x07 st=3 l2=030301
Thu Jul  2 09:25:48 2026 DVIRPHY gsmtapl1_if.c:220 MS 0001: DL-DIAG fwd=1 ded=0/0 dl=0/0 ct=0x07 st=3 l2=030301
Thu Jul  2 09:25:48 2026 DVIRPHY gsmtapl1_if.c:220 MS 0001: DL-DIAG fwd=1 ded=0/0 dl=0/0 ct=0x87 st=3 l2=0e0003
Thu Jul  2 09:25:48 2026 DVIRPHY gsmtapl1_if.c:220 MS 0001: DL-DIAG fwd=1 ded=0/0 dl=0/0 ct=0x07 st=3 l2=030301
Thu Jul  2 09:25:49 2026 DVIRPHY gsmtapl1_if.c:220 MS 0001: DL-DIAG fwd=1 ded=0/0 dl=0/0 ct=0x07 st=3 l2=030301
Thu Jul  2 09:25:49 2026 DVIRPHY gsmtapl1_if.c:220 MS 0001: DL-DIAG fwd=1 ded=0/0 dl=0/0 ct=0x87 st=3 l2=0e0003
Thu Jul  2 09:25:49 2026 DVIRPHY gsmtapl1_if.c:220 MS 0001: DL-DIAG fwd=1 ded=0/0 dl=0/0 ct=0x07 st=3 l2=030301
Thu Jul  2 09:25:49 2026 DVIRPHY gsmtapl1_if.c:220 MS 0001: DL-DIAG fwd=1 ded=0/0 dl=0/0 ct=0x07 st=3 l2=030301
Thu Jul  2 09:25:49 2026 DVIRPHY gsmtapl1_if.c:220 MS 0001: DL-DIAG fwd=1 ded=0/0 dl=0/0 ct=0x87 st=3 l2=0e0003
Thu Jul  2 09:25:49 2026 DVIRPHY gsmtapl1_if.c:220 MS 0001: DL-DIAG fwd=1 ded=0/0 dl=0/0 ct=0x07 st=3 l2=030301
Thu Jul  2 09:25:50 2026 DVIRPHY gsmtapl1_if.c:220 MS 0001: DL-DIAG fwd=1 ded=0/0 dl=0/0 ct=0x07 st=3 l2=030301
Thu Jul  2 09:25:50 2026 DVIRPHY gsmtapl1_if.c:220 MS 0001: DL-DIAG fwd=1 ded=0/0 dl=0/0 ct=0x87 st=3 l2=0e0003
Thu Jul  2 09:25:50 2026 DVIRPHY gsmtapl1_if.c:220 MS 0001: DL-DIAG fwd=1 ded=0/0 dl=0/0 ct=0x07 st=3 l2=030301
Thu Jul  2 09:25:50 2026 DVIRPHY gsmtapl1_if.c:220 MS 0001: DL-DIAG fwd=1 ded=0/0 dl=0/0 ct=0x07 st=3 l2=030301
Thu Jul  2 09:25:50 2026 DVIRPHY gsmtapl1_if.c:220 MS 0001: DL-DIAG fwd=1 ded=0/0 dl=0/0 ct=0x87 st=3 l2=0e0003
Thu Jul  2 09:25:50 2026 DVIRPHY gsmtapl1_if.c:220 MS 0001: DL-DIAG fwd=1 ded=0/0 dl=0/0 ct=0x07 st=3 l2=030301
Thu Jul  2 09:25:51 2026 DVIRPHY gsmtapl1_if.c:220 MS 0001: DL-DIAG fwd=1 ded=0/0 dl=0/0 ct=0x07 st=3 l2=030301
Thu Jul  2 09:25:51 2026 DVIRPHY gsmtapl1_if.c:220 MS 0001: DL-DIAG fwd=1 ded=0/0 dl=0/0 ct=0x87 st=3 l2=0e0003
Thu Jul  2 09:25:51 2026 DVIRPHY gsmtapl1_if.c:220 MS 0001: DL-DIAG fwd=1 ded=0/0 dl=0/0 ct=0x07 st=3 l2=030301
Thu Jul  2 09:25:51 2026 DVIRPHY gsmtapl1_if.c:220 MS 0001: DL-DIAG fwd=1 ded=0/0 dl=0/0 ct=0x07 st=3 l2=030301
Thu Jul  2 09:25:51 2026 DVIRPHY gsmtapl1_if.c:220 MS 0001: DL-DIAG fwd=1 ded=0/0 dl=0/0 ct=0x87 st=3 l2=0e0003
Thu Jul  2 09:25:51 2026 DVIRPHY gsmtapl1_if.c:220 MS 0001: DL-DIAG fwd=1 ded=0/0 dl=0/0 ct=0x07 st=3 l2=030301
Thu Jul  2 09:25:51 2026 DVIRPHY gsmtapl1_if.c:220 MS 0001: DL-DIAG fwd=1 ded=0/0 dl=0/0 ct=0x07 st=3 l2=030301
Thu Jul  2 09:25:52 2026 DVIRPHY gsmtapl1_if.c:220 MS 0001: DL-DIAG fwd=1 ded=0/0 dl=0/0 ct=0x87 st=3 l2=0e0003
Thu Jul  2 09:25:52 2026 DVIRPHY gsmtapl1_if.c:220 MS 0001: DL-DIAG fwd=1 ded=0/0 dl=0/0 ct=0x07 st=3 l2=030301
Thu Jul  2 09:25:52 2026 DVIRPHY gsmtapl1_if.c:220 MS 0001: DL-DIAG fwd=1 ded=0/0 dl=0/0 ct=0x07 st=3 l2=030301
Thu Jul  2 09:25:52 2026 DVIRPHY gsmtapl1_if.c:220 MS 0001: DL-DIAG fwd=1 ded=0/0 dl=0/0 ct=0x87 st=3 l2=0e0003
Thu Jul  2 09:25:52 2026 DVIRPHY gsmtapl1_if.c:220 MS 0001: DL-DIAG fwd=1 ded=0/0 dl=0/0 ct=0x07 st=3 l2=030301
Thu Jul  2 09:25:52 2026 DVIRPHY gsmtapl1_if.c:220 MS 0001: DL-DIAG fwd=1 ded=0/0 dl=0/0 ct=0x07 st=3 l2=030301
Thu Jul  2 09:25:52 2026 DVIRPHY gsmtapl1_if.c:220 MS 0001: DL-DIAG fwd=1 ded=0/0 dl=0/0 ct=0x87 st=3 l2=0e0003
Thu Jul  2 09:25:53 2026 DVIRPHY gsmtapl1_if.c:220 MS 0001: DL-DIAG fwd=1 ded=0/0 dl=0/0 ct=0x07 st=3 l2=030301
Thu Jul  2 09:25:53 2026 DVIRPHY gsmtapl1_if.c:220 MS 0001: DL-DIAG fwd=1 ded=0/0 dl=0/0 ct=0x07 st=3 l2=030301
Thu Jul  2 09:25:53 2026 DVIRPHY gsmtapl1_if.c:220 MS 0001: DL-DIAG fwd=1 ded=0/0 dl=0/0 ct=0x87 st=3 l2=0e0003
Thu Jul  2 09:25:53 2026 DVIRPHY gsmtapl1_if.c:220 MS 0001: DL-DIAG fwd=1 ded=0/0 dl=0/0 ct=0x07 st=3 l2=030301
Thu Jul  2 09:25:53 2026 DVIRPHY gsmtapl1_if.c:220 MS 0001: DL-DIAG fwd=1 ded=0/0 dl=0/0 ct=0x07 st=3 l2=030301
Thu Jul  2 09:25:53 2026 DVIRPHY gsmtapl1_if.c:220 MS 0001: DL-DIAG fwd=1 ded=0/0 dl=0/0 ct=0x87 st=3 l2=0e0003
Thu Jul  2 09:25:54 2026 DVIRPHY gsmtapl1_if.c:220 MS 0001: DL-DIAG fwd=1 ded=0/0 dl=0/0 ct=0x07 st=3 l2=030301
Thu Jul  2 09:25:54 2026 DVIRPHY gsmtapl1_if.c:220 MS 0001: DL-DIAG fwd=1 ded=0/0 dl=0/0 ct=0x07 st=3 l2=030301
Thu Jul  2 09:25:54 2026 DVIRPHY gsmtapl1_if.c:220 MS 0001: DL-DIAG fwd=1 ded=0/0 dl=0/0 ct=0x87 st=3 l2=0e0003
Thu Jul  2 09:25:54 2026 DVIRPHY gsmtapl1_if.c:220 MS 0001: DL-DIAG fwd=1 ded=0/0 dl=0/0 ct=0x07 st=3 l2=030301
Thu Jul  2 09:25:54 2026 DVIRPHY gsmtapl1_if.c:220 MS 0001: DL-DIAG fwd=1 ded=0/0 dl=0/0 ct=0x07 st=3 l2=030301
Thu Jul  2 09:25:54 2026 DVIRPHY gsmtapl1_if.c:220 MS 0001: DL-DIAG fwd=1 ded=0/0 dl=0/0 ct=0x87 st=3 l2=0e0003
Thu Jul  2 09:25:55 2026 DVIRPHY gsmtapl1_if.c:220 MS 0001: DL-DIAG fwd=1 ded=0/0 dl=0/0 ct=0x07 st=3 l2=030301
Thu Jul  2 09:25:55 2026 DVIRPHY gsmtapl1_if.c:220 MS 0001: DL-DIAG fwd=1 ded=0/0 dl=0/0 ct=0x07 st=3 l2=030301
Thu Jul  2 09:25:55 2026 DVIRPHY gsmtapl1_if.c:220 MS 0001: DL-DIAG fwd=1 ded=0/0 dl=0/0 ct=0x87 st=3 l2=0e0003
Thu Jul  2 09:25:55 2026 DVIRPHY gsmtapl1_if.c:220 MS 0001: DL-DIAG fwd=1 ded=0/0 dl=0/0 ct=0x07 st=3 l2=030301
Thu Jul  2 09:25:55 2026 DVIRPHY gsmtapl1_if.c:220 MS 0001: DL-DIAG fwd=1 ded=0/0 dl=0/0 ct=0x07 st=3 l2=030301
Thu Jul  2 09:25:55 2026 DVIRPHY gsmtapl1_if.c:220 MS 0001: DL-DIAG fwd=1 ded=0/0 dl=0/0 ct=0x87 st=3 l2=0e0003
Thu Jul  2 09:25:55 2026 DVIRPHY gsmtapl1_if.c:220 MS 0001: DL-DIAG fwd=1 ded=0/0 dl=0/0 ct=0x07 st=3 l2=030301
Thu Jul  2 09:25:56 2026 DVIRPHY gsmtapl1_if.c:220 MS 0001: DL-DIAG fwd=1 ded=0/0 dl=0/0 ct=0x07 st=3 l2=030301
Thu Jul  2 09:25:56 2026 DVIRPHY gsmtapl1_if.c:220 MS 0001: DL-DIAG fwd=1 ded=0/0 dl=0/0 ct=0x87 st=3 l2=0e0003
Thu Jul  2 09:25:56 2026 DVIRPHY gsmtapl1_if.c:220 MS 0001: DL-DIAG fwd=1 ded=0/0 dl=0/0 ct=0x07 st=3 l2=030301
Thu Jul  2 09:25:56 2026 DVIRPHY gsmtapl1_if.c:220 MS 0001: DL-DIAG fwd=1 ded=0/0 dl=0/0 ct=0x07 st=3 l2=030301
Thu Jul  2 09:25:56 2026 DVIRPHY gsmtapl1_if.c:220 MS 0001: DL-DIAG fwd=1 ded=0/0 dl=0/0 ct=0x87 st=3 l2=0e0003
Thu Jul  2 09:25:56 2026 DVIRPHY gsmtapl1_if.c:220 MS 0001: DL-DIAG fwd=1 ded=0/0 dl=0/0 ct=0x07 st=3 l2=030301
Thu Jul  2 09:25:57 2026 DVIRPHY gsmtapl1_if.c:220 MS 0001: DL-DIAG fwd=1 ded=0/0 dl=0/0 ct=0x07 st=3 l2=030301
Thu Jul  2 09:25:57 2026 DVIRPHY gsmtapl1_if.c:220 MS 0001: DL-DIAG fwd=1 ded=0/0 dl=0/0 ct=0x87 st=3 l2=0e0003
Thu Jul  2 09:25:57 2026 DVIRPHY gsmtapl1_if.c:220 MS 0001: DL-DIAG fwd=1 ded=0/0 dl=0/0 ct=0x07 st=3 l2=030301
Thu Jul  2 09:25:57 2026 DVIRPHY gsmtapl1_if.c:220 MS 0001: DL-DIAG fwd=1 ded=0/0 dl=0/0 ct=0x07 st=3 l2=030301
Thu Jul  2 09:25:57 2026 DVIRPHY gsmtapl1_if.c:220 MS 0001: DL-DIAG fwd=1 ded=0/0 dl=0/0 ct=0x87 st=3 l2=0e0003
Thu Jul  2 09:25:57 2026 DVIRPHY gsmtapl1_if.c:220 MS 0001: DL-DIAG fwd=1 ded=0/0 dl=0/0 ct=0x07 st=3 l2=030301
Thu Jul  2 09:25:58 2026 DVIRPHY gsmtapl1_if.c:220 MS 0001: DL-DIAG fwd=1 ded=0/0 dl=0/0 ct=0x07 st=3 l2=030301
Thu Jul  2 09:25:58 2026 DVIRPHY gsmtapl1_if.c:220 MS 0001: DL-DIAG fwd=1 ded=0/0 dl=0/0 ct=0x87 st=3 l2=0e0003
Thu Jul  2 09:25:58 2026 DVIRPHY gsmtapl1_if.c:220 MS 0001: DL-DIAG fwd=1 ded=0/0 dl=0/0 ct=0x07 st=3 l2=030301
Thu Jul  2 09:25:58 2026 DVIRPHY gsmtapl1_if.c:220 MS 0001: DL-DIAG fwd=1 ded=0/0 dl=0/0 ct=0x07 st=3 l2=018101
Thu Jul  2 09:25:58 2026 DVIRPHY gsmtapl1_if.c:220 MS 0001: DL-DIAG fwd=1 ded=0/0 dl=0/0 ct=0x87 st=3 l2=0e0003
Thu Jul  2 09:25:58 2026 DVIRPHY gsmtapl1_if.c:220 MS 0001: DL-DIAG fwd=1 ded=0/0 dl=0/0 ct=0x07 st=3 l2=038815
Thu Jul  2 09:25:59 2026 DVIRPHY gsmtapl1_if.c:220 MS 0001: DL-DIAG fwd=1 ded=0/0 dl=0/0 ct=0x07 st=3 l2=01a101
Thu Jul  2 09:25:59 2026 DVIRPHY gsmtapl1_if.c:220 MS 0001: DL-DIAG fwd=1 ded=0/0 dl=0/0 ct=0x87 st=3 l2=0e0003
Thu Jul  2 09:25:59 2026 DVIRPHY gsmtapl1_if.c:220 MS 0001: DL-DIAG fwd=1 ded=0/0 dl=0/0 ct=0x07 st=3 l2=030301
Thu Jul  2 09:25:59 2026 DVIRPHY gsmtapl1_if.c:220 MS 0001: DL-DIAG fwd=1 ded=0/0 dl=0/0 ct=0x07 st=3 l2=030301
Thu Jul  2 09:25:59 2026 DVIRPHY gsmtapl1_if.c:220 MS 0001: DL-DIAG fwd=1 ded=0/0 dl=0/0 ct=0x87 st=3 l2=0e0003
Thu Jul  2 09:25:59 2026 DVIRPHY gsmtapl1_if.c:220 MS 0001: DL-DIAG fwd=1 ded=0/0 dl=0/0 ct=0x07 st=3 l2=030301
Thu Jul  2 09:25:59 2026 DVIRPHY gsmtapl1_if.c:220 MS 0001: DL-DIAG fwd=1 ded=0/0 dl=0/0 ct=0x07 st=3 l2=030301
Thu Jul  2 09:26:00 2026 DVIRPHY gsmtapl1_if.c:220 MS 0001: DL-DIAG fwd=1 ded=0/0 dl=0/0 ct=0x87 st=3 l2=0e0003
Thu Jul  2 09:26:00 2026 DVIRPHY gsmtapl1_if.c:220 MS 0001: DL-DIAG fwd=1 ded=0/0 dl=0/0 ct=0x07 st=3 l2=030301
Thu Jul  2 09:26:00 2026 DVIRPHY gsmtapl1_if.c:220 MS 0001: DL-DIAG fwd=1 ded=0/0 dl=0/0 ct=0x07 st=3 l2=030301
Thu Jul  2 09:26:00 2026 DVIRPHY gsmtapl1_if.c:220 MS 0001: DL-DIAG fwd=1 ded=0/0 dl=0/0 ct=0x87 st=3 l2=0e0003
Thu Jul  2 09:26:00 2026 DVIRPHY gsmtapl1_if.c:220 MS 0001: DL-DIAG fwd=1 ded=0/0 dl=0/0 ct=0x07 st=3 l2=030301
Thu Jul  2 09:26:00 2026 DVIRPHY gsmtapl1_if.c:220 MS 0001: DL-DIAG fwd=1 ded=0/0 dl=0/0 ct=0x07 st=3 l2=030301
Thu Jul  2 09:26:00 2026 DVIRPHY gsmtapl1_if.c:220 MS 0001: DL-DIAG fwd=1 ded=0/0 dl=0/0 ct=0x87 st=3 l2=0e0003
Thu Jul  2 09:26:01 2026 DVIRPHY gsmtapl1_if.c:220 MS 0001: DL-DIAG fwd=1 ded=0/0 dl=0/0 ct=0x07 st=3 l2=030301
Thu Jul  2 09:26:01 2026 DVIRPHY gsmtapl1_if.c:220 MS 0001: DL-DIAG fwd=1 ded=0/0 dl=0/0 ct=0x07 st=3 l2=030301
Thu Jul  2 09:26:01 2026 DVIRPHY gsmtapl1_if.c:220 MS 0001: DL-DIAG fwd=1 ded=0/0 dl=0/0 ct=0x07 st=3 l2=03aa0d
Thu Jul  2 09:26:01 2026 DVIRPHY gsmtapl1_if.c:220 MS 0001: DL-DIAG fwd=1 ded=0/0 dl=0/0 ct=0x07 st=3 l2=017301
Thu Jul  2 09:26:01 2026 DL1C l1ctl_sap.c:426 MS 0001: Rx L1CTL_DM_REL_REQ
Thu Jul  2 09:26:01 2026 DL1C l1ctl_sap.c:625 MS 0001: Tx L1CTL_RESET_CONF (reset_type: 1)
Thu Jul  2 09:26:01 2026 DL1C l1ctl_sap.c:625 MS 0001: Tx L1CTL_RESET_CONF (reset_type: 1)
Thu Jul  2 09:26:01 2026 DL1C virt_prim_pm.c:94 MS 0001: Rx L1CTL_PM_REQ TYPE=1, FROM=51, TO=51 — scheduling PM_CONF in 300ms
Thu Jul  2 09:26:02 2026 DVIRPHY gsmtapl1_if.c:220 MS 0001: DL-DIAG fwd=1 ded=0/0 dl=0/0 ct=0x07 st=0 l2=030301
Thu Jul  2 09:26:02 2026 DL1C virt_prim_pm.c:151 MS 0001: Tx L1CTL_PM_CONF (timer fired!)
Thu Jul  2 09:26:02 2026 DL1C l1ctl_sap.c:625 MS 0001: Tx L1CTL_RESET_CONF (reset_type: 1)
Thu Jul  2 09:26:02 2026 DL1C virt_prim_fbsb.c:57 MS 0001: Rx L1CTL_FBSB_REQ (arfcn=51, flags=0x7)
Thu Jul  2 09:26:02 2026 DL1C virt_prim_fbsb.c:127 MS 0001: Tx L1CTL_FBSB_CONF (res: 0)
Thu Jul  2 09:26:02 2026 DVIRPHY gsmtapl1_if.c:220 MS 0001: DL-DIAG fwd=1 ded=0/0 dl=0/0 ct=0x07 st=2 l2=030301
Thu Jul  2 09:26:02 2026 DVIRPHY gsmtapl1_if.c:220 MS 0001: DL-DIAG fwd=1 ded=0/0 dl=0/0 ct=0x07 st=2 l2=030301
Thu Jul  2 09:26:02 2026 DVIRPHY gsmtapl1_if.c:220 MS 0001: DL-DIAG fwd=1 ded=0/0 dl=0/0 ct=0x07 st=2 l2=030301
Thu Jul  2 09:26:03 2026 DVIRPHY gsmtapl1_if.c:220 MS 0001: DL-DIAG fwd=1 ded=0/0 dl=0/0 ct=0x07 st=2 l2=030301
Thu Jul  2 09:26:03 2026 DL1C l1ctl_sap.c:519 MS 0001: Rx L1CTL_CCCH_MODE_REQ (mode=2)
Thu Jul  2 09:26:03 2026 DL1C l1ctl_sap.c:647 MS 0001: Tx L1CTL_CCCH_MODE_CONF (mode: 2)
Thu Jul  2 09:26:03 2026 DVIRPHY gsmtapl1_if.c:220 MS 0001: DL-DIAG fwd=1 ded=0/0 dl=0/0 ct=0x07 st=2 l2=030301
Thu Jul  2 09:26:03 2026 DL1C l1ctl_sap.c:625 MS 0001: Tx L1CTL_RESET_CONF (reset_type: 1)
Thu Jul  2 09:26:03 2026 DL1C virt_prim_fbsb.c:57 MS 0001: Rx L1CTL_FBSB_REQ (arfcn=51, flags=0x7)
Thu Jul  2 09:26:03 2026 DL1C virt_prim_fbsb.c:127 MS 0001: Tx L1CTL_FBSB_CONF (res: 0)
Thu Jul  2 09:26:03 2026 DL1C l1ctl_sap.c:573 MS 0001: Rx L1CTL_NEIGH_PM_REQ (list with 1 entries): IGNORED
