2026/Jun/17 06:55:28.753164 EXECUTOR - TTCN-3 Host Controller started on ttcn3-tc-26-6-8-2-1-rqlk9. Version: 11.1.0.
2026/Jun/17 06:55:28.753351 EXECUTOR - TTCN Logger v2.2 options: TimeStampFormat:=DateTime; LogEntityName:=No; LogEventTypes:=Yes; SourceInfoFormat:=Single; LogSensitiveData:=No; *.FileMask:=LOG_ALL | MATCHING | DEBUG; *.ConsoleMask:=LOG_ALL; LogFileSize:=0; LogFileNumber:=1; DiskFullAction:=Error
2026/Jun/17 06:55:28.753364 EXECUTOR - Maximum number of open file descriptors: 1048576,   FD_SETSIZE = 1024
2026/Jun/17 06:55:28.852188 WARNING - Warning: The address of MC was set to a local IP address. This may cause incorrect behavior if a HC from a remote host also connects to MC.
2026/Jun/17 06:55:28.852264 EXECUTOR - The address of MC was set to 127.0.0.1:0.
2026/Jun/17 06:55:28.852440 EXECUTOR - Connected to MC.
2026/Jun/17 06:55:28.852569 EXECUTOR - This host supports UNIX domain sockets for local communication.
2026/Jun/17 06:55:28.852819 EXECUTOR - Processing configuration data received from MC.
2026/Jun/17 06:55:28.952884 WARNING - Warning: Skeleton `/results/TC_26_6_8_2-2026-06-17-065520/%n.log' does not guarantee unique log file name for every test system process. It may cause unpredictable results if several test components try to write into the same log file.
2026/Jun/17 06:55:28.982875 EXECUTOR - Module GSM_Constants has the following parameters: { TSPC_Serv_TS11 := true, TSPC_Serv_TS61 := false, TSPC_Serv_TS62 := false, TSPC_Serv_BS21 := false, TSPC_Serv_BS22 := false, TSPC_Serv_BS24 := false, TSPC_Serv_BS25 := false, TSPC_Serv_BS26 := false, TSPC_Serv_BS31 := false, TSPC_Serv_BS32 := false, TSPC_Serv_BS33 := false, TSPC_Serv_BS34 := false, TSPC_Serv_BS41 := false, TSPC_Serv_BS42 := false, TSPC_Serv_BS43 := false, TSPC_Serv_BS44 := false, TSPC_Serv_BS45 := false, TSPC_Serv_BS51 := false, TSPC_Serv_BS61 := false, TSPC_Serv_BS81 := false, TSPC_DualRate := false, TSPC_MTsvc := true, TSPX_IMSI := '901700000000001F'O, TSPX_TMSI := '1914D97F'O, TSPX_CKSNDef := 0, TSPX_RANDDef := '00112233445566778899AABBCCDDEEFF'O, TSPX_SRES := '12345678'O, TSPX_Kc := '0000000000000000'O, TSPX_SDCCH4SubDef := 0, TSPX_TmSltDef := 0, TSPX_TscDef := 7, TSPX_TCHHSubDef := 0, TCV_CC := true, TSPX_Telephony_Rate := C_Full (0), TSPX_MOBscSvcA := C_Telephony (0), TSPX_MOBscSvcB := C_Telephony (0), TSPX_MOBscSvcC := C_Telephony (0), TSPX_MOBscSvcD := C_Telephony (0), TSPX_MOBscSvcE := C_Telephony (0), TSPX_MOBscSvcF := C_Telephony (0), TSPX_MOBscSvcG := C_Telephony (0), TSPX_MOChRateA := C_Full (0), TSPX_MOChRateB := C_Full (0), TSPX_MOChRateC := C_Full (0), TSPX_MOChRateD := C_Full (0), TSPX_MOChRateE := C_Full (0), TSPX_MOChRateF := C_Full (0), TSPX_MOChRateG := C_Full (0), TSPX_MTBscSvcA := C_Telephony (0), TSPX_MTBscSvcB := C_Telephony (0), TSPX_MTBscSvcC := C_Telephony (0), TSPX_MTBscSvcD := C_Telephony (0), TSPX_MTBscSvcE := C_Telephony (0), TSPX_MTBscSvcF := C_Telephony (0), TSPX_MTBscSvcG := C_Telephony (0), TSPX_MTBscSvcH := C_Telephony (0), TSPX_MTBscSvcI := C_Telephony (0), TSPX_MTBscSvcJ := C_Telephony (0), TSPX_MTChRateA := C_Full (0), TSPX_MTChRateB := C_Full (0), TSPX_MTChRateC := C_Full (0), TSPX_MTChRateD := C_Full (0), TSPX_MTChRateE := C_Full (0), TSPX_MTChRateF := C_Full (0), TSPX_MTChRateG := C_Full (0), TSPX_MTChRateH := C_Full (0), TSPX_MTChRateI := C_Full (0), TSPX_MTChRateJ := C_Full (0), C_arfcnA := 100 }
2026/Jun/17 06:55:28.982966 EXECUTOR - Module TC_26_6_1_2 has the following parameters: { TSPX_nPara := 3, TSPX_i1Para := 3, TSPX_kPara := 5, TSPX_i2Para := 1, TSPX_rPara := 4, TSPX_i3Para := 4 }
2026/Jun/17 06:55:28.983004 EXECUTOR - Initializing module GSM_Component_Definitions.
2026/Jun/17 06:55:28.983015 EXECUTOR GSM_Component_Definitions.ttcn3:0 Initializing module GSM_Templates.
2026/Jun/17 06:55:28.983035 EXECUTOR GSM_Templates.ttcn3:0 Initializing module GSM_Constants.
2026/Jun/17 06:55:28.983042 EXECUTOR GSM_Constants.ttcn3:0 Initializing module GSM_Types.
2026/Jun/17 06:55:28.983050 EXECUTOR GSM_Constants.ttcn3:0 Initialization of module GSM_Types finished.
2026/Jun/17 06:55:28.983055 EXECUTOR GSM_Templates.ttcn3:0 Initialization of module GSM_Constants finished.
2026/Jun/17 06:55:28.983133 EXECUTOR GSM_Component_Definitions.ttcn3:0 Initialization of module GSM_Templates finished.
2026/Jun/17 06:55:28.983140 EXECUTOR - Initialization of module GSM_Component_Definitions finished.
2026/Jun/17 06:55:28.983145 EXECUTOR - Initializing module GSM_Functions.
2026/Jun/17 06:55:28.983170 EXECUTOR - Initialization of module GSM_Functions finished.
2026/Jun/17 06:55:28.983175 EXECUTOR - Initializing module PreGenRecordOf.
2026/Jun/17 06:55:28.983178 EXECUTOR - Initialization of module PreGenRecordOf finished.
2026/Jun/17 06:55:28.983182 EXECUTOR - Initializing module TC_26_2_1_3.
2026/Jun/17 06:55:28.983190 EXECUTOR - Initialization of module TC_26_2_1_3 finished.
2026/Jun/17 06:55:28.983194 EXECUTOR - Initializing module TC_26_2_2.
2026/Jun/17 06:55:28.983201 EXECUTOR - Initialization of module TC_26_2_2 finished.
2026/Jun/17 06:55:28.983206 EXECUTOR - Initializing module TC_26_2_3.
2026/Jun/17 06:55:28.983213 EXECUTOR - Initialization of module TC_26_2_3 finished.
2026/Jun/17 06:55:28.983218 EXECUTOR - Initializing module TC_26_6_11_1.
2026/Jun/17 06:55:28.983225 EXECUTOR - Initialization of module TC_26_6_11_1 finished.
2026/Jun/17 06:55:28.983230 EXECUTOR - Initializing module TC_26_6_11_2.
2026/Jun/17 06:55:28.983237 EXECUTOR - Initialization of module TC_26_6_11_2 finished.
2026/Jun/17 06:55:28.983243 EXECUTOR - Initializing module TC_26_6_12_1.
2026/Jun/17 06:55:28.983250 EXECUTOR - Initialization of module TC_26_6_12_1 finished.
2026/Jun/17 06:55:28.983254 EXECUTOR - Initializing module TC_26_6_12_2.
2026/Jun/17 06:55:28.983261 EXECUTOR - Initialization of module TC_26_6_12_2 finished.
2026/Jun/17 06:55:28.983265 EXECUTOR - Initializing module TC_26_6_12_3.
2026/Jun/17 06:55:28.983272 EXECUTOR - Initialization of module TC_26_6_12_3 finished.
2026/Jun/17 06:55:28.983276 EXECUTOR - Initializing module TC_26_6_12_4.
2026/Jun/17 06:55:28.983283 EXECUTOR - Initialization of module TC_26_6_12_4 finished.
2026/Jun/17 06:55:28.983287 EXECUTOR - Initializing module TC_26_6_13_10.
2026/Jun/17 06:55:28.983294 EXECUTOR - Initialization of module TC_26_6_13_10 finished.
2026/Jun/17 06:55:28.983298 EXECUTOR - Initializing module TC_26_6_13_9.
2026/Jun/17 06:55:28.983305 EXECUTOR - Initialization of module TC_26_6_13_9 finished.
2026/Jun/17 06:55:28.983309 EXECUTOR - Initializing module TC_26_6_1_1.
2026/Jun/17 06:55:28.983315 EXECUTOR - Initialization of module TC_26_6_1_1 finished.
2026/Jun/17 06:55:28.983325 EXECUTOR - Initializing module TC_26_6_1_2.
2026/Jun/17 06:55:28.983331 EXECUTOR - Initialization of module TC_26_6_1_2 finished.
2026/Jun/17 06:55:28.983335 EXECUTOR - Initializing module TC_26_6_1_3.
2026/Jun/17 06:55:28.983341 EXECUTOR - Initialization of module TC_26_6_1_3 finished.
2026/Jun/17 06:55:28.983345 EXECUTOR - Initializing module TC_26_6_1_4.
2026/Jun/17 06:55:28.983352 EXECUTOR - Initialization of module TC_26_6_1_4 finished.
2026/Jun/17 06:55:28.983356 EXECUTOR - Initializing module TC_26_6_1_5.
2026/Jun/17 06:55:28.983363 EXECUTOR - Initialization of module TC_26_6_1_5 finished.
2026/Jun/17 06:55:28.983367 EXECUTOR - Initializing module TC_26_6_2_1_1.
2026/Jun/17 06:55:28.983374 EXECUTOR - Initialization of module TC_26_6_2_1_1 finished.
2026/Jun/17 06:55:28.983378 EXECUTOR - Initializing module TC_26_6_2_1_2.
2026/Jun/17 06:55:28.983385 EXECUTOR - Initialization of module TC_26_6_2_1_2 finished.
2026/Jun/17 06:55:28.983390 EXECUTOR - Initializing module TC_26_6_2_1_3.
2026/Jun/17 06:55:28.983397 EXECUTOR - Initialization of module TC_26_6_2_1_3 finished.
2026/Jun/17 06:55:28.983401 EXECUTOR - Initializing module TC_26_6_2_2.
2026/Jun/17 06:55:28.983408 EXECUTOR - Initialization of module TC_26_6_2_2 finished.
2026/Jun/17 06:55:28.983411 EXECUTOR - Initializing module TC_26_6_2_3_1.
2026/Jun/17 06:55:28.983418 EXECUTOR - Initialization of module TC_26_6_2_3_1 finished.
2026/Jun/17 06:55:28.983423 EXECUTOR - Initializing module TC_26_6_2_3_2.
2026/Jun/17 06:55:28.983430 EXECUTOR - Initialization of module TC_26_6_2_3_2 finished.
2026/Jun/17 06:55:28.983437 EXECUTOR - Initializing module TC_26_6_2_4.
2026/Jun/17 06:55:28.983444 EXECUTOR - Initialization of module TC_26_6_2_4 finished.
2026/Jun/17 06:55:28.983448 EXECUTOR - Initializing module TC_26_6_3_1.
2026/Jun/17 06:55:28.983456 EXECUTOR - Initialization of module TC_26_6_3_1 finished.
2026/Jun/17 06:55:28.983460 EXECUTOR - Initializing module TC_26_6_3_4.
2026/Jun/17 06:55:28.983467 EXECUTOR - Initialization of module TC_26_6_3_4 finished.
2026/Jun/17 06:55:28.983471 EXECUTOR - Initializing module TC_26_6_4_1.
2026/Jun/17 06:55:28.983478 EXECUTOR - Initialization of module TC_26_6_4_1 finished.
2026/Jun/17 06:55:28.983482 EXECUTOR - Initializing module TC_26_6_4_2_2.
2026/Jun/17 06:55:28.983489 EXECUTOR - Initialization of module TC_26_6_4_2_2 finished.
2026/Jun/17 06:55:28.983493 EXECUTOR - Initializing module TC_26_6_5_1.
2026/Jun/17 06:55:28.983499 EXECUTOR - Initialization of module TC_26_6_5_1 finished.
2026/Jun/17 06:55:28.983504 EXECUTOR - Initializing module TC_26_6_5_2_1.
2026/Jun/17 06:55:28.983510 EXECUTOR - Initialization of module TC_26_6_5_2_1 finished.
2026/Jun/17 06:55:28.983515 EXECUTOR - Initializing module TC_26_6_8_1.
2026/Jun/17 06:55:28.983521 EXECUTOR - Initialization of module TC_26_6_8_1 finished.
2026/Jun/17 06:55:28.983526 EXECUTOR - Initializing module TC_26_6_8_2.
2026/Jun/17 06:55:28.983533 EXECUTOR - Initialization of module TC_26_6_8_2 finished.
2026/Jun/17 06:55:28.983537 EXECUTOR - Initializing module TC_26_6_8_3.
2026/Jun/17 06:55:28.983544 EXECUTOR - Initialization of module TC_26_6_8_3 finished.
2026/Jun/17 06:55:28.983548 EXECUTOR - Initializing module TC_26_6_8_4.
2026/Jun/17 06:55:28.983555 EXECUTOR - Initialization of module TC_26_6_8_4 finished.
2026/Jun/17 06:55:28.983559 EXECUTOR - Initializing module TC_26_6_8_5.
2026/Jun/17 06:55:28.983566 EXECUTOR - Initialization of module TC_26_6_8_5 finished.
2026/Jun/17 06:55:28.983571 EXECUTOR - Initializing module TC_26_7_1.
2026/Jun/17 06:55:28.983578 EXECUTOR - Initialization of module TC_26_7_1 finished.
2026/Jun/17 06:55:28.983582 EXECUTOR - Initializing module TC_26_7_2_1.
2026/Jun/17 06:55:28.983589 EXECUTOR - Initialization of module TC_26_7_2_1 finished.
2026/Jun/17 06:55:28.983593 EXECUTOR - Initializing module TC_26_7_2_2.
2026/Jun/17 06:55:28.983600 EXECUTOR - Initialization of module TC_26_7_2_2 finished.
2026/Jun/17 06:55:28.983603 EXECUTOR - Initializing module TC_26_7_3_1.
2026/Jun/17 06:55:28.983609 EXECUTOR - Initialization of module TC_26_7_3_1 finished.
2026/Jun/17 06:55:28.983613 EXECUTOR - Initializing module TC_26_7_3_2.
2026/Jun/17 06:55:28.983619 EXECUTOR - Initialization of module TC_26_7_3_2 finished.
2026/Jun/17 06:55:28.983623 EXECUTOR - Initializing module TC_26_7_4_1.
2026/Jun/17 06:55:28.983629 EXECUTOR - Initialization of module TC_26_7_4_1 finished.
2026/Jun/17 06:55:28.983632 EXECUTOR - Initializing module TC_26_7_4_2_1.
2026/Jun/17 06:55:28.983639 EXECUTOR - Initialization of module TC_26_7_4_2_1 finished.
2026/Jun/17 06:55:28.983643 EXECUTOR - Initializing module TC_26_7_4_2_2_1.
2026/Jun/17 06:55:28.983649 EXECUTOR - Initialization of module TC_26_7_4_2_2_1 finished.
2026/Jun/17 06:55:28.983653 EXECUTOR - Initializing module TC_26_7_4_2_2_2.
2026/Jun/17 06:55:28.983659 EXECUTOR - Initialization of module TC_26_7_4_2_2_2 finished.
2026/Jun/17 06:55:28.983663 EXECUTOR - Initializing module TC_26_7_4_2_3.
2026/Jun/17 06:55:28.983669 EXECUTOR - Initialization of module TC_26_7_4_2_3 finished.
2026/Jun/17 06:55:28.983672 EXECUTOR - Initializing module TC_26_7_4_2_4_1.
2026/Jun/17 06:55:28.983679 EXECUTOR - Initialization of module TC_26_7_4_2_4_1 finished.
2026/Jun/17 06:55:28.983683 EXECUTOR - Initializing module TC_26_7_4_2_4_2.
2026/Jun/17 06:55:28.983689 EXECUTOR - Initialization of module TC_26_7_4_2_4_2 finished.
2026/Jun/17 06:55:28.983692 EXECUTOR - Initializing module TC_26_7_4_2_4_3.
2026/Jun/17 06:55:28.983700 EXECUTOR - Initialization of module TC_26_7_4_2_4_3 finished.
2026/Jun/17 06:55:28.983704 EXECUTOR - Initializing module TC_26_7_4_2_4_4.
2026/Jun/17 06:55:28.983714 EXECUTOR - Initialization of module TC_26_7_4_2_4_4 finished.
2026/Jun/17 06:55:28.983718 EXECUTOR - Initializing module TC_26_7_4_2_4_5.
2026/Jun/17 06:55:28.983725 EXECUTOR - Initialization of module TC_26_7_4_2_4_5 finished.
2026/Jun/17 06:55:28.983729 EXECUTOR - Initializing module TC_26_7_4_3_1.
2026/Jun/17 06:55:28.983735 EXECUTOR - Initialization of module TC_26_7_4_3_1 finished.
2026/Jun/17 06:55:28.983739 EXECUTOR - Initializing module TC_26_7_4_3_2.
2026/Jun/17 06:55:28.983746 EXECUTOR - Initialization of module TC_26_7_4_3_2 finished.
2026/Jun/17 06:55:28.983750 EXECUTOR - Initializing module TC_26_7_4_3_3.
2026/Jun/17 06:55:28.983756 EXECUTOR - Initialization of module TC_26_7_4_3_3 finished.
2026/Jun/17 06:55:28.983760 EXECUTOR - Initializing module TC_26_7_4_3_4.
2026/Jun/17 06:55:28.983767 EXECUTOR - Initialization of module TC_26_7_4_3_4 finished.
2026/Jun/17 06:55:28.983770 EXECUTOR - Initializing module TC_26_7_4_4.
2026/Jun/17 06:55:28.983777 EXECUTOR - Initialization of module TC_26_7_4_4 finished.
2026/Jun/17 06:55:28.983780 EXECUTOR - Initializing module TC_26_7_4_5_1.
2026/Jun/17 06:55:28.983787 EXECUTOR - Initialization of module TC_26_7_4_5_1 finished.
2026/Jun/17 06:55:28.983790 EXECUTOR - Initializing module TC_26_7_4_5_2.
2026/Jun/17 06:55:28.983797 EXECUTOR - Initialization of module TC_26_7_4_5_2 finished.
2026/Jun/17 06:55:28.983800 EXECUTOR - Initializing module TC_26_7_4_5_3.
2026/Jun/17 06:55:28.983807 EXECUTOR - Initialization of module TC_26_7_4_5_3 finished.
2026/Jun/17 06:55:28.983810 EXECUTOR - Initializing module TC_26_7_4_5_4_2.
2026/Jun/17 06:55:28.983817 EXECUTOR - Initialization of module TC_26_7_4_5_4_2 finished.
2026/Jun/17 06:55:29.082491 EXECUTOR - Initializing module TC_26_7_5_2.
2026/Jun/17 06:55:29.082568 EXECUTOR - Initialization of module TC_26_7_5_2 finished.
2026/Jun/17 06:55:29.082574 EXECUTOR - Initializing module TC_26_7_5_3.
2026/Jun/17 06:55:29.082582 EXECUTOR - Initialization of module TC_26_7_5_3 finished.
2026/Jun/17 06:55:29.082586 EXECUTOR - Initializing module TC_26_7_5_4.
2026/Jun/17 06:55:29.082593 EXECUTOR - Initialization of module TC_26_7_5_4 finished.
2026/Jun/17 06:55:29.082598 EXECUTOR - Initializing module TC_26_7_5_5.
2026/Jun/17 06:55:29.082604 EXECUTOR - Initialization of module TC_26_7_5_5 finished.
2026/Jun/17 06:55:29.082608 EXECUTOR - Initializing module TC_26_7_5_6.
2026/Jun/17 06:55:29.082615 EXECUTOR - Initialization of module TC_26_7_5_6 finished.
2026/Jun/17 06:55:29.082618 EXECUTOR - Initializing module TC_26_7_5_7_1.
2026/Jun/17 06:55:29.082625 EXECUTOR - Initialization of module TC_26_7_5_7_1 finished.
2026/Jun/17 06:55:29.082629 EXECUTOR - Initializing module TC_26_7_5_8_1.
2026/Jun/17 06:55:29.082636 EXECUTOR - Initialization of module TC_26_7_5_8_1 finished.
2026/Jun/17 06:55:29.082640 EXECUTOR - Initializing module TC_26_7_5_8_2.
2026/Jun/17 06:55:29.082647 EXECUTOR - Initialization of module TC_26_7_5_8_2 finished.
2026/Jun/17 06:55:29.082651 EXECUTOR - Initializing module TC_26_7_5_8_3.
2026/Jun/17 06:55:29.082658 EXECUTOR - Initialization of module TC_26_7_5_8_3 finished.
2026/Jun/17 06:55:29.082662 EXECUTOR - Initializing module TC_26_8_1_2_1_1.
2026/Jun/17 06:55:29.082669 EXECUTOR - Initialization of module TC_26_8_1_2_1_1 finished.
2026/Jun/17 06:55:29.082673 EXECUTOR - Initializing module TC_26_8_1_2_2_1.
2026/Jun/17 06:55:29.082680 EXECUTOR - Initialization of module TC_26_8_1_2_2_1 finished.
2026/Jun/17 06:55:29.082684 EXECUTOR - Initializing module TC_26_8_1_2_2_2.
2026/Jun/17 06:55:29.082691 EXECUTOR - Initialization of module TC_26_8_1_2_2_2 finished.
2026/Jun/17 06:55:29.082694 EXECUTOR - Initializing module TC_26_8_1_2_2_3.
2026/Jun/17 06:55:29.082700 EXECUTOR - Initialization of module TC_26_8_1_2_2_3 finished.
2026/Jun/17 06:55:29.082704 EXECUTOR - Initializing module TC_26_8_1_2_3_1.
2026/Jun/17 06:55:29.082711 EXECUTOR - Initialization of module TC_26_8_1_2_3_1 finished.
2026/Jun/17 06:55:29.082715 EXECUTOR - Initializing module TC_26_8_1_2_3_2.
2026/Jun/17 06:55:29.082721 EXECUTOR - Initialization of module TC_26_8_1_2_3_2 finished.
2026/Jun/17 06:55:29.082732 EXECUTOR - Initializing module TC_26_8_1_2_3_3.
2026/Jun/17 06:55:29.082738 EXECUTOR - Initialization of module TC_26_8_1_2_3_3 finished.
2026/Jun/17 06:55:29.082742 EXECUTOR - Initializing module TC_26_8_1_2_3_4.
2026/Jun/17 06:55:29.082748 EXECUTOR - Initialization of module TC_26_8_1_2_3_4 finished.
2026/Jun/17 06:55:29.082752 EXECUTOR - Initializing module TC_26_8_1_2_3_5.
2026/Jun/17 06:55:29.082759 EXECUTOR - Initialization of module TC_26_8_1_2_3_5 finished.
2026/Jun/17 06:55:29.082762 EXECUTOR - Initializing module TC_26_8_1_2_3_6.
2026/Jun/17 06:55:29.082769 EXECUTOR - Initialization of module TC_26_8_1_2_3_6 finished.
2026/Jun/17 06:55:29.082773 EXECUTOR - Initializing module TC_26_8_1_2_3_7.
2026/Jun/17 06:55:29.082780 EXECUTOR - Initialization of module TC_26_8_1_2_3_7 finished.
2026/Jun/17 06:55:29.082783 EXECUTOR - Initializing module TC_26_8_1_2_4_1.
2026/Jun/17 06:55:29.082790 EXECUTOR - Initialization of module TC_26_8_1_2_4_1 finished.
2026/Jun/17 06:55:29.082793 EXECUTOR - Initializing module TC_26_8_1_2_4_13.
2026/Jun/17 06:55:29.082800 EXECUTOR - Initialization of module TC_26_8_1_2_4_13 finished.
2026/Jun/17 06:55:29.082804 EXECUTOR - Initializing module TC_26_8_1_2_4_2.
2026/Jun/17 06:55:29.082811 EXECUTOR - Initialization of module TC_26_8_1_2_4_2 finished.
2026/Jun/17 06:55:29.082814 EXECUTOR - Initializing module TC_26_8_1_2_4_3.
2026/Jun/17 06:55:29.184877 EXECUTOR - Initialization of module TC_26_8_1_2_4_3 finished.
2026/Jun/17 06:55:29.184948 EXECUTOR - Initializing module TC_26_8_1_2_4_4.
2026/Jun/17 06:55:29.184961 EXECUTOR - Initialization of module TC_26_8_1_2_4_4 finished.
2026/Jun/17 06:55:29.184965 EXECUTOR - Initializing module TC_26_8_1_2_4_5.
2026/Jun/17 06:55:29.184973 EXECUTOR - Initialization of module TC_26_8_1_2_4_5 finished.
2026/Jun/17 06:55:29.184977 EXECUTOR - Initializing module TC_26_8_1_2_6_1.
2026/Jun/17 06:55:29.184985 EXECUTOR - Initialization of module TC_26_8_1_2_6_1 finished.
2026/Jun/17 06:55:29.184989 EXECUTOR - Initializing module TC_26_8_1_2_6_2.
2026/Jun/17 06:55:29.184996 EXECUTOR - Initialization of module TC_26_8_1_2_6_2 finished.
2026/Jun/17 06:55:29.185000 EXECUTOR - Initializing module TC_26_8_1_2_6_3.
2026/Jun/17 06:55:29.185006 EXECUTOR - Initialization of module TC_26_8_1_2_6_3 finished.
2026/Jun/17 06:55:29.185010 EXECUTOR - Initializing module TC_26_8_1_2_6_6.
2026/Jun/17 06:55:29.185017 EXECUTOR - Initialization of module TC_26_8_1_2_6_6 finished.
2026/Jun/17 06:55:29.185021 EXECUTOR - Initializing module TC_26_8_1_3_1_1.
2026/Jun/17 06:55:29.185027 EXECUTOR - Initialization of module TC_26_8_1_3_1_1 finished.
2026/Jun/17 06:55:29.185031 EXECUTOR - Initializing module TC_26_8_1_3_2_1.
2026/Jun/17 06:55:29.185037 EXECUTOR - Initialization of module TC_26_8_1_3_2_1 finished.
2026/Jun/17 06:55:29.185041 EXECUTOR - Initializing module TC_26_8_1_3_3_1.
2026/Jun/17 06:55:29.185048 EXECUTOR - Initialization of module TC_26_8_1_3_3_1 finished.
2026/Jun/17 06:55:29.185053 EXECUTOR - Initializing module TC_26_8_1_3_3_2.
2026/Jun/17 06:55:29.185059 EXECUTOR - Initialization of module TC_26_8_1_3_3_2 finished.
2026/Jun/17 06:55:29.185063 EXECUTOR - Initializing module TC_26_8_1_3_3_3.
2026/Jun/17 06:55:29.185069 EXECUTOR - Initialization of module TC_26_8_1_3_3_3 finished.
2026/Jun/17 06:55:29.185073 EXECUTOR - Initializing module TC_26_8_1_3_3_4.
2026/Jun/17 06:55:29.185080 EXECUTOR - Initialization of module TC_26_8_1_3_3_4 finished.
2026/Jun/17 06:55:29.185084 EXECUTOR - Initializing module TC_26_8_1_3_3_5.
2026/Jun/17 06:55:29.185091 EXECUTOR - Initialization of module TC_26_8_1_3_3_5 finished.
2026/Jun/17 06:55:29.185096 EXECUTOR - Initializing module TC_26_8_1_3_3_6.
2026/Jun/17 06:55:29.185103 EXECUTOR - Initialization of module TC_26_8_1_3_3_6 finished.
2026/Jun/17 06:55:29.185107 EXECUTOR - Initializing module TC_26_8_1_3_3_7.
2026/Jun/17 06:55:29.185113 EXECUTOR - Initialization of module TC_26_8_1_3_3_7 finished.
2026/Jun/17 06:55:29.185117 EXECUTOR - Initializing module TC_26_8_1_3_4_1.
2026/Jun/17 06:55:29.185132 EXECUTOR - Initialization of module TC_26_8_1_3_4_1 finished.
2026/Jun/17 06:55:29.185136 EXECUTOR - Initializing module TC_26_8_1_3_4_2.
2026/Jun/17 06:55:29.185144 EXECUTOR - Initialization of module TC_26_8_1_3_4_2 finished.
2026/Jun/17 06:55:29.185148 EXECUTOR - Initializing module TC_26_8_1_3_4_3.
2026/Jun/17 06:55:29.185155 EXECUTOR - Initialization of module TC_26_8_1_3_4_3 finished.
2026/Jun/17 06:55:29.185160 EXECUTOR - Initializing module TC_26_8_1_3_4_4.
2026/Jun/17 06:55:29.185166 EXECUTOR - Initialization of module TC_26_8_1_3_4_4 finished.
2026/Jun/17 06:55:29.185181 EXECUTOR - Initializing module TC_26_8_1_3_4_5.
2026/Jun/17 06:55:29.185188 EXECUTOR - Initialization of module TC_26_8_1_3_4_5 finished.
2026/Jun/17 06:55:29.185192 EXECUTOR - Initializing module TC_26_8_1_3_4_6.
2026/Jun/17 06:55:29.185199 EXECUTOR - Initialization of module TC_26_8_1_3_4_6 finished.
2026/Jun/17 06:55:29.185203 EXECUTOR - Initializing module TC_26_8_1_3_4_7.
2026/Jun/17 06:55:29.185213 EXECUTOR - Initialization of module TC_26_8_1_3_4_7 finished.
2026/Jun/17 06:55:29.185217 EXECUTOR - Initializing module TC_26_8_1_3_4_8.
2026/Jun/17 06:55:29.185224 EXECUTOR - Initialization of module TC_26_8_1_3_4_8 finished.
2026/Jun/17 06:55:29.185228 EXECUTOR - Initializing module TC_26_8_1_3_5_1.
2026/Jun/17 06:55:29.185236 EXECUTOR - Initialization of module TC_26_8_1_3_5_1 finished.
2026/Jun/17 06:55:29.185240 EXECUTOR - Initializing module TC_26_8_1_3_5_2.
2026/Jun/17 06:55:29.185248 EXECUTOR - Initialization of module TC_26_8_1_3_5_2 finished.
2026/Jun/17 06:55:29.185252 EXECUTOR - Initializing module TC_26_8_1_3_5_3.
2026/Jun/17 06:55:29.185258 EXECUTOR - Initialization of module TC_26_8_1_3_5_3 finished.
2026/Jun/17 06:55:29.185263 EXECUTOR - Initializing module TC_26_8_1_3_5_4.
2026/Jun/17 06:55:29.185269 EXECUTOR - Initialization of module TC_26_8_1_3_5_4 finished.
2026/Jun/17 06:55:29.185274 EXECUTOR - Initializing module TC_26_8_1_3_5_5.
2026/Jun/17 06:55:29.185280 EXECUTOR - Initialization of module TC_26_8_1_3_5_5 finished.
2026/Jun/17 06:55:29.185285 EXECUTOR - Initializing module TC_26_8_1_3_5_6.
2026/Jun/17 06:55:29.185291 EXECUTOR - Initialization of module TC_26_8_1_3_5_6 finished.
2026/Jun/17 06:55:29.185296 EXECUTOR - Initializing module TC_26_8_1_3_5_7.
2026/Jun/17 06:55:29.185303 EXECUTOR - Initialization of module TC_26_8_1_3_5_7 finished.
2026/Jun/17 06:55:29.185307 EXECUTOR - Initializing module TC_26_8_1_3_5_8.
2026/Jun/17 06:55:29.185314 EXECUTOR - Initialization of module TC_26_8_1_3_5_8 finished.
2026/Jun/17 06:55:29.185318 EXECUTOR - Initializing module TC_26_8_1_3_5_9.
2026/Jun/17 06:55:29.185325 EXECUTOR - Initialization of module TC_26_8_1_3_5_9 finished.
2026/Jun/17 06:55:29.185329 EXECUTOR - Initializing module TC_26_8_2_1.
2026/Jun/17 06:55:29.185335 EXECUTOR - Initialization of module TC_26_8_2_1 finished.
2026/Jun/17 06:55:29.185340 EXECUTOR - Initializing module TC_26_8_2_2.
2026/Jun/17 06:55:29.185347 EXECUTOR - Initialization of module TC_26_8_2_2 finished.
2026/Jun/17 06:55:29.185351 EXECUTOR - Initializing module TC_26_8_2_3.
2026/Jun/17 06:55:29.185357 EXECUTOR - Initialization of module TC_26_8_2_3 finished.
2026/Jun/17 06:55:29.185362 EXECUTOR - Initializing module TC_26_8_3.
2026/Jun/17 06:55:29.185369 EXECUTOR - Initialization of module TC_26_8_3 finished.
2026/Jun/17 06:55:29.185373 EXECUTOR - Initializing module TC_34_2_2.
2026/Jun/17 06:55:29.185380 EXECUTOR - Initialization of module TC_34_2_2 finished.
2026/Jun/17 06:55:29.185385 EXECUTOR - Initializing module TitanLoggerApi.
2026/Jun/17 06:55:29.185388 EXECUTOR - Initialization of module TitanLoggerApi finished.
2026/Jun/17 06:55:29.185392 EXECUTOR - Initializing module TitanLoggerControl.
2026/Jun/17 06:55:29.185396 EXECUTOR - Initialization of module TitanLoggerControl finished.
2026/Jun/17 06:55:29.185408 EXECUTOR - Configuration data was processed successfully.
2026/Jun/17 06:55:29.452662 EXECUTOR - MTC was created. Process id: 39.
2026/Jun/17 06:56:50.682880 EXECUTOR - Exit was requested from MC. Terminating HC.
2026/Jun/17 06:56:50.683091 EXECUTOR - Disconnected from MC.
2026/Jun/17 06:56:50.683129 EXECUTOR - TTCN-3 Host Controller finished.
