2026/Jun/30 05:24:23.329908 EXECUTOR - TTCN-3 Host Controller started on ttcn3-tc-26-6-2-1-1-1-6r66s. Version: 11.1.0.
2026/Jun/30 05:24:23.331192 EXECUTOR - TTCN Logger v2.2 options: TimeStampFormat:=DateTime; LogEntityName:=No; LogEventTypes:=Yes; SourceInfoFormat:=Single; LogSensitiveData:=No; *.FileMask:=LOG_ALL; *.ConsoleMask:=ERROR | TESTCASE | USER | VERDICTOP | WARNING; LogFileSize:=0; LogFileNumber:=1; DiskFullAction:=Error
2026/Jun/30 05:24:23.331202 EXECUTOR - Maximum number of open file descriptors: 1048576,   FD_SETSIZE = 1024
2026/Jun/30 05:24:23.331306 WARNING - Warning: The address of MC was set to a local IP address. This may cause incorrect behavior if a HC from a remote host also connects to MC.
2026/Jun/30 05:24:23.331338 EXECUTOR - The address of MC was set to 127.0.0.1:0.
2026/Jun/30 05:24:23.331443 EXECUTOR - Connected to MC.
2026/Jun/30 05:24:23.331521 EXECUTOR - This host supports UNIX domain sockets for local communication.
2026/Jun/30 05:24:23.331760 EXECUTOR - Processing configuration data received from MC.
2026/Jun/30 05:24:23.333147 WARNING - Warning: Skeleton `/results/TC_26_6_2_1_1-2026-06-30-052419/%n.log' does not guarantee unique log file name for every test system process. It may cause unpredictable results if several test components try to write into the same log file.
2026/Jun/30 05:24:23.333438 EXECUTOR - Module GSM_Constants has the following parameters: { TSPC_Serv_TS11 := true, TSPC_Serv_TS61 := false, TSPC_Serv_TS62 := false, TSPC_Serv_BS21 := false, TSPC_Serv_BS22 := false, TSPC_Serv_BS24 := false, TSPC_Serv_BS25 := false, TSPC_Serv_BS26 := false, TSPC_Serv_BS31 := false, TSPC_Serv_BS32 := false, TSPC_Serv_BS33 := false, TSPC_Serv_BS34 := false, TSPC_Serv_BS41 := false, TSPC_Serv_BS42 := false, TSPC_Serv_BS43 := false, TSPC_Serv_BS44 := false, TSPC_Serv_BS45 := false, TSPC_Serv_BS51 := false, TSPC_Serv_BS61 := false, TSPC_Serv_BS81 := false, TSPC_DualRate := false, TSPC_MTsvc := true, TSPX_IMSI := '901700000000001F'O, TSPX_TMSI := '1914D97F'O, TSPX_CKSNDef := 0, TSPX_RANDDef := '00112233445566778899AABBCCDDEEFF'O, TSPX_SRES := '12345678'O, TSPX_Kc := '0000000000000000'O, TSPX_SDCCH4SubDef := 0, TSPX_TmSltDef := 0, TSPX_TscDef := 7, TSPX_TCHHSubDef := 0, TCV_CC := true, TSPX_Telephony_Rate := C_Full (0), TSPX_MOBscSvcA := C_Telephony (0), TSPX_MOBscSvcB := C_Telephony (0), TSPX_MOBscSvcC := C_Telephony (0), TSPX_MOBscSvcD := C_Telephony (0), TSPX_MOBscSvcE := C_Telephony (0), TSPX_MOBscSvcF := C_Telephony (0), TSPX_MOBscSvcG := C_Telephony (0), TSPX_MOChRateA := C_Full (0), TSPX_MOChRateB := C_Full (0), TSPX_MOChRateC := C_Full (0), TSPX_MOChRateD := C_Full (0), TSPX_MOChRateE := C_Full (0), TSPX_MOChRateF := C_Full (0), TSPX_MOChRateG := C_Full (0), TSPX_MTBscSvcA := C_Telephony (0), TSPX_MTBscSvcB := C_Telephony (0), TSPX_MTBscSvcC := C_Telephony (0), TSPX_MTBscSvcD := C_Telephony (0), TSPX_MTBscSvcE := C_Telephony (0), TSPX_MTBscSvcF := C_Telephony (0), TSPX_MTBscSvcG := C_Telephony (0), TSPX_MTBscSvcH := C_Telephony (0), TSPX_MTBscSvcI := C_Telephony (0), TSPX_MTBscSvcJ := C_Telephony (0), TSPX_MTChRateA := C_Full (0), TSPX_MTChRateB := C_Full (0), TSPX_MTChRateC := C_Full (0), TSPX_MTChRateD := C_Full (0), TSPX_MTChRateE := C_Full (0), TSPX_MTChRateF := C_Full (0), TSPX_MTChRateG := C_Full (0), TSPX_MTChRateH := C_Full (0), TSPX_MTChRateI := C_Full (0), TSPX_MTChRateJ := C_Full (0), C_arfcnA := 51 }
2026/Jun/30 05:24:23.333506 EXECUTOR - Module TC_26_6_1_2 has the following parameters: { TSPX_nPara := 3, TSPX_i1Para := 3, TSPX_kPara := 5, TSPX_i2Para := 1, TSPX_rPara := 4, TSPX_i3Para := 4 }
2026/Jun/30 05:24:23.333530 EXECUTOR - Initializing module GSM_Component_Definitions.
2026/Jun/30 05:24:23.333536 EXECUTOR GSM_Component_Definitions.ttcn3:0 Initializing module GSM_Templates.
2026/Jun/30 05:24:23.333551 EXECUTOR GSM_Templates.ttcn3:0 Initializing module GSM_Constants.
2026/Jun/30 05:24:23.333556 EXECUTOR GSM_Constants.ttcn3:0 Initializing module GSM_Types.
2026/Jun/30 05:24:23.333559 EXECUTOR GSM_Constants.ttcn3:0 Initialization of module GSM_Types finished.
2026/Jun/30 05:24:23.333562 EXECUTOR GSM_Templates.ttcn3:0 Initialization of module GSM_Constants finished.
2026/Jun/30 05:24:23.333629 EXECUTOR GSM_Component_Definitions.ttcn3:0 Initialization of module GSM_Templates finished.
2026/Jun/30 05:24:23.333633 EXECUTOR - Initialization of module GSM_Component_Definitions finished.
2026/Jun/30 05:24:23.333635 EXECUTOR - Initializing module GSM_Functions.
2026/Jun/30 05:24:23.333655 EXECUTOR - Initialization of module GSM_Functions finished.
2026/Jun/30 05:24:23.333658 EXECUTOR - Initializing module PreGenRecordOf.
2026/Jun/30 05:24:23.333660 EXECUTOR - Initialization of module PreGenRecordOf finished.
2026/Jun/30 05:24:23.333662 EXECUTOR - Initializing module TC_26_2_1_3.
2026/Jun/30 05:24:23.333666 EXECUTOR - Initialization of module TC_26_2_1_3 finished.
2026/Jun/30 05:24:23.333668 EXECUTOR - Initializing module TC_26_2_2.
2026/Jun/30 05:24:23.333672 EXECUTOR - Initialization of module TC_26_2_2 finished.
2026/Jun/30 05:24:23.333674 EXECUTOR - Initializing module TC_26_2_3.
2026/Jun/30 05:24:23.333678 EXECUTOR - Initialization of module TC_26_2_3 finished.
2026/Jun/30 05:24:23.333680 EXECUTOR - Initializing module TC_26_6_11_1.
2026/Jun/30 05:24:23.333684 EXECUTOR - Initialization of module TC_26_6_11_1 finished.
2026/Jun/30 05:24:23.333686 EXECUTOR - Initializing module TC_26_6_11_2.
2026/Jun/30 05:24:23.333690 EXECUTOR - Initialization of module TC_26_6_11_2 finished.
2026/Jun/30 05:24:23.333692 EXECUTOR - Initializing module TC_26_6_12_1.
2026/Jun/30 05:24:23.333696 EXECUTOR - Initialization of module TC_26_6_12_1 finished.
2026/Jun/30 05:24:23.333698 EXECUTOR - Initializing module TC_26_6_12_2.
2026/Jun/30 05:24:23.333702 EXECUTOR - Initialization of module TC_26_6_12_2 finished.
2026/Jun/30 05:24:23.333704 EXECUTOR - Initializing module TC_26_6_12_3.
2026/Jun/30 05:24:23.333708 EXECUTOR - Initialization of module TC_26_6_12_3 finished.
2026/Jun/30 05:24:23.333710 EXECUTOR - Initializing module TC_26_6_12_4.
2026/Jun/30 05:24:23.333714 EXECUTOR - Initialization of module TC_26_6_12_4 finished.
2026/Jun/30 05:24:23.333716 EXECUTOR - Initializing module TC_26_6_13_10.
2026/Jun/30 05:24:23.333720 EXECUTOR - Initialization of module TC_26_6_13_10 finished.
2026/Jun/30 05:24:23.333722 EXECUTOR - Initializing module TC_26_6_13_9.
2026/Jun/30 05:24:23.333726 EXECUTOR - Initialization of module TC_26_6_13_9 finished.
2026/Jun/30 05:24:23.333728 EXECUTOR - Initializing module TC_26_6_1_1.
2026/Jun/30 05:24:23.333732 EXECUTOR - Initialization of module TC_26_6_1_1 finished.
2026/Jun/30 05:24:23.333734 EXECUTOR - Initializing module TC_26_6_1_2.
2026/Jun/30 05:24:23.333739 EXECUTOR - Initialization of module TC_26_6_1_2 finished.
2026/Jun/30 05:24:23.333741 EXECUTOR - Initializing module TC_26_6_1_3.
2026/Jun/30 05:24:23.333745 EXECUTOR - Initialization of module TC_26_6_1_3 finished.
2026/Jun/30 05:24:23.333747 EXECUTOR - Initializing module TC_26_6_1_4.
2026/Jun/30 05:24:23.333750 EXECUTOR - Initialization of module TC_26_6_1_4 finished.
2026/Jun/30 05:24:23.333752 EXECUTOR - Initializing module TC_26_6_1_5.
2026/Jun/30 05:24:23.333756 EXECUTOR - Initialization of module TC_26_6_1_5 finished.
2026/Jun/30 05:24:23.333759 EXECUTOR - Initializing module TC_26_6_2_1_1.
2026/Jun/30 05:24:23.333763 EXECUTOR - Initialization of module TC_26_6_2_1_1 finished.
2026/Jun/30 05:24:23.333765 EXECUTOR - Initializing module TC_26_6_2_1_2.
2026/Jun/30 05:24:23.333768 EXECUTOR - Initialization of module TC_26_6_2_1_2 finished.
2026/Jun/30 05:24:23.333771 EXECUTOR - Initializing module TC_26_6_2_1_3.
2026/Jun/30 05:24:23.333775 EXECUTOR - Initialization of module TC_26_6_2_1_3 finished.
2026/Jun/30 05:24:23.333777 EXECUTOR - Initializing module TC_26_6_2_2.
2026/Jun/30 05:24:23.333781 EXECUTOR - Initialization of module TC_26_6_2_2 finished.
2026/Jun/30 05:24:23.333783 EXECUTOR - Initializing module TC_26_6_2_3_1.
2026/Jun/30 05:24:23.333787 EXECUTOR - Initialization of module TC_26_6_2_3_1 finished.
2026/Jun/30 05:24:23.333789 EXECUTOR - Initializing module TC_26_6_2_3_2.
2026/Jun/30 05:24:23.333793 EXECUTOR - Initialization of module TC_26_6_2_3_2 finished.
2026/Jun/30 05:24:23.333798 EXECUTOR - Initializing module TC_26_6_2_4.
2026/Jun/30 05:24:23.333802 EXECUTOR - Initialization of module TC_26_6_2_4 finished.
2026/Jun/30 05:24:23.333804 EXECUTOR - Initializing module TC_26_6_3_1.
2026/Jun/30 05:24:23.333808 EXECUTOR - Initialization of module TC_26_6_3_1 finished.
2026/Jun/30 05:24:23.333811 EXECUTOR - Initializing module TC_26_6_3_4.
2026/Jun/30 05:24:23.333815 EXECUTOR - Initialization of module TC_26_6_3_4 finished.
2026/Jun/30 05:24:23.333817 EXECUTOR - Initializing module TC_26_6_4_1.
2026/Jun/30 05:24:23.333826 EXECUTOR - Initialization of module TC_26_6_4_1 finished.
2026/Jun/30 05:24:23.333831 EXECUTOR - Initializing module TC_26_6_4_2_2.
2026/Jun/30 05:24:23.333835 EXECUTOR - Initialization of module TC_26_6_4_2_2 finished.
2026/Jun/30 05:24:23.333837 EXECUTOR - Initializing module TC_26_6_5_1.
2026/Jun/30 05:24:23.333841 EXECUTOR - Initialization of module TC_26_6_5_1 finished.
2026/Jun/30 05:24:23.333843 EXECUTOR - Initializing module TC_26_6_5_2_1.
2026/Jun/30 05:24:23.333847 EXECUTOR - Initialization of module TC_26_6_5_2_1 finished.
2026/Jun/30 05:24:23.333850 EXECUTOR - Initializing module TC_26_6_8_1.
2026/Jun/30 05:24:23.333853 EXECUTOR - Initialization of module TC_26_6_8_1 finished.
2026/Jun/30 05:24:23.333856 EXECUTOR - Initializing module TC_26_6_8_2.
2026/Jun/30 05:24:23.333860 EXECUTOR - Initialization of module TC_26_6_8_2 finished.
2026/Jun/30 05:24:23.333862 EXECUTOR - Initializing module TC_26_6_8_3.
2026/Jun/30 05:24:23.333866 EXECUTOR - Initialization of module TC_26_6_8_3 finished.
2026/Jun/30 05:24:23.333868 EXECUTOR - Initializing module TC_26_6_8_4.
2026/Jun/30 05:24:23.333872 EXECUTOR - Initialization of module TC_26_6_8_4 finished.
2026/Jun/30 05:24:23.333874 EXECUTOR - Initializing module TC_26_6_8_5.
2026/Jun/30 05:24:23.333878 EXECUTOR - Initialization of module TC_26_6_8_5 finished.
2026/Jun/30 05:24:23.333880 EXECUTOR - Initializing module TC_26_7_1.
2026/Jun/30 05:24:23.333884 EXECUTOR - Initialization of module TC_26_7_1 finished.
2026/Jun/30 05:24:23.333886 EXECUTOR - Initializing module TC_26_7_2_1.
2026/Jun/30 05:24:23.333890 EXECUTOR - Initialization of module TC_26_7_2_1 finished.
2026/Jun/30 05:24:23.333892 EXECUTOR - Initializing module TC_26_7_2_2.
2026/Jun/30 05:24:23.333896 EXECUTOR - Initialization of module TC_26_7_2_2 finished.
2026/Jun/30 05:24:23.333898 EXECUTOR - Initializing module TC_26_7_3_1.
2026/Jun/30 05:24:23.333902 EXECUTOR - Initialization of module TC_26_7_3_1 finished.
2026/Jun/30 05:24:23.333904 EXECUTOR - Initializing module TC_26_7_3_2.
2026/Jun/30 05:24:23.333908 EXECUTOR - Initialization of module TC_26_7_3_2 finished.
2026/Jun/30 05:24:23.333910 EXECUTOR - Initializing module TC_26_7_4_1.
2026/Jun/30 05:24:23.333914 EXECUTOR - Initialization of module TC_26_7_4_1 finished.
2026/Jun/30 05:24:23.333916 EXECUTOR - Initializing module TC_26_7_4_2_1.
2026/Jun/30 05:24:23.333920 EXECUTOR - Initialization of module TC_26_7_4_2_1 finished.
2026/Jun/30 05:24:23.333922 EXECUTOR - Initializing module TC_26_7_4_2_2_1.
2026/Jun/30 05:24:23.333926 EXECUTOR - Initialization of module TC_26_7_4_2_2_1 finished.
2026/Jun/30 05:24:23.333929 EXECUTOR - Initializing module TC_26_7_4_2_2_2.
2026/Jun/30 05:24:23.333932 EXECUTOR - Initialization of module TC_26_7_4_2_2_2 finished.
2026/Jun/30 05:24:23.333934 EXECUTOR - Initializing module TC_26_7_4_2_3.
2026/Jun/30 05:24:23.333938 EXECUTOR - Initialization of module TC_26_7_4_2_3 finished.
2026/Jun/30 05:24:23.333941 EXECUTOR - Initializing module TC_26_7_4_2_4_1.
2026/Jun/30 05:24:23.333944 EXECUTOR - Initialization of module TC_26_7_4_2_4_1 finished.
2026/Jun/30 05:24:23.333947 EXECUTOR - Initializing module TC_26_7_4_2_4_2.
2026/Jun/30 05:24:23.333951 EXECUTOR - Initialization of module TC_26_7_4_2_4_2 finished.
2026/Jun/30 05:24:23.333953 EXECUTOR - Initializing module TC_26_7_4_2_4_3.
2026/Jun/30 05:24:23.333957 EXECUTOR - Initialization of module TC_26_7_4_2_4_3 finished.
2026/Jun/30 05:24:23.333959 EXECUTOR - Initializing module TC_26_7_4_2_4_4.
2026/Jun/30 05:24:23.333965 EXECUTOR - Initialization of module TC_26_7_4_2_4_4 finished.
2026/Jun/30 05:24:23.333968 EXECUTOR - Initializing module TC_26_7_4_2_4_5.
2026/Jun/30 05:24:23.333972 EXECUTOR - Initialization of module TC_26_7_4_2_4_5 finished.
2026/Jun/30 05:24:23.333974 EXECUTOR - Initializing module TC_26_7_4_3_1.
2026/Jun/30 05:24:23.333978 EXECUTOR - Initialization of module TC_26_7_4_3_1 finished.
2026/Jun/30 05:24:23.333980 EXECUTOR - Initializing module TC_26_7_4_3_2.
2026/Jun/30 05:24:23.333984 EXECUTOR - Initialization of module TC_26_7_4_3_2 finished.
2026/Jun/30 05:24:23.333986 EXECUTOR - Initializing module TC_26_7_4_3_3.
2026/Jun/30 05:24:23.333991 EXECUTOR - Initialization of module TC_26_7_4_3_3 finished.
2026/Jun/30 05:24:23.333993 EXECUTOR - Initializing module TC_26_7_4_3_4.
2026/Jun/30 05:24:23.333997 EXECUTOR - Initialization of module TC_26_7_4_3_4 finished.
2026/Jun/30 05:24:23.333999 EXECUTOR - Initializing module TC_26_7_4_4.
2026/Jun/30 05:24:23.334003 EXECUTOR - Initialization of module TC_26_7_4_4 finished.
2026/Jun/30 05:24:23.334005 EXECUTOR - Initializing module TC_26_7_4_5_1.
2026/Jun/30 05:24:23.334009 EXECUTOR - Initialization of module TC_26_7_4_5_1 finished.
2026/Jun/30 05:24:23.334011 EXECUTOR - Initializing module TC_26_7_4_5_2.
2026/Jun/30 05:24:23.334015 EXECUTOR - Initialization of module TC_26_7_4_5_2 finished.
2026/Jun/30 05:24:23.334018 EXECUTOR - Initializing module TC_26_7_4_5_3.
2026/Jun/30 05:24:23.334021 EXECUTOR - Initialization of module TC_26_7_4_5_3 finished.
2026/Jun/30 05:24:23.334024 EXECUTOR - Initializing module TC_26_7_4_5_4_2.
2026/Jun/30 05:24:23.334027 EXECUTOR - Initialization of module TC_26_7_4_5_4_2 finished.
2026/Jun/30 05:24:23.334030 EXECUTOR - Initializing module TC_26_7_5_2.
2026/Jun/30 05:24:23.334034 EXECUTOR - Initialization of module TC_26_7_5_2 finished.
2026/Jun/30 05:24:23.334036 EXECUTOR - Initializing module TC_26_7_5_3.
2026/Jun/30 05:24:23.334040 EXECUTOR - Initialization of module TC_26_7_5_3 finished.
2026/Jun/30 05:24:23.334042 EXECUTOR - Initializing module TC_26_7_5_4.
2026/Jun/30 05:24:23.334046 EXECUTOR - Initialization of module TC_26_7_5_4 finished.
2026/Jun/30 05:24:23.334048 EXECUTOR - Initializing module TC_26_7_5_5.
2026/Jun/30 05:24:23.334052 EXECUTOR - Initialization of module TC_26_7_5_5 finished.
2026/Jun/30 05:24:23.334054 EXECUTOR - Initializing module TC_26_7_5_6.
2026/Jun/30 05:24:23.334058 EXECUTOR - Initialization of module TC_26_7_5_6 finished.
2026/Jun/30 05:24:23.334060 EXECUTOR - Initializing module TC_26_7_5_7_1.
2026/Jun/30 05:24:23.334064 EXECUTOR - Initialization of module TC_26_7_5_7_1 finished.
2026/Jun/30 05:24:23.334066 EXECUTOR - Initializing module TC_26_7_5_8_1.
2026/Jun/30 05:24:23.334071 EXECUTOR - Initialization of module TC_26_7_5_8_1 finished.
2026/Jun/30 05:24:23.334073 EXECUTOR - Initializing module TC_26_7_5_8_2.
2026/Jun/30 05:24:23.334077 EXECUTOR - Initialization of module TC_26_7_5_8_2 finished.
2026/Jun/30 05:24:23.334079 EXECUTOR - Initializing module TC_26_7_5_8_3.
2026/Jun/30 05:24:23.334083 EXECUTOR - Initialization of module TC_26_7_5_8_3 finished.
2026/Jun/30 05:24:23.334085 EXECUTOR - Initializing module TC_26_8_1_2_1_1.
2026/Jun/30 05:24:23.334089 EXECUTOR - Initialization of module TC_26_8_1_2_1_1 finished.
2026/Jun/30 05:24:23.334091 EXECUTOR - Initializing module TC_26_8_1_2_2_1.
2026/Jun/30 05:24:23.334095 EXECUTOR - Initialization of module TC_26_8_1_2_2_1 finished.
2026/Jun/30 05:24:23.334097 EXECUTOR - Initializing module TC_26_8_1_2_2_2.
2026/Jun/30 05:24:23.334101 EXECUTOR - Initialization of module TC_26_8_1_2_2_2 finished.
2026/Jun/30 05:24:23.334103 EXECUTOR - Initializing module TC_26_8_1_2_2_3.
2026/Jun/30 05:24:23.334107 EXECUTOR - Initialization of module TC_26_8_1_2_2_3 finished.
2026/Jun/30 05:24:23.334109 EXECUTOR - Initializing module TC_26_8_1_2_3_1.
2026/Jun/30 05:24:23.334113 EXECUTOR - Initialization of module TC_26_8_1_2_3_1 finished.
2026/Jun/30 05:24:23.334115 EXECUTOR - Initializing module TC_26_8_1_2_3_2.
2026/Jun/30 05:24:23.334119 EXECUTOR - Initialization of module TC_26_8_1_2_3_2 finished.
2026/Jun/30 05:24:23.334124 EXECUTOR - Initializing module TC_26_8_1_2_3_3.
2026/Jun/30 05:24:23.334128 EXECUTOR - Initialization of module TC_26_8_1_2_3_3 finished.
2026/Jun/30 05:24:23.334130 EXECUTOR - Initializing module TC_26_8_1_2_3_4.
2026/Jun/30 05:24:23.334134 EXECUTOR - Initialization of module TC_26_8_1_2_3_4 finished.
2026/Jun/30 05:24:23.334136 EXECUTOR - Initializing module TC_26_8_1_2_3_5.
2026/Jun/30 05:24:23.334140 EXECUTOR - Initialization of module TC_26_8_1_2_3_5 finished.
2026/Jun/30 05:24:23.334142 EXECUTOR - Initializing module TC_26_8_1_2_3_6.
2026/Jun/30 05:24:23.334147 EXECUTOR - Initialization of module TC_26_8_1_2_3_6 finished.
2026/Jun/30 05:24:23.334149 EXECUTOR - Initializing module TC_26_8_1_2_3_7.
2026/Jun/30 05:24:23.334153 EXECUTOR - Initialization of module TC_26_8_1_2_3_7 finished.
2026/Jun/30 05:24:23.334155 EXECUTOR - Initializing module TC_26_8_1_2_4_1.
2026/Jun/30 05:24:23.334159 EXECUTOR - Initialization of module TC_26_8_1_2_4_1 finished.
2026/Jun/30 05:24:23.334161 EXECUTOR - Initializing module TC_26_8_1_2_4_13.
2026/Jun/30 05:24:23.334165 EXECUTOR - Initialization of module TC_26_8_1_2_4_13 finished.
2026/Jun/30 05:24:23.334167 EXECUTOR - Initializing module TC_26_8_1_2_4_2.
2026/Jun/30 05:24:23.334171 EXECUTOR - Initialization of module TC_26_8_1_2_4_2 finished.
2026/Jun/30 05:24:23.334173 EXECUTOR - Initializing module TC_26_8_1_2_4_3.
2026/Jun/30 05:24:23.334177 EXECUTOR - Initialization of module TC_26_8_1_2_4_3 finished.
2026/Jun/30 05:24:23.334179 EXECUTOR - Initializing module TC_26_8_1_2_4_4.
2026/Jun/30 05:24:23.334183 EXECUTOR - Initialization of module TC_26_8_1_2_4_4 finished.
2026/Jun/30 05:24:23.334185 EXECUTOR - Initializing module TC_26_8_1_2_4_5.
2026/Jun/30 05:24:23.334189 EXECUTOR - Initialization of module TC_26_8_1_2_4_5 finished.
2026/Jun/30 05:24:23.334191 EXECUTOR - Initializing module TC_26_8_1_2_6_1.
2026/Jun/30 05:24:23.334196 EXECUTOR - Initialization of module TC_26_8_1_2_6_1 finished.
2026/Jun/30 05:24:23.334198 EXECUTOR - Initializing module TC_26_8_1_2_6_2.
2026/Jun/30 05:24:23.334202 EXECUTOR - Initialization of module TC_26_8_1_2_6_2 finished.
2026/Jun/30 05:24:23.334204 EXECUTOR - Initializing module TC_26_8_1_2_6_3.
2026/Jun/30 05:24:23.334208 EXECUTOR - Initialization of module TC_26_8_1_2_6_3 finished.
2026/Jun/30 05:24:23.334210 EXECUTOR - Initializing module TC_26_8_1_2_6_6.
2026/Jun/30 05:24:23.334214 EXECUTOR - Initialization of module TC_26_8_1_2_6_6 finished.
2026/Jun/30 05:24:23.334216 EXECUTOR - Initializing module TC_26_8_1_3_1_1.
2026/Jun/30 05:24:23.334220 EXECUTOR - Initialization of module TC_26_8_1_3_1_1 finished.
2026/Jun/30 05:24:23.334222 EXECUTOR - Initializing module TC_26_8_1_3_2_1.
2026/Jun/30 05:24:23.334226 EXECUTOR - Initialization of module TC_26_8_1_3_2_1 finished.
2026/Jun/30 05:24:23.334228 EXECUTOR - Initializing module TC_26_8_1_3_3_1.
2026/Jun/30 05:24:23.334232 EXECUTOR - Initialization of module TC_26_8_1_3_3_1 finished.
2026/Jun/30 05:24:23.334234 EXECUTOR - Initializing module TC_26_8_1_3_3_2.
2026/Jun/30 05:24:23.334238 EXECUTOR - Initialization of module TC_26_8_1_3_3_2 finished.
2026/Jun/30 05:24:23.334240 EXECUTOR - Initializing module TC_26_8_1_3_3_3.
2026/Jun/30 05:24:23.334244 EXECUTOR - Initialization of module TC_26_8_1_3_3_3 finished.
2026/Jun/30 05:24:23.334247 EXECUTOR - Initializing module TC_26_8_1_3_3_4.
2026/Jun/30 05:24:23.334251 EXECUTOR - Initialization of module TC_26_8_1_3_3_4 finished.
2026/Jun/30 05:24:23.334253 EXECUTOR - Initializing module TC_26_8_1_3_3_5.
2026/Jun/30 05:24:23.334256 EXECUTOR - Initialization of module TC_26_8_1_3_3_5 finished.
2026/Jun/30 05:24:23.334259 EXECUTOR - Initializing module TC_26_8_1_3_3_6.
2026/Jun/30 05:24:23.334263 EXECUTOR - Initialization of module TC_26_8_1_3_3_6 finished.
2026/Jun/30 05:24:23.334265 EXECUTOR - Initializing module TC_26_8_1_3_3_7.
2026/Jun/30 05:24:23.334269 EXECUTOR - Initialization of module TC_26_8_1_3_3_7 finished.
2026/Jun/30 05:24:23.334271 EXECUTOR - Initializing module TC_26_8_1_3_4_1.
2026/Jun/30 05:24:23.334277 EXECUTOR - Initialization of module TC_26_8_1_3_4_1 finished.
2026/Jun/30 05:24:23.334279 EXECUTOR - Initializing module TC_26_8_1_3_4_2.
2026/Jun/30 05:24:23.334283 EXECUTOR - Initialization of module TC_26_8_1_3_4_2 finished.
2026/Jun/30 05:24:23.334285 EXECUTOR - Initializing module TC_26_8_1_3_4_3.
2026/Jun/30 05:24:23.334289 EXECUTOR - Initialization of module TC_26_8_1_3_4_3 finished.
2026/Jun/30 05:24:23.334292 EXECUTOR - Initializing module TC_26_8_1_3_4_4.
2026/Jun/30 05:24:23.334296 EXECUTOR - Initialization of module TC_26_8_1_3_4_4 finished.
2026/Jun/30 05:24:23.334298 EXECUTOR - Initializing module TC_26_8_1_3_4_5.
2026/Jun/30 05:24:23.334302 EXECUTOR - Initialization of module TC_26_8_1_3_4_5 finished.
2026/Jun/30 05:24:23.334304 EXECUTOR - Initializing module TC_26_8_1_3_4_6.
2026/Jun/30 05:24:23.334308 EXECUTOR - Initialization of module TC_26_8_1_3_4_6 finished.
2026/Jun/30 05:24:23.334310 EXECUTOR - Initializing module TC_26_8_1_3_4_7.
2026/Jun/30 05:24:23.334314 EXECUTOR - Initialization of module TC_26_8_1_3_4_7 finished.
2026/Jun/30 05:24:23.334316 EXECUTOR - Initializing module TC_26_8_1_3_4_8.
2026/Jun/30 05:24:23.334320 EXECUTOR - Initialization of module TC_26_8_1_3_4_8 finished.
2026/Jun/30 05:24:23.334322 EXECUTOR - Initializing module TC_26_8_1_3_5_1.
2026/Jun/30 05:24:23.334326 EXECUTOR - Initialization of module TC_26_8_1_3_5_1 finished.
2026/Jun/30 05:24:23.334328 EXECUTOR - Initializing module TC_26_8_1_3_5_2.
2026/Jun/30 05:24:23.334332 EXECUTOR - Initialization of module TC_26_8_1_3_5_2 finished.
2026/Jun/30 05:24:23.334334 EXECUTOR - Initializing module TC_26_8_1_3_5_3.
2026/Jun/30 05:24:23.334338 EXECUTOR - Initialization of module TC_26_8_1_3_5_3 finished.
2026/Jun/30 05:24:23.334340 EXECUTOR - Initializing module TC_26_8_1_3_5_4.
2026/Jun/30 05:24:23.334344 EXECUTOR - Initialization of module TC_26_8_1_3_5_4 finished.
2026/Jun/30 05:24:23.334346 EXECUTOR - Initializing module TC_26_8_1_3_5_5.
2026/Jun/30 05:24:23.334351 EXECUTOR - Initialization of module TC_26_8_1_3_5_5 finished.
2026/Jun/30 05:24:23.334353 EXECUTOR - Initializing module TC_26_8_1_3_5_6.
2026/Jun/30 05:24:23.334357 EXECUTOR - Initialization of module TC_26_8_1_3_5_6 finished.
2026/Jun/30 05:24:23.334359 EXECUTOR - Initializing module TC_26_8_1_3_5_7.
2026/Jun/30 05:24:23.334363 EXECUTOR - Initialization of module TC_26_8_1_3_5_7 finished.
2026/Jun/30 05:24:23.334365 EXECUTOR - Initializing module TC_26_8_1_3_5_8.
2026/Jun/30 05:24:23.334369 EXECUTOR - Initialization of module TC_26_8_1_3_5_8 finished.
2026/Jun/30 05:24:23.334371 EXECUTOR - Initializing module TC_26_8_1_3_5_9.
2026/Jun/30 05:24:23.334376 EXECUTOR - Initialization of module TC_26_8_1_3_5_9 finished.
2026/Jun/30 05:24:23.334378 EXECUTOR - Initializing module TC_26_8_2_1.
2026/Jun/30 05:24:23.334382 EXECUTOR - Initialization of module TC_26_8_2_1 finished.
2026/Jun/30 05:24:23.334384 EXECUTOR - Initializing module TC_26_8_2_2.
2026/Jun/30 05:24:23.334388 EXECUTOR - Initialization of module TC_26_8_2_2 finished.
2026/Jun/30 05:24:23.334390 EXECUTOR - Initializing module TC_26_8_2_3.
2026/Jun/30 05:24:23.334394 EXECUTOR - Initialization of module TC_26_8_2_3 finished.
2026/Jun/30 05:24:23.334396 EXECUTOR - Initializing module TC_26_8_3.
2026/Jun/30 05:24:23.334400 EXECUTOR - Initialization of module TC_26_8_3 finished.
2026/Jun/30 05:24:23.334402 EXECUTOR - Initializing module TC_34_2_2.
2026/Jun/30 05:24:23.334406 EXECUTOR - Initialization of module TC_34_2_2 finished.
2026/Jun/30 05:24:23.334408 EXECUTOR - Initializing module TitanLoggerApi.
2026/Jun/30 05:24:23.334410 EXECUTOR - Initialization of module TitanLoggerApi finished.
2026/Jun/30 05:24:23.334413 EXECUTOR - Initializing module TitanLoggerControl.
2026/Jun/30 05:24:23.334415 EXECUTOR - Initialization of module TitanLoggerControl finished.
2026/Jun/30 05:24:23.334424 EXECUTOR - Configuration data was processed successfully.
2026/Jun/30 05:24:23.335691 EXECUTOR - MTC was created. Process id: 39.
2026/Jun/30 05:27:01.295797 EXECUTOR - Exit was requested from MC. Terminating HC.
2026/Jun/30 05:27:01.300692 EXECUTOR - Disconnected from MC.
2026/Jun/30 05:27:01.300754 EXECUTOR - TTCN-3 Host Controller finished.
