2026/Jun/17 06:54:22.609533 EXECUTOR - TTCN-3 Host Controller started on ttcn3-tc-26-7-2-2-1-826l4. Version: 11.1.0.
2026/Jun/17 06:54:22.609717 EXECUTOR - TTCN Logger v2.2 options: TimeStampFormat:=DateTime; LogEntityName:=No; LogEventTypes:=Yes; SourceInfoFormat:=Single; LogSensitiveData:=No; *.FileMask:=LOG_ALL; *.ConsoleMask:=ERROR | TESTCASE | USER | VERDICTOP | WARNING; LogFileSize:=0; LogFileNumber:=1; DiskFullAction:=Error
2026/Jun/17 06:54:22.609730 EXECUTOR - Maximum number of open file descriptors: 1048576,   FD_SETSIZE = 1024
2026/Jun/17 06:54:22.708914 WARNING - Warning: The address of MC was set to a local IP address. This may cause incorrect behavior if a HC from a remote host also connects to MC.
2026/Jun/17 06:54:22.708969 EXECUTOR - The address of MC was set to 127.0.0.1:0.
2026/Jun/17 06:54:22.709101 EXECUTOR - Connected to MC.
2026/Jun/17 06:54:22.709219 EXECUTOR - This host supports UNIX domain sockets for local communication.
2026/Jun/17 06:54:22.908943 EXECUTOR - Processing configuration data received from MC.
2026/Jun/17 06:54:22.909194 WARNING - Warning: Skeleton `/results/TC_26_7_2_2-2026-06-17-065415/%n.log' does not guarantee unique log file name for every test system process. It may cause unpredictable results if several test components try to write into the same log file.
2026/Jun/17 06:54:22.909815 EXECUTOR - Module GSM_Constants has the following parameters: { TSPC_Serv_TS11 := true, TSPC_Serv_TS61 := false, TSPC_Serv_TS62 := false, TSPC_Serv_BS21 := false, TSPC_Serv_BS22 := false, TSPC_Serv_BS24 := false, TSPC_Serv_BS25 := false, TSPC_Serv_BS26 := false, TSPC_Serv_BS31 := false, TSPC_Serv_BS32 := false, TSPC_Serv_BS33 := false, TSPC_Serv_BS34 := false, TSPC_Serv_BS41 := false, TSPC_Serv_BS42 := false, TSPC_Serv_BS43 := false, TSPC_Serv_BS44 := false, TSPC_Serv_BS45 := false, TSPC_Serv_BS51 := false, TSPC_Serv_BS61 := false, TSPC_Serv_BS81 := false, TSPC_DualRate := false, TSPC_MTsvc := true, TSPX_IMSI := '901700000000001F'O, TSPX_TMSI := '1914D97F'O, TSPX_CKSNDef := 0, TSPX_RANDDef := '00112233445566778899AABBCCDDEEFF'O, TSPX_SRES := '12345678'O, TSPX_Kc := '0000000000000000'O, TSPX_SDCCH4SubDef := 0, TSPX_TmSltDef := 0, TSPX_TscDef := 7, TSPX_TCHHSubDef := 0, TCV_CC := true, TSPX_Telephony_Rate := C_Full (0), TSPX_MOBscSvcA := C_Telephony (0), TSPX_MOBscSvcB := C_Telephony (0), TSPX_MOBscSvcC := C_Telephony (0), TSPX_MOBscSvcD := C_Telephony (0), TSPX_MOBscSvcE := C_Telephony (0), TSPX_MOBscSvcF := C_Telephony (0), TSPX_MOBscSvcG := C_Telephony (0), TSPX_MOChRateA := C_Full (0), TSPX_MOChRateB := C_Full (0), TSPX_MOChRateC := C_Full (0), TSPX_MOChRateD := C_Full (0), TSPX_MOChRateE := C_Full (0), TSPX_MOChRateF := C_Full (0), TSPX_MOChRateG := C_Full (0), TSPX_MTBscSvcA := C_Telephony (0), TSPX_MTBscSvcB := C_Telephony (0), TSPX_MTBscSvcC := C_Telephony (0), TSPX_MTBscSvcD := C_Telephony (0), TSPX_MTBscSvcE := C_Telephony (0), TSPX_MTBscSvcF := C_Telephony (0), TSPX_MTBscSvcG := C_Telephony (0), TSPX_MTBscSvcH := C_Telephony (0), TSPX_MTBscSvcI := C_Telephony (0), TSPX_MTBscSvcJ := C_Telephony (0), TSPX_MTChRateA := C_Full (0), TSPX_MTChRateB := C_Full (0), TSPX_MTChRateC := C_Full (0), TSPX_MTChRateD := C_Full (0), TSPX_MTChRateE := C_Full (0), TSPX_MTChRateF := C_Full (0), TSPX_MTChRateG := C_Full (0), TSPX_MTChRateH := C_Full (0), TSPX_MTChRateI := C_Full (0), TSPX_MTChRateJ := C_Full (0), C_arfcnA := 100 }
2026/Jun/17 06:54:22.909908 EXECUTOR - Module TC_26_6_1_2 has the following parameters: { TSPX_nPara := 3, TSPX_i1Para := 3, TSPX_kPara := 5, TSPX_i2Para := 1, TSPX_rPara := 4, TSPX_i3Para := 4 }
2026/Jun/17 06:54:22.909956 EXECUTOR - Initializing module GSM_Component_Definitions.
2026/Jun/17 06:54:22.909965 EXECUTOR GSM_Component_Definitions.ttcn3:0 Initializing module GSM_Templates.
2026/Jun/17 06:54:22.909983 EXECUTOR GSM_Templates.ttcn3:0 Initializing module GSM_Constants.
2026/Jun/17 06:54:22.909989 EXECUTOR GSM_Constants.ttcn3:0 Initializing module GSM_Types.
2026/Jun/17 06:54:22.909992 EXECUTOR GSM_Constants.ttcn3:0 Initialization of module GSM_Types finished.
2026/Jun/17 06:54:22.909995 EXECUTOR GSM_Templates.ttcn3:0 Initialization of module GSM_Constants finished.
2026/Jun/17 06:54:22.910066 EXECUTOR GSM_Component_Definitions.ttcn3:0 Initialization of module GSM_Templates finished.
2026/Jun/17 06:54:22.910070 EXECUTOR - Initialization of module GSM_Component_Definitions finished.
2026/Jun/17 06:54:22.910072 EXECUTOR - Initializing module GSM_Functions.
2026/Jun/17 06:54:22.910096 EXECUTOR - Initialization of module GSM_Functions finished.
2026/Jun/17 06:54:22.910098 EXECUTOR - Initializing module PreGenRecordOf.
2026/Jun/17 06:54:22.910101 EXECUTOR - Initialization of module PreGenRecordOf finished.
2026/Jun/17 06:54:22.910103 EXECUTOR - Initializing module TC_26_2_1_3.
2026/Jun/17 06:54:22.910108 EXECUTOR - Initialization of module TC_26_2_1_3 finished.
2026/Jun/17 06:54:22.910110 EXECUTOR - Initializing module TC_26_2_2.
2026/Jun/17 06:54:22.910116 EXECUTOR - Initialization of module TC_26_2_2 finished.
2026/Jun/17 06:54:22.910119 EXECUTOR - Initializing module TC_26_2_3.
2026/Jun/17 06:54:22.910125 EXECUTOR - Initialization of module TC_26_2_3 finished.
2026/Jun/17 06:54:22.910127 EXECUTOR - Initializing module TC_26_6_11_1.
2026/Jun/17 06:54:22.910133 EXECUTOR - Initialization of module TC_26_6_11_1 finished.
2026/Jun/17 06:54:22.910135 EXECUTOR - Initializing module TC_26_6_11_2.
2026/Jun/17 06:54:22.910140 EXECUTOR - Initialization of module TC_26_6_11_2 finished.
2026/Jun/17 06:54:22.910142 EXECUTOR - Initializing module TC_26_6_12_1.
2026/Jun/17 06:54:22.910149 EXECUTOR - Initialization of module TC_26_6_12_1 finished.
2026/Jun/17 06:54:22.910151 EXECUTOR - Initializing module TC_26_6_12_2.
2026/Jun/17 06:54:22.910157 EXECUTOR - Initialization of module TC_26_6_12_2 finished.
2026/Jun/17 06:54:22.910159 EXECUTOR - Initializing module TC_26_6_12_3.
2026/Jun/17 06:54:22.910165 EXECUTOR - Initialization of module TC_26_6_12_3 finished.
2026/Jun/17 06:54:22.910167 EXECUTOR - Initializing module TC_26_6_12_4.
2026/Jun/17 06:54:22.910173 EXECUTOR - Initialization of module TC_26_6_12_4 finished.
2026/Jun/17 06:54:22.910175 EXECUTOR - Initializing module TC_26_6_13_10.
2026/Jun/17 06:54:22.910180 EXECUTOR - Initialization of module TC_26_6_13_10 finished.
2026/Jun/17 06:54:22.910182 EXECUTOR - Initializing module TC_26_6_13_9.
2026/Jun/17 06:54:22.910187 EXECUTOR - Initialization of module TC_26_6_13_9 finished.
2026/Jun/17 06:54:22.910189 EXECUTOR - Initializing module TC_26_6_1_1.
2026/Jun/17 06:54:22.910195 EXECUTOR - Initialization of module TC_26_6_1_1 finished.
2026/Jun/17 06:54:22.910197 EXECUTOR - Initializing module TC_26_6_1_2.
2026/Jun/17 06:54:22.910202 EXECUTOR - Initialization of module TC_26_6_1_2 finished.
2026/Jun/17 06:54:22.910205 EXECUTOR - Initializing module TC_26_6_1_3.
2026/Jun/17 06:54:22.910210 EXECUTOR - Initialization of module TC_26_6_1_3 finished.
2026/Jun/17 06:54:22.910212 EXECUTOR - Initializing module TC_26_6_1_4.
2026/Jun/17 06:54:22.910217 EXECUTOR - Initialization of module TC_26_6_1_4 finished.
2026/Jun/17 06:54:22.910219 EXECUTOR - Initializing module TC_26_6_1_5.
2026/Jun/17 06:54:22.910225 EXECUTOR - Initialization of module TC_26_6_1_5 finished.
2026/Jun/17 06:54:22.910227 EXECUTOR - Initializing module TC_26_6_2_1_1.
2026/Jun/17 06:54:22.910233 EXECUTOR - Initialization of module TC_26_6_2_1_1 finished.
2026/Jun/17 06:54:22.910235 EXECUTOR - Initializing module TC_26_6_2_1_2.
2026/Jun/17 06:54:22.910240 EXECUTOR - Initialization of module TC_26_6_2_1_2 finished.
2026/Jun/17 06:54:22.910242 EXECUTOR - Initializing module TC_26_6_2_1_3.
2026/Jun/17 06:54:22.910248 EXECUTOR - Initialization of module TC_26_6_2_1_3 finished.
2026/Jun/17 06:54:22.910251 EXECUTOR - Initializing module TC_26_6_2_2.
2026/Jun/17 06:54:22.910256 EXECUTOR - Initialization of module TC_26_6_2_2 finished.
2026/Jun/17 06:54:22.910258 EXECUTOR - Initializing module TC_26_6_2_3_1.
2026/Jun/17 06:54:22.910264 EXECUTOR - Initialization of module TC_26_6_2_3_1 finished.
2026/Jun/17 06:54:22.910266 EXECUTOR - Initializing module TC_26_6_2_3_2.
2026/Jun/17 06:54:22.910272 EXECUTOR - Initialization of module TC_26_6_2_3_2 finished.
2026/Jun/17 06:54:22.910277 EXECUTOR - Initializing module TC_26_6_2_4.
2026/Jun/17 06:54:22.910283 EXECUTOR - Initialization of module TC_26_6_2_4 finished.
2026/Jun/17 06:54:22.910285 EXECUTOR - Initializing module TC_26_6_3_1.
2026/Jun/17 06:54:22.910291 EXECUTOR - Initialization of module TC_26_6_3_1 finished.
2026/Jun/17 06:54:22.910293 EXECUTOR - Initializing module TC_26_6_3_4.
2026/Jun/17 06:54:22.910299 EXECUTOR - Initialization of module TC_26_6_3_4 finished.
2026/Jun/17 06:54:22.910301 EXECUTOR - Initializing module TC_26_6_4_1.
2026/Jun/17 06:54:22.910306 EXECUTOR - Initialization of module TC_26_6_4_1 finished.
2026/Jun/17 06:54:22.910308 EXECUTOR - Initializing module TC_26_6_4_2_2.
2026/Jun/17 06:54:22.910314 EXECUTOR - Initialization of module TC_26_6_4_2_2 finished.
2026/Jun/17 06:54:22.910316 EXECUTOR - Initializing module TC_26_6_5_1.
2026/Jun/17 06:54:22.910321 EXECUTOR - Initialization of module TC_26_6_5_1 finished.
2026/Jun/17 06:54:22.910323 EXECUTOR - Initializing module TC_26_6_5_2_1.
2026/Jun/17 06:54:22.910328 EXECUTOR - Initialization of module TC_26_6_5_2_1 finished.
2026/Jun/17 06:54:22.910330 EXECUTOR - Initializing module TC_26_6_8_1.
2026/Jun/17 06:54:22.910336 EXECUTOR - Initialization of module TC_26_6_8_1 finished.
2026/Jun/17 06:54:22.910338 EXECUTOR - Initializing module TC_26_6_8_2.
2026/Jun/17 06:54:22.910344 EXECUTOR - Initialization of module TC_26_6_8_2 finished.
2026/Jun/17 06:54:22.910346 EXECUTOR - Initializing module TC_26_6_8_3.
2026/Jun/17 06:54:22.910352 EXECUTOR - Initialization of module TC_26_6_8_3 finished.
2026/Jun/17 06:54:22.910354 EXECUTOR - Initializing module TC_26_6_8_4.
2026/Jun/17 06:54:22.910359 EXECUTOR - Initialization of module TC_26_6_8_4 finished.
2026/Jun/17 06:54:22.910362 EXECUTOR - Initializing module TC_26_6_8_5.
2026/Jun/17 06:54:22.910367 EXECUTOR - Initialization of module TC_26_6_8_5 finished.
2026/Jun/17 06:54:22.910369 EXECUTOR - Initializing module TC_26_7_1.
2026/Jun/17 06:54:22.910375 EXECUTOR - Initialization of module TC_26_7_1 finished.
2026/Jun/17 06:54:22.910377 EXECUTOR - Initializing module TC_26_7_2_1.
2026/Jun/17 06:54:22.910382 EXECUTOR - Initialization of module TC_26_7_2_1 finished.
2026/Jun/17 06:54:22.910385 EXECUTOR - Initializing module TC_26_7_2_2.
2026/Jun/17 06:54:22.910390 EXECUTOR - Initialization of module TC_26_7_2_2 finished.
2026/Jun/17 06:54:22.910392 EXECUTOR - Initializing module TC_26_7_3_1.
2026/Jun/17 06:54:22.910397 EXECUTOR - Initialization of module TC_26_7_3_1 finished.
2026/Jun/17 06:54:22.910399 EXECUTOR - Initializing module TC_26_7_3_2.
2026/Jun/17 06:54:22.910406 EXECUTOR - Initialization of module TC_26_7_3_2 finished.
2026/Jun/17 06:54:22.910408 EXECUTOR - Initializing module TC_26_7_4_1.
2026/Jun/17 06:54:22.910414 EXECUTOR - Initialization of module TC_26_7_4_1 finished.
2026/Jun/17 06:54:22.910416 EXECUTOR - Initializing module TC_26_7_4_2_1.
2026/Jun/17 06:54:22.910421 EXECUTOR - Initialization of module TC_26_7_4_2_1 finished.
2026/Jun/17 06:54:22.910424 EXECUTOR - Initializing module TC_26_7_4_2_2_1.
2026/Jun/17 06:54:22.910430 EXECUTOR - Initialization of module TC_26_7_4_2_2_1 finished.
2026/Jun/17 06:54:22.910432 EXECUTOR - Initializing module TC_26_7_4_2_2_2.
2026/Jun/17 06:54:22.910437 EXECUTOR - Initialization of module TC_26_7_4_2_2_2 finished.
2026/Jun/17 06:54:22.910440 EXECUTOR - Initializing module TC_26_7_4_2_3.
2026/Jun/17 06:54:22.910445 EXECUTOR - Initialization of module TC_26_7_4_2_3 finished.
2026/Jun/17 06:54:22.910447 EXECUTOR - Initializing module TC_26_7_4_2_4_1.
2026/Jun/17 06:54:22.910454 EXECUTOR - Initialization of module TC_26_7_4_2_4_1 finished.
2026/Jun/17 06:54:22.910456 EXECUTOR - Initializing module TC_26_7_4_2_4_2.
2026/Jun/17 06:54:22.910462 EXECUTOR - Initialization of module TC_26_7_4_2_4_2 finished.
2026/Jun/17 06:54:22.910464 EXECUTOR - Initializing module TC_26_7_4_2_4_3.
2026/Jun/17 06:54:22.910469 EXECUTOR - Initialization of module TC_26_7_4_2_4_3 finished.
2026/Jun/17 06:54:22.910472 EXECUTOR - Initializing module TC_26_7_4_2_4_4.
2026/Jun/17 06:54:22.910483 EXECUTOR - Initialization of module TC_26_7_4_2_4_4 finished.
2026/Jun/17 06:54:22.910485 EXECUTOR - Initializing module TC_26_7_4_2_4_5.
2026/Jun/17 06:54:22.910491 EXECUTOR - Initialization of module TC_26_7_4_2_4_5 finished.
2026/Jun/17 06:54:22.910493 EXECUTOR - Initializing module TC_26_7_4_3_1.
2026/Jun/17 06:54:22.910499 EXECUTOR - Initialization of module TC_26_7_4_3_1 finished.
2026/Jun/17 06:54:22.910501 EXECUTOR - Initializing module TC_26_7_4_3_2.
2026/Jun/17 06:54:22.910507 EXECUTOR - Initialization of module TC_26_7_4_3_2 finished.
2026/Jun/17 06:54:22.910509 EXECUTOR - Initializing module TC_26_7_4_3_3.
2026/Jun/17 06:54:22.910514 EXECUTOR - Initialization of module TC_26_7_4_3_3 finished.
2026/Jun/17 06:54:22.910516 EXECUTOR - Initializing module TC_26_7_4_3_4.
2026/Jun/17 06:54:22.910522 EXECUTOR - Initialization of module TC_26_7_4_3_4 finished.
2026/Jun/17 06:54:22.910524 EXECUTOR - Initializing module TC_26_7_4_4.
2026/Jun/17 06:54:22.910530 EXECUTOR - Initialization of module TC_26_7_4_4 finished.
2026/Jun/17 06:54:22.910532 EXECUTOR - Initializing module TC_26_7_4_5_1.
2026/Jun/17 06:54:22.910537 EXECUTOR - Initialization of module TC_26_7_4_5_1 finished.
2026/Jun/17 06:54:22.910539 EXECUTOR - Initializing module TC_26_7_4_5_2.
2026/Jun/17 06:54:22.910545 EXECUTOR - Initialization of module TC_26_7_4_5_2 finished.
2026/Jun/17 06:54:22.910547 EXECUTOR - Initializing module TC_26_7_4_5_3.
2026/Jun/17 06:54:22.910553 EXECUTOR - Initialization of module TC_26_7_4_5_3 finished.
2026/Jun/17 06:54:22.910555 EXECUTOR - Initializing module TC_26_7_4_5_4_2.
2026/Jun/17 06:54:22.910561 EXECUTOR - Initialization of module TC_26_7_4_5_4_2 finished.
2026/Jun/17 06:54:22.910563 EXECUTOR - Initializing module TC_26_7_5_2.
2026/Jun/17 06:54:22.910568 EXECUTOR - Initialization of module TC_26_7_5_2 finished.
2026/Jun/17 06:54:22.910570 EXECUTOR - Initializing module TC_26_7_5_3.
2026/Jun/17 06:54:22.910576 EXECUTOR - Initialization of module TC_26_7_5_3 finished.
2026/Jun/17 06:54:22.910578 EXECUTOR - Initializing module TC_26_7_5_4.
2026/Jun/17 06:54:22.910584 EXECUTOR - Initialization of module TC_26_7_5_4 finished.
2026/Jun/17 06:54:22.910586 EXECUTOR - Initializing module TC_26_7_5_5.
2026/Jun/17 06:54:22.910591 EXECUTOR - Initialization of module TC_26_7_5_5 finished.
2026/Jun/17 06:54:22.910593 EXECUTOR - Initializing module TC_26_7_5_6.
2026/Jun/17 06:54:22.910600 EXECUTOR - Initialization of module TC_26_7_5_6 finished.
2026/Jun/17 06:54:22.910602 EXECUTOR - Initializing module TC_26_7_5_7_1.
2026/Jun/17 06:54:22.910608 EXECUTOR - Initialization of module TC_26_7_5_7_1 finished.
2026/Jun/17 06:54:22.910610 EXECUTOR - Initializing module TC_26_7_5_8_1.
2026/Jun/17 06:54:22.910615 EXECUTOR - Initialization of module TC_26_7_5_8_1 finished.
2026/Jun/17 06:54:22.910617 EXECUTOR - Initializing module TC_26_7_5_8_2.
2026/Jun/17 06:54:22.910623 EXECUTOR - Initialization of module TC_26_7_5_8_2 finished.
2026/Jun/17 06:54:22.910625 EXECUTOR - Initializing module TC_26_7_5_8_3.
2026/Jun/17 06:54:22.910630 EXECUTOR - Initialization of module TC_26_7_5_8_3 finished.
2026/Jun/17 06:54:22.910632 EXECUTOR - Initializing module TC_26_8_1_2_1_1.
2026/Jun/17 06:54:22.910638 EXECUTOR - Initialization of module TC_26_8_1_2_1_1 finished.
2026/Jun/17 06:54:22.910640 EXECUTOR - Initializing module TC_26_8_1_2_2_1.
2026/Jun/17 06:54:22.910645 EXECUTOR - Initialization of module TC_26_8_1_2_2_1 finished.
2026/Jun/17 06:54:22.910647 EXECUTOR - Initializing module TC_26_8_1_2_2_2.
2026/Jun/17 06:54:22.910653 EXECUTOR - Initialization of module TC_26_8_1_2_2_2 finished.
2026/Jun/17 06:54:22.910655 EXECUTOR - Initializing module TC_26_8_1_2_2_3.
2026/Jun/17 06:54:22.910660 EXECUTOR - Initialization of module TC_26_8_1_2_2_3 finished.
2026/Jun/17 06:54:22.910662 EXECUTOR - Initializing module TC_26_8_1_2_3_1.
2026/Jun/17 06:54:22.910667 EXECUTOR - Initialization of module TC_26_8_1_2_3_1 finished.
2026/Jun/17 06:54:22.910669 EXECUTOR - Initializing module TC_26_8_1_2_3_2.
2026/Jun/17 06:54:22.910674 EXECUTOR - Initialization of module TC_26_8_1_2_3_2 finished.
2026/Jun/17 06:54:22.910680 EXECUTOR - Initializing module TC_26_8_1_2_3_3.
2026/Jun/17 06:54:22.910685 EXECUTOR - Initialization of module TC_26_8_1_2_3_3 finished.
2026/Jun/17 06:54:22.910688 EXECUTOR - Initializing module TC_26_8_1_2_3_4.
2026/Jun/17 06:54:22.910693 EXECUTOR - Initialization of module TC_26_8_1_2_3_4 finished.
2026/Jun/17 06:54:22.910695 EXECUTOR - Initializing module TC_26_8_1_2_3_5.
2026/Jun/17 06:54:22.910701 EXECUTOR - Initialization of module TC_26_8_1_2_3_5 finished.
2026/Jun/17 06:54:22.910704 EXECUTOR - Initializing module TC_26_8_1_2_3_6.
2026/Jun/17 06:54:22.910709 EXECUTOR - Initialization of module TC_26_8_1_2_3_6 finished.
2026/Jun/17 06:54:22.910711 EXECUTOR - Initializing module TC_26_8_1_2_3_7.
2026/Jun/17 06:54:22.910718 EXECUTOR - Initialization of module TC_26_8_1_2_3_7 finished.
2026/Jun/17 06:54:22.910720 EXECUTOR - Initializing module TC_26_8_1_2_4_1.
2026/Jun/17 06:54:22.910725 EXECUTOR - Initialization of module TC_26_8_1_2_4_1 finished.
2026/Jun/17 06:54:22.910727 EXECUTOR - Initializing module TC_26_8_1_2_4_13.
2026/Jun/17 06:54:22.910733 EXECUTOR - Initialization of module TC_26_8_1_2_4_13 finished.
2026/Jun/17 06:54:22.910735 EXECUTOR - Initializing module TC_26_8_1_2_4_2.
2026/Jun/17 06:54:22.910741 EXECUTOR - Initialization of module TC_26_8_1_2_4_2 finished.
2026/Jun/17 06:54:22.910743 EXECUTOR - Initializing module TC_26_8_1_2_4_3.
2026/Jun/17 06:54:22.910748 EXECUTOR - Initialization of module TC_26_8_1_2_4_3 finished.
2026/Jun/17 06:54:22.910750 EXECUTOR - Initializing module TC_26_8_1_2_4_4.
2026/Jun/17 06:54:22.910755 EXECUTOR - Initialization of module TC_26_8_1_2_4_4 finished.
2026/Jun/17 06:54:22.910758 EXECUTOR - Initializing module TC_26_8_1_2_4_5.
2026/Jun/17 06:54:22.910763 EXECUTOR - Initialization of module TC_26_8_1_2_4_5 finished.
2026/Jun/17 06:54:22.910765 EXECUTOR - Initializing module TC_26_8_1_2_6_1.
2026/Jun/17 06:54:22.910770 EXECUTOR - Initialization of module TC_26_8_1_2_6_1 finished.
2026/Jun/17 06:54:22.910773 EXECUTOR - Initializing module TC_26_8_1_2_6_2.
2026/Jun/17 06:54:22.910778 EXECUTOR - Initialization of module TC_26_8_1_2_6_2 finished.
2026/Jun/17 06:54:22.910780 EXECUTOR - Initializing module TC_26_8_1_2_6_3.
2026/Jun/17 06:54:22.910785 EXECUTOR - Initialization of module TC_26_8_1_2_6_3 finished.
2026/Jun/17 06:54:22.910787 EXECUTOR - Initializing module TC_26_8_1_2_6_6.
2026/Jun/17 06:54:22.910792 EXECUTOR - Initialization of module TC_26_8_1_2_6_6 finished.
2026/Jun/17 06:54:22.910795 EXECUTOR - Initializing module TC_26_8_1_3_1_1.
2026/Jun/17 06:54:22.910800 EXECUTOR - Initialization of module TC_26_8_1_3_1_1 finished.
2026/Jun/17 06:54:22.910802 EXECUTOR - Initializing module TC_26_8_1_3_2_1.
2026/Jun/17 06:54:22.910807 EXECUTOR - Initialization of module TC_26_8_1_3_2_1 finished.
2026/Jun/17 06:54:22.910809 EXECUTOR - Initializing module TC_26_8_1_3_3_1.
2026/Jun/17 06:54:22.910815 EXECUTOR - Initialization of module TC_26_8_1_3_3_1 finished.
2026/Jun/17 06:54:22.910817 EXECUTOR - Initializing module TC_26_8_1_3_3_2.
2026/Jun/17 06:54:23.008871 EXECUTOR - Initialization of module TC_26_8_1_3_3_2 finished.
2026/Jun/17 06:54:23.008921 EXECUTOR - Initializing module TC_26_8_1_3_3_3.
2026/Jun/17 06:54:23.008928 EXECUTOR - Initialization of module TC_26_8_1_3_3_3 finished.
2026/Jun/17 06:54:23.008930 EXECUTOR - Initializing module TC_26_8_1_3_3_4.
2026/Jun/17 06:54:23.008936 EXECUTOR - Initialization of module TC_26_8_1_3_3_4 finished.
2026/Jun/17 06:54:23.008938 EXECUTOR - Initializing module TC_26_8_1_3_3_5.
2026/Jun/17 06:54:23.008943 EXECUTOR - Initialization of module TC_26_8_1_3_3_5 finished.
2026/Jun/17 06:54:23.008946 EXECUTOR - Initializing module TC_26_8_1_3_3_6.
2026/Jun/17 06:54:23.008951 EXECUTOR - Initialization of module TC_26_8_1_3_3_6 finished.
2026/Jun/17 06:54:23.008953 EXECUTOR - Initializing module TC_26_8_1_3_3_7.
2026/Jun/17 06:54:23.008958 EXECUTOR - Initialization of module TC_26_8_1_3_3_7 finished.
2026/Jun/17 06:54:23.008960 EXECUTOR - Initializing module TC_26_8_1_3_4_1.
2026/Jun/17 06:54:23.008974 EXECUTOR - Initialization of module TC_26_8_1_3_4_1 finished.
2026/Jun/17 06:54:23.008977 EXECUTOR - Initializing module TC_26_8_1_3_4_2.
2026/Jun/17 06:54:23.008982 EXECUTOR - Initialization of module TC_26_8_1_3_4_2 finished.
2026/Jun/17 06:54:23.008984 EXECUTOR - Initializing module TC_26_8_1_3_4_3.
2026/Jun/17 06:54:23.008989 EXECUTOR - Initialization of module TC_26_8_1_3_4_3 finished.
2026/Jun/17 06:54:23.008991 EXECUTOR - Initializing module TC_26_8_1_3_4_4.
2026/Jun/17 06:54:23.008996 EXECUTOR - Initialization of module TC_26_8_1_3_4_4 finished.
2026/Jun/17 06:54:23.008999 EXECUTOR - Initializing module TC_26_8_1_3_4_5.
2026/Jun/17 06:54:23.009004 EXECUTOR - Initialization of module TC_26_8_1_3_4_5 finished.
2026/Jun/17 06:54:23.009006 EXECUTOR - Initializing module TC_26_8_1_3_4_6.
2026/Jun/17 06:54:23.009012 EXECUTOR - Initialization of module TC_26_8_1_3_4_6 finished.
2026/Jun/17 06:54:23.009014 EXECUTOR - Initializing module TC_26_8_1_3_4_7.
2026/Jun/17 06:54:23.009019 EXECUTOR - Initialization of module TC_26_8_1_3_4_7 finished.
2026/Jun/17 06:54:23.009021 EXECUTOR - Initializing module TC_26_8_1_3_4_8.
2026/Jun/17 06:54:23.009026 EXECUTOR - Initialization of module TC_26_8_1_3_4_8 finished.
2026/Jun/17 06:54:23.009029 EXECUTOR - Initializing module TC_26_8_1_3_5_1.
2026/Jun/17 06:54:23.009034 EXECUTOR - Initialization of module TC_26_8_1_3_5_1 finished.
2026/Jun/17 06:54:23.009037 EXECUTOR - Initializing module TC_26_8_1_3_5_2.
2026/Jun/17 06:54:23.009042 EXECUTOR - Initialization of module TC_26_8_1_3_5_2 finished.
2026/Jun/17 06:54:23.009044 EXECUTOR - Initializing module TC_26_8_1_3_5_3.
2026/Jun/17 06:54:23.009049 EXECUTOR - Initialization of module TC_26_8_1_3_5_3 finished.
2026/Jun/17 06:54:23.009052 EXECUTOR - Initializing module TC_26_8_1_3_5_4.
2026/Jun/17 06:54:23.009056 EXECUTOR - Initialization of module TC_26_8_1_3_5_4 finished.
2026/Jun/17 06:54:23.009059 EXECUTOR - Initializing module TC_26_8_1_3_5_5.
2026/Jun/17 06:54:23.009064 EXECUTOR - Initialization of module TC_26_8_1_3_5_5 finished.
2026/Jun/17 06:54:23.009066 EXECUTOR - Initializing module TC_26_8_1_3_5_6.
2026/Jun/17 06:54:23.009071 EXECUTOR - Initialization of module TC_26_8_1_3_5_6 finished.
2026/Jun/17 06:54:23.009073 EXECUTOR - Initializing module TC_26_8_1_3_5_7.
2026/Jun/17 06:54:23.009078 EXECUTOR - Initialization of module TC_26_8_1_3_5_7 finished.
2026/Jun/17 06:54:23.009080 EXECUTOR - Initializing module TC_26_8_1_3_5_8.
2026/Jun/17 06:54:23.009086 EXECUTOR - Initialization of module TC_26_8_1_3_5_8 finished.
2026/Jun/17 06:54:23.009088 EXECUTOR - Initializing module TC_26_8_1_3_5_9.
2026/Jun/17 06:54:23.009093 EXECUTOR - Initialization of module TC_26_8_1_3_5_9 finished.
2026/Jun/17 06:54:23.009095 EXECUTOR - Initializing module TC_26_8_2_1.
2026/Jun/17 06:54:23.009100 EXECUTOR - Initialization of module TC_26_8_2_1 finished.
2026/Jun/17 06:54:23.009102 EXECUTOR - Initializing module TC_26_8_2_2.
2026/Jun/17 06:54:23.009107 EXECUTOR - Initialization of module TC_26_8_2_2 finished.
2026/Jun/17 06:54:23.009109 EXECUTOR - Initializing module TC_26_8_2_3.
2026/Jun/17 06:54:23.009114 EXECUTOR - Initialization of module TC_26_8_2_3 finished.
2026/Jun/17 06:54:23.009116 EXECUTOR - Initializing module TC_26_8_3.
2026/Jun/17 06:54:23.009121 EXECUTOR - Initialization of module TC_26_8_3 finished.
2026/Jun/17 06:54:23.009124 EXECUTOR - Initializing module TC_34_2_2.
2026/Jun/17 06:54:23.009129 EXECUTOR - Initialization of module TC_34_2_2 finished.
2026/Jun/17 06:54:23.009131 EXECUTOR - Initializing module TitanLoggerApi.
2026/Jun/17 06:54:23.009133 EXECUTOR - Initialization of module TitanLoggerApi finished.
2026/Jun/17 06:54:23.009136 EXECUTOR - Initializing module TitanLoggerControl.
2026/Jun/17 06:54:23.009138 EXECUTOR - Initialization of module TitanLoggerControl finished.
2026/Jun/17 06:54:23.009156 EXECUTOR - Configuration data was processed successfully.
2026/Jun/17 06:54:23.408896 EXECUTOR - MTC was created. Process id: 35.
2026/Jun/17 06:55:43.039148 EXECUTOR - Exit was requested from MC. Terminating HC.
2026/Jun/17 06:55:43.039244 EXECUTOR - Disconnected from MC.
2026/Jun/17 06:55:43.039263 EXECUTOR - TTCN-3 Host Controller finished.
