[run-one] Namespace : gsm-2
[run-one] Tests     : TC_26_6_2_1_1
[run-one] Results   : results/week04/run20260615-065312-N2/ns-2/TC_26_6_2_1_1
/work/gouri.naik/sampige-scaling-intern-2026/scripts/collect-host.sh: line 15: NAMESPACE: NAMESPACE env var must be set
[run-one] INFO  Images already in local registry.
[run-one] INFO  Installing Helm release gsm-2 from /work/gouri.naik/sampige-scaling-intern-2026/refs/osmocom-demo/k8s/chart ...
Release "gsm-2" does not exist. Installing it now.
NAME: gsm-2
LAST DEPLOYED: Mon Jun 15 12:23:12 2026
NAMESPACE: gsm-2
STATUS: deployed
REVISION: 1
TEST SUITE: None
[run-one] INFO  Waiting up to 240s for Deployments to be Ready...
  Not ready: msc-test-stub//1
osmo-bsc//1
osmo-bts-virtual//1
osmo-hlr//1
osmo-mgw//1
osmo-mobile//1
osmo-stp//1
virtphy//1
  Not ready: msc-test-stub//1
osmo-bsc//1
osmo-bts-virtual//1
osmo-hlr//1
osmo-mgw//1
osmo-mobile//1
osmo-stp//1
virtphy//1
  Not ready: msc-test-stub//1
osmo-bsc//1
osmo-mobile//1
  Not ready: msc-test-stub//1
osmo-mobile//1
  Not ready: osmo-mobile//1
  Not ready: osmo-mobile//1
  Not ready: osmo-mobile//1
[run-one] INFO  All Deployments ready.
[run-one] INFO  Waiting up to 300s for MS to camp on cell (MM_EVENT_CELL_SELECTED)...
[run-one] INFO  MS camped on cell.
[run-one] INFO  Waiting up to 60s for osmo-mobile VTY (port 4247)...
[run-one] INFO  osmo-mobile VTY ready.
[run-one] INFO  Running TC_26_6_2_1_1 as Job ttcn3-tc-26-6-2-1-1-1...
[run-one] PASS  TC_26_6_2_1_1: PASS
=====================================================
 TTCN-3 k8s Run Summary
 Namespace : gsm-2
 Timestamp : 20260615-065312
=====================================================
  TC_26_6_2_1_1                            PASS
-----------------------------------------------------
  PASS: 1   FAIL: 0   INCONCLUSIVE: 0
=====================================================
[run-one] INFO  Done. Results: results/week04/run20260615-065312-N2/ns-2/TC_26_6_2_1_1
[run-one] INFO  Teardown: uninstalling Helm release gsm-2...
release "gsm-2" uninstalled
[run-one] INFO  Teardown: deleting namespace gsm-2...
namespace "gsm-2" deleted
{
  "namespaces": [
    {
      "namespace": "gsm-2",
      "bringup_s": 37.768,
      "testing_s": 198.576,
      "teardown_s": 51.918,
      "total_s": 288.263,
      "verdicts": [
        {
          "tc_name": "TC_26_6_2_1_1",
          "verdict": "PASS"
        }
      ],
      "pass": 1,
      "fail": 0,
      "inconclusive": 0
    }
  ],
  "T_suite_s": 288.263,
  "N": 1,
  "pass": 1,
  "fail": 0,
  "inconclusive": 0,
  "test_durations": [
    {
      "namespace": "gsm-2",
      "tc_name": "TC_26_6_2_1_1",
      "duration_s": 198.572,
      "verdict": "PASS"
    }
  ],
  "pods": {
    "total_restarts": 0,
    "oom_kills": 0
  },
  "S": null,
  "E": null
}
