2026/Jun/08 11:48:42.587781 EXECUTOR - TTCN-3 Host Controller started on ttcn3-tc-26-7-4-2-4-1-13-mlrgb. Version: 11.1.0.
2026/Jun/08 11:48:42.588327 EXECUTOR - TTCN Logger v2.2 options: TimeStampFormat:=DateTime; LogEntityName:=No; LogEventTypes:=Yes; SourceInfoFormat:=Single; LogSensitiveData:=No; *.FileMask:=LOG_ALL; *.ConsoleMask:=ERROR | TESTCASE | USER | VERDICTOP | WARNING; LogFileSize:=0; LogFileNumber:=1; DiskFullAction:=Error
2026/Jun/08 11:48:42.588336 EXECUTOR - Maximum number of open file descriptors: 1048576,   FD_SETSIZE = 1024
2026/Jun/08 11:48:42.588434 WARNING - Warning: The address of MC was set to a local IP address. This may cause incorrect behavior if a HC from a remote host also connects to MC.
2026/Jun/08 11:48:42.588462 EXECUTOR - The address of MC was set to 127.0.0.1:0.
2026/Jun/08 11:48:42.588561 EXECUTOR - Connected to MC.
2026/Jun/08 11:48:42.588630 EXECUTOR - This host supports UNIX domain sockets for local communication.
2026/Jun/08 11:48:42.588870 EXECUTOR - Processing configuration data received from MC.
2026/Jun/08 11:48:42.589091 WARNING - Warning: Skeleton `/results/TC_26_7_4_2_4_1-2026-06-08-114841/%n.log' does not guarantee unique log file name for every test system process. It may cause unpredictable results if several test components try to write into the same log file.
2026/Jun/08 11:48:42.589338 EXECUTOR - Module GSM_Constants has the following parameters: { TSPC_Serv_TS11 := true, TSPC_Serv_TS61 := false, TSPC_Serv_TS62 := false, TSPC_Serv_BS21 := false, TSPC_Serv_BS22 := false, TSPC_Serv_BS24 := false, TSPC_Serv_BS25 := false, TSPC_Serv_BS26 := false, TSPC_Serv_BS31 := false, TSPC_Serv_BS32 := false, TSPC_Serv_BS33 := false, TSPC_Serv_BS34 := false, TSPC_Serv_BS41 := false, TSPC_Serv_BS42 := false, TSPC_Serv_BS43 := false, TSPC_Serv_BS44 := false, TSPC_Serv_BS45 := false, TSPC_Serv_BS51 := false, TSPC_Serv_BS61 := false, TSPC_Serv_BS81 := false, TSPC_DualRate := false, TSPC_MTsvc := true, TSPX_IMSI := '901700000000001F'O, TSPX_TMSI := '1914D97F'O, TSPX_CKSNDef := 0, TSPX_RANDDef := '00112233445566778899AABBCCDDEEFF'O, TSPX_SRES := '12345678'O, TSPX_Kc := '0000000000000000'O, TSPX_SDCCH4SubDef := 0, TSPX_TmSltDef := 0, TSPX_TscDef := 7, TSPX_TCHHSubDef := 0, TCV_CC := true, TSPX_Telephony_Rate := C_Full (0), TSPX_MOBscSvcA := C_Telephony (0), TSPX_MOBscSvcB := C_Telephony (0), TSPX_MOBscSvcC := C_Telephony (0), TSPX_MOBscSvcD := C_Telephony (0), TSPX_MOBscSvcE := C_Telephony (0), TSPX_MOBscSvcF := C_Telephony (0), TSPX_MOBscSvcG := C_Telephony (0), TSPX_MOChRateA := C_Full (0), TSPX_MOChRateB := C_Full (0), TSPX_MOChRateC := C_Full (0), TSPX_MOChRateD := C_Full (0), TSPX_MOChRateE := C_Full (0), TSPX_MOChRateF := C_Full (0), TSPX_MOChRateG := C_Full (0), TSPX_MTBscSvcA := C_Telephony (0), TSPX_MTBscSvcB := C_Telephony (0), TSPX_MTBscSvcC := C_Telephony (0), TSPX_MTBscSvcD := C_Telephony (0), TSPX_MTBscSvcE := C_Telephony (0), TSPX_MTBscSvcF := C_Telephony (0), TSPX_MTBscSvcG := C_Telephony (0), TSPX_MTBscSvcH := C_Telephony (0), TSPX_MTBscSvcI := C_Telephony (0), TSPX_MTBscSvcJ := C_Telephony (0), TSPX_MTChRateA := C_Full (0), TSPX_MTChRateB := C_Full (0), TSPX_MTChRateC := C_Full (0), TSPX_MTChRateD := C_Full (0), TSPX_MTChRateE := C_Full (0), TSPX_MTChRateF := C_Full (0), TSPX_MTChRateG := C_Full (0), TSPX_MTChRateH := C_Full (0), TSPX_MTChRateI := C_Full (0), TSPX_MTChRateJ := C_Full (0), C_arfcnA := 51 }
2026/Jun/08 11:48:42.589403 EXECUTOR - Module TC_26_6_1_2 has the following parameters: { TSPX_nPara := 3, TSPX_i1Para := 3, TSPX_kPara := 5, TSPX_i2Para := 1, TSPX_rPara := 4, TSPX_i3Para := 4 }
2026/Jun/08 11:48:42.589428 EXECUTOR - Initializing module GSM_Component_Definitions.
2026/Jun/08 11:48:42.589434 EXECUTOR GSM_Component_Definitions.ttcn3:0 Initializing module GSM_Templates.
2026/Jun/08 11:48:42.589448 EXECUTOR GSM_Templates.ttcn3:0 Initializing module GSM_Constants.
2026/Jun/08 11:48:42.589453 EXECUTOR GSM_Constants.ttcn3:0 Initializing module GSM_Types.
2026/Jun/08 11:48:42.589455 EXECUTOR GSM_Constants.ttcn3:0 Initialization of module GSM_Types finished.
2026/Jun/08 11:48:42.589458 EXECUTOR GSM_Templates.ttcn3:0 Initialization of module GSM_Constants finished.
2026/Jun/08 11:48:42.589521 EXECUTOR GSM_Component_Definitions.ttcn3:0 Initialization of module GSM_Templates finished.
2026/Jun/08 11:48:42.589525 EXECUTOR - Initialization of module GSM_Component_Definitions finished.
2026/Jun/08 11:48:42.589527 EXECUTOR - Initializing module GSM_Functions.
2026/Jun/08 11:48:42.589545 EXECUTOR - Initialization of module GSM_Functions finished.
2026/Jun/08 11:48:42.589547 EXECUTOR - Initializing module PreGenRecordOf.
2026/Jun/08 11:48:42.589549 EXECUTOR - Initialization of module PreGenRecordOf finished.
2026/Jun/08 11:48:42.589551 EXECUTOR - Initializing module TC_26_2_1_3.
2026/Jun/08 11:48:42.589555 EXECUTOR - Initialization of module TC_26_2_1_3 finished.
2026/Jun/08 11:48:42.589557 EXECUTOR - Initializing module TC_26_2_2.
2026/Jun/08 11:48:42.589561 EXECUTOR - Initialization of module TC_26_2_2 finished.
2026/Jun/08 11:48:42.589564 EXECUTOR - Initializing module TC_26_2_3.
2026/Jun/08 11:48:42.589567 EXECUTOR - Initialization of module TC_26_2_3 finished.
2026/Jun/08 11:48:42.589569 EXECUTOR - Initializing module TC_26_6_11_1.
2026/Jun/08 11:48:42.589573 EXECUTOR - Initialization of module TC_26_6_11_1 finished.
2026/Jun/08 11:48:42.589575 EXECUTOR - Initializing module TC_26_6_11_2.
2026/Jun/08 11:48:42.589579 EXECUTOR - Initialization of module TC_26_6_11_2 finished.
2026/Jun/08 11:48:42.589581 EXECUTOR - Initializing module TC_26_6_12_1.
2026/Jun/08 11:48:42.589584 EXECUTOR - Initialization of module TC_26_6_12_1 finished.
2026/Jun/08 11:48:42.589587 EXECUTOR - Initializing module TC_26_6_12_2.
2026/Jun/08 11:48:42.589590 EXECUTOR - Initialization of module TC_26_6_12_2 finished.
2026/Jun/08 11:48:42.589592 EXECUTOR - Initializing module TC_26_6_12_3.
2026/Jun/08 11:48:42.589596 EXECUTOR - Initialization of module TC_26_6_12_3 finished.
2026/Jun/08 11:48:42.589598 EXECUTOR - Initializing module TC_26_6_12_4.
2026/Jun/08 11:48:42.589602 EXECUTOR - Initialization of module TC_26_6_12_4 finished.
2026/Jun/08 11:48:42.589603 EXECUTOR - Initializing module TC_26_6_13_10.
2026/Jun/08 11:48:42.589607 EXECUTOR - Initialization of module TC_26_6_13_10 finished.
2026/Jun/08 11:48:42.589609 EXECUTOR - Initializing module TC_26_6_13_9.
2026/Jun/08 11:48:42.589613 EXECUTOR - Initialization of module TC_26_6_13_9 finished.
2026/Jun/08 11:48:42.589615 EXECUTOR - Initializing module TC_26_6_1_1.
2026/Jun/08 11:48:42.589618 EXECUTOR - Initialization of module TC_26_6_1_1 finished.
2026/Jun/08 11:48:42.589621 EXECUTOR - Initializing module TC_26_6_1_2.
2026/Jun/08 11:48:42.589624 EXECUTOR - Initialization of module TC_26_6_1_2 finished.
2026/Jun/08 11:48:42.589626 EXECUTOR - Initializing module TC_26_6_1_3.
2026/Jun/08 11:48:42.589630 EXECUTOR - Initialization of module TC_26_6_1_3 finished.
2026/Jun/08 11:48:42.589632 EXECUTOR - Initializing module TC_26_6_1_4.
2026/Jun/08 11:48:42.589636 EXECUTOR - Initialization of module TC_26_6_1_4 finished.
2026/Jun/08 11:48:42.589638 EXECUTOR - Initializing module TC_26_6_1_5.
2026/Jun/08 11:48:42.589641 EXECUTOR - Initialization of module TC_26_6_1_5 finished.
2026/Jun/08 11:48:42.589643 EXECUTOR - Initializing module TC_26_6_2_1_1.
2026/Jun/08 11:48:42.589647 EXECUTOR - Initialization of module TC_26_6_2_1_1 finished.
2026/Jun/08 11:48:42.589649 EXECUTOR - Initializing module TC_26_6_2_1_2.
2026/Jun/08 11:48:42.589653 EXECUTOR - Initialization of module TC_26_6_2_1_2 finished.
2026/Jun/08 11:48:42.589655 EXECUTOR - Initializing module TC_26_6_2_1_3.
2026/Jun/08 11:48:42.589659 EXECUTOR - Initialization of module TC_26_6_2_1_3 finished.
2026/Jun/08 11:48:42.589661 EXECUTOR - Initializing module TC_26_6_2_2.
2026/Jun/08 11:48:42.589665 EXECUTOR - Initialization of module TC_26_6_2_2 finished.
2026/Jun/08 11:48:42.589667 EXECUTOR - Initializing module TC_26_6_2_3_1.
2026/Jun/08 11:48:42.589670 EXECUTOR - Initialization of module TC_26_6_2_3_1 finished.
2026/Jun/08 11:48:42.589672 EXECUTOR - Initializing module TC_26_6_2_3_2.
2026/Jun/08 11:48:42.589676 EXECUTOR - Initialization of module TC_26_6_2_3_2 finished.
2026/Jun/08 11:48:42.589681 EXECUTOR - Initializing module TC_26_6_2_4.
2026/Jun/08 11:48:42.589685 EXECUTOR - Initialization of module TC_26_6_2_4 finished.
2026/Jun/08 11:48:42.589687 EXECUTOR - Initializing module TC_26_6_3_1.
2026/Jun/08 11:48:42.589691 EXECUTOR - Initialization of module TC_26_6_3_1 finished.
2026/Jun/08 11:48:42.589693 EXECUTOR - Initializing module TC_26_6_3_4.
2026/Jun/08 11:48:42.589696 EXECUTOR - Initialization of module TC_26_6_3_4 finished.
2026/Jun/08 11:48:42.589699 EXECUTOR - Initializing module TC_26_6_4_1.
2026/Jun/08 11:48:42.589702 EXECUTOR - Initialization of module TC_26_6_4_1 finished.
2026/Jun/08 11:48:42.589704 EXECUTOR - Initializing module TC_26_6_4_2_2.
2026/Jun/08 11:48:42.589708 EXECUTOR - Initialization of module TC_26_6_4_2_2 finished.
2026/Jun/08 11:48:42.589710 EXECUTOR - Initializing module TC_26_6_5_1.
2026/Jun/08 11:48:42.589714 EXECUTOR - Initialization of module TC_26_6_5_1 finished.
2026/Jun/08 11:48:42.589716 EXECUTOR - Initializing module TC_26_6_5_2_1.
2026/Jun/08 11:48:42.589720 EXECUTOR - Initialization of module TC_26_6_5_2_1 finished.
2026/Jun/08 11:48:42.589722 EXECUTOR - Initializing module TC_26_6_8_1.
2026/Jun/08 11:48:42.589725 EXECUTOR - Initialization of module TC_26_6_8_1 finished.
2026/Jun/08 11:48:42.589727 EXECUTOR - Initializing module TC_26_6_8_2.
2026/Jun/08 11:48:42.589731 EXECUTOR - Initialization of module TC_26_6_8_2 finished.
2026/Jun/08 11:48:42.589733 EXECUTOR - Initializing module TC_26_6_8_3.
2026/Jun/08 11:48:42.589737 EXECUTOR - Initialization of module TC_26_6_8_3 finished.
2026/Jun/08 11:48:42.589739 EXECUTOR - Initializing module TC_26_6_8_4.
2026/Jun/08 11:48:42.589743 EXECUTOR - Initialization of module TC_26_6_8_4 finished.
2026/Jun/08 11:48:42.589745 EXECUTOR - Initializing module TC_26_6_8_5.
2026/Jun/08 11:48:42.589749 EXECUTOR - Initialization of module TC_26_6_8_5 finished.
2026/Jun/08 11:48:42.589751 EXECUTOR - Initializing module TC_26_7_1.
2026/Jun/08 11:48:42.589754 EXECUTOR - Initialization of module TC_26_7_1 finished.
2026/Jun/08 11:48:42.589756 EXECUTOR - Initializing module TC_26_7_2_1.
2026/Jun/08 11:48:42.589760 EXECUTOR - Initialization of module TC_26_7_2_1 finished.
2026/Jun/08 11:48:42.589762 EXECUTOR - Initializing module TC_26_7_2_2.
2026/Jun/08 11:48:42.589766 EXECUTOR - Initialization of module TC_26_7_2_2 finished.
2026/Jun/08 11:48:42.589768 EXECUTOR - Initializing module TC_26_7_3_1.
2026/Jun/08 11:48:42.589772 EXECUTOR - Initialization of module TC_26_7_3_1 finished.
2026/Jun/08 11:48:42.589774 EXECUTOR - Initializing module TC_26_7_3_2.
2026/Jun/08 11:48:42.589778 EXECUTOR - Initialization of module TC_26_7_3_2 finished.
2026/Jun/08 11:48:42.589780 EXECUTOR - Initializing module TC_26_7_4_1.
2026/Jun/08 11:48:42.589783 EXECUTOR - Initialization of module TC_26_7_4_1 finished.
2026/Jun/08 11:48:42.589785 EXECUTOR - Initializing module TC_26_7_4_2_1.
2026/Jun/08 11:48:42.589789 EXECUTOR - Initialization of module TC_26_7_4_2_1 finished.
2026/Jun/08 11:48:42.589791 EXECUTOR - Initializing module TC_26_7_4_2_2_1.
2026/Jun/08 11:48:42.589795 EXECUTOR - Initialization of module TC_26_7_4_2_2_1 finished.
2026/Jun/08 11:48:42.589797 EXECUTOR - Initializing module TC_26_7_4_2_2_2.
2026/Jun/08 11:48:42.589801 EXECUTOR - Initialization of module TC_26_7_4_2_2_2 finished.
2026/Jun/08 11:48:42.589803 EXECUTOR - Initializing module TC_26_7_4_2_3.
2026/Jun/08 11:48:42.589806 EXECUTOR - Initialization of module TC_26_7_4_2_3 finished.
2026/Jun/08 11:48:42.589808 EXECUTOR - Initializing module TC_26_7_4_2_4_1.
2026/Jun/08 11:48:42.589812 EXECUTOR - Initialization of module TC_26_7_4_2_4_1 finished.
2026/Jun/08 11:48:42.589814 EXECUTOR - Initializing module TC_26_7_4_2_4_2.
2026/Jun/08 11:48:42.589818 EXECUTOR - Initialization of module TC_26_7_4_2_4_2 finished.
2026/Jun/08 11:48:42.589826 EXECUTOR - Initializing module TC_26_7_4_2_4_3.
2026/Jun/08 11:48:42.589833 EXECUTOR - Initialization of module TC_26_7_4_2_4_3 finished.
2026/Jun/08 11:48:42.589835 EXECUTOR - Initializing module TC_26_7_4_2_4_4.
2026/Jun/08 11:48:42.589842 EXECUTOR - Initialization of module TC_26_7_4_2_4_4 finished.
2026/Jun/08 11:48:42.589844 EXECUTOR - Initializing module TC_26_7_4_2_4_5.
2026/Jun/08 11:48:42.589848 EXECUTOR - Initialization of module TC_26_7_4_2_4_5 finished.
2026/Jun/08 11:48:42.589850 EXECUTOR - Initializing module TC_26_7_4_3_1.
2026/Jun/08 11:48:42.589853 EXECUTOR - Initialization of module TC_26_7_4_3_1 finished.
2026/Jun/08 11:48:42.589856 EXECUTOR - Initializing module TC_26_7_4_3_2.
2026/Jun/08 11:48:42.589859 EXECUTOR - Initialization of module TC_26_7_4_3_2 finished.
2026/Jun/08 11:48:42.589861 EXECUTOR - Initializing module TC_26_7_4_3_3.
2026/Jun/08 11:48:42.589865 EXECUTOR - Initialization of module TC_26_7_4_3_3 finished.
2026/Jun/08 11:48:42.589867 EXECUTOR - Initializing module TC_26_7_4_3_4.
2026/Jun/08 11:48:42.589871 EXECUTOR - Initialization of module TC_26_7_4_3_4 finished.
2026/Jun/08 11:48:42.589873 EXECUTOR - Initializing module TC_26_7_4_4.
2026/Jun/08 11:48:42.589877 EXECUTOR - Initialization of module TC_26_7_4_4 finished.
2026/Jun/08 11:48:42.589879 EXECUTOR - Initializing module TC_26_7_4_5_1.
2026/Jun/08 11:48:42.589882 EXECUTOR - Initialization of module TC_26_7_4_5_1 finished.
2026/Jun/08 11:48:42.589884 EXECUTOR - Initializing module TC_26_7_4_5_2.
2026/Jun/08 11:48:42.589888 EXECUTOR - Initialization of module TC_26_7_4_5_2 finished.
2026/Jun/08 11:48:42.589890 EXECUTOR - Initializing module TC_26_7_4_5_3.
2026/Jun/08 11:48:42.589894 EXECUTOR - Initialization of module TC_26_7_4_5_3 finished.
2026/Jun/08 11:48:42.589896 EXECUTOR - Initializing module TC_26_7_4_5_4_2.
2026/Jun/08 11:48:42.589899 EXECUTOR - Initialization of module TC_26_7_4_5_4_2 finished.
2026/Jun/08 11:48:42.589901 EXECUTOR - Initializing module TC_26_7_5_2.
2026/Jun/08 11:48:42.589905 EXECUTOR - Initialization of module TC_26_7_5_2 finished.
2026/Jun/08 11:48:42.589907 EXECUTOR - Initializing module TC_26_7_5_3.
2026/Jun/08 11:48:42.589911 EXECUTOR - Initialization of module TC_26_7_5_3 finished.
2026/Jun/08 11:48:42.589913 EXECUTOR - Initializing module TC_26_7_5_4.
2026/Jun/08 11:48:42.589917 EXECUTOR - Initialization of module TC_26_7_5_4 finished.
2026/Jun/08 11:48:42.589919 EXECUTOR - Initializing module TC_26_7_5_5.
2026/Jun/08 11:48:42.589923 EXECUTOR - Initialization of module TC_26_7_5_5 finished.
2026/Jun/08 11:48:42.589925 EXECUTOR - Initializing module TC_26_7_5_6.
2026/Jun/08 11:48:42.589928 EXECUTOR - Initialization of module TC_26_7_5_6 finished.
2026/Jun/08 11:48:42.589930 EXECUTOR - Initializing module TC_26_7_5_7_1.
2026/Jun/08 11:48:42.589934 EXECUTOR - Initialization of module TC_26_7_5_7_1 finished.
2026/Jun/08 11:48:42.589936 EXECUTOR - Initializing module TC_26_7_5_8_1.
2026/Jun/08 11:48:42.589940 EXECUTOR - Initialization of module TC_26_7_5_8_1 finished.
2026/Jun/08 11:48:42.589942 EXECUTOR - Initializing module TC_26_7_5_8_2.
2026/Jun/08 11:48:42.589945 EXECUTOR - Initialization of module TC_26_7_5_8_2 finished.
2026/Jun/08 11:48:42.589948 EXECUTOR - Initializing module TC_26_7_5_8_3.
2026/Jun/08 11:48:42.589951 EXECUTOR - Initialization of module TC_26_7_5_8_3 finished.
2026/Jun/08 11:48:42.589953 EXECUTOR - Initializing module TC_26_8_1_2_1_1.
2026/Jun/08 11:48:42.589957 EXECUTOR - Initialization of module TC_26_8_1_2_1_1 finished.
2026/Jun/08 11:48:42.589959 EXECUTOR - Initializing module TC_26_8_1_2_2_1.
2026/Jun/08 11:48:42.589963 EXECUTOR - Initialization of module TC_26_8_1_2_2_1 finished.
2026/Jun/08 11:48:42.589965 EXECUTOR - Initializing module TC_26_8_1_2_2_2.
2026/Jun/08 11:48:42.589969 EXECUTOR - Initialization of module TC_26_8_1_2_2_2 finished.
2026/Jun/08 11:48:42.589971 EXECUTOR - Initializing module TC_26_8_1_2_2_3.
2026/Jun/08 11:48:42.589974 EXECUTOR - Initialization of module TC_26_8_1_2_2_3 finished.
2026/Jun/08 11:48:42.589976 EXECUTOR - Initializing module TC_26_8_1_2_3_1.
2026/Jun/08 11:48:42.589980 EXECUTOR - Initialization of module TC_26_8_1_2_3_1 finished.
2026/Jun/08 11:48:42.589982 EXECUTOR - Initializing module TC_26_8_1_2_3_2.
2026/Jun/08 11:48:42.589988 EXECUTOR - Initialization of module TC_26_8_1_2_3_2 finished.
2026/Jun/08 11:48:42.589990 EXECUTOR - Initializing module TC_26_8_1_2_3_3.
2026/Jun/08 11:48:42.589994 EXECUTOR - Initialization of module TC_26_8_1_2_3_3 finished.
2026/Jun/08 11:48:42.589996 EXECUTOR - Initializing module TC_26_8_1_2_3_4.
2026/Jun/08 11:48:42.590000 EXECUTOR - Initialization of module TC_26_8_1_2_3_4 finished.
2026/Jun/08 11:48:42.590002 EXECUTOR - Initializing module TC_26_8_1_2_3_5.
2026/Jun/08 11:48:42.590005 EXECUTOR - Initialization of module TC_26_8_1_2_3_5 finished.
2026/Jun/08 11:48:42.590008 EXECUTOR - Initializing module TC_26_8_1_2_3_6.
2026/Jun/08 11:48:42.590011 EXECUTOR - Initialization of module TC_26_8_1_2_3_6 finished.
2026/Jun/08 11:48:42.590013 EXECUTOR - Initializing module TC_26_8_1_2_3_7.
2026/Jun/08 11:48:42.590017 EXECUTOR - Initialization of module TC_26_8_1_2_3_7 finished.
2026/Jun/08 11:48:42.590019 EXECUTOR - Initializing module TC_26_8_1_2_4_1.
2026/Jun/08 11:48:42.590023 EXECUTOR - Initialization of module TC_26_8_1_2_4_1 finished.
2026/Jun/08 11:48:42.590025 EXECUTOR - Initializing module TC_26_8_1_2_4_13.
2026/Jun/08 11:48:42.590029 EXECUTOR - Initialization of module TC_26_8_1_2_4_13 finished.
2026/Jun/08 11:48:42.590031 EXECUTOR - Initializing module TC_26_8_1_2_4_2.
2026/Jun/08 11:48:42.590035 EXECUTOR - Initialization of module TC_26_8_1_2_4_2 finished.
2026/Jun/08 11:48:42.590037 EXECUTOR - Initializing module TC_26_8_1_2_4_3.
2026/Jun/08 11:48:42.590041 EXECUTOR - Initialization of module TC_26_8_1_2_4_3 finished.
2026/Jun/08 11:48:42.590043 EXECUTOR - Initializing module TC_26_8_1_2_4_4.
2026/Jun/08 11:48:42.590046 EXECUTOR - Initialization of module TC_26_8_1_2_4_4 finished.
2026/Jun/08 11:48:42.590049 EXECUTOR - Initializing module TC_26_8_1_2_4_5.
2026/Jun/08 11:48:42.590052 EXECUTOR - Initialization of module TC_26_8_1_2_4_5 finished.
2026/Jun/08 11:48:42.590054 EXECUTOR - Initializing module TC_26_8_1_2_6_1.
2026/Jun/08 11:48:42.590058 EXECUTOR - Initialization of module TC_26_8_1_2_6_1 finished.
2026/Jun/08 11:48:42.590060 EXECUTOR - Initializing module TC_26_8_1_2_6_2.
2026/Jun/08 11:48:42.590064 EXECUTOR - Initialization of module TC_26_8_1_2_6_2 finished.
2026/Jun/08 11:48:42.590066 EXECUTOR - Initializing module TC_26_8_1_2_6_3.
2026/Jun/08 11:48:42.590069 EXECUTOR - Initialization of module TC_26_8_1_2_6_3 finished.
2026/Jun/08 11:48:42.590071 EXECUTOR - Initializing module TC_26_8_1_2_6_6.
2026/Jun/08 11:48:42.590075 EXECUTOR - Initialization of module TC_26_8_1_2_6_6 finished.
2026/Jun/08 11:48:42.590077 EXECUTOR - Initializing module TC_26_8_1_3_1_1.
2026/Jun/08 11:48:42.590081 EXECUTOR - Initialization of module TC_26_8_1_3_1_1 finished.
2026/Jun/08 11:48:42.590083 EXECUTOR - Initializing module TC_26_8_1_3_2_1.
2026/Jun/08 11:48:42.590086 EXECUTOR - Initialization of module TC_26_8_1_3_2_1 finished.
2026/Jun/08 11:48:42.590089 EXECUTOR - Initializing module TC_26_8_1_3_3_1.
2026/Jun/08 11:48:42.590092 EXECUTOR - Initialization of module TC_26_8_1_3_3_1 finished.
2026/Jun/08 11:48:42.590094 EXECUTOR - Initializing module TC_26_8_1_3_3_2.
2026/Jun/08 11:48:42.590098 EXECUTOR - Initialization of module TC_26_8_1_3_3_2 finished.
2026/Jun/08 11:48:42.590100 EXECUTOR - Initializing module TC_26_8_1_3_3_3.
2026/Jun/08 11:48:42.590104 EXECUTOR - Initialization of module TC_26_8_1_3_3_3 finished.
2026/Jun/08 11:48:42.590106 EXECUTOR - Initializing module TC_26_8_1_3_3_4.
2026/Jun/08 11:48:42.590110 EXECUTOR - Initialization of module TC_26_8_1_3_3_4 finished.
2026/Jun/08 11:48:42.590112 EXECUTOR - Initializing module TC_26_8_1_3_3_5.
2026/Jun/08 11:48:42.590116 EXECUTOR - Initialization of module TC_26_8_1_3_3_5 finished.
2026/Jun/08 11:48:42.590118 EXECUTOR - Initializing module TC_26_8_1_3_3_6.
2026/Jun/08 11:48:42.590121 EXECUTOR - Initialization of module TC_26_8_1_3_3_6 finished.
2026/Jun/08 11:48:42.590123 EXECUTOR - Initializing module TC_26_8_1_3_3_7.
2026/Jun/08 11:48:42.590127 EXECUTOR - Initialization of module TC_26_8_1_3_3_7 finished.
2026/Jun/08 11:48:42.590129 EXECUTOR - Initializing module TC_26_8_1_3_4_1.
2026/Jun/08 11:48:42.590136 EXECUTOR - Initialization of module TC_26_8_1_3_4_1 finished.
2026/Jun/08 11:48:42.590138 EXECUTOR - Initializing module TC_26_8_1_3_4_2.
2026/Jun/08 11:48:42.590141 EXECUTOR - Initialization of module TC_26_8_1_3_4_2 finished.
2026/Jun/08 11:48:42.590143 EXECUTOR - Initializing module TC_26_8_1_3_4_3.
2026/Jun/08 11:48:42.590147 EXECUTOR - Initialization of module TC_26_8_1_3_4_3 finished.
2026/Jun/08 11:48:42.590149 EXECUTOR - Initializing module TC_26_8_1_3_4_4.
2026/Jun/08 11:48:42.590153 EXECUTOR - Initialization of module TC_26_8_1_3_4_4 finished.
2026/Jun/08 11:48:42.590155 EXECUTOR - Initializing module TC_26_8_1_3_4_5.
2026/Jun/08 11:48:42.590159 EXECUTOR - Initialization of module TC_26_8_1_3_4_5 finished.
2026/Jun/08 11:48:42.590161 EXECUTOR - Initializing module TC_26_8_1_3_4_6.
2026/Jun/08 11:48:42.590165 EXECUTOR - Initialization of module TC_26_8_1_3_4_6 finished.
2026/Jun/08 11:48:42.590167 EXECUTOR - Initializing module TC_26_8_1_3_4_7.
2026/Jun/08 11:48:42.590171 EXECUTOR - Initialization of module TC_26_8_1_3_4_7 finished.
2026/Jun/08 11:48:42.590173 EXECUTOR - Initializing module TC_26_8_1_3_4_8.
2026/Jun/08 11:48:42.590176 EXECUTOR - Initialization of module TC_26_8_1_3_4_8 finished.
2026/Jun/08 11:48:42.590178 EXECUTOR - Initializing module TC_26_8_1_3_5_1.
2026/Jun/08 11:48:42.590182 EXECUTOR - Initialization of module TC_26_8_1_3_5_1 finished.
2026/Jun/08 11:48:42.590184 EXECUTOR - Initializing module TC_26_8_1_3_5_2.
2026/Jun/08 11:48:42.590188 EXECUTOR - Initialization of module TC_26_8_1_3_5_2 finished.
2026/Jun/08 11:48:42.590190 EXECUTOR - Initializing module TC_26_8_1_3_5_3.
2026/Jun/08 11:48:42.590194 EXECUTOR - Initialization of module TC_26_8_1_3_5_3 finished.
2026/Jun/08 11:48:42.590196 EXECUTOR - Initializing module TC_26_8_1_3_5_4.
2026/Jun/08 11:48:42.590200 EXECUTOR - Initialization of module TC_26_8_1_3_5_4 finished.
2026/Jun/08 11:48:42.590202 EXECUTOR - Initializing module TC_26_8_1_3_5_5.
2026/Jun/08 11:48:42.590205 EXECUTOR - Initialization of module TC_26_8_1_3_5_5 finished.
2026/Jun/08 11:48:42.590208 EXECUTOR - Initializing module TC_26_8_1_3_5_6.
2026/Jun/08 11:48:42.590211 EXECUTOR - Initialization of module TC_26_8_1_3_5_6 finished.
2026/Jun/08 11:48:42.590213 EXECUTOR - Initializing module TC_26_8_1_3_5_7.
2026/Jun/08 11:48:42.590217 EXECUTOR - Initialization of module TC_26_8_1_3_5_7 finished.
2026/Jun/08 11:48:42.590219 EXECUTOR - Initializing module TC_26_8_1_3_5_8.
2026/Jun/08 11:48:42.590223 EXECUTOR - Initialization of module TC_26_8_1_3_5_8 finished.
2026/Jun/08 11:48:42.590225 EXECUTOR - Initializing module TC_26_8_1_3_5_9.
2026/Jun/08 11:48:42.590229 EXECUTOR - Initialization of module TC_26_8_1_3_5_9 finished.
2026/Jun/08 11:48:42.590231 EXECUTOR - Initializing module TC_26_8_2_1.
2026/Jun/08 11:48:42.590234 EXECUTOR - Initialization of module TC_26_8_2_1 finished.
2026/Jun/08 11:48:42.590236 EXECUTOR - Initializing module TC_26_8_2_2.
2026/Jun/08 11:48:42.590240 EXECUTOR - Initialization of module TC_26_8_2_2 finished.
2026/Jun/08 11:48:42.590242 EXECUTOR - Initializing module TC_26_8_2_3.
2026/Jun/08 11:48:42.590246 EXECUTOR - Initialization of module TC_26_8_2_3 finished.
2026/Jun/08 11:48:42.590248 EXECUTOR - Initializing module TC_26_8_3.
2026/Jun/08 11:48:42.590251 EXECUTOR - Initialization of module TC_26_8_3 finished.
2026/Jun/08 11:48:42.590253 EXECUTOR - Initializing module TC_34_2_2.
2026/Jun/08 11:48:42.590257 EXECUTOR - Initialization of module TC_34_2_2 finished.
2026/Jun/08 11:48:42.590259 EXECUTOR - Initializing module TitanLoggerApi.
2026/Jun/08 11:48:42.590261 EXECUTOR - Initialization of module TitanLoggerApi finished.
2026/Jun/08 11:48:42.590263 EXECUTOR - Initializing module TitanLoggerControl.
2026/Jun/08 11:48:42.590265 EXECUTOR - Initialization of module TitanLoggerControl finished.
2026/Jun/08 11:48:42.590274 EXECUTOR - Configuration data was processed successfully.
2026/Jun/08 11:48:42.591505 EXECUTOR - MTC was created. Process id: 39.
2026/Jun/08 11:50:42.559986 EXECUTOR - Exit was requested from MC. Terminating HC.
2026/Jun/08 11:50:42.560089 EXECUTOR - Disconnected from MC.
2026/Jun/08 11:50:42.560106 EXECUTOR - TTCN-3 Host Controller finished.
