2026/Jun/15 11:56:55.970721 EXECUTOR - TTCN-3 Host Controller started on ttcn3-tc-26-7-4-1-1-954m4. Version: 11.1.0.
2026/Jun/15 11:56:55.970900 EXECUTOR - TTCN Logger v2.2 options: TimeStampFormat:=DateTime; LogEntityName:=No; LogEventTypes:=Yes; SourceInfoFormat:=Single; LogSensitiveData:=No; *.FileMask:=LOG_ALL; *.ConsoleMask:=ERROR | TESTCASE | USER | VERDICTOP | WARNING; LogFileSize:=0; LogFileNumber:=1; DiskFullAction:=Error
2026/Jun/15 11:56:55.970910 EXECUTOR - Maximum number of open file descriptors: 1048576,   FD_SETSIZE = 1024
2026/Jun/15 11:56:55.971028 WARNING - Warning: The address of MC was set to a local IP address. This may cause incorrect behavior if a HC from a remote host also connects to MC.
2026/Jun/15 11:56:55.971065 EXECUTOR - The address of MC was set to 127.0.0.1:0.
2026/Jun/15 11:56:55.971180 EXECUTOR - Connected to MC.
2026/Jun/15 11:56:55.971265 EXECUTOR - This host supports UNIX domain sockets for local communication.
2026/Jun/15 11:56:55.971543 EXECUTOR - Processing configuration data received from MC.
2026/Jun/15 11:56:55.971786 WARNING - Warning: Skeleton `/results/TC_26_7_4_1-2026-06-15-115654/%n.log' does not guarantee unique log file name for every test system process. It may cause unpredictable results if several test components try to write into the same log file.
2026/Jun/15 11:56:55.972143 EXECUTOR - Module GSM_Constants has the following parameters: { TSPC_Serv_TS11 := true, TSPC_Serv_TS61 := false, TSPC_Serv_TS62 := false, TSPC_Serv_BS21 := false, TSPC_Serv_BS22 := false, TSPC_Serv_BS24 := false, TSPC_Serv_BS25 := false, TSPC_Serv_BS26 := false, TSPC_Serv_BS31 := false, TSPC_Serv_BS32 := false, TSPC_Serv_BS33 := false, TSPC_Serv_BS34 := false, TSPC_Serv_BS41 := false, TSPC_Serv_BS42 := false, TSPC_Serv_BS43 := false, TSPC_Serv_BS44 := false, TSPC_Serv_BS45 := false, TSPC_Serv_BS51 := false, TSPC_Serv_BS61 := false, TSPC_Serv_BS81 := false, TSPC_DualRate := false, TSPC_MTsvc := true, TSPX_IMSI := '901700000000001F'O, TSPX_TMSI := '1914D97F'O, TSPX_CKSNDef := 0, TSPX_RANDDef := '00112233445566778899AABBCCDDEEFF'O, TSPX_SRES := '12345678'O, TSPX_Kc := '0000000000000000'O, TSPX_SDCCH4SubDef := 0, TSPX_TmSltDef := 0, TSPX_TscDef := 7, TSPX_TCHHSubDef := 0, TCV_CC := true, TSPX_Telephony_Rate := C_Full (0), TSPX_MOBscSvcA := C_Telephony (0), TSPX_MOBscSvcB := C_Telephony (0), TSPX_MOBscSvcC := C_Telephony (0), TSPX_MOBscSvcD := C_Telephony (0), TSPX_MOBscSvcE := C_Telephony (0), TSPX_MOBscSvcF := C_Telephony (0), TSPX_MOBscSvcG := C_Telephony (0), TSPX_MOChRateA := C_Full (0), TSPX_MOChRateB := C_Full (0), TSPX_MOChRateC := C_Full (0), TSPX_MOChRateD := C_Full (0), TSPX_MOChRateE := C_Full (0), TSPX_MOChRateF := C_Full (0), TSPX_MOChRateG := C_Full (0), TSPX_MTBscSvcA := C_Telephony (0), TSPX_MTBscSvcB := C_Telephony (0), TSPX_MTBscSvcC := C_Telephony (0), TSPX_MTBscSvcD := C_Telephony (0), TSPX_MTBscSvcE := C_Telephony (0), TSPX_MTBscSvcF := C_Telephony (0), TSPX_MTBscSvcG := C_Telephony (0), TSPX_MTBscSvcH := C_Telephony (0), TSPX_MTBscSvcI := C_Telephony (0), TSPX_MTBscSvcJ := C_Telephony (0), TSPX_MTChRateA := C_Full (0), TSPX_MTChRateB := C_Full (0), TSPX_MTChRateC := C_Full (0), TSPX_MTChRateD := C_Full (0), TSPX_MTChRateE := C_Full (0), TSPX_MTChRateF := C_Full (0), TSPX_MTChRateG := C_Full (0), TSPX_MTChRateH := C_Full (0), TSPX_MTChRateI := C_Full (0), TSPX_MTChRateJ := C_Full (0), C_arfcnA := 100 }
2026/Jun/15 11:56:55.972232 EXECUTOR - Module TC_26_6_1_2 has the following parameters: { TSPX_nPara := 3, TSPX_i1Para := 3, TSPX_kPara := 5, TSPX_i2Para := 1, TSPX_rPara := 4, TSPX_i3Para := 4 }
2026/Jun/15 11:56:55.972280 EXECUTOR - Initializing module GSM_Component_Definitions.
2026/Jun/15 11:56:55.972287 EXECUTOR GSM_Component_Definitions.ttcn3:0 Initializing module GSM_Templates.
2026/Jun/15 11:56:55.972306 EXECUTOR GSM_Templates.ttcn3:0 Initializing module GSM_Constants.
2026/Jun/15 11:56:55.972311 EXECUTOR GSM_Constants.ttcn3:0 Initializing module GSM_Types.
2026/Jun/15 11:56:55.972314 EXECUTOR GSM_Constants.ttcn3:0 Initialization of module GSM_Types finished.
2026/Jun/15 11:56:55.972317 EXECUTOR GSM_Templates.ttcn3:0 Initialization of module GSM_Constants finished.
2026/Jun/15 11:56:55.972390 EXECUTOR GSM_Component_Definitions.ttcn3:0 Initialization of module GSM_Templates finished.
2026/Jun/15 11:56:55.972394 EXECUTOR - Initialization of module GSM_Component_Definitions finished.
2026/Jun/15 11:56:55.972397 EXECUTOR - Initializing module GSM_Functions.
2026/Jun/15 11:56:55.972420 EXECUTOR - Initialization of module GSM_Functions finished.
2026/Jun/15 11:56:55.972422 EXECUTOR - Initializing module PreGenRecordOf.
2026/Jun/15 11:56:55.972424 EXECUTOR - Initialization of module PreGenRecordOf finished.
2026/Jun/15 11:56:55.972426 EXECUTOR - Initializing module TC_26_2_1_3.
2026/Jun/15 11:56:55.972431 EXECUTOR - Initialization of module TC_26_2_1_3 finished.
2026/Jun/15 11:56:55.972433 EXECUTOR - Initializing module TC_26_2_2.
2026/Jun/15 11:56:55.972439 EXECUTOR - Initialization of module TC_26_2_2 finished.
2026/Jun/15 11:56:55.972441 EXECUTOR - Initializing module TC_26_2_3.
2026/Jun/15 11:56:55.972446 EXECUTOR - Initialization of module TC_26_2_3 finished.
2026/Jun/15 11:56:55.972448 EXECUTOR - Initializing module TC_26_6_11_1.
2026/Jun/15 11:56:55.972453 EXECUTOR - Initialization of module TC_26_6_11_1 finished.
2026/Jun/15 11:56:55.972455 EXECUTOR - Initializing module TC_26_6_11_2.
2026/Jun/15 11:56:55.972460 EXECUTOR - Initialization of module TC_26_6_11_2 finished.
2026/Jun/15 11:56:55.972462 EXECUTOR - Initializing module TC_26_6_12_1.
2026/Jun/15 11:56:55.972467 EXECUTOR - Initialization of module TC_26_6_12_1 finished.
2026/Jun/15 11:56:55.972469 EXECUTOR - Initializing module TC_26_6_12_2.
2026/Jun/15 11:56:55.972473 EXECUTOR - Initialization of module TC_26_6_12_2 finished.
2026/Jun/15 11:56:55.972476 EXECUTOR - Initializing module TC_26_6_12_3.
2026/Jun/15 11:56:55.972480 EXECUTOR - Initialization of module TC_26_6_12_3 finished.
2026/Jun/15 11:56:55.972482 EXECUTOR - Initializing module TC_26_6_12_4.
2026/Jun/15 11:56:55.972487 EXECUTOR - Initialization of module TC_26_6_12_4 finished.
2026/Jun/15 11:56:55.972489 EXECUTOR - Initializing module TC_26_6_13_10.
2026/Jun/15 11:56:55.972494 EXECUTOR - Initialization of module TC_26_6_13_10 finished.
2026/Jun/15 11:56:55.972497 EXECUTOR - Initializing module TC_26_6_13_9.
2026/Jun/15 11:56:55.972501 EXECUTOR - Initialization of module TC_26_6_13_9 finished.
2026/Jun/15 11:56:55.972503 EXECUTOR - Initializing module TC_26_6_1_1.
2026/Jun/15 11:56:55.972508 EXECUTOR - Initialization of module TC_26_6_1_1 finished.
2026/Jun/15 11:56:55.972510 EXECUTOR - Initializing module TC_26_6_1_2.
2026/Jun/15 11:56:55.972514 EXECUTOR - Initialization of module TC_26_6_1_2 finished.
2026/Jun/15 11:56:55.972516 EXECUTOR - Initializing module TC_26_6_1_3.
2026/Jun/15 11:56:55.972521 EXECUTOR - Initialization of module TC_26_6_1_3 finished.
2026/Jun/15 11:56:55.972523 EXECUTOR - Initializing module TC_26_6_1_4.
2026/Jun/15 11:56:55.972527 EXECUTOR - Initialization of module TC_26_6_1_4 finished.
2026/Jun/15 11:56:55.972529 EXECUTOR - Initializing module TC_26_6_1_5.
2026/Jun/15 11:56:55.972534 EXECUTOR - Initialization of module TC_26_6_1_5 finished.
2026/Jun/15 11:56:55.972536 EXECUTOR - Initializing module TC_26_6_2_1_1.
2026/Jun/15 11:56:55.972541 EXECUTOR - Initialization of module TC_26_6_2_1_1 finished.
2026/Jun/15 11:56:55.972543 EXECUTOR - Initializing module TC_26_6_2_1_2.
2026/Jun/15 11:56:55.972548 EXECUTOR - Initialization of module TC_26_6_2_1_2 finished.
2026/Jun/15 11:56:55.972550 EXECUTOR - Initializing module TC_26_6_2_1_3.
2026/Jun/15 11:56:55.972554 EXECUTOR - Initialization of module TC_26_6_2_1_3 finished.
2026/Jun/15 11:56:55.972557 EXECUTOR - Initializing module TC_26_6_2_2.
2026/Jun/15 11:56:55.972561 EXECUTOR - Initialization of module TC_26_6_2_2 finished.
2026/Jun/15 11:56:55.972563 EXECUTOR - Initializing module TC_26_6_2_3_1.
2026/Jun/15 11:56:55.972568 EXECUTOR - Initialization of module TC_26_6_2_3_1 finished.
2026/Jun/15 11:56:55.972570 EXECUTOR - Initializing module TC_26_6_2_3_2.
2026/Jun/15 11:56:55.972575 EXECUTOR - Initialization of module TC_26_6_2_3_2 finished.
2026/Jun/15 11:56:55.972580 EXECUTOR - Initializing module TC_26_6_2_4.
2026/Jun/15 11:56:55.972585 EXECUTOR - Initialization of module TC_26_6_2_4 finished.
2026/Jun/15 11:56:55.972587 EXECUTOR - Initializing module TC_26_6_3_1.
2026/Jun/15 11:56:55.972592 EXECUTOR - Initialization of module TC_26_6_3_1 finished.
2026/Jun/15 11:56:55.972594 EXECUTOR - Initializing module TC_26_6_3_4.
2026/Jun/15 11:56:55.972599 EXECUTOR - Initialization of module TC_26_6_3_4 finished.
2026/Jun/15 11:56:55.972601 EXECUTOR - Initializing module TC_26_6_4_1.
2026/Jun/15 11:56:55.972606 EXECUTOR - Initialization of module TC_26_6_4_1 finished.
2026/Jun/15 11:56:55.972608 EXECUTOR - Initializing module TC_26_6_4_2_2.
2026/Jun/15 11:56:55.972613 EXECUTOR - Initialization of module TC_26_6_4_2_2 finished.
2026/Jun/15 11:56:55.972615 EXECUTOR - Initializing module TC_26_6_5_1.
2026/Jun/15 11:56:55.972620 EXECUTOR - Initialization of module TC_26_6_5_1 finished.
2026/Jun/15 11:56:55.972622 EXECUTOR - Initializing module TC_26_6_5_2_1.
2026/Jun/15 11:56:55.972627 EXECUTOR - Initialization of module TC_26_6_5_2_1 finished.
2026/Jun/15 11:56:55.972629 EXECUTOR - Initializing module TC_26_6_8_1.
2026/Jun/15 11:56:55.972634 EXECUTOR - Initialization of module TC_26_6_8_1 finished.
2026/Jun/15 11:56:55.972636 EXECUTOR - Initializing module TC_26_6_8_2.
2026/Jun/15 11:56:55.972641 EXECUTOR - Initialization of module TC_26_6_8_2 finished.
2026/Jun/15 11:56:55.972643 EXECUTOR - Initializing module TC_26_6_8_3.
2026/Jun/15 11:56:55.972647 EXECUTOR - Initialization of module TC_26_6_8_3 finished.
2026/Jun/15 11:56:55.972649 EXECUTOR - Initializing module TC_26_6_8_4.
2026/Jun/15 11:56:55.972654 EXECUTOR - Initialization of module TC_26_6_8_4 finished.
2026/Jun/15 11:56:55.972656 EXECUTOR - Initializing module TC_26_6_8_5.
2026/Jun/15 11:56:55.972661 EXECUTOR - Initialization of module TC_26_6_8_5 finished.
2026/Jun/15 11:56:55.972663 EXECUTOR - Initializing module TC_26_7_1.
2026/Jun/15 11:56:55.972668 EXECUTOR - Initialization of module TC_26_7_1 finished.
2026/Jun/15 11:56:55.972670 EXECUTOR - Initializing module TC_26_7_2_1.
2026/Jun/15 11:56:55.972674 EXECUTOR - Initialization of module TC_26_7_2_1 finished.
2026/Jun/15 11:56:55.972677 EXECUTOR - Initializing module TC_26_7_2_2.
2026/Jun/15 11:56:55.972681 EXECUTOR - Initialization of module TC_26_7_2_2 finished.
2026/Jun/15 11:56:55.972683 EXECUTOR - Initializing module TC_26_7_3_1.
2026/Jun/15 11:56:55.972688 EXECUTOR - Initialization of module TC_26_7_3_1 finished.
2026/Jun/15 11:56:55.972690 EXECUTOR - Initializing module TC_26_7_3_2.
2026/Jun/15 11:56:55.972695 EXECUTOR - Initialization of module TC_26_7_3_2 finished.
2026/Jun/15 11:56:55.972697 EXECUTOR - Initializing module TC_26_7_4_1.
2026/Jun/15 11:56:55.972701 EXECUTOR - Initialization of module TC_26_7_4_1 finished.
2026/Jun/15 11:56:55.972703 EXECUTOR - Initializing module TC_26_7_4_2_1.
2026/Jun/15 11:56:55.972708 EXECUTOR - Initialization of module TC_26_7_4_2_1 finished.
2026/Jun/15 11:56:55.972710 EXECUTOR - Initializing module TC_26_7_4_2_2_1.
2026/Jun/15 11:56:55.972715 EXECUTOR - Initialization of module TC_26_7_4_2_2_1 finished.
2026/Jun/15 11:56:55.972717 EXECUTOR - Initializing module TC_26_7_4_2_2_2.
2026/Jun/15 11:56:55.972722 EXECUTOR - Initialization of module TC_26_7_4_2_2_2 finished.
2026/Jun/15 11:56:55.972724 EXECUTOR - Initializing module TC_26_7_4_2_3.
2026/Jun/15 11:56:55.972729 EXECUTOR - Initialization of module TC_26_7_4_2_3 finished.
2026/Jun/15 11:56:55.972731 EXECUTOR - Initializing module TC_26_7_4_2_4_1.
2026/Jun/15 11:56:55.972736 EXECUTOR - Initialization of module TC_26_7_4_2_4_1 finished.
2026/Jun/15 11:56:55.972738 EXECUTOR - Initializing module TC_26_7_4_2_4_2.
2026/Jun/15 11:56:55.972743 EXECUTOR - Initialization of module TC_26_7_4_2_4_2 finished.
2026/Jun/15 11:56:55.972745 EXECUTOR - Initializing module TC_26_7_4_2_4_3.
2026/Jun/15 11:56:55.972750 EXECUTOR - Initialization of module TC_26_7_4_2_4_3 finished.
2026/Jun/15 11:56:55.972752 EXECUTOR - Initializing module TC_26_7_4_2_4_4.
2026/Jun/15 11:56:55.972762 EXECUTOR - Initialization of module TC_26_7_4_2_4_4 finished.
2026/Jun/15 11:56:55.972765 EXECUTOR - Initializing module TC_26_7_4_2_4_5.
2026/Jun/15 11:56:55.972770 EXECUTOR - Initialization of module TC_26_7_4_2_4_5 finished.
2026/Jun/15 11:56:55.972772 EXECUTOR - Initializing module TC_26_7_4_3_1.
2026/Jun/15 11:56:55.972776 EXECUTOR - Initialization of module TC_26_7_4_3_1 finished.
2026/Jun/15 11:56:55.972778 EXECUTOR - Initializing module TC_26_7_4_3_2.
2026/Jun/15 11:56:55.972783 EXECUTOR - Initialization of module TC_26_7_4_3_2 finished.
2026/Jun/15 11:56:55.972785 EXECUTOR - Initializing module TC_26_7_4_3_3.
2026/Jun/15 11:56:55.972790 EXECUTOR - Initialization of module TC_26_7_4_3_3 finished.
2026/Jun/15 11:56:55.972792 EXECUTOR - Initializing module TC_26_7_4_3_4.
2026/Jun/15 11:56:55.972797 EXECUTOR - Initialization of module TC_26_7_4_3_4 finished.
2026/Jun/15 11:56:55.972799 EXECUTOR - Initializing module TC_26_7_4_4.
2026/Jun/15 11:56:55.972804 EXECUTOR - Initialization of module TC_26_7_4_4 finished.
2026/Jun/15 11:56:55.972806 EXECUTOR - Initializing module TC_26_7_4_5_1.
2026/Jun/15 11:56:55.972811 EXECUTOR - Initialization of module TC_26_7_4_5_1 finished.
2026/Jun/15 11:56:55.972813 EXECUTOR - Initializing module TC_26_7_4_5_2.
2026/Jun/15 11:56:55.972817 EXECUTOR - Initialization of module TC_26_7_4_5_2 finished.
2026/Jun/15 11:56:55.972820 EXECUTOR - Initializing module TC_26_7_4_5_3.
2026/Jun/15 11:56:55.972839 EXECUTOR - Initialization of module TC_26_7_4_5_3 finished.
2026/Jun/15 11:56:55.972841 EXECUTOR - Initializing module TC_26_7_4_5_4_2.
2026/Jun/15 11:56:55.972846 EXECUTOR - Initialization of module TC_26_7_4_5_4_2 finished.
2026/Jun/15 11:56:55.972848 EXECUTOR - Initializing module TC_26_7_5_2.
2026/Jun/15 11:56:55.972853 EXECUTOR - Initialization of module TC_26_7_5_2 finished.
2026/Jun/15 11:56:55.972855 EXECUTOR - Initializing module TC_26_7_5_3.
2026/Jun/15 11:56:55.972860 EXECUTOR - Initialization of module TC_26_7_5_3 finished.
2026/Jun/15 11:56:55.972862 EXECUTOR - Initializing module TC_26_7_5_4.
2026/Jun/15 11:56:55.972867 EXECUTOR - Initialization of module TC_26_7_5_4 finished.
2026/Jun/15 11:56:55.972869 EXECUTOR - Initializing module TC_26_7_5_5.
2026/Jun/15 11:56:55.972874 EXECUTOR - Initialization of module TC_26_7_5_5 finished.
2026/Jun/15 11:56:55.972876 EXECUTOR - Initializing module TC_26_7_5_6.
2026/Jun/15 11:56:55.972880 EXECUTOR - Initialization of module TC_26_7_5_6 finished.
2026/Jun/15 11:56:55.972883 EXECUTOR - Initializing module TC_26_7_5_7_1.
2026/Jun/15 11:56:55.972888 EXECUTOR - Initialization of module TC_26_7_5_7_1 finished.
2026/Jun/15 11:56:55.972890 EXECUTOR - Initializing module TC_26_7_5_8_1.
2026/Jun/15 11:56:55.972894 EXECUTOR - Initialization of module TC_26_7_5_8_1 finished.
2026/Jun/15 11:56:55.972896 EXECUTOR - Initializing module TC_26_7_5_8_2.
2026/Jun/15 11:56:55.972901 EXECUTOR - Initialization of module TC_26_7_5_8_2 finished.
2026/Jun/15 11:56:55.972903 EXECUTOR - Initializing module TC_26_7_5_8_3.
2026/Jun/15 11:56:55.972907 EXECUTOR - Initialization of module TC_26_7_5_8_3 finished.
2026/Jun/15 11:56:55.972909 EXECUTOR - Initializing module TC_26_8_1_2_1_1.
2026/Jun/15 11:56:55.972914 EXECUTOR - Initialization of module TC_26_8_1_2_1_1 finished.
2026/Jun/15 11:56:55.972916 EXECUTOR - Initializing module TC_26_8_1_2_2_1.
2026/Jun/15 11:56:55.972921 EXECUTOR - Initialization of module TC_26_8_1_2_2_1 finished.
2026/Jun/15 11:56:55.972923 EXECUTOR - Initializing module TC_26_8_1_2_2_2.
2026/Jun/15 11:56:55.972928 EXECUTOR - Initialization of module TC_26_8_1_2_2_2 finished.
2026/Jun/15 11:56:55.972930 EXECUTOR - Initializing module TC_26_8_1_2_2_3.
2026/Jun/15 11:56:55.972934 EXECUTOR - Initialization of module TC_26_8_1_2_2_3 finished.
2026/Jun/15 11:56:55.972936 EXECUTOR - Initializing module TC_26_8_1_2_3_1.
2026/Jun/15 11:56:55.972941 EXECUTOR - Initialization of module TC_26_8_1_2_3_1 finished.
2026/Jun/15 11:56:55.972944 EXECUTOR - Initializing module TC_26_8_1_2_3_2.
2026/Jun/15 11:56:55.972948 EXECUTOR - Initialization of module TC_26_8_1_2_3_2 finished.
2026/Jun/15 11:56:55.972953 EXECUTOR - Initializing module TC_26_8_1_2_3_3.
2026/Jun/15 11:56:55.972958 EXECUTOR - Initialization of module TC_26_8_1_2_3_3 finished.
2026/Jun/15 11:56:55.972960 EXECUTOR - Initializing module TC_26_8_1_2_3_4.
2026/Jun/15 11:56:55.972964 EXECUTOR - Initialization of module TC_26_8_1_2_3_4 finished.
2026/Jun/15 11:56:55.972966 EXECUTOR - Initializing module TC_26_8_1_2_3_5.
2026/Jun/15 11:56:55.972971 EXECUTOR - Initialization of module TC_26_8_1_2_3_5 finished.
2026/Jun/15 11:56:55.972973 EXECUTOR - Initializing module TC_26_8_1_2_3_6.
2026/Jun/15 11:56:55.972979 EXECUTOR - Initialization of module TC_26_8_1_2_3_6 finished.
2026/Jun/15 11:56:55.972981 EXECUTOR - Initializing module TC_26_8_1_2_3_7.
2026/Jun/15 11:56:55.972985 EXECUTOR - Initialization of module TC_26_8_1_2_3_7 finished.
2026/Jun/15 11:56:55.972987 EXECUTOR - Initializing module TC_26_8_1_2_4_1.
2026/Jun/15 11:56:55.972992 EXECUTOR - Initialization of module TC_26_8_1_2_4_1 finished.
2026/Jun/15 11:56:55.972994 EXECUTOR - Initializing module TC_26_8_1_2_4_13.
2026/Jun/15 11:56:55.972999 EXECUTOR - Initialization of module TC_26_8_1_2_4_13 finished.
2026/Jun/15 11:56:55.973001 EXECUTOR - Initializing module TC_26_8_1_2_4_2.
2026/Jun/15 11:56:55.973006 EXECUTOR - Initialization of module TC_26_8_1_2_4_2 finished.
2026/Jun/15 11:56:55.973008 EXECUTOR - Initializing module TC_26_8_1_2_4_3.
2026/Jun/15 11:56:55.973012 EXECUTOR - Initialization of module TC_26_8_1_2_4_3 finished.
2026/Jun/15 11:56:55.973014 EXECUTOR - Initializing module TC_26_8_1_2_4_4.
2026/Jun/15 11:56:55.973019 EXECUTOR - Initialization of module TC_26_8_1_2_4_4 finished.
2026/Jun/15 11:56:55.973021 EXECUTOR - Initializing module TC_26_8_1_2_4_5.
2026/Jun/15 11:56:55.973026 EXECUTOR - Initialization of module TC_26_8_1_2_4_5 finished.
2026/Jun/15 11:56:55.973028 EXECUTOR - Initializing module TC_26_8_1_2_6_1.
2026/Jun/15 11:56:55.973033 EXECUTOR - Initialization of module TC_26_8_1_2_6_1 finished.
2026/Jun/15 11:56:55.973035 EXECUTOR - Initializing module TC_26_8_1_2_6_2.
2026/Jun/15 11:56:55.973040 EXECUTOR - Initialization of module TC_26_8_1_2_6_2 finished.
2026/Jun/15 11:56:55.973042 EXECUTOR - Initializing module TC_26_8_1_2_6_3.
2026/Jun/15 11:56:55.973047 EXECUTOR - Initialization of module TC_26_8_1_2_6_3 finished.
2026/Jun/15 11:56:55.973049 EXECUTOR - Initializing module TC_26_8_1_2_6_6.
2026/Jun/15 11:56:55.973053 EXECUTOR - Initialization of module TC_26_8_1_2_6_6 finished.
2026/Jun/15 11:56:55.973055 EXECUTOR - Initializing module TC_26_8_1_3_1_1.
2026/Jun/15 11:56:55.973060 EXECUTOR - Initialization of module TC_26_8_1_3_1_1 finished.
2026/Jun/15 11:56:55.973062 EXECUTOR - Initializing module TC_26_8_1_3_2_1.
2026/Jun/15 11:56:55.973067 EXECUTOR - Initialization of module TC_26_8_1_3_2_1 finished.
2026/Jun/15 11:56:55.973069 EXECUTOR - Initializing module TC_26_8_1_3_3_1.
2026/Jun/15 11:56:55.973074 EXECUTOR - Initialization of module TC_26_8_1_3_3_1 finished.
2026/Jun/15 11:56:55.973076 EXECUTOR - Initializing module TC_26_8_1_3_3_2.
2026/Jun/15 11:56:55.973081 EXECUTOR - Initialization of module TC_26_8_1_3_3_2 finished.
2026/Jun/15 11:56:55.973083 EXECUTOR - Initializing module TC_26_8_1_3_3_3.
2026/Jun/15 11:56:55.973087 EXECUTOR - Initialization of module TC_26_8_1_3_3_3 finished.
2026/Jun/15 11:56:55.973089 EXECUTOR - Initializing module TC_26_8_1_3_3_4.
2026/Jun/15 11:56:55.973094 EXECUTOR - Initialization of module TC_26_8_1_3_3_4 finished.
2026/Jun/15 11:56:55.973096 EXECUTOR - Initializing module TC_26_8_1_3_3_5.
2026/Jun/15 11:56:55.973101 EXECUTOR - Initialization of module TC_26_8_1_3_3_5 finished.
2026/Jun/15 11:56:55.973103 EXECUTOR - Initializing module TC_26_8_1_3_3_6.
2026/Jun/15 11:56:55.973107 EXECUTOR - Initialization of module TC_26_8_1_3_3_6 finished.
2026/Jun/15 11:56:55.973110 EXECUTOR - Initializing module TC_26_8_1_3_3_7.
2026/Jun/15 11:56:55.973114 EXECUTOR - Initialization of module TC_26_8_1_3_3_7 finished.
2026/Jun/15 11:56:55.973116 EXECUTOR - Initializing module TC_26_8_1_3_4_1.
2026/Jun/15 11:56:55.973124 EXECUTOR - Initialization of module TC_26_8_1_3_4_1 finished.
2026/Jun/15 11:56:55.973126 EXECUTOR - Initializing module TC_26_8_1_3_4_2.
2026/Jun/15 11:56:55.973131 EXECUTOR - Initialization of module TC_26_8_1_3_4_2 finished.
2026/Jun/15 11:56:55.973133 EXECUTOR - Initializing module TC_26_8_1_3_4_3.
2026/Jun/15 11:56:55.973138 EXECUTOR - Initialization of module TC_26_8_1_3_4_3 finished.
2026/Jun/15 11:56:55.973140 EXECUTOR - Initializing module TC_26_8_1_3_4_4.
2026/Jun/15 11:56:55.973145 EXECUTOR - Initialization of module TC_26_8_1_3_4_4 finished.
2026/Jun/15 11:56:55.973148 EXECUTOR - Initializing module TC_26_8_1_3_4_5.
2026/Jun/15 11:56:55.973152 EXECUTOR - Initialization of module TC_26_8_1_3_4_5 finished.
2026/Jun/15 11:56:55.973154 EXECUTOR - Initializing module TC_26_8_1_3_4_6.
2026/Jun/15 11:56:55.973160 EXECUTOR - Initialization of module TC_26_8_1_3_4_6 finished.
2026/Jun/15 11:56:55.973162 EXECUTOR - Initializing module TC_26_8_1_3_4_7.
2026/Jun/15 11:56:55.973166 EXECUTOR - Initialization of module TC_26_8_1_3_4_7 finished.
2026/Jun/15 11:56:55.973168 EXECUTOR - Initializing module TC_26_8_1_3_4_8.
2026/Jun/15 11:56:55.973173 EXECUTOR - Initialization of module TC_26_8_1_3_4_8 finished.
2026/Jun/15 11:56:55.973175 EXECUTOR - Initializing module TC_26_8_1_3_5_1.
2026/Jun/15 11:56:55.973180 EXECUTOR - Initialization of module TC_26_8_1_3_5_1 finished.
2026/Jun/15 11:56:55.973182 EXECUTOR - Initializing module TC_26_8_1_3_5_2.
2026/Jun/15 11:56:55.973187 EXECUTOR - Initialization of module TC_26_8_1_3_5_2 finished.
2026/Jun/15 11:56:55.973189 EXECUTOR - Initializing module TC_26_8_1_3_5_3.
2026/Jun/15 11:56:55.973194 EXECUTOR - Initialization of module TC_26_8_1_3_5_3 finished.
2026/Jun/15 11:56:55.973196 EXECUTOR - Initializing module TC_26_8_1_3_5_4.
2026/Jun/15 11:56:55.973201 EXECUTOR - Initialization of module TC_26_8_1_3_5_4 finished.
2026/Jun/15 11:56:55.973203 EXECUTOR - Initializing module TC_26_8_1_3_5_5.
2026/Jun/15 11:56:55.973207 EXECUTOR - Initialization of module TC_26_8_1_3_5_5 finished.
2026/Jun/15 11:56:55.973209 EXECUTOR - Initializing module TC_26_8_1_3_5_6.
2026/Jun/15 11:56:55.973214 EXECUTOR - Initialization of module TC_26_8_1_3_5_6 finished.
2026/Jun/15 11:56:55.973216 EXECUTOR - Initializing module TC_26_8_1_3_5_7.
2026/Jun/15 11:56:55.973222 EXECUTOR - Initialization of module TC_26_8_1_3_5_7 finished.
2026/Jun/15 11:56:55.973224 EXECUTOR - Initializing module TC_26_8_1_3_5_8.
2026/Jun/15 11:56:55.973228 EXECUTOR - Initialization of module TC_26_8_1_3_5_8 finished.
2026/Jun/15 11:56:55.973231 EXECUTOR - Initializing module TC_26_8_1_3_5_9.
2026/Jun/15 11:56:55.973235 EXECUTOR - Initialization of module TC_26_8_1_3_5_9 finished.
2026/Jun/15 11:56:55.973237 EXECUTOR - Initializing module TC_26_8_2_1.
2026/Jun/15 11:56:55.973242 EXECUTOR - Initialization of module TC_26_8_2_1 finished.
2026/Jun/15 11:56:55.973244 EXECUTOR - Initializing module TC_26_8_2_2.
2026/Jun/15 11:56:55.973249 EXECUTOR - Initialization of module TC_26_8_2_2 finished.
2026/Jun/15 11:56:55.973251 EXECUTOR - Initializing module TC_26_8_2_3.
2026/Jun/15 11:56:55.973256 EXECUTOR - Initialization of module TC_26_8_2_3 finished.
2026/Jun/15 11:56:55.973258 EXECUTOR - Initializing module TC_26_8_3.
2026/Jun/15 11:56:55.973263 EXECUTOR - Initialization of module TC_26_8_3 finished.
2026/Jun/15 11:56:55.973265 EXECUTOR - Initializing module TC_34_2_2.
2026/Jun/15 11:56:55.973270 EXECUTOR - Initialization of module TC_34_2_2 finished.
2026/Jun/15 11:56:55.973272 EXECUTOR - Initializing module TitanLoggerApi.
2026/Jun/15 11:56:55.973274 EXECUTOR - Initialization of module TitanLoggerApi finished.
2026/Jun/15 11:56:55.973276 EXECUTOR - Initializing module TitanLoggerControl.
2026/Jun/15 11:56:55.973278 EXECUTOR - Initialization of module TitanLoggerControl finished.
2026/Jun/15 11:56:55.973289 EXECUTOR - Configuration data was processed successfully.
2026/Jun/15 11:56:55.974890 EXECUTOR - MTC was created. Process id: 39.
2026/Jun/15 12:00:01.647648 EXECUTOR - Exit was requested from MC. Terminating HC.
2026/Jun/15 12:00:01.647787 EXECUTOR - Disconnected from MC.
2026/Jun/15 12:00:01.647810 EXECUTOR - TTCN-3 Host Controller finished.
