2026/Jun/23 10:24:56.705321 EXECUTOR - TTCN-3 Host Controller started on ttcn3-tc-26-6-1-1-1-g8xdt. Version: 11.1.0.
2026/Jun/23 10:24:56.705515 EXECUTOR - TTCN Logger v2.2 options: TimeStampFormat:=DateTime; LogEntityName:=No; LogEventTypes:=Yes; SourceInfoFormat:=Single; LogSensitiveData:=No; *.FileMask:=LOG_ALL; *.ConsoleMask:=ERROR | TESTCASE | USER | VERDICTOP | WARNING; LogFileSize:=0; LogFileNumber:=1; DiskFullAction:=Error
2026/Jun/23 10:24:56.705529 EXECUTOR - Maximum number of open file descriptors: 1048576,   FD_SETSIZE = 1024
2026/Jun/23 10:24:56.705673 WARNING - Warning: The address of MC was set to a local IP address. This may cause incorrect behavior if a HC from a remote host also connects to MC.
2026/Jun/23 10:24:56.705718 EXECUTOR - The address of MC was set to 127.0.0.1:0.
2026/Jun/23 10:24:56.705871 EXECUTOR - Connected to MC.
2026/Jun/23 10:24:56.705986 EXECUTOR - This host supports UNIX domain sockets for local communication.
2026/Jun/23 10:24:56.706274 EXECUTOR - Processing configuration data received from MC.
2026/Jun/23 10:24:56.706539 WARNING - Warning: Skeleton `/results/TC_26_6_1_1-2026-06-23-102455/%n.log' does not guarantee unique log file name for every test system process. It may cause unpredictable results if several test components try to write into the same log file.
2026/Jun/23 10:24:56.731875 EXECUTOR - Module GSM_Constants has the following parameters: { TSPC_Serv_TS11 := true, TSPC_Serv_TS61 := false, TSPC_Serv_TS62 := false, TSPC_Serv_BS21 := false, TSPC_Serv_BS22 := false, TSPC_Serv_BS24 := false, TSPC_Serv_BS25 := false, TSPC_Serv_BS26 := false, TSPC_Serv_BS31 := false, TSPC_Serv_BS32 := false, TSPC_Serv_BS33 := false, TSPC_Serv_BS34 := false, TSPC_Serv_BS41 := false, TSPC_Serv_BS42 := false, TSPC_Serv_BS43 := false, TSPC_Serv_BS44 := false, TSPC_Serv_BS45 := false, TSPC_Serv_BS51 := false, TSPC_Serv_BS61 := false, TSPC_Serv_BS81 := false, TSPC_DualRate := false, TSPC_MTsvc := true, TSPX_IMSI := '901700000000001F'O, TSPX_TMSI := '1914D97F'O, TSPX_CKSNDef := 0, TSPX_RANDDef := '00112233445566778899AABBCCDDEEFF'O, TSPX_SRES := '12345678'O, TSPX_Kc := '0000000000000000'O, TSPX_SDCCH4SubDef := 0, TSPX_TmSltDef := 0, TSPX_TscDef := 7, TSPX_TCHHSubDef := 0, TCV_CC := true, TSPX_Telephony_Rate := C_Full (0), TSPX_MOBscSvcA := C_Telephony (0), TSPX_MOBscSvcB := C_Telephony (0), TSPX_MOBscSvcC := C_Telephony (0), TSPX_MOBscSvcD := C_Telephony (0), TSPX_MOBscSvcE := C_Telephony (0), TSPX_MOBscSvcF := C_Telephony (0), TSPX_MOBscSvcG := C_Telephony (0), TSPX_MOChRateA := C_Full (0), TSPX_MOChRateB := C_Full (0), TSPX_MOChRateC := C_Full (0), TSPX_MOChRateD := C_Full (0), TSPX_MOChRateE := C_Full (0), TSPX_MOChRateF := C_Full (0), TSPX_MOChRateG := C_Full (0), TSPX_MTBscSvcA := C_Telephony (0), TSPX_MTBscSvcB := C_Telephony (0), TSPX_MTBscSvcC := C_Telephony (0), TSPX_MTBscSvcD := C_Telephony (0), TSPX_MTBscSvcE := C_Telephony (0), TSPX_MTBscSvcF := C_Telephony (0), TSPX_MTBscSvcG := C_Telephony (0), TSPX_MTBscSvcH := C_Telephony (0), TSPX_MTBscSvcI := C_Telephony (0), TSPX_MTBscSvcJ := C_Telephony (0), TSPX_MTChRateA := C_Full (0), TSPX_MTChRateB := C_Full (0), TSPX_MTChRateC := C_Full (0), TSPX_MTChRateD := C_Full (0), TSPX_MTChRateE := C_Full (0), TSPX_MTChRateF := C_Full (0), TSPX_MTChRateG := C_Full (0), TSPX_MTChRateH := C_Full (0), TSPX_MTChRateI := C_Full (0), TSPX_MTChRateJ := C_Full (0), C_arfcnA := 100 }
2026/Jun/23 10:24:56.731989 EXECUTOR - Module TC_26_6_1_2 has the following parameters: { TSPX_nPara := 3, TSPX_i1Para := 3, TSPX_kPara := 5, TSPX_i2Para := 1, TSPX_rPara := 4, TSPX_i3Para := 4 }
2026/Jun/23 10:24:56.732033 EXECUTOR - Initializing module GSM_Component_Definitions.
2026/Jun/23 10:24:56.732044 EXECUTOR GSM_Component_Definitions.ttcn3:0 Initializing module GSM_Templates.
2026/Jun/23 10:24:56.732068 EXECUTOR GSM_Templates.ttcn3:0 Initializing module GSM_Constants.
2026/Jun/23 10:24:56.732074 EXECUTOR GSM_Constants.ttcn3:0 Initializing module GSM_Types.
2026/Jun/23 10:24:56.732078 EXECUTOR GSM_Constants.ttcn3:0 Initialization of module GSM_Types finished.
2026/Jun/23 10:24:56.732082 EXECUTOR GSM_Templates.ttcn3:0 Initialization of module GSM_Constants finished.
2026/Jun/23 10:24:56.732177 EXECUTOR GSM_Component_Definitions.ttcn3:0 Initialization of module GSM_Templates finished.
2026/Jun/23 10:24:56.732182 EXECUTOR - Initialization of module GSM_Component_Definitions finished.
2026/Jun/23 10:24:56.732185 EXECUTOR - Initializing module GSM_Functions.
2026/Jun/23 10:24:56.732215 EXECUTOR - Initialization of module GSM_Functions finished.
2026/Jun/23 10:24:56.732218 EXECUTOR - Initializing module PreGenRecordOf.
2026/Jun/23 10:24:56.732221 EXECUTOR - Initialization of module PreGenRecordOf finished.
2026/Jun/23 10:24:56.732224 EXECUTOR - Initializing module TC_26_2_1_3.
2026/Jun/23 10:24:56.732230 EXECUTOR - Initialization of module TC_26_2_1_3 finished.
2026/Jun/23 10:24:56.732232 EXECUTOR - Initializing module TC_26_2_2.
2026/Jun/23 10:24:56.732239 EXECUTOR - Initialization of module TC_26_2_2 finished.
2026/Jun/23 10:24:56.732241 EXECUTOR - Initializing module TC_26_2_3.
2026/Jun/23 10:24:56.732247 EXECUTOR - Initialization of module TC_26_2_3 finished.
2026/Jun/23 10:24:56.732250 EXECUTOR - Initializing module TC_26_6_11_1.
2026/Jun/23 10:24:56.732257 EXECUTOR - Initialization of module TC_26_6_11_1 finished.
2026/Jun/23 10:24:56.732259 EXECUTOR - Initializing module TC_26_6_11_2.
2026/Jun/23 10:24:56.732266 EXECUTOR - Initialization of module TC_26_6_11_2 finished.
2026/Jun/23 10:24:56.732268 EXECUTOR - Initializing module TC_26_6_12_1.
2026/Jun/23 10:24:56.732274 EXECUTOR - Initialization of module TC_26_6_12_1 finished.
2026/Jun/23 10:24:56.732277 EXECUTOR - Initializing module TC_26_6_12_2.
2026/Jun/23 10:24:56.732283 EXECUTOR - Initialization of module TC_26_6_12_2 finished.
2026/Jun/23 10:24:56.732285 EXECUTOR - Initializing module TC_26_6_12_3.
2026/Jun/23 10:24:56.732291 EXECUTOR - Initialization of module TC_26_6_12_3 finished.
2026/Jun/23 10:24:56.732294 EXECUTOR - Initializing module TC_26_6_12_4.
2026/Jun/23 10:24:56.732300 EXECUTOR - Initialization of module TC_26_6_12_4 finished.
2026/Jun/23 10:24:56.732303 EXECUTOR - Initializing module TC_26_6_13_10.
2026/Jun/23 10:24:56.732309 EXECUTOR - Initialization of module TC_26_6_13_10 finished.
2026/Jun/23 10:24:56.732311 EXECUTOR - Initializing module TC_26_6_13_9.
2026/Jun/23 10:24:56.732317 EXECUTOR - Initialization of module TC_26_6_13_9 finished.
2026/Jun/23 10:24:56.732320 EXECUTOR - Initializing module TC_26_6_1_1.
2026/Jun/23 10:24:56.732326 EXECUTOR - Initialization of module TC_26_6_1_1 finished.
2026/Jun/23 10:24:56.732329 EXECUTOR - Initializing module TC_26_6_1_2.
2026/Jun/23 10:24:56.732334 EXECUTOR - Initialization of module TC_26_6_1_2 finished.
2026/Jun/23 10:24:56.732337 EXECUTOR - Initializing module TC_26_6_1_3.
2026/Jun/23 10:24:56.732343 EXECUTOR - Initialization of module TC_26_6_1_3 finished.
2026/Jun/23 10:24:56.732346 EXECUTOR - Initializing module TC_26_6_1_4.
2026/Jun/23 10:24:56.732352 EXECUTOR - Initialization of module TC_26_6_1_4 finished.
2026/Jun/23 10:24:56.732355 EXECUTOR - Initializing module TC_26_6_1_5.
2026/Jun/23 10:24:56.732365 EXECUTOR - Initialization of module TC_26_6_1_5 finished.
2026/Jun/23 10:24:56.732367 EXECUTOR - Initializing module TC_26_6_2_1_1.
2026/Jun/23 10:24:56.732374 EXECUTOR - Initialization of module TC_26_6_2_1_1 finished.
2026/Jun/23 10:24:56.732376 EXECUTOR - Initializing module TC_26_6_2_1_2.
2026/Jun/23 10:24:56.732383 EXECUTOR - Initialization of module TC_26_6_2_1_2 finished.
2026/Jun/23 10:24:56.732385 EXECUTOR - Initializing module TC_26_6_2_1_3.
2026/Jun/23 10:24:56.732392 EXECUTOR - Initialization of module TC_26_6_2_1_3 finished.
2026/Jun/23 10:24:56.732394 EXECUTOR - Initializing module TC_26_6_2_2.
2026/Jun/23 10:24:56.732401 EXECUTOR - Initialization of module TC_26_6_2_2 finished.
2026/Jun/23 10:24:56.732403 EXECUTOR - Initializing module TC_26_6_2_3_1.
2026/Jun/23 10:24:56.732410 EXECUTOR - Initialization of module TC_26_6_2_3_1 finished.
2026/Jun/23 10:24:56.732412 EXECUTOR - Initializing module TC_26_6_2_3_2.
2026/Jun/23 10:24:56.732418 EXECUTOR - Initialization of module TC_26_6_2_3_2 finished.
2026/Jun/23 10:24:56.732424 EXECUTOR - Initializing module TC_26_6_2_4.
2026/Jun/23 10:24:56.732431 EXECUTOR - Initialization of module TC_26_6_2_4 finished.
2026/Jun/23 10:24:56.732433 EXECUTOR - Initializing module TC_26_6_3_1.
2026/Jun/23 10:24:56.732439 EXECUTOR - Initialization of module TC_26_6_3_1 finished.
2026/Jun/23 10:24:56.732442 EXECUTOR - Initializing module TC_26_6_3_4.
2026/Jun/23 10:24:56.732448 EXECUTOR - Initialization of module TC_26_6_3_4 finished.
2026/Jun/23 10:24:56.732451 EXECUTOR - Initializing module TC_26_6_4_1.
2026/Jun/23 10:24:56.732457 EXECUTOR - Initialization of module TC_26_6_4_1 finished.
2026/Jun/23 10:24:56.732460 EXECUTOR - Initializing module TC_26_6_4_2_2.
2026/Jun/23 10:24:56.732466 EXECUTOR - Initialization of module TC_26_6_4_2_2 finished.
2026/Jun/23 10:24:56.732468 EXECUTOR - Initializing module TC_26_6_5_1.
2026/Jun/23 10:24:56.732475 EXECUTOR - Initialization of module TC_26_6_5_1 finished.
2026/Jun/23 10:24:56.732477 EXECUTOR - Initializing module TC_26_6_5_2_1.
2026/Jun/23 10:24:56.732483 EXECUTOR - Initialization of module TC_26_6_5_2_1 finished.
2026/Jun/23 10:24:56.732486 EXECUTOR - Initializing module TC_26_6_8_1.
2026/Jun/23 10:24:56.732492 EXECUTOR - Initialization of module TC_26_6_8_1 finished.
2026/Jun/23 10:24:56.732495 EXECUTOR - Initializing module TC_26_6_8_2.
2026/Jun/23 10:24:56.732501 EXECUTOR - Initialization of module TC_26_6_8_2 finished.
2026/Jun/23 10:24:56.732504 EXECUTOR - Initializing module TC_26_6_8_3.
2026/Jun/23 10:24:56.732509 EXECUTOR - Initialization of module TC_26_6_8_3 finished.
2026/Jun/23 10:24:56.732512 EXECUTOR - Initializing module TC_26_6_8_4.
2026/Jun/23 10:24:56.732518 EXECUTOR - Initialization of module TC_26_6_8_4 finished.
2026/Jun/23 10:24:56.732521 EXECUTOR - Initializing module TC_26_6_8_5.
2026/Jun/23 10:24:56.732527 EXECUTOR - Initialization of module TC_26_6_8_5 finished.
2026/Jun/23 10:24:56.732529 EXECUTOR - Initializing module TC_26_7_1.
2026/Jun/23 10:24:56.732535 EXECUTOR - Initialization of module TC_26_7_1 finished.
2026/Jun/23 10:24:56.732538 EXECUTOR - Initializing module TC_26_7_2_1.
2026/Jun/23 10:24:56.732544 EXECUTOR - Initialization of module TC_26_7_2_1 finished.
2026/Jun/23 10:24:56.732547 EXECUTOR - Initializing module TC_26_7_2_2.
2026/Jun/23 10:24:56.732553 EXECUTOR - Initialization of module TC_26_7_2_2 finished.
2026/Jun/23 10:24:56.732555 EXECUTOR - Initializing module TC_26_7_3_1.
2026/Jun/23 10:24:56.732561 EXECUTOR - Initialization of module TC_26_7_3_1 finished.
2026/Jun/23 10:24:56.732564 EXECUTOR - Initializing module TC_26_7_3_2.
2026/Jun/23 10:24:56.732570 EXECUTOR - Initialization of module TC_26_7_3_2 finished.
2026/Jun/23 10:24:56.732573 EXECUTOR - Initializing module TC_26_7_4_1.
2026/Jun/23 10:24:56.732580 EXECUTOR - Initialization of module TC_26_7_4_1 finished.
2026/Jun/23 10:24:56.732582 EXECUTOR - Initializing module TC_26_7_4_2_1.
2026/Jun/23 10:24:56.732588 EXECUTOR - Initialization of module TC_26_7_4_2_1 finished.
2026/Jun/23 10:24:56.732591 EXECUTOR - Initializing module TC_26_7_4_2_2_1.
2026/Jun/23 10:24:56.732597 EXECUTOR - Initialization of module TC_26_7_4_2_2_1 finished.
2026/Jun/23 10:24:56.732600 EXECUTOR - Initializing module TC_26_7_4_2_2_2.
2026/Jun/23 10:24:56.732607 EXECUTOR - Initialization of module TC_26_7_4_2_2_2 finished.
2026/Jun/23 10:24:56.732609 EXECUTOR - Initializing module TC_26_7_4_2_3.
2026/Jun/23 10:24:56.732616 EXECUTOR - Initialization of module TC_26_7_4_2_3 finished.
2026/Jun/23 10:24:56.732618 EXECUTOR - Initializing module TC_26_7_4_2_4_1.
2026/Jun/23 10:24:56.732625 EXECUTOR - Initialization of module TC_26_7_4_2_4_1 finished.
2026/Jun/23 10:24:56.732627 EXECUTOR - Initializing module TC_26_7_4_2_4_2.
2026/Jun/23 10:24:56.732634 EXECUTOR - Initialization of module TC_26_7_4_2_4_2 finished.
2026/Jun/23 10:24:56.732637 EXECUTOR - Initializing module TC_26_7_4_2_4_3.
2026/Jun/23 10:24:56.732643 EXECUTOR - Initialization of module TC_26_7_4_2_4_3 finished.
2026/Jun/23 10:24:56.732646 EXECUTOR - Initializing module TC_26_7_4_2_4_4.
2026/Jun/23 10:24:56.732656 EXECUTOR - Initialization of module TC_26_7_4_2_4_4 finished.
2026/Jun/23 10:24:56.732658 EXECUTOR - Initializing module TC_26_7_4_2_4_5.
2026/Jun/23 10:24:56.732665 EXECUTOR - Initialization of module TC_26_7_4_2_4_5 finished.
2026/Jun/23 10:24:56.732667 EXECUTOR - Initializing module TC_26_7_4_3_1.
2026/Jun/23 10:24:56.732674 EXECUTOR - Initialization of module TC_26_7_4_3_1 finished.
2026/Jun/23 10:24:56.732677 EXECUTOR - Initializing module TC_26_7_4_3_2.
2026/Jun/23 10:24:56.732683 EXECUTOR - Initialization of module TC_26_7_4_3_2 finished.
2026/Jun/23 10:24:56.732686 EXECUTOR - Initializing module TC_26_7_4_3_3.
2026/Jun/23 10:24:56.732692 EXECUTOR - Initialization of module TC_26_7_4_3_3 finished.
2026/Jun/23 10:24:56.732695 EXECUTOR - Initializing module TC_26_7_4_3_4.
2026/Jun/23 10:24:56.732701 EXECUTOR - Initialization of module TC_26_7_4_3_4 finished.
2026/Jun/23 10:24:56.732704 EXECUTOR - Initializing module TC_26_7_4_4.
2026/Jun/23 10:24:56.732710 EXECUTOR - Initialization of module TC_26_7_4_4 finished.
2026/Jun/23 10:24:56.732713 EXECUTOR - Initializing module TC_26_7_4_5_1.
2026/Jun/23 10:24:56.732719 EXECUTOR - Initialization of module TC_26_7_4_5_1 finished.
2026/Jun/23 10:24:56.732722 EXECUTOR - Initializing module TC_26_7_4_5_2.
2026/Jun/23 10:24:56.732728 EXECUTOR - Initialization of module TC_26_7_4_5_2 finished.
2026/Jun/23 10:24:56.732731 EXECUTOR - Initializing module TC_26_7_4_5_3.
2026/Jun/23 10:24:56.732737 EXECUTOR - Initialization of module TC_26_7_4_5_3 finished.
2026/Jun/23 10:24:56.732739 EXECUTOR - Initializing module TC_26_7_4_5_4_2.
2026/Jun/23 10:24:56.732745 EXECUTOR - Initialization of module TC_26_7_4_5_4_2 finished.
2026/Jun/23 10:24:56.732748 EXECUTOR - Initializing module TC_26_7_5_2.
2026/Jun/23 10:24:56.732754 EXECUTOR - Initialization of module TC_26_7_5_2 finished.
2026/Jun/23 10:24:56.732756 EXECUTOR - Initializing module TC_26_7_5_3.
2026/Jun/23 10:24:56.732762 EXECUTOR - Initialization of module TC_26_7_5_3 finished.
2026/Jun/23 10:24:56.732765 EXECUTOR - Initializing module TC_26_7_5_4.
2026/Jun/23 10:24:56.732771 EXECUTOR - Initialization of module TC_26_7_5_4 finished.
2026/Jun/23 10:24:56.732774 EXECUTOR - Initializing module TC_26_7_5_5.
2026/Jun/23 10:24:56.732780 EXECUTOR - Initialization of module TC_26_7_5_5 finished.
2026/Jun/23 10:24:56.732782 EXECUTOR - Initializing module TC_26_7_5_6.
2026/Jun/23 10:24:56.732788 EXECUTOR - Initialization of module TC_26_7_5_6 finished.
2026/Jun/23 10:24:56.732791 EXECUTOR - Initializing module TC_26_7_5_7_1.
2026/Jun/23 10:24:56.732797 EXECUTOR - Initialization of module TC_26_7_5_7_1 finished.
2026/Jun/23 10:24:56.732800 EXECUTOR - Initializing module TC_26_7_5_8_1.
2026/Jun/23 10:24:56.732805 EXECUTOR - Initialization of module TC_26_7_5_8_1 finished.
2026/Jun/23 10:24:56.732808 EXECUTOR - Initializing module TC_26_7_5_8_2.
2026/Jun/23 10:24:56.732813 EXECUTOR - Initialization of module TC_26_7_5_8_2 finished.
2026/Jun/23 10:24:56.732816 EXECUTOR - Initializing module TC_26_7_5_8_3.
2026/Jun/23 10:24:56.732830 EXECUTOR - Initialization of module TC_26_7_5_8_3 finished.
2026/Jun/23 10:24:56.732836 EXECUTOR - Initializing module TC_26_8_1_2_1_1.
2026/Jun/23 10:24:56.732841 EXECUTOR - Initialization of module TC_26_8_1_2_1_1 finished.
2026/Jun/23 10:24:56.732844 EXECUTOR - Initializing module TC_26_8_1_2_2_1.
2026/Jun/23 10:24:56.732850 EXECUTOR - Initialization of module TC_26_8_1_2_2_1 finished.
2026/Jun/23 10:24:56.732852 EXECUTOR - Initializing module TC_26_8_1_2_2_2.
2026/Jun/23 10:24:56.732858 EXECUTOR - Initialization of module TC_26_8_1_2_2_2 finished.
2026/Jun/23 10:24:56.732861 EXECUTOR - Initializing module TC_26_8_1_2_2_3.
2026/Jun/23 10:24:56.732867 EXECUTOR - Initialization of module TC_26_8_1_2_2_3 finished.
2026/Jun/23 10:24:56.732870 EXECUTOR - Initializing module TC_26_8_1_2_3_1.
2026/Jun/23 10:24:56.732876 EXECUTOR - Initialization of module TC_26_8_1_2_3_1 finished.
2026/Jun/23 10:24:56.732878 EXECUTOR - Initializing module TC_26_8_1_2_3_2.
2026/Jun/23 10:24:56.732884 EXECUTOR - Initialization of module TC_26_8_1_2_3_2 finished.
2026/Jun/23 10:24:56.732890 EXECUTOR - Initializing module TC_26_8_1_2_3_3.
2026/Jun/23 10:24:56.732896 EXECUTOR - Initialization of module TC_26_8_1_2_3_3 finished.
2026/Jun/23 10:24:56.732899 EXECUTOR - Initializing module TC_26_8_1_2_3_4.
2026/Jun/23 10:24:56.732904 EXECUTOR - Initialization of module TC_26_8_1_2_3_4 finished.
2026/Jun/23 10:24:56.732907 EXECUTOR - Initializing module TC_26_8_1_2_3_5.
2026/Jun/23 10:24:56.732913 EXECUTOR - Initialization of module TC_26_8_1_2_3_5 finished.
2026/Jun/23 10:24:56.732916 EXECUTOR - Initializing module TC_26_8_1_2_3_6.
2026/Jun/23 10:24:56.732922 EXECUTOR - Initialization of module TC_26_8_1_2_3_6 finished.
2026/Jun/23 10:24:56.732925 EXECUTOR - Initializing module TC_26_8_1_2_3_7.
2026/Jun/23 10:24:56.732930 EXECUTOR - Initialization of module TC_26_8_1_2_3_7 finished.
2026/Jun/23 10:24:56.732933 EXECUTOR - Initializing module TC_26_8_1_2_4_1.
2026/Jun/23 10:24:56.732939 EXECUTOR - Initialization of module TC_26_8_1_2_4_1 finished.
2026/Jun/23 10:24:56.732941 EXECUTOR - Initializing module TC_26_8_1_2_4_13.
2026/Jun/23 10:24:56.732947 EXECUTOR - Initialization of module TC_26_8_1_2_4_13 finished.
2026/Jun/23 10:24:56.732950 EXECUTOR - Initializing module TC_26_8_1_2_4_2.
2026/Jun/23 10:24:56.732955 EXECUTOR - Initialization of module TC_26_8_1_2_4_2 finished.
2026/Jun/23 10:24:56.732958 EXECUTOR - Initializing module TC_26_8_1_2_4_3.
2026/Jun/23 10:24:56.732964 EXECUTOR - Initialization of module TC_26_8_1_2_4_3 finished.
2026/Jun/23 10:24:56.732966 EXECUTOR - Initializing module TC_26_8_1_2_4_4.
2026/Jun/23 10:24:56.732972 EXECUTOR - Initialization of module TC_26_8_1_2_4_4 finished.
2026/Jun/23 10:24:56.732974 EXECUTOR - Initializing module TC_26_8_1_2_4_5.
2026/Jun/23 10:24:56.732980 EXECUTOR - Initialization of module TC_26_8_1_2_4_5 finished.
2026/Jun/23 10:24:56.732983 EXECUTOR - Initializing module TC_26_8_1_2_6_1.
2026/Jun/23 10:24:56.732989 EXECUTOR - Initialization of module TC_26_8_1_2_6_1 finished.
2026/Jun/23 10:24:56.732992 EXECUTOR - Initializing module TC_26_8_1_2_6_2.
2026/Jun/23 10:24:56.732999 EXECUTOR - Initialization of module TC_26_8_1_2_6_2 finished.
2026/Jun/23 10:24:56.733001 EXECUTOR - Initializing module TC_26_8_1_2_6_3.
2026/Jun/23 10:24:56.733008 EXECUTOR - Initialization of module TC_26_8_1_2_6_3 finished.
2026/Jun/23 10:24:56.733011 EXECUTOR - Initializing module TC_26_8_1_2_6_6.
2026/Jun/23 10:24:56.733017 EXECUTOR - Initialization of module TC_26_8_1_2_6_6 finished.
2026/Jun/23 10:24:56.733019 EXECUTOR - Initializing module TC_26_8_1_3_1_1.
2026/Jun/23 10:24:56.733026 EXECUTOR - Initialization of module TC_26_8_1_3_1_1 finished.
2026/Jun/23 10:24:56.733028 EXECUTOR - Initializing module TC_26_8_1_3_2_1.
2026/Jun/23 10:24:56.733035 EXECUTOR - Initialization of module TC_26_8_1_3_2_1 finished.
2026/Jun/23 10:24:56.733038 EXECUTOR - Initializing module TC_26_8_1_3_3_1.
2026/Jun/23 10:24:56.733044 EXECUTOR - Initialization of module TC_26_8_1_3_3_1 finished.
2026/Jun/23 10:24:56.733046 EXECUTOR - Initializing module TC_26_8_1_3_3_2.
2026/Jun/23 10:24:56.733053 EXECUTOR - Initialization of module TC_26_8_1_3_3_2 finished.
2026/Jun/23 10:24:56.733056 EXECUTOR - Initializing module TC_26_8_1_3_3_3.
2026/Jun/23 10:24:56.733062 EXECUTOR - Initialization of module TC_26_8_1_3_3_3 finished.
2026/Jun/23 10:24:56.733064 EXECUTOR - Initializing module TC_26_8_1_3_3_4.
2026/Jun/23 10:24:56.733071 EXECUTOR - Initialization of module TC_26_8_1_3_3_4 finished.
2026/Jun/23 10:24:56.733074 EXECUTOR - Initializing module TC_26_8_1_3_3_5.
2026/Jun/23 10:24:56.733080 EXECUTOR - Initialization of module TC_26_8_1_3_3_5 finished.
2026/Jun/23 10:24:56.733083 EXECUTOR - Initializing module TC_26_8_1_3_3_6.
2026/Jun/23 10:24:56.733089 EXECUTOR - Initialization of module TC_26_8_1_3_3_6 finished.
2026/Jun/23 10:24:56.733092 EXECUTOR - Initializing module TC_26_8_1_3_3_7.
2026/Jun/23 10:24:56.733098 EXECUTOR - Initialization of module TC_26_8_1_3_3_7 finished.
2026/Jun/23 10:24:56.733101 EXECUTOR - Initializing module TC_26_8_1_3_4_1.
2026/Jun/23 10:24:56.733110 EXECUTOR - Initialization of module TC_26_8_1_3_4_1 finished.
2026/Jun/23 10:24:56.733113 EXECUTOR - Initializing module TC_26_8_1_3_4_2.
2026/Jun/23 10:24:56.733119 EXECUTOR - Initialization of module TC_26_8_1_3_4_2 finished.
2026/Jun/23 10:24:56.733122 EXECUTOR - Initializing module TC_26_8_1_3_4_3.
2026/Jun/23 10:24:56.733128 EXECUTOR - Initialization of module TC_26_8_1_3_4_3 finished.
2026/Jun/23 10:24:56.733131 EXECUTOR - Initializing module TC_26_8_1_3_4_4.
2026/Jun/23 10:24:56.733137 EXECUTOR - Initialization of module TC_26_8_1_3_4_4 finished.
2026/Jun/23 10:24:56.733140 EXECUTOR - Initializing module TC_26_8_1_3_4_5.
2026/Jun/23 10:24:56.733146 EXECUTOR - Initialization of module TC_26_8_1_3_4_5 finished.
2026/Jun/23 10:24:56.733149 EXECUTOR - Initializing module TC_26_8_1_3_4_6.
2026/Jun/23 10:24:56.733155 EXECUTOR - Initialization of module TC_26_8_1_3_4_6 finished.
2026/Jun/23 10:24:56.733158 EXECUTOR - Initializing module TC_26_8_1_3_4_7.
2026/Jun/23 10:24:56.733164 EXECUTOR - Initialization of module TC_26_8_1_3_4_7 finished.
2026/Jun/23 10:24:56.733166 EXECUTOR - Initializing module TC_26_8_1_3_4_8.
2026/Jun/23 10:24:56.733172 EXECUTOR - Initialization of module TC_26_8_1_3_4_8 finished.
2026/Jun/23 10:24:56.733175 EXECUTOR - Initializing module TC_26_8_1_3_5_1.
2026/Jun/23 10:24:56.733181 EXECUTOR - Initialization of module TC_26_8_1_3_5_1 finished.
2026/Jun/23 10:24:56.733184 EXECUTOR - Initializing module TC_26_8_1_3_5_2.
2026/Jun/23 10:24:56.733190 EXECUTOR - Initialization of module TC_26_8_1_3_5_2 finished.
2026/Jun/23 10:24:56.733192 EXECUTOR - Initializing module TC_26_8_1_3_5_3.
2026/Jun/23 10:24:56.733198 EXECUTOR - Initialization of module TC_26_8_1_3_5_3 finished.
2026/Jun/23 10:24:56.733201 EXECUTOR - Initializing module TC_26_8_1_3_5_4.
2026/Jun/23 10:24:56.733207 EXECUTOR - Initialization of module TC_26_8_1_3_5_4 finished.
2026/Jun/23 10:24:56.733210 EXECUTOR - Initializing module TC_26_8_1_3_5_5.
2026/Jun/23 10:24:56.733216 EXECUTOR - Initialization of module TC_26_8_1_3_5_5 finished.
2026/Jun/23 10:24:56.733218 EXECUTOR - Initializing module TC_26_8_1_3_5_6.
2026/Jun/23 10:24:56.733224 EXECUTOR - Initialization of module TC_26_8_1_3_5_6 finished.
2026/Jun/23 10:24:56.733227 EXECUTOR - Initializing module TC_26_8_1_3_5_7.
2026/Jun/23 10:24:56.733232 EXECUTOR - Initialization of module TC_26_8_1_3_5_7 finished.
2026/Jun/23 10:24:56.733235 EXECUTOR - Initializing module TC_26_8_1_3_5_8.
2026/Jun/23 10:24:56.733241 EXECUTOR - Initialization of module TC_26_8_1_3_5_8 finished.
2026/Jun/23 10:24:56.733244 EXECUTOR - Initializing module TC_26_8_1_3_5_9.
2026/Jun/23 10:24:56.733249 EXECUTOR - Initialization of module TC_26_8_1_3_5_9 finished.
2026/Jun/23 10:24:56.733252 EXECUTOR - Initializing module TC_26_8_2_1.
2026/Jun/23 10:24:56.733259 EXECUTOR - Initialization of module TC_26_8_2_1 finished.
2026/Jun/23 10:24:56.733261 EXECUTOR - Initializing module TC_26_8_2_2.
2026/Jun/23 10:24:56.733267 EXECUTOR - Initialization of module TC_26_8_2_2 finished.
2026/Jun/23 10:24:56.733270 EXECUTOR - Initializing module TC_26_8_2_3.
2026/Jun/23 10:24:56.733276 EXECUTOR - Initialization of module TC_26_8_2_3 finished.
2026/Jun/23 10:24:56.733279 EXECUTOR - Initializing module TC_26_8_3.
2026/Jun/23 10:24:56.733284 EXECUTOR - Initialization of module TC_26_8_3 finished.
2026/Jun/23 10:24:56.733287 EXECUTOR - Initializing module TC_34_2_2.
2026/Jun/23 10:24:56.733293 EXECUTOR - Initialization of module TC_34_2_2 finished.
2026/Jun/23 10:24:56.733296 EXECUTOR - Initializing module TitanLoggerApi.
2026/Jun/23 10:24:56.733298 EXECUTOR - Initialization of module TitanLoggerApi finished.
2026/Jun/23 10:24:56.733301 EXECUTOR - Initializing module TitanLoggerControl.
2026/Jun/23 10:24:56.733303 EXECUTOR - Initialization of module TitanLoggerControl finished.
2026/Jun/23 10:24:56.733316 EXECUTOR - Configuration data was processed successfully.
2026/Jun/23 10:24:56.735022 EXECUTOR - MTC was created. Process id: 39.
2026/Jun/23 10:31:35.150729 EXECUTOR - Exit was requested from MC. Terminating HC.
2026/Jun/23 10:31:35.150965 EXECUTOR - Disconnected from MC.
2026/Jun/23 10:31:35.150995 EXECUTOR - TTCN-3 Host Controller finished.
