2026/Jun/24 06:38:52.845230 EXECUTOR - TTCN-3 Host Controller started on ttcn3-tc-26-7-2-2-1-44f7s. Version: 11.1.0.
2026/Jun/24 06:38:52.845387 EXECUTOR - TTCN Logger v2.2 options: TimeStampFormat:=DateTime; LogEntityName:=No; LogEventTypes:=Yes; SourceInfoFormat:=Single; LogSensitiveData:=No; *.FileMask:=LOG_ALL; *.ConsoleMask:=ERROR | TESTCASE | USER | VERDICTOP | WARNING; LogFileSize:=0; LogFileNumber:=1; DiskFullAction:=Error
2026/Jun/24 06:38:52.845397 EXECUTOR - Maximum number of open file descriptors: 1048576,   FD_SETSIZE = 1024
2026/Jun/24 06:38:52.845519 WARNING - Warning: The address of MC was set to a local IP address. This may cause incorrect behavior if a HC from a remote host also connects to MC.
2026/Jun/24 06:38:52.845551 EXECUTOR - The address of MC was set to 127.0.0.1:0.
2026/Jun/24 06:38:52.845666 EXECUTOR - Connected to MC.
2026/Jun/24 06:38:52.845755 EXECUTOR - This host supports UNIX domain sockets for local communication.
2026/Jun/24 06:38:52.845979 EXECUTOR - Processing configuration data received from MC.
2026/Jun/24 06:38:52.846188 WARNING - Warning: Skeleton `/results/TC_26_7_2_2-2026-06-24-063851/%n.log' does not guarantee unique log file name for every test system process. It may cause unpredictable results if several test components try to write into the same log file.
2026/Jun/24 06:38:52.846949 EXECUTOR - Module GSM_Constants has the following parameters: { TSPC_Serv_TS11 := true, TSPC_Serv_TS61 := false, TSPC_Serv_TS62 := false, TSPC_Serv_BS21 := false, TSPC_Serv_BS22 := false, TSPC_Serv_BS24 := false, TSPC_Serv_BS25 := false, TSPC_Serv_BS26 := false, TSPC_Serv_BS31 := false, TSPC_Serv_BS32 := false, TSPC_Serv_BS33 := false, TSPC_Serv_BS34 := false, TSPC_Serv_BS41 := false, TSPC_Serv_BS42 := false, TSPC_Serv_BS43 := false, TSPC_Serv_BS44 := false, TSPC_Serv_BS45 := false, TSPC_Serv_BS51 := false, TSPC_Serv_BS61 := false, TSPC_Serv_BS81 := false, TSPC_DualRate := false, TSPC_MTsvc := true, TSPX_IMSI := '901700000000001F'O, TSPX_TMSI := '1914D97F'O, TSPX_CKSNDef := 0, TSPX_RANDDef := '00112233445566778899AABBCCDDEEFF'O, TSPX_SRES := '12345678'O, TSPX_Kc := '0000000000000000'O, TSPX_SDCCH4SubDef := 0, TSPX_TmSltDef := 0, TSPX_TscDef := 7, TSPX_TCHHSubDef := 0, TCV_CC := true, TSPX_Telephony_Rate := C_Full (0), TSPX_MOBscSvcA := C_Telephony (0), TSPX_MOBscSvcB := C_Telephony (0), TSPX_MOBscSvcC := C_Telephony (0), TSPX_MOBscSvcD := C_Telephony (0), TSPX_MOBscSvcE := C_Telephony (0), TSPX_MOBscSvcF := C_Telephony (0), TSPX_MOBscSvcG := C_Telephony (0), TSPX_MOChRateA := C_Full (0), TSPX_MOChRateB := C_Full (0), TSPX_MOChRateC := C_Full (0), TSPX_MOChRateD := C_Full (0), TSPX_MOChRateE := C_Full (0), TSPX_MOChRateF := C_Full (0), TSPX_MOChRateG := C_Full (0), TSPX_MTBscSvcA := C_Telephony (0), TSPX_MTBscSvcB := C_Telephony (0), TSPX_MTBscSvcC := C_Telephony (0), TSPX_MTBscSvcD := C_Telephony (0), TSPX_MTBscSvcE := C_Telephony (0), TSPX_MTBscSvcF := C_Telephony (0), TSPX_MTBscSvcG := C_Telephony (0), TSPX_MTBscSvcH := C_Telephony (0), TSPX_MTBscSvcI := C_Telephony (0), TSPX_MTBscSvcJ := C_Telephony (0), TSPX_MTChRateA := C_Full (0), TSPX_MTChRateB := C_Full (0), TSPX_MTChRateC := C_Full (0), TSPX_MTChRateD := C_Full (0), TSPX_MTChRateE := C_Full (0), TSPX_MTChRateF := C_Full (0), TSPX_MTChRateG := C_Full (0), TSPX_MTChRateH := C_Full (0), TSPX_MTChRateI := C_Full (0), TSPX_MTChRateJ := C_Full (0), C_arfcnA := 100 }
2026/Jun/24 06:38:52.847032 EXECUTOR - Module TC_26_6_1_2 has the following parameters: { TSPX_nPara := 3, TSPX_i1Para := 3, TSPX_kPara := 5, TSPX_i2Para := 1, TSPX_rPara := 4, TSPX_i3Para := 4 }
2026/Jun/24 06:38:52.847061 EXECUTOR - Initializing module GSM_Component_Definitions.
2026/Jun/24 06:38:52.847068 EXECUTOR GSM_Component_Definitions.ttcn3:0 Initializing module GSM_Templates.
2026/Jun/24 06:38:52.847084 EXECUTOR GSM_Templates.ttcn3:0 Initializing module GSM_Constants.
2026/Jun/24 06:38:52.847089 EXECUTOR GSM_Constants.ttcn3:0 Initializing module GSM_Types.
2026/Jun/24 06:38:52.847092 EXECUTOR GSM_Constants.ttcn3:0 Initialization of module GSM_Types finished.
2026/Jun/24 06:38:52.847095 EXECUTOR GSM_Templates.ttcn3:0 Initialization of module GSM_Constants finished.
2026/Jun/24 06:38:52.847159 EXECUTOR GSM_Component_Definitions.ttcn3:0 Initialization of module GSM_Templates finished.
2026/Jun/24 06:38:52.847163 EXECUTOR - Initialization of module GSM_Component_Definitions finished.
2026/Jun/24 06:38:52.847165 EXECUTOR - Initializing module GSM_Functions.
2026/Jun/24 06:38:52.847186 EXECUTOR - Initialization of module GSM_Functions finished.
2026/Jun/24 06:38:52.847188 EXECUTOR - Initializing module PreGenRecordOf.
2026/Jun/24 06:38:52.847191 EXECUTOR - Initialization of module PreGenRecordOf finished.
2026/Jun/24 06:38:52.847193 EXECUTOR - Initializing module TC_26_2_1_3.
2026/Jun/24 06:38:52.847197 EXECUTOR - Initialization of module TC_26_2_1_3 finished.
2026/Jun/24 06:38:52.847199 EXECUTOR - Initializing module TC_26_2_2.
2026/Jun/24 06:38:52.847203 EXECUTOR - Initialization of module TC_26_2_2 finished.
2026/Jun/24 06:38:52.847206 EXECUTOR - Initializing module TC_26_2_3.
2026/Jun/24 06:38:52.847210 EXECUTOR - Initialization of module TC_26_2_3 finished.
2026/Jun/24 06:38:52.847212 EXECUTOR - Initializing module TC_26_6_11_1.
2026/Jun/24 06:38:52.847216 EXECUTOR - Initialization of module TC_26_6_11_1 finished.
2026/Jun/24 06:38:52.847218 EXECUTOR - Initializing module TC_26_6_11_2.
2026/Jun/24 06:38:52.847222 EXECUTOR - Initialization of module TC_26_6_11_2 finished.
2026/Jun/24 06:38:52.847224 EXECUTOR - Initializing module TC_26_6_12_1.
2026/Jun/24 06:38:52.847229 EXECUTOR - Initialization of module TC_26_6_12_1 finished.
2026/Jun/24 06:38:52.847231 EXECUTOR - Initializing module TC_26_6_12_2.
2026/Jun/24 06:38:52.847235 EXECUTOR - Initialization of module TC_26_6_12_2 finished.
2026/Jun/24 06:38:52.847237 EXECUTOR - Initializing module TC_26_6_12_3.
2026/Jun/24 06:38:52.847242 EXECUTOR - Initialization of module TC_26_6_12_3 finished.
2026/Jun/24 06:38:52.847245 EXECUTOR - Initializing module TC_26_6_12_4.
2026/Jun/24 06:38:52.847249 EXECUTOR - Initialization of module TC_26_6_12_4 finished.
2026/Jun/24 06:38:52.847251 EXECUTOR - Initializing module TC_26_6_13_10.
2026/Jun/24 06:38:52.847255 EXECUTOR - Initialization of module TC_26_6_13_10 finished.
2026/Jun/24 06:38:52.847257 EXECUTOR - Initializing module TC_26_6_13_9.
2026/Jun/24 06:38:52.847261 EXECUTOR - Initialization of module TC_26_6_13_9 finished.
2026/Jun/24 06:38:52.847263 EXECUTOR - Initializing module TC_26_6_1_1.
2026/Jun/24 06:38:52.847267 EXECUTOR - Initialization of module TC_26_6_1_1 finished.
2026/Jun/24 06:38:52.847269 EXECUTOR - Initializing module TC_26_6_1_2.
2026/Jun/24 06:38:52.847273 EXECUTOR - Initialization of module TC_26_6_1_2 finished.
2026/Jun/24 06:38:52.847275 EXECUTOR - Initializing module TC_26_6_1_3.
2026/Jun/24 06:38:52.847279 EXECUTOR - Initialization of module TC_26_6_1_3 finished.
2026/Jun/24 06:38:52.847281 EXECUTOR - Initializing module TC_26_6_1_4.
2026/Jun/24 06:38:52.847285 EXECUTOR - Initialization of module TC_26_6_1_4 finished.
2026/Jun/24 06:38:52.847287 EXECUTOR - Initializing module TC_26_6_1_5.
2026/Jun/24 06:38:52.847292 EXECUTOR - Initialization of module TC_26_6_1_5 finished.
2026/Jun/24 06:38:52.847294 EXECUTOR - Initializing module TC_26_6_2_1_1.
2026/Jun/24 06:38:52.847298 EXECUTOR - Initialization of module TC_26_6_2_1_1 finished.
2026/Jun/24 06:38:52.847300 EXECUTOR - Initializing module TC_26_6_2_1_2.
2026/Jun/24 06:38:52.847305 EXECUTOR - Initialization of module TC_26_6_2_1_2 finished.
2026/Jun/24 06:38:52.847307 EXECUTOR - Initializing module TC_26_6_2_1_3.
2026/Jun/24 06:38:52.847311 EXECUTOR - Initialization of module TC_26_6_2_1_3 finished.
2026/Jun/24 06:38:52.847313 EXECUTOR - Initializing module TC_26_6_2_2.
2026/Jun/24 06:38:52.847317 EXECUTOR - Initialization of module TC_26_6_2_2 finished.
2026/Jun/24 06:38:52.847320 EXECUTOR - Initializing module TC_26_6_2_3_1.
2026/Jun/24 06:38:52.847324 EXECUTOR - Initialization of module TC_26_6_2_3_1 finished.
2026/Jun/24 06:38:52.847326 EXECUTOR - Initializing module TC_26_6_2_3_2.
2026/Jun/24 06:38:52.847330 EXECUTOR - Initialization of module TC_26_6_2_3_2 finished.
2026/Jun/24 06:38:52.847335 EXECUTOR - Initializing module TC_26_6_2_4.
2026/Jun/24 06:38:52.847339 EXECUTOR - Initialization of module TC_26_6_2_4 finished.
2026/Jun/24 06:38:52.847341 EXECUTOR - Initializing module TC_26_6_3_1.
2026/Jun/24 06:38:52.847346 EXECUTOR - Initialization of module TC_26_6_3_1 finished.
2026/Jun/24 06:38:52.847348 EXECUTOR - Initializing module TC_26_6_3_4.
2026/Jun/24 06:38:52.847353 EXECUTOR - Initialization of module TC_26_6_3_4 finished.
2026/Jun/24 06:38:52.847355 EXECUTOR - Initializing module TC_26_6_4_1.
2026/Jun/24 06:38:52.847359 EXECUTOR - Initialization of module TC_26_6_4_1 finished.
2026/Jun/24 06:38:52.847361 EXECUTOR - Initializing module TC_26_6_4_2_2.
2026/Jun/24 06:38:52.847365 EXECUTOR - Initialization of module TC_26_6_4_2_2 finished.
2026/Jun/24 06:38:52.847368 EXECUTOR - Initializing module TC_26_6_5_1.
2026/Jun/24 06:38:52.847372 EXECUTOR - Initialization of module TC_26_6_5_1 finished.
2026/Jun/24 06:38:52.847374 EXECUTOR - Initializing module TC_26_6_5_2_1.
2026/Jun/24 06:38:52.847378 EXECUTOR - Initialization of module TC_26_6_5_2_1 finished.
2026/Jun/24 06:38:52.847380 EXECUTOR - Initializing module TC_26_6_8_1.
2026/Jun/24 06:38:52.847384 EXECUTOR - Initialization of module TC_26_6_8_1 finished.
2026/Jun/24 06:38:52.847386 EXECUTOR - Initializing module TC_26_6_8_2.
2026/Jun/24 06:38:52.847390 EXECUTOR - Initialization of module TC_26_6_8_2 finished.
2026/Jun/24 06:38:52.847393 EXECUTOR - Initializing module TC_26_6_8_3.
2026/Jun/24 06:38:52.847397 EXECUTOR - Initialization of module TC_26_6_8_3 finished.
2026/Jun/24 06:38:52.847399 EXECUTOR - Initializing module TC_26_6_8_4.
2026/Jun/24 06:38:52.847403 EXECUTOR - Initialization of module TC_26_6_8_4 finished.
2026/Jun/24 06:38:52.847405 EXECUTOR - Initializing module TC_26_6_8_5.
2026/Jun/24 06:38:52.847410 EXECUTOR - Initialization of module TC_26_6_8_5 finished.
2026/Jun/24 06:38:52.847412 EXECUTOR - Initializing module TC_26_7_1.
2026/Jun/24 06:38:52.847416 EXECUTOR - Initialization of module TC_26_7_1 finished.
2026/Jun/24 06:38:52.847418 EXECUTOR - Initializing module TC_26_7_2_1.
2026/Jun/24 06:38:52.847422 EXECUTOR - Initialization of module TC_26_7_2_1 finished.
2026/Jun/24 06:38:52.847425 EXECUTOR - Initializing module TC_26_7_2_2.
2026/Jun/24 06:38:52.847429 EXECUTOR - Initialization of module TC_26_7_2_2 finished.
2026/Jun/24 06:38:52.847431 EXECUTOR - Initializing module TC_26_7_3_1.
2026/Jun/24 06:38:52.847435 EXECUTOR - Initialization of module TC_26_7_3_1 finished.
2026/Jun/24 06:38:52.847437 EXECUTOR - Initializing module TC_26_7_3_2.
2026/Jun/24 06:38:52.847441 EXECUTOR - Initialization of module TC_26_7_3_2 finished.
2026/Jun/24 06:38:52.847443 EXECUTOR - Initializing module TC_26_7_4_1.
2026/Jun/24 06:38:52.847447 EXECUTOR - Initialization of module TC_26_7_4_1 finished.
2026/Jun/24 06:38:52.847449 EXECUTOR - Initializing module TC_26_7_4_2_1.
2026/Jun/24 06:38:52.847454 EXECUTOR - Initialization of module TC_26_7_4_2_1 finished.
2026/Jun/24 06:38:52.847456 EXECUTOR - Initializing module TC_26_7_4_2_2_1.
2026/Jun/24 06:38:52.847461 EXECUTOR - Initialization of module TC_26_7_4_2_2_1 finished.
2026/Jun/24 06:38:52.847463 EXECUTOR - Initializing module TC_26_7_4_2_2_2.
2026/Jun/24 06:38:52.847468 EXECUTOR - Initialization of module TC_26_7_4_2_2_2 finished.
2026/Jun/24 06:38:52.847470 EXECUTOR - Initializing module TC_26_7_4_2_3.
2026/Jun/24 06:38:52.847474 EXECUTOR - Initialization of module TC_26_7_4_2_3 finished.
2026/Jun/24 06:38:52.847476 EXECUTOR - Initializing module TC_26_7_4_2_4_1.
2026/Jun/24 06:38:52.847481 EXECUTOR - Initialization of module TC_26_7_4_2_4_1 finished.
2026/Jun/24 06:38:52.847483 EXECUTOR - Initializing module TC_26_7_4_2_4_2.
2026/Jun/24 06:38:52.847487 EXECUTOR - Initialization of module TC_26_7_4_2_4_2 finished.
2026/Jun/24 06:38:52.847489 EXECUTOR - Initializing module TC_26_7_4_2_4_3.
2026/Jun/24 06:38:52.847494 EXECUTOR - Initialization of module TC_26_7_4_2_4_3 finished.
2026/Jun/24 06:38:52.847496 EXECUTOR - Initializing module TC_26_7_4_2_4_4.
2026/Jun/24 06:38:52.847503 EXECUTOR - Initialization of module TC_26_7_4_2_4_4 finished.
2026/Jun/24 06:38:52.847506 EXECUTOR - Initializing module TC_26_7_4_2_4_5.
2026/Jun/24 06:38:52.847510 EXECUTOR - Initialization of module TC_26_7_4_2_4_5 finished.
2026/Jun/24 06:38:52.847512 EXECUTOR - Initializing module TC_26_7_4_3_1.
2026/Jun/24 06:38:52.847516 EXECUTOR - Initialization of module TC_26_7_4_3_1 finished.
2026/Jun/24 06:38:52.847518 EXECUTOR - Initializing module TC_26_7_4_3_2.
2026/Jun/24 06:38:52.847523 EXECUTOR - Initialization of module TC_26_7_4_3_2 finished.
2026/Jun/24 06:38:52.847525 EXECUTOR - Initializing module TC_26_7_4_3_3.
2026/Jun/24 06:38:52.847529 EXECUTOR - Initialization of module TC_26_7_4_3_3 finished.
2026/Jun/24 06:38:52.847531 EXECUTOR - Initializing module TC_26_7_4_3_4.
2026/Jun/24 06:38:52.847535 EXECUTOR - Initialization of module TC_26_7_4_3_4 finished.
2026/Jun/24 06:38:52.847537 EXECUTOR - Initializing module TC_26_7_4_4.
2026/Jun/24 06:38:52.847542 EXECUTOR - Initialization of module TC_26_7_4_4 finished.
2026/Jun/24 06:38:52.847544 EXECUTOR - Initializing module TC_26_7_4_5_1.
2026/Jun/24 06:38:52.847548 EXECUTOR - Initialization of module TC_26_7_4_5_1 finished.
2026/Jun/24 06:38:52.847550 EXECUTOR - Initializing module TC_26_7_4_5_2.
2026/Jun/24 06:38:52.847554 EXECUTOR - Initialization of module TC_26_7_4_5_2 finished.
2026/Jun/24 06:38:52.847556 EXECUTOR - Initializing module TC_26_7_4_5_3.
2026/Jun/24 06:38:52.847560 EXECUTOR - Initialization of module TC_26_7_4_5_3 finished.
2026/Jun/24 06:38:52.847562 EXECUTOR - Initializing module TC_26_7_4_5_4_2.
2026/Jun/24 06:38:52.847567 EXECUTOR - Initialization of module TC_26_7_4_5_4_2 finished.
2026/Jun/24 06:38:52.847569 EXECUTOR - Initializing module TC_26_7_5_2.
2026/Jun/24 06:38:52.847573 EXECUTOR - Initialization of module TC_26_7_5_2 finished.
2026/Jun/24 06:38:52.847575 EXECUTOR - Initializing module TC_26_7_5_3.
2026/Jun/24 06:38:52.847580 EXECUTOR - Initialization of module TC_26_7_5_3 finished.
2026/Jun/24 06:38:52.847582 EXECUTOR - Initializing module TC_26_7_5_4.
2026/Jun/24 06:38:52.847586 EXECUTOR - Initialization of module TC_26_7_5_4 finished.
2026/Jun/24 06:38:52.847589 EXECUTOR - Initializing module TC_26_7_5_5.
2026/Jun/24 06:38:52.847593 EXECUTOR - Initialization of module TC_26_7_5_5 finished.
2026/Jun/24 06:38:52.847595 EXECUTOR - Initializing module TC_26_7_5_6.
2026/Jun/24 06:38:52.847599 EXECUTOR - Initialization of module TC_26_7_5_6 finished.
2026/Jun/24 06:38:52.847601 EXECUTOR - Initializing module TC_26_7_5_7_1.
2026/Jun/24 06:38:52.847606 EXECUTOR - Initialization of module TC_26_7_5_7_1 finished.
2026/Jun/24 06:38:52.847608 EXECUTOR - Initializing module TC_26_7_5_8_1.
2026/Jun/24 06:38:52.847612 EXECUTOR - Initialization of module TC_26_7_5_8_1 finished.
2026/Jun/24 06:38:52.847614 EXECUTOR - Initializing module TC_26_7_5_8_2.
2026/Jun/24 06:38:52.847618 EXECUTOR - Initialization of module TC_26_7_5_8_2 finished.
2026/Jun/24 06:38:52.847620 EXECUTOR - Initializing module TC_26_7_5_8_3.
2026/Jun/24 06:38:52.847624 EXECUTOR - Initialization of module TC_26_7_5_8_3 finished.
2026/Jun/24 06:38:52.847626 EXECUTOR - Initializing module TC_26_8_1_2_1_1.
2026/Jun/24 06:38:52.847630 EXECUTOR - Initialization of module TC_26_8_1_2_1_1 finished.
2026/Jun/24 06:38:52.847633 EXECUTOR - Initializing module TC_26_8_1_2_2_1.
2026/Jun/24 06:38:52.847637 EXECUTOR - Initialization of module TC_26_8_1_2_2_1 finished.
2026/Jun/24 06:38:52.847639 EXECUTOR - Initializing module TC_26_8_1_2_2_2.
2026/Jun/24 06:38:52.847643 EXECUTOR - Initialization of module TC_26_8_1_2_2_2 finished.
2026/Jun/24 06:38:52.847645 EXECUTOR - Initializing module TC_26_8_1_2_2_3.
2026/Jun/24 06:38:52.847650 EXECUTOR - Initialization of module TC_26_8_1_2_2_3 finished.
2026/Jun/24 06:38:52.847652 EXECUTOR - Initializing module TC_26_8_1_2_3_1.
2026/Jun/24 06:38:52.847656 EXECUTOR - Initialization of module TC_26_8_1_2_3_1 finished.
2026/Jun/24 06:38:52.847659 EXECUTOR - Initializing module TC_26_8_1_2_3_2.
2026/Jun/24 06:38:52.847663 EXECUTOR - Initialization of module TC_26_8_1_2_3_2 finished.
2026/Jun/24 06:38:52.847667 EXECUTOR - Initializing module TC_26_8_1_2_3_3.
2026/Jun/24 06:38:52.847672 EXECUTOR - Initialization of module TC_26_8_1_2_3_3 finished.
2026/Jun/24 06:38:52.847674 EXECUTOR - Initializing module TC_26_8_1_2_3_4.
2026/Jun/24 06:38:52.847678 EXECUTOR - Initialization of module TC_26_8_1_2_3_4 finished.
2026/Jun/24 06:38:52.847680 EXECUTOR - Initializing module TC_26_8_1_2_3_5.
2026/Jun/24 06:38:52.847685 EXECUTOR - Initialization of module TC_26_8_1_2_3_5 finished.
2026/Jun/24 06:38:52.847687 EXECUTOR - Initializing module TC_26_8_1_2_3_6.
2026/Jun/24 06:38:52.847692 EXECUTOR - Initialization of module TC_26_8_1_2_3_6 finished.
2026/Jun/24 06:38:52.847694 EXECUTOR - Initializing module TC_26_8_1_2_3_7.
2026/Jun/24 06:38:52.847699 EXECUTOR - Initialization of module TC_26_8_1_2_3_7 finished.
2026/Jun/24 06:38:52.847701 EXECUTOR - Initializing module TC_26_8_1_2_4_1.
2026/Jun/24 06:38:52.847705 EXECUTOR - Initialization of module TC_26_8_1_2_4_1 finished.
2026/Jun/24 06:38:52.847707 EXECUTOR - Initializing module TC_26_8_1_2_4_13.
2026/Jun/24 06:38:52.847712 EXECUTOR - Initialization of module TC_26_8_1_2_4_13 finished.
2026/Jun/24 06:38:52.847714 EXECUTOR - Initializing module TC_26_8_1_2_4_2.
2026/Jun/24 06:38:52.847719 EXECUTOR - Initialization of module TC_26_8_1_2_4_2 finished.
2026/Jun/24 06:38:52.847721 EXECUTOR - Initializing module TC_26_8_1_2_4_3.
2026/Jun/24 06:38:52.847725 EXECUTOR - Initialization of module TC_26_8_1_2_4_3 finished.
2026/Jun/24 06:38:52.847728 EXECUTOR - Initializing module TC_26_8_1_2_4_4.
2026/Jun/24 06:38:52.847732 EXECUTOR - Initialization of module TC_26_8_1_2_4_4 finished.
2026/Jun/24 06:38:52.847734 EXECUTOR - Initializing module TC_26_8_1_2_4_5.
2026/Jun/24 06:38:52.847738 EXECUTOR - Initialization of module TC_26_8_1_2_4_5 finished.
2026/Jun/24 06:38:52.847740 EXECUTOR - Initializing module TC_26_8_1_2_6_1.
2026/Jun/24 06:38:52.847745 EXECUTOR - Initialization of module TC_26_8_1_2_6_1 finished.
2026/Jun/24 06:38:52.847747 EXECUTOR - Initializing module TC_26_8_1_2_6_2.
2026/Jun/24 06:38:52.847751 EXECUTOR - Initialization of module TC_26_8_1_2_6_2 finished.
2026/Jun/24 06:38:52.847753 EXECUTOR - Initializing module TC_26_8_1_2_6_3.
2026/Jun/24 06:38:52.847758 EXECUTOR - Initialization of module TC_26_8_1_2_6_3 finished.
2026/Jun/24 06:38:52.847760 EXECUTOR - Initializing module TC_26_8_1_2_6_6.
2026/Jun/24 06:38:52.847765 EXECUTOR - Initialization of module TC_26_8_1_2_6_6 finished.
2026/Jun/24 06:38:52.847767 EXECUTOR - Initializing module TC_26_8_1_3_1_1.
2026/Jun/24 06:38:52.847771 EXECUTOR - Initialization of module TC_26_8_1_3_1_1 finished.
2026/Jun/24 06:38:52.847773 EXECUTOR - Initializing module TC_26_8_1_3_2_1.
2026/Jun/24 06:38:52.847778 EXECUTOR - Initialization of module TC_26_8_1_3_2_1 finished.
2026/Jun/24 06:38:52.847780 EXECUTOR - Initializing module TC_26_8_1_3_3_1.
2026/Jun/24 06:38:52.847784 EXECUTOR - Initialization of module TC_26_8_1_3_3_1 finished.
2026/Jun/24 06:38:52.847786 EXECUTOR - Initializing module TC_26_8_1_3_3_2.
2026/Jun/24 06:38:52.847790 EXECUTOR - Initialization of module TC_26_8_1_3_3_2 finished.
2026/Jun/24 06:38:52.847793 EXECUTOR - Initializing module TC_26_8_1_3_3_3.
2026/Jun/24 06:38:52.847797 EXECUTOR - Initialization of module TC_26_8_1_3_3_3 finished.
2026/Jun/24 06:38:52.847799 EXECUTOR - Initializing module TC_26_8_1_3_3_4.
2026/Jun/24 06:38:52.847803 EXECUTOR - Initialization of module TC_26_8_1_3_3_4 finished.
2026/Jun/24 06:38:52.847805 EXECUTOR - Initializing module TC_26_8_1_3_3_5.
2026/Jun/24 06:38:52.847810 EXECUTOR - Initialization of module TC_26_8_1_3_3_5 finished.
2026/Jun/24 06:38:52.847812 EXECUTOR - Initializing module TC_26_8_1_3_3_6.
2026/Jun/24 06:38:52.847816 EXECUTOR - Initialization of module TC_26_8_1_3_3_6 finished.
2026/Jun/24 06:38:52.847818 EXECUTOR - Initializing module TC_26_8_1_3_3_7.
2026/Jun/24 06:38:52.847842 EXECUTOR - Initialization of module TC_26_8_1_3_3_7 finished.
2026/Jun/24 06:38:52.847847 EXECUTOR - Initializing module TC_26_8_1_3_4_1.
2026/Jun/24 06:38:52.847854 EXECUTOR - Initialization of module TC_26_8_1_3_4_1 finished.
2026/Jun/24 06:38:52.847857 EXECUTOR - Initializing module TC_26_8_1_3_4_2.
2026/Jun/24 06:38:52.847861 EXECUTOR - Initialization of module TC_26_8_1_3_4_2 finished.
2026/Jun/24 06:38:52.847863 EXECUTOR - Initializing module TC_26_8_1_3_4_3.
2026/Jun/24 06:38:52.847867 EXECUTOR - Initialization of module TC_26_8_1_3_4_3 finished.
2026/Jun/24 06:38:52.847870 EXECUTOR - Initializing module TC_26_8_1_3_4_4.
2026/Jun/24 06:38:52.847874 EXECUTOR - Initialization of module TC_26_8_1_3_4_4 finished.
2026/Jun/24 06:38:52.847876 EXECUTOR - Initializing module TC_26_8_1_3_4_5.
2026/Jun/24 06:38:52.847880 EXECUTOR - Initialization of module TC_26_8_1_3_4_5 finished.
2026/Jun/24 06:38:52.847882 EXECUTOR - Initializing module TC_26_8_1_3_4_6.
2026/Jun/24 06:38:52.847886 EXECUTOR - Initialization of module TC_26_8_1_3_4_6 finished.
2026/Jun/24 06:38:52.847889 EXECUTOR - Initializing module TC_26_8_1_3_4_7.
2026/Jun/24 06:38:52.847893 EXECUTOR - Initialization of module TC_26_8_1_3_4_7 finished.
2026/Jun/24 06:38:52.847895 EXECUTOR - Initializing module TC_26_8_1_3_4_8.
2026/Jun/24 06:38:52.847900 EXECUTOR - Initialization of module TC_26_8_1_3_4_8 finished.
2026/Jun/24 06:38:52.847902 EXECUTOR - Initializing module TC_26_8_1_3_5_1.
2026/Jun/24 06:38:52.847907 EXECUTOR - Initialization of module TC_26_8_1_3_5_1 finished.
2026/Jun/24 06:38:52.847909 EXECUTOR - Initializing module TC_26_8_1_3_5_2.
2026/Jun/24 06:38:52.847913 EXECUTOR - Initialization of module TC_26_8_1_3_5_2 finished.
2026/Jun/24 06:38:52.847915 EXECUTOR - Initializing module TC_26_8_1_3_5_3.
2026/Jun/24 06:38:52.847920 EXECUTOR - Initialization of module TC_26_8_1_3_5_3 finished.
2026/Jun/24 06:38:52.847922 EXECUTOR - Initializing module TC_26_8_1_3_5_4.
2026/Jun/24 06:38:52.847926 EXECUTOR - Initialization of module TC_26_8_1_3_5_4 finished.
2026/Jun/24 06:38:52.847928 EXECUTOR - Initializing module TC_26_8_1_3_5_5.
2026/Jun/24 06:38:52.847932 EXECUTOR - Initialization of module TC_26_8_1_3_5_5 finished.
2026/Jun/24 06:38:52.847934 EXECUTOR - Initializing module TC_26_8_1_3_5_6.
2026/Jun/24 06:38:52.847939 EXECUTOR - Initialization of module TC_26_8_1_3_5_6 finished.
2026/Jun/24 06:38:52.847941 EXECUTOR - Initializing module TC_26_8_1_3_5_7.
2026/Jun/24 06:38:52.847945 EXECUTOR - Initialization of module TC_26_8_1_3_5_7 finished.
2026/Jun/24 06:38:52.847947 EXECUTOR - Initializing module TC_26_8_1_3_5_8.
2026/Jun/24 06:38:52.847952 EXECUTOR - Initialization of module TC_26_8_1_3_5_8 finished.
2026/Jun/24 06:38:52.847954 EXECUTOR - Initializing module TC_26_8_1_3_5_9.
2026/Jun/24 06:38:52.847958 EXECUTOR - Initialization of module TC_26_8_1_3_5_9 finished.
2026/Jun/24 06:38:52.847960 EXECUTOR - Initializing module TC_26_8_2_1.
2026/Jun/24 06:38:52.847965 EXECUTOR - Initialization of module TC_26_8_2_1 finished.
2026/Jun/24 06:38:52.847967 EXECUTOR - Initializing module TC_26_8_2_2.
2026/Jun/24 06:38:52.847971 EXECUTOR - Initialization of module TC_26_8_2_2 finished.
2026/Jun/24 06:38:52.847973 EXECUTOR - Initializing module TC_26_8_2_3.
2026/Jun/24 06:38:52.847977 EXECUTOR - Initialization of module TC_26_8_2_3 finished.
2026/Jun/24 06:38:52.847979 EXECUTOR - Initializing module TC_26_8_3.
2026/Jun/24 06:38:52.847984 EXECUTOR - Initialization of module TC_26_8_3 finished.
2026/Jun/24 06:38:52.847986 EXECUTOR - Initializing module TC_34_2_2.
2026/Jun/24 06:38:52.847990 EXECUTOR - Initialization of module TC_34_2_2 finished.
2026/Jun/24 06:38:52.847993 EXECUTOR - Initializing module TitanLoggerApi.
2026/Jun/24 06:38:52.847995 EXECUTOR - Initialization of module TitanLoggerApi finished.
2026/Jun/24 06:38:52.847997 EXECUTOR - Initializing module TitanLoggerControl.
2026/Jun/24 06:38:52.847999 EXECUTOR - Initialization of module TitanLoggerControl finished.
2026/Jun/24 06:38:52.848009 EXECUTOR - Configuration data was processed successfully.
2026/Jun/24 06:38:52.849374 EXECUTOR - MTC was created. Process id: 39.
2026/Jun/24 06:40:15.527940 EXECUTOR - Exit was requested from MC. Terminating HC.
2026/Jun/24 06:40:15.528039 EXECUTOR - Disconnected from MC.
2026/Jun/24 06:40:15.528057 EXECUTOR - TTCN-3 Host Controller finished.
