2026/Jun/24 06:38:38.347938 EXECUTOR - TTCN-3 Host Controller started on ttcn3-tc-26-7-2-1-1-swqhz. Version: 11.1.0.
2026/Jun/24 06:38:38.348079 EXECUTOR - TTCN Logger v2.2 options: TimeStampFormat:=DateTime; LogEntityName:=No; LogEventTypes:=Yes; SourceInfoFormat:=Single; LogSensitiveData:=No; *.FileMask:=LOG_ALL; *.ConsoleMask:=ERROR | TESTCASE | USER | VERDICTOP | WARNING; LogFileSize:=0; LogFileNumber:=1; DiskFullAction:=Error
2026/Jun/24 06:38:38.348089 EXECUTOR - Maximum number of open file descriptors: 1048576,   FD_SETSIZE = 1024
2026/Jun/24 06:38:38.348232 WARNING - Warning: The address of MC was set to a local IP address. This may cause incorrect behavior if a HC from a remote host also connects to MC.
2026/Jun/24 06:38:38.348264 EXECUTOR - The address of MC was set to 127.0.0.1:0.
2026/Jun/24 06:38:38.348378 EXECUTOR - Connected to MC.
2026/Jun/24 06:38:38.348474 EXECUTOR - This host supports UNIX domain sockets for local communication.
2026/Jun/24 06:38:38.348630 EXECUTOR - Processing configuration data received from MC.
2026/Jun/24 06:38:38.348807 WARNING - Warning: Skeleton `/results/TC_26_7_2_1-2026-06-24-063837/%n.log' does not guarantee unique log file name for every test system process. It may cause unpredictable results if several test components try to write into the same log file.
2026/Jun/24 06:38:38.369502 EXECUTOR - Module GSM_Constants has the following parameters: { TSPC_Serv_TS11 := true, TSPC_Serv_TS61 := false, TSPC_Serv_TS62 := false, TSPC_Serv_BS21 := false, TSPC_Serv_BS22 := false, TSPC_Serv_BS24 := false, TSPC_Serv_BS25 := false, TSPC_Serv_BS26 := false, TSPC_Serv_BS31 := false, TSPC_Serv_BS32 := false, TSPC_Serv_BS33 := false, TSPC_Serv_BS34 := false, TSPC_Serv_BS41 := false, TSPC_Serv_BS42 := false, TSPC_Serv_BS43 := false, TSPC_Serv_BS44 := false, TSPC_Serv_BS45 := false, TSPC_Serv_BS51 := false, TSPC_Serv_BS61 := false, TSPC_Serv_BS81 := false, TSPC_DualRate := false, TSPC_MTsvc := true, TSPX_IMSI := '901700000000001F'O, TSPX_TMSI := '1914D97F'O, TSPX_CKSNDef := 0, TSPX_RANDDef := '00112233445566778899AABBCCDDEEFF'O, TSPX_SRES := '12345678'O, TSPX_Kc := '0000000000000000'O, TSPX_SDCCH4SubDef := 0, TSPX_TmSltDef := 0, TSPX_TscDef := 7, TSPX_TCHHSubDef := 0, TCV_CC := true, TSPX_Telephony_Rate := C_Full (0), TSPX_MOBscSvcA := C_Telephony (0), TSPX_MOBscSvcB := C_Telephony (0), TSPX_MOBscSvcC := C_Telephony (0), TSPX_MOBscSvcD := C_Telephony (0), TSPX_MOBscSvcE := C_Telephony (0), TSPX_MOBscSvcF := C_Telephony (0), TSPX_MOBscSvcG := C_Telephony (0), TSPX_MOChRateA := C_Full (0), TSPX_MOChRateB := C_Full (0), TSPX_MOChRateC := C_Full (0), TSPX_MOChRateD := C_Full (0), TSPX_MOChRateE := C_Full (0), TSPX_MOChRateF := C_Full (0), TSPX_MOChRateG := C_Full (0), TSPX_MTBscSvcA := C_Telephony (0), TSPX_MTBscSvcB := C_Telephony (0), TSPX_MTBscSvcC := C_Telephony (0), TSPX_MTBscSvcD := C_Telephony (0), TSPX_MTBscSvcE := C_Telephony (0), TSPX_MTBscSvcF := C_Telephony (0), TSPX_MTBscSvcG := C_Telephony (0), TSPX_MTBscSvcH := C_Telephony (0), TSPX_MTBscSvcI := C_Telephony (0), TSPX_MTBscSvcJ := C_Telephony (0), TSPX_MTChRateA := C_Full (0), TSPX_MTChRateB := C_Full (0), TSPX_MTChRateC := C_Full (0), TSPX_MTChRateD := C_Full (0), TSPX_MTChRateE := C_Full (0), TSPX_MTChRateF := C_Full (0), TSPX_MTChRateG := C_Full (0), TSPX_MTChRateH := C_Full (0), TSPX_MTChRateI := C_Full (0), TSPX_MTChRateJ := C_Full (0), C_arfcnA := 100 }
2026/Jun/24 06:38:38.369581 EXECUTOR - Module TC_26_6_1_2 has the following parameters: { TSPX_nPara := 3, TSPX_i1Para := 3, TSPX_kPara := 5, TSPX_i2Para := 1, TSPX_rPara := 4, TSPX_i3Para := 4 }
2026/Jun/24 06:38:38.369616 EXECUTOR - Initializing module GSM_Component_Definitions.
2026/Jun/24 06:38:38.369623 EXECUTOR GSM_Component_Definitions.ttcn3:0 Initializing module GSM_Templates.
2026/Jun/24 06:38:38.369641 EXECUTOR GSM_Templates.ttcn3:0 Initializing module GSM_Constants.
2026/Jun/24 06:38:38.369646 EXECUTOR GSM_Constants.ttcn3:0 Initializing module GSM_Types.
2026/Jun/24 06:38:38.369649 EXECUTOR GSM_Constants.ttcn3:0 Initialization of module GSM_Types finished.
2026/Jun/24 06:38:38.369652 EXECUTOR GSM_Templates.ttcn3:0 Initialization of module GSM_Constants finished.
2026/Jun/24 06:38:38.369717 EXECUTOR GSM_Component_Definitions.ttcn3:0 Initialization of module GSM_Templates finished.
2026/Jun/24 06:38:38.369721 EXECUTOR - Initialization of module GSM_Component_Definitions finished.
2026/Jun/24 06:38:38.369723 EXECUTOR - Initializing module GSM_Functions.
2026/Jun/24 06:38:38.369745 EXECUTOR - Initialization of module GSM_Functions finished.
2026/Jun/24 06:38:38.369748 EXECUTOR - Initializing module PreGenRecordOf.
2026/Jun/24 06:38:38.369750 EXECUTOR - Initialization of module PreGenRecordOf finished.
2026/Jun/24 06:38:38.369752 EXECUTOR - Initializing module TC_26_2_1_3.
2026/Jun/24 06:38:38.369757 EXECUTOR - Initialization of module TC_26_2_1_3 finished.
2026/Jun/24 06:38:38.369759 EXECUTOR - Initializing module TC_26_2_2.
2026/Jun/24 06:38:38.369764 EXECUTOR - Initialization of module TC_26_2_2 finished.
2026/Jun/24 06:38:38.369766 EXECUTOR - Initializing module TC_26_2_3.
2026/Jun/24 06:38:38.369771 EXECUTOR - Initialization of module TC_26_2_3 finished.
2026/Jun/24 06:38:38.369773 EXECUTOR - Initializing module TC_26_6_11_1.
2026/Jun/24 06:38:38.369778 EXECUTOR - Initialization of module TC_26_6_11_1 finished.
2026/Jun/24 06:38:38.369780 EXECUTOR - Initializing module TC_26_6_11_2.
2026/Jun/24 06:38:38.369785 EXECUTOR - Initialization of module TC_26_6_11_2 finished.
2026/Jun/24 06:38:38.369787 EXECUTOR - Initializing module TC_26_6_12_1.
2026/Jun/24 06:38:38.369792 EXECUTOR - Initialization of module TC_26_6_12_1 finished.
2026/Jun/24 06:38:38.369794 EXECUTOR - Initializing module TC_26_6_12_2.
2026/Jun/24 06:38:38.369799 EXECUTOR - Initialization of module TC_26_6_12_2 finished.
2026/Jun/24 06:38:38.369801 EXECUTOR - Initializing module TC_26_6_12_3.
2026/Jun/24 06:38:38.369805 EXECUTOR - Initialization of module TC_26_6_12_3 finished.
2026/Jun/24 06:38:38.369807 EXECUTOR - Initializing module TC_26_6_12_4.
2026/Jun/24 06:38:38.369812 EXECUTOR - Initialization of module TC_26_6_12_4 finished.
2026/Jun/24 06:38:38.369814 EXECUTOR - Initializing module TC_26_6_13_10.
2026/Jun/24 06:38:38.369818 EXECUTOR - Initialization of module TC_26_6_13_10 finished.
2026/Jun/24 06:38:38.369828 EXECUTOR - Initializing module TC_26_6_13_9.
2026/Jun/24 06:38:38.369835 EXECUTOR - Initialization of module TC_26_6_13_9 finished.
2026/Jun/24 06:38:38.369837 EXECUTOR - Initializing module TC_26_6_1_1.
2026/Jun/24 06:38:38.369842 EXECUTOR - Initialization of module TC_26_6_1_1 finished.
2026/Jun/24 06:38:38.369844 EXECUTOR - Initializing module TC_26_6_1_2.
2026/Jun/24 06:38:38.369848 EXECUTOR - Initialization of module TC_26_6_1_2 finished.
2026/Jun/24 06:38:38.369850 EXECUTOR - Initializing module TC_26_6_1_3.
2026/Jun/24 06:38:38.369855 EXECUTOR - Initialization of module TC_26_6_1_3 finished.
2026/Jun/24 06:38:38.369857 EXECUTOR - Initializing module TC_26_6_1_4.
2026/Jun/24 06:38:38.369862 EXECUTOR - Initialization of module TC_26_6_1_4 finished.
2026/Jun/24 06:38:38.369864 EXECUTOR - Initializing module TC_26_6_1_5.
2026/Jun/24 06:38:38.369869 EXECUTOR - Initialization of module TC_26_6_1_5 finished.
2026/Jun/24 06:38:38.369871 EXECUTOR - Initializing module TC_26_6_2_1_1.
2026/Jun/24 06:38:38.369876 EXECUTOR - Initialization of module TC_26_6_2_1_1 finished.
2026/Jun/24 06:38:38.369878 EXECUTOR - Initializing module TC_26_6_2_1_2.
2026/Jun/24 06:38:38.369883 EXECUTOR - Initialization of module TC_26_6_2_1_2 finished.
2026/Jun/24 06:38:38.369885 EXECUTOR - Initializing module TC_26_6_2_1_3.
2026/Jun/24 06:38:38.369890 EXECUTOR - Initialization of module TC_26_6_2_1_3 finished.
2026/Jun/24 06:38:38.369892 EXECUTOR - Initializing module TC_26_6_2_2.
2026/Jun/24 06:38:38.369896 EXECUTOR - Initialization of module TC_26_6_2_2 finished.
2026/Jun/24 06:38:38.369899 EXECUTOR - Initializing module TC_26_6_2_3_1.
2026/Jun/24 06:38:38.369903 EXECUTOR - Initialization of module TC_26_6_2_3_1 finished.
2026/Jun/24 06:38:38.369905 EXECUTOR - Initializing module TC_26_6_2_3_2.
2026/Jun/24 06:38:38.369910 EXECUTOR - Initialization of module TC_26_6_2_3_2 finished.
2026/Jun/24 06:38:38.369915 EXECUTOR - Initializing module TC_26_6_2_4.
2026/Jun/24 06:38:38.369920 EXECUTOR - Initialization of module TC_26_6_2_4 finished.
2026/Jun/24 06:38:38.369922 EXECUTOR - Initializing module TC_26_6_3_1.
2026/Jun/24 06:38:38.369927 EXECUTOR - Initialization of module TC_26_6_3_1 finished.
2026/Jun/24 06:38:38.369929 EXECUTOR - Initializing module TC_26_6_3_4.
2026/Jun/24 06:38:38.369934 EXECUTOR - Initialization of module TC_26_6_3_4 finished.
2026/Jun/24 06:38:38.369936 EXECUTOR - Initializing module TC_26_6_4_1.
2026/Jun/24 06:38:38.369941 EXECUTOR - Initialization of module TC_26_6_4_1 finished.
2026/Jun/24 06:38:38.369943 EXECUTOR - Initializing module TC_26_6_4_2_2.
2026/Jun/24 06:38:38.369947 EXECUTOR - Initialization of module TC_26_6_4_2_2 finished.
2026/Jun/24 06:38:38.369950 EXECUTOR - Initializing module TC_26_6_5_1.
2026/Jun/24 06:38:38.369954 EXECUTOR - Initialization of module TC_26_6_5_1 finished.
2026/Jun/24 06:38:38.369957 EXECUTOR - Initializing module TC_26_6_5_2_1.
2026/Jun/24 06:38:38.369961 EXECUTOR - Initialization of module TC_26_6_5_2_1 finished.
2026/Jun/24 06:38:38.369963 EXECUTOR - Initializing module TC_26_6_8_1.
2026/Jun/24 06:38:38.369968 EXECUTOR - Initialization of module TC_26_6_8_1 finished.
2026/Jun/24 06:38:38.369970 EXECUTOR - Initializing module TC_26_6_8_2.
2026/Jun/24 06:38:38.369974 EXECUTOR - Initialization of module TC_26_6_8_2 finished.
2026/Jun/24 06:38:38.369976 EXECUTOR - Initializing module TC_26_6_8_3.
2026/Jun/24 06:38:38.369981 EXECUTOR - Initialization of module TC_26_6_8_3 finished.
2026/Jun/24 06:38:38.369983 EXECUTOR - Initializing module TC_26_6_8_4.
2026/Jun/24 06:38:38.369987 EXECUTOR - Initialization of module TC_26_6_8_4 finished.
2026/Jun/24 06:38:38.369989 EXECUTOR - Initializing module TC_26_6_8_5.
2026/Jun/24 06:38:38.369994 EXECUTOR - Initialization of module TC_26_6_8_5 finished.
2026/Jun/24 06:38:38.369996 EXECUTOR - Initializing module TC_26_7_1.
2026/Jun/24 06:38:38.370001 EXECUTOR - Initialization of module TC_26_7_1 finished.
2026/Jun/24 06:38:38.370003 EXECUTOR - Initializing module TC_26_7_2_1.
2026/Jun/24 06:38:38.370007 EXECUTOR - Initialization of module TC_26_7_2_1 finished.
2026/Jun/24 06:38:38.370009 EXECUTOR - Initializing module TC_26_7_2_2.
2026/Jun/24 06:38:38.370014 EXECUTOR - Initialization of module TC_26_7_2_2 finished.
2026/Jun/24 06:38:38.370016 EXECUTOR - Initializing module TC_26_7_3_1.
2026/Jun/24 06:38:38.370020 EXECUTOR - Initialization of module TC_26_7_3_1 finished.
2026/Jun/24 06:38:38.370022 EXECUTOR - Initializing module TC_26_7_3_2.
2026/Jun/24 06:38:38.370027 EXECUTOR - Initialization of module TC_26_7_3_2 finished.
2026/Jun/24 06:38:38.370029 EXECUTOR - Initializing module TC_26_7_4_1.
2026/Jun/24 06:38:38.370034 EXECUTOR - Initialization of module TC_26_7_4_1 finished.
2026/Jun/24 06:38:38.370036 EXECUTOR - Initializing module TC_26_7_4_2_1.
2026/Jun/24 06:38:38.370041 EXECUTOR - Initialization of module TC_26_7_4_2_1 finished.
2026/Jun/24 06:38:38.370043 EXECUTOR - Initializing module TC_26_7_4_2_2_1.
2026/Jun/24 06:38:38.370049 EXECUTOR - Initialization of module TC_26_7_4_2_2_1 finished.
2026/Jun/24 06:38:38.370051 EXECUTOR - Initializing module TC_26_7_4_2_2_2.
2026/Jun/24 06:38:38.370056 EXECUTOR - Initialization of module TC_26_7_4_2_2_2 finished.
2026/Jun/24 06:38:38.370059 EXECUTOR - Initializing module TC_26_7_4_2_3.
2026/Jun/24 06:38:38.370065 EXECUTOR - Initialization of module TC_26_7_4_2_3 finished.
2026/Jun/24 06:38:38.370067 EXECUTOR - Initializing module TC_26_7_4_2_4_1.
2026/Jun/24 06:38:38.370072 EXECUTOR - Initialization of module TC_26_7_4_2_4_1 finished.
2026/Jun/24 06:38:38.370074 EXECUTOR - Initializing module TC_26_7_4_2_4_2.
2026/Jun/24 06:38:38.370079 EXECUTOR - Initialization of module TC_26_7_4_2_4_2 finished.
2026/Jun/24 06:38:38.370081 EXECUTOR - Initializing module TC_26_7_4_2_4_3.
2026/Jun/24 06:38:38.370086 EXECUTOR - Initialization of module TC_26_7_4_2_4_3 finished.
2026/Jun/24 06:38:38.370088 EXECUTOR - Initializing module TC_26_7_4_2_4_4.
2026/Jun/24 06:38:38.370097 EXECUTOR - Initialization of module TC_26_7_4_2_4_4 finished.
2026/Jun/24 06:38:38.370099 EXECUTOR - Initializing module TC_26_7_4_2_4_5.
2026/Jun/24 06:38:38.370104 EXECUTOR - Initialization of module TC_26_7_4_2_4_5 finished.
2026/Jun/24 06:38:38.370106 EXECUTOR - Initializing module TC_26_7_4_3_1.
2026/Jun/24 06:38:38.370111 EXECUTOR - Initialization of module TC_26_7_4_3_1 finished.
2026/Jun/24 06:38:38.370113 EXECUTOR - Initializing module TC_26_7_4_3_2.
2026/Jun/24 06:38:38.370118 EXECUTOR - Initialization of module TC_26_7_4_3_2 finished.
2026/Jun/24 06:38:38.370121 EXECUTOR - Initializing module TC_26_7_4_3_3.
2026/Jun/24 06:38:38.370125 EXECUTOR - Initialization of module TC_26_7_4_3_3 finished.
2026/Jun/24 06:38:38.370127 EXECUTOR - Initializing module TC_26_7_4_3_4.
2026/Jun/24 06:38:38.370132 EXECUTOR - Initialization of module TC_26_7_4_3_4 finished.
2026/Jun/24 06:38:38.370134 EXECUTOR - Initializing module TC_26_7_4_4.
2026/Jun/24 06:38:38.370139 EXECUTOR - Initialization of module TC_26_7_4_4 finished.
2026/Jun/24 06:38:38.370141 EXECUTOR - Initializing module TC_26_7_4_5_1.
2026/Jun/24 06:38:38.370145 EXECUTOR - Initialization of module TC_26_7_4_5_1 finished.
2026/Jun/24 06:38:38.370147 EXECUTOR - Initializing module TC_26_7_4_5_2.
2026/Jun/24 06:38:38.370152 EXECUTOR - Initialization of module TC_26_7_4_5_2 finished.
2026/Jun/24 06:38:38.370154 EXECUTOR - Initializing module TC_26_7_4_5_3.
2026/Jun/24 06:38:38.370159 EXECUTOR - Initialization of module TC_26_7_4_5_3 finished.
2026/Jun/24 06:38:38.370161 EXECUTOR - Initializing module TC_26_7_4_5_4_2.
2026/Jun/24 06:38:38.370166 EXECUTOR - Initialization of module TC_26_7_4_5_4_2 finished.
2026/Jun/24 06:38:38.370168 EXECUTOR - Initializing module TC_26_7_5_2.
2026/Jun/24 06:38:38.370173 EXECUTOR - Initialization of module TC_26_7_5_2 finished.
2026/Jun/24 06:38:38.370175 EXECUTOR - Initializing module TC_26_7_5_3.
2026/Jun/24 06:38:38.370180 EXECUTOR - Initialization of module TC_26_7_5_3 finished.
2026/Jun/24 06:38:38.370182 EXECUTOR - Initializing module TC_26_7_5_4.
2026/Jun/24 06:38:38.370186 EXECUTOR - Initialization of module TC_26_7_5_4 finished.
2026/Jun/24 06:38:38.370189 EXECUTOR - Initializing module TC_26_7_5_5.
2026/Jun/24 06:38:38.370193 EXECUTOR - Initialization of module TC_26_7_5_5 finished.
2026/Jun/24 06:38:38.370195 EXECUTOR - Initializing module TC_26_7_5_6.
2026/Jun/24 06:38:38.370200 EXECUTOR - Initialization of module TC_26_7_5_6 finished.
2026/Jun/24 06:38:38.370202 EXECUTOR - Initializing module TC_26_7_5_7_1.
2026/Jun/24 06:38:38.370207 EXECUTOR - Initialization of module TC_26_7_5_7_1 finished.
2026/Jun/24 06:38:38.370209 EXECUTOR - Initializing module TC_26_7_5_8_1.
2026/Jun/24 06:38:38.370214 EXECUTOR - Initialization of module TC_26_7_5_8_1 finished.
2026/Jun/24 06:38:38.370216 EXECUTOR - Initializing module TC_26_7_5_8_2.
2026/Jun/24 06:38:38.370221 EXECUTOR - Initialization of module TC_26_7_5_8_2 finished.
2026/Jun/24 06:38:38.370223 EXECUTOR - Initializing module TC_26_7_5_8_3.
2026/Jun/24 06:38:38.370228 EXECUTOR - Initialization of module TC_26_7_5_8_3 finished.
2026/Jun/24 06:38:38.370231 EXECUTOR - Initializing module TC_26_8_1_2_1_1.
2026/Jun/24 06:38:38.370235 EXECUTOR - Initialization of module TC_26_8_1_2_1_1 finished.
2026/Jun/24 06:38:38.370238 EXECUTOR - Initializing module TC_26_8_1_2_2_1.
2026/Jun/24 06:38:38.370243 EXECUTOR - Initialization of module TC_26_8_1_2_2_1 finished.
2026/Jun/24 06:38:38.370245 EXECUTOR - Initializing module TC_26_8_1_2_2_2.
2026/Jun/24 06:38:38.370249 EXECUTOR - Initialization of module TC_26_8_1_2_2_2 finished.
2026/Jun/24 06:38:38.370251 EXECUTOR - Initializing module TC_26_8_1_2_2_3.
2026/Jun/24 06:38:38.370256 EXECUTOR - Initialization of module TC_26_8_1_2_2_3 finished.
2026/Jun/24 06:38:38.370259 EXECUTOR - Initializing module TC_26_8_1_2_3_1.
2026/Jun/24 06:38:38.370264 EXECUTOR - Initialization of module TC_26_8_1_2_3_1 finished.
2026/Jun/24 06:38:38.370266 EXECUTOR - Initializing module TC_26_8_1_2_3_2.
2026/Jun/24 06:38:38.370271 EXECUTOR - Initialization of module TC_26_8_1_2_3_2 finished.
2026/Jun/24 06:38:38.370276 EXECUTOR - Initializing module TC_26_8_1_2_3_3.
2026/Jun/24 06:38:38.370281 EXECUTOR - Initialization of module TC_26_8_1_2_3_3 finished.
2026/Jun/24 06:38:38.370283 EXECUTOR - Initializing module TC_26_8_1_2_3_4.
2026/Jun/24 06:38:38.370288 EXECUTOR - Initialization of module TC_26_8_1_2_3_4 finished.
2026/Jun/24 06:38:38.370290 EXECUTOR - Initializing module TC_26_8_1_2_3_5.
2026/Jun/24 06:38:38.370296 EXECUTOR - Initialization of module TC_26_8_1_2_3_5 finished.
2026/Jun/24 06:38:38.370298 EXECUTOR - Initializing module TC_26_8_1_2_3_6.
2026/Jun/24 06:38:38.370303 EXECUTOR - Initialization of module TC_26_8_1_2_3_6 finished.
2026/Jun/24 06:38:38.370305 EXECUTOR - Initializing module TC_26_8_1_2_3_7.
2026/Jun/24 06:38:38.370310 EXECUTOR - Initialization of module TC_26_8_1_2_3_7 finished.
2026/Jun/24 06:38:38.370312 EXECUTOR - Initializing module TC_26_8_1_2_4_1.
2026/Jun/24 06:38:38.370318 EXECUTOR - Initialization of module TC_26_8_1_2_4_1 finished.
2026/Jun/24 06:38:38.370320 EXECUTOR - Initializing module TC_26_8_1_2_4_13.
2026/Jun/24 06:38:38.370324 EXECUTOR - Initialization of module TC_26_8_1_2_4_13 finished.
2026/Jun/24 06:38:38.370327 EXECUTOR - Initializing module TC_26_8_1_2_4_2.
2026/Jun/24 06:38:38.370331 EXECUTOR - Initialization of module TC_26_8_1_2_4_2 finished.
2026/Jun/24 06:38:38.370333 EXECUTOR - Initializing module TC_26_8_1_2_4_3.
2026/Jun/24 06:38:38.370338 EXECUTOR - Initialization of module TC_26_8_1_2_4_3 finished.
2026/Jun/24 06:38:38.370340 EXECUTOR - Initializing module TC_26_8_1_2_4_4.
2026/Jun/24 06:38:38.370345 EXECUTOR - Initialization of module TC_26_8_1_2_4_4 finished.
2026/Jun/24 06:38:38.370347 EXECUTOR - Initializing module TC_26_8_1_2_4_5.
2026/Jun/24 06:38:38.370352 EXECUTOR - Initialization of module TC_26_8_1_2_4_5 finished.
2026/Jun/24 06:38:38.370354 EXECUTOR - Initializing module TC_26_8_1_2_6_1.
2026/Jun/24 06:38:38.370358 EXECUTOR - Initialization of module TC_26_8_1_2_6_1 finished.
2026/Jun/24 06:38:38.370360 EXECUTOR - Initializing module TC_26_8_1_2_6_2.
2026/Jun/24 06:38:38.370365 EXECUTOR - Initialization of module TC_26_8_1_2_6_2 finished.
2026/Jun/24 06:38:38.370367 EXECUTOR - Initializing module TC_26_8_1_2_6_3.
2026/Jun/24 06:38:38.370372 EXECUTOR - Initialization of module TC_26_8_1_2_6_3 finished.
2026/Jun/24 06:38:38.370374 EXECUTOR - Initializing module TC_26_8_1_2_6_6.
2026/Jun/24 06:38:38.370379 EXECUTOR - Initialization of module TC_26_8_1_2_6_6 finished.
2026/Jun/24 06:38:38.370381 EXECUTOR - Initializing module TC_26_8_1_3_1_1.
2026/Jun/24 06:38:38.370386 EXECUTOR - Initialization of module TC_26_8_1_3_1_1 finished.
2026/Jun/24 06:38:38.370388 EXECUTOR - Initializing module TC_26_8_1_3_2_1.
2026/Jun/24 06:38:38.370393 EXECUTOR - Initialization of module TC_26_8_1_3_2_1 finished.
2026/Jun/24 06:38:38.370396 EXECUTOR - Initializing module TC_26_8_1_3_3_1.
2026/Jun/24 06:38:38.370401 EXECUTOR - Initialization of module TC_26_8_1_3_3_1 finished.
2026/Jun/24 06:38:38.370403 EXECUTOR - Initializing module TC_26_8_1_3_3_2.
2026/Jun/24 06:38:38.370407 EXECUTOR - Initialization of module TC_26_8_1_3_3_2 finished.
2026/Jun/24 06:38:38.370410 EXECUTOR - Initializing module TC_26_8_1_3_3_3.
2026/Jun/24 06:38:38.370414 EXECUTOR - Initialization of module TC_26_8_1_3_3_3 finished.
2026/Jun/24 06:38:38.370416 EXECUTOR - Initializing module TC_26_8_1_3_3_4.
2026/Jun/24 06:38:38.370421 EXECUTOR - Initialization of module TC_26_8_1_3_3_4 finished.
2026/Jun/24 06:38:38.370423 EXECUTOR - Initializing module TC_26_8_1_3_3_5.
2026/Jun/24 06:38:38.370428 EXECUTOR - Initialization of module TC_26_8_1_3_3_5 finished.
2026/Jun/24 06:38:38.370430 EXECUTOR - Initializing module TC_26_8_1_3_3_6.
2026/Jun/24 06:38:38.370434 EXECUTOR - Initialization of module TC_26_8_1_3_3_6 finished.
2026/Jun/24 06:38:38.370437 EXECUTOR - Initializing module TC_26_8_1_3_3_7.
2026/Jun/24 06:38:38.370441 EXECUTOR - Initialization of module TC_26_8_1_3_3_7 finished.
2026/Jun/24 06:38:38.370443 EXECUTOR - Initializing module TC_26_8_1_3_4_1.
2026/Jun/24 06:38:38.370454 EXECUTOR - Initialization of module TC_26_8_1_3_4_1 finished.
2026/Jun/24 06:38:38.370456 EXECUTOR - Initializing module TC_26_8_1_3_4_2.
2026/Jun/24 06:38:38.370461 EXECUTOR - Initialization of module TC_26_8_1_3_4_2 finished.
2026/Jun/24 06:38:38.370463 EXECUTOR - Initializing module TC_26_8_1_3_4_3.
2026/Jun/24 06:38:38.370467 EXECUTOR - Initialization of module TC_26_8_1_3_4_3 finished.
2026/Jun/24 06:38:38.370470 EXECUTOR - Initializing module TC_26_8_1_3_4_4.
2026/Jun/24 06:38:38.370474 EXECUTOR - Initialization of module TC_26_8_1_3_4_4 finished.
2026/Jun/24 06:38:38.370476 EXECUTOR - Initializing module TC_26_8_1_3_4_5.
2026/Jun/24 06:38:38.370482 EXECUTOR - Initialization of module TC_26_8_1_3_4_5 finished.
2026/Jun/24 06:38:38.370484 EXECUTOR - Initializing module TC_26_8_1_3_4_6.
2026/Jun/24 06:38:38.370488 EXECUTOR - Initialization of module TC_26_8_1_3_4_6 finished.
2026/Jun/24 06:38:38.370491 EXECUTOR - Initializing module TC_26_8_1_3_4_7.
2026/Jun/24 06:38:38.370495 EXECUTOR - Initialization of module TC_26_8_1_3_4_7 finished.
2026/Jun/24 06:38:38.370498 EXECUTOR - Initializing module TC_26_8_1_3_4_8.
2026/Jun/24 06:38:38.370503 EXECUTOR - Initialization of module TC_26_8_1_3_4_8 finished.
2026/Jun/24 06:38:38.370505 EXECUTOR - Initializing module TC_26_8_1_3_5_1.
2026/Jun/24 06:38:38.370510 EXECUTOR - Initialization of module TC_26_8_1_3_5_1 finished.
2026/Jun/24 06:38:38.370512 EXECUTOR - Initializing module TC_26_8_1_3_5_2.
2026/Jun/24 06:38:38.370516 EXECUTOR - Initialization of module TC_26_8_1_3_5_2 finished.
2026/Jun/24 06:38:38.370519 EXECUTOR - Initializing module TC_26_8_1_3_5_3.
2026/Jun/24 06:38:38.370523 EXECUTOR - Initialization of module TC_26_8_1_3_5_3 finished.
2026/Jun/24 06:38:38.370525 EXECUTOR - Initializing module TC_26_8_1_3_5_4.
2026/Jun/24 06:38:38.370530 EXECUTOR - Initialization of module TC_26_8_1_3_5_4 finished.
2026/Jun/24 06:38:38.370532 EXECUTOR - Initializing module TC_26_8_1_3_5_5.
2026/Jun/24 06:38:38.370537 EXECUTOR - Initialization of module TC_26_8_1_3_5_5 finished.
2026/Jun/24 06:38:38.370539 EXECUTOR - Initializing module TC_26_8_1_3_5_6.
2026/Jun/24 06:38:38.370543 EXECUTOR - Initialization of module TC_26_8_1_3_5_6 finished.
2026/Jun/24 06:38:38.370545 EXECUTOR - Initializing module TC_26_8_1_3_5_7.
2026/Jun/24 06:38:38.370550 EXECUTOR - Initialization of module TC_26_8_1_3_5_7 finished.
2026/Jun/24 06:38:38.370552 EXECUTOR - Initializing module TC_26_8_1_3_5_8.
2026/Jun/24 06:38:38.370557 EXECUTOR - Initialization of module TC_26_8_1_3_5_8 finished.
2026/Jun/24 06:38:38.370559 EXECUTOR - Initializing module TC_26_8_1_3_5_9.
2026/Jun/24 06:38:38.370564 EXECUTOR - Initialization of module TC_26_8_1_3_5_9 finished.
2026/Jun/24 06:38:38.370566 EXECUTOR - Initializing module TC_26_8_2_1.
2026/Jun/24 06:38:38.370571 EXECUTOR - Initialization of module TC_26_8_2_1 finished.
2026/Jun/24 06:38:38.370573 EXECUTOR - Initializing module TC_26_8_2_2.
2026/Jun/24 06:38:38.370578 EXECUTOR - Initialization of module TC_26_8_2_2 finished.
2026/Jun/24 06:38:38.370580 EXECUTOR - Initializing module TC_26_8_2_3.
2026/Jun/24 06:38:38.370585 EXECUTOR - Initialization of module TC_26_8_2_3 finished.
2026/Jun/24 06:38:38.370587 EXECUTOR - Initializing module TC_26_8_3.
2026/Jun/24 06:38:38.370592 EXECUTOR - Initialization of module TC_26_8_3 finished.
2026/Jun/24 06:38:38.370594 EXECUTOR - Initializing module TC_34_2_2.
2026/Jun/24 06:38:38.370598 EXECUTOR - Initialization of module TC_34_2_2 finished.
2026/Jun/24 06:38:38.370600 EXECUTOR - Initializing module TitanLoggerApi.
2026/Jun/24 06:38:38.370602 EXECUTOR - Initialization of module TitanLoggerApi finished.
2026/Jun/24 06:38:38.370604 EXECUTOR - Initializing module TitanLoggerControl.
2026/Jun/24 06:38:38.370607 EXECUTOR - Initialization of module TitanLoggerControl finished.
2026/Jun/24 06:38:38.370616 EXECUTOR - Configuration data was processed successfully.
2026/Jun/24 06:38:38.372002 EXECUTOR - MTC was created. Process id: 39.
2026/Jun/24 06:39:38.883000 EXECUTOR - Exit was requested from MC. Terminating HC.
2026/Jun/24 06:39:38.883181 EXECUTOR - Disconnected from MC.
2026/Jun/24 06:39:38.883202 EXECUTOR - TTCN-3 Host Controller finished.
