[run-one] Namespace : gsm-ser2-5
[run-one] Tests     : TC_26_7_5_3
[run-one] Results   : /work/gouri.naik/sampige-scaling-intern-2026/results/week22/run20260529-074334-N1
[run-one] INFO  Images already in local registry.
[run-one] INFO  Creating namespace gsm-ser2-5...
namespace/gsm-ser2-5 created
[run-one] INFO  Applying manifests from /work/gouri.naik/sampige-scaling-intern-2026/refs/osmocom-demo/k8s/base/ ...
service/osmo-bsc created
deployment.apps/osmo-bsc created
deployment.apps/osmo-bts-virtual created
configmap/osmo-stp-cfg created
configmap/osmo-hlr-cfg created
configmap/osmo-msc-cfg created
configmap/osmo-mgw-cfg created
configmap/osmo-bsc-cfg created
configmap/osmo-bts-virtual-cfg created
configmap/osmo-mobile-cfg created
service/osmo-hlr created
deployment.apps/osmo-hlr created
service/osmo-mgw created
deployment.apps/osmo-mgw created
service/osmo-mobile created
deployment.apps/osmo-mobile created
service/msc-test-stub created
deployment.apps/msc-test-stub created
Warning: resource namespaces/gsm-ser2-5 is missing the kubectl.kubernetes.io/last-applied-configuration annotation which is required by kubectl apply. kubectl apply should only be used on resources created declaratively by either kubectl create --save-config or kubectl apply. The missing annotation will be patched automatically.
namespace/gsm-ser2-5 configured
service/osmo-stp created
deployment.apps/osmo-stp created
deployment.apps/virtphy created
[run-one] INFO  Waiting up to 240s for Deployments to be Ready...
  Not ready: msc-test-stub//1
osmo-bsc//1
osmo-bts-virtual//1
osmo-hlr//1
osmo-mgw//1
osmo-mobile//1
osmo-stp//1
virtphy//1
  Not ready: msc-test-stub//1
osmo-bsc//1
osmo-mobile//1
osmo-stp//1
  Not ready: msc-test-stub//1
osmo-mobile//1
  Not ready: msc-test-stub//1
osmo-mobile//1
  Not ready: osmo-mobile//1
  Not ready: osmo-mobile//1
  Not ready: osmo-mobile//1
[run-one] INFO  All Deployments ready.
[run-one] INFO  Waiting up to 300s for MS to camp on cell (MM_EVENT_CELL_SELECTED)...
[run-one] INFO  MS camped on cell.
[run-one] INFO  Waiting up to 60s for osmo-mobile VTY (port 4247)...
[run-one] INFO  osmo-mobile VTY ready.
[run-one] INFO  Running TC_26_7_5_3 as Job ttcn3-tc-26-7-5-3...
[run-one] FAIL  TC_26_7_5_3: no TITAN report dir found under /work/gouri.naik/sampige-scaling-intern-2026/refs/osmocom-demo/ttcn3/logs/
[run-one] FAIL  TC_26_7_5_3: INCONCLUSIVE
=====================================================
 TTCN-3 k8s Run Summary
 Namespace : gsm-ser2-5
 Timestamp : 20260529-074334
=====================================================
  TC_26_7_5_3                              INCONCLUSIVE
-----------------------------------------------------
  PASS: 0   FAIL: 0   INCONCLUSIVE: 1
=====================================================
{
  "namespaces": [
    {
      "namespace": "gsm-ser2-5",
      "bringup_s": 41.562,
      "testing_s": 11.003,
      "teardown_s": null,
      "total_s": null,
      "verdicts": {
        "TC_26_7_5_3": "INCONCLUSIVE"
      },
      "pass": 0,
      "fail": 0,
      "inconclusive": 1
    }
  ],
  "T_suite_s": 52.566,
  "N": 1,
  "pass": 0,
  "fail": 0,
  "inconclusive": 1,
  "S": null,
  "E": null
}
[run-one] INFO  Done. Results: /work/gouri.naik/sampige-scaling-intern-2026/results/week22/run20260529-074334-N1
[run-one] INFO  Teardown: deleting namespace gsm-ser2-5...
namespace "gsm-ser2-5" deleted
