2026/Jun/16 09:47:06.034894 EXECUTOR - TTCN-3 Host Controller started on ttcn3-tc-26-8-1-3-3-1-1-6cs7r. Version: 11.1.0.
2026/Jun/16 09:47:06.035077 EXECUTOR - TTCN Logger v2.2 options: TimeStampFormat:=DateTime; LogEntityName:=No; LogEventTypes:=Yes; SourceInfoFormat:=Single; LogSensitiveData:=No; *.FileMask:=LOG_ALL; *.ConsoleMask:=ERROR | TESTCASE | USER | VERDICTOP | WARNING; LogFileSize:=0; LogFileNumber:=1; DiskFullAction:=Error
2026/Jun/16 09:47:06.035090 EXECUTOR - Maximum number of open file descriptors: 1048576,   FD_SETSIZE = 1024
2026/Jun/16 09:47:06.035236 WARNING - Warning: The address of MC was set to a local IP address. This may cause incorrect behavior if a HC from a remote host also connects to MC.
2026/Jun/16 09:47:06.035273 EXECUTOR - The address of MC was set to 127.0.0.1:0.
2026/Jun/16 09:47:06.035397 EXECUTOR - Connected to MC.
2026/Jun/16 09:47:06.035518 EXECUTOR - This host supports UNIX domain sockets for local communication.
2026/Jun/16 09:47:06.035783 EXECUTOR - Processing configuration data received from MC.
2026/Jun/16 09:47:06.036050 WARNING - Warning: Skeleton `/results/TC_26_8_1_3_3_1-2026-06-16-094702/%n.log' does not guarantee unique log file name for every test system process. It may cause unpredictable results if several test components try to write into the same log file.
2026/Jun/16 09:47:06.103375 EXECUTOR - Module GSM_Constants has the following parameters: { TSPC_Serv_TS11 := true, TSPC_Serv_TS61 := false, TSPC_Serv_TS62 := false, TSPC_Serv_BS21 := false, TSPC_Serv_BS22 := false, TSPC_Serv_BS24 := false, TSPC_Serv_BS25 := false, TSPC_Serv_BS26 := false, TSPC_Serv_BS31 := false, TSPC_Serv_BS32 := false, TSPC_Serv_BS33 := false, TSPC_Serv_BS34 := false, TSPC_Serv_BS41 := false, TSPC_Serv_BS42 := false, TSPC_Serv_BS43 := false, TSPC_Serv_BS44 := false, TSPC_Serv_BS45 := false, TSPC_Serv_BS51 := false, TSPC_Serv_BS61 := false, TSPC_Serv_BS81 := false, TSPC_DualRate := false, TSPC_MTsvc := true, TSPX_IMSI := '901700000000001F'O, TSPX_TMSI := '1914D97F'O, TSPX_CKSNDef := 0, TSPX_RANDDef := '00112233445566778899AABBCCDDEEFF'O, TSPX_SRES := '12345678'O, TSPX_Kc := '0000000000000000'O, TSPX_SDCCH4SubDef := 0, TSPX_TmSltDef := 0, TSPX_TscDef := 7, TSPX_TCHHSubDef := 0, TCV_CC := true, TSPX_Telephony_Rate := C_Full (0), TSPX_MOBscSvcA := C_Telephony (0), TSPX_MOBscSvcB := C_Telephony (0), TSPX_MOBscSvcC := C_Telephony (0), TSPX_MOBscSvcD := C_Telephony (0), TSPX_MOBscSvcE := C_Telephony (0), TSPX_MOBscSvcF := C_Telephony (0), TSPX_MOBscSvcG := C_Telephony (0), TSPX_MOChRateA := C_Full (0), TSPX_MOChRateB := C_Full (0), TSPX_MOChRateC := C_Full (0), TSPX_MOChRateD := C_Full (0), TSPX_MOChRateE := C_Full (0), TSPX_MOChRateF := C_Full (0), TSPX_MOChRateG := C_Full (0), TSPX_MTBscSvcA := C_Telephony (0), TSPX_MTBscSvcB := C_Telephony (0), TSPX_MTBscSvcC := C_Telephony (0), TSPX_MTBscSvcD := C_Telephony (0), TSPX_MTBscSvcE := C_Telephony (0), TSPX_MTBscSvcF := C_Telephony (0), TSPX_MTBscSvcG := C_Telephony (0), TSPX_MTBscSvcH := C_Telephony (0), TSPX_MTBscSvcI := C_Telephony (0), TSPX_MTBscSvcJ := C_Telephony (0), TSPX_MTChRateA := C_Full (0), TSPX_MTChRateB := C_Full (0), TSPX_MTChRateC := C_Full (0), TSPX_MTChRateD := C_Full (0), TSPX_MTChRateE := C_Full (0), TSPX_MTChRateF := C_Full (0), TSPX_MTChRateG := C_Full (0), TSPX_MTChRateH := C_Full (0), TSPX_MTChRateI := C_Full (0), TSPX_MTChRateJ := C_Full (0), C_arfcnA := 100 }
2026/Jun/16 09:47:06.103465 EXECUTOR - Module TC_26_6_1_2 has the following parameters: { TSPX_nPara := 3, TSPX_i1Para := 3, TSPX_kPara := 5, TSPX_i2Para := 1, TSPX_rPara := 4, TSPX_i3Para := 4 }
2026/Jun/16 09:47:06.103500 EXECUTOR - Initializing module GSM_Component_Definitions.
2026/Jun/16 09:47:06.103509 EXECUTOR GSM_Component_Definitions.ttcn3:0 Initializing module GSM_Templates.
2026/Jun/16 09:47:06.103527 EXECUTOR GSM_Templates.ttcn3:0 Initializing module GSM_Constants.
2026/Jun/16 09:47:06.103533 EXECUTOR GSM_Constants.ttcn3:0 Initializing module GSM_Types.
2026/Jun/16 09:47:06.103536 EXECUTOR GSM_Constants.ttcn3:0 Initialization of module GSM_Types finished.
2026/Jun/16 09:47:06.103539 EXECUTOR GSM_Templates.ttcn3:0 Initialization of module GSM_Constants finished.
2026/Jun/16 09:47:06.103612 EXECUTOR GSM_Component_Definitions.ttcn3:0 Initialization of module GSM_Templates finished.
2026/Jun/16 09:47:06.103615 EXECUTOR - Initialization of module GSM_Component_Definitions finished.
2026/Jun/16 09:47:06.103618 EXECUTOR - Initializing module GSM_Functions.
2026/Jun/16 09:47:06.103642 EXECUTOR - Initialization of module GSM_Functions finished.
2026/Jun/16 09:47:06.103645 EXECUTOR - Initializing module PreGenRecordOf.
2026/Jun/16 09:47:06.103648 EXECUTOR - Initialization of module PreGenRecordOf finished.
2026/Jun/16 09:47:06.103650 EXECUTOR - Initializing module TC_26_2_1_3.
2026/Jun/16 09:47:06.103655 EXECUTOR - Initialization of module TC_26_2_1_3 finished.
2026/Jun/16 09:47:06.103657 EXECUTOR - Initializing module TC_26_2_2.
2026/Jun/16 09:47:06.103662 EXECUTOR - Initialization of module TC_26_2_2 finished.
2026/Jun/16 09:47:06.103665 EXECUTOR - Initializing module TC_26_2_3.
2026/Jun/16 09:47:06.103670 EXECUTOR - Initialization of module TC_26_2_3 finished.
2026/Jun/16 09:47:06.103672 EXECUTOR - Initializing module TC_26_6_11_1.
2026/Jun/16 09:47:06.103677 EXECUTOR - Initialization of module TC_26_6_11_1 finished.
2026/Jun/16 09:47:06.103680 EXECUTOR - Initializing module TC_26_6_11_2.
2026/Jun/16 09:47:06.103684 EXECUTOR - Initialization of module TC_26_6_11_2 finished.
2026/Jun/16 09:47:06.103687 EXECUTOR - Initializing module TC_26_6_12_1.
2026/Jun/16 09:47:06.103692 EXECUTOR - Initialization of module TC_26_6_12_1 finished.
2026/Jun/16 09:47:06.103694 EXECUTOR - Initializing module TC_26_6_12_2.
2026/Jun/16 09:47:06.103699 EXECUTOR - Initialization of module TC_26_6_12_2 finished.
2026/Jun/16 09:47:06.103701 EXECUTOR - Initializing module TC_26_6_12_3.
2026/Jun/16 09:47:06.103706 EXECUTOR - Initialization of module TC_26_6_12_3 finished.
2026/Jun/16 09:47:06.103708 EXECUTOR - Initializing module TC_26_6_12_4.
2026/Jun/16 09:47:06.103713 EXECUTOR - Initialization of module TC_26_6_12_4 finished.
2026/Jun/16 09:47:06.103715 EXECUTOR - Initializing module TC_26_6_13_10.
2026/Jun/16 09:47:06.103720 EXECUTOR - Initialization of module TC_26_6_13_10 finished.
2026/Jun/16 09:47:06.103722 EXECUTOR - Initializing module TC_26_6_13_9.
2026/Jun/16 09:47:06.103727 EXECUTOR - Initialization of module TC_26_6_13_9 finished.
2026/Jun/16 09:47:06.103729 EXECUTOR - Initializing module TC_26_6_1_1.
2026/Jun/16 09:47:06.103735 EXECUTOR - Initialization of module TC_26_6_1_1 finished.
2026/Jun/16 09:47:06.103737 EXECUTOR - Initializing module TC_26_6_1_2.
2026/Jun/16 09:47:06.103742 EXECUTOR - Initialization of module TC_26_6_1_2 finished.
2026/Jun/16 09:47:06.103744 EXECUTOR - Initializing module TC_26_6_1_3.
2026/Jun/16 09:47:06.103749 EXECUTOR - Initialization of module TC_26_6_1_3 finished.
2026/Jun/16 09:47:06.103752 EXECUTOR - Initializing module TC_26_6_1_4.
2026/Jun/16 09:47:06.103757 EXECUTOR - Initialization of module TC_26_6_1_4 finished.
2026/Jun/16 09:47:06.103759 EXECUTOR - Initializing module TC_26_6_1_5.
2026/Jun/16 09:47:06.103764 EXECUTOR - Initialization of module TC_26_6_1_5 finished.
2026/Jun/16 09:47:06.103767 EXECUTOR - Initializing module TC_26_6_2_1_1.
2026/Jun/16 09:47:06.103771 EXECUTOR - Initialization of module TC_26_6_2_1_1 finished.
2026/Jun/16 09:47:06.103773 EXECUTOR - Initializing module TC_26_6_2_1_2.
2026/Jun/16 09:47:06.103779 EXECUTOR - Initialization of module TC_26_6_2_1_2 finished.
2026/Jun/16 09:47:06.103781 EXECUTOR - Initializing module TC_26_6_2_1_3.
2026/Jun/16 09:47:06.103786 EXECUTOR - Initialization of module TC_26_6_2_1_3 finished.
2026/Jun/16 09:47:06.103788 EXECUTOR - Initializing module TC_26_6_2_2.
2026/Jun/16 09:47:06.103793 EXECUTOR - Initialization of module TC_26_6_2_2 finished.
2026/Jun/16 09:47:06.103796 EXECUTOR - Initializing module TC_26_6_2_3_1.
2026/Jun/16 09:47:06.103801 EXECUTOR - Initialization of module TC_26_6_2_3_1 finished.
2026/Jun/16 09:47:06.103803 EXECUTOR - Initializing module TC_26_6_2_3_2.
2026/Jun/16 09:47:06.103808 EXECUTOR - Initialization of module TC_26_6_2_3_2 finished.
2026/Jun/16 09:47:06.103813 EXECUTOR - Initializing module TC_26_6_2_4.
2026/Jun/16 09:47:06.103819 EXECUTOR - Initialization of module TC_26_6_2_4 finished.
2026/Jun/16 09:47:06.134712 EXECUTOR - Initializing module TC_26_6_3_1.
2026/Jun/16 09:47:06.134751 EXECUTOR - Initialization of module TC_26_6_3_1 finished.
2026/Jun/16 09:47:06.134754 EXECUTOR - Initializing module TC_26_6_3_4.
2026/Jun/16 09:47:06.134760 EXECUTOR - Initialization of module TC_26_6_3_4 finished.
2026/Jun/16 09:47:06.134763 EXECUTOR - Initializing module TC_26_6_4_1.
2026/Jun/16 09:47:06.134768 EXECUTOR - Initialization of module TC_26_6_4_1 finished.
2026/Jun/16 09:47:06.134770 EXECUTOR - Initializing module TC_26_6_4_2_2.
2026/Jun/16 09:47:06.134775 EXECUTOR - Initialization of module TC_26_6_4_2_2 finished.
2026/Jun/16 09:47:06.134778 EXECUTOR - Initializing module TC_26_6_5_1.
2026/Jun/16 09:47:06.134783 EXECUTOR - Initialization of module TC_26_6_5_1 finished.
2026/Jun/16 09:47:06.134785 EXECUTOR - Initializing module TC_26_6_5_2_1.
2026/Jun/16 09:47:06.134790 EXECUTOR - Initialization of module TC_26_6_5_2_1 finished.
2026/Jun/16 09:47:06.134793 EXECUTOR - Initializing module TC_26_6_8_1.
2026/Jun/16 09:47:06.134798 EXECUTOR - Initialization of module TC_26_6_8_1 finished.
2026/Jun/16 09:47:06.134801 EXECUTOR - Initializing module TC_26_6_8_2.
2026/Jun/16 09:47:06.134805 EXECUTOR - Initialization of module TC_26_6_8_2 finished.
2026/Jun/16 09:47:06.134808 EXECUTOR - Initializing module TC_26_6_8_3.
2026/Jun/16 09:47:06.134812 EXECUTOR - Initialization of module TC_26_6_8_3 finished.
2026/Jun/16 09:47:06.134815 EXECUTOR - Initializing module TC_26_6_8_4.
2026/Jun/16 09:47:06.134819 EXECUTOR - Initialization of module TC_26_6_8_4 finished.
2026/Jun/16 09:47:06.134837 EXECUTOR - Initializing module TC_26_6_8_5.
2026/Jun/16 09:47:06.134842 EXECUTOR - Initialization of module TC_26_6_8_5 finished.
2026/Jun/16 09:47:06.134844 EXECUTOR - Initializing module TC_26_7_1.
2026/Jun/16 09:47:06.134849 EXECUTOR - Initialization of module TC_26_7_1 finished.
2026/Jun/16 09:47:06.134851 EXECUTOR - Initializing module TC_26_7_2_1.
2026/Jun/16 09:47:06.134856 EXECUTOR - Initialization of module TC_26_7_2_1 finished.
2026/Jun/16 09:47:06.134859 EXECUTOR - Initializing module TC_26_7_2_2.
2026/Jun/16 09:47:06.134863 EXECUTOR - Initialization of module TC_26_7_2_2 finished.
2026/Jun/16 09:47:06.134866 EXECUTOR - Initializing module TC_26_7_3_1.
2026/Jun/16 09:47:06.134871 EXECUTOR - Initialization of module TC_26_7_3_1 finished.
2026/Jun/16 09:47:06.134873 EXECUTOR - Initializing module TC_26_7_3_2.
2026/Jun/16 09:47:06.134878 EXECUTOR - Initialization of module TC_26_7_3_2 finished.
2026/Jun/16 09:47:06.134881 EXECUTOR - Initializing module TC_26_7_4_1.
2026/Jun/16 09:47:06.134885 EXECUTOR - Initialization of module TC_26_7_4_1 finished.
2026/Jun/16 09:47:06.134887 EXECUTOR - Initializing module TC_26_7_4_2_1.
2026/Jun/16 09:47:06.134892 EXECUTOR - Initialization of module TC_26_7_4_2_1 finished.
2026/Jun/16 09:47:06.134894 EXECUTOR - Initializing module TC_26_7_4_2_2_1.
2026/Jun/16 09:47:06.134899 EXECUTOR - Initialization of module TC_26_7_4_2_2_1 finished.
2026/Jun/16 09:47:06.134901 EXECUTOR - Initializing module TC_26_7_4_2_2_2.
2026/Jun/16 09:47:06.134905 EXECUTOR - Initialization of module TC_26_7_4_2_2_2 finished.
2026/Jun/16 09:47:06.134908 EXECUTOR - Initializing module TC_26_7_4_2_3.
2026/Jun/16 09:47:06.134912 EXECUTOR - Initialization of module TC_26_7_4_2_3 finished.
2026/Jun/16 09:47:06.134914 EXECUTOR - Initializing module TC_26_7_4_2_4_1.
2026/Jun/16 09:47:06.134919 EXECUTOR - Initialization of module TC_26_7_4_2_4_1 finished.
2026/Jun/16 09:47:06.134922 EXECUTOR - Initializing module TC_26_7_4_2_4_2.
2026/Jun/16 09:47:06.134927 EXECUTOR - Initialization of module TC_26_7_4_2_4_2 finished.
2026/Jun/16 09:47:06.134929 EXECUTOR - Initializing module TC_26_7_4_2_4_3.
2026/Jun/16 09:47:06.134934 EXECUTOR - Initialization of module TC_26_7_4_2_4_3 finished.
2026/Jun/16 09:47:06.134936 EXECUTOR - Initializing module TC_26_7_4_2_4_4.
2026/Jun/16 09:47:06.134952 EXECUTOR - Initialization of module TC_26_7_4_2_4_4 finished.
2026/Jun/16 09:47:06.134954 EXECUTOR - Initializing module TC_26_7_4_2_4_5.
2026/Jun/16 09:47:06.134959 EXECUTOR - Initialization of module TC_26_7_4_2_4_5 finished.
2026/Jun/16 09:47:06.134961 EXECUTOR - Initializing module TC_26_7_4_3_1.
2026/Jun/16 09:47:06.134966 EXECUTOR - Initialization of module TC_26_7_4_3_1 finished.
2026/Jun/16 09:47:06.134969 EXECUTOR - Initializing module TC_26_7_4_3_2.
2026/Jun/16 09:47:06.134973 EXECUTOR - Initialization of module TC_26_7_4_3_2 finished.
2026/Jun/16 09:47:06.134975 EXECUTOR - Initializing module TC_26_7_4_3_3.
2026/Jun/16 09:47:06.134981 EXECUTOR - Initialization of module TC_26_7_4_3_3 finished.
2026/Jun/16 09:47:06.134983 EXECUTOR - Initializing module TC_26_7_4_3_4.
2026/Jun/16 09:47:06.134987 EXECUTOR - Initialization of module TC_26_7_4_3_4 finished.
2026/Jun/16 09:47:06.134989 EXECUTOR - Initializing module TC_26_7_4_4.
2026/Jun/16 09:47:06.134994 EXECUTOR - Initialization of module TC_26_7_4_4 finished.
2026/Jun/16 09:47:06.134996 EXECUTOR - Initializing module TC_26_7_4_5_1.
2026/Jun/16 09:47:06.135001 EXECUTOR - Initialization of module TC_26_7_4_5_1 finished.
2026/Jun/16 09:47:06.135003 EXECUTOR - Initializing module TC_26_7_4_5_2.
2026/Jun/16 09:47:06.135008 EXECUTOR - Initialization of module TC_26_7_4_5_2 finished.
2026/Jun/16 09:47:06.135010 EXECUTOR - Initializing module TC_26_7_4_5_3.
2026/Jun/16 09:47:06.135014 EXECUTOR - Initialization of module TC_26_7_4_5_3 finished.
2026/Jun/16 09:47:06.135016 EXECUTOR - Initializing module TC_26_7_4_5_4_2.
2026/Jun/16 09:47:06.135021 EXECUTOR - Initialization of module TC_26_7_4_5_4_2 finished.
2026/Jun/16 09:47:06.135023 EXECUTOR - Initializing module TC_26_7_5_2.
2026/Jun/16 09:47:06.135028 EXECUTOR - Initialization of module TC_26_7_5_2 finished.
2026/Jun/16 09:47:06.135030 EXECUTOR - Initializing module TC_26_7_5_3.
2026/Jun/16 09:47:06.135035 EXECUTOR - Initialization of module TC_26_7_5_3 finished.
2026/Jun/16 09:47:06.135037 EXECUTOR - Initializing module TC_26_7_5_4.
2026/Jun/16 09:47:06.135042 EXECUTOR - Initialization of module TC_26_7_5_4 finished.
2026/Jun/16 09:47:06.135045 EXECUTOR - Initializing module TC_26_7_5_5.
2026/Jun/16 09:47:06.135049 EXECUTOR - Initialization of module TC_26_7_5_5 finished.
2026/Jun/16 09:47:06.135051 EXECUTOR - Initializing module TC_26_7_5_6.
2026/Jun/16 09:47:06.135056 EXECUTOR - Initialization of module TC_26_7_5_6 finished.
2026/Jun/16 09:47:06.135058 EXECUTOR - Initializing module TC_26_7_5_7_1.
2026/Jun/16 09:47:06.135063 EXECUTOR - Initialization of module TC_26_7_5_7_1 finished.
2026/Jun/16 09:47:06.135065 EXECUTOR - Initializing module TC_26_7_5_8_1.
2026/Jun/16 09:47:06.135069 EXECUTOR - Initialization of module TC_26_7_5_8_1 finished.
2026/Jun/16 09:47:06.135071 EXECUTOR - Initializing module TC_26_7_5_8_2.
2026/Jun/16 09:47:06.135076 EXECUTOR - Initialization of module TC_26_7_5_8_2 finished.
2026/Jun/16 09:47:06.135078 EXECUTOR - Initializing module TC_26_7_5_8_3.
2026/Jun/16 09:47:06.135083 EXECUTOR - Initialization of module TC_26_7_5_8_3 finished.
2026/Jun/16 09:47:06.135085 EXECUTOR - Initializing module TC_26_8_1_2_1_1.
2026/Jun/16 09:47:06.135090 EXECUTOR - Initialization of module TC_26_8_1_2_1_1 finished.
2026/Jun/16 09:47:06.135092 EXECUTOR - Initializing module TC_26_8_1_2_2_1.
2026/Jun/16 09:47:06.135097 EXECUTOR - Initialization of module TC_26_8_1_2_2_1 finished.
2026/Jun/16 09:47:06.135099 EXECUTOR - Initializing module TC_26_8_1_2_2_2.
2026/Jun/16 09:47:06.135104 EXECUTOR - Initialization of module TC_26_8_1_2_2_2 finished.
2026/Jun/16 09:47:06.135106 EXECUTOR - Initializing module TC_26_8_1_2_2_3.
2026/Jun/16 09:47:06.135110 EXECUTOR - Initialization of module TC_26_8_1_2_2_3 finished.
2026/Jun/16 09:47:06.135113 EXECUTOR - Initializing module TC_26_8_1_2_3_1.
2026/Jun/16 09:47:06.135117 EXECUTOR - Initialization of module TC_26_8_1_2_3_1 finished.
2026/Jun/16 09:47:06.135119 EXECUTOR - Initializing module TC_26_8_1_2_3_2.
2026/Jun/16 09:47:06.135127 EXECUTOR - Initialization of module TC_26_8_1_2_3_2 finished.
2026/Jun/16 09:47:06.135129 EXECUTOR - Initializing module TC_26_8_1_2_3_3.
2026/Jun/16 09:47:06.135134 EXECUTOR - Initialization of module TC_26_8_1_2_3_3 finished.
2026/Jun/16 09:47:06.135136 EXECUTOR - Initializing module TC_26_8_1_2_3_4.
2026/Jun/16 09:47:06.135141 EXECUTOR - Initialization of module TC_26_8_1_2_3_4 finished.
2026/Jun/16 09:47:06.135143 EXECUTOR - Initializing module TC_26_8_1_2_3_5.
2026/Jun/16 09:47:06.135148 EXECUTOR - Initialization of module TC_26_8_1_2_3_5 finished.
2026/Jun/16 09:47:06.135150 EXECUTOR - Initializing module TC_26_8_1_2_3_6.
2026/Jun/16 09:47:06.135154 EXECUTOR - Initialization of module TC_26_8_1_2_3_6 finished.
2026/Jun/16 09:47:06.135156 EXECUTOR - Initializing module TC_26_8_1_2_3_7.
2026/Jun/16 09:47:06.135161 EXECUTOR - Initialization of module TC_26_8_1_2_3_7 finished.
2026/Jun/16 09:47:06.135163 EXECUTOR - Initializing module TC_26_8_1_2_4_1.
2026/Jun/16 09:47:06.135168 EXECUTOR - Initialization of module TC_26_8_1_2_4_1 finished.
2026/Jun/16 09:47:06.135170 EXECUTOR - Initializing module TC_26_8_1_2_4_13.
2026/Jun/16 09:47:06.135175 EXECUTOR - Initialization of module TC_26_8_1_2_4_13 finished.
2026/Jun/16 09:47:06.135177 EXECUTOR - Initializing module TC_26_8_1_2_4_2.
2026/Jun/16 09:47:06.135182 EXECUTOR - Initialization of module TC_26_8_1_2_4_2 finished.
2026/Jun/16 09:47:06.135184 EXECUTOR - Initializing module TC_26_8_1_2_4_3.
2026/Jun/16 09:47:06.135189 EXECUTOR - Initialization of module TC_26_8_1_2_4_3 finished.
2026/Jun/16 09:47:06.135191 EXECUTOR - Initializing module TC_26_8_1_2_4_4.
2026/Jun/16 09:47:06.135196 EXECUTOR - Initialization of module TC_26_8_1_2_4_4 finished.
2026/Jun/16 09:47:06.135198 EXECUTOR - Initializing module TC_26_8_1_2_4_5.
2026/Jun/16 09:47:06.135202 EXECUTOR - Initialization of module TC_26_8_1_2_4_5 finished.
2026/Jun/16 09:47:06.135205 EXECUTOR - Initializing module TC_26_8_1_2_6_1.
2026/Jun/16 09:47:06.135209 EXECUTOR - Initialization of module TC_26_8_1_2_6_1 finished.
2026/Jun/16 09:47:06.135211 EXECUTOR - Initializing module TC_26_8_1_2_6_2.
2026/Jun/16 09:47:06.135216 EXECUTOR - Initialization of module TC_26_8_1_2_6_2 finished.
2026/Jun/16 09:47:06.135218 EXECUTOR - Initializing module TC_26_8_1_2_6_3.
2026/Jun/16 09:47:06.135223 EXECUTOR - Initialization of module TC_26_8_1_2_6_3 finished.
2026/Jun/16 09:47:06.135225 EXECUTOR - Initializing module TC_26_8_1_2_6_6.
2026/Jun/16 09:47:06.135230 EXECUTOR - Initialization of module TC_26_8_1_2_6_6 finished.
2026/Jun/16 09:47:06.135232 EXECUTOR - Initializing module TC_26_8_1_3_1_1.
2026/Jun/16 09:47:06.135236 EXECUTOR - Initialization of module TC_26_8_1_3_1_1 finished.
2026/Jun/16 09:47:06.135239 EXECUTOR - Initializing module TC_26_8_1_3_2_1.
2026/Jun/16 09:47:06.135244 EXECUTOR - Initialization of module TC_26_8_1_3_2_1 finished.
2026/Jun/16 09:47:06.135246 EXECUTOR - Initializing module TC_26_8_1_3_3_1.
2026/Jun/16 09:47:06.135251 EXECUTOR - Initialization of module TC_26_8_1_3_3_1 finished.
2026/Jun/16 09:47:06.135253 EXECUTOR - Initializing module TC_26_8_1_3_3_2.
2026/Jun/16 09:47:06.135258 EXECUTOR - Initialization of module TC_26_8_1_3_3_2 finished.
2026/Jun/16 09:47:06.135260 EXECUTOR - Initializing module TC_26_8_1_3_3_3.
2026/Jun/16 09:47:06.135265 EXECUTOR - Initialization of module TC_26_8_1_3_3_3 finished.
2026/Jun/16 09:47:06.135267 EXECUTOR - Initializing module TC_26_8_1_3_3_4.
2026/Jun/16 09:47:06.135272 EXECUTOR - Initialization of module TC_26_8_1_3_3_4 finished.
2026/Jun/16 09:47:06.135274 EXECUTOR - Initializing module TC_26_8_1_3_3_5.
2026/Jun/16 09:47:06.135279 EXECUTOR - Initialization of module TC_26_8_1_3_3_5 finished.
2026/Jun/16 09:47:06.135281 EXECUTOR - Initializing module TC_26_8_1_3_3_6.
2026/Jun/16 09:47:06.135285 EXECUTOR - Initialization of module TC_26_8_1_3_3_6 finished.
2026/Jun/16 09:47:06.135288 EXECUTOR - Initializing module TC_26_8_1_3_3_7.
2026/Jun/16 09:47:06.135292 EXECUTOR - Initialization of module TC_26_8_1_3_3_7 finished.
2026/Jun/16 09:47:06.135295 EXECUTOR - Initializing module TC_26_8_1_3_4_1.
2026/Jun/16 09:47:06.135302 EXECUTOR - Initialization of module TC_26_8_1_3_4_1 finished.
2026/Jun/16 09:47:06.135304 EXECUTOR - Initializing module TC_26_8_1_3_4_2.
2026/Jun/16 09:47:06.135309 EXECUTOR - Initialization of module TC_26_8_1_3_4_2 finished.
2026/Jun/16 09:47:06.135312 EXECUTOR - Initializing module TC_26_8_1_3_4_3.
2026/Jun/16 09:47:06.135316 EXECUTOR - Initialization of module TC_26_8_1_3_4_3 finished.
2026/Jun/16 09:47:06.135319 EXECUTOR - Initializing module TC_26_8_1_3_4_4.
2026/Jun/16 09:47:06.135323 EXECUTOR - Initialization of module TC_26_8_1_3_4_4 finished.
2026/Jun/16 09:47:06.135325 EXECUTOR - Initializing module TC_26_8_1_3_4_5.
2026/Jun/16 09:47:06.135330 EXECUTOR - Initialization of module TC_26_8_1_3_4_5 finished.
2026/Jun/16 09:47:06.135332 EXECUTOR - Initializing module TC_26_8_1_3_4_6.
2026/Jun/16 09:47:06.135337 EXECUTOR - Initialization of module TC_26_8_1_3_4_6 finished.
2026/Jun/16 09:47:06.135339 EXECUTOR - Initializing module TC_26_8_1_3_4_7.
2026/Jun/16 09:47:06.135344 EXECUTOR - Initialization of module TC_26_8_1_3_4_7 finished.
2026/Jun/16 09:47:06.135346 EXECUTOR - Initializing module TC_26_8_1_3_4_8.
2026/Jun/16 09:47:06.135350 EXECUTOR - Initialization of module TC_26_8_1_3_4_8 finished.
2026/Jun/16 09:47:06.135352 EXECUTOR - Initializing module TC_26_8_1_3_5_1.
2026/Jun/16 09:47:06.135357 EXECUTOR - Initialization of module TC_26_8_1_3_5_1 finished.
2026/Jun/16 09:47:06.135359 EXECUTOR - Initializing module TC_26_8_1_3_5_2.
2026/Jun/16 09:47:06.135364 EXECUTOR - Initialization of module TC_26_8_1_3_5_2 finished.
2026/Jun/16 09:47:06.135366 EXECUTOR - Initializing module TC_26_8_1_3_5_3.
2026/Jun/16 09:47:06.135371 EXECUTOR - Initialization of module TC_26_8_1_3_5_3 finished.
2026/Jun/16 09:47:06.135373 EXECUTOR - Initializing module TC_26_8_1_3_5_4.
2026/Jun/16 09:47:06.135378 EXECUTOR - Initialization of module TC_26_8_1_3_5_4 finished.
2026/Jun/16 09:47:06.135380 EXECUTOR - Initializing module TC_26_8_1_3_5_5.
2026/Jun/16 09:47:06.135385 EXECUTOR - Initialization of module TC_26_8_1_3_5_5 finished.
2026/Jun/16 09:47:06.135387 EXECUTOR - Initializing module TC_26_8_1_3_5_6.
2026/Jun/16 09:47:06.135392 EXECUTOR - Initialization of module TC_26_8_1_3_5_6 finished.
2026/Jun/16 09:47:06.135394 EXECUTOR - Initializing module TC_26_8_1_3_5_7.
2026/Jun/16 09:47:06.135399 EXECUTOR - Initialization of module TC_26_8_1_3_5_7 finished.
2026/Jun/16 09:47:06.135401 EXECUTOR - Initializing module TC_26_8_1_3_5_8.
2026/Jun/16 09:47:06.135406 EXECUTOR - Initialization of module TC_26_8_1_3_5_8 finished.
2026/Jun/16 09:47:06.135408 EXECUTOR - Initializing module TC_26_8_1_3_5_9.
2026/Jun/16 09:47:06.135413 EXECUTOR - Initialization of module TC_26_8_1_3_5_9 finished.
2026/Jun/16 09:47:06.135415 EXECUTOR - Initializing module TC_26_8_2_1.
2026/Jun/16 09:47:06.135420 EXECUTOR - Initialization of module TC_26_8_2_1 finished.
2026/Jun/16 09:47:06.135422 EXECUTOR - Initializing module TC_26_8_2_2.
2026/Jun/16 09:47:06.135427 EXECUTOR - Initialization of module TC_26_8_2_2 finished.
2026/Jun/16 09:47:06.135429 EXECUTOR - Initializing module TC_26_8_2_3.
2026/Jun/16 09:47:06.135434 EXECUTOR - Initialization of module TC_26_8_2_3 finished.
2026/Jun/16 09:47:06.135437 EXECUTOR - Initializing module TC_26_8_3.
2026/Jun/16 09:47:06.135441 EXECUTOR - Initialization of module TC_26_8_3 finished.
2026/Jun/16 09:47:06.135444 EXECUTOR - Initializing module TC_34_2_2.
2026/Jun/16 09:47:06.135449 EXECUTOR - Initialization of module TC_34_2_2 finished.
2026/Jun/16 09:47:06.135451 EXECUTOR - Initializing module TitanLoggerApi.
2026/Jun/16 09:47:06.135453 EXECUTOR - Initialization of module TitanLoggerApi finished.
2026/Jun/16 09:47:06.135456 EXECUTOR - Initializing module TitanLoggerControl.
2026/Jun/16 09:47:06.135458 EXECUTOR - Initialization of module TitanLoggerControl finished.
2026/Jun/16 09:47:06.135474 EXECUTOR - Configuration data was processed successfully.
2026/Jun/16 09:47:06.203274 EXECUTOR - MTC was created. Process id: 38.
2026/Jun/16 09:48:50.435118 EXECUTOR - Exit was requested from MC. Terminating HC.
2026/Jun/16 09:48:50.435333 EXECUTOR - Disconnected from MC.
2026/Jun/16 09:48:50.435376 EXECUTOR - TTCN-3 Host Controller finished.
