[run-one] Namespace : gsm-9
[run-one] Tests     : TC_26_8_1_3_3_2
[run-one] Results   : /work/gouri.naik/sampige-scaling-intern-2026/results/week07/run20260707-105201-N10/ns-9/TC_26_8_1_3_3_2
[run-one] INFO  Images already in local registry.
[run-one] INFO  Installing Helm release gsm-9 from /work/gouri.naik/sampige-scaling-intern-2026/refs/osmocom-demo/k8s/chart ...
Release "gsm-9" does not exist. Installing it now.
NAME: gsm-9
LAST DEPLOYED: Tue Jul  7 16:22:02 2026
NAMESPACE: gsm-9
STATUS: deployed
REVISION: 1
TEST SUITE: None
[run-one] INFO  Waiting up to 240s for Deployments to be Ready...
  Not ready: msc-test-stub//1
osmo-bsc//1
osmo-bts-virtual//1
osmo-hlr//1
osmo-mgw//1
osmo-mobile//1
osmo-stp//1
virtphy//1
  Not ready: msc-test-stub//1
osmo-bsc//1
osmo-bts-virtual//1
osmo-hlr//1
osmo-mgw//1
osmo-mobile//1
osmo-stp//1
virtphy//1
  Not ready: msc-test-stub//1
osmo-bsc//1
osmo-bts-virtual//1
osmo-hlr//1
osmo-mgw//1
osmo-mobile//1
osmo-stp//1
virtphy//1
  Not ready: msc-test-stub//1
osmo-bsc//1
osmo-bts-virtual//1
osmo-hlr//1
osmo-mgw//1
osmo-mobile//1
osmo-stp//1
virtphy//1
  Not ready: msc-test-stub//1
osmo-bsc//1
osmo-bts-virtual//1
osmo-hlr//1
osmo-mgw//1
osmo-mobile//1
osmo-stp//1
virtphy//1
  Not ready: msc-test-stub//1
osmo-bsc//1
osmo-bts-virtual//1
osmo-hlr//1
osmo-mgw//1
osmo-mobile//1
osmo-stp//1
virtphy//1
  Not ready: msc-test-stub//1
osmo-bsc//1
osmo-mobile//1
  Not ready: msc-test-stub//1
osmo-mobile//1
  Not ready: msc-test-stub//1
osmo-mobile//1
  Not ready: osmo-mobile//1
[run-one] INFO  All Deployments ready.
[run-one] INFO  Waiting up to 300s for MS to camp on cell (MM_EVENT_CELL_SELECTED)...
[run-one] INFO  MS camped on cell.
[run-one] INFO  Waiting up to 60s for osmo-mobile VTY (port 4247)...
[run-one] INFO  osmo-mobile VTY ready.
[run-one] INFO  Waiting up to 120s for boot LU (BSC_SLR=0x000001) to clear...
[run-one] INFO  Boot LU CLEAR REQUEST seen — draining msc-stub event buffer...
msc-stub buffer drained
[run-one] INFO  MSC stub buffer drained — namespace ready for test.
[run-one] INFO  Running TC_26_8_1_3_3_2 as Job ttcn3-tc-26-8-1-3-3-2-1...
[run-one] FAIL  TC_26_8_1_3_3_2: no TITAN report dir found under /work/gouri.naik/sampige-scaling-intern-2026/refs/osmocom-demo/ttcn3/logs/gsm-9/
[run-one] FAIL  TC_26_8_1_3_3_2: INCONCLUSIVE
=====================================================
 TTCN-3 k8s Run Summary
 Namespace : gsm-9
 Timestamp : 20260707-105202
=====================================================
  TC_26_8_1_3_3_2                          INCONCLUSIVE
-----------------------------------------------------
  PASS: 0   FAIL: 0   INCONCLUSIVE: 1
=====================================================
[run-one] INFO  Done. Results: /work/gouri.naik/sampige-scaling-intern-2026/results/week07/run20260707-105201-N10/ns-9/TC_26_8_1_3_3_2
[run-one] INFO  Teardown: uninstalling Helm release gsm-9...
release "gsm-9" uninstalled
[run-one] INFO  Teardown: deleting namespace gsm-9...
namespace "gsm-9" deleted
{
  "namespaces": [
    {
      "namespace": "gsm-9",
      "bringup_s": 109.126,
      "testing_s": 583.326,
      "teardown_s": 52.432,
      "total_s": 744.894,
      "verdicts": [
        {
          "tc_name": "TC_26_8_1_3_3_2",
          "verdict": "INCONCLUSIVE"
        }
      ],
      "pass": 0,
      "fail": 0,
      "inconclusive": 1
    }
  ],
  "T_suite_s": 583.318,
  "N": 1,
  "pass": 0,
  "fail": 0,
  "inconclusive": 1,
  "test_durations": [
    {
      "namespace": "gsm-9",
      "tc_name": "TC_26_8_1_3_3_2",
      "duration_s": 583.318,
      "verdict": "INCONCLUSIVE"
    }
  ],
  "pods": {
    "total_restarts": 0,
    "oom_kills": 0
  },
  "S": null,
  "E": null
}
