2026/Jun/15 06:54:01.672081 EXECUTOR - TTCN-3 Host Controller started on ttcn3-tc-26-6-2-1-1-1-vpkgw. Version: 11.1.0.
2026/Jun/15 06:54:01.672402 EXECUTOR - TTCN Logger v2.2 options: TimeStampFormat:=DateTime; LogEntityName:=No; LogEventTypes:=Yes; SourceInfoFormat:=Single; LogSensitiveData:=No; *.FileMask:=LOG_ALL; *.ConsoleMask:=ERROR | TESTCASE | USER | VERDICTOP | WARNING; LogFileSize:=0; LogFileNumber:=1; DiskFullAction:=Error
2026/Jun/15 06:54:01.672427 EXECUTOR - Maximum number of open file descriptors: 1048576,   FD_SETSIZE = 1024
2026/Jun/15 06:54:01.672674 WARNING - Warning: The address of MC was set to a local IP address. This may cause incorrect behavior if a HC from a remote host also connects to MC.
2026/Jun/15 06:54:01.672748 EXECUTOR - The address of MC was set to 127.0.0.1:0.
2026/Jun/15 06:54:01.672981 EXECUTOR - Connected to MC.
2026/Jun/15 06:54:01.673163 EXECUTOR - This host supports UNIX domain sockets for local communication.
2026/Jun/15 06:54:01.673564 EXECUTOR - Processing configuration data received from MC.
2026/Jun/15 06:54:01.674088 WARNING - Warning: Skeleton `/results/TC_26_6_2_1_1-2026-06-15-065356/%n.log' does not guarantee unique log file name for every test system process. It may cause unpredictable results if several test components try to write into the same log file.
2026/Jun/15 06:54:01.751246 EXECUTOR - Module GSM_Constants has the following parameters: { TSPC_Serv_TS11 := true, TSPC_Serv_TS61 := false, TSPC_Serv_TS62 := false, TSPC_Serv_BS21 := false, TSPC_Serv_BS22 := false, TSPC_Serv_BS24 := false, TSPC_Serv_BS25 := false, TSPC_Serv_BS26 := false, TSPC_Serv_BS31 := false, TSPC_Serv_BS32 := false, TSPC_Serv_BS33 := false, TSPC_Serv_BS34 := false, TSPC_Serv_BS41 := false, TSPC_Serv_BS42 := false, TSPC_Serv_BS43 := false, TSPC_Serv_BS44 := false, TSPC_Serv_BS45 := false, TSPC_Serv_BS51 := false, TSPC_Serv_BS61 := false, TSPC_Serv_BS81 := false, TSPC_DualRate := false, TSPC_MTsvc := true, TSPX_IMSI := '901700000000001F'O, TSPX_TMSI := '1914D97F'O, TSPX_CKSNDef := 0, TSPX_RANDDef := '00112233445566778899AABBCCDDEEFF'O, TSPX_SRES := '12345678'O, TSPX_Kc := '0000000000000000'O, TSPX_SDCCH4SubDef := 0, TSPX_TmSltDef := 0, TSPX_TscDef := 7, TSPX_TCHHSubDef := 0, TCV_CC := true, TSPX_Telephony_Rate := C_Full (0), TSPX_MOBscSvcA := C_Telephony (0), TSPX_MOBscSvcB := C_Telephony (0), TSPX_MOBscSvcC := C_Telephony (0), TSPX_MOBscSvcD := C_Telephony (0), TSPX_MOBscSvcE := C_Telephony (0), TSPX_MOBscSvcF := C_Telephony (0), TSPX_MOBscSvcG := C_Telephony (0), TSPX_MOChRateA := C_Full (0), TSPX_MOChRateB := C_Full (0), TSPX_MOChRateC := C_Full (0), TSPX_MOChRateD := C_Full (0), TSPX_MOChRateE := C_Full (0), TSPX_MOChRateF := C_Full (0), TSPX_MOChRateG := C_Full (0), TSPX_MTBscSvcA := C_Telephony (0), TSPX_MTBscSvcB := C_Telephony (0), TSPX_MTBscSvcC := C_Telephony (0), TSPX_MTBscSvcD := C_Telephony (0), TSPX_MTBscSvcE := C_Telephony (0), TSPX_MTBscSvcF := C_Telephony (0), TSPX_MTBscSvcG := C_Telephony (0), TSPX_MTBscSvcH := C_Telephony (0), TSPX_MTBscSvcI := C_Telephony (0), TSPX_MTBscSvcJ := C_Telephony (0), TSPX_MTChRateA := C_Full (0), TSPX_MTChRateB := C_Full (0), TSPX_MTChRateC := C_Full (0), TSPX_MTChRateD := C_Full (0), TSPX_MTChRateE := C_Full (0), TSPX_MTChRateF := C_Full (0), TSPX_MTChRateG := C_Full (0), TSPX_MTChRateH := C_Full (0), TSPX_MTChRateI := C_Full (0), TSPX_MTChRateJ := C_Full (0), C_arfcnA := 51 }
2026/Jun/15 06:54:01.751374 EXECUTOR - Module TC_26_6_1_2 has the following parameters: { TSPX_nPara := 3, TSPX_i1Para := 3, TSPX_kPara := 5, TSPX_i2Para := 1, TSPX_rPara := 4, TSPX_i3Para := 4 }
2026/Jun/15 06:54:01.751425 EXECUTOR - Initializing module GSM_Component_Definitions.
2026/Jun/15 06:54:01.751437 EXECUTOR GSM_Component_Definitions.ttcn3:0 Initializing module GSM_Templates.
2026/Jun/15 06:54:01.751467 EXECUTOR GSM_Templates.ttcn3:0 Initializing module GSM_Constants.
2026/Jun/15 06:54:01.751476 EXECUTOR GSM_Constants.ttcn3:0 Initializing module GSM_Types.
2026/Jun/15 06:54:01.751482 EXECUTOR GSM_Constants.ttcn3:0 Initialization of module GSM_Types finished.
2026/Jun/15 06:54:01.751487 EXECUTOR GSM_Templates.ttcn3:0 Initialization of module GSM_Constants finished.
2026/Jun/15 06:54:01.751587 EXECUTOR GSM_Component_Definitions.ttcn3:0 Initialization of module GSM_Templates finished.
2026/Jun/15 06:54:01.751595 EXECUTOR - Initialization of module GSM_Component_Definitions finished.
2026/Jun/15 06:54:01.751599 EXECUTOR - Initializing module GSM_Functions.
2026/Jun/15 06:54:01.751634 EXECUTOR - Initialization of module GSM_Functions finished.
2026/Jun/15 06:54:01.751639 EXECUTOR - Initializing module PreGenRecordOf.
2026/Jun/15 06:54:01.751643 EXECUTOR - Initialization of module PreGenRecordOf finished.
2026/Jun/15 06:54:01.751647 EXECUTOR - Initializing module TC_26_2_1_3.
2026/Jun/15 06:54:01.751655 EXECUTOR - Initialization of module TC_26_2_1_3 finished.
2026/Jun/15 06:54:01.751660 EXECUTOR - Initializing module TC_26_2_2.
2026/Jun/15 06:54:01.751669 EXECUTOR - Initialization of module TC_26_2_2 finished.
2026/Jun/15 06:54:01.751673 EXECUTOR - Initializing module TC_26_2_3.
2026/Jun/15 06:54:01.751680 EXECUTOR - Initialization of module TC_26_2_3 finished.
2026/Jun/15 06:54:01.751685 EXECUTOR - Initializing module TC_26_6_11_1.
2026/Jun/15 06:54:01.751693 EXECUTOR - Initialization of module TC_26_6_11_1 finished.
2026/Jun/15 06:54:01.751697 EXECUTOR - Initializing module TC_26_6_11_2.
2026/Jun/15 06:54:01.751704 EXECUTOR - Initialization of module TC_26_6_11_2 finished.
2026/Jun/15 06:54:01.751708 EXECUTOR - Initializing module TC_26_6_12_1.
2026/Jun/15 06:54:01.751717 EXECUTOR - Initialization of module TC_26_6_12_1 finished.
2026/Jun/15 06:54:01.751722 EXECUTOR - Initializing module TC_26_6_12_2.
2026/Jun/15 06:54:01.751730 EXECUTOR - Initialization of module TC_26_6_12_2 finished.
2026/Jun/15 06:54:01.751735 EXECUTOR - Initializing module TC_26_6_12_3.
2026/Jun/15 06:54:01.751742 EXECUTOR - Initialization of module TC_26_6_12_3 finished.
2026/Jun/15 06:54:01.751746 EXECUTOR - Initializing module TC_26_6_12_4.
2026/Jun/15 06:54:01.751754 EXECUTOR - Initialization of module TC_26_6_12_4 finished.
2026/Jun/15 06:54:01.751758 EXECUTOR - Initializing module TC_26_6_13_10.
2026/Jun/15 06:54:01.751766 EXECUTOR - Initialization of module TC_26_6_13_10 finished.
2026/Jun/15 06:54:01.751770 EXECUTOR - Initializing module TC_26_6_13_9.
2026/Jun/15 06:54:01.751782 EXECUTOR - Initialization of module TC_26_6_13_9 finished.
2026/Jun/15 06:54:01.751786 EXECUTOR - Initializing module TC_26_6_1_1.
2026/Jun/15 06:54:01.751795 EXECUTOR - Initialization of module TC_26_6_1_1 finished.
2026/Jun/15 06:54:01.751799 EXECUTOR - Initializing module TC_26_6_1_2.
2026/Jun/15 06:54:01.751807 EXECUTOR - Initialization of module TC_26_6_1_2 finished.
2026/Jun/15 06:54:01.751811 EXECUTOR - Initializing module TC_26_6_1_3.
2026/Jun/15 06:54:01.751819 EXECUTOR - Initialization of module TC_26_6_1_3 finished.
2026/Jun/15 06:54:01.751837 EXECUTOR - Initializing module TC_26_6_1_4.
2026/Jun/15 06:54:01.751845 EXECUTOR - Initialization of module TC_26_6_1_4 finished.
2026/Jun/15 06:54:01.751849 EXECUTOR - Initializing module TC_26_6_1_5.
2026/Jun/15 06:54:01.751857 EXECUTOR - Initialization of module TC_26_6_1_5 finished.
2026/Jun/15 06:54:01.751861 EXECUTOR - Initializing module TC_26_6_2_1_1.
2026/Jun/15 06:54:01.751869 EXECUTOR - Initialization of module TC_26_6_2_1_1 finished.
2026/Jun/15 06:54:01.751873 EXECUTOR - Initializing module TC_26_6_2_1_2.
2026/Jun/15 06:54:01.751881 EXECUTOR - Initialization of module TC_26_6_2_1_2 finished.
2026/Jun/15 06:54:01.751885 EXECUTOR - Initializing module TC_26_6_2_1_3.
2026/Jun/15 06:54:01.751893 EXECUTOR - Initialization of module TC_26_6_2_1_3 finished.
2026/Jun/15 06:54:01.751897 EXECUTOR - Initializing module TC_26_6_2_2.
2026/Jun/15 06:54:01.751905 EXECUTOR - Initialization of module TC_26_6_2_2 finished.
2026/Jun/15 06:54:01.751909 EXECUTOR - Initializing module TC_26_6_2_3_1.
2026/Jun/15 06:54:01.751916 EXECUTOR - Initialization of module TC_26_6_2_3_1 finished.
2026/Jun/15 06:54:01.751921 EXECUTOR - Initializing module TC_26_6_2_3_2.
2026/Jun/15 06:54:01.751928 EXECUTOR - Initialization of module TC_26_6_2_3_2 finished.
2026/Jun/15 06:54:01.751937 EXECUTOR - Initializing module TC_26_6_2_4.
2026/Jun/15 06:54:01.751945 EXECUTOR - Initialization of module TC_26_6_2_4 finished.
2026/Jun/15 06:54:01.751949 EXECUTOR - Initializing module TC_26_6_3_1.
2026/Jun/15 06:54:01.751958 EXECUTOR - Initialization of module TC_26_6_3_1 finished.
2026/Jun/15 06:54:01.751962 EXECUTOR - Initializing module TC_26_6_3_4.
2026/Jun/15 06:54:01.751970 EXECUTOR - Initialization of module TC_26_6_3_4 finished.
2026/Jun/15 06:54:01.751974 EXECUTOR - Initializing module TC_26_6_4_1.
2026/Jun/15 06:54:01.751982 EXECUTOR - Initialization of module TC_26_6_4_1 finished.
2026/Jun/15 06:54:01.751986 EXECUTOR - Initializing module TC_26_6_4_2_2.
2026/Jun/15 06:54:01.751994 EXECUTOR - Initialization of module TC_26_6_4_2_2 finished.
2026/Jun/15 06:54:01.751998 EXECUTOR - Initializing module TC_26_6_5_1.
2026/Jun/15 06:54:01.752005 EXECUTOR - Initialization of module TC_26_6_5_1 finished.
2026/Jun/15 06:54:01.752009 EXECUTOR - Initializing module TC_26_6_5_2_1.
2026/Jun/15 06:54:01.752017 EXECUTOR - Initialization of module TC_26_6_5_2_1 finished.
2026/Jun/15 06:54:01.752021 EXECUTOR - Initializing module TC_26_6_8_1.
2026/Jun/15 06:54:01.752029 EXECUTOR - Initialization of module TC_26_6_8_1 finished.
2026/Jun/15 06:54:01.752033 EXECUTOR - Initializing module TC_26_6_8_2.
2026/Jun/15 06:54:01.752041 EXECUTOR - Initialization of module TC_26_6_8_2 finished.
2026/Jun/15 06:54:01.752045 EXECUTOR - Initializing module TC_26_6_8_3.
2026/Jun/15 06:54:01.752053 EXECUTOR - Initialization of module TC_26_6_8_3 finished.
2026/Jun/15 06:54:01.752057 EXECUTOR - Initializing module TC_26_6_8_4.
2026/Jun/15 06:54:01.752064 EXECUTOR - Initialization of module TC_26_6_8_4 finished.
2026/Jun/15 06:54:01.752068 EXECUTOR - Initializing module TC_26_6_8_5.
2026/Jun/15 06:54:01.752076 EXECUTOR - Initialization of module TC_26_6_8_5 finished.
2026/Jun/15 06:54:01.752080 EXECUTOR - Initializing module TC_26_7_1.
2026/Jun/15 06:54:01.752088 EXECUTOR - Initialization of module TC_26_7_1 finished.
2026/Jun/15 06:54:01.752092 EXECUTOR - Initializing module TC_26_7_2_1.
2026/Jun/15 06:54:01.752100 EXECUTOR - Initialization of module TC_26_7_2_1 finished.
2026/Jun/15 06:54:01.752104 EXECUTOR - Initializing module TC_26_7_2_2.
2026/Jun/15 06:54:01.752111 EXECUTOR - Initialization of module TC_26_7_2_2 finished.
2026/Jun/15 06:54:01.752115 EXECUTOR - Initializing module TC_26_7_3_1.
2026/Jun/15 06:54:01.752123 EXECUTOR - Initialization of module TC_26_7_3_1 finished.
2026/Jun/15 06:54:01.752127 EXECUTOR - Initializing module TC_26_7_3_2.
2026/Jun/15 06:54:01.752135 EXECUTOR - Initialization of module TC_26_7_3_2 finished.
2026/Jun/15 06:54:01.752139 EXECUTOR - Initializing module TC_26_7_4_1.
2026/Jun/15 06:54:01.752147 EXECUTOR - Initialization of module TC_26_7_4_1 finished.
2026/Jun/15 06:54:01.752151 EXECUTOR - Initializing module TC_26_7_4_2_1.
2026/Jun/15 06:54:01.752158 EXECUTOR - Initialization of module TC_26_7_4_2_1 finished.
2026/Jun/15 06:54:01.752162 EXECUTOR - Initializing module TC_26_7_4_2_2_1.
2026/Jun/15 06:54:01.752170 EXECUTOR - Initialization of module TC_26_7_4_2_2_1 finished.
2026/Jun/15 06:54:01.752174 EXECUTOR - Initializing module TC_26_7_4_2_2_2.
2026/Jun/15 06:54:01.752181 EXECUTOR - Initialization of module TC_26_7_4_2_2_2 finished.
2026/Jun/15 06:54:01.752185 EXECUTOR - Initializing module TC_26_7_4_2_3.
2026/Jun/15 06:54:01.752193 EXECUTOR - Initialization of module TC_26_7_4_2_3 finished.
2026/Jun/15 06:54:01.752197 EXECUTOR - Initializing module TC_26_7_4_2_4_1.
2026/Jun/15 06:54:01.752204 EXECUTOR - Initialization of module TC_26_7_4_2_4_1 finished.
2026/Jun/15 06:54:01.752208 EXECUTOR - Initializing module TC_26_7_4_2_4_2.
2026/Jun/15 06:54:01.752216 EXECUTOR - Initialization of module TC_26_7_4_2_4_2 finished.
2026/Jun/15 06:54:01.752220 EXECUTOR - Initializing module TC_26_7_4_2_4_3.
2026/Jun/15 06:54:01.752228 EXECUTOR - Initialization of module TC_26_7_4_2_4_3 finished.
2026/Jun/15 06:54:01.752232 EXECUTOR - Initializing module TC_26_7_4_2_4_4.
2026/Jun/15 06:54:01.752243 EXECUTOR - Initialization of module TC_26_7_4_2_4_4 finished.
2026/Jun/15 06:54:01.752248 EXECUTOR - Initializing module TC_26_7_4_2_4_5.
2026/Jun/15 06:54:01.752256 EXECUTOR - Initialization of module TC_26_7_4_2_4_5 finished.
2026/Jun/15 06:54:01.752260 EXECUTOR - Initializing module TC_26_7_4_3_1.
2026/Jun/15 06:54:01.752268 EXECUTOR - Initialization of module TC_26_7_4_3_1 finished.
2026/Jun/15 06:54:01.752272 EXECUTOR - Initializing module TC_26_7_4_3_2.
2026/Jun/15 06:54:01.752280 EXECUTOR - Initialization of module TC_26_7_4_3_2 finished.
2026/Jun/15 06:54:01.752284 EXECUTOR - Initializing module TC_26_7_4_3_3.
2026/Jun/15 06:54:01.752292 EXECUTOR - Initialization of module TC_26_7_4_3_3 finished.
2026/Jun/15 06:54:01.752297 EXECUTOR - Initializing module TC_26_7_4_3_4.
2026/Jun/15 06:54:01.752304 EXECUTOR - Initialization of module TC_26_7_4_3_4 finished.
2026/Jun/15 06:54:01.752308 EXECUTOR - Initializing module TC_26_7_4_4.
2026/Jun/15 06:54:01.752316 EXECUTOR - Initialization of module TC_26_7_4_4 finished.
2026/Jun/15 06:54:01.752320 EXECUTOR - Initializing module TC_26_7_4_5_1.
2026/Jun/15 06:54:01.752328 EXECUTOR - Initialization of module TC_26_7_4_5_1 finished.
2026/Jun/15 06:54:01.752332 EXECUTOR - Initializing module TC_26_7_4_5_2.
2026/Jun/15 06:54:01.752339 EXECUTOR - Initialization of module TC_26_7_4_5_2 finished.
2026/Jun/15 06:54:01.752343 EXECUTOR - Initializing module TC_26_7_4_5_3.
2026/Jun/15 06:54:01.752352 EXECUTOR - Initialization of module TC_26_7_4_5_3 finished.
2026/Jun/15 06:54:01.752356 EXECUTOR - Initializing module TC_26_7_4_5_4_2.
2026/Jun/15 06:54:01.752364 EXECUTOR - Initialization of module TC_26_7_4_5_4_2 finished.
2026/Jun/15 06:54:01.752368 EXECUTOR - Initializing module TC_26_7_5_2.
2026/Jun/15 06:54:01.752376 EXECUTOR - Initialization of module TC_26_7_5_2 finished.
2026/Jun/15 06:54:01.752380 EXECUTOR - Initializing module TC_26_7_5_3.
2026/Jun/15 06:54:01.752388 EXECUTOR - Initialization of module TC_26_7_5_3 finished.
2026/Jun/15 06:54:01.752392 EXECUTOR - Initializing module TC_26_7_5_4.
2026/Jun/15 06:54:01.752400 EXECUTOR - Initialization of module TC_26_7_5_4 finished.
2026/Jun/15 06:54:01.752404 EXECUTOR - Initializing module TC_26_7_5_5.
2026/Jun/15 06:54:01.752412 EXECUTOR - Initialization of module TC_26_7_5_5 finished.
2026/Jun/15 06:54:01.752416 EXECUTOR - Initializing module TC_26_7_5_6.
2026/Jun/15 06:54:01.752423 EXECUTOR - Initialization of module TC_26_7_5_6 finished.
2026/Jun/15 06:54:01.752427 EXECUTOR - Initializing module TC_26_7_5_7_1.
2026/Jun/15 06:54:01.752435 EXECUTOR - Initialization of module TC_26_7_5_7_1 finished.
2026/Jun/15 06:54:01.752439 EXECUTOR - Initializing module TC_26_7_5_8_1.
2026/Jun/15 06:54:01.752447 EXECUTOR - Initialization of module TC_26_7_5_8_1 finished.
2026/Jun/15 06:54:01.752451 EXECUTOR - Initializing module TC_26_7_5_8_2.
2026/Jun/15 06:54:01.752458 EXECUTOR - Initialization of module TC_26_7_5_8_2 finished.
2026/Jun/15 06:54:01.752462 EXECUTOR - Initializing module TC_26_7_5_8_3.
2026/Jun/15 06:54:01.752470 EXECUTOR - Initialization of module TC_26_7_5_8_3 finished.
2026/Jun/15 06:54:01.752474 EXECUTOR - Initializing module TC_26_8_1_2_1_1.
2026/Jun/15 06:54:01.752482 EXECUTOR - Initialization of module TC_26_8_1_2_1_1 finished.
2026/Jun/15 06:54:01.752486 EXECUTOR - Initializing module TC_26_8_1_2_2_1.
2026/Jun/15 06:54:01.752493 EXECUTOR - Initialization of module TC_26_8_1_2_2_1 finished.
2026/Jun/15 06:54:01.752497 EXECUTOR - Initializing module TC_26_8_1_2_2_2.
2026/Jun/15 06:54:01.752505 EXECUTOR - Initialization of module TC_26_8_1_2_2_2 finished.
2026/Jun/15 06:54:01.752509 EXECUTOR - Initializing module TC_26_8_1_2_2_3.
2026/Jun/15 06:54:01.752517 EXECUTOR - Initialization of module TC_26_8_1_2_2_3 finished.
2026/Jun/15 06:54:01.752521 EXECUTOR - Initializing module TC_26_8_1_2_3_1.
2026/Jun/15 06:54:01.752529 EXECUTOR - Initialization of module TC_26_8_1_2_3_1 finished.
2026/Jun/15 06:54:01.752533 EXECUTOR - Initializing module TC_26_8_1_2_3_2.
2026/Jun/15 06:54:01.752541 EXECUTOR - Initialization of module TC_26_8_1_2_3_2 finished.
2026/Jun/15 06:54:01.752549 EXECUTOR - Initializing module TC_26_8_1_2_3_3.
2026/Jun/15 06:54:01.752556 EXECUTOR - Initialization of module TC_26_8_1_2_3_3 finished.
2026/Jun/15 06:54:01.752560 EXECUTOR - Initializing module TC_26_8_1_2_3_4.
2026/Jun/15 06:54:01.752569 EXECUTOR - Initialization of module TC_26_8_1_2_3_4 finished.
2026/Jun/15 06:54:01.752573 EXECUTOR - Initializing module TC_26_8_1_2_3_5.
2026/Jun/15 06:54:01.752581 EXECUTOR - Initialization of module TC_26_8_1_2_3_5 finished.
2026/Jun/15 06:54:01.752585 EXECUTOR - Initializing module TC_26_8_1_2_3_6.
2026/Jun/15 06:54:01.752592 EXECUTOR - Initialization of module TC_26_8_1_2_3_6 finished.
2026/Jun/15 06:54:01.752597 EXECUTOR - Initializing module TC_26_8_1_2_3_7.
2026/Jun/15 06:54:01.752604 EXECUTOR - Initialization of module TC_26_8_1_2_3_7 finished.
2026/Jun/15 06:54:01.752608 EXECUTOR - Initializing module TC_26_8_1_2_4_1.
2026/Jun/15 06:54:01.752616 EXECUTOR - Initialization of module TC_26_8_1_2_4_1 finished.
2026/Jun/15 06:54:01.752620 EXECUTOR - Initializing module TC_26_8_1_2_4_13.
2026/Jun/15 06:54:01.752628 EXECUTOR - Initialization of module TC_26_8_1_2_4_13 finished.
2026/Jun/15 06:54:01.752632 EXECUTOR - Initializing module TC_26_8_1_2_4_2.
2026/Jun/15 06:54:01.752640 EXECUTOR - Initialization of module TC_26_8_1_2_4_2 finished.
2026/Jun/15 06:54:01.752644 EXECUTOR - Initializing module TC_26_8_1_2_4_3.
2026/Jun/15 06:54:01.752651 EXECUTOR - Initialization of module TC_26_8_1_2_4_3 finished.
2026/Jun/15 06:54:01.752655 EXECUTOR - Initializing module TC_26_8_1_2_4_4.
2026/Jun/15 06:54:01.752663 EXECUTOR - Initialization of module TC_26_8_1_2_4_4 finished.
2026/Jun/15 06:54:01.752667 EXECUTOR - Initializing module TC_26_8_1_2_4_5.
2026/Jun/15 06:54:01.752675 EXECUTOR - Initialization of module TC_26_8_1_2_4_5 finished.
2026/Jun/15 06:54:01.752678 EXECUTOR - Initializing module TC_26_8_1_2_6_1.
2026/Jun/15 06:54:01.752687 EXECUTOR - Initialization of module TC_26_8_1_2_6_1 finished.
2026/Jun/15 06:54:01.752691 EXECUTOR - Initializing module TC_26_8_1_2_6_2.
2026/Jun/15 06:54:01.752698 EXECUTOR - Initialization of module TC_26_8_1_2_6_2 finished.
2026/Jun/15 06:54:01.752702 EXECUTOR - Initializing module TC_26_8_1_2_6_3.
2026/Jun/15 06:54:01.752710 EXECUTOR - Initialization of module TC_26_8_1_2_6_3 finished.
2026/Jun/15 06:54:01.752714 EXECUTOR - Initializing module TC_26_8_1_2_6_6.
2026/Jun/15 06:54:01.752721 EXECUTOR - Initialization of module TC_26_8_1_2_6_6 finished.
2026/Jun/15 06:54:01.752725 EXECUTOR - Initializing module TC_26_8_1_3_1_1.
2026/Jun/15 06:54:01.752734 EXECUTOR - Initialization of module TC_26_8_1_3_1_1 finished.
2026/Jun/15 06:54:01.752738 EXECUTOR - Initializing module TC_26_8_1_3_2_1.
2026/Jun/15 06:54:01.752745 EXECUTOR - Initialization of module TC_26_8_1_3_2_1 finished.
2026/Jun/15 06:54:01.752749 EXECUTOR - Initializing module TC_26_8_1_3_3_1.
2026/Jun/15 06:54:01.752757 EXECUTOR - Initialization of module TC_26_8_1_3_3_1 finished.
2026/Jun/15 06:54:01.752761 EXECUTOR - Initializing module TC_26_8_1_3_3_2.
2026/Jun/15 06:54:01.752768 EXECUTOR - Initialization of module TC_26_8_1_3_3_2 finished.
2026/Jun/15 06:54:01.752772 EXECUTOR - Initializing module TC_26_8_1_3_3_3.
2026/Jun/15 06:54:01.752780 EXECUTOR - Initialization of module TC_26_8_1_3_3_3 finished.
2026/Jun/15 06:54:01.752784 EXECUTOR - Initializing module TC_26_8_1_3_3_4.
2026/Jun/15 06:54:01.752792 EXECUTOR - Initialization of module TC_26_8_1_3_3_4 finished.
2026/Jun/15 06:54:01.752796 EXECUTOR - Initializing module TC_26_8_1_3_3_5.
2026/Jun/15 06:54:01.752803 EXECUTOR - Initialization of module TC_26_8_1_3_3_5 finished.
2026/Jun/15 06:54:01.752807 EXECUTOR - Initializing module TC_26_8_1_3_3_6.
2026/Jun/15 06:54:01.752814 EXECUTOR - Initialization of module TC_26_8_1_3_3_6 finished.
2026/Jun/15 06:54:01.752818 EXECUTOR - Initializing module TC_26_8_1_3_3_7.
2026/Jun/15 06:54:01.752837 EXECUTOR - Initialization of module TC_26_8_1_3_3_7 finished.
2026/Jun/15 06:54:01.752841 EXECUTOR - Initializing module TC_26_8_1_3_4_1.
2026/Jun/15 06:54:01.752853 EXECUTOR - Initialization of module TC_26_8_1_3_4_1 finished.
2026/Jun/15 06:54:01.752857 EXECUTOR - Initializing module TC_26_8_1_3_4_2.
2026/Jun/15 06:54:01.752865 EXECUTOR - Initialization of module TC_26_8_1_3_4_2 finished.
2026/Jun/15 06:54:01.752869 EXECUTOR - Initializing module TC_26_8_1_3_4_3.
2026/Jun/15 06:54:01.752876 EXECUTOR - Initialization of module TC_26_8_1_3_4_3 finished.
2026/Jun/15 06:54:01.752880 EXECUTOR - Initializing module TC_26_8_1_3_4_4.
2026/Jun/15 06:54:01.752888 EXECUTOR - Initialization of module TC_26_8_1_3_4_4 finished.
2026/Jun/15 06:54:01.752892 EXECUTOR - Initializing module TC_26_8_1_3_4_5.
2026/Jun/15 06:54:01.752900 EXECUTOR - Initialization of module TC_26_8_1_3_4_5 finished.
2026/Jun/15 06:54:01.752904 EXECUTOR - Initializing module TC_26_8_1_3_4_6.
2026/Jun/15 06:54:01.752912 EXECUTOR - Initialization of module TC_26_8_1_3_4_6 finished.
2026/Jun/15 06:54:01.752916 EXECUTOR - Initializing module TC_26_8_1_3_4_7.
2026/Jun/15 06:54:01.752923 EXECUTOR - Initialization of module TC_26_8_1_3_4_7 finished.
2026/Jun/15 06:54:01.752927 EXECUTOR - Initializing module TC_26_8_1_3_4_8.
2026/Jun/15 06:54:01.752935 EXECUTOR - Initialization of module TC_26_8_1_3_4_8 finished.
2026/Jun/15 06:54:01.752940 EXECUTOR - Initializing module TC_26_8_1_3_5_1.
2026/Jun/15 06:54:01.752948 EXECUTOR - Initialization of module TC_26_8_1_3_5_1 finished.
2026/Jun/15 06:54:01.752952 EXECUTOR - Initializing module TC_26_8_1_3_5_2.
2026/Jun/15 06:54:01.752959 EXECUTOR - Initialization of module TC_26_8_1_3_5_2 finished.
2026/Jun/15 06:54:01.752963 EXECUTOR - Initializing module TC_26_8_1_3_5_3.
2026/Jun/15 06:54:01.752971 EXECUTOR - Initialization of module TC_26_8_1_3_5_3 finished.
2026/Jun/15 06:54:01.752975 EXECUTOR - Initializing module TC_26_8_1_3_5_4.
2026/Jun/15 06:54:01.752982 EXECUTOR - Initialization of module TC_26_8_1_3_5_4 finished.
2026/Jun/15 06:54:01.752987 EXECUTOR - Initializing module TC_26_8_1_3_5_5.
2026/Jun/15 06:54:01.752994 EXECUTOR - Initialization of module TC_26_8_1_3_5_5 finished.
2026/Jun/15 06:54:01.752998 EXECUTOR - Initializing module TC_26_8_1_3_5_6.
2026/Jun/15 06:54:01.753007 EXECUTOR - Initialization of module TC_26_8_1_3_5_6 finished.
2026/Jun/15 06:54:01.753011 EXECUTOR - Initializing module TC_26_8_1_3_5_7.
2026/Jun/15 06:54:01.753019 EXECUTOR - Initialization of module TC_26_8_1_3_5_7 finished.
2026/Jun/15 06:54:01.753023 EXECUTOR - Initializing module TC_26_8_1_3_5_8.
2026/Jun/15 06:54:01.753030 EXECUTOR - Initialization of module TC_26_8_1_3_5_8 finished.
2026/Jun/15 06:54:01.753035 EXECUTOR - Initializing module TC_26_8_1_3_5_9.
2026/Jun/15 06:54:01.753042 EXECUTOR - Initialization of module TC_26_8_1_3_5_9 finished.
2026/Jun/15 06:54:01.753046 EXECUTOR - Initializing module TC_26_8_2_1.
2026/Jun/15 06:54:01.753053 EXECUTOR - Initialization of module TC_26_8_2_1 finished.
2026/Jun/15 06:54:01.753057 EXECUTOR - Initializing module TC_26_8_2_2.
2026/Jun/15 06:54:01.753065 EXECUTOR - Initialization of module TC_26_8_2_2 finished.
2026/Jun/15 06:54:01.753069 EXECUTOR - Initializing module TC_26_8_2_3.
2026/Jun/15 06:54:01.753077 EXECUTOR - Initialization of module TC_26_8_2_3 finished.
2026/Jun/15 06:54:01.753081 EXECUTOR - Initializing module TC_26_8_3.
2026/Jun/15 06:54:01.753089 EXECUTOR - Initialization of module TC_26_8_3 finished.
2026/Jun/15 06:54:01.753093 EXECUTOR - Initializing module TC_34_2_2.
2026/Jun/15 06:54:01.753101 EXECUTOR - Initialization of module TC_34_2_2 finished.
2026/Jun/15 06:54:01.753105 EXECUTOR - Initializing module TitanLoggerApi.
2026/Jun/15 06:54:01.753108 EXECUTOR - Initialization of module TitanLoggerApi finished.
2026/Jun/15 06:54:01.753113 EXECUTOR - Initializing module TitanLoggerControl.
2026/Jun/15 06:54:01.753117 EXECUTOR - Initialization of module TitanLoggerControl finished.
2026/Jun/15 06:54:01.753133 EXECUTOR - Configuration data was processed successfully.
2026/Jun/15 06:54:01.754980 EXECUTOR - MTC was created. Process id: 39.
2026/Jun/15 06:57:01.608917 EXECUTOR - Exit was requested from MC. Terminating HC.
2026/Jun/15 06:57:01.609060 EXECUTOR - Disconnected from MC.
2026/Jun/15 06:57:01.609082 EXECUTOR - TTCN-3 Host Controller finished.
