[run-one] Namespace : tc-26-6-8-2-1
[run-one] Tests     : TC_26_6_8_2
[run-one] Results   : /work/gouri.naik/sampige-scaling-intern-2026/results/week05/run20260623-071306-N8/ns-1/TC_26_6_8_2
[run-one] INFO  Images already in local registry.
[run-one] INFO  Installing Helm release tc-26-6-8-2-1 from /work/gouri.naik/sampige-scaling-intern-2026/refs/osmocom-demo/k8s/chart ...
Release "tc-26-6-8-2-1" does not exist. Installing it now.
NAME: tc-26-6-8-2-1
LAST DEPLOYED: Tue Jun 23 12:43:07 2026
NAMESPACE: tc-26-6-8-2-1
STATUS: deployed
REVISION: 1
TEST SUITE: None
[run-one] INFO  Waiting up to 240s for Deployments to be Ready...
  Not ready: msc-test-stub//1
osmo-bsc//1
osmo-bts-virtual//1
osmo-hlr//1
osmo-mgw//1
osmo-mobile//1
osmo-stp//1
virtphy//1
  Not ready: msc-test-stub//1
osmo-bsc//1
osmo-bts-virtual//1
osmo-hlr//1
osmo-mgw//1
osmo-mobile//1
osmo-stp//1
virtphy//1
  Not ready: msc-test-stub//1
osmo-bsc//1
osmo-mobile//1
virtphy//1
  Not ready: osmo-mobile//1
  Not ready: osmo-mobile//1
  Not ready: osmo-mobile//1
  Not ready: osmo-mobile//1
[run-one] INFO  All Deployments ready.
[run-one] INFO  Waiting up to 300s for MS to camp on cell (MM_EVENT_CELL_SELECTED)...
[run-one] INFO  MS camped on cell.
[run-one] INFO  Waiting up to 60s for osmo-mobile VTY (port 4247)...
[run-one] INFO  osmo-mobile VTY ready.
[run-one] INFO  Waiting up to 120s for boot LU (BSC_SLR=0x000001) to clear...
[run-one] INFO  Boot LU CLEAR REQUEST seen — draining msc-stub event buffer...
msc-stub buffer drained
[run-one] INFO  MSC stub buffer drained — namespace ready for test.
[run-one] INFO  Running TC_26_6_8_2 as Job ttcn3-tc-26-6-8-2-1...
[run-one] PASS  TC_26_6_8_2: PASS
=====================================================
 TTCN-3 k8s Run Summary
 Namespace : tc-26-6-8-2-1
 Timestamp : 20260623-071307
=====================================================
  TC_26_6_8_2                              PASS
-----------------------------------------------------
  PASS: 1   FAIL: 0   INCONCLUSIVE: 0
=====================================================
[run-one] INFO  Done. Results: /work/gouri.naik/sampige-scaling-intern-2026/results/week05/run20260623-071306-N8/ns-1/TC_26_6_8_2
[run-one] INFO  Teardown: uninstalling Helm release tc-26-6-8-2-1...
release "tc-26-6-8-2-1" uninstalled
[run-one] INFO  Teardown: deleting namespace tc-26-6-8-2-1...
namespace "tc-26-6-8-2-1" deleted
{
  "namespaces": [
    {
      "namespace": "tc-26-6-8-2-1",
      "bringup_s": 41.008,
      "testing_s": 100.977,
      "teardown_s": 68.121,
      "total_s": 210.108,
      "verdicts": [
        {
          "tc_name": "TC_26_6_8_2",
          "verdict": "PASS"
        }
      ],
      "pass": 1,
      "fail": 0,
      "inconclusive": 0
    }
  ],
  "T_suite_s": 100.973,
  "N": 1,
  "pass": 1,
  "fail": 0,
  "inconclusive": 0,
  "test_durations": [
    {
      "namespace": "tc-26-6-8-2-1",
      "tc_name": "TC_26_6_8_2",
      "duration_s": 100.973,
      "verdict": "PASS"
    }
  ],
  "pods": {
    "total_restarts": 0,
    "oom_kills": 0
  },
  "S": null,
  "E": null
}
[run-one] Namespace : tc-26-7-4-1-1
[run-one] Tests     : TC_26_7_4_1
[run-one] Results   : /work/gouri.naik/sampige-scaling-intern-2026/results/week05/run20260623-071306-N8/ns-1/TC_26_7_4_1
[run-one] INFO  Images already in local registry.
[run-one] INFO  Installing Helm release tc-26-7-4-1-1 from /work/gouri.naik/sampige-scaling-intern-2026/refs/osmocom-demo/k8s/chart ...
Release "tc-26-7-4-1-1" does not exist. Installing it now.
NAME: tc-26-7-4-1-1
LAST DEPLOYED: Tue Jun 23 12:46:37 2026
NAMESPACE: tc-26-7-4-1-1
STATUS: deployed
REVISION: 1
TEST SUITE: None
[run-one] INFO  Waiting up to 240s for Deployments to be Ready...
  Not ready: msc-test-stub//1
osmo-bsc//1
osmo-bts-virtual//1
osmo-hlr//1
osmo-mgw//1
osmo-mobile//1
osmo-stp//1
virtphy//1
  Not ready: msc-test-stub//1
osmo-bsc//1
osmo-bts-virtual//1
osmo-hlr//1
osmo-mgw//1
osmo-mobile//1
osmo-stp//1
virtphy//1
  Not ready: msc-test-stub//1
osmo-mobile//1
  Not ready: osmo-mobile//1
  Not ready: osmo-mobile//1
  Not ready: osmo-mobile//1
  Not ready: osmo-mobile//1
[run-one] INFO  All Deployments ready.
[run-one] INFO  Waiting up to 300s for MS to camp on cell (MM_EVENT_CELL_SELECTED)...
[run-one] INFO  MS camped on cell.
[run-one] INFO  Waiting up to 60s for osmo-mobile VTY (port 4247)...
[run-one] INFO  osmo-mobile VTY ready.
[run-one] INFO  Waiting up to 120s for boot LU (BSC_SLR=0x000001) to clear...
[run-one] INFO  Boot LU CLEAR REQUEST seen — draining msc-stub event buffer...
msc-stub buffer drained
[run-one] INFO  MSC stub buffer drained — namespace ready for test.
[run-one] INFO  Running TC_26_7_4_1 as Job ttcn3-tc-26-7-4-1-1...
[run-one] PASS  TC_26_7_4_1: PASS
=====================================================
 TTCN-3 k8s Run Summary
 Namespace : tc-26-7-4-1-1
 Timestamp : 20260623-071637
=====================================================
  TC_26_7_4_1                              PASS
-----------------------------------------------------
  PASS: 1   FAIL: 0   INCONCLUSIVE: 0
=====================================================
[run-one] INFO  Done. Results: /work/gouri.naik/sampige-scaling-intern-2026/results/week05/run20260623-071306-N8/ns-1/TC_26_7_4_1
[run-one] INFO  Teardown: uninstalling Helm release tc-26-7-4-1-1...
release "tc-26-7-4-1-1" uninstalled
[run-one] INFO  Teardown: deleting namespace tc-26-7-4-1-1...
namespace "tc-26-7-4-1-1" deleted
{
  "namespaces": [
    {
      "namespace": "tc-26-7-4-1-1",
      "bringup_s": 40.083,
      "testing_s": 202.927,
      "teardown_s": 56.686,
      "total_s": 299.698,
      "verdicts": [
        {
          "tc_name": "TC_26_7_4_1",
          "verdict": "PASS"
        }
      ],
      "pass": 1,
      "fail": 0,
      "inconclusive": 0
    }
  ],
  "T_suite_s": 202.921,
  "N": 1,
  "pass": 1,
  "fail": 0,
  "inconclusive": 0,
  "test_durations": [
    {
      "namespace": "tc-26-7-4-1-1",
      "tc_name": "TC_26_7_4_1",
      "duration_s": 202.921,
      "verdict": "PASS"
    }
  ],
  "pods": {
    "total_restarts": 0,
    "oom_kills": 0
  },
  "S": null,
  "E": null
}
