2026/Jun/15 11:23:46.674502 EXECUTOR - TTCN-3 Host Controller started on ttcn3-tc-26-7-2-1-1-k2r97. Version: 11.1.0.
2026/Jun/15 11:23:46.674669 EXECUTOR - TTCN Logger v2.2 options: TimeStampFormat:=DateTime; LogEntityName:=No; LogEventTypes:=Yes; SourceInfoFormat:=Single; LogSensitiveData:=No; *.FileMask:=LOG_ALL; *.ConsoleMask:=ERROR | TESTCASE | USER | VERDICTOP | WARNING; LogFileSize:=0; LogFileNumber:=1; DiskFullAction:=Error
2026/Jun/15 11:23:46.674680 EXECUTOR - Maximum number of open file descriptors: 1048576,   FD_SETSIZE = 1024
2026/Jun/15 11:23:46.674865 WARNING - Warning: The address of MC was set to a local IP address. This may cause incorrect behavior if a HC from a remote host also connects to MC.
2026/Jun/15 11:23:46.674901 EXECUTOR - The address of MC was set to 127.0.0.1:0.
2026/Jun/15 11:23:46.675030 EXECUTOR - Connected to MC.
2026/Jun/15 11:23:46.675136 EXECUTOR - This host supports UNIX domain sockets for local communication.
2026/Jun/15 11:23:46.675395 EXECUTOR - Processing configuration data received from MC.
2026/Jun/15 11:23:46.675616 WARNING - Warning: Skeleton `/results/TC_26_7_2_1-2026-06-15-112345/%n.log' does not guarantee unique log file name for every test system process. It may cause unpredictable results if several test components try to write into the same log file.
2026/Jun/15 11:23:46.675937 EXECUTOR - Module GSM_Constants has the following parameters: { TSPC_Serv_TS11 := true, TSPC_Serv_TS61 := false, TSPC_Serv_TS62 := false, TSPC_Serv_BS21 := false, TSPC_Serv_BS22 := false, TSPC_Serv_BS24 := false, TSPC_Serv_BS25 := false, TSPC_Serv_BS26 := false, TSPC_Serv_BS31 := false, TSPC_Serv_BS32 := false, TSPC_Serv_BS33 := false, TSPC_Serv_BS34 := false, TSPC_Serv_BS41 := false, TSPC_Serv_BS42 := false, TSPC_Serv_BS43 := false, TSPC_Serv_BS44 := false, TSPC_Serv_BS45 := false, TSPC_Serv_BS51 := false, TSPC_Serv_BS61 := false, TSPC_Serv_BS81 := false, TSPC_DualRate := false, TSPC_MTsvc := true, TSPX_IMSI := '901700000000001F'O, TSPX_TMSI := '1914D97F'O, TSPX_CKSNDef := 0, TSPX_RANDDef := '00112233445566778899AABBCCDDEEFF'O, TSPX_SRES := '12345678'O, TSPX_Kc := '0000000000000000'O, TSPX_SDCCH4SubDef := 0, TSPX_TmSltDef := 0, TSPX_TscDef := 7, TSPX_TCHHSubDef := 0, TCV_CC := true, TSPX_Telephony_Rate := C_Full (0), TSPX_MOBscSvcA := C_Telephony (0), TSPX_MOBscSvcB := C_Telephony (0), TSPX_MOBscSvcC := C_Telephony (0), TSPX_MOBscSvcD := C_Telephony (0), TSPX_MOBscSvcE := C_Telephony (0), TSPX_MOBscSvcF := C_Telephony (0), TSPX_MOBscSvcG := C_Telephony (0), TSPX_MOChRateA := C_Full (0), TSPX_MOChRateB := C_Full (0), TSPX_MOChRateC := C_Full (0), TSPX_MOChRateD := C_Full (0), TSPX_MOChRateE := C_Full (0), TSPX_MOChRateF := C_Full (0), TSPX_MOChRateG := C_Full (0), TSPX_MTBscSvcA := C_Telephony (0), TSPX_MTBscSvcB := C_Telephony (0), TSPX_MTBscSvcC := C_Telephony (0), TSPX_MTBscSvcD := C_Telephony (0), TSPX_MTBscSvcE := C_Telephony (0), TSPX_MTBscSvcF := C_Telephony (0), TSPX_MTBscSvcG := C_Telephony (0), TSPX_MTBscSvcH := C_Telephony (0), TSPX_MTBscSvcI := C_Telephony (0), TSPX_MTBscSvcJ := C_Telephony (0), TSPX_MTChRateA := C_Full (0), TSPX_MTChRateB := C_Full (0), TSPX_MTChRateC := C_Full (0), TSPX_MTChRateD := C_Full (0), TSPX_MTChRateE := C_Full (0), TSPX_MTChRateF := C_Full (0), TSPX_MTChRateG := C_Full (0), TSPX_MTChRateH := C_Full (0), TSPX_MTChRateI := C_Full (0), TSPX_MTChRateJ := C_Full (0), C_arfcnA := 100 }
2026/Jun/15 11:23:46.676017 EXECUTOR - Module TC_26_6_1_2 has the following parameters: { TSPX_nPara := 3, TSPX_i1Para := 3, TSPX_kPara := 5, TSPX_i2Para := 1, TSPX_rPara := 4, TSPX_i3Para := 4 }
2026/Jun/15 11:23:46.676049 EXECUTOR - Initializing module GSM_Component_Definitions.
2026/Jun/15 11:23:46.676055 EXECUTOR GSM_Component_Definitions.ttcn3:0 Initializing module GSM_Templates.
2026/Jun/15 11:23:46.676073 EXECUTOR GSM_Templates.ttcn3:0 Initializing module GSM_Constants.
2026/Jun/15 11:23:46.676078 EXECUTOR GSM_Constants.ttcn3:0 Initializing module GSM_Types.
2026/Jun/15 11:23:46.676081 EXECUTOR GSM_Constants.ttcn3:0 Initialization of module GSM_Types finished.
2026/Jun/15 11:23:46.676084 EXECUTOR GSM_Templates.ttcn3:0 Initialization of module GSM_Constants finished.
2026/Jun/15 11:23:46.676154 EXECUTOR GSM_Component_Definitions.ttcn3:0 Initialization of module GSM_Templates finished.
2026/Jun/15 11:23:46.676157 EXECUTOR - Initialization of module GSM_Component_Definitions finished.
2026/Jun/15 11:23:46.676160 EXECUTOR - Initializing module GSM_Functions.
2026/Jun/15 11:23:46.676182 EXECUTOR - Initialization of module GSM_Functions finished.
2026/Jun/15 11:23:46.676184 EXECUTOR - Initializing module PreGenRecordOf.
2026/Jun/15 11:23:46.676187 EXECUTOR - Initialization of module PreGenRecordOf finished.
2026/Jun/15 11:23:46.676189 EXECUTOR - Initializing module TC_26_2_1_3.
2026/Jun/15 11:23:46.676193 EXECUTOR - Initialization of module TC_26_2_1_3 finished.
2026/Jun/15 11:23:46.676195 EXECUTOR - Initializing module TC_26_2_2.
2026/Jun/15 11:23:46.676199 EXECUTOR - Initialization of module TC_26_2_2 finished.
2026/Jun/15 11:23:46.676201 EXECUTOR - Initializing module TC_26_2_3.
2026/Jun/15 11:23:46.676205 EXECUTOR - Initialization of module TC_26_2_3 finished.
2026/Jun/15 11:23:46.676207 EXECUTOR - Initializing module TC_26_6_11_1.
2026/Jun/15 11:23:46.676211 EXECUTOR - Initialization of module TC_26_6_11_1 finished.
2026/Jun/15 11:23:46.676213 EXECUTOR - Initializing module TC_26_6_11_2.
2026/Jun/15 11:23:46.676217 EXECUTOR - Initialization of module TC_26_6_11_2 finished.
2026/Jun/15 11:23:46.676219 EXECUTOR - Initializing module TC_26_6_12_1.
2026/Jun/15 11:23:46.676223 EXECUTOR - Initialization of module TC_26_6_12_1 finished.
2026/Jun/15 11:23:46.676225 EXECUTOR - Initializing module TC_26_6_12_2.
2026/Jun/15 11:23:46.676229 EXECUTOR - Initialization of module TC_26_6_12_2 finished.
2026/Jun/15 11:23:46.676231 EXECUTOR - Initializing module TC_26_6_12_3.
2026/Jun/15 11:23:46.676235 EXECUTOR - Initialization of module TC_26_6_12_3 finished.
2026/Jun/15 11:23:46.676237 EXECUTOR - Initializing module TC_26_6_12_4.
2026/Jun/15 11:23:46.676241 EXECUTOR - Initialization of module TC_26_6_12_4 finished.
2026/Jun/15 11:23:46.676243 EXECUTOR - Initializing module TC_26_6_13_10.
2026/Jun/15 11:23:46.676246 EXECUTOR - Initialization of module TC_26_6_13_10 finished.
2026/Jun/15 11:23:46.676249 EXECUTOR - Initializing module TC_26_6_13_9.
2026/Jun/15 11:23:46.676252 EXECUTOR - Initialization of module TC_26_6_13_9 finished.
2026/Jun/15 11:23:46.676254 EXECUTOR - Initializing module TC_26_6_1_1.
2026/Jun/15 11:23:46.676258 EXECUTOR - Initialization of module TC_26_6_1_1 finished.
2026/Jun/15 11:23:46.676260 EXECUTOR - Initializing module TC_26_6_1_2.
2026/Jun/15 11:23:46.676264 EXECUTOR - Initialization of module TC_26_6_1_2 finished.
2026/Jun/15 11:23:46.676266 EXECUTOR - Initializing module TC_26_6_1_3.
2026/Jun/15 11:23:46.676270 EXECUTOR - Initialization of module TC_26_6_1_3 finished.
2026/Jun/15 11:23:46.676272 EXECUTOR - Initializing module TC_26_6_1_4.
2026/Jun/15 11:23:46.676276 EXECUTOR - Initialization of module TC_26_6_1_4 finished.
2026/Jun/15 11:23:46.676278 EXECUTOR - Initializing module TC_26_6_1_5.
2026/Jun/15 11:23:46.676282 EXECUTOR - Initialization of module TC_26_6_1_5 finished.
2026/Jun/15 11:23:46.676284 EXECUTOR - Initializing module TC_26_6_2_1_1.
2026/Jun/15 11:23:46.676288 EXECUTOR - Initialization of module TC_26_6_2_1_1 finished.
2026/Jun/15 11:23:46.676290 EXECUTOR - Initializing module TC_26_6_2_1_2.
2026/Jun/15 11:23:46.676294 EXECUTOR - Initialization of module TC_26_6_2_1_2 finished.
2026/Jun/15 11:23:46.676296 EXECUTOR - Initializing module TC_26_6_2_1_3.
2026/Jun/15 11:23:46.676300 EXECUTOR - Initialization of module TC_26_6_2_1_3 finished.
2026/Jun/15 11:23:46.676302 EXECUTOR - Initializing module TC_26_6_2_2.
2026/Jun/15 11:23:46.676305 EXECUTOR - Initialization of module TC_26_6_2_2 finished.
2026/Jun/15 11:23:46.676307 EXECUTOR - Initializing module TC_26_6_2_3_1.
2026/Jun/15 11:23:46.676311 EXECUTOR - Initialization of module TC_26_6_2_3_1 finished.
2026/Jun/15 11:23:46.676313 EXECUTOR - Initializing module TC_26_6_2_3_2.
2026/Jun/15 11:23:46.676317 EXECUTOR - Initialization of module TC_26_6_2_3_2 finished.
2026/Jun/15 11:23:46.676322 EXECUTOR - Initializing module TC_26_6_2_4.
2026/Jun/15 11:23:46.676327 EXECUTOR - Initialization of module TC_26_6_2_4 finished.
2026/Jun/15 11:23:46.676329 EXECUTOR - Initializing module TC_26_6_3_1.
2026/Jun/15 11:23:46.676333 EXECUTOR - Initialization of module TC_26_6_3_1 finished.
2026/Jun/15 11:23:46.676335 EXECUTOR - Initializing module TC_26_6_3_4.
2026/Jun/15 11:23:46.676339 EXECUTOR - Initialization of module TC_26_6_3_4 finished.
2026/Jun/15 11:23:46.676341 EXECUTOR - Initializing module TC_26_6_4_1.
2026/Jun/15 11:23:46.676345 EXECUTOR - Initialization of module TC_26_6_4_1 finished.
2026/Jun/15 11:23:46.676347 EXECUTOR - Initializing module TC_26_6_4_2_2.
2026/Jun/15 11:23:46.676351 EXECUTOR - Initialization of module TC_26_6_4_2_2 finished.
2026/Jun/15 11:23:46.676353 EXECUTOR - Initializing module TC_26_6_5_1.
2026/Jun/15 11:23:46.676357 EXECUTOR - Initialization of module TC_26_6_5_1 finished.
2026/Jun/15 11:23:46.676359 EXECUTOR - Initializing module TC_26_6_5_2_1.
2026/Jun/15 11:23:46.676362 EXECUTOR - Initialization of module TC_26_6_5_2_1 finished.
2026/Jun/15 11:23:46.676364 EXECUTOR - Initializing module TC_26_6_8_1.
2026/Jun/15 11:23:46.676368 EXECUTOR - Initialization of module TC_26_6_8_1 finished.
2026/Jun/15 11:23:46.676370 EXECUTOR - Initializing module TC_26_6_8_2.
2026/Jun/15 11:23:46.676374 EXECUTOR - Initialization of module TC_26_6_8_2 finished.
2026/Jun/15 11:23:46.676376 EXECUTOR - Initializing module TC_26_6_8_3.
2026/Jun/15 11:23:46.676380 EXECUTOR - Initialization of module TC_26_6_8_3 finished.
2026/Jun/15 11:23:46.676382 EXECUTOR - Initializing module TC_26_6_8_4.
2026/Jun/15 11:23:46.676386 EXECUTOR - Initialization of module TC_26_6_8_4 finished.
2026/Jun/15 11:23:46.676388 EXECUTOR - Initializing module TC_26_6_8_5.
2026/Jun/15 11:23:46.676392 EXECUTOR - Initialization of module TC_26_6_8_5 finished.
2026/Jun/15 11:23:46.676394 EXECUTOR - Initializing module TC_26_7_1.
2026/Jun/15 11:23:46.676398 EXECUTOR - Initialization of module TC_26_7_1 finished.
2026/Jun/15 11:23:46.676400 EXECUTOR - Initializing module TC_26_7_2_1.
2026/Jun/15 11:23:46.676404 EXECUTOR - Initialization of module TC_26_7_2_1 finished.
2026/Jun/15 11:23:46.676406 EXECUTOR - Initializing module TC_26_7_2_2.
2026/Jun/15 11:23:46.676410 EXECUTOR - Initialization of module TC_26_7_2_2 finished.
2026/Jun/15 11:23:46.676412 EXECUTOR - Initializing module TC_26_7_3_1.
2026/Jun/15 11:23:46.676416 EXECUTOR - Initialization of module TC_26_7_3_1 finished.
2026/Jun/15 11:23:46.676418 EXECUTOR - Initializing module TC_26_7_3_2.
2026/Jun/15 11:23:46.676422 EXECUTOR - Initialization of module TC_26_7_3_2 finished.
2026/Jun/15 11:23:46.676424 EXECUTOR - Initializing module TC_26_7_4_1.
2026/Jun/15 11:23:46.676428 EXECUTOR - Initialization of module TC_26_7_4_1 finished.
2026/Jun/15 11:23:46.676430 EXECUTOR - Initializing module TC_26_7_4_2_1.
2026/Jun/15 11:23:46.676434 EXECUTOR - Initialization of module TC_26_7_4_2_1 finished.
2026/Jun/15 11:23:46.676436 EXECUTOR - Initializing module TC_26_7_4_2_2_1.
2026/Jun/15 11:23:46.676440 EXECUTOR - Initialization of module TC_26_7_4_2_2_1 finished.
2026/Jun/15 11:23:46.676442 EXECUTOR - Initializing module TC_26_7_4_2_2_2.
2026/Jun/15 11:23:46.676446 EXECUTOR - Initialization of module TC_26_7_4_2_2_2 finished.
2026/Jun/15 11:23:46.676448 EXECUTOR - Initializing module TC_26_7_4_2_3.
2026/Jun/15 11:23:46.676452 EXECUTOR - Initialization of module TC_26_7_4_2_3 finished.
2026/Jun/15 11:23:46.676454 EXECUTOR - Initializing module TC_26_7_4_2_4_1.
2026/Jun/15 11:23:46.676457 EXECUTOR - Initialization of module TC_26_7_4_2_4_1 finished.
2026/Jun/15 11:23:46.676459 EXECUTOR - Initializing module TC_26_7_4_2_4_2.
2026/Jun/15 11:23:46.676463 EXECUTOR - Initialization of module TC_26_7_4_2_4_2 finished.
2026/Jun/15 11:23:46.676465 EXECUTOR - Initializing module TC_26_7_4_2_4_3.
2026/Jun/15 11:23:46.676469 EXECUTOR - Initialization of module TC_26_7_4_2_4_3 finished.
2026/Jun/15 11:23:46.676471 EXECUTOR - Initializing module TC_26_7_4_2_4_4.
2026/Jun/15 11:23:46.676478 EXECUTOR - Initialization of module TC_26_7_4_2_4_4 finished.
2026/Jun/15 11:23:46.676480 EXECUTOR - Initializing module TC_26_7_4_2_4_5.
2026/Jun/15 11:23:46.676484 EXECUTOR - Initialization of module TC_26_7_4_2_4_5 finished.
2026/Jun/15 11:23:46.676486 EXECUTOR - Initializing module TC_26_7_4_3_1.
2026/Jun/15 11:23:46.676490 EXECUTOR - Initialization of module TC_26_7_4_3_1 finished.
2026/Jun/15 11:23:46.676492 EXECUTOR - Initializing module TC_26_7_4_3_2.
2026/Jun/15 11:23:46.676496 EXECUTOR - Initialization of module TC_26_7_4_3_2 finished.
2026/Jun/15 11:23:46.676498 EXECUTOR - Initializing module TC_26_7_4_3_3.
2026/Jun/15 11:23:46.676502 EXECUTOR - Initialization of module TC_26_7_4_3_3 finished.
2026/Jun/15 11:23:46.676505 EXECUTOR - Initializing module TC_26_7_4_3_4.
2026/Jun/15 11:23:46.676509 EXECUTOR - Initialization of module TC_26_7_4_3_4 finished.
2026/Jun/15 11:23:46.676511 EXECUTOR - Initializing module TC_26_7_4_4.
2026/Jun/15 11:23:46.676515 EXECUTOR - Initialization of module TC_26_7_4_4 finished.
2026/Jun/15 11:23:46.676517 EXECUTOR - Initializing module TC_26_7_4_5_1.
2026/Jun/15 11:23:46.676521 EXECUTOR - Initialization of module TC_26_7_4_5_1 finished.
2026/Jun/15 11:23:46.676523 EXECUTOR - Initializing module TC_26_7_4_5_2.
2026/Jun/15 11:23:46.676527 EXECUTOR - Initialization of module TC_26_7_4_5_2 finished.
2026/Jun/15 11:23:46.676529 EXECUTOR - Initializing module TC_26_7_4_5_3.
2026/Jun/15 11:23:46.676532 EXECUTOR - Initialization of module TC_26_7_4_5_3 finished.
2026/Jun/15 11:23:46.676534 EXECUTOR - Initializing module TC_26_7_4_5_4_2.
2026/Jun/15 11:23:46.676538 EXECUTOR - Initialization of module TC_26_7_4_5_4_2 finished.
2026/Jun/15 11:23:46.676540 EXECUTOR - Initializing module TC_26_7_5_2.
2026/Jun/15 11:23:46.676544 EXECUTOR - Initialization of module TC_26_7_5_2 finished.
2026/Jun/15 11:23:46.676546 EXECUTOR - Initializing module TC_26_7_5_3.
2026/Jun/15 11:23:46.676550 EXECUTOR - Initialization of module TC_26_7_5_3 finished.
2026/Jun/15 11:23:46.676552 EXECUTOR - Initializing module TC_26_7_5_4.
2026/Jun/15 11:23:46.676557 EXECUTOR - Initialization of module TC_26_7_5_4 finished.
2026/Jun/15 11:23:46.676559 EXECUTOR - Initializing module TC_26_7_5_5.
2026/Jun/15 11:23:46.676563 EXECUTOR - Initialization of module TC_26_7_5_5 finished.
2026/Jun/15 11:23:46.676565 EXECUTOR - Initializing module TC_26_7_5_6.
2026/Jun/15 11:23:46.676570 EXECUTOR - Initialization of module TC_26_7_5_6 finished.
2026/Jun/15 11:23:46.676572 EXECUTOR - Initializing module TC_26_7_5_7_1.
2026/Jun/15 11:23:46.676576 EXECUTOR - Initialization of module TC_26_7_5_7_1 finished.
2026/Jun/15 11:23:46.676578 EXECUTOR - Initializing module TC_26_7_5_8_1.
2026/Jun/15 11:23:46.676582 EXECUTOR - Initialization of module TC_26_7_5_8_1 finished.
2026/Jun/15 11:23:46.676584 EXECUTOR - Initializing module TC_26_7_5_8_2.
2026/Jun/15 11:23:46.676588 EXECUTOR - Initialization of module TC_26_7_5_8_2 finished.
2026/Jun/15 11:23:46.676590 EXECUTOR - Initializing module TC_26_7_5_8_3.
2026/Jun/15 11:23:46.676594 EXECUTOR - Initialization of module TC_26_7_5_8_3 finished.
2026/Jun/15 11:23:46.676596 EXECUTOR - Initializing module TC_26_8_1_2_1_1.
2026/Jun/15 11:23:46.676600 EXECUTOR - Initialization of module TC_26_8_1_2_1_1 finished.
2026/Jun/15 11:23:46.676602 EXECUTOR - Initializing module TC_26_8_1_2_2_1.
2026/Jun/15 11:23:46.676605 EXECUTOR - Initialization of module TC_26_8_1_2_2_1 finished.
2026/Jun/15 11:23:46.676607 EXECUTOR - Initializing module TC_26_8_1_2_2_2.
2026/Jun/15 11:23:46.676611 EXECUTOR - Initialization of module TC_26_8_1_2_2_2 finished.
2026/Jun/15 11:23:46.676613 EXECUTOR - Initializing module TC_26_8_1_2_2_3.
2026/Jun/15 11:23:46.676617 EXECUTOR - Initialization of module TC_26_8_1_2_2_3 finished.
2026/Jun/15 11:23:46.676619 EXECUTOR - Initializing module TC_26_8_1_2_3_1.
2026/Jun/15 11:23:46.676623 EXECUTOR - Initialization of module TC_26_8_1_2_3_1 finished.
2026/Jun/15 11:23:46.676625 EXECUTOR - Initializing module TC_26_8_1_2_3_2.
2026/Jun/15 11:23:46.676629 EXECUTOR - Initialization of module TC_26_8_1_2_3_2 finished.
2026/Jun/15 11:23:46.676634 EXECUTOR - Initializing module TC_26_8_1_2_3_3.
2026/Jun/15 11:23:46.676638 EXECUTOR - Initialization of module TC_26_8_1_2_3_3 finished.
2026/Jun/15 11:23:46.676640 EXECUTOR - Initializing module TC_26_8_1_2_3_4.
2026/Jun/15 11:23:46.676644 EXECUTOR - Initialization of module TC_26_8_1_2_3_4 finished.
2026/Jun/15 11:23:46.676646 EXECUTOR - Initializing module TC_26_8_1_2_3_5.
2026/Jun/15 11:23:46.676650 EXECUTOR - Initialization of module TC_26_8_1_2_3_5 finished.
2026/Jun/15 11:23:46.676653 EXECUTOR - Initializing module TC_26_8_1_2_3_6.
2026/Jun/15 11:23:46.676657 EXECUTOR - Initialization of module TC_26_8_1_2_3_6 finished.
2026/Jun/15 11:23:46.676659 EXECUTOR - Initializing module TC_26_8_1_2_3_7.
2026/Jun/15 11:23:46.676663 EXECUTOR - Initialization of module TC_26_8_1_2_3_7 finished.
2026/Jun/15 11:23:46.676665 EXECUTOR - Initializing module TC_26_8_1_2_4_1.
2026/Jun/15 11:23:46.676669 EXECUTOR - Initialization of module TC_26_8_1_2_4_1 finished.
2026/Jun/15 11:23:46.676671 EXECUTOR - Initializing module TC_26_8_1_2_4_13.
2026/Jun/15 11:23:46.676675 EXECUTOR - Initialization of module TC_26_8_1_2_4_13 finished.
2026/Jun/15 11:23:46.676677 EXECUTOR - Initializing module TC_26_8_1_2_4_2.
2026/Jun/15 11:23:46.676681 EXECUTOR - Initialization of module TC_26_8_1_2_4_2 finished.
2026/Jun/15 11:23:46.676683 EXECUTOR - Initializing module TC_26_8_1_2_4_3.
2026/Jun/15 11:23:46.676687 EXECUTOR - Initialization of module TC_26_8_1_2_4_3 finished.
2026/Jun/15 11:23:46.676689 EXECUTOR - Initializing module TC_26_8_1_2_4_4.
2026/Jun/15 11:23:46.676693 EXECUTOR - Initialization of module TC_26_8_1_2_4_4 finished.
2026/Jun/15 11:23:46.676695 EXECUTOR - Initializing module TC_26_8_1_2_4_5.
2026/Jun/15 11:23:46.676699 EXECUTOR - Initialization of module TC_26_8_1_2_4_5 finished.
2026/Jun/15 11:23:46.676701 EXECUTOR - Initializing module TC_26_8_1_2_6_1.
2026/Jun/15 11:23:46.676705 EXECUTOR - Initialization of module TC_26_8_1_2_6_1 finished.
2026/Jun/15 11:23:46.676707 EXECUTOR - Initializing module TC_26_8_1_2_6_2.
2026/Jun/15 11:23:46.676712 EXECUTOR - Initialization of module TC_26_8_1_2_6_2 finished.
2026/Jun/15 11:23:46.676714 EXECUTOR - Initializing module TC_26_8_1_2_6_3.
2026/Jun/15 11:23:46.676718 EXECUTOR - Initialization of module TC_26_8_1_2_6_3 finished.
2026/Jun/15 11:23:46.676720 EXECUTOR - Initializing module TC_26_8_1_2_6_6.
2026/Jun/15 11:23:46.676724 EXECUTOR - Initialization of module TC_26_8_1_2_6_6 finished.
2026/Jun/15 11:23:46.676726 EXECUTOR - Initializing module TC_26_8_1_3_1_1.
2026/Jun/15 11:23:46.676730 EXECUTOR - Initialization of module TC_26_8_1_3_1_1 finished.
2026/Jun/15 11:23:46.676732 EXECUTOR - Initializing module TC_26_8_1_3_2_1.
2026/Jun/15 11:23:46.676736 EXECUTOR - Initialization of module TC_26_8_1_3_2_1 finished.
2026/Jun/15 11:23:46.676738 EXECUTOR - Initializing module TC_26_8_1_3_3_1.
2026/Jun/15 11:23:46.676742 EXECUTOR - Initialization of module TC_26_8_1_3_3_1 finished.
2026/Jun/15 11:23:46.676744 EXECUTOR - Initializing module TC_26_8_1_3_3_2.
2026/Jun/15 11:23:46.676748 EXECUTOR - Initialization of module TC_26_8_1_3_3_2 finished.
2026/Jun/15 11:23:46.676750 EXECUTOR - Initializing module TC_26_8_1_3_3_3.
2026/Jun/15 11:23:46.676754 EXECUTOR - Initialization of module TC_26_8_1_3_3_3 finished.
2026/Jun/15 11:23:46.676756 EXECUTOR - Initializing module TC_26_8_1_3_3_4.
2026/Jun/15 11:23:46.676760 EXECUTOR - Initialization of module TC_26_8_1_3_3_4 finished.
2026/Jun/15 11:23:46.676762 EXECUTOR - Initializing module TC_26_8_1_3_3_5.
2026/Jun/15 11:23:46.676766 EXECUTOR - Initialization of module TC_26_8_1_3_3_5 finished.
2026/Jun/15 11:23:46.676768 EXECUTOR - Initializing module TC_26_8_1_3_3_6.
2026/Jun/15 11:23:46.676773 EXECUTOR - Initialization of module TC_26_8_1_3_3_6 finished.
2026/Jun/15 11:23:46.676775 EXECUTOR - Initializing module TC_26_8_1_3_3_7.
2026/Jun/15 11:23:46.676779 EXECUTOR - Initialization of module TC_26_8_1_3_3_7 finished.
2026/Jun/15 11:23:46.676781 EXECUTOR - Initializing module TC_26_8_1_3_4_1.
2026/Jun/15 11:23:46.676787 EXECUTOR - Initialization of module TC_26_8_1_3_4_1 finished.
2026/Jun/15 11:23:46.676789 EXECUTOR - Initializing module TC_26_8_1_3_4_2.
2026/Jun/15 11:23:46.676793 EXECUTOR - Initialization of module TC_26_8_1_3_4_2 finished.
2026/Jun/15 11:23:46.676795 EXECUTOR - Initializing module TC_26_8_1_3_4_3.
2026/Jun/15 11:23:46.676800 EXECUTOR - Initialization of module TC_26_8_1_3_4_3 finished.
2026/Jun/15 11:23:46.676802 EXECUTOR - Initializing module TC_26_8_1_3_4_4.
2026/Jun/15 11:23:46.676806 EXECUTOR - Initialization of module TC_26_8_1_3_4_4 finished.
2026/Jun/15 11:23:46.676808 EXECUTOR - Initializing module TC_26_8_1_3_4_5.
2026/Jun/15 11:23:46.676812 EXECUTOR - Initialization of module TC_26_8_1_3_4_5 finished.
2026/Jun/15 11:23:46.676814 EXECUTOR - Initializing module TC_26_8_1_3_4_6.
2026/Jun/15 11:23:46.676818 EXECUTOR - Initialization of module TC_26_8_1_3_4_6 finished.
2026/Jun/15 11:23:46.676830 EXECUTOR - Initializing module TC_26_8_1_3_4_7.
2026/Jun/15 11:23:46.676838 EXECUTOR - Initialization of module TC_26_8_1_3_4_7 finished.
2026/Jun/15 11:23:46.676840 EXECUTOR - Initializing module TC_26_8_1_3_4_8.
2026/Jun/15 11:23:46.676844 EXECUTOR - Initialization of module TC_26_8_1_3_4_8 finished.
2026/Jun/15 11:23:46.676846 EXECUTOR - Initializing module TC_26_8_1_3_5_1.
2026/Jun/15 11:23:46.676850 EXECUTOR - Initialization of module TC_26_8_1_3_5_1 finished.
2026/Jun/15 11:23:46.676852 EXECUTOR - Initializing module TC_26_8_1_3_5_2.
2026/Jun/15 11:23:46.676856 EXECUTOR - Initialization of module TC_26_8_1_3_5_2 finished.
2026/Jun/15 11:23:46.676859 EXECUTOR - Initializing module TC_26_8_1_3_5_3.
2026/Jun/15 11:23:46.676863 EXECUTOR - Initialization of module TC_26_8_1_3_5_3 finished.
2026/Jun/15 11:23:46.676865 EXECUTOR - Initializing module TC_26_8_1_3_5_4.
2026/Jun/15 11:23:46.676869 EXECUTOR - Initialization of module TC_26_8_1_3_5_4 finished.
2026/Jun/15 11:23:46.676871 EXECUTOR - Initializing module TC_26_8_1_3_5_5.
2026/Jun/15 11:23:46.676875 EXECUTOR - Initialization of module TC_26_8_1_3_5_5 finished.
2026/Jun/15 11:23:46.676877 EXECUTOR - Initializing module TC_26_8_1_3_5_6.
2026/Jun/15 11:23:46.676881 EXECUTOR - Initialization of module TC_26_8_1_3_5_6 finished.
2026/Jun/15 11:23:46.676883 EXECUTOR - Initializing module TC_26_8_1_3_5_7.
2026/Jun/15 11:23:46.676887 EXECUTOR - Initialization of module TC_26_8_1_3_5_7 finished.
2026/Jun/15 11:23:46.676889 EXECUTOR - Initializing module TC_26_8_1_3_5_8.
2026/Jun/15 11:23:46.676893 EXECUTOR - Initialization of module TC_26_8_1_3_5_8 finished.
2026/Jun/15 11:23:46.676895 EXECUTOR - Initializing module TC_26_8_1_3_5_9.
2026/Jun/15 11:23:46.676899 EXECUTOR - Initialization of module TC_26_8_1_3_5_9 finished.
2026/Jun/15 11:23:46.676901 EXECUTOR - Initializing module TC_26_8_2_1.
2026/Jun/15 11:23:46.676905 EXECUTOR - Initialization of module TC_26_8_2_1 finished.
2026/Jun/15 11:23:46.676908 EXECUTOR - Initializing module TC_26_8_2_2.
2026/Jun/15 11:23:46.676912 EXECUTOR - Initialization of module TC_26_8_2_2 finished.
2026/Jun/15 11:23:46.676914 EXECUTOR - Initializing module TC_26_8_2_3.
2026/Jun/15 11:23:46.676918 EXECUTOR - Initialization of module TC_26_8_2_3 finished.
2026/Jun/15 11:23:46.676920 EXECUTOR - Initializing module TC_26_8_3.
2026/Jun/15 11:23:46.676924 EXECUTOR - Initialization of module TC_26_8_3 finished.
2026/Jun/15 11:23:46.676926 EXECUTOR - Initializing module TC_34_2_2.
2026/Jun/15 11:23:46.676930 EXECUTOR - Initialization of module TC_34_2_2 finished.
2026/Jun/15 11:23:46.676932 EXECUTOR - Initializing module TitanLoggerApi.
2026/Jun/15 11:23:46.676934 EXECUTOR - Initialization of module TitanLoggerApi finished.
2026/Jun/15 11:23:46.676936 EXECUTOR - Initializing module TitanLoggerControl.
2026/Jun/15 11:23:46.676938 EXECUTOR - Initialization of module TitanLoggerControl finished.
2026/Jun/15 11:23:46.676954 EXECUTOR - Configuration data was processed successfully.
2026/Jun/15 11:23:46.678236 EXECUTOR - MTC was created. Process id: 39.
2026/Jun/15 11:25:12.270365 EXECUTOR - Exit was requested from MC. Terminating HC.
2026/Jun/15 11:25:12.270595 EXECUTOR - Disconnected from MC.
2026/Jun/15 11:25:12.270645 EXECUTOR - TTCN-3 Host Controller finished.
