2026/Jun/15 13:42:26.941035 EXECUTOR - TTCN-3 Host Controller started on ttcn3-tc-34-2-2-1-4hzl6. Version: 11.1.0.
2026/Jun/15 13:42:26.941193 EXECUTOR - TTCN Logger v2.2 options: TimeStampFormat:=DateTime; LogEntityName:=No; LogEventTypes:=Yes; SourceInfoFormat:=Single; LogSensitiveData:=No; *.FileMask:=LOG_ALL; *.ConsoleMask:=ERROR | TESTCASE | USER | VERDICTOP | WARNING; LogFileSize:=0; LogFileNumber:=1; DiskFullAction:=Error
2026/Jun/15 13:42:26.941205 EXECUTOR - Maximum number of open file descriptors: 1048576,   FD_SETSIZE = 1024
2026/Jun/15 13:42:26.941337 WARNING - Warning: The address of MC was set to a local IP address. This may cause incorrect behavior if a HC from a remote host also connects to MC.
2026/Jun/15 13:42:26.941373 EXECUTOR - The address of MC was set to 127.0.0.1:0.
2026/Jun/15 13:42:26.941490 EXECUTOR - Connected to MC.
2026/Jun/15 13:42:26.941597 EXECUTOR - This host supports UNIX domain sockets for local communication.
2026/Jun/15 13:42:26.941763 EXECUTOR - Processing configuration data received from MC.
2026/Jun/15 13:42:26.942007 WARNING - Warning: Skeleton `/results/TC_34_2_2-2026-06-15-134225/%n.log' does not guarantee unique log file name for every test system process. It may cause unpredictable results if several test components try to write into the same log file.
2026/Jun/15 13:42:27.036028 EXECUTOR - Module GSM_Constants has the following parameters: { TSPC_Serv_TS11 := true, TSPC_Serv_TS61 := false, TSPC_Serv_TS62 := false, TSPC_Serv_BS21 := false, TSPC_Serv_BS22 := false, TSPC_Serv_BS24 := false, TSPC_Serv_BS25 := false, TSPC_Serv_BS26 := false, TSPC_Serv_BS31 := false, TSPC_Serv_BS32 := false, TSPC_Serv_BS33 := false, TSPC_Serv_BS34 := false, TSPC_Serv_BS41 := false, TSPC_Serv_BS42 := false, TSPC_Serv_BS43 := false, TSPC_Serv_BS44 := false, TSPC_Serv_BS45 := false, TSPC_Serv_BS51 := false, TSPC_Serv_BS61 := false, TSPC_Serv_BS81 := false, TSPC_DualRate := false, TSPC_MTsvc := true, TSPX_IMSI := '901700000000001F'O, TSPX_TMSI := '1914D97F'O, TSPX_CKSNDef := 0, TSPX_RANDDef := '00112233445566778899AABBCCDDEEFF'O, TSPX_SRES := '12345678'O, TSPX_Kc := '0000000000000000'O, TSPX_SDCCH4SubDef := 0, TSPX_TmSltDef := 0, TSPX_TscDef := 7, TSPX_TCHHSubDef := 0, TCV_CC := true, TSPX_Telephony_Rate := C_Full (0), TSPX_MOBscSvcA := C_Telephony (0), TSPX_MOBscSvcB := C_Telephony (0), TSPX_MOBscSvcC := C_Telephony (0), TSPX_MOBscSvcD := C_Telephony (0), TSPX_MOBscSvcE := C_Telephony (0), TSPX_MOBscSvcF := C_Telephony (0), TSPX_MOBscSvcG := C_Telephony (0), TSPX_MOChRateA := C_Full (0), TSPX_MOChRateB := C_Full (0), TSPX_MOChRateC := C_Full (0), TSPX_MOChRateD := C_Full (0), TSPX_MOChRateE := C_Full (0), TSPX_MOChRateF := C_Full (0), TSPX_MOChRateG := C_Full (0), TSPX_MTBscSvcA := C_Telephony (0), TSPX_MTBscSvcB := C_Telephony (0), TSPX_MTBscSvcC := C_Telephony (0), TSPX_MTBscSvcD := C_Telephony (0), TSPX_MTBscSvcE := C_Telephony (0), TSPX_MTBscSvcF := C_Telephony (0), TSPX_MTBscSvcG := C_Telephony (0), TSPX_MTBscSvcH := C_Telephony (0), TSPX_MTBscSvcI := C_Telephony (0), TSPX_MTBscSvcJ := C_Telephony (0), TSPX_MTChRateA := C_Full (0), TSPX_MTChRateB := C_Full (0), TSPX_MTChRateC := C_Full (0), TSPX_MTChRateD := C_Full (0), TSPX_MTChRateE := C_Full (0), TSPX_MTChRateF := C_Full (0), TSPX_MTChRateG := C_Full (0), TSPX_MTChRateH := C_Full (0), TSPX_MTChRateI := C_Full (0), TSPX_MTChRateJ := C_Full (0), C_arfcnA := 100 }
2026/Jun/15 13:42:27.036123 EXECUTOR - Module TC_26_6_1_2 has the following parameters: { TSPX_nPara := 3, TSPX_i1Para := 3, TSPX_kPara := 5, TSPX_i2Para := 1, TSPX_rPara := 4, TSPX_i3Para := 4 }
2026/Jun/15 13:42:27.036163 EXECUTOR - Initializing module GSM_Component_Definitions.
2026/Jun/15 13:42:27.036172 EXECUTOR GSM_Component_Definitions.ttcn3:0 Initializing module GSM_Templates.
2026/Jun/15 13:42:27.036192 EXECUTOR GSM_Templates.ttcn3:0 Initializing module GSM_Constants.
2026/Jun/15 13:42:27.036199 EXECUTOR GSM_Constants.ttcn3:0 Initializing module GSM_Types.
2026/Jun/15 13:42:27.036203 EXECUTOR GSM_Constants.ttcn3:0 Initialization of module GSM_Types finished.
2026/Jun/15 13:42:27.036207 EXECUTOR GSM_Templates.ttcn3:0 Initialization of module GSM_Constants finished.
2026/Jun/15 13:42:27.036283 EXECUTOR GSM_Component_Definitions.ttcn3:0 Initialization of module GSM_Templates finished.
2026/Jun/15 13:42:27.036289 EXECUTOR - Initialization of module GSM_Component_Definitions finished.
2026/Jun/15 13:42:27.036292 EXECUTOR - Initializing module GSM_Functions.
2026/Jun/15 13:42:27.036317 EXECUTOR - Initialization of module GSM_Functions finished.
2026/Jun/15 13:42:27.036321 EXECUTOR - Initializing module PreGenRecordOf.
2026/Jun/15 13:42:27.036324 EXECUTOR - Initialization of module PreGenRecordOf finished.
2026/Jun/15 13:42:27.036327 EXECUTOR - Initializing module TC_26_2_1_3.
2026/Jun/15 13:42:27.036332 EXECUTOR - Initialization of module TC_26_2_1_3 finished.
2026/Jun/15 13:42:27.036335 EXECUTOR - Initializing module TC_26_2_2.
2026/Jun/15 13:42:27.036341 EXECUTOR - Initialization of module TC_26_2_2 finished.
2026/Jun/15 13:42:27.036344 EXECUTOR - Initializing module TC_26_2_3.
2026/Jun/15 13:42:27.036349 EXECUTOR - Initialization of module TC_26_2_3 finished.
2026/Jun/15 13:42:27.036352 EXECUTOR - Initializing module TC_26_6_11_1.
2026/Jun/15 13:42:27.036358 EXECUTOR - Initialization of module TC_26_6_11_1 finished.
2026/Jun/15 13:42:27.036362 EXECUTOR - Initializing module TC_26_6_11_2.
2026/Jun/15 13:42:27.036367 EXECUTOR - Initialization of module TC_26_6_11_2 finished.
2026/Jun/15 13:42:27.036370 EXECUTOR - Initializing module TC_26_6_12_1.
2026/Jun/15 13:42:27.036375 EXECUTOR - Initialization of module TC_26_6_12_1 finished.
2026/Jun/15 13:42:27.036378 EXECUTOR - Initializing module TC_26_6_12_2.
2026/Jun/15 13:42:27.036384 EXECUTOR - Initialization of module TC_26_6_12_2 finished.
2026/Jun/15 13:42:27.036387 EXECUTOR - Initializing module TC_26_6_12_3.
2026/Jun/15 13:42:27.036393 EXECUTOR - Initialization of module TC_26_6_12_3 finished.
2026/Jun/15 13:42:27.036396 EXECUTOR - Initializing module TC_26_6_12_4.
2026/Jun/15 13:42:27.036402 EXECUTOR - Initialization of module TC_26_6_12_4 finished.
2026/Jun/15 13:42:27.036405 EXECUTOR - Initializing module TC_26_6_13_10.
2026/Jun/15 13:42:27.036411 EXECUTOR - Initialization of module TC_26_6_13_10 finished.
2026/Jun/15 13:42:27.036414 EXECUTOR - Initializing module TC_26_6_13_9.
2026/Jun/15 13:42:27.036420 EXECUTOR - Initialization of module TC_26_6_13_9 finished.
2026/Jun/15 13:42:27.036423 EXECUTOR - Initializing module TC_26_6_1_1.
2026/Jun/15 13:42:27.036429 EXECUTOR - Initialization of module TC_26_6_1_1 finished.
2026/Jun/15 13:42:27.036432 EXECUTOR - Initializing module TC_26_6_1_2.
2026/Jun/15 13:42:27.036437 EXECUTOR - Initialization of module TC_26_6_1_2 finished.
2026/Jun/15 13:42:27.036440 EXECUTOR - Initializing module TC_26_6_1_3.
2026/Jun/15 13:42:27.036446 EXECUTOR - Initialization of module TC_26_6_1_3 finished.
2026/Jun/15 13:42:27.036449 EXECUTOR - Initializing module TC_26_6_1_4.
2026/Jun/15 13:42:27.036455 EXECUTOR - Initialization of module TC_26_6_1_4 finished.
2026/Jun/15 13:42:27.036458 EXECUTOR - Initializing module TC_26_6_1_5.
2026/Jun/15 13:42:27.036464 EXECUTOR - Initialization of module TC_26_6_1_5 finished.
2026/Jun/15 13:42:27.036467 EXECUTOR - Initializing module TC_26_6_2_1_1.
2026/Jun/15 13:42:27.036473 EXECUTOR - Initialization of module TC_26_6_2_1_1 finished.
2026/Jun/15 13:42:27.036476 EXECUTOR - Initializing module TC_26_6_2_1_2.
2026/Jun/15 13:42:27.036483 EXECUTOR - Initialization of module TC_26_6_2_1_2 finished.
2026/Jun/15 13:42:27.036486 EXECUTOR - Initializing module TC_26_6_2_1_3.
2026/Jun/15 13:42:27.036492 EXECUTOR - Initialization of module TC_26_6_2_1_3 finished.
2026/Jun/15 13:42:27.036495 EXECUTOR - Initializing module TC_26_6_2_2.
2026/Jun/15 13:42:27.036501 EXECUTOR - Initialization of module TC_26_6_2_2 finished.
2026/Jun/15 13:42:27.036504 EXECUTOR - Initializing module TC_26_6_2_3_1.
2026/Jun/15 13:42:27.036510 EXECUTOR - Initialization of module TC_26_6_2_3_1 finished.
2026/Jun/15 13:42:27.036513 EXECUTOR - Initializing module TC_26_6_2_3_2.
2026/Jun/15 13:42:27.036519 EXECUTOR - Initialization of module TC_26_6_2_3_2 finished.
2026/Jun/15 13:42:27.036526 EXECUTOR - Initializing module TC_26_6_2_4.
2026/Jun/15 13:42:27.036533 EXECUTOR - Initialization of module TC_26_6_2_4 finished.
2026/Jun/15 13:42:27.036536 EXECUTOR - Initializing module TC_26_6_3_1.
2026/Jun/15 13:42:27.036543 EXECUTOR - Initialization of module TC_26_6_3_1 finished.
2026/Jun/15 13:42:27.036546 EXECUTOR - Initializing module TC_26_6_3_4.
2026/Jun/15 13:42:27.036553 EXECUTOR - Initialization of module TC_26_6_3_4 finished.
2026/Jun/15 13:42:27.036556 EXECUTOR - Initializing module TC_26_6_4_1.
2026/Jun/15 13:42:27.036562 EXECUTOR - Initialization of module TC_26_6_4_1 finished.
2026/Jun/15 13:42:27.036565 EXECUTOR - Initializing module TC_26_6_4_2_2.
2026/Jun/15 13:42:27.036571 EXECUTOR - Initialization of module TC_26_6_4_2_2 finished.
2026/Jun/15 13:42:27.036574 EXECUTOR - Initializing module TC_26_6_5_1.
2026/Jun/15 13:42:27.036581 EXECUTOR - Initialization of module TC_26_6_5_1 finished.
2026/Jun/15 13:42:27.036584 EXECUTOR - Initializing module TC_26_6_5_2_1.
2026/Jun/15 13:42:27.036590 EXECUTOR - Initialization of module TC_26_6_5_2_1 finished.
2026/Jun/15 13:42:27.036593 EXECUTOR - Initializing module TC_26_6_8_1.
2026/Jun/15 13:42:27.036599 EXECUTOR - Initialization of module TC_26_6_8_1 finished.
2026/Jun/15 13:42:27.036602 EXECUTOR - Initializing module TC_26_6_8_2.
2026/Jun/15 13:42:27.036608 EXECUTOR - Initialization of module TC_26_6_8_2 finished.
2026/Jun/15 13:42:27.036611 EXECUTOR - Initializing module TC_26_6_8_3.
2026/Jun/15 13:42:27.036616 EXECUTOR - Initialization of module TC_26_6_8_3 finished.
2026/Jun/15 13:42:27.036619 EXECUTOR - Initializing module TC_26_6_8_4.
2026/Jun/15 13:42:27.036625 EXECUTOR - Initialization of module TC_26_6_8_4 finished.
2026/Jun/15 13:42:27.036628 EXECUTOR - Initializing module TC_26_6_8_5.
2026/Jun/15 13:42:27.036634 EXECUTOR - Initialization of module TC_26_6_8_5 finished.
2026/Jun/15 13:42:27.036637 EXECUTOR - Initializing module TC_26_7_1.
2026/Jun/15 13:42:27.036643 EXECUTOR - Initialization of module TC_26_7_1 finished.
2026/Jun/15 13:42:27.036646 EXECUTOR - Initializing module TC_26_7_2_1.
2026/Jun/15 13:42:27.036652 EXECUTOR - Initialization of module TC_26_7_2_1 finished.
2026/Jun/15 13:42:27.036655 EXECUTOR - Initializing module TC_26_7_2_2.
2026/Jun/15 13:42:27.036661 EXECUTOR - Initialization of module TC_26_7_2_2 finished.
2026/Jun/15 13:42:27.036664 EXECUTOR - Initializing module TC_26_7_3_1.
2026/Jun/15 13:42:27.036670 EXECUTOR - Initialization of module TC_26_7_3_1 finished.
2026/Jun/15 13:42:27.036673 EXECUTOR - Initializing module TC_26_7_3_2.
2026/Jun/15 13:42:27.036679 EXECUTOR - Initialization of module TC_26_7_3_2 finished.
2026/Jun/15 13:42:27.036682 EXECUTOR - Initializing module TC_26_7_4_1.
2026/Jun/15 13:42:27.036688 EXECUTOR - Initialization of module TC_26_7_4_1 finished.
2026/Jun/15 13:42:27.036691 EXECUTOR - Initializing module TC_26_7_4_2_1.
2026/Jun/15 13:42:27.036696 EXECUTOR - Initialization of module TC_26_7_4_2_1 finished.
2026/Jun/15 13:42:27.036699 EXECUTOR - Initializing module TC_26_7_4_2_2_1.
2026/Jun/15 13:42:27.036706 EXECUTOR - Initialization of module TC_26_7_4_2_2_1 finished.
2026/Jun/15 13:42:27.036709 EXECUTOR - Initializing module TC_26_7_4_2_2_2.
2026/Jun/15 13:42:27.036716 EXECUTOR - Initialization of module TC_26_7_4_2_2_2 finished.
2026/Jun/15 13:42:27.036719 EXECUTOR - Initializing module TC_26_7_4_2_3.
2026/Jun/15 13:42:27.036725 EXECUTOR - Initialization of module TC_26_7_4_2_3 finished.
2026/Jun/15 13:42:27.036728 EXECUTOR - Initializing module TC_26_7_4_2_4_1.
2026/Jun/15 13:42:27.036734 EXECUTOR - Initialization of module TC_26_7_4_2_4_1 finished.
2026/Jun/15 13:42:27.036737 EXECUTOR - Initializing module TC_26_7_4_2_4_2.
2026/Jun/15 13:42:27.036743 EXECUTOR - Initialization of module TC_26_7_4_2_4_2 finished.
2026/Jun/15 13:42:27.036746 EXECUTOR - Initializing module TC_26_7_4_2_4_3.
2026/Jun/15 13:42:27.036752 EXECUTOR - Initialization of module TC_26_7_4_2_4_3 finished.
2026/Jun/15 13:42:27.036755 EXECUTOR - Initializing module TC_26_7_4_2_4_4.
2026/Jun/15 13:42:27.036766 EXECUTOR - Initialization of module TC_26_7_4_2_4_4 finished.
2026/Jun/15 13:42:27.036769 EXECUTOR - Initializing module TC_26_7_4_2_4_5.
2026/Jun/15 13:42:27.036775 EXECUTOR - Initialization of module TC_26_7_4_2_4_5 finished.
2026/Jun/15 13:42:27.036778 EXECUTOR - Initializing module TC_26_7_4_3_1.
2026/Jun/15 13:42:27.036784 EXECUTOR - Initialization of module TC_26_7_4_3_1 finished.
2026/Jun/15 13:42:27.036787 EXECUTOR - Initializing module TC_26_7_4_3_2.
2026/Jun/15 13:42:27.036794 EXECUTOR - Initialization of module TC_26_7_4_3_2 finished.
2026/Jun/15 13:42:27.036797 EXECUTOR - Initializing module TC_26_7_4_3_3.
2026/Jun/15 13:42:27.036803 EXECUTOR - Initialization of module TC_26_7_4_3_3 finished.
2026/Jun/15 13:42:27.036806 EXECUTOR - Initializing module TC_26_7_4_3_4.
2026/Jun/15 13:42:27.036812 EXECUTOR - Initialization of module TC_26_7_4_3_4 finished.
2026/Jun/15 13:42:27.036815 EXECUTOR - Initializing module TC_26_7_4_4.
2026/Jun/15 13:42:27.036827 EXECUTOR - Initialization of module TC_26_7_4_4 finished.
2026/Jun/15 13:42:27.036833 EXECUTOR - Initializing module TC_26_7_4_5_1.
2026/Jun/15 13:42:27.036840 EXECUTOR - Initialization of module TC_26_7_4_5_1 finished.
2026/Jun/15 13:42:27.036843 EXECUTOR - Initializing module TC_26_7_4_5_2.
2026/Jun/15 13:42:27.036850 EXECUTOR - Initialization of module TC_26_7_4_5_2 finished.
2026/Jun/15 13:42:27.036853 EXECUTOR - Initializing module TC_26_7_4_5_3.
2026/Jun/15 13:42:27.036859 EXECUTOR - Initialization of module TC_26_7_4_5_3 finished.
2026/Jun/15 13:42:27.036862 EXECUTOR - Initializing module TC_26_7_4_5_4_2.
2026/Jun/15 13:42:27.036868 EXECUTOR - Initialization of module TC_26_7_4_5_4_2 finished.
2026/Jun/15 13:42:27.036871 EXECUTOR - Initializing module TC_26_7_5_2.
2026/Jun/15 13:42:27.036877 EXECUTOR - Initialization of module TC_26_7_5_2 finished.
2026/Jun/15 13:42:27.036880 EXECUTOR - Initializing module TC_26_7_5_3.
2026/Jun/15 13:42:27.036886 EXECUTOR - Initialization of module TC_26_7_5_3 finished.
2026/Jun/15 13:42:27.036889 EXECUTOR - Initializing module TC_26_7_5_4.
2026/Jun/15 13:42:27.036895 EXECUTOR - Initialization of module TC_26_7_5_4 finished.
2026/Jun/15 13:42:27.036898 EXECUTOR - Initializing module TC_26_7_5_5.
2026/Jun/15 13:42:27.036904 EXECUTOR - Initialization of module TC_26_7_5_5 finished.
2026/Jun/15 13:42:27.036907 EXECUTOR - Initializing module TC_26_7_5_6.
2026/Jun/15 13:42:27.036913 EXECUTOR - Initialization of module TC_26_7_5_6 finished.
2026/Jun/15 13:42:27.036917 EXECUTOR - Initializing module TC_26_7_5_7_1.
2026/Jun/15 13:42:27.036922 EXECUTOR - Initialization of module TC_26_7_5_7_1 finished.
2026/Jun/15 13:42:27.036925 EXECUTOR - Initializing module TC_26_7_5_8_1.
2026/Jun/15 13:42:27.036931 EXECUTOR - Initialization of module TC_26_7_5_8_1 finished.
2026/Jun/15 13:42:27.036934 EXECUTOR - Initializing module TC_26_7_5_8_2.
2026/Jun/15 13:42:27.036940 EXECUTOR - Initialization of module TC_26_7_5_8_2 finished.
2026/Jun/15 13:42:27.036943 EXECUTOR - Initializing module TC_26_7_5_8_3.
2026/Jun/15 13:42:27.036949 EXECUTOR - Initialization of module TC_26_7_5_8_3 finished.
2026/Jun/15 13:42:27.036952 EXECUTOR - Initializing module TC_26_8_1_2_1_1.
2026/Jun/15 13:42:27.036958 EXECUTOR - Initialization of module TC_26_8_1_2_1_1 finished.
2026/Jun/15 13:42:27.036962 EXECUTOR - Initializing module TC_26_8_1_2_2_1.
2026/Jun/15 13:42:27.036968 EXECUTOR - Initialization of module TC_26_8_1_2_2_1 finished.
2026/Jun/15 13:42:27.036971 EXECUTOR - Initializing module TC_26_8_1_2_2_2.
2026/Jun/15 13:42:27.036977 EXECUTOR - Initialization of module TC_26_8_1_2_2_2 finished.
2026/Jun/15 13:42:27.036980 EXECUTOR - Initializing module TC_26_8_1_2_2_3.
2026/Jun/15 13:42:27.036986 EXECUTOR - Initialization of module TC_26_8_1_2_2_3 finished.
2026/Jun/15 13:42:27.036989 EXECUTOR - Initializing module TC_26_8_1_2_3_1.
2026/Jun/15 13:42:27.036995 EXECUTOR - Initialization of module TC_26_8_1_2_3_1 finished.
2026/Jun/15 13:42:27.036998 EXECUTOR - Initializing module TC_26_8_1_2_3_2.
2026/Jun/15 13:42:27.037004 EXECUTOR - Initialization of module TC_26_8_1_2_3_2 finished.
2026/Jun/15 13:42:27.037010 EXECUTOR - Initializing module TC_26_8_1_2_3_3.
2026/Jun/15 13:42:27.037017 EXECUTOR - Initialization of module TC_26_8_1_2_3_3 finished.
2026/Jun/15 13:42:27.037020 EXECUTOR - Initializing module TC_26_8_1_2_3_4.
2026/Jun/15 13:42:27.037026 EXECUTOR - Initialization of module TC_26_8_1_2_3_4 finished.
2026/Jun/15 13:42:27.037029 EXECUTOR - Initializing module TC_26_8_1_2_3_5.
2026/Jun/15 13:42:27.037035 EXECUTOR - Initialization of module TC_26_8_1_2_3_5 finished.
2026/Jun/15 13:42:27.037038 EXECUTOR - Initializing module TC_26_8_1_2_3_6.
2026/Jun/15 13:42:27.037045 EXECUTOR - Initialization of module TC_26_8_1_2_3_6 finished.
2026/Jun/15 13:42:27.037048 EXECUTOR - Initializing module TC_26_8_1_2_3_7.
2026/Jun/15 13:42:27.037054 EXECUTOR - Initialization of module TC_26_8_1_2_3_7 finished.
2026/Jun/15 13:42:27.037057 EXECUTOR - Initializing module TC_26_8_1_2_4_1.
2026/Jun/15 13:42:27.037063 EXECUTOR - Initialization of module TC_26_8_1_2_4_1 finished.
2026/Jun/15 13:42:27.037066 EXECUTOR - Initializing module TC_26_8_1_2_4_13.
2026/Jun/15 13:42:27.037072 EXECUTOR - Initialization of module TC_26_8_1_2_4_13 finished.
2026/Jun/15 13:42:27.037075 EXECUTOR - Initializing module TC_26_8_1_2_4_2.
2026/Jun/15 13:42:27.037081 EXECUTOR - Initialization of module TC_26_8_1_2_4_2 finished.
2026/Jun/15 13:42:27.037084 EXECUTOR - Initializing module TC_26_8_1_2_4_3.
2026/Jun/15 13:42:27.037090 EXECUTOR - Initialization of module TC_26_8_1_2_4_3 finished.
2026/Jun/15 13:42:27.037093 EXECUTOR - Initializing module TC_26_8_1_2_4_4.
2026/Jun/15 13:42:27.037099 EXECUTOR - Initialization of module TC_26_8_1_2_4_4 finished.
2026/Jun/15 13:42:27.037102 EXECUTOR - Initializing module TC_26_8_1_2_4_5.
2026/Jun/15 13:42:27.037108 EXECUTOR - Initialization of module TC_26_8_1_2_4_5 finished.
2026/Jun/15 13:42:27.037111 EXECUTOR - Initializing module TC_26_8_1_2_6_1.
2026/Jun/15 13:42:27.037117 EXECUTOR - Initialization of module TC_26_8_1_2_6_1 finished.
2026/Jun/15 13:42:27.037120 EXECUTOR - Initializing module TC_26_8_1_2_6_2.
2026/Jun/15 13:42:27.037127 EXECUTOR - Initialization of module TC_26_8_1_2_6_2 finished.
2026/Jun/15 13:42:27.037129 EXECUTOR - Initializing module TC_26_8_1_2_6_3.
2026/Jun/15 13:42:27.037136 EXECUTOR - Initialization of module TC_26_8_1_2_6_3 finished.
2026/Jun/15 13:42:27.037139 EXECUTOR - Initializing module TC_26_8_1_2_6_6.
2026/Jun/15 13:42:27.037145 EXECUTOR - Initialization of module TC_26_8_1_2_6_6 finished.
2026/Jun/15 13:42:27.037148 EXECUTOR - Initializing module TC_26_8_1_3_1_1.
2026/Jun/15 13:42:27.037154 EXECUTOR - Initialization of module TC_26_8_1_3_1_1 finished.
2026/Jun/15 13:42:27.037157 EXECUTOR - Initializing module TC_26_8_1_3_2_1.
2026/Jun/15 13:42:27.037163 EXECUTOR - Initialization of module TC_26_8_1_3_2_1 finished.
2026/Jun/15 13:42:27.037166 EXECUTOR - Initializing module TC_26_8_1_3_3_1.
2026/Jun/15 13:42:27.037171 EXECUTOR - Initialization of module TC_26_8_1_3_3_1 finished.
2026/Jun/15 13:42:27.037174 EXECUTOR - Initializing module TC_26_8_1_3_3_2.
2026/Jun/15 13:42:27.037181 EXECUTOR - Initialization of module TC_26_8_1_3_3_2 finished.
2026/Jun/15 13:42:27.037184 EXECUTOR - Initializing module TC_26_8_1_3_3_3.
2026/Jun/15 13:42:27.037190 EXECUTOR - Initialization of module TC_26_8_1_3_3_3 finished.
2026/Jun/15 13:42:27.037193 EXECUTOR - Initializing module TC_26_8_1_3_3_4.
2026/Jun/15 13:42:27.037200 EXECUTOR - Initialization of module TC_26_8_1_3_3_4 finished.
2026/Jun/15 13:42:27.037203 EXECUTOR - Initializing module TC_26_8_1_3_3_5.
2026/Jun/15 13:42:27.037209 EXECUTOR - Initialization of module TC_26_8_1_3_3_5 finished.
2026/Jun/15 13:42:27.037212 EXECUTOR - Initializing module TC_26_8_1_3_3_6.
2026/Jun/15 13:42:27.037218 EXECUTOR - Initialization of module TC_26_8_1_3_3_6 finished.
2026/Jun/15 13:42:27.037222 EXECUTOR - Initializing module TC_26_8_1_3_3_7.
2026/Jun/15 13:42:27.037228 EXECUTOR - Initialization of module TC_26_8_1_3_3_7 finished.
2026/Jun/15 13:42:27.037231 EXECUTOR - Initializing module TC_26_8_1_3_4_1.
2026/Jun/15 13:42:27.037240 EXECUTOR - Initialization of module TC_26_8_1_3_4_1 finished.
2026/Jun/15 13:42:27.037243 EXECUTOR - Initializing module TC_26_8_1_3_4_2.
2026/Jun/15 13:42:27.037250 EXECUTOR - Initialization of module TC_26_8_1_3_4_2 finished.
2026/Jun/15 13:42:27.037253 EXECUTOR - Initializing module TC_26_8_1_3_4_3.
2026/Jun/15 13:42:27.037259 EXECUTOR - Initialization of module TC_26_8_1_3_4_3 finished.
2026/Jun/15 13:42:27.037262 EXECUTOR - Initializing module TC_26_8_1_3_4_4.
2026/Jun/15 13:42:27.037268 EXECUTOR - Initialization of module TC_26_8_1_3_4_4 finished.
2026/Jun/15 13:42:27.037271 EXECUTOR - Initializing module TC_26_8_1_3_4_5.
2026/Jun/15 13:42:27.037277 EXECUTOR - Initialization of module TC_26_8_1_3_4_5 finished.
2026/Jun/15 13:42:27.037280 EXECUTOR - Initializing module TC_26_8_1_3_4_6.
2026/Jun/15 13:42:27.037287 EXECUTOR - Initialization of module TC_26_8_1_3_4_6 finished.
2026/Jun/15 13:42:27.037289 EXECUTOR - Initializing module TC_26_8_1_3_4_7.
2026/Jun/15 13:42:27.037295 EXECUTOR - Initialization of module TC_26_8_1_3_4_7 finished.
2026/Jun/15 13:42:27.037298 EXECUTOR - Initializing module TC_26_8_1_3_4_8.
2026/Jun/15 13:42:27.037304 EXECUTOR - Initialization of module TC_26_8_1_3_4_8 finished.
2026/Jun/15 13:42:27.037308 EXECUTOR - Initializing module TC_26_8_1_3_5_1.
2026/Jun/15 13:42:27.037315 EXECUTOR - Initialization of module TC_26_8_1_3_5_1 finished.
2026/Jun/15 13:42:27.037317 EXECUTOR - Initializing module TC_26_8_1_3_5_2.
2026/Jun/15 13:42:27.037323 EXECUTOR - Initialization of module TC_26_8_1_3_5_2 finished.
2026/Jun/15 13:42:27.037327 EXECUTOR - Initializing module TC_26_8_1_3_5_3.
2026/Jun/15 13:42:27.037333 EXECUTOR - Initialization of module TC_26_8_1_3_5_3 finished.
2026/Jun/15 13:42:27.037336 EXECUTOR - Initializing module TC_26_8_1_3_5_4.
2026/Jun/15 13:42:27.037342 EXECUTOR - Initialization of module TC_26_8_1_3_5_4 finished.
2026/Jun/15 13:42:27.037344 EXECUTOR - Initializing module TC_26_8_1_3_5_5.
2026/Jun/15 13:42:27.037350 EXECUTOR - Initialization of module TC_26_8_1_3_5_5 finished.
2026/Jun/15 13:42:27.037353 EXECUTOR - Initializing module TC_26_8_1_3_5_6.
2026/Jun/15 13:42:27.037359 EXECUTOR - Initialization of module TC_26_8_1_3_5_6 finished.
2026/Jun/15 13:42:27.037362 EXECUTOR - Initializing module TC_26_8_1_3_5_7.
2026/Jun/15 13:42:27.037368 EXECUTOR - Initialization of module TC_26_8_1_3_5_7 finished.
2026/Jun/15 13:42:27.037371 EXECUTOR - Initializing module TC_26_8_1_3_5_8.
2026/Jun/15 13:42:27.037377 EXECUTOR - Initialization of module TC_26_8_1_3_5_8 finished.
2026/Jun/15 13:42:27.037380 EXECUTOR - Initializing module TC_26_8_1_3_5_9.
2026/Jun/15 13:42:27.037386 EXECUTOR - Initialization of module TC_26_8_1_3_5_9 finished.
2026/Jun/15 13:42:27.037389 EXECUTOR - Initializing module TC_26_8_2_1.
2026/Jun/15 13:42:27.037396 EXECUTOR - Initialization of module TC_26_8_2_1 finished.
2026/Jun/15 13:42:27.037399 EXECUTOR - Initializing module TC_26_8_2_2.
2026/Jun/15 13:42:27.037405 EXECUTOR - Initialization of module TC_26_8_2_2 finished.
2026/Jun/15 13:42:27.037408 EXECUTOR - Initializing module TC_26_8_2_3.
2026/Jun/15 13:42:27.037414 EXECUTOR - Initialization of module TC_26_8_2_3 finished.
2026/Jun/15 13:42:27.037417 EXECUTOR - Initializing module TC_26_8_3.
2026/Jun/15 13:42:27.037423 EXECUTOR - Initialization of module TC_26_8_3 finished.
2026/Jun/15 13:42:27.037426 EXECUTOR - Initializing module TC_34_2_2.
2026/Jun/15 13:42:27.037433 EXECUTOR - Initialization of module TC_34_2_2 finished.
2026/Jun/15 13:42:27.037436 EXECUTOR - Initializing module TitanLoggerApi.
2026/Jun/15 13:42:27.037439 EXECUTOR - Initialization of module TitanLoggerApi finished.
2026/Jun/15 13:42:27.037442 EXECUTOR - Initializing module TitanLoggerControl.
2026/Jun/15 13:42:27.037445 EXECUTOR - Initialization of module TitanLoggerControl finished.
2026/Jun/15 13:42:27.037458 EXECUTOR - Configuration data was processed successfully.
2026/Jun/15 13:42:27.039006 EXECUTOR - MTC was created. Process id: 39.
2026/Jun/15 13:47:44.345350 EXECUTOR - Exit was requested from MC. Terminating HC.
2026/Jun/15 13:47:44.345572 EXECUTOR - Disconnected from MC.
2026/Jun/15 13:47:44.345616 EXECUTOR - TTCN-3 Host Controller finished.
