======================================================
Waiting for mobile to register (5 seconds)...
======================================================
======================================================
Starting TC_26_7_3_1 Test Case
======================================================
Resolved: msc=10.42.0.154 mobile=10.43.173.223 bsc=10.42.0.152
DEBUG: [EXECUTE] section:
[EXECUTE]
TC_26_7_3_1.TC_26_7_3_1
  Waiting for MC... (1/30)
Main Controller ready (attempt 2)
Starting Host Controller...
TTCN-3 Host Controller (parallel mode), version 11.1.0
The address of MC was set to a local IP address. This may cause incorrect behavior if a HC from a remote host also connects to MC.
Result dir: /results/TC_26_7_3_1-2026-05-29-080436
Waiting for log files...
2026/May/29 08:04:39.397529 EXECUTOR - TTCN-3 Host Controller started on ttcn3-tc-26-7-3-1-zd79m. Version: 11.1.0.
2026/May/29 08:04:39.397707 EXECUTOR - TTCN Logger v2.2 options: TimeStampFormat:=DateTime; LogEntityName:=No; LogEventTypes:=Yes; SourceInfoFormat:=Single; LogSensitiveData:=No; *.FileMask:=LOG_ALL; *.ConsoleMask:=ERROR | TESTCASE | USER | VERDICTOP | WARNING; LogFileSize:=0; LogFileNumber:=1; DiskFullAction:=Error
2026/May/29 08:04:39.397720 EXECUTOR - Maximum number of open file descriptors: 1048576,   FD_SETSIZE = 1024
2026/May/29 08:04:39.397867 WARNING - Warning: The address of MC was set to a local IP address. This may cause incorrect behavior if a HC from a remote host also connects to MC.
2026/May/29 08:04:39.397907 EXECUTOR - The address of MC was set to 127.0.0.1:0.
2026/May/29 08:04:39.398049 EXECUTOR - Connected to MC.
2026/May/29 08:04:39.398160 EXECUTOR - This host supports UNIX domain sockets for local communication.
2026/May/29 08:04:39.398349 EXECUTOR - Processing configuration data received from MC.
2026/May/29 08:04:39.398621 WARNING - Warning: Skeleton `/results/TC_26_7_3_1-2026-05-29-080436/%n.log' does not guarantee unique log file name for every test system process. It may cause unpredictable results if several test components try to write into the same log file.
2026/May/29 08:04:39.411118 EXECUTOR - Module GSM_Constants has the following parameters: { TSPC_Serv_TS11 := true, TSPC_Serv_TS61 := false, TSPC_Serv_TS62 := false, TSPC_Serv_BS21 := false, TSPC_Serv_BS22 := false, TSPC_Serv_BS24 := false, TSPC_Serv_BS25 := false, TSPC_Serv_BS26 := false, TSPC_Serv_BS31 := false, TSPC_Serv_BS32 := false, TSPC_Serv_BS33 := false, TSPC_Serv_BS34 := false, TSPC_Serv_BS41 := false, TSPC_Serv_BS42 := false, TSPC_Serv_BS43 := false, TSPC_Serv_BS44 := false, TSPC_Serv_BS45 := false, TSPC_Serv_BS51 := false, TSPC_Serv_BS61 := false, TSPC_Serv_BS81 := false, TSPC_DualRate := false, TSPC_MTsvc := true, TSPX_IMSI := '901700000000001F'O, TSPX_TMSI := '1914D97F'O, TSPX_CKSNDef := 0, TSPX_RANDDef := '00112233445566778899AABBCCDDEEFF'O, TSPX_SRES := '12345678'O, TSPX_Kc := '0000000000000000'O, TSPX_SDCCH4SubDef := 0, TSPX_TmSltDef := 0, TSPX_TscDef := 7, TSPX_TCHHSubDef := 0, TCV_CC := true, TSPX_Telephony_Rate := C_Full (0), TSPX_MOBscSvcA := C_Telephony (0), TSPX_MOBscSvcB := C_Telephony (0), TSPX_MOBscSvcC := C_Telephony (0), TSPX_MOBscSvcD := C_Telephony (0), TSPX_MOBscSvcE := C_Telephony (0), TSPX_MOBscSvcF := C_Telephony (0), TSPX_MOBscSvcG := C_Telephony (0), TSPX_MOChRateA := C_Full (0), TSPX_MOChRateB := C_Full (0), TSPX_MOChRateC := C_Full (0), TSPX_MOChRateD := C_Full (0), TSPX_MOChRateE := C_Full (0), TSPX_MOChRateF := C_Full (0), TSPX_MOChRateG := C_Full (0), TSPX_MTBscSvcA := C_Telephony (0), TSPX_MTBscSvcB := C_Telephony (0), TSPX_MTBscSvcC := C_Telephony (0), TSPX_MTBscSvcD := C_Telephony (0), TSPX_MTBscSvcE := C_Telephony (0), TSPX_MTBscSvcF := C_Telephony (0), TSPX_MTBscSvcG := C_Telephony (0), TSPX_MTBscSvcH := C_Telephony (0), TSPX_MTBscSvcI := C_Telephony (0), TSPX_MTBscSvcJ := C_Telephony (0), TSPX_MTChRateA := C_Full (0), TSPX_MTChRateB := C_Full (0), TSPX_MTChRateC := C_Full (0), TSPX_MTChRateD := C_Full (0), TSPX_MTChRateE := C_Full (0), TSPX_MTChRateF := C_Full (0), TSPX_MTChRateG := C_Full (0), TSPX_MTChRateH := C_Full (0), TSPX_MTChRateI := C_Full (0), TSPX_MTChRateJ := C_Full (0), C_arfcnA := 51 }
2026/May/29 08:04:39.411217 EXECUTOR - Module TC_26_6_1_2 has the following parameters: { TSPX_nPara := 3, TSPX_i1Para := 3, TSPX_kPara := 5, TSPX_i2Para := 1, TSPX_rPara := 4, TSPX_i3Para := 4 }
2026/May/29 08:04:39.411258 EXECUTOR - Initializing module GSM_Component_Definitions.
2026/May/29 08:04:39.411268 EXECUTOR GSM_Component_Definitions.ttcn3:0 Initializing module GSM_Templates.
2026/May/29 08:04:39.411289 EXECUTOR GSM_Templates.ttcn3:0 Initializing module GSM_Constants.
2026/May/29 08:04:39.411296 EXECUTOR GSM_Constants.ttcn3:0 Initializing module GSM_Types.
2026/May/29 08:04:39.411300 EXECUTOR GSM_Constants.ttcn3:0 Initialization of module GSM_Types finished.
2026/May/29 08:04:39.411304 EXECUTOR GSM_Templates.ttcn3:0 Initialization of module GSM_Constants finished.
2026/May/29 08:04:39.411395 EXECUTOR GSM_Component_Definitions.ttcn3:0 Initialization of module GSM_Templates finished.
2026/May/29 08:04:39.411400 EXECUTOR - Initialization of module GSM_Component_Definitions finished.
2026/May/29 08:04:39.411404 EXECUTOR - Initializing module GSM_Functions.
2026/May/29 08:04:39.411435 EXECUTOR - Initialization of module GSM_Functions finished.
2026/May/29 08:04:39.411438 EXECUTOR - Initializing module PreGenRecordOf.
2026/May/29 08:04:39.411441 EXECUTOR - Initialization of module PreGenRecordOf finished.
2026/May/29 08:04:39.411444 EXECUTOR - Initializing module TC_26_2_1_3.
2026/May/29 08:04:39.411450 EXECUTOR - Initialization of module TC_26_2_1_3 finished.
2026/May/29 08:04:39.411453 EXECUTOR - Initializing module TC_26_2_2.
2026/May/29 08:04:39.411459 EXECUTOR - Initialization of module TC_26_2_2 finished.
2026/May/29 08:04:39.411462 EXECUTOR - Initializing module TC_26_2_3.
2026/May/29 08:04:39.411469 EXECUTOR - Initialization of module TC_26_2_3 finished.
2026/May/29 08:04:39.411471 EXECUTOR - Initializing module TC_26_6_11_1.
2026/May/29 08:04:39.411478 EXECUTOR - Initialization of module TC_26_6_11_1 finished.
2026/May/29 08:04:39.411481 EXECUTOR - Initializing module TC_26_6_11_2.
2026/May/29 08:04:39.411487 EXECUTOR - Initialization of module TC_26_6_11_2 finished.
2026/May/29 08:04:39.411489 EXECUTOR - Initializing module TC_26_6_12_1.
2026/May/29 08:04:39.411496 EXECUTOR - Initialization of module TC_26_6_12_1 finished.
2026/May/29 08:04:39.411498 EXECUTOR - Initializing module TC_26_6_12_2.
2026/May/29 08:04:39.411504 EXECUTOR - Initialization of module TC_26_6_12_2 finished.
2026/May/29 08:04:39.411507 EXECUTOR - Initializing module TC_26_6_12_3.
2026/May/29 08:04:39.411513 EXECUTOR - Initialization of module TC_26_6_12_3 finished.
2026/May/29 08:04:39.411516 EXECUTOR - Initializing module TC_26_6_12_4.
2026/May/29 08:04:39.411522 EXECUTOR - Initialization of module TC_26_6_12_4 finished.
2026/May/29 08:04:39.411524 EXECUTOR - Initializing module TC_26_6_13_10.
2026/May/29 08:04:39.411531 EXECUTOR - Initialization of module TC_26_6_13_10 finished.
2026/May/29 08:04:39.411533 EXECUTOR - Initializing module TC_26_6_13_9.
2026/May/29 08:04:39.411539 EXECUTOR - Initialization of module TC_26_6_13_9 finished.
2026/May/29 08:04:39.411542 EXECUTOR - Initializing module TC_26_6_1_1.
2026/May/29 08:04:39.411548 EXECUTOR - Initialization of module TC_26_6_1_1 finished.
2026/May/29 08:04:39.411550 EXECUTOR - Initializing module TC_26_6_1_2.
2026/May/29 08:04:39.411556 EXECUTOR - Initialization of module TC_26_6_1_2 finished.
2026/May/29 08:04:39.411559 EXECUTOR - Initializing module TC_26_6_1_3.
2026/May/29 08:04:39.411565 EXECUTOR - Initialization of module TC_26_6_1_3 finished.
2026/May/29 08:04:39.411568 EXECUTOR - Initializing module TC_26_6_1_4.
2026/May/29 08:04:39.411574 EXECUTOR - Initialization of module TC_26_6_1_4 finished.
2026/May/29 08:04:39.411577 EXECUTOR - Initializing module TC_26_6_1_5.
2026/May/29 08:04:39.411583 EXECUTOR - Initialization of module TC_26_6_1_5 finished.
2026/May/29 08:04:39.411585 EXECUTOR - Initializing module TC_26_6_2_1_1.
2026/May/29 08:04:39.411591 EXECUTOR - Initialization of module TC_26_6_2_1_1 finished.
2026/May/29 08:04:39.411594 EXECUTOR - Initializing module TC_26_6_2_1_2.
2026/May/29 08:04:39.411601 EXECUTOR - Initialization of module TC_26_6_2_1_2 finished.
2026/May/29 08:04:39.411604 EXECUTOR - Initializing module TC_26_6_2_1_3.
2026/May/29 08:04:39.411610 EXECUTOR - Initialization of module TC_26_6_2_1_3 finished.
2026/May/29 08:04:39.411613 EXECUTOR - Initializing module TC_26_6_2_2.
2026/May/29 08:04:39.411619 EXECUTOR - Initialization of module TC_26_6_2_2 finished.
2026/May/29 08:04:39.411621 EXECUTOR - Initializing module TC_26_6_2_3_1.
2026/May/29 08:04:39.411627 EXECUTOR - Initialization of module TC_26_6_2_3_1 finished.
2026/May/29 08:04:39.411630 EXECUTOR - Initializing module TC_26_6_2_3_2.
2026/May/29 08:04:39.411637 EXECUTOR - Initialization of module TC_26_6_2_3_2 finished.
2026/May/29 08:04:39.411644 EXECUTOR - Initializing module TC_26_6_2_4.
2026/May/29 08:04:39.411650 EXECUTOR - Initialization of module TC_26_6_2_4 finished.
2026/May/29 08:04:39.411653 EXECUTOR - Initializing module TC_26_6_3_1.
2026/May/29 08:04:39.411659 EXECUTOR - Initialization of module TC_26_6_3_1 finished.
2026/May/29 08:04:39.411662 EXECUTOR - Initializing module TC_26_6_3_4.
2026/May/29 08:04:39.411668 EXECUTOR - Initialization of module TC_26_6_3_4 finished.
2026/May/29 08:04:39.411671 EXECUTOR - Initializing module TC_26_6_4_1.
2026/May/29 08:04:39.411677 EXECUTOR - Initialization of module TC_26_6_4_1 finished.
2026/May/29 08:04:39.411680 EXECUTOR - Initializing module TC_26_6_4_2_2.
2026/May/29 08:04:39.411686 EXECUTOR - Initialization of module TC_26_6_4_2_2 finished.
2026/May/29 08:04:39.411688 EXECUTOR - Initializing module TC_26_6_5_1.
2026/May/29 08:04:39.411695 EXECUTOR - Initialization of module TC_26_6_5_1 finished.
2026/May/29 08:04:39.411697 EXECUTOR - Initializing module TC_26_6_5_2_1.
2026/May/29 08:04:39.411703 EXECUTOR - Initialization of module TC_26_6_5_2_1 finished.
2026/May/29 08:04:39.411706 EXECUTOR - Initializing module TC_26_6_8_1.
2026/May/29 08:04:39.411712 EXECUTOR - Initialization of module TC_26_6_8_1 finished.
2026/May/29 08:04:39.411715 EXECUTOR - Initializing module TC_26_6_8_2.
2026/May/29 08:04:39.411721 EXECUTOR - Initialization of module TC_26_6_8_2 finished.
2026/May/29 08:04:39.411724 EXECUTOR - Initializing module TC_26_6_8_3.
2026/May/29 08:04:39.411730 EXECUTOR - Initialization of module TC_26_6_8_3 finished.
2026/May/29 08:04:39.411733 EXECUTOR - Initializing module TC_26_6_8_4.
2026/May/29 08:04:39.411739 EXECUTOR - Initialization of module TC_26_6_8_4 finished.
2026/May/29 08:04:39.411742 EXECUTOR - Initializing module TC_26_6_8_5.
2026/May/29 08:04:39.411748 EXECUTOR - Initialization of module TC_26_6_8_5 finished.
2026/May/29 08:04:39.411750 EXECUTOR - Initializing module TC_26_7_1.
2026/May/29 08:04:39.411756 EXECUTOR - Initialization of module TC_26_7_1 finished.
2026/May/29 08:04:39.411759 EXECUTOR - Initializing module TC_26_7_2_1.
2026/May/29 08:04:39.411765 EXECUTOR - Initialization of module TC_26_7_2_1 finished.
2026/May/29 08:04:39.411768 EXECUTOR - Initializing module TC_26_7_2_2.
2026/May/29 08:04:39.411774 EXECUTOR - Initialization of module TC_26_7_2_2 finished.
2026/May/29 08:04:39.411777 EXECUTOR - Initializing module TC_26_7_3_1.
2026/May/29 08:04:39.411783 EXECUTOR - Initialization of module TC_26_7_3_1 finished.
2026/May/29 08:04:39.411786 EXECUTOR - Initializing module TC_26_7_3_2.
2026/May/29 08:04:39.411792 EXECUTOR - Initialization of module TC_26_7_3_2 finished.
2026/May/29 08:04:39.411794 EXECUTOR - Initializing module TC_26_7_4_1.
2026/May/29 08:04:39.411800 EXECUTOR - Initialization of module TC_26_7_4_1 finished.
2026/May/29 08:04:39.411803 EXECUTOR - Initializing module TC_26_7_4_2_1.
2026/May/29 08:04:39.411809 EXECUTOR - Initialization of module TC_26_7_4_2_1 finished.
2026/May/29 08:04:39.411812 EXECUTOR - Initializing module TC_26_7_4_2_2_1.
2026/May/29 08:04:39.411818 EXECUTOR - Initialization of module TC_26_7_4_2_2_1 finished.
2026/May/29 08:04:39.411821 EXECUTOR - Initializing module TC_26_7_4_2_2_2.
2026/May/29 08:04:39.411827 EXECUTOR - Initialization of module TC_26_7_4_2_2_2 finished.
2026/May/29 08:04:39.411830 EXECUTOR - Initializing module TC_26_7_4_2_3.
2026/May/29 08:04:39.411836 EXECUTOR - Initialization of module TC_26_7_4_2_3 finished.
2026/May/29 08:04:39.411839 EXECUTOR - Initializing module TC_26_7_4_2_4_1.
2026/May/29 08:04:39.411845 EXECUTOR - Initialization of module TC_26_7_4_2_4_1 finished.
2026/May/29 08:04:39.411848 EXECUTOR - Initializing module TC_26_7_4_2_4_2.
2026/May/29 08:04:39.411854 EXECUTOR - Initialization of module TC_26_7_4_2_4_2 finished.
2026/May/29 08:04:39.411857 EXECUTOR - Initializing module TC_26_7_4_2_4_3.
2026/May/29 08:04:39.411863 EXECUTOR - Initialization of module TC_26_7_4_2_4_3 finished.
2026/May/29 08:04:39.411866 EXECUTOR - Initializing module TC_26_7_4_2_4_4.
2026/May/29 08:04:39.411876 EXECUTOR - Initialization of module TC_26_7_4_2_4_4 finished.
2026/May/29 08:04:39.411879 EXECUTOR - Initializing module TC_26_7_4_2_4_5.
2026/May/29 08:04:39.411885 EXECUTOR - Initialization of module TC_26_7_4_2_4_5 finished.
2026/May/29 08:04:39.411888 EXECUTOR - Initializing module TC_26_7_4_3_1.
2026/May/29 08:04:39.411893 EXECUTOR - Initialization of module TC_26_7_4_3_1 finished.
2026/May/29 08:04:39.411896 EXECUTOR - Initializing module TC_26_7_4_3_2.
2026/May/29 08:04:39.411902 EXECUTOR - Initialization of module TC_26_7_4_3_2 finished.
2026/May/29 08:04:39.411905 EXECUTOR - Initializing module TC_26_7_4_3_3.
2026/May/29 08:04:39.411911 EXECUTOR - Initialization of module TC_26_7_4_3_3 finished.
2026/May/29 08:04:39.411914 EXECUTOR - Initializing module TC_26_7_4_3_4.
2026/May/29 08:04:39.411920 EXECUTOR - Initialization of module TC_26_7_4_3_4 finished.
2026/May/29 08:04:39.411923 EXECUTOR - Initializing module TC_26_7_4_4.
2026/May/29 08:04:39.411929 EXECUTOR - Initialization of module TC_26_7_4_4 finished.
2026/May/29 08:04:39.411931 EXECUTOR - Initializing module TC_26_7_4_5_1.
2026/May/29 08:04:39.411937 EXECUTOR - Initialization of module TC_26_7_4_5_1 finished.
2026/May/29 08:04:39.411940 EXECUTOR - Initializing module TC_26_7_4_5_2.
2026/May/29 08:04:39.411945 EXECUTOR - Initialization of module TC_26_7_4_5_2 finished.
2026/May/29 08:04:39.411948 EXECUTOR - Initializing module TC_26_7_4_5_3.
2026/May/29 08:04:39.411965 EXECUTOR - Initialization of module TC_26_7_4_5_3 finished.
2026/May/29 08:04:39.411968 EXECUTOR - Initializing module TC_26_7_4_5_4_2.
2026/May/29 08:04:39.411974 EXECUTOR - Initialization of module TC_26_7_4_5_4_2 finished.
2026/May/29 08:04:39.411977 EXECUTOR - Initializing module TC_26_7_5_2.
2026/May/29 08:04:39.411983 EXECUTOR - Initialization of module TC_26_7_5_2 finished.
2026/May/29 08:04:39.411986 EXECUTOR - Initializing module TC_26_7_5_3.
2026/May/29 08:04:39.411992 EXECUTOR - Initialization of module TC_26_7_5_3 finished.
2026/May/29 08:04:39.411995 EXECUTOR - Initializing module TC_26_7_5_4.
2026/May/29 08:04:39.412001 EXECUTOR - Initialization of module TC_26_7_5_4 finished.
2026/May/29 08:04:39.412004 EXECUTOR - Initializing module TC_26_7_5_5.
2026/May/29 08:04:39.412010 EXECUTOR - Initialization of module TC_26_7_5_5 finished.
2026/May/29 08:04:39.412012 EXECUTOR - Initializing module TC_26_7_5_6.
2026/May/29 08:04:39.412019 EXECUTOR - Initialization of module TC_26_7_5_6 finished.
2026/May/29 08:04:39.412021 EXECUTOR - Initializing module TC_26_7_5_7_1.
2026/May/29 08:04:39.412028 EXECUTOR - Initialization of module TC_26_7_5_7_1 finished.
2026/May/29 08:04:39.412030 EXECUTOR - Initializing module TC_26_7_5_8_1.
2026/May/29 08:04:39.412036 EXECUTOR - Initialization of module TC_26_7_5_8_1 finished.
2026/May/29 08:04:39.412039 EXECUTOR - Initializing module TC_26_7_5_8_2.
2026/May/29 08:04:39.412045 EXECUTOR - Initialization of module TC_26_7_5_8_2 finished.
2026/May/29 08:04:39.412047 EXECUTOR - Initializing module TC_26_7_5_8_3.
2026/May/29 08:04:39.412053 EXECUTOR - Initialization of module TC_26_7_5_8_3 finished.
2026/May/29 08:04:39.412056 EXECUTOR - Initializing module TC_26_8_1_2_1_1.
2026/May/29 08:04:39.412062 EXECUTOR - Initialization of module TC_26_8_1_2_1_1 finished.
2026/May/29 08:04:39.412065 EXECUTOR - Initializing module TC_26_8_1_2_2_1.
2026/May/29 08:04:39.412071 EXECUTOR - Initialization of module TC_26_8_1_2_2_1 finished.
2026/May/29 08:04:39.412074 EXECUTOR - Initializing module TC_26_8_1_2_2_2.
2026/May/29 08:04:39.412080 EXECUTOR - Initialization of module TC_26_8_1_2_2_2 finished.
2026/May/29 08:04:39.412082 EXECUTOR - Initializing module TC_26_8_1_2_2_3.
2026/May/29 08:04:39.412088 EXECUTOR - Initialization of module TC_26_8_1_2_2_3 finished.
2026/May/29 08:04:39.412091 EXECUTOR - Initializing module TC_26_8_1_2_3_1.
2026/May/29 08:04:39.412097 EXECUTOR - Initialization of module TC_26_8_1_2_3_1 finished.
2026/May/29 08:04:39.412100 EXECUTOR - Initializing module TC_26_8_1_2_3_2.
2026/May/29 08:04:39.412106 EXECUTOR - Initialization of module TC_26_8_1_2_3_2 finished.
2026/May/29 08:04:39.412112 EXECUTOR - Initializing module TC_26_8_1_2_3_3.
2026/May/29 08:04:39.412118 EXECUTOR - Initialization of module TC_26_8_1_2_3_3 finished.
2026/May/29 08:04:39.412121 EXECUTOR - Initializing module TC_26_8_1_2_3_4.
2026/May/29 08:04:39.412127 EXECUTOR - Initialization of module TC_26_8_1_2_3_4 finished.
2026/May/29 08:04:39.412130 EXECUTOR - Initializing module TC_26_8_1_2_3_5.
2026/May/29 08:04:39.412137 EXECUTOR - Initialization of module TC_26_8_1_2_3_5 finished.
2026/May/29 08:04:39.412140 EXECUTOR - Initializing module TC_26_8_1_2_3_6.
2026/May/29 08:04:39.412146 EXECUTOR - Initialization of module TC_26_8_1_2_3_6 finished.
2026/May/29 08:04:39.412149 EXECUTOR - Initializing module TC_26_8_1_2_3_7.
2026/May/29 08:04:39.412155 EXECUTOR - Initialization of module TC_26_8_1_2_3_7 finished.
2026/May/29 08:04:39.412158 EXECUTOR - Initializing module TC_26_8_1_2_4_1.
2026/May/29 08:04:39.412164 EXECUTOR - Initialization of module TC_26_8_1_2_4_1 finished.
2026/May/29 08:04:39.412167 EXECUTOR - Initializing module TC_26_8_1_2_4_13.
2026/May/29 08:04:39.412173 EXECUTOR - Initialization of module TC_26_8_1_2_4_13 finished.
2026/May/29 08:04:39.412176 EXECUTOR - Initializing module TC_26_8_1_2_4_2.
2026/May/29 08:04:39.412182 EXECUTOR - Initialization of module TC_26_8_1_2_4_2 finished.
2026/May/29 08:04:39.412184 EXECUTOR - Initializing module TC_26_8_1_2_4_3.
2026/May/29 08:04:39.412190 EXECUTOR - Initialization of module TC_26_8_1_2_4_3 finished.
2026/May/29 08:04:39.412193 EXECUTOR - Initializing module TC_26_8_1_2_4_4.
2026/May/29 08:04:39.412199 EXECUTOR - Initialization of module TC_26_8_1_2_4_4 finished.
2026/May/29 08:04:39.412202 EXECUTOR - Initializing module TC_26_8_1_2_4_5.
2026/May/29 08:04:39.412209 EXECUTOR - Initialization of module TC_26_8_1_2_4_5 finished.
2026/May/29 08:04:39.412212 EXECUTOR - Initializing module TC_26_8_1_2_6_1.
2026/May/29 08:04:39.412218 EXECUTOR - Initialization of module TC_26_8_1_2_6_1 finished.
2026/May/29 08:04:39.412221 EXECUTOR - Initializing module TC_26_8_1_2_6_2.
2026/May/29 08:04:39.412227 EXECUTOR - Initialization of module TC_26_8_1_2_6_2 finished.
2026/May/29 08:04:39.412230 EXECUTOR - Initializing module TC_26_8_1_2_6_3.
2026/May/29 08:04:39.412236 EXECUTOR - Initialization of module TC_26_8_1_2_6_3 finished.
2026/May/29 08:04:39.412239 EXECUTOR - Initializing module TC_26_8_1_2_6_6.
2026/May/29 08:04:39.412245 EXECUTOR - Initialization of module TC_26_8_1_2_6_6 finished.
2026/May/29 08:04:39.412248 EXECUTOR - Initializing module TC_26_8_1_3_1_1.
2026/May/29 08:04:39.412254 EXECUTOR - Initialization of module TC_26_8_1_3_1_1 finished.
2026/May/29 08:04:39.412256 EXECUTOR - Initializing module TC_26_8_1_3_2_1.
2026/May/29 08:04:39.412262 EXECUTOR - Initialization of module TC_26_8_1_3_2_1 finished.
2026/May/29 08:04:39.412265 EXECUTOR - Initializing module TC_26_8_1_3_3_1.
2026/May/29 08:04:39.412271 EXECUTOR - Initialization of module TC_26_8_1_3_3_1 finished.
2026/May/29 08:04:39.412274 EXECUTOR - Initializing module TC_26_8_1_3_3_2.
2026/May/29 08:04:39.412280 EXECUTOR - Initialization of module TC_26_8_1_3_3_2 finished.
2026/May/29 08:04:39.412283 EXECUTOR - Initializing module TC_26_8_1_3_3_3.
2026/May/29 08:04:39.412289 EXECUTOR - Initialization of module TC_26_8_1_3_3_3 finished.
2026/May/29 08:04:39.412291 EXECUTOR - Initializing module TC_26_8_1_3_3_4.
2026/May/29 08:04:39.412298 EXECUTOR - Initialization of module TC_26_8_1_3_3_4 finished.
2026/May/29 08:04:39.412301 EXECUTOR - Initializing module TC_26_8_1_3_3_5.
2026/May/29 08:04:39.412307 EXECUTOR - Initialization of module TC_26_8_1_3_3_5 finished.
2026/May/29 08:04:39.412310 EXECUTOR - Initializing module TC_26_8_1_3_3_6.
2026/May/29 08:04:39.412316 EXECUTOR - Initialization of module TC_26_8_1_3_3_6 finished.
2026/May/29 08:04:39.412318 EXECUTOR - Initializing module TC_26_8_1_3_3_7.
2026/May/29 08:04:39.412324 EXECUTOR - Initialization of module TC_26_8_1_3_3_7 finished.
2026/May/29 08:04:39.412327 EXECUTOR - Initializing module TC_26_8_1_3_4_1.
2026/May/29 08:04:39.412336 EXECUTOR - Initialization of module TC_26_8_1_3_4_1 finished.
2026/May/29 08:04:39.412339 EXECUTOR - Initializing module TC_26_8_1_3_4_2.
2026/May/29 08:04:39.412345 EXECUTOR - Initialization of module TC_26_8_1_3_4_2 finished.
2026/May/29 08:04:39.412348 EXECUTOR - Initializing module TC_26_8_1_3_4_3.
2026/May/29 08:04:39.412354 EXECUTOR - Initialization of module TC_26_8_1_3_4_3 finished.
2026/May/29 08:04:39.412357 EXECUTOR - Initializing module TC_26_8_1_3_4_4.
2026/May/29 08:04:39.412363 EXECUTOR - Initialization of module TC_26_8_1_3_4_4 finished.
2026/May/29 08:04:39.412366 EXECUTOR - Initializing module TC_26_8_1_3_4_5.
2026/May/29 08:04:39.412372 EXECUTOR - Initialization of module TC_26_8_1_3_4_5 finished.
2026/May/29 08:04:39.412375 EXECUTOR - Initializing module TC_26_8_1_3_4_6.
2026/May/29 08:04:39.412381 EXECUTOR - Initialization of module TC_26_8_1_3_4_6 finished.
2026/May/29 08:04:39.412384 EXECUTOR - Initializing module TC_26_8_1_3_4_7.
2026/May/29 08:04:39.412390 EXECUTOR - Initialization of module TC_26_8_1_3_4_7 finished.
2026/May/29 08:04:39.412393 EXECUTOR - Initializing module TC_26_8_1_3_4_8.
2026/May/29 08:04:39.412399 EXECUTOR - Initialization of module TC_26_8_1_3_4_8 finished.
2026/May/29 08:04:39.412402 EXECUTOR - Initializing module TC_26_8_1_3_5_1.
2026/May/29 08:04:39.412408 EXECUTOR - Initialization of module TC_26_8_1_3_5_1 finished.
2026/May/29 08:04:39.412411 EXECUTOR - Initializing module TC_26_8_1_3_5_2.
2026/May/29 08:04:39.412417 EXECUTOR - Initialization of module TC_26_8_1_3_5_2 finished.
2026/May/29 08:04:39.412419 EXECUTOR - Initializing module TC_26_8_1_3_5_3.
2026/May/29 08:04:39.412425 EXECUTOR - Initialization of module TC_26_8_1_3_5_3 finished.
2026/May/29 08:04:39.412428 EXECUTOR - Initializing module TC_26_8_1_3_5_4.
2026/May/29 08:04:39.412434 EXECUTOR - Initialization of module TC_26_8_1_3_5_4 finished.
2026/May/29 08:04:39.412437 EXECUTOR - Initializing module TC_26_8_1_3_5_5.
2026/May/29 08:04:39.412443 EXECUTOR - Initialization of module TC_26_8_1_3_5_5 finished.
2026/May/29 08:04:39.412446 EXECUTOR - Initializing module TC_26_8_1_3_5_6.
2026/May/29 08:04:39.412452 EXECUTOR - Initialization of module TC_26_8_1_3_5_6 finished.
2026/May/29 08:04:39.412455 EXECUTOR - Initializing module TC_26_8_1_3_5_7.
2026/May/29 08:04:39.412462 EXECUTOR - Initialization of module TC_26_8_1_3_5_7 finished.
2026/May/29 08:04:39.412465 EXECUTOR - Initializing module TC_26_8_1_3_5_8.
2026/May/29 08:04:39.412475 EXECUTOR - Initialization of module TC_26_8_1_3_5_8 finished.
2026/May/29 08:04:39.412478 EXECUTOR - Initializing module TC_26_8_1_3_5_9.
2026/May/29 08:04:39.412484 EXECUTOR - Initialization of module TC_26_8_1_3_5_9 finished.
2026/May/29 08:04:39.412487 EXECUTOR - Initializing module TC_26_8_2_1.
2026/May/29 08:04:39.412494 EXECUTOR - Initialization of module TC_26_8_2_1 finished.
2026/May/29 08:04:39.412497 EXECUTOR - Initializing module TC_26_8_2_2.
2026/May/29 08:04:39.412503 EXECUTOR - Initialization of module TC_26_8_2_2 finished.
2026/May/29 08:04:39.412506 EXECUTOR - Initializing module TC_26_8_2_3.
2026/May/29 08:04:39.412513 EXECUTOR - Initialization of module TC_26_8_2_3 finished.
2026/May/29 08:04:39.412516 EXECUTOR - Initializing module TC_26_8_3.
2026/May/29 08:04:39.412523 EXECUTOR - Initialization of module TC_26_8_3 finished.
2026/May/29 08:04:39.412526 EXECUTOR - Initializing module TC_34_2_2.
2026/May/29 08:04:39.412532 EXECUTOR - Initialization of module TC_34_2_2 finished.
2026/May/29 08:04:39.412535 EXECUTOR - Initializing module TitanLoggerApi.
2026/May/29 08:04:39.412538 EXECUTOR - Initialization of module TitanLoggerApi finished.
2026/May/29 08:04:39.412541 EXECUTOR - Initializing module TitanLoggerControl.
2026/May/29 08:04:39.412543 EXECUTOR - Initialization of module TitanLoggerControl finished.
2026/May/29 08:04:39.412555 EXECUTOR - Configuration data was processed successfully.
2026/May/29 08:04:39.413957 EXECUTOR - MTC was created. Process id: 39.
2026/May/29 08:05:49.535324 EXECUTOR - Exit was requested from MC. Terminating HC.
2026/May/29 08:05:49.535524 EXECUTOR - Disconnected from MC.
2026/May/29 08:05:49.535564 EXECUTOR - TTCN-3 Host Controller finished.
2026/May/29 08:04:39.414762 EXECUTOR - TTCN-3 Main Test Component started on ttcn3-tc-26-7-3-1-zd79m. Version: 11.1.0.
2026/May/29 08:04:39.414921 EXECUTOR - TTCN Logger v2.2 options: TimeStampFormat:=DateTime; LogEntityName:=No; LogEventTypes:=Yes; SourceInfoFormat:=Single; LogSensitiveData:=No; *.FileMask:=LOG_ALL; *.ConsoleMask:=ERROR | TESTCASE | USER | VERDICTOP | WARNING; LogFileSize:=0; LogFileNumber:=1; DiskFullAction:=Error
2026/May/29 08:04:39.414993 EXECUTOR - Connected to MC.
2026/May/29 08:04:39.415119 EXECUTOR - Executing test case TC_26_7_3_1 in module TC_26_7_3_1.
2026/May/29 08:04:39.415331 TESTCASE TC_26_7_3_1.ttcn3:86 Test case TC_26_7_3_1 started.
2026/May/29 08:04:39.415401 PARALLEL TC_26_7_3_1.ttcn3:86 Initializing variables, timers and ports of component type GSM_Component_Definitions.GSM_CT inside testcase TC_26_7_3_1.
2026/May/29 08:04:39.415664 USER TC_26_7_3_1.ttcn3:86 MSC_Port: set_parameter msc_stub_host = 10.42.0.154
2026/May/29 08:04:39.415719 USER TC_26_7_3_1.ttcn3:86 MSC_Port: set_parameter msc_stub_port = 5000
2026/May/29 08:04:39.415774 USER TC_26_7_3_1.ttcn3:86 L3_Port: set_parameter gsmtap_host = 127.0.0.1
2026/May/29 08:04:39.415793 USER TC_26_7_3_1.ttcn3:86 L3_Port: set_parameter gsmtap_port = 4729
2026/May/29 08:04:39.415802 USER TC_26_7_3_1.ttcn3:86 L3_Port: set_parameter local_port = 4730
2026/May/29 08:04:39.415807 USER TC_26_7_3_1.ttcn3:86 L3_Port: set_parameter arfcn = 51
2026/May/29 08:04:39.415818 USER TC_26_7_3_1.ttcn3:86 L3_Port: user_start called
2026/May/29 08:04:39.415831 PORTEVENT TC_26_7_3_1.ttcn3:86 Port L was started.
2026/May/29 08:04:39.415889 PORTEVENT TC_26_7_3_1.ttcn3:86 Port RR was started.
2026/May/29 08:04:39.415896 PORTEVENT TC_26_7_3_1.ttcn3:86 Port MM was started.
2026/May/29 08:04:39.415902 PORTEVENT TC_26_7_3_1.ttcn3:86 Port CC was started.
2026/May/29 08:04:39.415906 USER TC_26_7_3_1.ttcn3:86 MSC_Port: user_start called
2026/May/29 08:04:39.415913 PORTEVENT TC_26_7_3_1.ttcn3:86 Port MSC was started.
2026/May/29 08:04:39.415919 PORTEVENT TC_26_7_3_1.ttcn3:86 Port BSC was started.
2026/May/29 08:04:39.415925 PORTEVENT TC_26_7_3_1.ttcn3:86 Port RSL was started.
2026/May/29 08:04:39.415933 USER TC_26_7_3_1.ttcn3:86 VTY_PT: Starting
2026/May/29 08:04:39.415939 PORTEVENT TC_26_7_3_1.ttcn3:86 Port VTY was started.
2026/May/29 08:04:39.415945 PORTEVENT TC_26_7_3_1.ttcn3:86 Port COORD was started.
2026/May/29 08:04:39.415948 PARALLEL TC_26_7_3_1.ttcn3:86 Component type GSM_Component_Definitions.GSM_CT was initialized.
2026/May/29 08:04:39.416029 USER TC_26_7_3_1.ttcn3:102 ==========================================================
2026/May/29 08:04:39.416038 USER TC_26_7_3_1.ttcn3:103 *** TC_26_7_3_1: Identity Request Test ***
2026/May/29 08:04:39.416043 USER TC_26_7_3_1.ttcn3:104 *** IMSI/TMSI (non-ciphered), IMEI (ciphered/non-ciphered), IMEISV ***
2026/May/29 08:04:39.416049 USER TC_26_7_3_1.ttcn3:105 ==========================================================
2026/May/29 08:04:39.416068 PARALLEL TC_26_7_3_1.ttcn3:108 Mapping port mtc:MSC to system:MSC.
2026/May/29 08:04:39.416134 USER TC_26_7_3_1.ttcn3:108 MSC_Port: Mapping to MSC
2026/May/29 08:04:39.416478 WARNING TC_26_7_3_1.ttcn3:108 Warning: The maximum number of open file descriptors (1048576) is greater than FD_SETSIZE (1024). Ensure that Test Ports using Install_Handler do not try to wait for events of file descriptors with values greater than FD_SETSIZE (1024). (Current caller of Install_Handler is "MSC")
2026/May/29 08:04:39.416516 USER TC_26_7_3_1.ttcn3:108 MSC_Port: Registered socket for async events
2026/May/29 08:04:39.416524 USER TC_26_7_3_1.ttcn3:108 MSC_Port: Connected to MSC stub at 10.42.0.154:5000
2026/May/29 08:04:39.416534 PORTEVENT TC_26_7_3_1.ttcn3:108 Port MSC was mapped to system:MSC.
2026/May/29 08:04:39.416625 PARALLEL TC_26_7_3_1.ttcn3:108 Map operation of mtc:MSC to system:MSC finished.
2026/May/29 08:04:39.416667 PARALLEL TC_26_7_3_1.ttcn3:109 Mapping port mtc:VTY to system:VTY.
2026/May/29 08:04:39.416698 USER TC_26_7_3_1.ttcn3:109 VTY_PT: Mapping port to VTY interface
2026/May/29 08:04:39.416895 USER TC_26_7_3_1.ttcn3:109 VTY_PT: Connected to VTY at 10.43.173.223:4247
2026/May/29 08:04:39.917263 USER TC_26_7_3_1.ttcn3:109 VTY_PT: Initial banner received
2026/May/29 08:04:39.917341 PORTEVENT TC_26_7_3_1.ttcn3:109 Port VTY was mapped to system:VTY.
2026/May/29 08:04:39.917448 USER TC_26_7_3_1.ttcn3:109 MSC_Port: RX: {"type": "WELCOME", "status": "connected"}
2026/May/29 08:04:39.917594 PORTEVENT TC_26_7_3_1.ttcn3:109 Message enqueued on MSC from system charstring : "{\"type\": \"WELCOME\", \"status\": \"connected\"}" id 1
2026/May/29 08:04:39.917642 USER TC_26_7_3_1.ttcn3:109 MSC_Port: RX: {"type": "EVENT_LU_REQUEST", "bsc_slr": 1, "msc_slr": 1, "cksn": 1, "lu_type": 7, "old_mcc": "901", "old_mnc": "70", "old_lac": 0, "mi_type": "imsi"}
2026/May/29 08:04:39.917658 PORTEVENT TC_26_7_3_1.ttcn3:109 Message enqueued on MSC from system charstring : "{\"type\": \"EVENT_LU_REQUEST\", \"bsc_slr\": 1, \"msc_slr\": 1, \"cksn\": 1, \"lu_type\": 7, \"old_mcc\": \"901\", \"old_mnc\": \"70\", \"old_lac\": 0, \"mi_type\": \"imsi\"}" id 2
2026/May/29 08:04:39.917665 USER TC_26_7_3_1.ttcn3:109 MSC_Port: RX: {"type": "EVENT_CLEAR_REQUEST", "bsc_slr": 1}
2026/May/29 08:04:39.917674 PORTEVENT TC_26_7_3_1.ttcn3:109 Message enqueued on MSC from system charstring : "{\"type\": \"EVENT_CLEAR_REQUEST\", \"bsc_slr\": 1}" id 3
2026/May/29 08:04:39.917689 PARALLEL TC_26_7_3_1.ttcn3:109 Map operation of mtc:VTY to system:VTY finished.
2026/May/29 08:04:39.917718 TIMEROP TC_26_7_3_1.ttcn3:112 Start timer T_guard: 1800 s
2026/May/29 08:04:39.917779 USER TC_26_7_3_1.ttcn3:115 *** Step 1: Checking for buffered Location Update Request ***
2026/May/29 08:04:39.917790 TIMEROP TC_26_7_3_1.ttcn3:119 Start timer T_init: 3 s
2026/May/29 08:04:39.917834 PORTEVENT TC_26_7_3_1.ttcn3:122 Receive operation on port MSC succeeded, message from system(): charstring : "{\"type\": \"WELCOME\", \"status\": \"connected\"}" id 1
2026/May/29 08:04:39.917869 PORTEVENT TC_26_7_3_1.ttcn3:122 Message with id 1 was extracted from the queue of MSC.
2026/May/29 08:04:39.918097 PORTEVENT TC_26_7_3_1.ttcn3:122 Receive operation on port MSC succeeded, message from system(): charstring : "{\"type\": \"EVENT_LU_REQUEST\", \"bsc_slr\": 1, \"msc_slr\": 1, \"cksn\": 1, \"lu_type\": 7, \"old_mcc\": \"901\", \"old_mnc\": \"70\", \"old_lac\": 0, \"mi_type\": \"imsi\"}" id 2
2026/May/29 08:04:39.918109 PORTEVENT TC_26_7_3_1.ttcn3:122 Message with id 2 was extracted from the queue of MSC.
2026/May/29 08:04:39.918182 USER TC_26_7_3_1.ttcn3:124 *** Captured buffered LU Request ***
2026/May/29 08:04:39.918316 USER TC_26_7_3_1.ttcn3:55 Extracted bsc_slr = 1 from event
2026/May/29 08:04:39.918358 TIMEROP TC_26_7_3_1.ttcn3:127 Stop timer T_init: 3 s
2026/May/29 08:04:39.918375 USER TC_26_7_3_1.ttcn3:208 *** Step 3: Sending Location Update Accept with TMSI ***
2026/May/29 08:04:39.918425 PORTEVENT TC_26_7_3_1.ttcn3:210 Sent on MSC to system charstring : "{\"command\": \"CMD_SEND_LU_ACCEPT_CUSTOM\", \"params\": {\"bsc_slr\": 1, \"mcc\": \"901\", \"mnc\": \"70\", \"lac\": 4242, \"tmsi\": 305419896}}"
2026/May/29 08:04:39.918544 USER TC_26_7_3_1.ttcn3:210 MSC_Port: TX: {"command": "CMD_SEND_LU_ACCEPT_CUSTOM", "params": {"bsc_slr": 1, "mcc": "901", "mnc": "70", "lac": 4242, "tmsi": 305419896}}
2026/May/29 08:04:39.918555 USER TC_26_7_3_1.ttcn3:213 *** Step 4: Waiting for TMSI Reallocation Complete ***
2026/May/29 08:04:39.918561 TIMEROP TC_26_7_3_1.ttcn3:215 Start timer T_tmsi_complete: 10 s
2026/May/29 08:04:39.918573 PORTEVENT TC_26_7_3_1.ttcn3:219 Receive operation on port MSC succeeded, message from system(): charstring : "{\"type\": \"EVENT_CLEAR_REQUEST\", \"bsc_slr\": 1}" id 3
2026/May/29 08:04:39.918579 PORTEVENT TC_26_7_3_1.ttcn3:219 Message with id 3 was extracted from the queue of MSC.
2026/May/29 08:04:39.918672 USER TC_26_7_3_1.ttcn3:228 Event during TMSI wait: "{\"type\": \"EVENT_CLEAR_REQUEST\", \"bsc_slr\": 1}"
2026/May/29 08:04:40.420085 USER TC_26_7_3_1.ttcn3:218 MSC_Port: RX: {"status": "ok", "sent": true}
2026/May/29 08:04:40.420140 PORTEVENT TC_26_7_3_1.ttcn3:218 Message enqueued on MSC from system charstring : "{\"status\": \"ok\", \"sent\": true}" id 4
2026/May/29 08:04:40.420167 PORTEVENT TC_26_7_3_1.ttcn3:219 Receive operation on port MSC succeeded, message from system(): charstring : "{\"status\": \"ok\", \"sent\": true}" id 4
2026/May/29 08:04:40.420176 PORTEVENT TC_26_7_3_1.ttcn3:219 Message with id 4 was extracted from the queue of MSC.
2026/May/29 08:04:40.420265 USER TC_26_7_3_1.ttcn3:228 Event during TMSI wait: "{\"status\": \"ok\", \"sent\": true}"
2026/May/29 08:04:44.424171 USER TC_26_7_3_1.ttcn3:218 MSC_Port: RX: {"type": "HEARTBEAT"}
2026/May/29 08:04:44.424234 PORTEVENT TC_26_7_3_1.ttcn3:218 Message enqueued on MSC from system charstring : "{\"type\": \"HEARTBEAT\"}" id 5
2026/May/29 08:04:44.424256 PORTEVENT TC_26_7_3_1.ttcn3:219 Receive operation on port MSC succeeded, message from system(): charstring : "{\"type\": \"HEARTBEAT\"}" id 5
2026/May/29 08:04:44.424265 PORTEVENT TC_26_7_3_1.ttcn3:219 Message with id 5 was extracted from the queue of MSC.
2026/May/29 08:04:49.429317 USER TC_26_7_3_1.ttcn3:218 MSC_Port: RX: {"type": "HEARTBEAT"}
2026/May/29 08:04:49.429418 PORTEVENT TC_26_7_3_1.ttcn3:218 Message enqueued on MSC from system charstring : "{\"type\": \"HEARTBEAT\"}" id 6
2026/May/29 08:04:49.429458 PORTEVENT TC_26_7_3_1.ttcn3:219 Receive operation on port MSC succeeded, message from system(): charstring : "{\"type\": \"HEARTBEAT\"}" id 6
2026/May/29 08:04:49.429476 PORTEVENT TC_26_7_3_1.ttcn3:219 Message with id 6 was extracted from the queue of MSC.
2026/May/29 08:04:49.918602 TIMEROP TC_26_7_3_1.ttcn3:232 Timeout T_tmsi_complete: 10 s
2026/May/29 08:04:49.918663 USER TC_26_7_3_1.ttcn3:233 WARNING: TMSI Reallocation Complete timeout - proceeding anyway
2026/May/29 08:04:49.918688 USER TC_26_7_3_1.ttcn3:239 *** Step 5: Releasing connection ***
2026/May/29 08:04:49.918697 TIMEROP TC_26_7_3_1.ttcn3:241 Start timer T_wait_release: 2 s
2026/May/29 08:04:51.918971 TIMEROP TC_26_7_3_1.ttcn3:242 Timeout T_wait_release: 2 s
2026/May/29 08:04:51.919044 PORTEVENT TC_26_7_3_1.ttcn3:245 Sent on MSC to system charstring : "{\"command\": \"CMD_SEND_CLEAR_CMD\", \"params\": {\"bsc_slr\": 1, \"cause\": 0}}"
2026/May/29 08:04:51.919142 USER TC_26_7_3_1.ttcn3:245 MSC_Port: TX: {"command": "CMD_SEND_CLEAR_CMD", "params": {"bsc_slr": 1, "cause": 0}}
2026/May/29 08:04:51.919164 USER TC_26_7_3_1.ttcn3:248 *** Step 6: Waiting for mobile to settle in idle updated state ***
2026/May/29 08:04:51.919172 TIMEROP TC_26_7_3_1.ttcn3:250 Start timer T_settle: 25 s
2026/May/29 08:04:51.919638 USER TC_26_7_3_1.ttcn3:252 MSC_Port: RX: {"status": "ok"}
2026/May/29 08:04:51.919655 PORTEVENT TC_26_7_3_1.ttcn3:252 Message enqueued on MSC from system charstring : "{\"status\": \"ok\"}" id 7
2026/May/29 08:04:51.919669 PORTEVENT TC_26_7_3_1.ttcn3:253 Receive operation on port MSC succeeded, message from system(): charstring : "{\"status\": \"ok\"}" id 7
2026/May/29 08:04:51.919677 PORTEVENT TC_26_7_3_1.ttcn3:253 Message with id 7 was extracted from the queue of MSC.
2026/May/29 08:04:51.919682 USER TC_26_7_3_1.ttcn3:254 Event during settle: "{\"status\": \"ok\"}"
2026/May/29 08:04:51.920518 USER TC_26_7_3_1.ttcn3:252 MSC_Port: RX: {"type": "EVENT_BSSMAP_CLEAR_COMPLETE", "bsc_slr": 1}
2026/May/29 08:04:51.920543 PORTEVENT TC_26_7_3_1.ttcn3:252 Message enqueued on MSC from system charstring : "{\"type\": \"EVENT_BSSMAP_CLEAR_COMPLETE\", \"bsc_slr\": 1}" id 8
2026/May/29 08:04:51.920557 PORTEVENT TC_26_7_3_1.ttcn3:253 Receive operation on port MSC succeeded, message from system(): charstring : "{\"type\": \"EVENT_BSSMAP_CLEAR_COMPLETE\", \"bsc_slr\": 1}" id 8
2026/May/29 08:04:51.920564 PORTEVENT TC_26_7_3_1.ttcn3:253 Message with id 8 was extracted from the queue of MSC.
2026/May/29 08:04:51.920569 USER TC_26_7_3_1.ttcn3:254 Event during settle: "{\"type\": \"EVENT_BSSMAP_CLEAR_COMPLETE\", \"bsc_slr\": 1}"
2026/May/29 08:04:54.421888 USER TC_26_7_3_1.ttcn3:252 MSC_Port: RX: {"type": "EVENT_LU_REQUEST", "bsc_slr": 2, "msc_slr": 2, "cksn": 0, "lu_type": 7, "old_mcc": "901", "old_mnc": "70", "old_lac": 0, "mi_type": "imsi"}
2026/May/29 08:04:54.422022 PORTEVENT TC_26_7_3_1.ttcn3:252 Message enqueued on MSC from system charstring : "{\"type\": \"EVENT_LU_REQUEST\", \"bsc_slr\": 2, \"msc_slr\": 2, \"cksn\": 0, \"lu_type\": 7, \"old_mcc\": \"901\", \"old_mnc\": \"70\", \"old_lac\": 0, \"mi_type\": \"imsi\"}" id 9
2026/May/29 08:04:54.422075 PORTEVENT TC_26_7_3_1.ttcn3:253 Receive operation on port MSC succeeded, message from system(): charstring : "{\"type\": \"EVENT_LU_REQUEST\", \"bsc_slr\": 2, \"msc_slr\": 2, \"cksn\": 0, \"lu_type\": 7, \"old_mcc\": \"901\", \"old_mnc\": \"70\", \"old_lac\": 0, \"mi_type\": \"imsi\"}" id 9
2026/May/29 08:04:54.422092 PORTEVENT TC_26_7_3_1.ttcn3:253 Message with id 9 was extracted from the queue of MSC.
2026/May/29 08:04:54.422102 USER TC_26_7_3_1.ttcn3:254 Event during settle: "{\"type\": \"EVENT_LU_REQUEST\", \"bsc_slr\": 2, \"msc_slr\": 2, \"cksn\": 0, \"lu_type\": 7, \"old_mcc\": \"901\", \"old_mnc\": \"70\", \"old_lac\": 0, \"mi_type\": \"imsi\"}"
2026/May/29 08:04:54.922163 USER TC_26_7_3_1.ttcn3:252 MSC_Port: RX: {"type": "HEARTBEAT"}
2026/May/29 08:04:54.922222 PORTEVENT TC_26_7_3_1.ttcn3:252 Message enqueued on MSC from system charstring : "{\"type\": \"HEARTBEAT\"}" id 10
2026/May/29 08:04:54.922243 PORTEVENT TC_26_7_3_1.ttcn3:253 Receive operation on port MSC succeeded, message from system(): charstring : "{\"type\": \"HEARTBEAT\"}" id 10
2026/May/29 08:04:54.922252 PORTEVENT TC_26_7_3_1.ttcn3:253 Message with id 10 was extracted from the queue of MSC.
2026/May/29 08:04:54.922257 USER TC_26_7_3_1.ttcn3:254 Event during settle: "{\"type\": \"HEARTBEAT\"}"
2026/May/29 08:04:56.538783 USER TC_26_7_3_1.ttcn3:252 MSC_Port: RX: {"type": "EVENT_LU_REQUEST", "bsc_slr": 2, "msc_slr": 2, "cksn": 1, "lu_type": 7, "old_mcc": "901", "old_mnc": "70", "old_lac": 0, "mi_type": "imsi"}
2026/May/29 08:04:56.538838 PORTEVENT TC_26_7_3_1.ttcn3:252 Message enqueued on MSC from system charstring : "{\"type\": \"EVENT_LU_REQUEST\", \"bsc_slr\": 2, \"msc_slr\": 2, \"cksn\": 1, \"lu_type\": 7, \"old_mcc\": \"901\", \"old_mnc\": \"70\", \"old_lac\": 0, \"mi_type\": \"imsi\"}" id 11
2026/May/29 08:04:56.538865 PORTEVENT TC_26_7_3_1.ttcn3:253 Receive operation on port MSC succeeded, message from system(): charstring : "{\"type\": \"EVENT_LU_REQUEST\", \"bsc_slr\": 2, \"msc_slr\": 2, \"cksn\": 1, \"lu_type\": 7, \"old_mcc\": \"901\", \"old_mnc\": \"70\", \"old_lac\": 0, \"mi_type\": \"imsi\"}" id 11
2026/May/29 08:04:56.538875 PORTEVENT TC_26_7_3_1.ttcn3:253 Message with id 11 was extracted from the queue of MSC.
2026/May/29 08:04:56.538879 USER TC_26_7_3_1.ttcn3:254 Event during settle: "{\"type\": \"EVENT_LU_REQUEST\", \"bsc_slr\": 2, \"msc_slr\": 2, \"cksn\": 1, \"lu_type\": 7, \"old_mcc\": \"901\", \"old_mnc\": \"70\", \"old_lac\": 0, \"mi_type\": \"imsi\"}"
2026/May/29 08:04:59.927133 USER TC_26_7_3_1.ttcn3:252 MSC_Port: RX: {"type": "HEARTBEAT"}
2026/May/29 08:04:59.927199 PORTEVENT TC_26_7_3_1.ttcn3:252 Message enqueued on MSC from system charstring : "{\"type\": \"HEARTBEAT\"}" id 12
2026/May/29 08:04:59.927226 PORTEVENT TC_26_7_3_1.ttcn3:253 Receive operation on port MSC succeeded, message from system(): charstring : "{\"type\": \"HEARTBEAT\"}" id 12
2026/May/29 08:04:59.927239 PORTEVENT TC_26_7_3_1.ttcn3:253 Message with id 12 was extracted from the queue of MSC.
2026/May/29 08:04:59.927246 USER TC_26_7_3_1.ttcn3:254 Event during settle: "{\"type\": \"HEARTBEAT\"}"
2026/May/29 08:05:04.932159 USER TC_26_7_3_1.ttcn3:252 MSC_Port: RX: {"type": "HEARTBEAT"}
2026/May/29 08:05:04.932223 PORTEVENT TC_26_7_3_1.ttcn3:252 Message enqueued on MSC from system charstring : "{\"type\": \"HEARTBEAT\"}" id 13
2026/May/29 08:05:04.932245 PORTEVENT TC_26_7_3_1.ttcn3:253 Receive operation on port MSC succeeded, message from system(): charstring : "{\"type\": \"HEARTBEAT\"}" id 13
2026/May/29 08:05:04.932254 PORTEVENT TC_26_7_3_1.ttcn3:253 Message with id 13 was extracted from the queue of MSC.
2026/May/29 08:05:04.932260 USER TC_26_7_3_1.ttcn3:254 Event during settle: "{\"type\": \"HEARTBEAT\"}"
2026/May/29 08:05:09.937210 USER TC_26_7_3_1.ttcn3:252 MSC_Port: RX: {"type": "HEARTBEAT"}
2026/May/29 08:05:09.937275 PORTEVENT TC_26_7_3_1.ttcn3:252 Message enqueued on MSC from system charstring : "{\"type\": \"HEARTBEAT\"}" id 14
2026/May/29 08:05:09.937296 PORTEVENT TC_26_7_3_1.ttcn3:253 Receive operation on port MSC succeeded, message from system(): charstring : "{\"type\": \"HEARTBEAT\"}" id 14
2026/May/29 08:05:09.937303 PORTEVENT TC_26_7_3_1.ttcn3:253 Message with id 14 was extracted from the queue of MSC.
2026/May/29 08:05:09.937306 USER TC_26_7_3_1.ttcn3:254 Event during settle: "{\"type\": \"HEARTBEAT\"}"
2026/May/29 08:05:14.942144 USER TC_26_7_3_1.ttcn3:252 MSC_Port: RX: {"type": "HEARTBEAT"}
2026/May/29 08:05:14.942199 PORTEVENT TC_26_7_3_1.ttcn3:252 Message enqueued on MSC from system charstring : "{\"type\": \"HEARTBEAT\"}" id 15
2026/May/29 08:05:14.942219 PORTEVENT TC_26_7_3_1.ttcn3:253 Receive operation on port MSC succeeded, message from system(): charstring : "{\"type\": \"HEARTBEAT\"}" id 15
2026/May/29 08:05:14.942227 PORTEVENT TC_26_7_3_1.ttcn3:253 Message with id 15 was extracted from the queue of MSC.
2026/May/29 08:05:14.942231 USER TC_26_7_3_1.ttcn3:254 Event during settle: "{\"type\": \"HEARTBEAT\"}"
2026/May/29 08:05:16.709669 USER TC_26_7_3_1.ttcn3:252 MSC_Port: RX: {"type": "EVENT_CLEAR_REQUEST", "bsc_slr": 2}
2026/May/29 08:05:16.709774 PORTEVENT TC_26_7_3_1.ttcn3:252 Message enqueued on MSC from system charstring : "{\"type\": \"EVENT_CLEAR_REQUEST\", \"bsc_slr\": 2}" id 16
2026/May/29 08:05:16.709817 PORTEVENT TC_26_7_3_1.ttcn3:253 Receive operation on port MSC succeeded, message from system(): charstring : "{\"type\": \"EVENT_CLEAR_REQUEST\", \"bsc_slr\": 2}" id 16
2026/May/29 08:05:16.709836 PORTEVENT TC_26_7_3_1.ttcn3:253 Message with id 16 was extracted from the queue of MSC.
2026/May/29 08:05:16.709848 USER TC_26_7_3_1.ttcn3:254 Event during settle: "{\"type\": \"EVENT_CLEAR_REQUEST\", \"bsc_slr\": 2}"
2026/May/29 08:05:16.919199 TIMEROP TC_26_7_3_1.ttcn3:257 Timeout T_settle: 25 s
2026/May/29 08:05:16.919290 USER TC_26_7_3_1.ttcn3:258 Mobile should now be in idle updated state with TMSI
2026/May/29 08:05:16.919333 USER TC_26_7_3_1.ttcn3:263 *** Verifying idle updated state with TMSI ***
2026/May/29 08:05:16.919383 USER GSM_Component_Definitions.ttcn3:455 VTY: Sending command: "show subscriber"
2026/May/29 08:05:16.919431 PORTEVENT GSM_Component_Definitions.ttcn3:456 Sent on VTY to system charstring : "show subscriber"
2026/May/29 08:05:16.919483 USER GSM_Component_Definitions.ttcn3:456 VTY_PT: Sending command: "show subscriber"
2026/May/29 08:05:17.119751 USER GSM_Component_Definitions.ttcn3:456 VTY_PT: Received response: show subscriber
Mobile Subscriber of MS '1':
 IMSI: 901700000000001
 Status: U2_NOT_UPDATED  IMSI detached  LAI: invalid
 GPRS Status: GU0_NULL IMSI detached  PTMSI 0xffffffff  PTMSI-sig 0x000000  RAI: invalid
  P-TMSI 0x00000000 Registered PLMN: MCC-MNC 901-70  (International, 70)
 Access barred cells: no
 Access classes: C0 C1 C2 C3 C4 C5 C6 C7 C8 C9 C10 C11 C12 C13 C14 C15

OsmocomBB(mobile)> 
OsmocomBB(mobile)> 
2026/May/29 08:05:17.119976 PORTEVENT GSM_Component_Definitions.ttcn3:456 Message enqueued on VTY from system charstring : "show subscriber\r\nMobile Subscriber of MS '1':\r\n IMSI: 901700000000001\r\n Status: U2_NOT_UPDATED  IMSI detached  LAI: invalid\r\n GPRS Status: GU0_NULL IMSI detached  PTMSI 0xffffffff  PTMSI-sig 0x000000  RAI: invalid\r\n  P-TMSI 0x00000000 Registered PLMN: MCC-MNC 901-70  (International, 70)\r\n Access barred cells: no\r\n Access classes: C0 C1 C2 C3 C4 C5 C6 C7 C8 C9 C10 C11 C12 C13 C14 C15\r\n\r\nOsmocomBB(mobile)> \r\nOsmocomBB(mobile)> " id 1
2026/May/29 08:05:17.120035 TIMEROP GSM_Component_Definitions.ttcn3:459 Start timer T_vty: 5 s
2026/May/29 08:05:17.120116 PORTEVENT GSM_Component_Definitions.ttcn3:462 Receive operation on port VTY succeeded, message from system(): charstring : "show subscriber\r\nMobile Subscriber of MS '1':\r\n IMSI: 901700000000001\r\n Status: U2_NOT_UPDATED  IMSI detached  LAI: invalid\r\n GPRS Status: GU0_NULL IMSI detached  PTMSI 0xffffffff  PTMSI-sig 0x000000  RAI: invalid\r\n  P-TMSI 0x00000000 Registered PLMN: MCC-MNC 901-70  (International, 70)\r\n Access barred cells: no\r\n Access classes: C0 C1 C2 C3 C4 C5 C6 C7 C8 C9 C10 C11 C12 C13 C14 C15\r\n\r\nOsmocomBB(mobile)> \r\nOsmocomBB(mobile)> " id 1
2026/May/29 08:05:17.120156 PORTEVENT GSM_Component_Definitions.ttcn3:462 Message with id 1 was extracted from the queue of VTY.
2026/May/29 08:05:17.120179 TIMEROP GSM_Component_Definitions.ttcn3:463 Stop timer T_vty: 5 s
2026/May/29 08:05:17.120190 USER GSM_Component_Definitions.ttcn3:464 VTY: Received response: "show subscriber\r\nMobile Subscriber of MS '1':\r\n IMSI: 901700000000001\r\n Status: U2_NOT_UPDATED  IMSI detached  LAI: invalid\r\n GPRS Status: GU0_NULL IMSI detached  PTMSI 0xffffffff  PTMSI-sig 0x000000  RAI: invalid\r\n  P-TMSI 0x00000000 Registered PLMN: MCC-MNC 901-70  (International, 70)\r\n Access barred cells: no\r\n Access classes: C0 C1 C2 C3 C4 C5 C6 C7 C8 C9 C10 C11 C12 C13 C14 C15\r\n\r\nOsmocomBB(mobile)> \r\nOsmocomBB(mobile)> "
2026/May/29 08:05:17.120258 USER TC_26_7_3_1.ttcn3:265 State after LU: "show subscriber\r\nMobile Subscriber of MS '1':\r\n IMSI: 901700000000001\r\n Status: U2_NOT_UPDATED  IMSI detached  LAI: invalid\r\n GPRS Status: GU0_NULL IMSI detached  PTMSI 0xffffffff  PTMSI-sig 0x000000  RAI: invalid\r\n  P-TMSI 0x00000000 Registered PLMN: MCC-MNC 901-70  (International, 70)\r\n Access barred cells: no\r\n Access classes: C0 C1 C2 C3 C4 C5 C6 C7 C8 C9 C10 C11 C12 C13 C14 C15\r\n\r\nOsmocomBB(mobile)> \r\nOsmocomBB(mobile)> "
2026/May/29 08:05:17.120310 USER TC_26_7_3_1.ttcn3:268 *** Step 7: Triggering mobile to initiate MO call ***
2026/May/29 08:05:17.120323 USER GSM_Component_Definitions.ttcn3:455 VTY: Sending command: "enable"
2026/May/29 08:05:17.120346 PORTEVENT GSM_Component_Definitions.ttcn3:456 Sent on VTY to system charstring : "enable"
2026/May/29 08:05:17.120362 USER GSM_Component_Definitions.ttcn3:456 VTY_PT: Sending command: "enable"
2026/May/29 08:05:17.320567 USER GSM_Component_Definitions.ttcn3:456 VTY_PT: Received response: enable
OsmocomBB(mobile)# 
OsmocomBB(mobile)# 
2026/May/29 08:05:17.320673 PORTEVENT GSM_Component_Definitions.ttcn3:456 Message enqueued on VTY from system charstring : "enable\r\nOsmocomBB(mobile)# \r\nOsmocomBB(mobile)# " id 2
2026/May/29 08:05:17.320703 TIMEROP GSM_Component_Definitions.ttcn3:459 Start timer T_vty: 5 s
2026/May/29 08:05:17.320737 PORTEVENT GSM_Component_Definitions.ttcn3:462 Receive operation on port VTY succeeded, message from system(): charstring : "enable\r\nOsmocomBB(mobile)# \r\nOsmocomBB(mobile)# " id 2
2026/May/29 08:05:17.320753 PORTEVENT GSM_Component_Definitions.ttcn3:462 Message with id 2 was extracted from the queue of VTY.
2026/May/29 08:05:17.320764 TIMEROP GSM_Component_Definitions.ttcn3:463 Stop timer T_vty: 5 s
2026/May/29 08:05:17.320775 USER GSM_Component_Definitions.ttcn3:464 VTY: Received response: "enable\r\nOsmocomBB(mobile)# \r\nOsmocomBB(mobile)# "
2026/May/29 08:05:17.320800 USER TC_26_7_3_1.ttcn3:271 VTY enable sent
2026/May/29 08:05:17.320814 USER GSM_Component_Definitions.ttcn3:455 VTY: Sending command: "call 1 12345"
2026/May/29 08:05:17.320836 PORTEVENT GSM_Component_Definitions.ttcn3:456 Sent on VTY to system charstring : "call 1 12345"
2026/May/29 08:05:17.320850 USER GSM_Component_Definitions.ttcn3:456 VTY_PT: Sending command: "call 1 12345"
2026/May/29 08:05:17.521100 USER GSM_Component_Definitions.ttcn3:456 VTY_PT: Received response: call 1 12345
OsmocomBB(mobile)# 
OsmocomBB(mobile)# 
2026/May/29 08:05:17.521205 PORTEVENT GSM_Component_Definitions.ttcn3:456 Message enqueued on VTY from system charstring : "call 1 12345\r\nOsmocomBB(mobile)# \r\nOsmocomBB(mobile)# " id 3
2026/May/29 08:05:17.521235 TIMEROP GSM_Component_Definitions.ttcn3:459 Start timer T_vty: 5 s
2026/May/29 08:05:17.521270 PORTEVENT GSM_Component_Definitions.ttcn3:462 Receive operation on port VTY succeeded, message from system(): charstring : "call 1 12345\r\nOsmocomBB(mobile)# \r\nOsmocomBB(mobile)# " id 3
2026/May/29 08:05:17.521296 PORTEVENT GSM_Component_Definitions.ttcn3:462 Message with id 3 was extracted from the queue of VTY.
2026/May/29 08:05:17.521307 TIMEROP GSM_Component_Definitions.ttcn3:463 Stop timer T_vty: 5 s
2026/May/29 08:05:17.521318 USER GSM_Component_Definitions.ttcn3:464 VTY: Received response: "call 1 12345\r\nOsmocomBB(mobile)# \r\nOsmocomBB(mobile)# "
2026/May/29 08:05:17.521344 USER TC_26_7_3_1.ttcn3:274 VTY call command sent
2026/May/29 08:05:17.521357 TIMEROP TC_26_7_3_1.ttcn3:277 Start timer T_call_delay: 2 s
2026/May/29 08:05:19.521990 TIMEROP TC_26_7_3_1.ttcn3:278 Timeout T_call_delay: 2 s
2026/May/29 08:05:19.522082 USER TC_26_7_3_1.ttcn3:280 MO call triggered - mobile should send CM SERVICE REQUEST
2026/May/29 08:05:19.522122 USER TC_26_7_3_1.ttcn3:283 *** Step 8: Waiting for CM SERVICE REQUEST ***
2026/May/29 08:05:19.522137 TIMEROP TC_26_7_3_1.ttcn3:286 Start timer T_cm_req: 30 s
2026/May/29 08:05:19.947176 USER TC_26_7_3_1.ttcn3:289 MSC_Port: RX: {"type": "HEARTBEAT"}
2026/May/29 08:05:19.947242 PORTEVENT TC_26_7_3_1.ttcn3:289 Message enqueued on MSC from system charstring : "{\"type\": \"HEARTBEAT\"}" id 17
2026/May/29 08:05:19.947264 PORTEVENT TC_26_7_3_1.ttcn3:290 Receive operation on port MSC succeeded, message from system(): charstring : "{\"type\": \"HEARTBEAT\"}" id 17
2026/May/29 08:05:19.947273 PORTEVENT TC_26_7_3_1.ttcn3:290 Message with id 17 was extracted from the queue of MSC.
2026/May/29 08:05:20.469496 USER TC_26_7_3_1.ttcn3:289 VTY_PT: Received data (buffered): 68 bytes
2026/May/29 08:05:24.952238 USER TC_26_7_3_1.ttcn3:289 MSC_Port: RX: {"type": "HEARTBEAT"}
2026/May/29 08:05:24.952307 PORTEVENT TC_26_7_3_1.ttcn3:289 Message enqueued on MSC from system charstring : "{\"type\": \"HEARTBEAT\"}" id 18
2026/May/29 08:05:24.952332 PORTEVENT TC_26_7_3_1.ttcn3:290 Receive operation on port MSC succeeded, message from system(): charstring : "{\"type\": \"HEARTBEAT\"}" id 18
2026/May/29 08:05:24.952343 PORTEVENT TC_26_7_3_1.ttcn3:290 Message with id 18 was extracted from the queue of MSC.
2026/May/29 08:05:29.957144 USER TC_26_7_3_1.ttcn3:289 MSC_Port: RX: {"type": "HEARTBEAT"}
2026/May/29 08:05:29.957214 PORTEVENT TC_26_7_3_1.ttcn3:289 Message enqueued on MSC from system charstring : "{\"type\": \"HEARTBEAT\"}" id 19
2026/May/29 08:05:29.957237 PORTEVENT TC_26_7_3_1.ttcn3:290 Receive operation on port MSC succeeded, message from system(): charstring : "{\"type\": \"HEARTBEAT\"}" id 19
2026/May/29 08:05:29.957246 PORTEVENT TC_26_7_3_1.ttcn3:290 Message with id 19 was extracted from the queue of MSC.
2026/May/29 08:05:34.961406 USER TC_26_7_3_1.ttcn3:289 MSC_Port: RX: {"type": "HEARTBEAT"}
2026/May/29 08:05:34.961471 PORTEVENT TC_26_7_3_1.ttcn3:289 Message enqueued on MSC from system charstring : "{\"type\": \"HEARTBEAT\"}" id 20
2026/May/29 08:05:34.961497 PORTEVENT TC_26_7_3_1.ttcn3:290 Receive operation on port MSC succeeded, message from system(): charstring : "{\"type\": \"HEARTBEAT\"}" id 20
2026/May/29 08:05:34.961507 PORTEVENT TC_26_7_3_1.ttcn3:290 Message with id 20 was extracted from the queue of MSC.
2026/May/29 08:05:36.519006 USER TC_26_7_3_1.ttcn3:289 MSC_Port: Connection closed by stub
2026/May/29 08:05:49.534067 TIMEROP TC_26_7_3_1.ttcn3:305 Timeout T_cm_req: 30 s
2026/May/29 08:05:49.534134 USER TC_26_7_3_1.ttcn3:306 ERROR: No CM SERVICE REQUEST received
2026/May/29 08:05:49.534207 VERDICTOP TC_26_7_3_1.ttcn3:307 setverdict(fail): none -> fail
2026/May/29 08:05:49.534271 TIMEROP TC_26_7_3_1.ttcn3:308 Stop timer T_guard: 1800 s
2026/May/29 08:05:49.534285 PARALLEL TC_26_7_3_1.ttcn3:309 Unmapping port mtc:MSC from system:MSC.
2026/May/29 08:05:49.534335 USER TC_26_7_3_1.ttcn3:309 MSC_Port: Unmapping from MSC
2026/May/29 08:05:49.534345 PORTEVENT TC_26_7_3_1.ttcn3:309 Port MSC was unmapped from system:MSC.
2026/May/29 08:05:49.534377 PARALLEL TC_26_7_3_1.ttcn3:309 Unmap operation of mtc:MSC from system:MSC finished.
2026/May/29 08:05:49.534387 PARALLEL TC_26_7_3_1.ttcn3:310 Unmapping port mtc:VTY from system:VTY.
2026/May/29 08:05:49.534426 USER TC_26_7_3_1.ttcn3:310 VTY_PT: Unmapping port from VTY interface
2026/May/29 08:05:49.534531 USER TC_26_7_3_1.ttcn3:310 VTY_PT: Disconnected from VTY
2026/May/29 08:05:49.534540 PORTEVENT TC_26_7_3_1.ttcn3:310 Port VTY was unmapped from system:VTY.
2026/May/29 08:05:49.534564 PARALLEL TC_26_7_3_1.ttcn3:310 Unmap operation of mtc:VTY from system:VTY finished.
2026/May/29 08:05:49.534577 PARALLEL TC_26_7_3_1.ttcn3:311 Stopping test component execution.
2026/May/29 08:05:49.534743 FUNCTION TC_26_7_3_1.ttcn3:311 Test case TC_26_7_3_1 was stopped.
2026/May/29 08:05:49.534767 PARALLEL TC_26_7_3_1.ttcn3:311 Terminating component type GSM_Component_Definitions.GSM_CT.
2026/May/29 08:05:49.534786 USER TC_26_7_3_1.ttcn3:311 L3_Port: user_stop called
2026/May/29 08:05:49.534793 PORTEVENT TC_26_7_3_1.ttcn3:311 Port L was stopped.
2026/May/29 08:05:49.534805 PORTEVENT TC_26_7_3_1.ttcn3:311 Port RR was stopped.
2026/May/29 08:05:49.534815 PORTEVENT TC_26_7_3_1.ttcn3:311 Port MM was stopped.
2026/May/29 08:05:49.534824 PORTEVENT TC_26_7_3_1.ttcn3:311 Port CC was stopped.
2026/May/29 08:05:49.534828 USER TC_26_7_3_1.ttcn3:311 MSC_Port: user_stop called
2026/May/29 08:05:49.534834 PORTEVENT TC_26_7_3_1.ttcn3:311 Port MSC was stopped.
2026/May/29 08:05:49.534844 USER TC_26_7_3_1.ttcn3:311 BSC_Port: user_stop called
2026/May/29 08:05:49.534850 PORTEVENT TC_26_7_3_1.ttcn3:311 Port BSC was stopped.
2026/May/29 08:05:49.534854 PORTEVENT TC_26_7_3_1.ttcn3:311 Port RSL was stopped.
2026/May/29 08:05:49.534857 USER TC_26_7_3_1.ttcn3:311 VTY_PT: Stopping
2026/May/29 08:05:49.534863 PORTEVENT TC_26_7_3_1.ttcn3:311 Port VTY was stopped.
2026/May/29 08:05:49.534866 PORTEVENT TC_26_7_3_1.ttcn3:311 Port COORD was stopped.
2026/May/29 08:05:49.534870 PARALLEL TC_26_7_3_1.ttcn3:311 Component type GSM_Component_Definitions.GSM_CT was shut down inside testcase TC_26_7_3_1.
2026/May/29 08:05:49.534877 EXECUTOR TC_26_7_3_1.ttcn3:311 Waiting for PTCs to finish.
2026/May/29 08:05:49.534915 VERDICTOP TC_26_7_3_1.ttcn3:311 Setting final verdict of the test case.
2026/May/29 08:05:49.534970 VERDICTOP TC_26_7_3_1.ttcn3:311 Local verdict of MTC: fail
2026/May/29 08:05:49.534992 VERDICTOP TC_26_7_3_1.ttcn3:311 No PTCs were created.
2026/May/29 08:05:49.535003 TESTCASE TC_26_7_3_1.ttcn3:311 Test case TC_26_7_3_1 finished. Verdict: fail
2026/May/29 08:05:49.535121 STATISTICS - Verdict statistics: 0 none (0.00 %), 0 pass (0.00 %), 0 inconc (0.00 %), 1 fail (100.00 %), 0 error (0.00 %).
2026/May/29 08:05:49.535161 STATISTICS - Test execution summary: 1 test case was executed. Overall verdict: fail
2026/May/29 08:05:49.535164 EXECUTOR - Exit was requested from MC. Terminating MTC.
======================================================
TEST RESULT: FAIL
