2026/Jun/15 05:22:29.512261 EXECUTOR - TTCN-3 Main Test Component started on ttcn3-tc-26-6-8-2-1-b58gx. Version: 11.1.0.
2026/Jun/15 05:22:29.512409 EXECUTOR - TTCN Logger v2.2 options: TimeStampFormat:=DateTime; LogEntityName:=No; LogEventTypes:=Yes; SourceInfoFormat:=Single; LogSensitiveData:=No; *.FileMask:=LOG_ALL | MATCHING | DEBUG; *.ConsoleMask:=LOG_ALL; LogFileSize:=0; LogFileNumber:=1; DiskFullAction:=Error
2026/Jun/15 05:22:29.512483 EXECUTOR - Connected to MC.
2026/Jun/15 05:22:29.512644 PARALLEL - Executing control part of module TC_26_6_8_2.
2026/Jun/15 05:22:29.512813 STATISTICS TC_26_6_8_2.ttcn3:418 Execution of control part in module TC_26_6_8_2 started.
2026/Jun/15 05:22:29.512913 TESTCASE TC_26_6_8_2.ttcn3:52 Test case TC_26_6_8_2_test started.
2026/Jun/15 05:22:29.512962 PARALLEL TC_26_6_8_2.ttcn3:52 Initializing variables, timers and ports of component type GSM_Component_Definitions.GSM_CT inside testcase TC_26_6_8_2_test.
2026/Jun/15 05:22:29.513179 USER TC_26_6_8_2.ttcn3:52 MSC_Port: set_parameter msc_host = 10.42.0.231
2026/Jun/15 05:22:29.513196 WARNING TC_26_6_8_2.ttcn3:52 MSC_Port: Unknown parameter 'msc_host'
2026/Jun/15 05:22:29.513201 USER TC_26_6_8_2.ttcn3:52 MSC_Port: set_parameter msc_port = 5000
2026/Jun/15 05:22:29.513205 WARNING TC_26_6_8_2.ttcn3:52 MSC_Port: Unknown parameter 'msc_port'
2026/Jun/15 05:22:29.513270 USER TC_26_6_8_2.ttcn3:52 L3_Port: user_start called
2026/Jun/15 05:22:29.513280 PORTEVENT TC_26_6_8_2.ttcn3:52 Port L was started.
2026/Jun/15 05:22:29.513324 PORTEVENT TC_26_6_8_2.ttcn3:52 Port RR was started.
2026/Jun/15 05:22:29.513331 PORTEVENT TC_26_6_8_2.ttcn3:52 Port MM was started.
2026/Jun/15 05:22:29.513338 PORTEVENT TC_26_6_8_2.ttcn3:52 Port CC was started.
2026/Jun/15 05:22:29.513343 USER TC_26_6_8_2.ttcn3:52 MSC_Port: user_start called
2026/Jun/15 05:22:29.513347 PORTEVENT TC_26_6_8_2.ttcn3:52 Port MSC was started.
2026/Jun/15 05:22:29.513354 PORTEVENT TC_26_6_8_2.ttcn3:52 Port BSC was started.
2026/Jun/15 05:22:29.513361 PORTEVENT TC_26_6_8_2.ttcn3:52 Port RSL was started.
2026/Jun/15 05:22:29.513368 USER TC_26_6_8_2.ttcn3:52 VTY_PT: Starting
2026/Jun/15 05:22:29.513372 PORTEVENT TC_26_6_8_2.ttcn3:52 Port VTY was started.
2026/Jun/15 05:22:29.513378 PORTEVENT TC_26_6_8_2.ttcn3:52 Port COORD was started.
2026/Jun/15 05:22:29.513383 PARALLEL TC_26_6_8_2.ttcn3:52 Component type GSM_Component_Definitions.GSM_CT was initialized.
2026/Jun/15 05:22:29.513402 WARNING GSM_Component_Definitions.ttcn3:364 Warning: Stopping inactive timer T_guard.
2026/Jun/15 05:22:29.513414 WARNING GSM_Component_Definitions.ttcn3:365 Warning: Stopping inactive timer T301.
2026/Jun/15 05:22:29.513419 WARNING GSM_Component_Definitions.ttcn3:366 Warning: Stopping inactive timer T303.
2026/Jun/15 05:22:29.513424 WARNING GSM_Component_Definitions.ttcn3:367 Warning: Stopping inactive timer T305.
2026/Jun/15 05:22:29.513428 WARNING GSM_Component_Definitions.ttcn3:368 Warning: Stopping inactive timer T308.
2026/Jun/15 05:22:29.513432 WARNING GSM_Component_Definitions.ttcn3:369 Warning: Stopping inactive timer T310.
2026/Jun/15 05:22:29.513437 WARNING GSM_Component_Definitions.ttcn3:370 Warning: Stopping inactive timer T313.
2026/Jun/15 05:22:29.513445 USER GSM_Component_Definitions.ttcn3:386 Component initialized
2026/Jun/15 05:22:29.513461 PARALLEL GSM_Component_Definitions.ttcn3:334 Mapping port mtc:L to system:L.
2026/Jun/15 05:22:29.513512 USER GSM_Component_Definitions.ttcn3:334 L3_Port: Mapping to L
2026/Jun/15 05:22:29.513581 USER GSM_Component_Definitions.ttcn3:334 L3_Port: GSMTAP listening on port 4729
2026/Jun/15 05:22:29.513589 USER GSM_Component_Definitions.ttcn3:334 L3_Port: Mapped successfully (GSMTAP: 0.0.0.0:4729)
2026/Jun/15 05:22:29.513595 WARNING GSM_Component_Definitions.ttcn3:334 Warning: The maximum number of open file descriptors (1048576) is greater than FD_SETSIZE (1024). Ensure that Test Ports using Install_Handler do not try to wait for events of file descriptors with values greater than FD_SETSIZE (1024). (Current caller of Install_Handler is "L")
2026/Jun/15 05:22:29.513625 PORTEVENT GSM_Component_Definitions.ttcn3:334 Port L was mapped to system:L.
2026/Jun/15 05:22:29.513708 PARALLEL GSM_Component_Definitions.ttcn3:334 Map operation of mtc:L to system:L finished.
2026/Jun/15 05:22:29.513741 PARALLEL GSM_Component_Definitions.ttcn3:335 Mapping port mtc:RR to system:RR.
2026/Jun/15 05:22:29.513776 PORTEVENT GSM_Component_Definitions.ttcn3:335 Port RR was mapped to system:RR.
2026/Jun/15 05:22:29.513811 PARALLEL GSM_Component_Definitions.ttcn3:335 Map operation of mtc:RR to system:RR finished.
2026/Jun/15 05:22:29.513824 PARALLEL GSM_Component_Definitions.ttcn3:336 Mapping port mtc:MM to system:MM.
2026/Jun/15 05:22:29.513873 PORTEVENT GSM_Component_Definitions.ttcn3:336 Port MM was mapped to system:MM.
2026/Jun/15 05:22:29.513909 PARALLEL GSM_Component_Definitions.ttcn3:336 Map operation of mtc:MM to system:MM finished.
2026/Jun/15 05:22:29.513918 PARALLEL GSM_Component_Definitions.ttcn3:337 Mapping port mtc:CC to system:CC.
2026/Jun/15 05:22:29.513951 PORTEVENT GSM_Component_Definitions.ttcn3:337 Port CC was mapped to system:CC.
2026/Jun/15 05:22:29.513985 PARALLEL GSM_Component_Definitions.ttcn3:337 Map operation of mtc:CC to system:CC finished.
2026/Jun/15 05:22:29.513993 PARALLEL GSM_Component_Definitions.ttcn3:338 Mapping port mtc:MSC to system:MSC.
2026/Jun/15 05:22:29.514026 USER GSM_Component_Definitions.ttcn3:338 MSC_Port: Mapping to MSC
2026/Jun/15 05:22:34.518872 WARNING GSM_Component_Definitions.ttcn3:338 MSC_Port: Connection timeout
2026/Jun/15 05:22:34.518995 WARNING GSM_Component_Definitions.ttcn3:338 MSC_Port: Failed to connect to MSC stub
2026/Jun/15 05:22:34.519005 PORTEVENT GSM_Component_Definitions.ttcn3:338 Port MSC was mapped to system:MSC.
2026/Jun/15 05:22:34.519077 PARALLEL GSM_Component_Definitions.ttcn3:338 Map operation of mtc:MSC to system:MSC finished.
2026/Jun/15 05:22:34.519098 PARALLEL GSM_Component_Definitions.ttcn3:339 Mapping port mtc:VTY to system:VTY.
2026/Jun/15 05:22:34.519148 USER GSM_Component_Definitions.ttcn3:339 VTY_PT: Mapping port to VTY interface
2026/Jun/15 05:22:34.519458 USER GSM_Component_Definitions.ttcn3:339 VTY_PT: Connected to VTY at 10.43.237.38:4247
2026/Jun/15 05:22:35.019805 USER GSM_Component_Definitions.ttcn3:339 VTY_PT: Initial banner received
2026/Jun/15 05:22:35.019893 PORTEVENT GSM_Component_Definitions.ttcn3:339 Port VTY was mapped to system:VTY.
2026/Jun/15 05:22:35.020001 PARALLEL GSM_Component_Definitions.ttcn3:339 Map operation of mtc:VTY to system:VTY finished.
2026/Jun/15 05:22:35.020048 TIMEROP TC_26_6_8_2.ttcn3:67 Start timer T_guard: 300 s
2026/Jun/15 05:22:35.020134 USER TC_26_6_8_2.ttcn3:69 === TC_26_6_8_2: Ciphering Mode Command with No Ciphering ===
2026/Jun/15 05:22:35.020150 USER TC_26_6_8_2.ttcn3:74 "TC_26_6_8_2: Phase 1 " & char(0, 0, 32, 20) & " restarting mobile for clean initial state"
2026/Jun/15 05:22:35.020252 PORTEVENT TC_26_6_8_2.ttcn3:76 Sent on MSC to system charstring : "{\"command\": \"SET_AUTO_RESPOND\", \"params\": {\"enabled\": false}}"
2026/Jun/15 05:22:35.020305 WARNING TC_26_6_8_2.ttcn3:76 MSC_Port: Not connected
2026/Jun/15 05:22:35.020369 USER TC_26_6_8_2.ttcn3:78 docker.sock not found — using VTY power-cycle (k8s mode)
2026/Jun/15 05:22:35.020387 USER TC_26_6_8_2.ttcn3:78 === k8s fallback: VTY power-cycle mobile at 10.43.237.38:4247 ===
2026/Jun/15 05:22:45.453985 USER TC_26_6_8_2.ttcn3:78 Waiting 10 seconds (power off)...
2026/Jun/15 05:23:00.813981 USER TC_26_6_8_2.ttcn3:78 VTY 'clear-loci' sent — LOCI erased
2026/Jun/15 05:23:07.981971 USER TC_26_6_8_2.ttcn3:78 === VTY power-cycle complete — MS will send LU shortly ===
2026/Jun/15 05:23:07.982167 PORTEVENT TC_26_6_8_2.ttcn3:85 Sent on MSC to system charstring : "{\"command\": \"CLEAR\", \"params\": {}}"
2026/Jun/15 05:23:07.982210 WARNING TC_26_6_8_2.ttcn3:85 MSC_Port: Not connected
2026/Jun/15 05:23:07.982247 TIMEROP TC_26_6_8_2.ttcn3:87 Start timer T_drain: 5 s
2026/Jun/15 05:23:07.982352 USER TC_26_6_8_2.ttcn3:88 VTY_PT: Received data (buffered): 162 bytes
2026/Jun/15 05:23:10.425839 USER TC_26_6_8_2.ttcn3:88 VTY_PT: Received data (buffered): 68 bytes
2026/Jun/15 05:23:12.983897 TIMEROP TC_26_6_8_2.ttcn3:97 Timeout T_drain: 5 s
2026/Jun/15 05:23:12.984038 PORTEVENT TC_26_6_8_2.ttcn3:99 Sent on MSC to system charstring : "{\"command\": \"CLEAR\", \"params\": {}}"
2026/Jun/15 05:23:12.984088 WARNING TC_26_6_8_2.ttcn3:99 MSC_Port: Not connected
2026/Jun/15 05:23:12.984106 TIMEROP TC_26_6_8_2.ttcn3:101 Start timer T_settle_init: 2 s
2026/Jun/15 05:23:14.984855 TIMEROP TC_26_6_8_2.ttcn3:102 Timeout T_settle_init: 2 s
2026/Jun/15 05:23:14.984939 USER TC_26_6_8_2.ttcn3:105 "TC_26_6_8_2: Phase 1 " & char(0, 0, 32, 20) & " waiting for LU REQUEST"
2026/Jun/15 05:23:14.984961 TIMEROP TC_26_6_8_2.ttcn3:107 Start timer T_lu_wait: 45 s
2026/Jun/15 05:23:46.271719 USER TC_26_6_8_2.ttcn3:108 VTY_PT: Received data (buffered): 68 bytes
2026/Jun/15 05:23:59.992228 TIMEROP TC_26_6_8_2.ttcn3:121 Timeout T_lu_wait: 45 s
2026/Jun/15 05:23:59.992397 VERDICTOP TC_26_6_8_2.ttcn3:122 setverdict(fail): none -> fail reason: "timeout waiting for initial LU REQUEST", new component reason: "timeout waiting for initial LU REQUEST"
2026/Jun/15 05:23:59.992492 PORTEVENT TC_26_6_8_2.ttcn3:123 Sent on MSC to system charstring : "{\"command\": \"CLEAR\", \"params\": {}}"
2026/Jun/15 05:23:59.992513 WARNING TC_26_6_8_2.ttcn3:123 MSC_Port: Not connected
2026/Jun/15 05:23:59.992530 PARALLEL GSM_Component_Definitions.ttcn3:346 Unmapping port mtc:L from system:L.
2026/Jun/15 05:23:59.992588 USER GSM_Component_Definitions.ttcn3:346 L3_Port: Unmapping from L
2026/Jun/15 05:23:59.992617 PORTEVENT GSM_Component_Definitions.ttcn3:346 Port L was unmapped from system:L.
2026/Jun/15 05:23:59.992658 PARALLEL GSM_Component_Definitions.ttcn3:346 Unmap operation of mtc:L from system:L finished.
2026/Jun/15 05:23:59.992676 PARALLEL GSM_Component_Definitions.ttcn3:347 Unmapping port mtc:RR from system:RR.
2026/Jun/15 05:23:59.992707 PORTEVENT GSM_Component_Definitions.ttcn3:347 Port RR was unmapped from system:RR.
2026/Jun/15 05:23:59.992738 PARALLEL GSM_Component_Definitions.ttcn3:347 Unmap operation of mtc:RR from system:RR finished.
2026/Jun/15 05:23:59.992751 PARALLEL GSM_Component_Definitions.ttcn3:348 Unmapping port mtc:MM from system:MM.
2026/Jun/15 05:23:59.992776 PORTEVENT GSM_Component_Definitions.ttcn3:348 Port MM was unmapped from system:MM.
2026/Jun/15 05:23:59.992805 PARALLEL GSM_Component_Definitions.ttcn3:348 Unmap operation of mtc:MM from system:MM finished.
2026/Jun/15 05:23:59.992818 PARALLEL GSM_Component_Definitions.ttcn3:349 Unmapping port mtc:CC from system:CC.
2026/Jun/15 05:23:59.992874 PORTEVENT GSM_Component_Definitions.ttcn3:349 Port CC was unmapped from system:CC.
2026/Jun/15 05:23:59.992906 PARALLEL GSM_Component_Definitions.ttcn3:349 Unmap operation of mtc:CC from system:CC finished.
2026/Jun/15 05:23:59.992918 PARALLEL GSM_Component_Definitions.ttcn3:350 Unmapping port mtc:MSC from system:MSC.
2026/Jun/15 05:23:59.992945 USER GSM_Component_Definitions.ttcn3:350 MSC_Port: Unmapping from MSC
2026/Jun/15 05:23:59.992966 PORTEVENT GSM_Component_Definitions.ttcn3:350 Port MSC was unmapped from system:MSC.
2026/Jun/15 05:23:59.992995 PARALLEL GSM_Component_Definitions.ttcn3:350 Unmap operation of mtc:MSC from system:MSC finished.
2026/Jun/15 05:23:59.993007 PARALLEL GSM_Component_Definitions.ttcn3:351 Unmapping port mtc:VTY from system:VTY.
2026/Jun/15 05:23:59.993034 USER GSM_Component_Definitions.ttcn3:351 VTY_PT: Unmapping port from VTY interface
2026/Jun/15 05:23:59.993111 USER GSM_Component_Definitions.ttcn3:351 VTY_PT: Disconnected from VTY
2026/Jun/15 05:23:59.993124 PORTEVENT GSM_Component_Definitions.ttcn3:351 Port VTY was unmapped from system:VTY.
2026/Jun/15 05:23:59.993153 PARALLEL GSM_Component_Definitions.ttcn3:351 Unmap operation of mtc:VTY from system:VTY finished.
2026/Jun/15 05:23:59.993177 PARALLEL TC_26_6_8_2.ttcn3:125 Stopping test component execution.
2026/Jun/15 05:23:59.993343 FUNCTION TC_26_6_8_2.ttcn3:125 Test case TC_26_6_8_2_test was stopped.
2026/Jun/15 05:23:59.993378 PARALLEL TC_26_6_8_2.ttcn3:125 Terminating component type GSM_Component_Definitions.GSM_CT.
2026/Jun/15 05:23:59.993408 TIMEROP TC_26_6_8_2.ttcn3:125 Stop timer T_guard: 300 s
2026/Jun/15 05:23:59.993436 USER TC_26_6_8_2.ttcn3:125 L3_Port: user_stop called
2026/Jun/15 05:23:59.993443 PORTEVENT TC_26_6_8_2.ttcn3:125 Port L was stopped.
2026/Jun/15 05:23:59.993462 PORTEVENT TC_26_6_8_2.ttcn3:125 Port RR was stopped.
2026/Jun/15 05:23:59.993474 PORTEVENT TC_26_6_8_2.ttcn3:125 Port MM was stopped.
2026/Jun/15 05:23:59.993485 PORTEVENT TC_26_6_8_2.ttcn3:125 Port CC was stopped.
2026/Jun/15 05:23:59.993492 USER TC_26_6_8_2.ttcn3:125 MSC_Port: user_stop called
2026/Jun/15 05:23:59.993497 PORTEVENT TC_26_6_8_2.ttcn3:125 Port MSC was stopped.
2026/Jun/15 05:23:59.993508 USER TC_26_6_8_2.ttcn3:125 BSC_Port: user_stop called
2026/Jun/15 05:23:59.993514 PORTEVENT TC_26_6_8_2.ttcn3:125 Port BSC was stopped.
2026/Jun/15 05:23:59.993521 PORTEVENT TC_26_6_8_2.ttcn3:125 Port RSL was stopped.
2026/Jun/15 05:23:59.993527 USER TC_26_6_8_2.ttcn3:125 VTY_PT: Stopping
2026/Jun/15 05:23:59.993533 PORTEVENT TC_26_6_8_2.ttcn3:125 Port VTY was stopped.
2026/Jun/15 05:23:59.993539 PORTEVENT TC_26_6_8_2.ttcn3:125 Port COORD was stopped.
2026/Jun/15 05:23:59.993545 PARALLEL TC_26_6_8_2.ttcn3:125 Component type GSM_Component_Definitions.GSM_CT was shut down inside testcase TC_26_6_8_2_test.
2026/Jun/15 05:23:59.993557 EXECUTOR TC_26_6_8_2.ttcn3:125 Waiting for PTCs to finish.
2026/Jun/15 05:23:59.993604 VERDICTOP TC_26_6_8_2.ttcn3:125 Setting final verdict of the test case.
2026/Jun/15 05:23:59.993647 VERDICTOP TC_26_6_8_2.ttcn3:125 Local verdict of MTC: fail reason: "timeout waiting for initial LU REQUEST"
2026/Jun/15 05:23:59.993673 VERDICTOP TC_26_6_8_2.ttcn3:125 No PTCs were created.
2026/Jun/15 05:23:59.993685 TESTCASE TC_26_6_8_2.ttcn3:125 Test case TC_26_6_8_2_test finished. Verdict: fail reason: timeout waiting for initial LU REQUEST
2026/Jun/15 05:23:59.993732 STATISTICS TC_26_6_8_2.ttcn3:419 Execution of control part in module TC_26_6_8_2 finished.
2026/Jun/15 05:23:59.993878 STATISTICS - Verdict statistics: 0 none (0.00 %), 0 pass (0.00 %), 0 inconc (0.00 %), 1 fail (100.00 %), 0 error (0.00 %).
2026/Jun/15 05:23:59.993975 STATISTICS - Test execution summary: 1 test case was executed. Overall verdict: fail
2026/Jun/15 05:23:59.993993 EXECUTOR - Exit was requested from MC. Terminating MTC.
