2026/Jun/26 15:13:01.484235 EXECUTOR - TTCN-3 Main Test Component started on ttcn3-tc-26-8-1-2-1-1-1-hcb8w. Version: 11.1.0.
2026/Jun/26 15:13:01.484440 EXECUTOR - TTCN Logger v2.2 options: TimeStampFormat:=DateTime; LogEntityName:=No; LogEventTypes:=Yes; SourceInfoFormat:=Single; LogSensitiveData:=No; *.FileMask:=LOG_ALL; *.ConsoleMask:=ERROR | TESTCASE | USER | VERDICTOP | WARNING; LogFileSize:=0; LogFileNumber:=1; DiskFullAction:=Error
2026/Jun/26 15:13:01.484510 EXECUTOR - Connected to MC.
2026/Jun/26 15:13:01.484707 EXECUTOR - Executing test case TC_26_8_1_2_1_1 in module TC_26_8_1_2_1_1.
2026/Jun/26 15:13:01.485059 TESTCASE TC_26_8_1_2_1_1.ttcn3:43 Test case TC_26_8_1_2_1_1 started.
2026/Jun/26 15:13:01.485134 PARALLEL TC_26_8_1_2_1_1.ttcn3:43 Initializing variables, timers and ports of component type GSM_Component_Definitions.GSM_CT inside testcase TC_26_8_1_2_1_1.
2026/Jun/26 15:13:01.485398 USER TC_26_8_1_2_1_1.ttcn3:43 MSC_Port: set_parameter msc_stub_host = 10.42.0.173
2026/Jun/26 15:13:01.485452 USER TC_26_8_1_2_1_1.ttcn3:43 MSC_Port: set_parameter msc_stub_port = 5000
2026/Jun/26 15:13:01.485467 USER TC_26_8_1_2_1_1.ttcn3:43 L3_Port: set_parameter gsmtap_host = 127.0.0.1
2026/Jun/26 15:13:01.485482 USER TC_26_8_1_2_1_1.ttcn3:43 L3_Port: set_parameter gsmtap_port = 4729
2026/Jun/26 15:13:01.485488 USER TC_26_8_1_2_1_1.ttcn3:43 L3_Port: set_parameter local_port = 4729
2026/Jun/26 15:13:01.485492 USER TC_26_8_1_2_1_1.ttcn3:43 L3_Port: set_parameter ul_multicast_group = 239.193.23.2
2026/Jun/26 15:13:01.485497 USER TC_26_8_1_2_1_1.ttcn3:43 L3_Port: Will join UL multicast group 239.193.23.2 for RACH capture
2026/Jun/26 15:13:01.485502 USER TC_26_8_1_2_1_1.ttcn3:43 L3_Port: set_parameter arfcn = 51
2026/Jun/26 15:13:01.485548 USER TC_26_8_1_2_1_1.ttcn3:43 L3_Port: user_start called
2026/Jun/26 15:13:01.485559 PORTEVENT TC_26_8_1_2_1_1.ttcn3:43 Port L was started.
2026/Jun/26 15:13:01.485619 PORTEVENT TC_26_8_1_2_1_1.ttcn3:43 Port RR was started.
2026/Jun/26 15:13:01.485624 PORTEVENT TC_26_8_1_2_1_1.ttcn3:43 Port MM was started.
2026/Jun/26 15:13:01.485629 PORTEVENT TC_26_8_1_2_1_1.ttcn3:43 Port CC was started.
2026/Jun/26 15:13:01.485632 USER TC_26_8_1_2_1_1.ttcn3:43 MSC_Port: user_start called
2026/Jun/26 15:13:01.485638 PORTEVENT TC_26_8_1_2_1_1.ttcn3:43 Port MSC was started.
2026/Jun/26 15:13:01.485643 PORTEVENT TC_26_8_1_2_1_1.ttcn3:43 Port BSC was started.
2026/Jun/26 15:13:01.485648 PORTEVENT TC_26_8_1_2_1_1.ttcn3:43 Port RSL was started.
2026/Jun/26 15:13:01.485654 USER TC_26_8_1_2_1_1.ttcn3:43 VTY_PT: Starting
2026/Jun/26 15:13:01.485658 PORTEVENT TC_26_8_1_2_1_1.ttcn3:43 Port VTY was started.
2026/Jun/26 15:13:01.485663 PORTEVENT TC_26_8_1_2_1_1.ttcn3:43 Port COORD was started.
2026/Jun/26 15:13:01.485665 PARALLEL TC_26_8_1_2_1_1.ttcn3:43 Component type GSM_Component_Definitions.GSM_CT was initialized.
2026/Jun/26 15:13:01.485690 WARNING GSM_Component_Definitions.ttcn3:364 Warning: Stopping inactive timer T_guard.
2026/Jun/26 15:13:01.485700 WARNING GSM_Component_Definitions.ttcn3:365 Warning: Stopping inactive timer T301.
2026/Jun/26 15:13:01.485705 WARNING GSM_Component_Definitions.ttcn3:366 Warning: Stopping inactive timer T303.
2026/Jun/26 15:13:01.485710 WARNING GSM_Component_Definitions.ttcn3:367 Warning: Stopping inactive timer T305.
2026/Jun/26 15:13:01.485714 WARNING GSM_Component_Definitions.ttcn3:368 Warning: Stopping inactive timer T308.
2026/Jun/26 15:13:01.485718 WARNING GSM_Component_Definitions.ttcn3:369 Warning: Stopping inactive timer T310.
2026/Jun/26 15:13:01.485723 WARNING GSM_Component_Definitions.ttcn3:370 Warning: Stopping inactive timer T313.
2026/Jun/26 15:13:01.485730 USER GSM_Component_Definitions.ttcn3:386 Component initialized
2026/Jun/26 15:13:01.485748 PARALLEL GSM_Component_Definitions.ttcn3:334 Mapping port mtc:L to system:L.
2026/Jun/26 15:13:01.485811 USER GSM_Component_Definitions.ttcn3:334 L3_Port: Mapping to L
2026/Jun/26 15:13:01.485890 USER GSM_Component_Definitions.ttcn3:334 L3_Port: Joined UL multicast group 239.193.23.2 for RACH capture
2026/Jun/26 15:13:01.485906 USER GSM_Component_Definitions.ttcn3:334 L3_Port: GSMTAP listening on port 4729
2026/Jun/26 15:13:01.485919 USER GSM_Component_Definitions.ttcn3:334 L3_Port: Mapped successfully (GSMTAP: 127.0.0.1:4729)
2026/Jun/26 15:13:01.485926 WARNING GSM_Component_Definitions.ttcn3:334 Warning: The maximum number of open file descriptors (1048576) is greater than FD_SETSIZE (1024). Ensure that Test Ports using Install_Handler do not try to wait for events of file descriptors with values greater than FD_SETSIZE (1024). (Current caller of Install_Handler is "L")
2026/Jun/26 15:13:01.485960 PORTEVENT GSM_Component_Definitions.ttcn3:334 Port L was mapped to system:L.
2026/Jun/26 15:13:01.486042 PARALLEL GSM_Component_Definitions.ttcn3:334 Map operation of mtc:L to system:L finished.
2026/Jun/26 15:13:01.486071 PARALLEL GSM_Component_Definitions.ttcn3:335 Mapping port mtc:RR to system:RR.
2026/Jun/26 15:13:01.486101 PORTEVENT GSM_Component_Definitions.ttcn3:335 Port RR was mapped to system:RR.
2026/Jun/26 15:13:01.486130 PARALLEL GSM_Component_Definitions.ttcn3:335 Map operation of mtc:RR to system:RR finished.
2026/Jun/26 15:13:01.486134 PARALLEL GSM_Component_Definitions.ttcn3:336 Mapping port mtc:MM to system:MM.
2026/Jun/26 15:13:01.486161 PORTEVENT GSM_Component_Definitions.ttcn3:336 Port MM was mapped to system:MM.
2026/Jun/26 15:13:01.486188 PARALLEL GSM_Component_Definitions.ttcn3:336 Map operation of mtc:MM to system:MM finished.
2026/Jun/26 15:13:01.486192 PARALLEL GSM_Component_Definitions.ttcn3:337 Mapping port mtc:CC to system:CC.
2026/Jun/26 15:13:01.486218 PORTEVENT GSM_Component_Definitions.ttcn3:337 Port CC was mapped to system:CC.
2026/Jun/26 15:13:01.486245 PARALLEL GSM_Component_Definitions.ttcn3:337 Map operation of mtc:CC to system:CC finished.
2026/Jun/26 15:13:01.486250 PARALLEL GSM_Component_Definitions.ttcn3:338 Mapping port mtc:MSC to system:MSC.
2026/Jun/26 15:13:01.486277 USER GSM_Component_Definitions.ttcn3:338 MSC_Port: Mapping to MSC
2026/Jun/26 15:13:01.486673 USER GSM_Component_Definitions.ttcn3:338 MSC_Port: Registered socket for async events
2026/Jun/26 15:13:01.486688 USER GSM_Component_Definitions.ttcn3:338 MSC_Port: Connected to MSC stub at 10.42.0.173:5000
2026/Jun/26 15:13:01.486693 PORTEVENT GSM_Component_Definitions.ttcn3:338 Port MSC was mapped to system:MSC.
2026/Jun/26 15:13:01.486748 PARALLEL GSM_Component_Definitions.ttcn3:338 Map operation of mtc:MSC to system:MSC finished.
2026/Jun/26 15:13:01.486755 PARALLEL GSM_Component_Definitions.ttcn3:339 Mapping port mtc:VTY to system:VTY.
2026/Jun/26 15:13:01.486783 USER GSM_Component_Definitions.ttcn3:339 VTY_PT: Mapping port to VTY interface
2026/Jun/26 15:13:01.486990 USER GSM_Component_Definitions.ttcn3:339 VTY_PT: Connected to VTY at 10.43.141.161:4247
2026/Jun/26 15:13:01.987259 USER GSM_Component_Definitions.ttcn3:339 VTY_PT: Initial banner received
2026/Jun/26 15:13:01.987322 PORTEVENT GSM_Component_Definitions.ttcn3:339 Port VTY was mapped to system:VTY.
2026/Jun/26 15:13:01.987377 USER GSM_Component_Definitions.ttcn3:339 MSC_Port: RX: {"type": "WELCOME", "status": "connected"}
2026/Jun/26 15:13:01.987448 PORTEVENT GSM_Component_Definitions.ttcn3:339 Message enqueued on MSC from system charstring : "{\"type\": \"WELCOME\", \"status\": \"connected\"}" id 1
2026/Jun/26 15:13:01.987496 PARALLEL GSM_Component_Definitions.ttcn3:339 Map operation of mtc:VTY to system:VTY finished.
2026/Jun/26 15:13:01.987511 USER TC_26_8_1_2_1_1.ttcn3:64 ==============================================================
2026/Jun/26 15:13:01.987517 USER TC_26_8_1_2_1_1.ttcn3:65 *** TC_26_8_1_2_1_1: MO Call Setup - CM SERVICE REQUEST     ***
2026/Jun/26 15:13:01.987521 USER TC_26_8_1_2_1_1.ttcn3:66 *** Spec: Rel4_GSM_L3_MS_v440/CC/                           ***
2026/Jun/26 15:13:01.987525 USER TC_26_8_1_2_1_1.ttcn3:67 ==============================================================
2026/Jun/26 15:13:01.987543 TIMEROP TC_26_8_1_2_1_1.ttcn3:70 Start timer T_guard: 300 s
2026/Jun/26 15:13:01.987624 PORTEVENT TC_26_8_1_2_1_1.ttcn3:73 Sent on MSC to system charstring : "{\"command\": \"SET_AUTO_RESPOND\", \"params\": {\"enabled\": false}}"
2026/Jun/26 15:13:01.987745 USER TC_26_8_1_2_1_1.ttcn3:73 MSC_Port: TX: {"command": "SET_AUTO_RESPOND", "params": {"enabled": false}}
2026/Jun/26 15:13:01.987755 USER TC_26_8_1_2_1_1.ttcn3:79 *** Phase 1: Restarting mobile for clean initial state ***
2026/Jun/26 15:13:01.987798 USER TC_26_8_1_2_1_1.ttcn3:80 docker.sock not found — using VTY power-cycle (k8s mode)
2026/Jun/26 15:13:01.987808 USER TC_26_8_1_2_1_1.ttcn3:80 === k8s fallback: VTY power-cycle mobile at 10.43.141.161:4247 ===
2026/Jun/26 15:13:07.661961 USER TC_26_8_1_2_1_1.ttcn3:80 Waiting 10 seconds (power off)...
2026/Jun/26 15:13:23.021950 USER TC_26_8_1_2_1_1.ttcn3:80 VTY 'clear-loci' sent — LOCI erased
2026/Jun/26 15:13:29.677943 USER TC_26_8_1_2_1_1.ttcn3:80 === VTY power-cycle complete — MS will send LU shortly ===
2026/Jun/26 15:13:29.678102 PORTEVENT TC_26_8_1_2_1_1.ttcn3:89 Sent on MSC to system charstring : "{\"command\": \"CLEAR\", \"params\": {}}"
2026/Jun/26 15:13:29.678164 USER TC_26_8_1_2_1_1.ttcn3:89 MSC_Port: TX: {"command": "CLEAR", "params": {}}
2026/Jun/26 15:13:29.678194 TIMEROP TC_26_8_1_2_1_1.ttcn3:91 Start timer T_drain: 5 s
2026/Jun/26 15:13:29.678267 PORTEVENT TC_26_8_1_2_1_1.ttcn3:93 Receive operation on port MSC succeeded, message from system(): charstring : "{\"type\": \"WELCOME\", \"status\": \"connected\"}" id 1
2026/Jun/26 15:13:29.678321 PORTEVENT TC_26_8_1_2_1_1.ttcn3:93 Message with id 1 was extracted from the queue of MSC.
2026/Jun/26 15:13:29.678342 USER TC_26_8_1_2_1_1.ttcn3:94 TC_26_8_1_2_1_1: (drain) discarding: "{\"type\": \"WELCOME\", \"status\": \"connected\"}"
2026/Jun/26 15:13:29.678401 USER TC_26_8_1_2_1_1.ttcn3:92 VTY_PT: Received data (buffered): 94 bytes
2026/Jun/26 15:13:29.678434 USER TC_26_8_1_2_1_1.ttcn3:92 MSC_Port: RX: {"status": "ok", "auto_respond": false}
2026/Jun/26 15:13:29.678448 PORTEVENT TC_26_8_1_2_1_1.ttcn3:92 Message enqueued on MSC from system charstring : "{\"status\": \"ok\", \"auto_respond\": false}" id 2
2026/Jun/26 15:13:29.678458 USER TC_26_8_1_2_1_1.ttcn3:92 MSC_Port: RX: {"type": "HEARTBEAT"}
2026/Jun/26 15:13:29.678469 PORTEVENT TC_26_8_1_2_1_1.ttcn3:92 Message enqueued on MSC from system charstring : "{\"type\": \"HEARTBEAT\"}" id 3
2026/Jun/26 15:13:29.678477 USER TC_26_8_1_2_1_1.ttcn3:92 MSC_Port: RX: {"type": "HEARTBEAT"}
2026/Jun/26 15:13:29.678488 PORTEVENT TC_26_8_1_2_1_1.ttcn3:92 Message enqueued on MSC from system charstring : "{\"type\": \"HEARTBEAT\"}" id 4
2026/Jun/26 15:13:29.678495 USER TC_26_8_1_2_1_1.ttcn3:92 MSC_Port: RX: {"type": "HEARTBEAT"}
2026/Jun/26 15:13:29.678505 PORTEVENT TC_26_8_1_2_1_1.ttcn3:92 Message enqueued on MSC from system charstring : "{\"type\": \"HEARTBEAT\"}" id 5
2026/Jun/26 15:13:29.678513 USER TC_26_8_1_2_1_1.ttcn3:92 MSC_Port: RX: {"type": "HEARTBEAT"}
2026/Jun/26 15:13:29.678522 PORTEVENT TC_26_8_1_2_1_1.ttcn3:92 Message enqueued on MSC from system charstring : "{\"type\": \"HEARTBEAT\"}" id 6
2026/Jun/26 15:13:29.678530 USER TC_26_8_1_2_1_1.ttcn3:92 MSC_Port: RX: {"type": "HEARTBEAT"}
2026/Jun/26 15:13:29.678540 PORTEVENT TC_26_8_1_2_1_1.ttcn3:92 Message enqueued on MSC from system charstring : "{\"type\": \"HEARTBEAT\"}" id 7
2026/Jun/26 15:13:29.678559 PORTEVENT TC_26_8_1_2_1_1.ttcn3:93 Receive operation on port MSC succeeded, message from system(): charstring : "{\"status\": \"ok\", \"auto_respond\": false}" id 2
2026/Jun/26 15:13:29.678568 PORTEVENT TC_26_8_1_2_1_1.ttcn3:93 Message with id 2 was extracted from the queue of MSC.
2026/Jun/26 15:13:29.678574 USER TC_26_8_1_2_1_1.ttcn3:94 TC_26_8_1_2_1_1: (drain) discarding: "{\"status\": \"ok\", \"auto_respond\": false}"
2026/Jun/26 15:13:29.678589 PORTEVENT TC_26_8_1_2_1_1.ttcn3:93 Receive operation on port MSC succeeded, message from system(): charstring : "{\"type\": \"HEARTBEAT\"}" id 3
2026/Jun/26 15:13:29.678597 PORTEVENT TC_26_8_1_2_1_1.ttcn3:93 Message with id 3 was extracted from the queue of MSC.
2026/Jun/26 15:13:29.678602 USER TC_26_8_1_2_1_1.ttcn3:94 TC_26_8_1_2_1_1: (drain) discarding: "{\"type\": \"HEARTBEAT\"}"
2026/Jun/26 15:13:29.678625 PORTEVENT TC_26_8_1_2_1_1.ttcn3:93 Receive operation on port MSC succeeded, message from system(): charstring : "{\"type\": \"HEARTBEAT\"}" id 4
2026/Jun/26 15:13:29.678631 PORTEVENT TC_26_8_1_2_1_1.ttcn3:93 Message with id 4 was extracted from the queue of MSC.
2026/Jun/26 15:13:29.678635 USER TC_26_8_1_2_1_1.ttcn3:94 TC_26_8_1_2_1_1: (drain) discarding: "{\"type\": \"HEARTBEAT\"}"
2026/Jun/26 15:13:29.678646 PORTEVENT TC_26_8_1_2_1_1.ttcn3:93 Receive operation on port MSC succeeded, message from system(): charstring : "{\"type\": \"HEARTBEAT\"}" id 5
2026/Jun/26 15:13:29.678652 PORTEVENT TC_26_8_1_2_1_1.ttcn3:93 Message with id 5 was extracted from the queue of MSC.
2026/Jun/26 15:13:29.678656 USER TC_26_8_1_2_1_1.ttcn3:94 TC_26_8_1_2_1_1: (drain) discarding: "{\"type\": \"HEARTBEAT\"}"
2026/Jun/26 15:13:29.678667 PORTEVENT TC_26_8_1_2_1_1.ttcn3:93 Receive operation on port MSC succeeded, message from system(): charstring : "{\"type\": \"HEARTBEAT\"}" id 6
2026/Jun/26 15:13:29.678672 PORTEVENT TC_26_8_1_2_1_1.ttcn3:93 Message with id 6 was extracted from the queue of MSC.
2026/Jun/26 15:13:29.678676 USER TC_26_8_1_2_1_1.ttcn3:94 TC_26_8_1_2_1_1: (drain) discarding: "{\"type\": \"HEARTBEAT\"}"
2026/Jun/26 15:13:29.678687 PORTEVENT TC_26_8_1_2_1_1.ttcn3:93 Receive operation on port MSC succeeded, message from system(): charstring : "{\"type\": \"HEARTBEAT\"}" id 7
2026/Jun/26 15:13:29.678692 PORTEVENT TC_26_8_1_2_1_1.ttcn3:93 Message with id 7 was extracted from the queue of MSC.
2026/Jun/26 15:13:29.678696 USER TC_26_8_1_2_1_1.ttcn3:94 TC_26_8_1_2_1_1: (drain) discarding: "{\"type\": \"HEARTBEAT\"}"
2026/Jun/26 15:13:29.678712 USER TC_26_8_1_2_1_1.ttcn3:92 MSC_Port: RX: {"status": "ok"}
2026/Jun/26 15:13:29.678721 PORTEVENT TC_26_8_1_2_1_1.ttcn3:92 Message enqueued on MSC from system charstring : "{\"status\": \"ok\"}" id 8
2026/Jun/26 15:13:29.678729 PORTEVENT TC_26_8_1_2_1_1.ttcn3:93 Receive operation on port MSC succeeded, message from system(): charstring : "{\"status\": \"ok\"}" id 8
2026/Jun/26 15:13:29.678735 PORTEVENT TC_26_8_1_2_1_1.ttcn3:93 Message with id 8 was extracted from the queue of MSC.
2026/Jun/26 15:13:29.678739 USER TC_26_8_1_2_1_1.ttcn3:94 TC_26_8_1_2_1_1: (drain) discarding: "{\"status\": \"ok\"}"
2026/Jun/26 15:13:32.329813 USER TC_26_8_1_2_1_1.ttcn3:92 VTY_PT: Received data (buffered): 68 bytes
2026/Jun/26 15:13:32.682025 USER TC_26_8_1_2_1_1.ttcn3:92 MSC_Port: RX: {"type": "HEARTBEAT"}
2026/Jun/26 15:13:32.682107 PORTEVENT TC_26_8_1_2_1_1.ttcn3:92 Message enqueued on MSC from system charstring : "{\"type\": \"HEARTBEAT\"}" id 9
2026/Jun/26 15:13:32.682145 PORTEVENT TC_26_8_1_2_1_1.ttcn3:93 Receive operation on port MSC succeeded, message from system(): charstring : "{\"type\": \"HEARTBEAT\"}" id 9
2026/Jun/26 15:13:32.682162 PORTEVENT TC_26_8_1_2_1_1.ttcn3:93 Message with id 9 was extracted from the queue of MSC.
2026/Jun/26 15:13:32.682172 USER TC_26_8_1_2_1_1.ttcn3:94 TC_26_8_1_2_1_1: (drain) discarding: "{\"type\": \"HEARTBEAT\"}"
2026/Jun/26 15:13:34.679893 TIMEROP TC_26_8_1_2_1_1.ttcn3:97 Timeout T_drain: 5 s
2026/Jun/26 15:13:34.679988 USER TC_26_8_1_2_1_1.ttcn3:98 TC_26_8_1_2_1_1: drain complete
2026/Jun/26 15:13:34.680036 PORTEVENT TC_26_8_1_2_1_1.ttcn3:101 Sent on MSC to system charstring : "{\"command\": \"CLEAR\", \"params\": {}}"
2026/Jun/26 15:13:34.680141 USER TC_26_8_1_2_1_1.ttcn3:101 MSC_Port: TX: {"command": "CLEAR", "params": {}}
2026/Jun/26 15:13:34.680163 TIMEROP TC_26_8_1_2_1_1.ttcn3:103 Start timer T_settle_init: 2 s
2026/Jun/26 15:13:34.680739 USER TC_26_8_1_2_1_1.ttcn3:104 MSC_Port: RX: {"status": "ok"}
2026/Jun/26 15:13:34.680763 PORTEVENT TC_26_8_1_2_1_1.ttcn3:104 Message enqueued on MSC from system charstring : "{\"status\": \"ok\"}" id 10
2026/Jun/26 15:13:36.680851 TIMEROP TC_26_8_1_2_1_1.ttcn3:104 Timeout T_settle_init: 2 s
2026/Jun/26 15:13:36.680916 USER TC_26_8_1_2_1_1.ttcn3:107 *** Phase 1: Waiting for LU REQUEST ***
2026/Jun/26 15:13:36.680940 TIMEROP TC_26_8_1_2_1_1.ttcn3:109 Start timer T_lu_wait: 45 s
2026/Jun/26 15:13:36.680963 PORTEVENT TC_26_8_1_2_1_1.ttcn3:111 Receive operation on port MSC succeeded, message from system(): charstring : "{\"status\": \"ok\"}" id 10
2026/Jun/26 15:13:36.680985 PORTEVENT TC_26_8_1_2_1_1.ttcn3:111 Message with id 10 was extracted from the queue of MSC.
2026/Jun/26 15:13:36.681192 USER TC_26_8_1_2_1_1.ttcn3:120 TC_26_8_1_2_1_1: (LU wait) ignoring: "{\"status\": \"ok\"}"
2026/Jun/26 15:13:37.683014 USER TC_26_8_1_2_1_1.ttcn3:110 MSC_Port: RX: {"type": "HEARTBEAT"}
2026/Jun/26 15:13:37.683068 PORTEVENT TC_26_8_1_2_1_1.ttcn3:110 Message enqueued on MSC from system charstring : "{\"type\": \"HEARTBEAT\"}" id 11
2026/Jun/26 15:13:37.683089 PORTEVENT TC_26_8_1_2_1_1.ttcn3:111 Receive operation on port MSC succeeded, message from system(): charstring : "{\"type\": \"HEARTBEAT\"}" id 11
2026/Jun/26 15:13:37.683098 PORTEVENT TC_26_8_1_2_1_1.ttcn3:111 Message with id 11 was extracted from the queue of MSC.
2026/Jun/26 15:13:42.688197 USER TC_26_8_1_2_1_1.ttcn3:110 MSC_Port: RX: {"type": "HEARTBEAT"}
2026/Jun/26 15:13:42.688297 PORTEVENT TC_26_8_1_2_1_1.ttcn3:110 Message enqueued on MSC from system charstring : "{\"type\": \"HEARTBEAT\"}" id 12
2026/Jun/26 15:13:42.688339 PORTEVENT TC_26_8_1_2_1_1.ttcn3:111 Receive operation on port MSC succeeded, message from system(): charstring : "{\"type\": \"HEARTBEAT\"}" id 12
2026/Jun/26 15:13:42.688358 PORTEVENT TC_26_8_1_2_1_1.ttcn3:111 Message with id 12 was extracted from the queue of MSC.
2026/Jun/26 15:13:47.693148 USER TC_26_8_1_2_1_1.ttcn3:110 MSC_Port: RX: {"type": "HEARTBEAT"}
2026/Jun/26 15:13:47.693250 PORTEVENT TC_26_8_1_2_1_1.ttcn3:110 Message enqueued on MSC from system charstring : "{\"type\": \"HEARTBEAT\"}" id 13
2026/Jun/26 15:13:47.693290 PORTEVENT TC_26_8_1_2_1_1.ttcn3:111 Receive operation on port MSC succeeded, message from system(): charstring : "{\"type\": \"HEARTBEAT\"}" id 13
2026/Jun/26 15:13:47.693309 PORTEVENT TC_26_8_1_2_1_1.ttcn3:111 Message with id 13 was extracted from the queue of MSC.
2026/Jun/26 15:13:47.793352 USER TC_26_8_1_2_1_1.ttcn3:110 MSC_Port: RX: {"type": "EVENT_LU_REQUEST", "bsc_slr": 2, "msc_slr": 2, "cksn": 7, "lu_type": 0, "old_mcc": "901", "old_mnc": "70", "old_lac": 0, "mi_type": "imsi"}
2026/Jun/26 15:13:47.793451 PORTEVENT TC_26_8_1_2_1_1.ttcn3:110 Message enqueued on MSC from system charstring : "{\"type\": \"EVENT_LU_REQUEST\", \"bsc_slr\": 2, \"msc_slr\": 2, \"cksn\": 7, \"lu_type\": 0, \"old_mcc\": \"901\", \"old_mnc\": \"70\", \"old_lac\": 0, \"mi_type\": \"imsi\"}" id 14
2026/Jun/26 15:13:47.793503 PORTEVENT TC_26_8_1_2_1_1.ttcn3:111 Receive operation on port MSC succeeded, message from system(): charstring : "{\"type\": \"EVENT_LU_REQUEST\", \"bsc_slr\": 2, \"msc_slr\": 2, \"cksn\": 7, \"lu_type\": 0, \"old_mcc\": \"901\", \"old_mnc\": \"70\", \"old_lac\": 0, \"mi_type\": \"imsi\"}" id 14
2026/Jun/26 15:13:47.793524 PORTEVENT TC_26_8_1_2_1_1.ttcn3:111 Message with id 14 was extracted from the queue of MSC.
2026/Jun/26 15:13:47.793805 USER GSM_Functions.ttcn3:365 f_extractJsonInt: Searching for key '"bsc_slr"' in JSON: "{\"type\": \"EVENT_LU_REQUEST\", \"bsc_slr\": 2, \"msc_slr\": 2, \"cksn\": 7, \"lu_type\": 0, \"old_mcc\": \"901\", \"old_mnc\": \"70\", \"old_lac\": 0, \"mi_type\": \"imsi\"}"
2026/Jun/26 15:13:47.794008 USER GSM_Functions.ttcn3:372 f_extractJsonInt: Found key at position 29 (pattern: "\"bsc_slr\":")
2026/Jun/26 15:13:47.794133 USER GSM_Functions.ttcn3:422 f_extractJsonInt: Extracted number string '"2"' => integer 2
2026/Jun/26 15:13:47.794166 USER TC_26_8_1_2_1_1.ttcn3:114 TC_26_8_1_2_1_1: LU REQUEST bsc_slr=2
2026/Jun/26 15:13:47.794205 TIMEROP TC_26_8_1_2_1_1.ttcn3:116 Stop timer T_lu_wait: 45 s
2026/Jun/26 15:13:47.794238 USER TC_26_8_1_2_1_1.ttcn3:134 TC_26_8_1_2_1_1: Sending LU ACCEPT (lac=4242, tmsi=305419896)
2026/Jun/26 15:13:47.794284 PORTEVENT TC_26_8_1_2_1_1.ttcn3:135 Sent on MSC to system charstring : "{\"command\": \"CMD_SEND_LU_ACCEPT_CUSTOM\", \"params\": {\"bsc_slr\": 2, \"mcc\": \"901\", \"mnc\": \"70\", \"lac\": 4242, \"tmsi\": 305419896}}"
2026/Jun/26 15:13:47.794364 USER TC_26_8_1_2_1_1.ttcn3:135 MSC_Port: TX: {"command": "CMD_SEND_LU_ACCEPT_CUSTOM", "params": {"bsc_slr": 2, "mcc": "901", "mnc": "70", "lac": 4242, "tmsi": 305419896}}
2026/Jun/26 15:13:47.794412 TIMEROP TC_26_8_1_2_1_1.ttcn3:142 Start timer T_tmsi: 10 s
2026/Jun/26 15:13:48.295988 USER TC_26_8_1_2_1_1.ttcn3:143 MSC_Port: RX: {"status": "ok", "sent": true}
2026/Jun/26 15:13:48.296057 PORTEVENT TC_26_8_1_2_1_1.ttcn3:143 Message enqueued on MSC from system charstring : "{\"status\": \"ok\", \"sent\": true}" id 15
2026/Jun/26 15:13:48.296084 PORTEVENT TC_26_8_1_2_1_1.ttcn3:144 Receive operation on port MSC succeeded, message from system(): charstring : "{\"status\": \"ok\", \"sent\": true}" id 15
2026/Jun/26 15:13:48.296095 PORTEVENT TC_26_8_1_2_1_1.ttcn3:144 Message with id 15 was extracted from the queue of MSC.
2026/Jun/26 15:13:48.296202 USER TC_26_8_1_2_1_1.ttcn3:152 TC_26_8_1_2_1_1: (TMSI wait) ignoring: "{\"status\": \"ok\", \"sent\": true}"
2026/Jun/26 15:13:48.548887 USER TC_26_8_1_2_1_1.ttcn3:143 MSC_Port: RX: {"type": "EVENT_DTAP", "bsc_slr": 2, "pd": 5, "msg_type": 27}
2026/Jun/26 15:13:48.548946 PORTEVENT TC_26_8_1_2_1_1.ttcn3:143 Message enqueued on MSC from system charstring : "{\"type\": \"EVENT_DTAP\", \"bsc_slr\": 2, \"pd\": 5, \"msg_type\": 27}" id 16
2026/Jun/26 15:13:48.548970 PORTEVENT TC_26_8_1_2_1_1.ttcn3:144 Receive operation on port MSC succeeded, message from system(): charstring : "{\"type\": \"EVENT_DTAP\", \"bsc_slr\": 2, \"pd\": 5, \"msg_type\": 27}" id 16
2026/Jun/26 15:13:48.548980 PORTEVENT TC_26_8_1_2_1_1.ttcn3:144 Message with id 16 was extracted from the queue of MSC.
2026/Jun/26 15:13:48.549067 USER TC_26_8_1_2_1_1.ttcn3:152 TC_26_8_1_2_1_1: (TMSI wait) ignoring: "{\"type\": \"EVENT_DTAP\", \"bsc_slr\": 2, \"pd\": 5, \"msg_type\": 27}"
2026/Jun/26 15:13:48.549090 USER TC_26_8_1_2_1_1.ttcn3:143 MSC_Port: RX: {"type": "EVENT_TMSI_REALLOC_COMPLETE", "bsc_slr": 2}
2026/Jun/26 15:13:48.549099 PORTEVENT TC_26_8_1_2_1_1.ttcn3:143 Message enqueued on MSC from system charstring : "{\"type\": \"EVENT_TMSI_REALLOC_COMPLETE\", \"bsc_slr\": 2}" id 17
2026/Jun/26 15:13:48.549106 PORTEVENT TC_26_8_1_2_1_1.ttcn3:144 Receive operation on port MSC succeeded, message from system(): charstring : "{\"type\": \"EVENT_TMSI_REALLOC_COMPLETE\", \"bsc_slr\": 2}" id 17
2026/Jun/26 15:13:48.549111 PORTEVENT TC_26_8_1_2_1_1.ttcn3:144 Message with id 17 was extracted from the queue of MSC.
2026/Jun/26 15:13:48.549253 USER TC_26_8_1_2_1_1.ttcn3:147 TC_26_8_1_2_1_1: TMSI REALLOC COMPLETE
2026/Jun/26 15:13:48.549262 TIMEROP TC_26_8_1_2_1_1.ttcn3:148 Stop timer T_tmsi: 10 s
2026/Jun/26 15:13:48.549279 PORTEVENT TC_26_8_1_2_1_1.ttcn3:162 Sent on MSC to system charstring : "{\"command\": \"CMD_SEND_CLEAR_CMD\", \"params\": {\"bsc_slr\": 2, \"cause\": 0}}"
2026/Jun/26 15:13:48.549323 USER TC_26_8_1_2_1_1.ttcn3:162 MSC_Port: TX: {"command": "CMD_SEND_CLEAR_CMD", "params": {"bsc_slr": 2, "cause": 0}}
2026/Jun/26 15:13:48.549332 TIMEROP TC_26_8_1_2_1_1.ttcn3:167 Start timer T_lu_settle: 25 s
2026/Jun/26 15:13:48.549668 USER TC_26_8_1_2_1_1.ttcn3:168 MSC_Port: RX: {"status": "ok"}
2026/Jun/26 15:13:48.549702 PORTEVENT TC_26_8_1_2_1_1.ttcn3:168 Message enqueued on MSC from system charstring : "{\"status\": \"ok\"}" id 18
2026/Jun/26 15:13:48.549714 PORTEVENT TC_26_8_1_2_1_1.ttcn3:169 Receive operation on port MSC succeeded, message from system(): charstring : "{\"status\": \"ok\"}" id 18
2026/Jun/26 15:13:48.549721 PORTEVENT TC_26_8_1_2_1_1.ttcn3:169 Message with id 18 was extracted from the queue of MSC.
2026/Jun/26 15:13:48.549748 USER TC_26_8_1_2_1_1.ttcn3:173 TC_26_8_1_2_1_1: (post-LU settle) "{\"status\": \"ok\"}"
2026/Jun/26 15:13:48.590927 USER TC_26_8_1_2_1_1.ttcn3:168 MSC_Port: RX: {"type": "EVENT_BSSMAP_CLEAR_COMPLETE", "bsc_slr": 2}
2026/Jun/26 15:13:48.590986 PORTEVENT TC_26_8_1_2_1_1.ttcn3:168 Message enqueued on MSC from system charstring : "{\"type\": \"EVENT_BSSMAP_CLEAR_COMPLETE\", \"bsc_slr\": 2}" id 19
2026/Jun/26 15:13:48.591009 PORTEVENT TC_26_8_1_2_1_1.ttcn3:169 Receive operation on port MSC succeeded, message from system(): charstring : "{\"type\": \"EVENT_BSSMAP_CLEAR_COMPLETE\", \"bsc_slr\": 2}" id 19
2026/Jun/26 15:13:48.591025 PORTEVENT TC_26_8_1_2_1_1.ttcn3:169 Message with id 19 was extracted from the queue of MSC.
2026/Jun/26 15:13:48.591065 USER TC_26_8_1_2_1_1.ttcn3:173 TC_26_8_1_2_1_1: (post-LU settle) "{\"type\": \"EVENT_BSSMAP_CLEAR_COMPLETE\", \"bsc_slr\": 2}"
2026/Jun/26 15:13:49.110908 USER TC_26_8_1_2_1_1.ttcn3:168 VTY_PT: Received data (buffered): 61 bytes
2026/Jun/26 15:13:53.554208 USER TC_26_8_1_2_1_1.ttcn3:168 MSC_Port: RX: {"type": "HEARTBEAT"}
2026/Jun/26 15:13:53.554295 PORTEVENT TC_26_8_1_2_1_1.ttcn3:168 Message enqueued on MSC from system charstring : "{\"type\": \"HEARTBEAT\"}" id 20
2026/Jun/26 15:13:53.554332 PORTEVENT TC_26_8_1_2_1_1.ttcn3:169 Receive operation on port MSC succeeded, message from system(): charstring : "{\"type\": \"HEARTBEAT\"}" id 20
2026/Jun/26 15:13:53.554349 PORTEVENT TC_26_8_1_2_1_1.ttcn3:169 Message with id 20 was extracted from the queue of MSC.
2026/Jun/26 15:13:58.558104 USER TC_26_8_1_2_1_1.ttcn3:168 MSC_Port: RX: {"type": "HEARTBEAT"}
2026/Jun/26 15:13:58.558199 PORTEVENT TC_26_8_1_2_1_1.ttcn3:168 Message enqueued on MSC from system charstring : "{\"type\": \"HEARTBEAT\"}" id 21
2026/Jun/26 15:13:58.558239 PORTEVENT TC_26_8_1_2_1_1.ttcn3:169 Receive operation on port MSC succeeded, message from system(): charstring : "{\"type\": \"HEARTBEAT\"}" id 21
2026/Jun/26 15:13:58.558257 PORTEVENT TC_26_8_1_2_1_1.ttcn3:169 Message with id 21 was extracted from the queue of MSC.
2026/Jun/26 15:14:03.563129 USER TC_26_8_1_2_1_1.ttcn3:168 MSC_Port: RX: {"type": "HEARTBEAT"}
2026/Jun/26 15:14:03.563223 PORTEVENT TC_26_8_1_2_1_1.ttcn3:168 Message enqueued on MSC from system charstring : "{\"type\": \"HEARTBEAT\"}" id 22
2026/Jun/26 15:14:03.563263 PORTEVENT TC_26_8_1_2_1_1.ttcn3:169 Receive operation on port MSC succeeded, message from system(): charstring : "{\"type\": \"HEARTBEAT\"}" id 22
2026/Jun/26 15:14:03.563281 PORTEVENT TC_26_8_1_2_1_1.ttcn3:169 Message with id 22 was extracted from the queue of MSC.
2026/Jun/26 15:14:08.568102 USER TC_26_8_1_2_1_1.ttcn3:168 MSC_Port: RX: {"type": "HEARTBEAT"}
2026/Jun/26 15:14:08.568194 PORTEVENT TC_26_8_1_2_1_1.ttcn3:168 Message enqueued on MSC from system charstring : "{\"type\": \"HEARTBEAT\"}" id 23
2026/Jun/26 15:14:08.568235 PORTEVENT TC_26_8_1_2_1_1.ttcn3:169 Receive operation on port MSC succeeded, message from system(): charstring : "{\"type\": \"HEARTBEAT\"}" id 23
2026/Jun/26 15:14:08.568254 PORTEVENT TC_26_8_1_2_1_1.ttcn3:169 Message with id 23 was extracted from the queue of MSC.
2026/Jun/26 15:14:13.553022 TIMEROP TC_26_8_1_2_1_1.ttcn3:177 Timeout T_lu_settle: 25 s
2026/Jun/26 15:14:13.553080 USER TC_26_8_1_2_1_1.ttcn3:178 TC_26_8_1_2_1_1: MS now in idle-updated state
2026/Jun/26 15:14:13.553102 USER TC_26_8_1_2_1_1.ttcn3:187 "*** Phase 2: [4] +InitCall " & char(0, 0, 32, 20) & " triggering MO call via VTY ***"
2026/Jun/26 15:14:13.553146 USER GSM_Component_Definitions.ttcn3:455 VTY: Sending command: "enable"
2026/Jun/26 15:14:13.553164 PORTEVENT GSM_Component_Definitions.ttcn3:456 Sent on VTY to system charstring : "enable"
2026/Jun/26 15:14:13.553192 USER GSM_Component_Definitions.ttcn3:456 VTY_PT: Sending command: "enable"
2026/Jun/26 15:14:13.753404 USER GSM_Component_Definitions.ttcn3:456 VTY_PT: Received response: 
% (MS 1)
% Power off!

% (MS 1)
% Trying to register with network International, 70...

% (MS 1)
% Trying to register with network International, 70...

% (MS 1)
% On Network, normal service: International, 70
enable
OsmocomBB(mobile)# 
OsmocomBB(mobile)# 
2026/Jun/26 15:14:13.753583 PORTEVENT GSM_Component_Definitions.ttcn3:456 Message enqueued on VTY from system charstring : "\r\n% (MS 1)\r\n% Power off!\r\n\r\n% (MS 1)\r\n% Trying to register with network International, 70...\r\n\r\n% (MS 1)\r\n% Trying to register with network International, 70...\r\n\r\n% (MS 1)\r\n% On Network, normal service: International, 70\r\nenable\r\nOsmocomBB(mobile)# \r\nOsmocomBB(mobile)# " id 1
2026/Jun/26 15:14:13.753631 TIMEROP GSM_Component_Definitions.ttcn3:459 Start timer T_vty: 5 s
2026/Jun/26 15:14:13.753708 PORTEVENT GSM_Component_Definitions.ttcn3:462 Receive operation on port VTY succeeded, message from system(): charstring : "\r\n% (MS 1)\r\n% Power off!\r\n\r\n% (MS 1)\r\n% Trying to register with network International, 70...\r\n\r\n% (MS 1)\r\n% Trying to register with network International, 70...\r\n\r\n% (MS 1)\r\n% On Network, normal service: International, 70\r\nenable\r\nOsmocomBB(mobile)# \r\nOsmocomBB(mobile)# " id 1
2026/Jun/26 15:14:13.753731 PORTEVENT GSM_Component_Definitions.ttcn3:462 Message with id 1 was extracted from the queue of VTY.
2026/Jun/26 15:14:13.753747 TIMEROP GSM_Component_Definitions.ttcn3:463 Stop timer T_vty: 5 s
2026/Jun/26 15:14:13.753759 USER GSM_Component_Definitions.ttcn3:464 VTY: Received response: "\r\n% (MS 1)\r\n% Power off!\r\n\r\n% (MS 1)\r\n% Trying to register with network International, 70...\r\n\r\n% (MS 1)\r\n% Trying to register with network International, 70...\r\n\r\n% (MS 1)\r\n% On Network, normal service: International, 70\r\nenable\r\nOsmocomBB(mobile)# \r\nOsmocomBB(mobile)# "
2026/Jun/26 15:14:13.753809 USER TC_26_8_1_2_1_1.ttcn3:191 TC_26_8_1_2_1_1: VTY enable(1): "\r\n% (MS 1)\r\n% Power off!\r\n\r\n% (MS 1)\r\n% Trying to register with network International, 70...\r\n\r\n% (MS 1)\r\n% Trying to register with network International, 70...\r\n\r\n% (MS 1)\r\n% On Network, normal service: International, 70\r\nenable\r\nOsmocomBB(mobile)# \r\nOsmocomBB(mobile)# "
2026/Jun/26 15:14:13.753876 USER GSM_Component_Definitions.ttcn3:455 VTY: Sending command: "enable"
2026/Jun/26 15:14:13.753897 PORTEVENT GSM_Component_Definitions.ttcn3:456 Sent on VTY to system charstring : "enable"
2026/Jun/26 15:14:13.753913 USER GSM_Component_Definitions.ttcn3:456 VTY_PT: Sending command: "enable"
2026/Jun/26 15:14:13.954105 USER GSM_Component_Definitions.ttcn3:456 VTY_PT: Received response: enable
% Unknown command.
OsmocomBB(mobile)# 
OsmocomBB(mobile)# 
2026/Jun/26 15:14:13.954208 PORTEVENT GSM_Component_Definitions.ttcn3:456 Message enqueued on VTY from system charstring : "enable\r\n% Unknown command.\r\nOsmocomBB(mobile)# \r\nOsmocomBB(mobile)# " id 2
2026/Jun/26 15:14:13.954237 TIMEROP GSM_Component_Definitions.ttcn3:459 Start timer T_vty: 5 s
2026/Jun/26 15:14:13.954272 PORTEVENT GSM_Component_Definitions.ttcn3:462 Receive operation on port VTY succeeded, message from system(): charstring : "enable\r\n% Unknown command.\r\nOsmocomBB(mobile)# \r\nOsmocomBB(mobile)# " id 2
2026/Jun/26 15:14:13.954288 PORTEVENT GSM_Component_Definitions.ttcn3:462 Message with id 2 was extracted from the queue of VTY.
2026/Jun/26 15:14:13.954299 TIMEROP GSM_Component_Definitions.ttcn3:463 Stop timer T_vty: 5 s
2026/Jun/26 15:14:13.954309 USER GSM_Component_Definitions.ttcn3:464 VTY: Received response: "enable\r\n% Unknown command.\r\nOsmocomBB(mobile)# \r\nOsmocomBB(mobile)# "
2026/Jun/26 15:14:13.954336 USER TC_26_8_1_2_1_1.ttcn3:193 TC_26_8_1_2_1_1: VTY enable(2): "enable\r\n% Unknown command.\r\nOsmocomBB(mobile)# \r\nOsmocomBB(mobile)# "
2026/Jun/26 15:14:13.954362 USER GSM_Component_Definitions.ttcn3:455 VTY: Sending command: "call 1 12345"
2026/Jun/26 15:14:13.954383 PORTEVENT GSM_Component_Definitions.ttcn3:456 Sent on VTY to system charstring : "call 1 12345"
2026/Jun/26 15:14:13.954398 USER GSM_Component_Definitions.ttcn3:456 VTY_PT: Sending command: "call 1 12345"
2026/Jun/26 15:14:14.154574 USER GSM_Component_Definitions.ttcn3:456 VTY_PT: Received response: call 1 12345
OsmocomBB(mobile)# 
OsmocomBB(mobile)# 
2026/Jun/26 15:14:14.154643 PORTEVENT GSM_Component_Definitions.ttcn3:456 Message enqueued on VTY from system charstring : "call 1 12345\r\nOsmocomBB(mobile)# \r\nOsmocomBB(mobile)# " id 3
2026/Jun/26 15:14:14.154662 TIMEROP GSM_Component_Definitions.ttcn3:459 Start timer T_vty: 5 s
2026/Jun/26 15:14:14.154681 PORTEVENT GSM_Component_Definitions.ttcn3:462 Receive operation on port VTY succeeded, message from system(): charstring : "call 1 12345\r\nOsmocomBB(mobile)# \r\nOsmocomBB(mobile)# " id 3
2026/Jun/26 15:14:14.154697 PORTEVENT GSM_Component_Definitions.ttcn3:462 Message with id 3 was extracted from the queue of VTY.
2026/Jun/26 15:14:14.154702 TIMEROP GSM_Component_Definitions.ttcn3:463 Stop timer T_vty: 5 s
2026/Jun/26 15:14:14.154707 USER GSM_Component_Definitions.ttcn3:464 VTY: Received response: "call 1 12345\r\nOsmocomBB(mobile)# \r\nOsmocomBB(mobile)# "
2026/Jun/26 15:14:14.154721 USER TC_26_8_1_2_1_1.ttcn3:195 TC_26_8_1_2_1_1: VTY call command: "call 1 12345\r\nOsmocomBB(mobile)# \r\nOsmocomBB(mobile)# "
2026/Jun/26 15:14:14.154731 USER TC_26_8_1_2_1_1.ttcn3:213 *** Phase 3: [8] Waiting for CM SERVICE REQUEST (CMSerReq_04) ***
2026/Jun/26 15:14:14.154737 TIMEROP TC_26_8_1_2_1_1.ttcn3:215 Start timer T_cm: 30 s
2026/Jun/26 15:14:14.154760 USER TC_26_8_1_2_1_1.ttcn3:216 MSC_Port: RX: {"type": "HEARTBEAT"}
2026/Jun/26 15:14:14.154769 PORTEVENT TC_26_8_1_2_1_1.ttcn3:216 Message enqueued on MSC from system charstring : "{\"type\": \"HEARTBEAT\"}" id 24
2026/Jun/26 15:14:14.154777 PORTEVENT TC_26_8_1_2_1_1.ttcn3:217 Receive operation on port MSC succeeded, message from system(): charstring : "{\"type\": \"HEARTBEAT\"}" id 24
2026/Jun/26 15:14:14.154782 PORTEVENT TC_26_8_1_2_1_1.ttcn3:217 Message with id 24 was extracted from the queue of MSC.
2026/Jun/26 15:14:14.440347 USER TC_26_8_1_2_1_1.ttcn3:216 MSC_Port: RX: {"type": "EVENT_CM_SERVICE_REQUEST", "bsc_slr": 3, "cm_service_type": 1, "cm_service_type_name": "MO call / Packet"}
2026/Jun/26 15:14:14.440444 PORTEVENT TC_26_8_1_2_1_1.ttcn3:216 Message enqueued on MSC from system charstring : "{\"type\": \"EVENT_CM_SERVICE_REQUEST\", \"bsc_slr\": 3, \"cm_service_type\": 1, \"cm_service_type_name\": \"MO call / Packet\"}" id 25
2026/Jun/26 15:14:14.440491 PORTEVENT TC_26_8_1_2_1_1.ttcn3:217 Receive operation on port MSC succeeded, message from system(): charstring : "{\"type\": \"EVENT_CM_SERVICE_REQUEST\", \"bsc_slr\": 3, \"cm_service_type\": 1, \"cm_service_type_name\": \"MO call / Packet\"}" id 25
2026/Jun/26 15:14:14.440508 PORTEVENT TC_26_8_1_2_1_1.ttcn3:217 Message with id 25 was extracted from the queue of MSC.
2026/Jun/26 15:14:14.440744 USER GSM_Functions.ttcn3:365 f_extractJsonInt: Searching for key '"bsc_slr"' in JSON: "{\"type\": \"EVENT_CM_SERVICE_REQUEST\", \"bsc_slr\": 3, \"cm_service_type\": 1, \"cm_service_type_name\": \"MO call / Packet\"}"
2026/Jun/26 15:14:14.440806 USER GSM_Functions.ttcn3:372 f_extractJsonInt: Found key at position 37 (pattern: "\"bsc_slr\":")
2026/Jun/26 15:14:14.440867 USER GSM_Functions.ttcn3:422 f_extractJsonInt: Extracted number string '"3"' => integer 3
2026/Jun/26 15:14:14.440891 USER GSM_Functions.ttcn3:365 f_extractJsonInt: Searching for key '"cm_service_type"' in JSON: "{\"type\": \"EVENT_CM_SERVICE_REQUEST\", \"bsc_slr\": 3, \"cm_service_type\": 1, \"cm_service_type_name\": \"MO call / Packet\"}"
2026/Jun/26 15:14:14.440937 USER GSM_Functions.ttcn3:372 f_extractJsonInt: Found key at position 51 (pattern: "\"cm_service_type\":")
2026/Jun/26 15:14:14.440961 USER GSM_Functions.ttcn3:422 f_extractJsonInt: Extracted number string '"1"' => integer 1
2026/Jun/26 15:14:14.440979 USER TC_26_8_1_2_1_1.ttcn3:226 TC_26_8_1_2_1_1: CM SERVICE REQUEST received, bsc_slr=3 cm_service_type=1
2026/Jun/26 15:14:14.441021 USER TC_26_8_1_2_1_1.ttcn3:229 "TC_26_8_1_2_1_1: [8] PASS " & char(0, 0, 32, 20) & " CM SERVICE REQUEST with service type 1"" (MO call establishment, CMServiceReq_04, GSM 04.08 " & char(0, 0, 0, 167) & "10.5.3.3)"
2026/Jun/26 15:14:14.441059 TIMEROP TC_26_8_1_2_1_1.ttcn3:238 Stop timer T_cm: 30 s
2026/Jun/26 15:14:14.441078 USER TC_26_8_1_2_1_1.ttcn3:255 "*** Phase 4: [10] +PostMainLinkRel " & char(0, 0, 32, 20) & " releasing connection ***"
2026/Jun/26 15:14:14.441113 PORTEVENT TC_26_8_1_2_1_1.ttcn3:256 Sent on MSC to system charstring : "{\"command\": \"CMD_SEND_CLEAR_CMD\", \"params\": {\"bsc_slr\": 3, \"cause\": 0}}"
2026/Jun/26 15:14:14.441185 USER TC_26_8_1_2_1_1.ttcn3:256 MSC_Port: TX: {"command": "CMD_SEND_CLEAR_CMD", "params": {"bsc_slr": 3, "cause": 0}}
2026/Jun/26 15:14:14.441208 PORTEVENT TC_26_8_1_2_1_1.ttcn3:258 Sent on MSC to system charstring : "{\"command\": \"CLEAR\", \"params\": {}}"
2026/Jun/26 15:14:14.441238 USER TC_26_8_1_2_1_1.ttcn3:258 MSC_Port: TX: {"command": "CLEAR", "params": {}}
2026/Jun/26 15:14:14.441256 TIMEROP TC_26_8_1_2_1_1.ttcn3:261 Start timer T_rel: 3 s
2026/Jun/26 15:14:14.441788 USER TC_26_8_1_2_1_1.ttcn3:262 MSC_Port: RX: {"status": "ok"}
2026/Jun/26 15:14:14.441809 PORTEVENT TC_26_8_1_2_1_1.ttcn3:262 Message enqueued on MSC from system charstring : "{\"status\": \"ok\"}" id 26
2026/Jun/26 15:14:14.441839 PORTEVENT TC_26_8_1_2_1_1.ttcn3:263 Receive operation on port MSC succeeded, message from system(): charstring : "{\"status\": \"ok\"}" id 26
2026/Jun/26 15:14:14.441857 PORTEVENT TC_26_8_1_2_1_1.ttcn3:263 Message with id 26 was extracted from the queue of MSC.
2026/Jun/26 15:14:14.441917 USER TC_26_8_1_2_1_1.ttcn3:267 TC_26_8_1_2_1_1: (release) "{\"status\": \"ok\"}"
2026/Jun/26 15:14:14.442296 USER TC_26_8_1_2_1_1.ttcn3:262 MSC_Port: RX: {"status": "ok"}
2026/Jun/26 15:14:14.442320 PORTEVENT TC_26_8_1_2_1_1.ttcn3:262 Message enqueued on MSC from system charstring : "{\"status\": \"ok\"}" id 27
2026/Jun/26 15:14:14.442338 PORTEVENT TC_26_8_1_2_1_1.ttcn3:263 Receive operation on port MSC succeeded, message from system(): charstring : "{\"status\": \"ok\"}" id 27
2026/Jun/26 15:14:14.442350 PORTEVENT TC_26_8_1_2_1_1.ttcn3:263 Message with id 27 was extracted from the queue of MSC.
2026/Jun/26 15:14:14.442395 USER TC_26_8_1_2_1_1.ttcn3:267 TC_26_8_1_2_1_1: (release) "{\"status\": \"ok\"}"
2026/Jun/26 15:14:14.647684 USER TC_26_8_1_2_1_1.ttcn3:262 MSC_Port: RX: {"type": "EVENT_BSSMAP_CLEAR_COMPLETE", "bsc_slr": 3}
2026/Jun/26 15:14:14.647744 PORTEVENT TC_26_8_1_2_1_1.ttcn3:262 Message enqueued on MSC from system charstring : "{\"type\": \"EVENT_BSSMAP_CLEAR_COMPLETE\", \"bsc_slr\": 3}" id 28
2026/Jun/26 15:14:14.647767 PORTEVENT TC_26_8_1_2_1_1.ttcn3:263 Receive operation on port MSC succeeded, message from system(): charstring : "{\"type\": \"EVENT_BSSMAP_CLEAR_COMPLETE\", \"bsc_slr\": 3}" id 28
2026/Jun/26 15:14:14.647775 PORTEVENT TC_26_8_1_2_1_1.ttcn3:263 Message with id 28 was extracted from the queue of MSC.
2026/Jun/26 15:14:14.647815 USER TC_26_8_1_2_1_1.ttcn3:267 TC_26_8_1_2_1_1: (release) "{\"type\": \"EVENT_BSSMAP_CLEAR_COMPLETE\", \"bsc_slr\": 3}"
2026/Jun/26 15:14:15.001980 USER TC_26_8_1_2_1_1.ttcn3:262 VTY_PT: Received data (buffered): 38 bytes
2026/Jun/26 15:14:17.262581 USER TC_26_8_1_2_1_1.ttcn3:262 VTY_PT: Received data (buffered): 61 bytes
2026/Jun/26 15:14:17.441284 TIMEROP TC_26_8_1_2_1_1.ttcn3:271 Timeout T_rel: 3 s
2026/Jun/26 15:14:17.441354 USER TC_26_8_1_2_1_1.ttcn3:277 ========== TEST SUMMARY ==========
2026/Jun/26 15:14:17.441391 USER TC_26_8_1_2_1_1.ttcn3:278 Total: 1 sub-tests
2026/Jun/26 15:14:17.441445 USER TC_26_8_1_2_1_1.ttcn3:283 "TC_26_8_1_2_1_1: PASS " & char(0, 0, 32, 20) & " CM SERVICE REQUEST received with service type="1 (MO call establishment, CMServiceReq_04)
2026/Jun/26 15:14:17.441492 USER TC_26_8_1_2_1_1.ttcn3:296 Total: 1 Passed: 1 Failed: 0
2026/Jun/26 15:14:17.441555 VERDICTOP TC_26_8_1_2_1_1.ttcn3:299 setverdict(pass): none -> pass
2026/Jun/26 15:14:17.441671 TIMEROP TC_26_8_1_2_1_1.ttcn3:305 Stop timer T_guard: 300 s
2026/Jun/26 15:14:17.441697 PARALLEL GSM_Component_Definitions.ttcn3:346 Unmapping port mtc:L from system:L.
2026/Jun/26 15:14:17.441783 USER GSM_Component_Definitions.ttcn3:346 L3_Port: Unmapping from L
2026/Jun/26 15:14:17.441862 PORTEVENT GSM_Component_Definitions.ttcn3:346 Port L was unmapped from system:L.
2026/Jun/26 15:14:17.441929 PARALLEL GSM_Component_Definitions.ttcn3:346 Unmap operation of mtc:L from system:L finished.
2026/Jun/26 15:14:17.441949 PARALLEL GSM_Component_Definitions.ttcn3:347 Unmapping port mtc:RR from system:RR.
2026/Jun/26 15:14:17.441988 PORTEVENT GSM_Component_Definitions.ttcn3:347 Port RR was unmapped from system:RR.
2026/Jun/26 15:14:17.442023 PARALLEL GSM_Component_Definitions.ttcn3:347 Unmap operation of mtc:RR from system:RR finished.
2026/Jun/26 15:14:17.442035 PARALLEL GSM_Component_Definitions.ttcn3:348 Unmapping port mtc:MM from system:MM.
2026/Jun/26 15:14:17.442086 PORTEVENT GSM_Component_Definitions.ttcn3:348 Port MM was unmapped from system:MM.
2026/Jun/26 15:14:17.442124 PARALLEL GSM_Component_Definitions.ttcn3:348 Unmap operation of mtc:MM from system:MM finished.
2026/Jun/26 15:14:17.442136 PARALLEL GSM_Component_Definitions.ttcn3:349 Unmapping port mtc:CC from system:CC.
2026/Jun/26 15:14:17.442174 PORTEVENT GSM_Component_Definitions.ttcn3:349 Port CC was unmapped from system:CC.
2026/Jun/26 15:14:17.442225 PARALLEL GSM_Component_Definitions.ttcn3:349 Unmap operation of mtc:CC from system:CC finished.
2026/Jun/26 15:14:17.442237 PARALLEL GSM_Component_Definitions.ttcn3:350 Unmapping port mtc:MSC from system:MSC.
2026/Jun/26 15:14:17.442277 USER GSM_Component_Definitions.ttcn3:350 MSC_Port: Unmapping from MSC
2026/Jun/26 15:14:17.442392 PORTEVENT GSM_Component_Definitions.ttcn3:350 Port MSC was unmapped from system:MSC.
2026/Jun/26 15:14:17.442438 PARALLEL GSM_Component_Definitions.ttcn3:350 Unmap operation of mtc:MSC from system:MSC finished.
2026/Jun/26 15:14:17.442450 PARALLEL GSM_Component_Definitions.ttcn3:351 Unmapping port mtc:VTY from system:VTY.
2026/Jun/26 15:14:17.442487 USER GSM_Component_Definitions.ttcn3:351 VTY_PT: Unmapping port from VTY interface
2026/Jun/26 15:14:17.442578 USER GSM_Component_Definitions.ttcn3:351 VTY_PT: Disconnected from VTY
2026/Jun/26 15:14:17.442597 PORTEVENT GSM_Component_Definitions.ttcn3:351 Port VTY was unmapped from system:VTY.
2026/Jun/26 15:14:17.442635 PARALLEL GSM_Component_Definitions.ttcn3:351 Unmap operation of mtc:VTY from system:VTY finished.
2026/Jun/26 15:14:17.442669 PARALLEL TC_26_8_1_2_1_1.ttcn3:306 Terminating component type GSM_Component_Definitions.GSM_CT.
2026/Jun/26 15:14:17.442706 USER TC_26_8_1_2_1_1.ttcn3:306 L3_Port: user_stop called
2026/Jun/26 15:14:17.442720 PORTEVENT TC_26_8_1_2_1_1.ttcn3:306 Port L was stopped.
2026/Jun/26 15:14:17.442759 PORTEVENT TC_26_8_1_2_1_1.ttcn3:306 Port RR was stopped.
2026/Jun/26 15:14:17.442776 PORTEVENT TC_26_8_1_2_1_1.ttcn3:306 Port MM was stopped.
2026/Jun/26 15:14:17.442784 PORTEVENT TC_26_8_1_2_1_1.ttcn3:306 Port CC was stopped.
2026/Jun/26 15:14:17.442791 USER TC_26_8_1_2_1_1.ttcn3:306 MSC_Port: user_stop called
2026/Jun/26 15:14:17.442803 PORTEVENT TC_26_8_1_2_1_1.ttcn3:306 Port MSC was stopped.
2026/Jun/26 15:14:17.442831 USER TC_26_8_1_2_1_1.ttcn3:306 BSC_Port: user_stop called
2026/Jun/26 15:14:17.442850 PORTEVENT TC_26_8_1_2_1_1.ttcn3:306 Port BSC was stopped.
2026/Jun/26 15:14:17.442859 PORTEVENT TC_26_8_1_2_1_1.ttcn3:306 Port RSL was stopped.
2026/Jun/26 15:14:17.442866 USER TC_26_8_1_2_1_1.ttcn3:306 VTY_PT: Stopping
2026/Jun/26 15:14:17.442877 PORTEVENT TC_26_8_1_2_1_1.ttcn3:306 Port VTY was stopped.
2026/Jun/26 15:14:17.442886 PORTEVENT TC_26_8_1_2_1_1.ttcn3:306 Port COORD was stopped.
2026/Jun/26 15:14:17.442893 PARALLEL TC_26_8_1_2_1_1.ttcn3:306 Component type GSM_Component_Definitions.GSM_CT was shut down inside testcase TC_26_8_1_2_1_1.
2026/Jun/26 15:14:17.442908 EXECUTOR TC_26_8_1_2_1_1.ttcn3:306 Waiting for PTCs to finish.
2026/Jun/26 15:14:17.442973 VERDICTOP TC_26_8_1_2_1_1.ttcn3:306 Setting final verdict of the test case.
2026/Jun/26 15:14:17.443051 VERDICTOP TC_26_8_1_2_1_1.ttcn3:306 Local verdict of MTC: pass
2026/Jun/26 15:14:17.443092 VERDICTOP TC_26_8_1_2_1_1.ttcn3:306 No PTCs were created.
2026/Jun/26 15:14:17.443115 TESTCASE TC_26_8_1_2_1_1.ttcn3:306 Test case TC_26_8_1_2_1_1 finished. Verdict: pass
2026/Jun/26 15:14:17.443363 STATISTICS - Verdict statistics: 0 none (0.00 %), 1 pass (100.00 %), 0 inconc (0.00 %), 0 fail (0.00 %), 0 error (0.00 %).
2026/Jun/26 15:14:17.443504 STATISTICS - Test execution summary: 1 test case was executed. Overall verdict: pass
2026/Jun/26 15:14:17.443519 EXECUTOR - Exit was requested from MC. Terminating MTC.
