2026/Jun/16 09:47:16.369169 EXECUTOR - TTCN-3 Host Controller started on ttcn3-tc-26-6-1-1-1-2z66z. Version: 11.1.0.
2026/Jun/16 09:47:16.369506 EXECUTOR - TTCN Logger v2.2 options: TimeStampFormat:=DateTime; LogEntityName:=No; LogEventTypes:=Yes; SourceInfoFormat:=Single; LogSensitiveData:=No; *.FileMask:=LOG_ALL; *.ConsoleMask:=ERROR | TESTCASE | USER | VERDICTOP | WARNING; LogFileSize:=0; LogFileNumber:=1; DiskFullAction:=Error
2026/Jun/16 09:47:16.369532 EXECUTOR - Maximum number of open file descriptors: 1048576,   FD_SETSIZE = 1024
2026/Jun/16 09:47:16.369777 WARNING - Warning: The address of MC was set to a local IP address. This may cause incorrect behavior if a HC from a remote host also connects to MC.
2026/Jun/16 09:47:16.369866 EXECUTOR - The address of MC was set to 127.0.0.1:0.
2026/Jun/16 09:47:16.370105 EXECUTOR - Connected to MC.
2026/Jun/16 09:47:16.370305 EXECUTOR - This host supports UNIX domain sockets for local communication.
2026/Jun/16 09:47:16.468954 EXECUTOR - Processing configuration data received from MC.
2026/Jun/16 09:47:16.469224 WARNING - Warning: Skeleton `/results/TC_26_6_1_1-2026-06-16-094713/%n.log' does not guarantee unique log file name for every test system process. It may cause unpredictable results if several test components try to write into the same log file.
2026/Jun/16 09:47:16.469598 EXECUTOR - Module GSM_Constants has the following parameters: { TSPC_Serv_TS11 := true, TSPC_Serv_TS61 := false, TSPC_Serv_TS62 := false, TSPC_Serv_BS21 := false, TSPC_Serv_BS22 := false, TSPC_Serv_BS24 := false, TSPC_Serv_BS25 := false, TSPC_Serv_BS26 := false, TSPC_Serv_BS31 := false, TSPC_Serv_BS32 := false, TSPC_Serv_BS33 := false, TSPC_Serv_BS34 := false, TSPC_Serv_BS41 := false, TSPC_Serv_BS42 := false, TSPC_Serv_BS43 := false, TSPC_Serv_BS44 := false, TSPC_Serv_BS45 := false, TSPC_Serv_BS51 := false, TSPC_Serv_BS61 := false, TSPC_Serv_BS81 := false, TSPC_DualRate := false, TSPC_MTsvc := true, TSPX_IMSI := '901700000000001F'O, TSPX_TMSI := '1914D97F'O, TSPX_CKSNDef := 0, TSPX_RANDDef := '00112233445566778899AABBCCDDEEFF'O, TSPX_SRES := '12345678'O, TSPX_Kc := '0000000000000000'O, TSPX_SDCCH4SubDef := 0, TSPX_TmSltDef := 0, TSPX_TscDef := 7, TSPX_TCHHSubDef := 0, TCV_CC := true, TSPX_Telephony_Rate := C_Full (0), TSPX_MOBscSvcA := C_Telephony (0), TSPX_MOBscSvcB := C_Telephony (0), TSPX_MOBscSvcC := C_Telephony (0), TSPX_MOBscSvcD := C_Telephony (0), TSPX_MOBscSvcE := C_Telephony (0), TSPX_MOBscSvcF := C_Telephony (0), TSPX_MOBscSvcG := C_Telephony (0), TSPX_MOChRateA := C_Full (0), TSPX_MOChRateB := C_Full (0), TSPX_MOChRateC := C_Full (0), TSPX_MOChRateD := C_Full (0), TSPX_MOChRateE := C_Full (0), TSPX_MOChRateF := C_Full (0), TSPX_MOChRateG := C_Full (0), TSPX_MTBscSvcA := C_Telephony (0), TSPX_MTBscSvcB := C_Telephony (0), TSPX_MTBscSvcC := C_Telephony (0), TSPX_MTBscSvcD := C_Telephony (0), TSPX_MTBscSvcE := C_Telephony (0), TSPX_MTBscSvcF := C_Telephony (0), TSPX_MTBscSvcG := C_Telephony (0), TSPX_MTBscSvcH := C_Telephony (0), TSPX_MTBscSvcI := C_Telephony (0), TSPX_MTBscSvcJ := C_Telephony (0), TSPX_MTChRateA := C_Full (0), TSPX_MTChRateB := C_Full (0), TSPX_MTChRateC := C_Full (0), TSPX_MTChRateD := C_Full (0), TSPX_MTChRateE := C_Full (0), TSPX_MTChRateF := C_Full (0), TSPX_MTChRateG := C_Full (0), TSPX_MTChRateH := C_Full (0), TSPX_MTChRateI := C_Full (0), TSPX_MTChRateJ := C_Full (0), C_arfcnA := 100 }
2026/Jun/16 09:47:16.469683 EXECUTOR - Module TC_26_6_1_2 has the following parameters: { TSPX_nPara := 3, TSPX_i1Para := 3, TSPX_kPara := 5, TSPX_i2Para := 1, TSPX_rPara := 4, TSPX_i3Para := 4 }
2026/Jun/16 09:47:16.469726 EXECUTOR - Initializing module GSM_Component_Definitions.
2026/Jun/16 09:47:16.469736 EXECUTOR GSM_Component_Definitions.ttcn3:0 Initializing module GSM_Templates.
2026/Jun/16 09:47:16.469755 EXECUTOR GSM_Templates.ttcn3:0 Initializing module GSM_Constants.
2026/Jun/16 09:47:16.469760 EXECUTOR GSM_Constants.ttcn3:0 Initializing module GSM_Types.
2026/Jun/16 09:47:16.469763 EXECUTOR GSM_Constants.ttcn3:0 Initialization of module GSM_Types finished.
2026/Jun/16 09:47:16.469766 EXECUTOR GSM_Templates.ttcn3:0 Initialization of module GSM_Constants finished.
2026/Jun/16 09:47:16.469863 EXECUTOR GSM_Component_Definitions.ttcn3:0 Initialization of module GSM_Templates finished.
2026/Jun/16 09:47:16.469870 EXECUTOR - Initialization of module GSM_Component_Definitions finished.
2026/Jun/16 09:47:16.469873 EXECUTOR - Initializing module GSM_Functions.
2026/Jun/16 09:47:16.469898 EXECUTOR - Initialization of module GSM_Functions finished.
2026/Jun/16 09:47:16.469900 EXECUTOR - Initializing module PreGenRecordOf.
2026/Jun/16 09:47:16.469903 EXECUTOR - Initialization of module PreGenRecordOf finished.
2026/Jun/16 09:47:16.469905 EXECUTOR - Initializing module TC_26_2_1_3.
2026/Jun/16 09:47:16.469910 EXECUTOR - Initialization of module TC_26_2_1_3 finished.
2026/Jun/16 09:47:16.469912 EXECUTOR - Initializing module TC_26_2_2.
2026/Jun/16 09:47:16.469917 EXECUTOR - Initialization of module TC_26_2_2 finished.
2026/Jun/16 09:47:16.469920 EXECUTOR - Initializing module TC_26_2_3.
2026/Jun/16 09:47:16.469925 EXECUTOR - Initialization of module TC_26_2_3 finished.
2026/Jun/16 09:47:16.469927 EXECUTOR - Initializing module TC_26_6_11_1.
2026/Jun/16 09:47:16.469933 EXECUTOR - Initialization of module TC_26_6_11_1 finished.
2026/Jun/16 09:47:16.469935 EXECUTOR - Initializing module TC_26_6_11_2.
2026/Jun/16 09:47:16.469940 EXECUTOR - Initialization of module TC_26_6_11_2 finished.
2026/Jun/16 09:47:16.469942 EXECUTOR - Initializing module TC_26_6_12_1.
2026/Jun/16 09:47:16.469947 EXECUTOR - Initialization of module TC_26_6_12_1 finished.
2026/Jun/16 09:47:16.469950 EXECUTOR - Initializing module TC_26_6_12_2.
2026/Jun/16 09:47:16.469955 EXECUTOR - Initialization of module TC_26_6_12_2 finished.
2026/Jun/16 09:47:16.469957 EXECUTOR - Initializing module TC_26_6_12_3.
2026/Jun/16 09:47:16.469962 EXECUTOR - Initialization of module TC_26_6_12_3 finished.
2026/Jun/16 09:47:16.469964 EXECUTOR - Initializing module TC_26_6_12_4.
2026/Jun/16 09:47:16.469970 EXECUTOR - Initialization of module TC_26_6_12_4 finished.
2026/Jun/16 09:47:16.469972 EXECUTOR - Initializing module TC_26_6_13_10.
2026/Jun/16 09:47:16.469977 EXECUTOR - Initialization of module TC_26_6_13_10 finished.
2026/Jun/16 09:47:16.469979 EXECUTOR - Initializing module TC_26_6_13_9.
2026/Jun/16 09:47:16.469985 EXECUTOR - Initialization of module TC_26_6_13_9 finished.
2026/Jun/16 09:47:16.469987 EXECUTOR - Initializing module TC_26_6_1_1.
2026/Jun/16 09:47:16.469992 EXECUTOR - Initialization of module TC_26_6_1_1 finished.
2026/Jun/16 09:47:16.469994 EXECUTOR - Initializing module TC_26_6_1_2.
2026/Jun/16 09:47:16.469999 EXECUTOR - Initialization of module TC_26_6_1_2 finished.
2026/Jun/16 09:47:16.470002 EXECUTOR - Initializing module TC_26_6_1_3.
2026/Jun/16 09:47:16.470006 EXECUTOR - Initialization of module TC_26_6_1_3 finished.
2026/Jun/16 09:47:16.470009 EXECUTOR - Initializing module TC_26_6_1_4.
2026/Jun/16 09:47:16.470014 EXECUTOR - Initialization of module TC_26_6_1_4 finished.
2026/Jun/16 09:47:16.470016 EXECUTOR - Initializing module TC_26_6_1_5.
2026/Jun/16 09:47:16.470021 EXECUTOR - Initialization of module TC_26_6_1_5 finished.
2026/Jun/16 09:47:16.470023 EXECUTOR - Initializing module TC_26_6_2_1_1.
2026/Jun/16 09:47:16.470028 EXECUTOR - Initialization of module TC_26_6_2_1_1 finished.
2026/Jun/16 09:47:16.470030 EXECUTOR - Initializing module TC_26_6_2_1_2.
2026/Jun/16 09:47:16.470035 EXECUTOR - Initialization of module TC_26_6_2_1_2 finished.
2026/Jun/16 09:47:16.470037 EXECUTOR - Initializing module TC_26_6_2_1_3.
2026/Jun/16 09:47:16.470042 EXECUTOR - Initialization of module TC_26_6_2_1_3 finished.
2026/Jun/16 09:47:16.470044 EXECUTOR - Initializing module TC_26_6_2_2.
2026/Jun/16 09:47:16.470050 EXECUTOR - Initialization of module TC_26_6_2_2 finished.
2026/Jun/16 09:47:16.470052 EXECUTOR - Initializing module TC_26_6_2_3_1.
2026/Jun/16 09:47:16.470058 EXECUTOR - Initialization of module TC_26_6_2_3_1 finished.
2026/Jun/16 09:47:16.470060 EXECUTOR - Initializing module TC_26_6_2_3_2.
2026/Jun/16 09:47:16.470065 EXECUTOR - Initialization of module TC_26_6_2_3_2 finished.
2026/Jun/16 09:47:16.470071 EXECUTOR - Initializing module TC_26_6_2_4.
2026/Jun/16 09:47:16.470077 EXECUTOR - Initialization of module TC_26_6_2_4 finished.
2026/Jun/16 09:47:16.470079 EXECUTOR - Initializing module TC_26_6_3_1.
2026/Jun/16 09:47:16.470084 EXECUTOR - Initialization of module TC_26_6_3_1 finished.
2026/Jun/16 09:47:16.470087 EXECUTOR - Initializing module TC_26_6_3_4.
2026/Jun/16 09:47:16.470092 EXECUTOR - Initialization of module TC_26_6_3_4 finished.
2026/Jun/16 09:47:16.470095 EXECUTOR - Initializing module TC_26_6_4_1.
2026/Jun/16 09:47:16.470100 EXECUTOR - Initialization of module TC_26_6_4_1 finished.
2026/Jun/16 09:47:16.470102 EXECUTOR - Initializing module TC_26_6_4_2_2.
2026/Jun/16 09:47:16.470107 EXECUTOR - Initialization of module TC_26_6_4_2_2 finished.
2026/Jun/16 09:47:16.470109 EXECUTOR - Initializing module TC_26_6_5_1.
2026/Jun/16 09:47:16.470114 EXECUTOR - Initialization of module TC_26_6_5_1 finished.
2026/Jun/16 09:47:16.470116 EXECUTOR - Initializing module TC_26_6_5_2_1.
2026/Jun/16 09:47:16.470121 EXECUTOR - Initialization of module TC_26_6_5_2_1 finished.
2026/Jun/16 09:47:16.470123 EXECUTOR - Initializing module TC_26_6_8_1.
2026/Jun/16 09:47:16.470128 EXECUTOR - Initialization of module TC_26_6_8_1 finished.
2026/Jun/16 09:47:16.470131 EXECUTOR - Initializing module TC_26_6_8_2.
2026/Jun/16 09:47:16.470136 EXECUTOR - Initialization of module TC_26_6_8_2 finished.
2026/Jun/16 09:47:16.470138 EXECUTOR - Initializing module TC_26_6_8_3.
2026/Jun/16 09:47:16.470143 EXECUTOR - Initialization of module TC_26_6_8_3 finished.
2026/Jun/16 09:47:16.470145 EXECUTOR - Initializing module TC_26_6_8_4.
2026/Jun/16 09:47:16.470150 EXECUTOR - Initialization of module TC_26_6_8_4 finished.
2026/Jun/16 09:47:16.470152 EXECUTOR - Initializing module TC_26_6_8_5.
2026/Jun/16 09:47:16.470157 EXECUTOR - Initialization of module TC_26_6_8_5 finished.
2026/Jun/16 09:47:16.470159 EXECUTOR - Initializing module TC_26_7_1.
2026/Jun/16 09:47:16.470164 EXECUTOR - Initialization of module TC_26_7_1 finished.
2026/Jun/16 09:47:16.470166 EXECUTOR - Initializing module TC_26_7_2_1.
2026/Jun/16 09:47:16.470171 EXECUTOR - Initialization of module TC_26_7_2_1 finished.
2026/Jun/16 09:47:16.470173 EXECUTOR - Initializing module TC_26_7_2_2.
2026/Jun/16 09:47:16.470178 EXECUTOR - Initialization of module TC_26_7_2_2 finished.
2026/Jun/16 09:47:16.470180 EXECUTOR - Initializing module TC_26_7_3_1.
2026/Jun/16 09:47:16.470184 EXECUTOR - Initialization of module TC_26_7_3_1 finished.
2026/Jun/16 09:47:16.470187 EXECUTOR - Initializing module TC_26_7_3_2.
2026/Jun/16 09:47:16.470192 EXECUTOR - Initialization of module TC_26_7_3_2 finished.
2026/Jun/16 09:47:16.470194 EXECUTOR - Initializing module TC_26_7_4_1.
2026/Jun/16 09:47:16.470199 EXECUTOR - Initialization of module TC_26_7_4_1 finished.
2026/Jun/16 09:47:16.470201 EXECUTOR - Initializing module TC_26_7_4_2_1.
2026/Jun/16 09:47:16.470207 EXECUTOR - Initialization of module TC_26_7_4_2_1 finished.
2026/Jun/16 09:47:16.470209 EXECUTOR - Initializing module TC_26_7_4_2_2_1.
2026/Jun/16 09:47:16.470213 EXECUTOR - Initialization of module TC_26_7_4_2_2_1 finished.
2026/Jun/16 09:47:16.470216 EXECUTOR - Initializing module TC_26_7_4_2_2_2.
2026/Jun/16 09:47:16.470221 EXECUTOR - Initialization of module TC_26_7_4_2_2_2 finished.
2026/Jun/16 09:47:16.470223 EXECUTOR - Initializing module TC_26_7_4_2_3.
2026/Jun/16 09:47:16.470228 EXECUTOR - Initialization of module TC_26_7_4_2_3 finished.
2026/Jun/16 09:47:16.470230 EXECUTOR - Initializing module TC_26_7_4_2_4_1.
2026/Jun/16 09:47:16.470235 EXECUTOR - Initialization of module TC_26_7_4_2_4_1 finished.
2026/Jun/16 09:47:16.470237 EXECUTOR - Initializing module TC_26_7_4_2_4_2.
2026/Jun/16 09:47:16.470242 EXECUTOR - Initialization of module TC_26_7_4_2_4_2 finished.
2026/Jun/16 09:47:16.470244 EXECUTOR - Initializing module TC_26_7_4_2_4_3.
2026/Jun/16 09:47:16.470250 EXECUTOR - Initialization of module TC_26_7_4_2_4_3 finished.
2026/Jun/16 09:47:16.470252 EXECUTOR - Initializing module TC_26_7_4_2_4_4.
2026/Jun/16 09:47:16.470260 EXECUTOR - Initialization of module TC_26_7_4_2_4_4 finished.
2026/Jun/16 09:47:16.470263 EXECUTOR - Initializing module TC_26_7_4_2_4_5.
2026/Jun/16 09:47:16.470267 EXECUTOR - Initialization of module TC_26_7_4_2_4_5 finished.
2026/Jun/16 09:47:16.470269 EXECUTOR - Initializing module TC_26_7_4_3_1.
2026/Jun/16 09:47:16.470275 EXECUTOR - Initialization of module TC_26_7_4_3_1 finished.
2026/Jun/16 09:47:16.470277 EXECUTOR - Initializing module TC_26_7_4_3_2.
2026/Jun/16 09:47:16.470282 EXECUTOR - Initialization of module TC_26_7_4_3_2 finished.
2026/Jun/16 09:47:16.470284 EXECUTOR - Initializing module TC_26_7_4_3_3.
2026/Jun/16 09:47:16.470289 EXECUTOR - Initialization of module TC_26_7_4_3_3 finished.
2026/Jun/16 09:47:16.470291 EXECUTOR - Initializing module TC_26_7_4_3_4.
2026/Jun/16 09:47:16.470296 EXECUTOR - Initialization of module TC_26_7_4_3_4 finished.
2026/Jun/16 09:47:16.470298 EXECUTOR - Initializing module TC_26_7_4_4.
2026/Jun/16 09:47:16.470303 EXECUTOR - Initialization of module TC_26_7_4_4 finished.
2026/Jun/16 09:47:16.470305 EXECUTOR - Initializing module TC_26_7_4_5_1.
2026/Jun/16 09:47:16.470310 EXECUTOR - Initialization of module TC_26_7_4_5_1 finished.
2026/Jun/16 09:47:16.470312 EXECUTOR - Initializing module TC_26_7_4_5_2.
2026/Jun/16 09:47:16.470317 EXECUTOR - Initialization of module TC_26_7_4_5_2 finished.
2026/Jun/16 09:47:16.470319 EXECUTOR - Initializing module TC_26_7_4_5_3.
2026/Jun/16 09:47:16.470324 EXECUTOR - Initialization of module TC_26_7_4_5_3 finished.
2026/Jun/16 09:47:16.470327 EXECUTOR - Initializing module TC_26_7_4_5_4_2.
2026/Jun/16 09:47:16.470332 EXECUTOR - Initialization of module TC_26_7_4_5_4_2 finished.
2026/Jun/16 09:47:16.470334 EXECUTOR - Initializing module TC_26_7_5_2.
2026/Jun/16 09:47:16.470339 EXECUTOR - Initialization of module TC_26_7_5_2 finished.
2026/Jun/16 09:47:16.470341 EXECUTOR - Initializing module TC_26_7_5_3.
2026/Jun/16 09:47:16.470347 EXECUTOR - Initialization of module TC_26_7_5_3 finished.
2026/Jun/16 09:47:16.470349 EXECUTOR - Initializing module TC_26_7_5_4.
2026/Jun/16 09:47:16.470354 EXECUTOR - Initialization of module TC_26_7_5_4 finished.
2026/Jun/16 09:47:16.470356 EXECUTOR - Initializing module TC_26_7_5_5.
2026/Jun/16 09:47:16.470361 EXECUTOR - Initialization of module TC_26_7_5_5 finished.
2026/Jun/16 09:47:16.470363 EXECUTOR - Initializing module TC_26_7_5_6.
2026/Jun/16 09:47:16.470368 EXECUTOR - Initialization of module TC_26_7_5_6 finished.
2026/Jun/16 09:47:16.470370 EXECUTOR - Initializing module TC_26_7_5_7_1.
2026/Jun/16 09:47:16.470375 EXECUTOR - Initialization of module TC_26_7_5_7_1 finished.
2026/Jun/16 09:47:16.470378 EXECUTOR - Initializing module TC_26_7_5_8_1.
2026/Jun/16 09:47:16.470383 EXECUTOR - Initialization of module TC_26_7_5_8_1 finished.
2026/Jun/16 09:47:16.470385 EXECUTOR - Initializing module TC_26_7_5_8_2.
2026/Jun/16 09:47:16.470389 EXECUTOR - Initialization of module TC_26_7_5_8_2 finished.
2026/Jun/16 09:47:16.470392 EXECUTOR - Initializing module TC_26_7_5_8_3.
2026/Jun/16 09:47:16.470396 EXECUTOR - Initialization of module TC_26_7_5_8_3 finished.
2026/Jun/16 09:47:16.470398 EXECUTOR - Initializing module TC_26_8_1_2_1_1.
2026/Jun/16 09:47:16.470403 EXECUTOR - Initialization of module TC_26_8_1_2_1_1 finished.
2026/Jun/16 09:47:16.470406 EXECUTOR - Initializing module TC_26_8_1_2_2_1.
2026/Jun/16 09:47:16.470410 EXECUTOR - Initialization of module TC_26_8_1_2_2_1 finished.
2026/Jun/16 09:47:16.470412 EXECUTOR - Initializing module TC_26_8_1_2_2_2.
2026/Jun/16 09:47:16.470417 EXECUTOR - Initialization of module TC_26_8_1_2_2_2 finished.
2026/Jun/16 09:47:16.470420 EXECUTOR - Initializing module TC_26_8_1_2_2_3.
2026/Jun/16 09:47:16.470425 EXECUTOR - Initialization of module TC_26_8_1_2_2_3 finished.
2026/Jun/16 09:47:16.470427 EXECUTOR - Initializing module TC_26_8_1_2_3_1.
2026/Jun/16 09:47:16.470432 EXECUTOR - Initialization of module TC_26_8_1_2_3_1 finished.
2026/Jun/16 09:47:16.470434 EXECUTOR - Initializing module TC_26_8_1_2_3_2.
2026/Jun/16 09:47:16.470439 EXECUTOR - Initialization of module TC_26_8_1_2_3_2 finished.
2026/Jun/16 09:47:16.470443 EXECUTOR - Initializing module TC_26_8_1_2_3_3.
2026/Jun/16 09:47:16.470448 EXECUTOR - Initialization of module TC_26_8_1_2_3_3 finished.
2026/Jun/16 09:47:16.470450 EXECUTOR - Initializing module TC_26_8_1_2_3_4.
2026/Jun/16 09:47:16.470455 EXECUTOR - Initialization of module TC_26_8_1_2_3_4 finished.
2026/Jun/16 09:47:16.470457 EXECUTOR - Initializing module TC_26_8_1_2_3_5.
2026/Jun/16 09:47:16.470462 EXECUTOR - Initialization of module TC_26_8_1_2_3_5 finished.
2026/Jun/16 09:47:16.470464 EXECUTOR - Initializing module TC_26_8_1_2_3_6.
2026/Jun/16 09:47:16.470469 EXECUTOR - Initialization of module TC_26_8_1_2_3_6 finished.
2026/Jun/16 09:47:16.470471 EXECUTOR - Initializing module TC_26_8_1_2_3_7.
2026/Jun/16 09:47:16.470476 EXECUTOR - Initialization of module TC_26_8_1_2_3_7 finished.
2026/Jun/16 09:47:16.470479 EXECUTOR - Initializing module TC_26_8_1_2_4_1.
2026/Jun/16 09:47:16.470483 EXECUTOR - Initialization of module TC_26_8_1_2_4_1 finished.
2026/Jun/16 09:47:16.470486 EXECUTOR - Initializing module TC_26_8_1_2_4_13.
2026/Jun/16 09:47:16.470491 EXECUTOR - Initialization of module TC_26_8_1_2_4_13 finished.
2026/Jun/16 09:47:16.470493 EXECUTOR - Initializing module TC_26_8_1_2_4_2.
2026/Jun/16 09:47:16.470498 EXECUTOR - Initialization of module TC_26_8_1_2_4_2 finished.
2026/Jun/16 09:47:16.470500 EXECUTOR - Initializing module TC_26_8_1_2_4_3.
2026/Jun/16 09:47:16.470505 EXECUTOR - Initialization of module TC_26_8_1_2_4_3 finished.
2026/Jun/16 09:47:16.470507 EXECUTOR - Initializing module TC_26_8_1_2_4_4.
2026/Jun/16 09:47:16.470512 EXECUTOR - Initialization of module TC_26_8_1_2_4_4 finished.
2026/Jun/16 09:47:16.470514 EXECUTOR - Initializing module TC_26_8_1_2_4_5.
2026/Jun/16 09:47:16.470519 EXECUTOR - Initialization of module TC_26_8_1_2_4_5 finished.
2026/Jun/16 09:47:16.470521 EXECUTOR - Initializing module TC_26_8_1_2_6_1.
2026/Jun/16 09:47:16.470526 EXECUTOR - Initialization of module TC_26_8_1_2_6_1 finished.
2026/Jun/16 09:47:16.470528 EXECUTOR - Initializing module TC_26_8_1_2_6_2.
2026/Jun/16 09:47:16.470533 EXECUTOR - Initialization of module TC_26_8_1_2_6_2 finished.
2026/Jun/16 09:47:16.470535 EXECUTOR - Initializing module TC_26_8_1_2_6_3.
2026/Jun/16 09:47:16.470540 EXECUTOR - Initialization of module TC_26_8_1_2_6_3 finished.
2026/Jun/16 09:47:16.470542 EXECUTOR - Initializing module TC_26_8_1_2_6_6.
2026/Jun/16 09:47:16.470547 EXECUTOR - Initialization of module TC_26_8_1_2_6_6 finished.
2026/Jun/16 09:47:16.470549 EXECUTOR - Initializing module TC_26_8_1_3_1_1.
2026/Jun/16 09:47:16.470554 EXECUTOR - Initialization of module TC_26_8_1_3_1_1 finished.
2026/Jun/16 09:47:16.470556 EXECUTOR - Initializing module TC_26_8_1_3_2_1.
2026/Jun/16 09:47:16.470561 EXECUTOR - Initialization of module TC_26_8_1_3_2_1 finished.
2026/Jun/16 09:47:16.470563 EXECUTOR - Initializing module TC_26_8_1_3_3_1.
2026/Jun/16 09:47:16.470568 EXECUTOR - Initialization of module TC_26_8_1_3_3_1 finished.
2026/Jun/16 09:47:16.470570 EXECUTOR - Initializing module TC_26_8_1_3_3_2.
2026/Jun/16 09:47:16.470575 EXECUTOR - Initialization of module TC_26_8_1_3_3_2 finished.
2026/Jun/16 09:47:16.470577 EXECUTOR - Initializing module TC_26_8_1_3_3_3.
2026/Jun/16 09:47:16.470582 EXECUTOR - Initialization of module TC_26_8_1_3_3_3 finished.
2026/Jun/16 09:47:16.470584 EXECUTOR - Initializing module TC_26_8_1_3_3_4.
2026/Jun/16 09:47:16.470589 EXECUTOR - Initialization of module TC_26_8_1_3_3_4 finished.
2026/Jun/16 09:47:16.470591 EXECUTOR - Initializing module TC_26_8_1_3_3_5.
2026/Jun/16 09:47:16.470597 EXECUTOR - Initialization of module TC_26_8_1_3_3_5 finished.
2026/Jun/16 09:47:16.470599 EXECUTOR - Initializing module TC_26_8_1_3_3_6.
2026/Jun/16 09:47:16.470604 EXECUTOR - Initialization of module TC_26_8_1_3_3_6 finished.
2026/Jun/16 09:47:16.470606 EXECUTOR - Initializing module TC_26_8_1_3_3_7.
2026/Jun/16 09:47:16.470611 EXECUTOR - Initialization of module TC_26_8_1_3_3_7 finished.
2026/Jun/16 09:47:16.470613 EXECUTOR - Initializing module TC_26_8_1_3_4_1.
2026/Jun/16 09:47:16.470621 EXECUTOR - Initialization of module TC_26_8_1_3_4_1 finished.
2026/Jun/16 09:47:16.470623 EXECUTOR - Initializing module TC_26_8_1_3_4_2.
2026/Jun/16 09:47:16.470628 EXECUTOR - Initialization of module TC_26_8_1_3_4_2 finished.
2026/Jun/16 09:47:16.470630 EXECUTOR - Initializing module TC_26_8_1_3_4_3.
2026/Jun/16 09:47:16.470636 EXECUTOR - Initialization of module TC_26_8_1_3_4_3 finished.
2026/Jun/16 09:47:16.470638 EXECUTOR - Initializing module TC_26_8_1_3_4_4.
2026/Jun/16 09:47:16.470643 EXECUTOR - Initialization of module TC_26_8_1_3_4_4 finished.
2026/Jun/16 09:47:16.470645 EXECUTOR - Initializing module TC_26_8_1_3_4_5.
2026/Jun/16 09:47:16.470650 EXECUTOR - Initialization of module TC_26_8_1_3_4_5 finished.
2026/Jun/16 09:47:16.470652 EXECUTOR - Initializing module TC_26_8_1_3_4_6.
2026/Jun/16 09:47:16.470657 EXECUTOR - Initialization of module TC_26_8_1_3_4_6 finished.
2026/Jun/16 09:47:16.470660 EXECUTOR - Initializing module TC_26_8_1_3_4_7.
2026/Jun/16 09:47:16.470665 EXECUTOR - Initialization of module TC_26_8_1_3_4_7 finished.
2026/Jun/16 09:47:16.470667 EXECUTOR - Initializing module TC_26_8_1_3_4_8.
2026/Jun/16 09:47:16.470673 EXECUTOR - Initialization of module TC_26_8_1_3_4_8 finished.
2026/Jun/16 09:47:16.470675 EXECUTOR - Initializing module TC_26_8_1_3_5_1.
2026/Jun/16 09:47:16.470680 EXECUTOR - Initialization of module TC_26_8_1_3_5_1 finished.
2026/Jun/16 09:47:16.470682 EXECUTOR - Initializing module TC_26_8_1_3_5_2.
2026/Jun/16 09:47:16.470687 EXECUTOR - Initialization of module TC_26_8_1_3_5_2 finished.
2026/Jun/16 09:47:16.470689 EXECUTOR - Initializing module TC_26_8_1_3_5_3.
2026/Jun/16 09:47:16.470694 EXECUTOR - Initialization of module TC_26_8_1_3_5_3 finished.
2026/Jun/16 09:47:16.470696 EXECUTOR - Initializing module TC_26_8_1_3_5_4.
2026/Jun/16 09:47:16.470701 EXECUTOR - Initialization of module TC_26_8_1_3_5_4 finished.
2026/Jun/16 09:47:16.470703 EXECUTOR - Initializing module TC_26_8_1_3_5_5.
2026/Jun/16 09:47:16.470707 EXECUTOR - Initialization of module TC_26_8_1_3_5_5 finished.
2026/Jun/16 09:47:16.470710 EXECUTOR - Initializing module TC_26_8_1_3_5_6.
2026/Jun/16 09:47:16.470715 EXECUTOR - Initialization of module TC_26_8_1_3_5_6 finished.
2026/Jun/16 09:47:16.470717 EXECUTOR - Initializing module TC_26_8_1_3_5_7.
2026/Jun/16 09:47:16.470722 EXECUTOR - Initialization of module TC_26_8_1_3_5_7 finished.
2026/Jun/16 09:47:16.470724 EXECUTOR - Initializing module TC_26_8_1_3_5_8.
2026/Jun/16 09:47:16.470729 EXECUTOR - Initialization of module TC_26_8_1_3_5_8 finished.
2026/Jun/16 09:47:16.470731 EXECUTOR - Initializing module TC_26_8_1_3_5_9.
2026/Jun/16 09:47:16.470736 EXECUTOR - Initialization of module TC_26_8_1_3_5_9 finished.
2026/Jun/16 09:47:16.470738 EXECUTOR - Initializing module TC_26_8_2_1.
2026/Jun/16 09:47:16.470743 EXECUTOR - Initialization of module TC_26_8_2_1 finished.
2026/Jun/16 09:47:16.470746 EXECUTOR - Initializing module TC_26_8_2_2.
2026/Jun/16 09:47:16.470750 EXECUTOR - Initialization of module TC_26_8_2_2 finished.
2026/Jun/16 09:47:16.470752 EXECUTOR - Initializing module TC_26_8_2_3.
2026/Jun/16 09:47:16.470757 EXECUTOR - Initialization of module TC_26_8_2_3 finished.
2026/Jun/16 09:47:16.470759 EXECUTOR - Initializing module TC_26_8_3.
2026/Jun/16 09:47:16.470765 EXECUTOR - Initialization of module TC_26_8_3 finished.
2026/Jun/16 09:47:16.470767 EXECUTOR - Initializing module TC_34_2_2.
2026/Jun/16 09:47:16.470772 EXECUTOR - Initialization of module TC_34_2_2 finished.
2026/Jun/16 09:47:16.470775 EXECUTOR - Initializing module TitanLoggerApi.
2026/Jun/16 09:47:16.470777 EXECUTOR - Initialization of module TitanLoggerApi finished.
2026/Jun/16 09:47:16.470779 EXECUTOR - Initializing module TitanLoggerControl.
2026/Jun/16 09:47:16.470781 EXECUTOR - Initialization of module TitanLoggerControl finished.
2026/Jun/16 09:47:16.470792 EXECUTOR - Configuration data was processed successfully.
2026/Jun/16 09:47:16.567841 EXECUTOR - MTC was created. Process id: 35.
2026/Jun/16 09:55:43.472013 EXECUTOR - Exit was requested from MC. Terminating HC.
2026/Jun/16 09:55:43.472220 EXECUTOR - Disconnected from MC.
2026/Jun/16 09:55:43.472263 EXECUTOR - TTCN-3 Host Controller finished.
