2026/Jun/16 10:18:28.741939 EXECUTOR - TTCN-3 Host Controller started on ttcn3-tc-26-7-4-1-1-9lwjf. Version: 11.1.0.
2026/Jun/16 10:18:28.742095 EXECUTOR - TTCN Logger v2.2 options: TimeStampFormat:=DateTime; LogEntityName:=No; LogEventTypes:=Yes; SourceInfoFormat:=Single; LogSensitiveData:=No; *.FileMask:=LOG_ALL; *.ConsoleMask:=ERROR | TESTCASE | USER | VERDICTOP | WARNING; LogFileSize:=0; LogFileNumber:=1; DiskFullAction:=Error
2026/Jun/16 10:18:28.742107 EXECUTOR - Maximum number of open file descriptors: 1048576,   FD_SETSIZE = 1024
2026/Jun/16 10:18:28.742242 WARNING - Warning: The address of MC was set to a local IP address. This may cause incorrect behavior if a HC from a remote host also connects to MC.
2026/Jun/16 10:18:28.742275 EXECUTOR - The address of MC was set to 127.0.0.1:0.
2026/Jun/16 10:18:28.742390 EXECUTOR - Connected to MC.
2026/Jun/16 10:18:28.742489 EXECUTOR - This host supports UNIX domain sockets for local communication.
2026/Jun/16 10:18:28.839806 EXECUTOR - Processing configuration data received from MC.
2026/Jun/16 10:18:28.840058 WARNING - Warning: Skeleton `/results/TC_26_7_4_1-2026-06-16-101826/%n.log' does not guarantee unique log file name for every test system process. It may cause unpredictable results if several test components try to write into the same log file.
2026/Jun/16 10:18:28.840371 EXECUTOR - Module GSM_Constants has the following parameters: { TSPC_Serv_TS11 := true, TSPC_Serv_TS61 := false, TSPC_Serv_TS62 := false, TSPC_Serv_BS21 := false, TSPC_Serv_BS22 := false, TSPC_Serv_BS24 := false, TSPC_Serv_BS25 := false, TSPC_Serv_BS26 := false, TSPC_Serv_BS31 := false, TSPC_Serv_BS32 := false, TSPC_Serv_BS33 := false, TSPC_Serv_BS34 := false, TSPC_Serv_BS41 := false, TSPC_Serv_BS42 := false, TSPC_Serv_BS43 := false, TSPC_Serv_BS44 := false, TSPC_Serv_BS45 := false, TSPC_Serv_BS51 := false, TSPC_Serv_BS61 := false, TSPC_Serv_BS81 := false, TSPC_DualRate := false, TSPC_MTsvc := true, TSPX_IMSI := '901700000000001F'O, TSPX_TMSI := '1914D97F'O, TSPX_CKSNDef := 0, TSPX_RANDDef := '00112233445566778899AABBCCDDEEFF'O, TSPX_SRES := '12345678'O, TSPX_Kc := '0000000000000000'O, TSPX_SDCCH4SubDef := 0, TSPX_TmSltDef := 0, TSPX_TscDef := 7, TSPX_TCHHSubDef := 0, TCV_CC := true, TSPX_Telephony_Rate := C_Full (0), TSPX_MOBscSvcA := C_Telephony (0), TSPX_MOBscSvcB := C_Telephony (0), TSPX_MOBscSvcC := C_Telephony (0), TSPX_MOBscSvcD := C_Telephony (0), TSPX_MOBscSvcE := C_Telephony (0), TSPX_MOBscSvcF := C_Telephony (0), TSPX_MOBscSvcG := C_Telephony (0), TSPX_MOChRateA := C_Full (0), TSPX_MOChRateB := C_Full (0), TSPX_MOChRateC := C_Full (0), TSPX_MOChRateD := C_Full (0), TSPX_MOChRateE := C_Full (0), TSPX_MOChRateF := C_Full (0), TSPX_MOChRateG := C_Full (0), TSPX_MTBscSvcA := C_Telephony (0), TSPX_MTBscSvcB := C_Telephony (0), TSPX_MTBscSvcC := C_Telephony (0), TSPX_MTBscSvcD := C_Telephony (0), TSPX_MTBscSvcE := C_Telephony (0), TSPX_MTBscSvcF := C_Telephony (0), TSPX_MTBscSvcG := C_Telephony (0), TSPX_MTBscSvcH := C_Telephony (0), TSPX_MTBscSvcI := C_Telephony (0), TSPX_MTBscSvcJ := C_Telephony (0), TSPX_MTChRateA := C_Full (0), TSPX_MTChRateB := C_Full (0), TSPX_MTChRateC := C_Full (0), TSPX_MTChRateD := C_Full (0), TSPX_MTChRateE := C_Full (0), TSPX_MTChRateF := C_Full (0), TSPX_MTChRateG := C_Full (0), TSPX_MTChRateH := C_Full (0), TSPX_MTChRateI := C_Full (0), TSPX_MTChRateJ := C_Full (0), C_arfcnA := 100 }
2026/Jun/16 10:18:28.840457 EXECUTOR - Module TC_26_6_1_2 has the following parameters: { TSPX_nPara := 3, TSPX_i1Para := 3, TSPX_kPara := 5, TSPX_i2Para := 1, TSPX_rPara := 4, TSPX_i3Para := 4 }
2026/Jun/16 10:18:28.840500 EXECUTOR - Initializing module GSM_Component_Definitions.
2026/Jun/16 10:18:28.840509 EXECUTOR GSM_Component_Definitions.ttcn3:0 Initializing module GSM_Templates.
2026/Jun/16 10:18:28.840528 EXECUTOR GSM_Templates.ttcn3:0 Initializing module GSM_Constants.
2026/Jun/16 10:18:28.840533 EXECUTOR GSM_Constants.ttcn3:0 Initializing module GSM_Types.
2026/Jun/16 10:18:28.840536 EXECUTOR GSM_Constants.ttcn3:0 Initialization of module GSM_Types finished.
2026/Jun/16 10:18:28.840539 EXECUTOR GSM_Templates.ttcn3:0 Initialization of module GSM_Constants finished.
2026/Jun/16 10:18:28.840623 EXECUTOR GSM_Component_Definitions.ttcn3:0 Initialization of module GSM_Templates finished.
2026/Jun/16 10:18:28.840627 EXECUTOR - Initialization of module GSM_Component_Definitions finished.
2026/Jun/16 10:18:28.840630 EXECUTOR - Initializing module GSM_Functions.
2026/Jun/16 10:18:28.840657 EXECUTOR - Initialization of module GSM_Functions finished.
2026/Jun/16 10:18:28.840659 EXECUTOR - Initializing module PreGenRecordOf.
2026/Jun/16 10:18:28.840661 EXECUTOR - Initialization of module PreGenRecordOf finished.
2026/Jun/16 10:18:28.840663 EXECUTOR - Initializing module TC_26_2_1_3.
2026/Jun/16 10:18:28.840669 EXECUTOR - Initialization of module TC_26_2_1_3 finished.
2026/Jun/16 10:18:28.840671 EXECUTOR - Initializing module TC_26_2_2.
2026/Jun/16 10:18:28.840676 EXECUTOR - Initialization of module TC_26_2_2 finished.
2026/Jun/16 10:18:28.840678 EXECUTOR - Initializing module TC_26_2_3.
2026/Jun/16 10:18:28.840684 EXECUTOR - Initialization of module TC_26_2_3 finished.
2026/Jun/16 10:18:28.840686 EXECUTOR - Initializing module TC_26_6_11_1.
2026/Jun/16 10:18:28.840691 EXECUTOR - Initialization of module TC_26_6_11_1 finished.
2026/Jun/16 10:18:28.840693 EXECUTOR - Initializing module TC_26_6_11_2.
2026/Jun/16 10:18:28.840699 EXECUTOR - Initialization of module TC_26_6_11_2 finished.
2026/Jun/16 10:18:28.840701 EXECUTOR - Initializing module TC_26_6_12_1.
2026/Jun/16 10:18:28.840706 EXECUTOR - Initialization of module TC_26_6_12_1 finished.
2026/Jun/16 10:18:28.840708 EXECUTOR - Initializing module TC_26_6_12_2.
2026/Jun/16 10:18:28.840714 EXECUTOR - Initialization of module TC_26_6_12_2 finished.
2026/Jun/16 10:18:28.840716 EXECUTOR - Initializing module TC_26_6_12_3.
2026/Jun/16 10:18:28.840721 EXECUTOR - Initialization of module TC_26_6_12_3 finished.
2026/Jun/16 10:18:28.840723 EXECUTOR - Initializing module TC_26_6_12_4.
2026/Jun/16 10:18:28.840727 EXECUTOR - Initialization of module TC_26_6_12_4 finished.
2026/Jun/16 10:18:28.840730 EXECUTOR - Initializing module TC_26_6_13_10.
2026/Jun/16 10:18:28.840735 EXECUTOR - Initialization of module TC_26_6_13_10 finished.
2026/Jun/16 10:18:28.840737 EXECUTOR - Initializing module TC_26_6_13_9.
2026/Jun/16 10:18:28.840742 EXECUTOR - Initialization of module TC_26_6_13_9 finished.
2026/Jun/16 10:18:28.840744 EXECUTOR - Initializing module TC_26_6_1_1.
2026/Jun/16 10:18:28.840749 EXECUTOR - Initialization of module TC_26_6_1_1 finished.
2026/Jun/16 10:18:28.840751 EXECUTOR - Initializing module TC_26_6_1_2.
2026/Jun/16 10:18:28.840755 EXECUTOR - Initialization of module TC_26_6_1_2 finished.
2026/Jun/16 10:18:28.840757 EXECUTOR - Initializing module TC_26_6_1_3.
2026/Jun/16 10:18:28.840763 EXECUTOR - Initialization of module TC_26_6_1_3 finished.
2026/Jun/16 10:18:28.840765 EXECUTOR - Initializing module TC_26_6_1_4.
2026/Jun/16 10:18:28.840770 EXECUTOR - Initialization of module TC_26_6_1_4 finished.
2026/Jun/16 10:18:28.840772 EXECUTOR - Initializing module TC_26_6_1_5.
2026/Jun/16 10:18:28.840777 EXECUTOR - Initialization of module TC_26_6_1_5 finished.
2026/Jun/16 10:18:28.840779 EXECUTOR - Initializing module TC_26_6_2_1_1.
2026/Jun/16 10:18:28.840784 EXECUTOR - Initialization of module TC_26_6_2_1_1 finished.
2026/Jun/16 10:18:28.840786 EXECUTOR - Initializing module TC_26_6_2_1_2.
2026/Jun/16 10:18:28.840792 EXECUTOR - Initialization of module TC_26_6_2_1_2 finished.
2026/Jun/16 10:18:28.840794 EXECUTOR - Initializing module TC_26_6_2_1_3.
2026/Jun/16 10:18:28.840799 EXECUTOR - Initialization of module TC_26_6_2_1_3 finished.
2026/Jun/16 10:18:28.840801 EXECUTOR - Initializing module TC_26_6_2_2.
2026/Jun/16 10:18:28.840806 EXECUTOR - Initialization of module TC_26_6_2_2 finished.
2026/Jun/16 10:18:28.840808 EXECUTOR - Initializing module TC_26_6_2_3_1.
2026/Jun/16 10:18:28.840813 EXECUTOR - Initialization of module TC_26_6_2_3_1 finished.
2026/Jun/16 10:18:28.840815 EXECUTOR - Initializing module TC_26_6_2_3_2.
2026/Jun/16 10:18:28.840839 EXECUTOR - Initialization of module TC_26_6_2_3_2 finished.
2026/Jun/16 10:18:28.840847 EXECUTOR - Initializing module TC_26_6_2_4.
2026/Jun/16 10:18:28.840853 EXECUTOR - Initialization of module TC_26_6_2_4 finished.
2026/Jun/16 10:18:28.840855 EXECUTOR - Initializing module TC_26_6_3_1.
2026/Jun/16 10:18:28.840860 EXECUTOR - Initialization of module TC_26_6_3_1 finished.
2026/Jun/16 10:18:28.840862 EXECUTOR - Initializing module TC_26_6_3_4.
2026/Jun/16 10:18:28.840867 EXECUTOR - Initialization of module TC_26_6_3_4 finished.
2026/Jun/16 10:18:28.840869 EXECUTOR - Initializing module TC_26_6_4_1.
2026/Jun/16 10:18:28.840875 EXECUTOR - Initialization of module TC_26_6_4_1 finished.
2026/Jun/16 10:18:28.840877 EXECUTOR - Initializing module TC_26_6_4_2_2.
2026/Jun/16 10:18:28.840882 EXECUTOR - Initialization of module TC_26_6_4_2_2 finished.
2026/Jun/16 10:18:28.840884 EXECUTOR - Initializing module TC_26_6_5_1.
2026/Jun/16 10:18:28.840889 EXECUTOR - Initialization of module TC_26_6_5_1 finished.
2026/Jun/16 10:18:28.840891 EXECUTOR - Initializing module TC_26_6_5_2_1.
2026/Jun/16 10:18:28.840896 EXECUTOR - Initialization of module TC_26_6_5_2_1 finished.
2026/Jun/16 10:18:28.840898 EXECUTOR - Initializing module TC_26_6_8_1.
2026/Jun/16 10:18:28.840903 EXECUTOR - Initialization of module TC_26_6_8_1 finished.
2026/Jun/16 10:18:28.840905 EXECUTOR - Initializing module TC_26_6_8_2.
2026/Jun/16 10:18:28.840910 EXECUTOR - Initialization of module TC_26_6_8_2 finished.
2026/Jun/16 10:18:28.840912 EXECUTOR - Initializing module TC_26_6_8_3.
2026/Jun/16 10:18:28.840918 EXECUTOR - Initialization of module TC_26_6_8_3 finished.
2026/Jun/16 10:18:28.840920 EXECUTOR - Initializing module TC_26_6_8_4.
2026/Jun/16 10:18:28.840926 EXECUTOR - Initialization of module TC_26_6_8_4 finished.
2026/Jun/16 10:18:28.840928 EXECUTOR - Initializing module TC_26_6_8_5.
2026/Jun/16 10:18:28.840934 EXECUTOR - Initialization of module TC_26_6_8_5 finished.
2026/Jun/16 10:18:28.840936 EXECUTOR - Initializing module TC_26_7_1.
2026/Jun/16 10:18:28.840941 EXECUTOR - Initialization of module TC_26_7_1 finished.
2026/Jun/16 10:18:28.840943 EXECUTOR - Initializing module TC_26_7_2_1.
2026/Jun/16 10:18:28.840948 EXECUTOR - Initialization of module TC_26_7_2_1 finished.
2026/Jun/16 10:18:28.840950 EXECUTOR - Initializing module TC_26_7_2_2.
2026/Jun/16 10:18:28.840956 EXECUTOR - Initialization of module TC_26_7_2_2 finished.
2026/Jun/16 10:18:28.840958 EXECUTOR - Initializing module TC_26_7_3_1.
2026/Jun/16 10:18:28.840964 EXECUTOR - Initialization of module TC_26_7_3_1 finished.
2026/Jun/16 10:18:28.840966 EXECUTOR - Initializing module TC_26_7_3_2.
2026/Jun/16 10:18:28.840972 EXECUTOR - Initialization of module TC_26_7_3_2 finished.
2026/Jun/16 10:18:28.840973 EXECUTOR - Initializing module TC_26_7_4_1.
2026/Jun/16 10:18:28.840979 EXECUTOR - Initialization of module TC_26_7_4_1 finished.
2026/Jun/16 10:18:28.840981 EXECUTOR - Initializing module TC_26_7_4_2_1.
2026/Jun/16 10:18:28.840986 EXECUTOR - Initialization of module TC_26_7_4_2_1 finished.
2026/Jun/16 10:18:28.840988 EXECUTOR - Initializing module TC_26_7_4_2_2_1.
2026/Jun/16 10:18:28.840994 EXECUTOR - Initialization of module TC_26_7_4_2_2_1 finished.
2026/Jun/16 10:18:28.840996 EXECUTOR - Initializing module TC_26_7_4_2_2_2.
2026/Jun/16 10:18:28.841002 EXECUTOR - Initialization of module TC_26_7_4_2_2_2 finished.
2026/Jun/16 10:18:28.841004 EXECUTOR - Initializing module TC_26_7_4_2_3.
2026/Jun/16 10:18:28.841009 EXECUTOR - Initialization of module TC_26_7_4_2_3 finished.
2026/Jun/16 10:18:28.841011 EXECUTOR - Initializing module TC_26_7_4_2_4_1.
2026/Jun/16 10:18:28.841016 EXECUTOR - Initialization of module TC_26_7_4_2_4_1 finished.
2026/Jun/16 10:18:28.841018 EXECUTOR - Initializing module TC_26_7_4_2_4_2.
2026/Jun/16 10:18:28.841023 EXECUTOR - Initialization of module TC_26_7_4_2_4_2 finished.
2026/Jun/16 10:18:28.841025 EXECUTOR - Initializing module TC_26_7_4_2_4_3.
2026/Jun/16 10:18:28.841031 EXECUTOR - Initialization of module TC_26_7_4_2_4_3 finished.
2026/Jun/16 10:18:28.841033 EXECUTOR - Initializing module TC_26_7_4_2_4_4.
2026/Jun/16 10:18:28.841042 EXECUTOR - Initialization of module TC_26_7_4_2_4_4 finished.
2026/Jun/16 10:18:28.841044 EXECUTOR - Initializing module TC_26_7_4_2_4_5.
2026/Jun/16 10:18:28.841050 EXECUTOR - Initialization of module TC_26_7_4_2_4_5 finished.
2026/Jun/16 10:18:28.841052 EXECUTOR - Initializing module TC_26_7_4_3_1.
2026/Jun/16 10:18:28.841057 EXECUTOR - Initialization of module TC_26_7_4_3_1 finished.
2026/Jun/16 10:18:28.841059 EXECUTOR - Initializing module TC_26_7_4_3_2.
2026/Jun/16 10:18:28.841065 EXECUTOR - Initialization of module TC_26_7_4_3_2 finished.
2026/Jun/16 10:18:28.841067 EXECUTOR - Initializing module TC_26_7_4_3_3.
2026/Jun/16 10:18:28.841073 EXECUTOR - Initialization of module TC_26_7_4_3_3 finished.
2026/Jun/16 10:18:28.841075 EXECUTOR - Initializing module TC_26_7_4_3_4.
2026/Jun/16 10:18:28.841080 EXECUTOR - Initialization of module TC_26_7_4_3_4 finished.
2026/Jun/16 10:18:28.841082 EXECUTOR - Initializing module TC_26_7_4_4.
2026/Jun/16 10:18:28.841088 EXECUTOR - Initialization of module TC_26_7_4_4 finished.
2026/Jun/16 10:18:28.841090 EXECUTOR - Initializing module TC_26_7_4_5_1.
2026/Jun/16 10:18:28.841095 EXECUTOR - Initialization of module TC_26_7_4_5_1 finished.
2026/Jun/16 10:18:28.841097 EXECUTOR - Initializing module TC_26_7_4_5_2.
2026/Jun/16 10:18:28.841103 EXECUTOR - Initialization of module TC_26_7_4_5_2 finished.
2026/Jun/16 10:18:28.841105 EXECUTOR - Initializing module TC_26_7_4_5_3.
2026/Jun/16 10:18:28.841111 EXECUTOR - Initialization of module TC_26_7_4_5_3 finished.
2026/Jun/16 10:18:28.841113 EXECUTOR - Initializing module TC_26_7_4_5_4_2.
2026/Jun/16 10:18:28.841118 EXECUTOR - Initialization of module TC_26_7_4_5_4_2 finished.
2026/Jun/16 10:18:28.841121 EXECUTOR - Initializing module TC_26_7_5_2.
2026/Jun/16 10:18:28.841126 EXECUTOR - Initialization of module TC_26_7_5_2 finished.
2026/Jun/16 10:18:28.841128 EXECUTOR - Initializing module TC_26_7_5_3.
2026/Jun/16 10:18:28.841134 EXECUTOR - Initialization of module TC_26_7_5_3 finished.
2026/Jun/16 10:18:28.841136 EXECUTOR - Initializing module TC_26_7_5_4.
2026/Jun/16 10:18:28.841142 EXECUTOR - Initialization of module TC_26_7_5_4 finished.
2026/Jun/16 10:18:28.841144 EXECUTOR - Initializing module TC_26_7_5_5.
2026/Jun/16 10:18:28.841149 EXECUTOR - Initialization of module TC_26_7_5_5 finished.
2026/Jun/16 10:18:28.841151 EXECUTOR - Initializing module TC_26_7_5_6.
2026/Jun/16 10:18:28.841157 EXECUTOR - Initialization of module TC_26_7_5_6 finished.
2026/Jun/16 10:18:28.841159 EXECUTOR - Initializing module TC_26_7_5_7_1.
2026/Jun/16 10:18:28.841164 EXECUTOR - Initialization of module TC_26_7_5_7_1 finished.
2026/Jun/16 10:18:28.841167 EXECUTOR - Initializing module TC_26_7_5_8_1.
2026/Jun/16 10:18:28.841172 EXECUTOR - Initialization of module TC_26_7_5_8_1 finished.
2026/Jun/16 10:18:28.841174 EXECUTOR - Initializing module TC_26_7_5_8_2.
2026/Jun/16 10:18:28.841179 EXECUTOR - Initialization of module TC_26_7_5_8_2 finished.
2026/Jun/16 10:18:28.841181 EXECUTOR - Initializing module TC_26_7_5_8_3.
2026/Jun/16 10:18:28.841187 EXECUTOR - Initialization of module TC_26_7_5_8_3 finished.
2026/Jun/16 10:18:28.841189 EXECUTOR - Initializing module TC_26_8_1_2_1_1.
2026/Jun/16 10:18:28.841194 EXECUTOR - Initialization of module TC_26_8_1_2_1_1 finished.
2026/Jun/16 10:18:28.841196 EXECUTOR - Initializing module TC_26_8_1_2_2_1.
2026/Jun/16 10:18:28.841201 EXECUTOR - Initialization of module TC_26_8_1_2_2_1 finished.
2026/Jun/16 10:18:28.841203 EXECUTOR - Initializing module TC_26_8_1_2_2_2.
2026/Jun/16 10:18:28.841208 EXECUTOR - Initialization of module TC_26_8_1_2_2_2 finished.
2026/Jun/16 10:18:28.841211 EXECUTOR - Initializing module TC_26_8_1_2_2_3.
2026/Jun/16 10:18:28.841216 EXECUTOR - Initialization of module TC_26_8_1_2_2_3 finished.
2026/Jun/16 10:18:28.841218 EXECUTOR - Initializing module TC_26_8_1_2_3_1.
2026/Jun/16 10:18:28.841223 EXECUTOR - Initialization of module TC_26_8_1_2_3_1 finished.
2026/Jun/16 10:18:28.841225 EXECUTOR - Initializing module TC_26_8_1_2_3_2.
2026/Jun/16 10:18:28.841231 EXECUTOR - Initialization of module TC_26_8_1_2_3_2 finished.
2026/Jun/16 10:18:28.841235 EXECUTOR - Initializing module TC_26_8_1_2_3_3.
2026/Jun/16 10:18:28.841241 EXECUTOR - Initialization of module TC_26_8_1_2_3_3 finished.
2026/Jun/16 10:18:28.841243 EXECUTOR - Initializing module TC_26_8_1_2_3_4.
2026/Jun/16 10:18:28.841249 EXECUTOR - Initialization of module TC_26_8_1_2_3_4 finished.
2026/Jun/16 10:18:28.841251 EXECUTOR - Initializing module TC_26_8_1_2_3_5.
2026/Jun/16 10:18:28.841256 EXECUTOR - Initialization of module TC_26_8_1_2_3_5 finished.
2026/Jun/16 10:18:28.841259 EXECUTOR - Initializing module TC_26_8_1_2_3_6.
2026/Jun/16 10:18:28.841264 EXECUTOR - Initialization of module TC_26_8_1_2_3_6 finished.
2026/Jun/16 10:18:28.841267 EXECUTOR - Initializing module TC_26_8_1_2_3_7.
2026/Jun/16 10:18:28.841272 EXECUTOR - Initialization of module TC_26_8_1_2_3_7 finished.
2026/Jun/16 10:18:28.841274 EXECUTOR - Initializing module TC_26_8_1_2_4_1.
2026/Jun/16 10:18:28.841280 EXECUTOR - Initialization of module TC_26_8_1_2_4_1 finished.
2026/Jun/16 10:18:28.841282 EXECUTOR - Initializing module TC_26_8_1_2_4_13.
2026/Jun/16 10:18:28.841287 EXECUTOR - Initialization of module TC_26_8_1_2_4_13 finished.
2026/Jun/16 10:18:28.841289 EXECUTOR - Initializing module TC_26_8_1_2_4_2.
2026/Jun/16 10:18:28.841294 EXECUTOR - Initialization of module TC_26_8_1_2_4_2 finished.
2026/Jun/16 10:18:28.841297 EXECUTOR - Initializing module TC_26_8_1_2_4_3.
2026/Jun/16 10:18:28.841302 EXECUTOR - Initialization of module TC_26_8_1_2_4_3 finished.
2026/Jun/16 10:18:28.841304 EXECUTOR - Initializing module TC_26_8_1_2_4_4.
2026/Jun/16 10:18:28.841310 EXECUTOR - Initialization of module TC_26_8_1_2_4_4 finished.
2026/Jun/16 10:18:28.841312 EXECUTOR - Initializing module TC_26_8_1_2_4_5.
2026/Jun/16 10:18:28.841317 EXECUTOR - Initialization of module TC_26_8_1_2_4_5 finished.
2026/Jun/16 10:18:28.841320 EXECUTOR - Initializing module TC_26_8_1_2_6_1.
2026/Jun/16 10:18:28.841325 EXECUTOR - Initialization of module TC_26_8_1_2_6_1 finished.
2026/Jun/16 10:18:28.841327 EXECUTOR - Initializing module TC_26_8_1_2_6_2.
2026/Jun/16 10:18:28.841333 EXECUTOR - Initialization of module TC_26_8_1_2_6_2 finished.
2026/Jun/16 10:18:28.841335 EXECUTOR - Initializing module TC_26_8_1_2_6_3.
2026/Jun/16 10:18:28.841340 EXECUTOR - Initialization of module TC_26_8_1_2_6_3 finished.
2026/Jun/16 10:18:28.841342 EXECUTOR - Initializing module TC_26_8_1_2_6_6.
2026/Jun/16 10:18:28.841347 EXECUTOR - Initialization of module TC_26_8_1_2_6_6 finished.
2026/Jun/16 10:18:28.841349 EXECUTOR - Initializing module TC_26_8_1_3_1_1.
2026/Jun/16 10:18:28.841355 EXECUTOR - Initialization of module TC_26_8_1_3_1_1 finished.
2026/Jun/16 10:18:28.841357 EXECUTOR - Initializing module TC_26_8_1_3_2_1.
2026/Jun/16 10:18:28.841362 EXECUTOR - Initialization of module TC_26_8_1_3_2_1 finished.
2026/Jun/16 10:18:28.841365 EXECUTOR - Initializing module TC_26_8_1_3_3_1.
2026/Jun/16 10:18:28.841370 EXECUTOR - Initialization of module TC_26_8_1_3_3_1 finished.
2026/Jun/16 10:18:28.841372 EXECUTOR - Initializing module TC_26_8_1_3_3_2.
2026/Jun/16 10:18:28.841378 EXECUTOR - Initialization of module TC_26_8_1_3_3_2 finished.
2026/Jun/16 10:18:28.841380 EXECUTOR - Initializing module TC_26_8_1_3_3_3.
2026/Jun/16 10:18:28.841386 EXECUTOR - Initialization of module TC_26_8_1_3_3_3 finished.
2026/Jun/16 10:18:28.841388 EXECUTOR - Initializing module TC_26_8_1_3_3_4.
2026/Jun/16 10:18:28.841393 EXECUTOR - Initialization of module TC_26_8_1_3_3_4 finished.
2026/Jun/16 10:18:28.841395 EXECUTOR - Initializing module TC_26_8_1_3_3_5.
2026/Jun/16 10:18:28.841400 EXECUTOR - Initialization of module TC_26_8_1_3_3_5 finished.
2026/Jun/16 10:18:28.841402 EXECUTOR - Initializing module TC_26_8_1_3_3_6.
2026/Jun/16 10:18:28.841408 EXECUTOR - Initialization of module TC_26_8_1_3_3_6 finished.
2026/Jun/16 10:18:28.841410 EXECUTOR - Initializing module TC_26_8_1_3_3_7.
2026/Jun/16 10:18:28.841415 EXECUTOR - Initialization of module TC_26_8_1_3_3_7 finished.
2026/Jun/16 10:18:28.841417 EXECUTOR - Initializing module TC_26_8_1_3_4_1.
2026/Jun/16 10:18:28.841425 EXECUTOR - Initialization of module TC_26_8_1_3_4_1 finished.
2026/Jun/16 10:18:28.841427 EXECUTOR - Initializing module TC_26_8_1_3_4_2.
2026/Jun/16 10:18:28.841433 EXECUTOR - Initialization of module TC_26_8_1_3_4_2 finished.
2026/Jun/16 10:18:28.841435 EXECUTOR - Initializing module TC_26_8_1_3_4_3.
2026/Jun/16 10:18:28.841442 EXECUTOR - Initialization of module TC_26_8_1_3_4_3 finished.
2026/Jun/16 10:18:28.841444 EXECUTOR - Initializing module TC_26_8_1_3_4_4.
2026/Jun/16 10:18:28.841449 EXECUTOR - Initialization of module TC_26_8_1_3_4_4 finished.
2026/Jun/16 10:18:28.841451 EXECUTOR - Initializing module TC_26_8_1_3_4_5.
2026/Jun/16 10:18:28.841457 EXECUTOR - Initialization of module TC_26_8_1_3_4_5 finished.
2026/Jun/16 10:18:28.841459 EXECUTOR - Initializing module TC_26_8_1_3_4_6.
2026/Jun/16 10:18:28.841465 EXECUTOR - Initialization of module TC_26_8_1_3_4_6 finished.
2026/Jun/16 10:18:28.841467 EXECUTOR - Initializing module TC_26_8_1_3_4_7.
2026/Jun/16 10:18:28.841472 EXECUTOR - Initialization of module TC_26_8_1_3_4_7 finished.
2026/Jun/16 10:18:28.841474 EXECUTOR - Initializing module TC_26_8_1_3_4_8.
2026/Jun/16 10:18:28.841480 EXECUTOR - Initialization of module TC_26_8_1_3_4_8 finished.
2026/Jun/16 10:18:28.841482 EXECUTOR - Initializing module TC_26_8_1_3_5_1.
2026/Jun/16 10:18:28.841488 EXECUTOR - Initialization of module TC_26_8_1_3_5_1 finished.
2026/Jun/16 10:18:28.841490 EXECUTOR - Initializing module TC_26_8_1_3_5_2.
2026/Jun/16 10:18:28.841496 EXECUTOR - Initialization of module TC_26_8_1_3_5_2 finished.
2026/Jun/16 10:18:28.841498 EXECUTOR - Initializing module TC_26_8_1_3_5_3.
2026/Jun/16 10:18:28.841503 EXECUTOR - Initialization of module TC_26_8_1_3_5_3 finished.
2026/Jun/16 10:18:28.841505 EXECUTOR - Initializing module TC_26_8_1_3_5_4.
2026/Jun/16 10:18:28.841511 EXECUTOR - Initialization of module TC_26_8_1_3_5_4 finished.
2026/Jun/16 10:18:28.841513 EXECUTOR - Initializing module TC_26_8_1_3_5_5.
2026/Jun/16 10:18:28.841518 EXECUTOR - Initialization of module TC_26_8_1_3_5_5 finished.
2026/Jun/16 10:18:28.841520 EXECUTOR - Initializing module TC_26_8_1_3_5_6.
2026/Jun/16 10:18:28.841526 EXECUTOR - Initialization of module TC_26_8_1_3_5_6 finished.
2026/Jun/16 10:18:28.841528 EXECUTOR - Initializing module TC_26_8_1_3_5_7.
2026/Jun/16 10:18:28.841533 EXECUTOR - Initialization of module TC_26_8_1_3_5_7 finished.
2026/Jun/16 10:18:28.841535 EXECUTOR - Initializing module TC_26_8_1_3_5_8.
2026/Jun/16 10:18:28.841541 EXECUTOR - Initialization of module TC_26_8_1_3_5_8 finished.
2026/Jun/16 10:18:28.841543 EXECUTOR - Initializing module TC_26_8_1_3_5_9.
2026/Jun/16 10:18:28.841548 EXECUTOR - Initialization of module TC_26_8_1_3_5_9 finished.
2026/Jun/16 10:18:28.841550 EXECUTOR - Initializing module TC_26_8_2_1.
2026/Jun/16 10:18:28.841555 EXECUTOR - Initialization of module TC_26_8_2_1 finished.
2026/Jun/16 10:18:28.841557 EXECUTOR - Initializing module TC_26_8_2_2.
2026/Jun/16 10:18:28.841562 EXECUTOR - Initialization of module TC_26_8_2_2 finished.
2026/Jun/16 10:18:28.841564 EXECUTOR - Initializing module TC_26_8_2_3.
2026/Jun/16 10:18:28.841569 EXECUTOR - Initialization of module TC_26_8_2_3 finished.
2026/Jun/16 10:18:28.841571 EXECUTOR - Initializing module TC_26_8_3.
2026/Jun/16 10:18:28.841576 EXECUTOR - Initialization of module TC_26_8_3 finished.
2026/Jun/16 10:18:28.841578 EXECUTOR - Initializing module TC_34_2_2.
2026/Jun/16 10:18:28.841583 EXECUTOR - Initialization of module TC_34_2_2 finished.
2026/Jun/16 10:18:28.841585 EXECUTOR - Initializing module TitanLoggerApi.
2026/Jun/16 10:18:28.841587 EXECUTOR - Initialization of module TitanLoggerApi finished.
2026/Jun/16 10:18:28.841589 EXECUTOR - Initializing module TitanLoggerControl.
2026/Jun/16 10:18:28.841591 EXECUTOR - Initialization of module TitanLoggerControl finished.
2026/Jun/16 10:18:28.841601 EXECUTOR - Configuration data was processed successfully.
2026/Jun/16 10:18:28.941402 EXECUTOR - MTC was created. Process id: 35.
2026/Jun/16 10:21:26.357573 EXECUTOR - Exit was requested from MC. Terminating HC.
2026/Jun/16 10:21:26.357697 EXECUTOR - Disconnected from MC.
2026/Jun/16 10:21:26.357719 EXECUTOR - TTCN-3 Host Controller finished.
