======================================================
Waiting for mobile to register (5 seconds)...
======================================================
======================================================
Starting TC_26_7_2_1 Test Case
======================================================
Resolved: msc=10.42.0.203 mobile=10.43.84.152 bsc=10.42.0.205
DEBUG: [EXECUTE] section:
[EXECUTE]
TC_26_7_2_1.TC_26_7_2_1
  Waiting for MC... (1/30)
Main Controller ready (attempt 2)
Starting Host Controller...
TTCN-3 Host Controller (parallel mode), version 11.1.0
The address of MC was set to a local IP address. This may cause incorrect behavior if a HC from a remote host also connects to MC.
Result dir: /results/TC_26_7_2_1-2026-06-23-071357
Waiting for log files...
2026/Jun/23 07:14:01.340966 EXECUTOR - TTCN-3 Host Controller started on ttcn3-tc-26-7-2-1-1-p6fsc. Version: 11.1.0.
2026/Jun/23 07:14:01.341190 EXECUTOR - TTCN Logger v2.2 options: TimeStampFormat:=DateTime; LogEntityName:=No; LogEventTypes:=Yes; SourceInfoFormat:=Single; LogSensitiveData:=No; *.FileMask:=LOG_ALL; *.ConsoleMask:=ERROR | TESTCASE | USER | VERDICTOP | WARNING; LogFileSize:=0; LogFileNumber:=1; DiskFullAction:=Error
2026/Jun/23 07:14:01.341208 EXECUTOR - Maximum number of open file descriptors: 1048576,   FD_SETSIZE = 1024
2026/Jun/23 07:14:01.341409 WARNING - Warning: The address of MC was set to a local IP address. This may cause incorrect behavior if a HC from a remote host also connects to MC.
2026/Jun/23 07:14:01.341459 EXECUTOR - The address of MC was set to 127.0.0.1:0.
2026/Jun/23 07:14:01.341623 EXECUTOR - Connected to MC.
2026/Jun/23 07:14:01.341754 EXECUTOR - This host supports UNIX domain sockets for local communication.
2026/Jun/23 07:14:01.342092 EXECUTOR - Processing configuration data received from MC.
2026/Jun/23 07:14:01.342366 WARNING - Warning: Skeleton `/results/TC_26_7_2_1-2026-06-23-071357/%n.log' does not guarantee unique log file name for every test system process. It may cause unpredictable results if several test components try to write into the same log file.
2026/Jun/23 07:14:01.342927 EXECUTOR - Module GSM_Constants has the following parameters: { TSPC_Serv_TS11 := true, TSPC_Serv_TS61 := false, TSPC_Serv_TS62 := false, TSPC_Serv_BS21 := false, TSPC_Serv_BS22 := false, TSPC_Serv_BS24 := false, TSPC_Serv_BS25 := false, TSPC_Serv_BS26 := false, TSPC_Serv_BS31 := false, TSPC_Serv_BS32 := false, TSPC_Serv_BS33 := false, TSPC_Serv_BS34 := false, TSPC_Serv_BS41 := false, TSPC_Serv_BS42 := false, TSPC_Serv_BS43 := false, TSPC_Serv_BS44 := false, TSPC_Serv_BS45 := false, TSPC_Serv_BS51 := false, TSPC_Serv_BS61 := false, TSPC_Serv_BS81 := false, TSPC_DualRate := false, TSPC_MTsvc := true, TSPX_IMSI := '901700000000001F'O, TSPX_TMSI := '1914D97F'O, TSPX_CKSNDef := 0, TSPX_RANDDef := '00112233445566778899AABBCCDDEEFF'O, TSPX_SRES := '12345678'O, TSPX_Kc := '0000000000000000'O, TSPX_SDCCH4SubDef := 0, TSPX_TmSltDef := 0, TSPX_TscDef := 7, TSPX_TCHHSubDef := 0, TCV_CC := true, TSPX_Telephony_Rate := C_Full (0), TSPX_MOBscSvcA := C_Telephony (0), TSPX_MOBscSvcB := C_Telephony (0), TSPX_MOBscSvcC := C_Telephony (0), TSPX_MOBscSvcD := C_Telephony (0), TSPX_MOBscSvcE := C_Telephony (0), TSPX_MOBscSvcF := C_Telephony (0), TSPX_MOBscSvcG := C_Telephony (0), TSPX_MOChRateA := C_Full (0), TSPX_MOChRateB := C_Full (0), TSPX_MOChRateC := C_Full (0), TSPX_MOChRateD := C_Full (0), TSPX_MOChRateE := C_Full (0), TSPX_MOChRateF := C_Full (0), TSPX_MOChRateG := C_Full (0), TSPX_MTBscSvcA := C_Telephony (0), TSPX_MTBscSvcB := C_Telephony (0), TSPX_MTBscSvcC := C_Telephony (0), TSPX_MTBscSvcD := C_Telephony (0), TSPX_MTBscSvcE := C_Telephony (0), TSPX_MTBscSvcF := C_Telephony (0), TSPX_MTBscSvcG := C_Telephony (0), TSPX_MTBscSvcH := C_Telephony (0), TSPX_MTBscSvcI := C_Telephony (0), TSPX_MTBscSvcJ := C_Telephony (0), TSPX_MTChRateA := C_Full (0), TSPX_MTChRateB := C_Full (0), TSPX_MTChRateC := C_Full (0), TSPX_MTChRateD := C_Full (0), TSPX_MTChRateE := C_Full (0), TSPX_MTChRateF := C_Full (0), TSPX_MTChRateG := C_Full (0), TSPX_MTChRateH := C_Full (0), TSPX_MTChRateI := C_Full (0), TSPX_MTChRateJ := C_Full (0), C_arfcnA := 100 }
2026/Jun/23 07:14:01.343099 EXECUTOR - Module TC_26_6_1_2 has the following parameters: { TSPX_nPara := 3, TSPX_i1Para := 3, TSPX_kPara := 5, TSPX_i2Para := 1, TSPX_rPara := 4, TSPX_i3Para := 4 }
2026/Jun/23 07:14:01.343178 EXECUTOR - Initializing module GSM_Component_Definitions.
2026/Jun/23 07:14:01.343194 EXECUTOR GSM_Component_Definitions.ttcn3:0 Initializing module GSM_Templates.
2026/Jun/23 07:14:01.343231 EXECUTOR GSM_Templates.ttcn3:0 Initializing module GSM_Constants.
2026/Jun/23 07:14:01.343245 EXECUTOR GSM_Constants.ttcn3:0 Initializing module GSM_Types.
2026/Jun/23 07:14:01.343253 EXECUTOR GSM_Constants.ttcn3:0 Initialization of module GSM_Types finished.
2026/Jun/23 07:14:01.343262 EXECUTOR GSM_Templates.ttcn3:0 Initialization of module GSM_Constants finished.
2026/Jun/23 07:14:01.343385 EXECUTOR GSM_Component_Definitions.ttcn3:0 Initialization of module GSM_Templates finished.
2026/Jun/23 07:14:01.343395 EXECUTOR - Initialization of module GSM_Component_Definitions finished.
2026/Jun/23 07:14:01.343402 EXECUTOR - Initializing module GSM_Functions.
2026/Jun/23 07:14:01.343448 EXECUTOR - Initialization of module GSM_Functions finished.
2026/Jun/23 07:14:01.343455 EXECUTOR - Initializing module PreGenRecordOf.
2026/Jun/23 07:14:01.343461 EXECUTOR - Initialization of module PreGenRecordOf finished.
2026/Jun/23 07:14:01.343468 EXECUTOR - Initializing module TC_26_2_1_3.
2026/Jun/23 07:14:01.343479 EXECUTOR - Initialization of module TC_26_2_1_3 finished.
2026/Jun/23 07:14:01.343486 EXECUTOR - Initializing module TC_26_2_2.
2026/Jun/23 07:14:01.343497 EXECUTOR - Initialization of module TC_26_2_2 finished.
2026/Jun/23 07:14:01.343503 EXECUTOR - Initializing module TC_26_2_3.
2026/Jun/23 07:14:01.343514 EXECUTOR - Initialization of module TC_26_2_3 finished.
2026/Jun/23 07:14:01.343520 EXECUTOR - Initializing module TC_26_6_11_1.
2026/Jun/23 07:14:01.343531 EXECUTOR - Initialization of module TC_26_6_11_1 finished.
2026/Jun/23 07:14:01.343538 EXECUTOR - Initializing module TC_26_6_11_2.
2026/Jun/23 07:14:01.343548 EXECUTOR - Initialization of module TC_26_6_11_2 finished.
2026/Jun/23 07:14:01.343554 EXECUTOR - Initializing module TC_26_6_12_1.
2026/Jun/23 07:14:01.343565 EXECUTOR - Initialization of module TC_26_6_12_1 finished.
2026/Jun/23 07:14:01.343570 EXECUTOR - Initializing module TC_26_6_12_2.
2026/Jun/23 07:14:01.343581 EXECUTOR - Initialization of module TC_26_6_12_2 finished.
2026/Jun/23 07:14:01.343587 EXECUTOR - Initializing module TC_26_6_12_3.
2026/Jun/23 07:14:01.343598 EXECUTOR - Initialization of module TC_26_6_12_3 finished.
2026/Jun/23 07:14:01.343604 EXECUTOR - Initializing module TC_26_6_12_4.
2026/Jun/23 07:14:01.343614 EXECUTOR - Initialization of module TC_26_6_12_4 finished.
2026/Jun/23 07:14:01.343620 EXECUTOR - Initializing module TC_26_6_13_10.
2026/Jun/23 07:14:01.343631 EXECUTOR - Initialization of module TC_26_6_13_10 finished.
2026/Jun/23 07:14:01.343638 EXECUTOR - Initializing module TC_26_6_13_9.
2026/Jun/23 07:14:01.343648 EXECUTOR - Initialization of module TC_26_6_13_9 finished.
2026/Jun/23 07:14:01.343654 EXECUTOR - Initializing module TC_26_6_1_1.
2026/Jun/23 07:14:01.343665 EXECUTOR - Initialization of module TC_26_6_1_1 finished.
2026/Jun/23 07:14:01.343671 EXECUTOR - Initializing module TC_26_6_1_2.
2026/Jun/23 07:14:01.343682 EXECUTOR - Initialization of module TC_26_6_1_2 finished.
2026/Jun/23 07:14:01.343688 EXECUTOR - Initializing module TC_26_6_1_3.
2026/Jun/23 07:14:01.343699 EXECUTOR - Initialization of module TC_26_6_1_3 finished.
2026/Jun/23 07:14:01.343705 EXECUTOR - Initializing module TC_26_6_1_4.
2026/Jun/23 07:14:01.343716 EXECUTOR - Initialization of module TC_26_6_1_4 finished.
2026/Jun/23 07:14:01.343722 EXECUTOR - Initializing module TC_26_6_1_5.
2026/Jun/23 07:14:01.343733 EXECUTOR - Initialization of module TC_26_6_1_5 finished.
2026/Jun/23 07:14:01.343739 EXECUTOR - Initializing module TC_26_6_2_1_1.
2026/Jun/23 07:14:01.343750 EXECUTOR - Initialization of module TC_26_6_2_1_1 finished.
2026/Jun/23 07:14:01.343756 EXECUTOR - Initializing module TC_26_6_2_1_2.
2026/Jun/23 07:14:01.343767 EXECUTOR - Initialization of module TC_26_6_2_1_2 finished.
2026/Jun/23 07:14:01.343773 EXECUTOR - Initializing module TC_26_6_2_1_3.
2026/Jun/23 07:14:01.343783 EXECUTOR - Initialization of module TC_26_6_2_1_3 finished.
2026/Jun/23 07:14:01.343789 EXECUTOR - Initializing module TC_26_6_2_2.
2026/Jun/23 07:14:01.343800 EXECUTOR - Initialization of module TC_26_6_2_2 finished.
2026/Jun/23 07:14:01.343806 EXECUTOR - Initializing module TC_26_6_2_3_1.
2026/Jun/23 07:14:01.343817 EXECUTOR - Initialization of module TC_26_6_2_3_1 finished.
2026/Jun/23 07:14:01.343843 EXECUTOR - Initializing module TC_26_6_2_3_2.
2026/Jun/23 07:14:01.343855 EXECUTOR - Initialization of module TC_26_6_2_3_2 finished.
2026/Jun/23 07:14:01.343868 EXECUTOR - Initializing module TC_26_6_2_4.
2026/Jun/23 07:14:01.343880 EXECUTOR - Initialization of module TC_26_6_2_4 finished.
2026/Jun/23 07:14:01.343886 EXECUTOR - Initializing module TC_26_6_3_1.
2026/Jun/23 07:14:01.343897 EXECUTOR - Initialization of module TC_26_6_3_1 finished.
2026/Jun/23 07:14:01.343903 EXECUTOR - Initializing module TC_26_6_3_4.
2026/Jun/23 07:14:01.343914 EXECUTOR - Initialization of module TC_26_6_3_4 finished.
2026/Jun/23 07:14:01.343920 EXECUTOR - Initializing module TC_26_6_4_1.
2026/Jun/23 07:14:01.343931 EXECUTOR - Initialization of module TC_26_6_4_1 finished.
2026/Jun/23 07:14:01.343937 EXECUTOR - Initializing module TC_26_6_4_2_2.
2026/Jun/23 07:14:01.343947 EXECUTOR - Initialization of module TC_26_6_4_2_2 finished.
2026/Jun/23 07:14:01.343953 EXECUTOR - Initializing module TC_26_6_5_1.
2026/Jun/23 07:14:01.343963 EXECUTOR - Initialization of module TC_26_6_5_1 finished.
2026/Jun/23 07:14:01.343969 EXECUTOR - Initializing module TC_26_6_5_2_1.
2026/Jun/23 07:14:01.343980 EXECUTOR - Initialization of module TC_26_6_5_2_1 finished.
2026/Jun/23 07:14:01.343986 EXECUTOR - Initializing module TC_26_6_8_1.
2026/Jun/23 07:14:01.343996 EXECUTOR - Initialization of module TC_26_6_8_1 finished.
2026/Jun/23 07:14:01.344003 EXECUTOR - Initializing module TC_26_6_8_2.
2026/Jun/23 07:14:01.344013 EXECUTOR - Initialization of module TC_26_6_8_2 finished.
2026/Jun/23 07:14:01.344019 EXECUTOR - Initializing module TC_26_6_8_3.
2026/Jun/23 07:14:01.344029 EXECUTOR - Initialization of module TC_26_6_8_3 finished.
2026/Jun/23 07:14:01.344035 EXECUTOR - Initializing module TC_26_6_8_4.
2026/Jun/23 07:14:01.344046 EXECUTOR - Initialization of module TC_26_6_8_4 finished.
2026/Jun/23 07:14:01.344052 EXECUTOR - Initializing module TC_26_6_8_5.
2026/Jun/23 07:14:01.344062 EXECUTOR - Initialization of module TC_26_6_8_5 finished.
2026/Jun/23 07:14:01.344068 EXECUTOR - Initializing module TC_26_7_1.
2026/Jun/23 07:14:01.344079 EXECUTOR - Initialization of module TC_26_7_1 finished.
2026/Jun/23 07:14:01.344085 EXECUTOR - Initializing module TC_26_7_2_1.
2026/Jun/23 07:14:01.344095 EXECUTOR - Initialization of module TC_26_7_2_1 finished.
2026/Jun/23 07:14:01.344101 EXECUTOR - Initializing module TC_26_7_2_2.
2026/Jun/23 07:14:01.344111 EXECUTOR - Initialization of module TC_26_7_2_2 finished.
2026/Jun/23 07:14:01.344117 EXECUTOR - Initializing module TC_26_7_3_1.
2026/Jun/23 07:14:01.344128 EXECUTOR - Initialization of module TC_26_7_3_1 finished.
2026/Jun/23 07:14:01.344134 EXECUTOR - Initializing module TC_26_7_3_2.
2026/Jun/23 07:14:01.344144 EXECUTOR - Initialization of module TC_26_7_3_2 finished.
2026/Jun/23 07:14:01.344150 EXECUTOR - Initializing module TC_26_7_4_1.
2026/Jun/23 07:14:01.344161 EXECUTOR - Initialization of module TC_26_7_4_1 finished.
2026/Jun/23 07:14:01.344167 EXECUTOR - Initializing module TC_26_7_4_2_1.
2026/Jun/23 07:14:01.344177 EXECUTOR - Initialization of module TC_26_7_4_2_1 finished.
2026/Jun/23 07:14:01.344183 EXECUTOR - Initializing module TC_26_7_4_2_2_1.
2026/Jun/23 07:14:01.344194 EXECUTOR - Initialization of module TC_26_7_4_2_2_1 finished.
2026/Jun/23 07:14:01.344200 EXECUTOR - Initializing module TC_26_7_4_2_2_2.
2026/Jun/23 07:14:01.344211 EXECUTOR - Initialization of module TC_26_7_4_2_2_2 finished.
2026/Jun/23 07:14:01.344217 EXECUTOR - Initializing module TC_26_7_4_2_3.
2026/Jun/23 07:14:01.344227 EXECUTOR - Initialization of module TC_26_7_4_2_3 finished.
2026/Jun/23 07:14:01.344233 EXECUTOR - Initializing module TC_26_7_4_2_4_1.
2026/Jun/23 07:14:01.344244 EXECUTOR - Initialization of module TC_26_7_4_2_4_1 finished.
2026/Jun/23 07:14:01.344250 EXECUTOR - Initializing module TC_26_7_4_2_4_2.
2026/Jun/23 07:14:01.344260 EXECUTOR - Initialization of module TC_26_7_4_2_4_2 finished.
2026/Jun/23 07:14:01.344266 EXECUTOR - Initializing module TC_26_7_4_2_4_3.
2026/Jun/23 07:14:01.344277 EXECUTOR - Initialization of module TC_26_7_4_2_4_3 finished.
2026/Jun/23 07:14:01.344283 EXECUTOR - Initializing module TC_26_7_4_2_4_4.
2026/Jun/23 07:14:01.344306 EXECUTOR - Initialization of module TC_26_7_4_2_4_4 finished.
2026/Jun/23 07:14:01.344313 EXECUTOR - Initializing module TC_26_7_4_2_4_5.
2026/Jun/23 07:14:01.344337 EXECUTOR - Initialization of module TC_26_7_4_2_4_5 finished.
2026/Jun/23 07:14:01.344341 EXECUTOR - Initializing module TC_26_7_4_3_1.
2026/Jun/23 07:14:01.344350 EXECUTOR - Initialization of module TC_26_7_4_3_1 finished.
2026/Jun/23 07:14:01.344355 EXECUTOR - Initializing module TC_26_7_4_3_2.
2026/Jun/23 07:14:01.344363 EXECUTOR - Initialization of module TC_26_7_4_3_2 finished.
2026/Jun/23 07:14:01.344368 EXECUTOR - Initializing module TC_26_7_4_3_3.
2026/Jun/23 07:14:01.344377 EXECUTOR - Initialization of module TC_26_7_4_3_3 finished.
2026/Jun/23 07:14:01.344382 EXECUTOR - Initializing module TC_26_7_4_3_4.
2026/Jun/23 07:14:01.344391 EXECUTOR - Initialization of module TC_26_7_4_3_4 finished.
2026/Jun/23 07:14:01.344396 EXECUTOR - Initializing module TC_26_7_4_4.
2026/Jun/23 07:14:01.344405 EXECUTOR - Initialization of module TC_26_7_4_4 finished.
2026/Jun/23 07:14:01.344410 EXECUTOR - Initializing module TC_26_7_4_5_1.
2026/Jun/23 07:14:01.344418 EXECUTOR - Initialization of module TC_26_7_4_5_1 finished.
2026/Jun/23 07:14:01.344423 EXECUTOR - Initializing module TC_26_7_4_5_2.
2026/Jun/23 07:14:01.344432 EXECUTOR - Initialization of module TC_26_7_4_5_2 finished.
2026/Jun/23 07:14:01.344436 EXECUTOR - Initializing module TC_26_7_4_5_3.
2026/Jun/23 07:14:01.344446 EXECUTOR - Initialization of module TC_26_7_4_5_3 finished.
2026/Jun/23 07:14:01.344450 EXECUTOR - Initializing module TC_26_7_4_5_4_2.
2026/Jun/23 07:14:01.344460 EXECUTOR - Initialization of module TC_26_7_4_5_4_2 finished.
2026/Jun/23 07:14:01.344464 EXECUTOR - Initializing module TC_26_7_5_2.
2026/Jun/23 07:14:01.344474 EXECUTOR - Initialization of module TC_26_7_5_2 finished.
2026/Jun/23 07:14:01.344479 EXECUTOR - Initializing module TC_26_7_5_3.
2026/Jun/23 07:14:01.344487 EXECUTOR - Initialization of module TC_26_7_5_3 finished.
2026/Jun/23 07:14:01.344492 EXECUTOR - Initializing module TC_26_7_5_4.
2026/Jun/23 07:14:01.344501 EXECUTOR - Initialization of module TC_26_7_5_4 finished.
2026/Jun/23 07:14:01.344506 EXECUTOR - Initializing module TC_26_7_5_5.
2026/Jun/23 07:14:01.344515 EXECUTOR - Initialization of module TC_26_7_5_5 finished.
2026/Jun/23 07:14:01.344519 EXECUTOR - Initializing module TC_26_7_5_6.
2026/Jun/23 07:14:01.344528 EXECUTOR - Initialization of module TC_26_7_5_6 finished.
2026/Jun/23 07:14:01.344533 EXECUTOR - Initializing module TC_26_7_5_7_1.
2026/Jun/23 07:14:01.344542 EXECUTOR - Initialization of module TC_26_7_5_7_1 finished.
2026/Jun/23 07:14:01.344547 EXECUTOR - Initializing module TC_26_7_5_8_1.
2026/Jun/23 07:14:01.344555 EXECUTOR - Initialization of module TC_26_7_5_8_1 finished.
2026/Jun/23 07:14:01.344560 EXECUTOR - Initializing module TC_26_7_5_8_2.
2026/Jun/23 07:14:01.344568 EXECUTOR - Initialization of module TC_26_7_5_8_2 finished.
2026/Jun/23 07:14:01.344573 EXECUTOR - Initializing module TC_26_7_5_8_3.
2026/Jun/23 07:14:01.344582 EXECUTOR - Initialization of module TC_26_7_5_8_3 finished.
2026/Jun/23 07:14:01.344586 EXECUTOR - Initializing module TC_26_8_1_2_1_1.
2026/Jun/23 07:14:01.344595 EXECUTOR - Initialization of module TC_26_8_1_2_1_1 finished.
2026/Jun/23 07:14:01.344600 EXECUTOR - Initializing module TC_26_8_1_2_2_1.
2026/Jun/23 07:14:01.344608 EXECUTOR - Initialization of module TC_26_8_1_2_2_1 finished.
2026/Jun/23 07:14:01.344613 EXECUTOR - Initializing module TC_26_8_1_2_2_2.
2026/Jun/23 07:14:01.344622 EXECUTOR - Initialization of module TC_26_8_1_2_2_2 finished.
2026/Jun/23 07:14:01.344627 EXECUTOR - Initializing module TC_26_8_1_2_2_3.
2026/Jun/23 07:14:01.344635 EXECUTOR - Initialization of module TC_26_8_1_2_2_3 finished.
2026/Jun/23 07:14:01.344639 EXECUTOR - Initializing module TC_26_8_1_2_3_1.
2026/Jun/23 07:14:01.344648 EXECUTOR - Initialization of module TC_26_8_1_2_3_1 finished.
2026/Jun/23 07:14:01.344653 EXECUTOR - Initializing module TC_26_8_1_2_3_2.
2026/Jun/23 07:14:01.344661 EXECUTOR - Initialization of module TC_26_8_1_2_3_2 finished.
2026/Jun/23 07:14:01.344670 EXECUTOR - Initializing module TC_26_8_1_2_3_3.
2026/Jun/23 07:14:01.344679 EXECUTOR - Initialization of module TC_26_8_1_2_3_3 finished.
2026/Jun/23 07:14:01.344684 EXECUTOR - Initializing module TC_26_8_1_2_3_4.
2026/Jun/23 07:14:01.344693 EXECUTOR - Initialization of module TC_26_8_1_2_3_4 finished.
2026/Jun/23 07:14:01.344698 EXECUTOR - Initializing module TC_26_8_1_2_3_5.
2026/Jun/23 07:14:01.344707 EXECUTOR - Initialization of module TC_26_8_1_2_3_5 finished.
2026/Jun/23 07:14:01.344712 EXECUTOR - Initializing module TC_26_8_1_2_3_6.
2026/Jun/23 07:14:01.344720 EXECUTOR - Initialization of module TC_26_8_1_2_3_6 finished.
2026/Jun/23 07:14:01.344725 EXECUTOR - Initializing module TC_26_8_1_2_3_7.
2026/Jun/23 07:14:01.344734 EXECUTOR - Initialization of module TC_26_8_1_2_3_7 finished.
2026/Jun/23 07:14:01.344739 EXECUTOR - Initializing module TC_26_8_1_2_4_1.
2026/Jun/23 07:14:01.344748 EXECUTOR - Initialization of module TC_26_8_1_2_4_1 finished.
2026/Jun/23 07:14:01.344753 EXECUTOR - Initializing module TC_26_8_1_2_4_13.
2026/Jun/23 07:14:01.344761 EXECUTOR - Initialization of module TC_26_8_1_2_4_13 finished.
2026/Jun/23 07:14:01.344766 EXECUTOR - Initializing module TC_26_8_1_2_4_2.
2026/Jun/23 07:14:01.344775 EXECUTOR - Initialization of module TC_26_8_1_2_4_2 finished.
2026/Jun/23 07:14:01.344780 EXECUTOR - Initializing module TC_26_8_1_2_4_3.
2026/Jun/23 07:14:01.344788 EXECUTOR - Initialization of module TC_26_8_1_2_4_3 finished.
2026/Jun/23 07:14:01.344794 EXECUTOR - Initializing module TC_26_8_1_2_4_4.
2026/Jun/23 07:14:01.344802 EXECUTOR - Initialization of module TC_26_8_1_2_4_4 finished.
2026/Jun/23 07:14:01.344807 EXECUTOR - Initializing module TC_26_8_1_2_4_5.
2026/Jun/23 07:14:01.344815 EXECUTOR - Initialization of module TC_26_8_1_2_4_5 finished.
2026/Jun/23 07:14:01.344831 EXECUTOR - Initializing module TC_26_8_1_2_6_1.
2026/Jun/23 07:14:01.344843 EXECUTOR - Initialization of module TC_26_8_1_2_6_1 finished.
2026/Jun/23 07:14:01.344848 EXECUTOR - Initializing module TC_26_8_1_2_6_2.
2026/Jun/23 07:14:01.344858 EXECUTOR - Initialization of module TC_26_8_1_2_6_2 finished.
2026/Jun/23 07:14:01.344863 EXECUTOR - Initializing module TC_26_8_1_2_6_3.
2026/Jun/23 07:14:01.344871 EXECUTOR - Initialization of module TC_26_8_1_2_6_3 finished.
2026/Jun/23 07:14:01.344876 EXECUTOR - Initializing module TC_26_8_1_2_6_6.
2026/Jun/23 07:14:01.344885 EXECUTOR - Initialization of module TC_26_8_1_2_6_6 finished.
2026/Jun/23 07:14:01.344890 EXECUTOR - Initializing module TC_26_8_1_3_1_1.
2026/Jun/23 07:14:01.344898 EXECUTOR - Initialization of module TC_26_8_1_3_1_1 finished.
2026/Jun/23 07:14:01.344903 EXECUTOR - Initializing module TC_26_8_1_3_2_1.
2026/Jun/23 07:14:01.344913 EXECUTOR - Initialization of module TC_26_8_1_3_2_1 finished.
2026/Jun/23 07:14:01.344917 EXECUTOR - Initializing module TC_26_8_1_3_3_1.
2026/Jun/23 07:14:01.344927 EXECUTOR - Initialization of module TC_26_8_1_3_3_1 finished.
2026/Jun/23 07:14:01.344931 EXECUTOR - Initializing module TC_26_8_1_3_3_2.
2026/Jun/23 07:14:01.344940 EXECUTOR - Initialization of module TC_26_8_1_3_3_2 finished.
2026/Jun/23 07:14:01.344945 EXECUTOR - Initializing module TC_26_8_1_3_3_3.
2026/Jun/23 07:14:01.344954 EXECUTOR - Initialization of module TC_26_8_1_3_3_3 finished.
2026/Jun/23 07:14:01.344958 EXECUTOR - Initializing module TC_26_8_1_3_3_4.
2026/Jun/23 07:14:01.344967 EXECUTOR - Initialization of module TC_26_8_1_3_3_4 finished.
2026/Jun/23 07:14:01.344972 EXECUTOR - Initializing module TC_26_8_1_3_3_5.
2026/Jun/23 07:14:01.344981 EXECUTOR - Initialization of module TC_26_8_1_3_3_5 finished.
2026/Jun/23 07:14:01.344985 EXECUTOR - Initializing module TC_26_8_1_3_3_6.
2026/Jun/23 07:14:01.344994 EXECUTOR - Initialization of module TC_26_8_1_3_3_6 finished.
2026/Jun/23 07:14:01.344999 EXECUTOR - Initializing module TC_26_8_1_3_3_7.
2026/Jun/23 07:14:01.345007 EXECUTOR - Initialization of module TC_26_8_1_3_3_7 finished.
2026/Jun/23 07:14:01.345012 EXECUTOR - Initializing module TC_26_8_1_3_4_1.
2026/Jun/23 07:14:01.345026 EXECUTOR - Initialization of module TC_26_8_1_3_4_1 finished.
2026/Jun/23 07:14:01.345031 EXECUTOR - Initializing module TC_26_8_1_3_4_2.
2026/Jun/23 07:14:01.345040 EXECUTOR - Initialization of module TC_26_8_1_3_4_2 finished.
2026/Jun/23 07:14:01.345045 EXECUTOR - Initializing module TC_26_8_1_3_4_3.
2026/Jun/23 07:14:01.345054 EXECUTOR - Initialization of module TC_26_8_1_3_4_3 finished.
2026/Jun/23 07:14:01.345058 EXECUTOR - Initializing module TC_26_8_1_3_4_4.
2026/Jun/23 07:14:01.345067 EXECUTOR - Initialization of module TC_26_8_1_3_4_4 finished.
2026/Jun/23 07:14:01.345072 EXECUTOR - Initializing module TC_26_8_1_3_4_5.
2026/Jun/23 07:14:01.345081 EXECUTOR - Initialization of module TC_26_8_1_3_4_5 finished.
2026/Jun/23 07:14:01.345086 EXECUTOR - Initializing module TC_26_8_1_3_4_6.
2026/Jun/23 07:14:01.345094 EXECUTOR - Initialization of module TC_26_8_1_3_4_6 finished.
2026/Jun/23 07:14:01.345098 EXECUTOR - Initializing module TC_26_8_1_3_4_7.
2026/Jun/23 07:14:01.345107 EXECUTOR - Initialization of module TC_26_8_1_3_4_7 finished.
2026/Jun/23 07:14:01.345112 EXECUTOR - Initializing module TC_26_8_1_3_4_8.
2026/Jun/23 07:14:01.345121 EXECUTOR - Initialization of module TC_26_8_1_3_4_8 finished.
2026/Jun/23 07:14:01.345126 EXECUTOR - Initializing module TC_26_8_1_3_5_1.
2026/Jun/23 07:14:01.345135 EXECUTOR - Initialization of module TC_26_8_1_3_5_1 finished.
2026/Jun/23 07:14:01.345140 EXECUTOR - Initializing module TC_26_8_1_3_5_2.
2026/Jun/23 07:14:01.345149 EXECUTOR - Initialization of module TC_26_8_1_3_5_2 finished.
2026/Jun/23 07:14:01.345154 EXECUTOR - Initializing module TC_26_8_1_3_5_3.
2026/Jun/23 07:14:01.345162 EXECUTOR - Initialization of module TC_26_8_1_3_5_3 finished.
2026/Jun/23 07:14:01.345167 EXECUTOR - Initializing module TC_26_8_1_3_5_4.
2026/Jun/23 07:14:01.345175 EXECUTOR - Initialization of module TC_26_8_1_3_5_4 finished.
2026/Jun/23 07:14:01.345180 EXECUTOR - Initializing module TC_26_8_1_3_5_5.
2026/Jun/23 07:14:01.345189 EXECUTOR - Initialization of module TC_26_8_1_3_5_5 finished.
2026/Jun/23 07:14:01.345194 EXECUTOR - Initializing module TC_26_8_1_3_5_6.
2026/Jun/23 07:14:01.345202 EXECUTOR - Initialization of module TC_26_8_1_3_5_6 finished.
2026/Jun/23 07:14:01.345207 EXECUTOR - Initializing module TC_26_8_1_3_5_7.
2026/Jun/23 07:14:01.345216 EXECUTOR - Initialization of module TC_26_8_1_3_5_7 finished.
2026/Jun/23 07:14:01.345220 EXECUTOR - Initializing module TC_26_8_1_3_5_8.
2026/Jun/23 07:14:01.345229 EXECUTOR - Initialization of module TC_26_8_1_3_5_8 finished.
2026/Jun/23 07:14:01.345234 EXECUTOR - Initializing module TC_26_8_1_3_5_9.
2026/Jun/23 07:14:01.345243 EXECUTOR - Initialization of module TC_26_8_1_3_5_9 finished.
2026/Jun/23 07:14:01.345248 EXECUTOR - Initializing module TC_26_8_2_1.
2026/Jun/23 07:14:01.345256 EXECUTOR - Initialization of module TC_26_8_2_1 finished.
2026/Jun/23 07:14:01.345261 EXECUTOR - Initializing module TC_26_8_2_2.
2026/Jun/23 07:14:01.345270 EXECUTOR - Initialization of module TC_26_8_2_2 finished.
2026/Jun/23 07:14:01.345275 EXECUTOR - Initializing module TC_26_8_2_3.
2026/Jun/23 07:14:01.345284 EXECUTOR - Initialization of module TC_26_8_2_3 finished.
2026/Jun/23 07:14:01.345289 EXECUTOR - Initializing module TC_26_8_3.
2026/Jun/23 07:14:01.345297 EXECUTOR - Initialization of module TC_26_8_3 finished.
2026/Jun/23 07:14:01.345302 EXECUTOR - Initializing module TC_34_2_2.
2026/Jun/23 07:14:01.345311 EXECUTOR - Initialization of module TC_34_2_2 finished.
2026/Jun/23 07:14:01.345315 EXECUTOR - Initializing module TitanLoggerApi.
2026/Jun/23 07:14:01.345320 EXECUTOR - Initialization of module TitanLoggerApi finished.
2026/Jun/23 07:14:01.345325 EXECUTOR - Initializing module TitanLoggerControl.
2026/Jun/23 07:14:01.345330 EXECUTOR - Initialization of module TitanLoggerControl finished.
2026/Jun/23 07:14:01.345350 EXECUTOR - Configuration data was processed successfully.
2026/Jun/23 07:14:01.347413 EXECUTOR - MTC was created. Process id: 39.
2026/Jun/23 07:15:20.810621 EXECUTOR - Exit was requested from MC. Terminating HC.
2026/Jun/23 07:15:20.810874 EXECUTOR - Disconnected from MC.
2026/Jun/23 07:15:20.810922 EXECUTOR - TTCN-3 Host Controller finished.
2026/Jun/23 07:14:01.348766 EXECUTOR - TTCN-3 Main Test Component started on ttcn3-tc-26-7-2-1-1-p6fsc. Version: 11.1.0.
2026/Jun/23 07:14:01.348950 EXECUTOR - TTCN Logger v2.2 options: TimeStampFormat:=DateTime; LogEntityName:=No; LogEventTypes:=Yes; SourceInfoFormat:=Single; LogSensitiveData:=No; *.FileMask:=LOG_ALL; *.ConsoleMask:=ERROR | TESTCASE | USER | VERDICTOP | WARNING; LogFileSize:=0; LogFileNumber:=1; DiskFullAction:=Error
2026/Jun/23 07:14:01.349005 EXECUTOR - Connected to MC.
2026/Jun/23 07:14:01.349216 EXECUTOR - Executing test case TC_26_7_2_1 in module TC_26_7_2_1.
2026/Jun/23 07:14:01.349514 TESTCASE TC_26_7_2_1.ttcn3:32 Test case TC_26_7_2_1 started.
2026/Jun/23 07:14:01.349567 PARALLEL TC_26_7_2_1.ttcn3:32 Initializing variables, timers and ports of component type GSM_Component_Definitions.GSM_CT inside testcase TC_26_7_2_1.
2026/Jun/23 07:14:01.349770 USER TC_26_7_2_1.ttcn3:32 MSC_Port: set_parameter msc_stub_host = 10.42.0.203
2026/Jun/23 07:14:01.349809 USER TC_26_7_2_1.ttcn3:32 MSC_Port: set_parameter msc_stub_port = 5000
2026/Jun/23 07:14:01.349862 USER TC_26_7_2_1.ttcn3:32 L3_Port: user_start called
2026/Jun/23 07:14:01.349878 PORTEVENT TC_26_7_2_1.ttcn3:32 Port L was started.
2026/Jun/23 07:14:01.349924 PORTEVENT TC_26_7_2_1.ttcn3:32 Port RR was started.
2026/Jun/23 07:14:01.349930 PORTEVENT TC_26_7_2_1.ttcn3:32 Port MM was started.
2026/Jun/23 07:14:01.349935 PORTEVENT TC_26_7_2_1.ttcn3:32 Port CC was started.
2026/Jun/23 07:14:01.349938 USER TC_26_7_2_1.ttcn3:32 MSC_Port: user_start called
2026/Jun/23 07:14:01.349943 PORTEVENT TC_26_7_2_1.ttcn3:32 Port MSC was started.
2026/Jun/23 07:14:01.349948 PORTEVENT TC_26_7_2_1.ttcn3:32 Port BSC was started.
2026/Jun/23 07:14:01.349953 PORTEVENT TC_26_7_2_1.ttcn3:32 Port RSL was started.
2026/Jun/23 07:14:01.349959 USER TC_26_7_2_1.ttcn3:32 VTY_PT: Starting
2026/Jun/23 07:14:01.349967 PORTEVENT TC_26_7_2_1.ttcn3:32 Port VTY was started.
2026/Jun/23 07:14:01.349972 PORTEVENT TC_26_7_2_1.ttcn3:32 Port COORD was started.
2026/Jun/23 07:14:01.349975 PARALLEL TC_26_7_2_1.ttcn3:32 Component type GSM_Component_Definitions.GSM_CT was initialized.
2026/Jun/23 07:14:01.350012 WARNING GSM_Component_Definitions.ttcn3:364 Warning: Stopping inactive timer T_guard.
2026/Jun/23 07:14:01.350022 WARNING GSM_Component_Definitions.ttcn3:365 Warning: Stopping inactive timer T301.
2026/Jun/23 07:14:01.350028 WARNING GSM_Component_Definitions.ttcn3:366 Warning: Stopping inactive timer T303.
2026/Jun/23 07:14:01.350033 WARNING GSM_Component_Definitions.ttcn3:367 Warning: Stopping inactive timer T305.
2026/Jun/23 07:14:01.350037 WARNING GSM_Component_Definitions.ttcn3:368 Warning: Stopping inactive timer T308.
2026/Jun/23 07:14:01.350042 WARNING GSM_Component_Definitions.ttcn3:369 Warning: Stopping inactive timer T310.
2026/Jun/23 07:14:01.350047 WARNING GSM_Component_Definitions.ttcn3:370 Warning: Stopping inactive timer T313.
2026/Jun/23 07:14:01.350054 USER GSM_Component_Definitions.ttcn3:386 Component initialized
2026/Jun/23 07:14:01.350070 PARALLEL GSM_Component_Definitions.ttcn3:334 Mapping port mtc:L to system:L.
2026/Jun/23 07:14:01.350120 USER GSM_Component_Definitions.ttcn3:334 L3_Port: Mapping to L
2026/Jun/23 07:14:01.350182 USER GSM_Component_Definitions.ttcn3:334 L3_Port: GSMTAP listening on port 4729
2026/Jun/23 07:14:01.350189 USER GSM_Component_Definitions.ttcn3:334 L3_Port: Mapped successfully (GSMTAP: 0.0.0.0:4729)
2026/Jun/23 07:14:01.350195 WARNING GSM_Component_Definitions.ttcn3:334 Warning: The maximum number of open file descriptors (1048576) is greater than FD_SETSIZE (1024). Ensure that Test Ports using Install_Handler do not try to wait for events of file descriptors with values greater than FD_SETSIZE (1024). (Current caller of Install_Handler is "L")
2026/Jun/23 07:14:01.350222 PORTEVENT GSM_Component_Definitions.ttcn3:334 Port L was mapped to system:L.
2026/Jun/23 07:14:01.350313 PARALLEL GSM_Component_Definitions.ttcn3:334 Map operation of mtc:L to system:L finished.
2026/Jun/23 07:14:01.350347 PARALLEL GSM_Component_Definitions.ttcn3:335 Mapping port mtc:RR to system:RR.
2026/Jun/23 07:14:01.350388 PORTEVENT GSM_Component_Definitions.ttcn3:335 Port RR was mapped to system:RR.
2026/Jun/23 07:14:01.350410 PARALLEL GSM_Component_Definitions.ttcn3:335 Map operation of mtc:RR to system:RR finished.
2026/Jun/23 07:14:01.350415 PARALLEL GSM_Component_Definitions.ttcn3:336 Mapping port mtc:MM to system:MM.
2026/Jun/23 07:14:01.350435 PORTEVENT GSM_Component_Definitions.ttcn3:336 Port MM was mapped to system:MM.
2026/Jun/23 07:14:01.350455 PARALLEL GSM_Component_Definitions.ttcn3:336 Map operation of mtc:MM to system:MM finished.
2026/Jun/23 07:14:01.350459 PARALLEL GSM_Component_Definitions.ttcn3:337 Mapping port mtc:CC to system:CC.
2026/Jun/23 07:14:01.350479 PORTEVENT GSM_Component_Definitions.ttcn3:337 Port CC was mapped to system:CC.
2026/Jun/23 07:14:01.350498 PARALLEL GSM_Component_Definitions.ttcn3:337 Map operation of mtc:CC to system:CC finished.
2026/Jun/23 07:14:01.350503 PARALLEL GSM_Component_Definitions.ttcn3:338 Mapping port mtc:MSC to system:MSC.
2026/Jun/23 07:14:01.350522 USER GSM_Component_Definitions.ttcn3:338 MSC_Port: Mapping to MSC
2026/Jun/23 07:14:01.350838 USER GSM_Component_Definitions.ttcn3:338 MSC_Port: Registered socket for async events
2026/Jun/23 07:14:01.350860 USER GSM_Component_Definitions.ttcn3:338 MSC_Port: Connected to MSC stub at 10.42.0.203:5000
2026/Jun/23 07:14:01.350865 PORTEVENT GSM_Component_Definitions.ttcn3:338 Port MSC was mapped to system:MSC.
2026/Jun/23 07:14:01.350904 PARALLEL GSM_Component_Definitions.ttcn3:338 Map operation of mtc:MSC to system:MSC finished.
2026/Jun/23 07:14:01.350912 PARALLEL GSM_Component_Definitions.ttcn3:339 Mapping port mtc:VTY to system:VTY.
2026/Jun/23 07:14:01.350938 USER GSM_Component_Definitions.ttcn3:339 VTY_PT: Mapping port to VTY interface
2026/Jun/23 07:14:01.351172 USER GSM_Component_Definitions.ttcn3:339 VTY_PT: Connected to VTY at 10.43.84.152:4247
2026/Jun/23 07:14:01.851402 USER GSM_Component_Definitions.ttcn3:339 VTY_PT: Initial banner received
2026/Jun/23 07:14:01.851465 PORTEVENT GSM_Component_Definitions.ttcn3:339 Port VTY was mapped to system:VTY.
2026/Jun/23 07:14:01.851517 USER GSM_Component_Definitions.ttcn3:339 MSC_Port: RX: {"type": "WELCOME", "status": "connected"}
2026/Jun/23 07:14:01.851576 PORTEVENT GSM_Component_Definitions.ttcn3:339 Message enqueued on MSC from system charstring : "{\"type\": \"WELCOME\", \"status\": \"connected\"}" id 1
2026/Jun/23 07:14:01.851623 PARALLEL GSM_Component_Definitions.ttcn3:339 Map operation of mtc:VTY to system:VTY finished.
2026/Jun/23 07:14:01.851647 TIMEROP TC_26_7_2_1.ttcn3:54 Start timer T_guard: 300 s
2026/Jun/23 07:14:01.851702 USER TC_26_7_2_1.ttcn3:56 ==========================================================
2026/Jun/23 07:14:01.851711 USER TC_26_7_2_1.ttcn3:57 *** TC_26_7_2_1: Authentication Procedure Test ***
2026/Jun/23 07:14:01.851715 USER TC_26_7_2_1.ttcn3:58 ==========================================================
2026/Jun/23 07:14:01.851719 USER TC_26_7_2_1.ttcn3:64 *** Step 1: Waiting for initial Location Update ***
2026/Jun/23 07:14:01.851741 PORTEVENT TC_26_7_2_1.ttcn3:67 Sent on MSC to system charstring : "{\"command\": \"SET_AUTO_RESPOND\", \"params\": {\"enabled\": false}}"
2026/Jun/23 07:14:01.851852 USER TC_26_7_2_1.ttcn3:67 MSC_Port: TX: {"command": "SET_AUTO_RESPOND", "params": {"enabled": false}}
2026/Jun/23 07:14:01.851874 TIMEROP TC_26_7_2_1.ttcn3:70 Start timer T_wait: 60 s
2026/Jun/23 07:14:01.851916 PORTEVENT TC_26_7_2_1.ttcn3:73 Receive operation on port MSC succeeded, message from system(): charstring : "{\"type\": \"WELCOME\", \"status\": \"connected\"}" id 1
2026/Jun/23 07:14:01.851946 PORTEVENT TC_26_7_2_1.ttcn3:73 Message with id 1 was extracted from the queue of MSC.
2026/Jun/23 07:14:01.852162 USER TC_26_7_2_1.ttcn3:72 MSC_Port: RX: {"status": "ok", "auto_respond": false}
2026/Jun/23 07:14:01.852191 PORTEVENT TC_26_7_2_1.ttcn3:72 Message enqueued on MSC from system charstring : "{\"status\": \"ok\", \"auto_respond\": false}" id 2
2026/Jun/23 07:14:01.852205 PORTEVENT TC_26_7_2_1.ttcn3:73 Receive operation on port MSC succeeded, message from system(): charstring : "{\"status\": \"ok\", \"auto_respond\": false}" id 2
2026/Jun/23 07:14:01.852219 PORTEVENT TC_26_7_2_1.ttcn3:73 Message with id 2 was extracted from the queue of MSC.
2026/Jun/23 07:14:06.857048 USER TC_26_7_2_1.ttcn3:72 MSC_Port: RX: {"type": "HEARTBEAT"}
2026/Jun/23 07:14:06.857127 PORTEVENT TC_26_7_2_1.ttcn3:72 Message enqueued on MSC from system charstring : "{\"type\": \"HEARTBEAT\"}" id 3
2026/Jun/23 07:14:06.857149 PORTEVENT TC_26_7_2_1.ttcn3:73 Receive operation on port MSC succeeded, message from system(): charstring : "{\"type\": \"HEARTBEAT\"}" id 3
2026/Jun/23 07:14:06.857158 PORTEVENT TC_26_7_2_1.ttcn3:73 Message with id 3 was extracted from the queue of MSC.
2026/Jun/23 07:14:10.334283 USER TC_26_7_2_1.ttcn3:72 VTY_PT: Received data (buffered): 68 bytes
2026/Jun/23 07:14:11.862079 USER TC_26_7_2_1.ttcn3:72 MSC_Port: RX: {"type": "HEARTBEAT"}
2026/Jun/23 07:14:11.862160 PORTEVENT TC_26_7_2_1.ttcn3:72 Message enqueued on MSC from system charstring : "{\"type\": \"HEARTBEAT\"}" id 4
2026/Jun/23 07:14:11.862184 PORTEVENT TC_26_7_2_1.ttcn3:73 Receive operation on port MSC succeeded, message from system(): charstring : "{\"type\": \"HEARTBEAT\"}" id 4
2026/Jun/23 07:14:11.862193 PORTEVENT TC_26_7_2_1.ttcn3:73 Message with id 4 was extracted from the queue of MSC.
2026/Jun/23 07:14:16.867020 USER TC_26_7_2_1.ttcn3:72 MSC_Port: RX: {"type": "HEARTBEAT"}
2026/Jun/23 07:14:16.867099 PORTEVENT TC_26_7_2_1.ttcn3:72 Message enqueued on MSC from system charstring : "{\"type\": \"HEARTBEAT\"}" id 5
2026/Jun/23 07:14:16.867124 PORTEVENT TC_26_7_2_1.ttcn3:73 Receive operation on port MSC succeeded, message from system(): charstring : "{\"type\": \"HEARTBEAT\"}" id 5
2026/Jun/23 07:14:16.867134 PORTEVENT TC_26_7_2_1.ttcn3:73 Message with id 5 was extracted from the queue of MSC.
2026/Jun/23 07:14:21.872091 USER TC_26_7_2_1.ttcn3:72 MSC_Port: RX: {"type": "HEARTBEAT"}
2026/Jun/23 07:14:21.872174 PORTEVENT TC_26_7_2_1.ttcn3:72 Message enqueued on MSC from system charstring : "{\"type\": \"HEARTBEAT\"}" id 6
2026/Jun/23 07:14:21.872198 PORTEVENT TC_26_7_2_1.ttcn3:73 Receive operation on port MSC succeeded, message from system(): charstring : "{\"type\": \"HEARTBEAT\"}" id 6
2026/Jun/23 07:14:21.872208 PORTEVENT TC_26_7_2_1.ttcn3:73 Message with id 6 was extracted from the queue of MSC.
2026/Jun/23 07:14:26.877094 USER TC_26_7_2_1.ttcn3:72 MSC_Port: RX: {"type": "HEARTBEAT"}
2026/Jun/23 07:14:26.877170 PORTEVENT TC_26_7_2_1.ttcn3:72 Message enqueued on MSC from system charstring : "{\"type\": \"HEARTBEAT\"}" id 7
2026/Jun/23 07:14:26.877194 PORTEVENT TC_26_7_2_1.ttcn3:73 Receive operation on port MSC succeeded, message from system(): charstring : "{\"type\": \"HEARTBEAT\"}" id 7
2026/Jun/23 07:14:26.877204 PORTEVENT TC_26_7_2_1.ttcn3:73 Message with id 7 was extracted from the queue of MSC.
2026/Jun/23 07:14:31.882185 USER TC_26_7_2_1.ttcn3:72 MSC_Port: RX: {"type": "HEARTBEAT"}
2026/Jun/23 07:14:31.882299 PORTEVENT TC_26_7_2_1.ttcn3:72 Message enqueued on MSC from system charstring : "{\"type\": \"HEARTBEAT\"}" id 8
2026/Jun/23 07:14:31.882344 PORTEVENT TC_26_7_2_1.ttcn3:73 Receive operation on port MSC succeeded, message from system(): charstring : "{\"type\": \"HEARTBEAT\"}" id 8
2026/Jun/23 07:14:31.882363 PORTEVENT TC_26_7_2_1.ttcn3:73 Message with id 8 was extracted from the queue of MSC.
2026/Jun/23 07:14:33.137024 USER TC_26_7_2_1.ttcn3:72 VTY_PT: Received data (buffered): 68 bytes
2026/Jun/23 07:14:36.886095 USER TC_26_7_2_1.ttcn3:72 MSC_Port: RX: {"type": "HEARTBEAT"}
2026/Jun/23 07:14:36.886177 PORTEVENT TC_26_7_2_1.ttcn3:72 Message enqueued on MSC from system charstring : "{\"type\": \"HEARTBEAT\"}" id 9
2026/Jun/23 07:14:36.886212 PORTEVENT TC_26_7_2_1.ttcn3:73 Receive operation on port MSC succeeded, message from system(): charstring : "{\"type\": \"HEARTBEAT\"}" id 9
2026/Jun/23 07:14:36.886229 PORTEVENT TC_26_7_2_1.ttcn3:73 Message with id 9 was extracted from the queue of MSC.
2026/Jun/23 07:14:41.891243 USER TC_26_7_2_1.ttcn3:72 MSC_Port: RX: {"type": "HEARTBEAT"}
2026/Jun/23 07:14:41.891332 PORTEVENT TC_26_7_2_1.ttcn3:72 Message enqueued on MSC from system charstring : "{\"type\": \"HEARTBEAT\"}" id 10
2026/Jun/23 07:14:41.891354 PORTEVENT TC_26_7_2_1.ttcn3:73 Receive operation on port MSC succeeded, message from system(): charstring : "{\"type\": \"HEARTBEAT\"}" id 10
2026/Jun/23 07:14:41.891362 PORTEVENT TC_26_7_2_1.ttcn3:73 Message with id 10 was extracted from the queue of MSC.
2026/Jun/23 07:14:46.897010 USER TC_26_7_2_1.ttcn3:72 MSC_Port: RX: {"type": "HEARTBEAT"}
2026/Jun/23 07:14:46.897081 PORTEVENT TC_26_7_2_1.ttcn3:72 Message enqueued on MSC from system charstring : "{\"type\": \"HEARTBEAT\"}" id 11
2026/Jun/23 07:14:46.897104 PORTEVENT TC_26_7_2_1.ttcn3:73 Receive operation on port MSC succeeded, message from system(): charstring : "{\"type\": \"HEARTBEAT\"}" id 11
2026/Jun/23 07:14:46.897113 PORTEVENT TC_26_7_2_1.ttcn3:73 Message with id 11 was extracted from the queue of MSC.
2026/Jun/23 07:14:48.678523 USER TC_26_7_2_1.ttcn3:72 MSC_Port: RX: {"type": "EVENT_LU_REQUEST", "bsc_slr": 2, "msc_slr": 2, "cksn": 7, "lu_type": 0, "old_mcc": "901", "old_mnc": "70", "old_lac": 0, "mi_type": "imsi"}
2026/Jun/23 07:14:48.678587 PORTEVENT TC_26_7_2_1.ttcn3:72 Message enqueued on MSC from system charstring : "{\"type\": \"EVENT_LU_REQUEST\", \"bsc_slr\": 2, \"msc_slr\": 2, \"cksn\": 7, \"lu_type\": 0, \"old_mcc\": \"901\", \"old_mnc\": \"70\", \"old_lac\": 0, \"mi_type\": \"imsi\"}" id 12
2026/Jun/23 07:14:48.678614 PORTEVENT TC_26_7_2_1.ttcn3:73 Receive operation on port MSC succeeded, message from system(): charstring : "{\"type\": \"EVENT_LU_REQUEST\", \"bsc_slr\": 2, \"msc_slr\": 2, \"cksn\": 7, \"lu_type\": 0, \"old_mcc\": \"901\", \"old_mnc\": \"70\", \"old_lac\": 0, \"mi_type\": \"imsi\"}" id 12
2026/Jun/23 07:14:48.678623 PORTEVENT TC_26_7_2_1.ttcn3:73 Message with id 12 was extracted from the queue of MSC.
2026/Jun/23 07:14:48.678790 USER GSM_Functions.ttcn3:365 f_extractJsonInt: Searching for key '"bsc_slr"' in JSON: "{\"type\": \"EVENT_LU_REQUEST\", \"bsc_slr\": 2, \"msc_slr\": 2, \"cksn\": 7, \"lu_type\": 0, \"old_mcc\": \"901\", \"old_mnc\": \"70\", \"old_lac\": 0, \"mi_type\": \"imsi\"}"
2026/Jun/23 07:14:48.678889 USER GSM_Functions.ttcn3:372 f_extractJsonInt: Found key at position 29 (pattern: "\"bsc_slr\":")
2026/Jun/23 07:14:48.678952 USER GSM_Functions.ttcn3:422 f_extractJsonInt: Extracted number string '"2"' => integer 2
2026/Jun/23 07:14:48.678971 USER TC_26_7_2_1.ttcn3:76 MS sending LU Request, bsc_slr=2
2026/Jun/23 07:14:48.678999 PORTEVENT TC_26_7_2_1.ttcn3:80 Sent on MSC to system charstring : "{\"command\": \"CMD_SEND_LU_ACCEPT\", \"params\": {\"bsc_slr\": 2, \"mcc\": \"901\", \"mnc\": \"70\", \"lac\": 4242, \"tmsi\": 12345678}}"
2026/Jun/23 07:14:48.679038 USER TC_26_7_2_1.ttcn3:80 MSC_Port: TX: {"command": "CMD_SEND_LU_ACCEPT", "params": {"bsc_slr": 2, "mcc": "901", "mnc": "70", "lac": 4242, "tmsi": 12345678}}
2026/Jun/23 07:14:48.679055 TIMEROP TC_26_7_2_1.ttcn3:81 Stop timer T_wait: 60 s
2026/Jun/23 07:14:48.679076 TIMEROP TC_26_7_2_1.ttcn3:93 Start timer T_wait: 20 s
2026/Jun/23 07:14:49.179874 USER TC_26_7_2_1.ttcn3:94 MSC_Port: RX: {"status": "ok", "sent": true}
2026/Jun/23 07:14:49.179934 PORTEVENT TC_26_7_2_1.ttcn3:94 Message enqueued on MSC from system charstring : "{\"status\": \"ok\", \"sent\": true}" id 13
2026/Jun/23 07:14:49.179960 PORTEVENT TC_26_7_2_1.ttcn3:95 Receive operation on port MSC succeeded, message from system(): charstring : "{\"status\": \"ok\", \"sent\": true}" id 13
2026/Jun/23 07:14:49.179970 PORTEVENT TC_26_7_2_1.ttcn3:95 Message with id 13 was extracted from the queue of MSC.
2026/Jun/23 07:14:49.334317 USER TC_26_7_2_1.ttcn3:94 MSC_Port: RX: {"type": "EVENT_DTAP", "bsc_slr": 2, "pd": 5, "msg_type": 27}
2026/Jun/23 07:14:49.334373 PORTEVENT TC_26_7_2_1.ttcn3:94 Message enqueued on MSC from system charstring : "{\"type\": \"EVENT_DTAP\", \"bsc_slr\": 2, \"pd\": 5, \"msg_type\": 27}" id 14
2026/Jun/23 07:14:49.334396 PORTEVENT TC_26_7_2_1.ttcn3:95 Receive operation on port MSC succeeded, message from system(): charstring : "{\"type\": \"EVENT_DTAP\", \"bsc_slr\": 2, \"pd\": 5, \"msg_type\": 27}" id 14
2026/Jun/23 07:14:49.334413 PORTEVENT TC_26_7_2_1.ttcn3:95 Message with id 14 was extracted from the queue of MSC.
2026/Jun/23 07:14:49.334516 USER TC_26_7_2_1.ttcn3:94 MSC_Port: RX: {"type": "EVENT_TMSI_REALLOC_COMPLETE", "bsc_slr": 2}
2026/Jun/23 07:14:49.334526 PORTEVENT TC_26_7_2_1.ttcn3:94 Message enqueued on MSC from system charstring : "{\"type\": \"EVENT_TMSI_REALLOC_COMPLETE\", \"bsc_slr\": 2}" id 15
2026/Jun/23 07:14:49.334533 PORTEVENT TC_26_7_2_1.ttcn3:95 Receive operation on port MSC succeeded, message from system(): charstring : "{\"type\": \"EVENT_TMSI_REALLOC_COMPLETE\", \"bsc_slr\": 2}" id 15
2026/Jun/23 07:14:49.334537 PORTEVENT TC_26_7_2_1.ttcn3:95 Message with id 15 was extracted from the queue of MSC.
2026/Jun/23 07:14:52.183001 USER TC_26_7_2_1.ttcn3:94 MSC_Port: RX: {"type": "HEARTBEAT"}
2026/Jun/23 07:14:52.183059 PORTEVENT TC_26_7_2_1.ttcn3:94 Message enqueued on MSC from system charstring : "{\"type\": \"HEARTBEAT\"}" id 16
2026/Jun/23 07:14:52.183080 PORTEVENT TC_26_7_2_1.ttcn3:95 Receive operation on port MSC succeeded, message from system(): charstring : "{\"type\": \"HEARTBEAT\"}" id 16
2026/Jun/23 07:14:52.183088 PORTEVENT TC_26_7_2_1.ttcn3:95 Message with id 16 was extracted from the queue of MSC.
2026/Jun/23 07:14:57.188032 USER TC_26_7_2_1.ttcn3:94 MSC_Port: RX: {"type": "HEARTBEAT"}
2026/Jun/23 07:14:57.188098 PORTEVENT TC_26_7_2_1.ttcn3:94 Message enqueued on MSC from system charstring : "{\"type\": \"HEARTBEAT\"}" id 17
2026/Jun/23 07:14:57.188121 PORTEVENT TC_26_7_2_1.ttcn3:95 Receive operation on port MSC succeeded, message from system(): charstring : "{\"type\": \"HEARTBEAT\"}" id 17
2026/Jun/23 07:14:57.188131 PORTEVENT TC_26_7_2_1.ttcn3:95 Message with id 17 was extracted from the queue of MSC.
2026/Jun/23 07:14:59.505648 USER TC_26_7_2_1.ttcn3:94 MSC_Port: RX: {"type": "EVENT_CLEAR_REQUEST", "bsc_slr": 2}
2026/Jun/23 07:14:59.505723 PORTEVENT TC_26_7_2_1.ttcn3:94 Message enqueued on MSC from system charstring : "{\"type\": \"EVENT_CLEAR_REQUEST\", \"bsc_slr\": 2}" id 18
2026/Jun/23 07:14:59.505749 PORTEVENT TC_26_7_2_1.ttcn3:95 Receive operation on port MSC succeeded, message from system(): charstring : "{\"type\": \"EVENT_CLEAR_REQUEST\", \"bsc_slr\": 2}" id 18
2026/Jun/23 07:14:59.505758 PORTEVENT TC_26_7_2_1.ttcn3:95 Message with id 18 was extracted from the queue of MSC.
2026/Jun/23 07:14:59.505957 USER TC_26_7_2_1.ttcn3:100 Initial connection release requested by BSC
2026/Jun/23 07:14:59.505977 PORTEVENT TC_26_7_2_1.ttcn3:102 Sent on MSC to system charstring : "{\"command\": \"CMD_SEND_CLEAR_CMD\", \"params\": {\"bsc_slr\": 2, \"cause\": 0}}"
2026/Jun/23 07:14:59.506024 USER TC_26_7_2_1.ttcn3:102 MSC_Port: TX: {"command": "CMD_SEND_CLEAR_CMD", "params": {"bsc_slr": 2, "cause": 0}}
2026/Jun/23 07:14:59.506377 USER TC_26_7_2_1.ttcn3:94 MSC_Port: RX: {"status": "ok"}
2026/Jun/23 07:14:59.506425 PORTEVENT TC_26_7_2_1.ttcn3:94 Message enqueued on MSC from system charstring : "{\"status\": \"ok\"}" id 19
2026/Jun/23 07:14:59.506455 PORTEVENT TC_26_7_2_1.ttcn3:95 Receive operation on port MSC succeeded, message from system(): charstring : "{\"status\": \"ok\"}" id 19
2026/Jun/23 07:14:59.506463 PORTEVENT TC_26_7_2_1.ttcn3:95 Message with id 19 was extracted from the queue of MSC.
2026/Jun/23 07:14:59.546955 USER TC_26_7_2_1.ttcn3:94 MSC_Port: RX: {"type": "EVENT_BSSMAP_CLEAR_COMPLETE", "bsc_slr": 2}
2026/Jun/23 07:14:59.547031 PORTEVENT TC_26_7_2_1.ttcn3:94 Message enqueued on MSC from system charstring : "{\"type\": \"EVENT_BSSMAP_CLEAR_COMPLETE\", \"bsc_slr\": 2}" id 20
2026/Jun/23 07:14:59.547054 PORTEVENT TC_26_7_2_1.ttcn3:95 Receive operation on port MSC succeeded, message from system(): charstring : "{\"type\": \"EVENT_BSSMAP_CLEAR_COMPLETE\", \"bsc_slr\": 2}" id 20
2026/Jun/23 07:14:59.547063 PORTEVENT TC_26_7_2_1.ttcn3:95 Message with id 20 was extracted from the queue of MSC.
2026/Jun/23 07:14:59.547187 USER TC_26_7_2_1.ttcn3:97 Initial connection fully cleared
2026/Jun/23 07:14:59.547196 TIMEROP TC_26_7_2_1.ttcn3:98 Stop timer T_wait: 20 s
2026/Jun/23 07:14:59.547255 TIMEROP GSM_Functions.ttcn3:2084 Start timer T_dly: 10 s
2026/Jun/23 07:14:59.596022 USER GSM_Functions.ttcn3:2085 VTY_PT: Received data (buffered): 61 bytes
2026/Jun/23 07:15:02.509041 USER GSM_Functions.ttcn3:2085 MSC_Port: RX: {"type": "HEARTBEAT"}
2026/Jun/23 07:15:02.509121 PORTEVENT GSM_Functions.ttcn3:2085 Message enqueued on MSC from system charstring : "{\"type\": \"HEARTBEAT\"}" id 21
2026/Jun/23 07:15:07.514040 USER GSM_Functions.ttcn3:2085 MSC_Port: RX: {"type": "HEARTBEAT"}
2026/Jun/23 07:15:07.514114 PORTEVENT GSM_Functions.ttcn3:2085 Message enqueued on MSC from system charstring : "{\"type\": \"HEARTBEAT\"}" id 22
2026/Jun/23 07:15:09.548915 TIMEROP GSM_Functions.ttcn3:2086 Timeout T_dly: 10 s
2026/Jun/23 07:15:09.549028 USER TC_26_7_2_1.ttcn3:120 *** Step 2: Sending Paging Request to trigger RR establishment ***
2026/Jun/23 07:15:09.549090 PORTEVENT TC_26_7_2_1.ttcn3:123 Sent on MSC to system charstring : "{\"command\": \"CMD_SEND_PAGING\", \"params\": {\"imsi\": \"901700000000001\", \"lac\": 4242, \"cell_id\": 4242, \"tmsi\": 12345678}}"
2026/Jun/23 07:15:09.549223 USER TC_26_7_2_1.ttcn3:123 MSC_Port: TX: {"command": "CMD_SEND_PAGING", "params": {"imsi": "901700000000001", "lac": 4242, "cell_id": 4242, "tmsi": 12345678}}
2026/Jun/23 07:15:09.549250 TIMEROP TC_26_7_2_1.ttcn3:125 Start timer T_wait: 30 s
2026/Jun/23 07:15:09.549279 PORTEVENT TC_26_7_2_1.ttcn3:127 Receive operation on port MSC succeeded, message from system(): charstring : "{\"type\": \"HEARTBEAT\"}" id 21
2026/Jun/23 07:15:09.549299 PORTEVENT TC_26_7_2_1.ttcn3:127 Message with id 21 was extracted from the queue of MSC.
2026/Jun/23 07:15:09.549438 PORTEVENT TC_26_7_2_1.ttcn3:127 Receive operation on port MSC succeeded, message from system(): charstring : "{\"type\": \"HEARTBEAT\"}" id 22
2026/Jun/23 07:15:09.549454 PORTEVENT TC_26_7_2_1.ttcn3:127 Message with id 22 was extracted from the queue of MSC.
2026/Jun/23 07:15:09.550289 USER TC_26_7_2_1.ttcn3:126 MSC_Port: RX: {"status": "ok", "sent": true}
2026/Jun/23 07:15:09.550326 PORTEVENT TC_26_7_2_1.ttcn3:126 Message enqueued on MSC from system charstring : "{\"status\": \"ok\", \"sent\": true}" id 23
2026/Jun/23 07:15:09.550350 PORTEVENT TC_26_7_2_1.ttcn3:127 Receive operation on port MSC succeeded, message from system(): charstring : "{\"status\": \"ok\", \"sent\": true}" id 23
2026/Jun/23 07:15:09.550363 PORTEVENT TC_26_7_2_1.ttcn3:127 Message with id 23 was extracted from the queue of MSC.
2026/Jun/23 07:15:10.333348 USER TC_26_7_2_1.ttcn3:126 MSC_Port: RX: {"type": "EVENT_PAGING_RESPONSE", "bsc_slr": 3, "msc_slr": 3, "cksn": 7, "mi_type": "tmsi", "tmsi": 12345678}
2026/Jun/23 07:15:10.333436 PORTEVENT TC_26_7_2_1.ttcn3:126 Message enqueued on MSC from system charstring : "{\"type\": \"EVENT_PAGING_RESPONSE\", \"bsc_slr\": 3, \"msc_slr\": 3, \"cksn\": 7, \"mi_type\": \"tmsi\", \"tmsi\": 12345678}" id 24
2026/Jun/23 07:15:10.333463 PORTEVENT TC_26_7_2_1.ttcn3:127 Receive operation on port MSC succeeded, message from system(): charstring : "{\"type\": \"EVENT_PAGING_RESPONSE\", \"bsc_slr\": 3, \"msc_slr\": 3, \"cksn\": 7, \"mi_type\": \"tmsi\", \"tmsi\": 12345678}" id 24
2026/Jun/23 07:15:10.333473 PORTEVENT TC_26_7_2_1.ttcn3:127 Message with id 24 was extracted from the queue of MSC.
2026/Jun/23 07:15:10.333578 USER GSM_Functions.ttcn3:365 f_extractJsonInt: Searching for key '"bsc_slr"' in JSON: "{\"type\": \"EVENT_PAGING_RESPONSE\", \"bsc_slr\": 3, \"msc_slr\": 3, \"cksn\": 7, \"mi_type\": \"tmsi\", \"tmsi\": 12345678}"
2026/Jun/23 07:15:10.333607 USER GSM_Functions.ttcn3:372 f_extractJsonInt: Found key at position 34 (pattern: "\"bsc_slr\":")
2026/Jun/23 07:15:10.333625 USER GSM_Functions.ttcn3:422 f_extractJsonInt: Extracted number string '"3"' => integer 3
2026/Jun/23 07:15:10.333633 USER TC_26_7_2_1.ttcn3:130 MS responded to paging, bsc_slr=3
2026/Jun/23 07:15:10.333640 TIMEROP TC_26_7_2_1.ttcn3:131 Stop timer T_wait: 30 s
2026/Jun/23 07:15:10.333651 USER TC_26_7_2_1.ttcn3:142 *** Step 4: Sending Authentication Request with new CKSN=4 ***
2026/Jun/23 07:15:10.333672 PORTEVENT TC_26_7_2_1.ttcn3:144 Sent on MSC to system charstring : "{\"command\": \"CMD_SEND_AUTH_REQ\", \"params\": {\"bsc_slr\": 3, \"cksn\": 4, \"rand\": \"0123456789ABCDEF0123456789ABCDEF\"}}"
2026/Jun/23 07:15:10.333708 USER TC_26_7_2_1.ttcn3:144 MSC_Port: TX: {"command": "CMD_SEND_AUTH_REQ", "params": {"bsc_slr": 3, "cksn": 4, "rand": "0123456789ABCDEF0123456789ABCDEF"}}
2026/Jun/23 07:15:10.333716 TIMEROP TC_26_7_2_1.ttcn3:146 Start timer T_wait: 10 s
2026/Jun/23 07:15:10.334063 USER TC_26_7_2_1.ttcn3:147 MSC_Port: RX: {"status": "ok", "sent": true}
2026/Jun/23 07:15:10.334073 PORTEVENT TC_26_7_2_1.ttcn3:147 Message enqueued on MSC from system charstring : "{\"status\": \"ok\", \"sent\": true}" id 25
2026/Jun/23 07:15:10.334081 PORTEVENT TC_26_7_2_1.ttcn3:148 Receive operation on port MSC succeeded, message from system(): charstring : "{\"status\": \"ok\", \"sent\": true}" id 25
2026/Jun/23 07:15:10.334085 PORTEVENT TC_26_7_2_1.ttcn3:148 Message with id 25 was extracted from the queue of MSC.
2026/Jun/23 07:15:10.803645 USER TC_26_7_2_1.ttcn3:147 MSC_Port: RX: {"type": "EVENT_DTAP", "bsc_slr": 3, "pd": 5, "msg_type": 20}
2026/Jun/23 07:15:10.803720 PORTEVENT TC_26_7_2_1.ttcn3:147 Message enqueued on MSC from system charstring : "{\"type\": \"EVENT_DTAP\", \"bsc_slr\": 3, \"pd\": 5, \"msg_type\": 20}" id 26
2026/Jun/23 07:15:10.803744 PORTEVENT TC_26_7_2_1.ttcn3:148 Receive operation on port MSC succeeded, message from system(): charstring : "{\"type\": \"EVENT_DTAP\", \"bsc_slr\": 3, \"pd\": 5, \"msg_type\": 20}" id 26
2026/Jun/23 07:15:10.803753 PORTEVENT TC_26_7_2_1.ttcn3:148 Message with id 26 was extracted from the queue of MSC.
2026/Jun/23 07:15:10.803833 USER TC_26_7_2_1.ttcn3:147 MSC_Port: RX: {"type": "EVENT_AUTH_RESPONSE", "bsc_slr": 3, "sres": "51e2bd26"}
2026/Jun/23 07:15:10.803845 PORTEVENT TC_26_7_2_1.ttcn3:147 Message enqueued on MSC from system charstring : "{\"type\": \"EVENT_AUTH_RESPONSE\", \"bsc_slr\": 3, \"sres\": \"51e2bd26\"}" id 27
2026/Jun/23 07:15:10.803853 PORTEVENT TC_26_7_2_1.ttcn3:148 Receive operation on port MSC succeeded, message from system(): charstring : "{\"type\": \"EVENT_AUTH_RESPONSE\", \"bsc_slr\": 3, \"sres\": \"51e2bd26\"}" id 27
2026/Jun/23 07:15:10.803857 PORTEVENT TC_26_7_2_1.ttcn3:148 Message with id 27 was extracted from the queue of MSC.
2026/Jun/23 07:15:10.803914 USER TC_26_7_2_1.ttcn3:150 Received AUTHENTICATION RESPONSE
2026/Jun/23 07:15:10.803999 VERDICTOP TC_26_7_2_1.ttcn3:152 setverdict(pass): none -> pass reason: "Sub-test 1 (Auth Response) passed", new component reason: "Sub-test 1 (Auth Response) passed"
2026/Jun/23 07:15:10.804360 TIMEROP TC_26_7_2_1.ttcn3:153 Stop timer T_wait: 10 s
2026/Jun/23 07:15:10.804371 USER TC_26_7_2_1.ttcn3:168 *** Step 5: Releasing Channel ***
2026/Jun/23 07:15:10.804384 PORTEVENT TC_26_7_2_1.ttcn3:170 Sent on MSC to system charstring : "{\"command\": \"CMD_SEND_CLEAR_CMD\", \"params\": {\"bsc_slr\": 3, \"cause\": 0}}"
2026/Jun/23 07:15:10.804431 USER TC_26_7_2_1.ttcn3:170 MSC_Port: TX: {"command": "CMD_SEND_CLEAR_CMD", "params": {"bsc_slr": 3, "cause": 0}}
2026/Jun/23 07:15:10.804439 TIMEROP TC_26_7_2_1.ttcn3:172 Start timer T_wait: 10 s
2026/Jun/23 07:15:10.804791 USER TC_26_7_2_1.ttcn3:173 MSC_Port: RX: {"status": "ok"}
2026/Jun/23 07:15:10.804807 PORTEVENT TC_26_7_2_1.ttcn3:173 Message enqueued on MSC from system charstring : "{\"status\": \"ok\"}" id 28
2026/Jun/23 07:15:10.804816 PORTEVENT TC_26_7_2_1.ttcn3:174 Receive operation on port MSC succeeded, message from system(): charstring : "{\"status\": \"ok\"}" id 28
2026/Jun/23 07:15:10.804830 PORTEVENT TC_26_7_2_1.ttcn3:174 Message with id 28 was extracted from the queue of MSC.
2026/Jun/23 07:15:10.804877 USER TC_26_7_2_1.ttcn3:176 Channel released
2026/Jun/23 07:15:10.804883 TIMEROP TC_26_7_2_1.ttcn3:177 Stop timer T_wait: 10 s
2026/Jun/23 07:15:10.804890 TIMEROP GSM_Functions.ttcn3:2084 Start timer T_dly: 10 s
2026/Jun/23 07:15:10.844963 USER GSM_Functions.ttcn3:2085 MSC_Port: RX: {"type": "EVENT_BSSMAP_CLEAR_COMPLETE", "bsc_slr": 3}
2026/Jun/23 07:15:10.845067 PORTEVENT GSM_Functions.ttcn3:2085 Message enqueued on MSC from system charstring : "{\"type\": \"EVENT_BSSMAP_CLEAR_COMPLETE\", \"bsc_slr\": 3}" id 29
2026/Jun/23 07:15:12.684199 USER GSM_Functions.ttcn3:2085 VTY_PT: Received data (buffered): 61 bytes
2026/Jun/23 07:15:12.807034 USER GSM_Functions.ttcn3:2085 MSC_Port: RX: {"type": "HEARTBEAT"}
2026/Jun/23 07:15:12.807114 PORTEVENT GSM_Functions.ttcn3:2085 Message enqueued on MSC from system charstring : "{\"type\": \"HEARTBEAT\"}" id 30
2026/Jun/23 07:15:13.812353 USER GSM_Functions.ttcn3:2085 MSC_Port: RX: {"type": "EVENT_PAGING_RESPONSE", "bsc_slr": 4, "msc_slr": 4, "cksn": 4, "mi_type": "tmsi", "tmsi": 12345678}
2026/Jun/23 07:15:13.812437 PORTEVENT GSM_Functions.ttcn3:2085 Message enqueued on MSC from system charstring : "{\"type\": \"EVENT_PAGING_RESPONSE\", \"bsc_slr\": 4, \"msc_slr\": 4, \"cksn\": 4, \"mi_type\": \"tmsi\", \"tmsi\": 12345678}" id 31
2026/Jun/23 07:15:17.812069 USER GSM_Functions.ttcn3:2085 MSC_Port: RX: {"type": "HEARTBEAT"}
2026/Jun/23 07:15:17.812148 PORTEVENT GSM_Functions.ttcn3:2085 Message enqueued on MSC from system charstring : "{\"type\": \"HEARTBEAT\"}" id 32
2026/Jun/23 07:15:20.806849 TIMEROP GSM_Functions.ttcn3:2086 Timeout T_dly: 10 s
2026/Jun/23 07:15:20.806917 USER TC_26_7_2_1.ttcn3:193 *** Step 7: Second Paging to verify CKSN usage ***
2026/Jun/23 07:15:20.806959 PORTEVENT TC_26_7_2_1.ttcn3:194 Sent on MSC to system charstring : "{\"command\": \"CMD_SEND_PAGING\", \"params\": {\"imsi\": \"901700000000001\", \"lac\": 4242, \"cell_id\": 4242, \"tmsi\": 12345678}}"
2026/Jun/23 07:15:20.807038 USER TC_26_7_2_1.ttcn3:194 MSC_Port: TX: {"command": "CMD_SEND_PAGING", "params": {"imsi": "901700000000001", "lac": 4242, "cell_id": 4242, "tmsi": 12345678}}
2026/Jun/23 07:15:20.807051 TIMEROP TC_26_7_2_1.ttcn3:196 Start timer T_wait: 30 s
2026/Jun/23 07:15:20.807071 PORTEVENT TC_26_7_2_1.ttcn3:198 Receive operation on port MSC succeeded, message from system(): charstring : "{\"type\": \"EVENT_BSSMAP_CLEAR_COMPLETE\", \"bsc_slr\": 3}" id 29
2026/Jun/23 07:15:20.807082 PORTEVENT TC_26_7_2_1.ttcn3:198 Message with id 29 was extracted from the queue of MSC.
2026/Jun/23 07:15:20.807188 PORTEVENT TC_26_7_2_1.ttcn3:198 Receive operation on port MSC succeeded, message from system(): charstring : "{\"type\": \"HEARTBEAT\"}" id 30
2026/Jun/23 07:15:20.807194 PORTEVENT TC_26_7_2_1.ttcn3:198 Message with id 30 was extracted from the queue of MSC.
2026/Jun/23 07:15:20.807237 PORTEVENT TC_26_7_2_1.ttcn3:198 Receive operation on port MSC succeeded, message from system(): charstring : "{\"type\": \"EVENT_PAGING_RESPONSE\", \"bsc_slr\": 4, \"msc_slr\": 4, \"cksn\": 4, \"mi_type\": \"tmsi\", \"tmsi\": 12345678}" id 31
2026/Jun/23 07:15:20.807244 PORTEVENT TC_26_7_2_1.ttcn3:198 Message with id 31 was extracted from the queue of MSC.
2026/Jun/23 07:15:20.807321 USER GSM_Functions.ttcn3:365 f_extractJsonInt: Searching for key '"cksn"' in JSON: "{\"type\": \"EVENT_PAGING_RESPONSE\", \"bsc_slr\": 4, \"msc_slr\": 4, \"cksn\": 4, \"mi_type\": \"tmsi\", \"tmsi\": 12345678}"
2026/Jun/23 07:15:20.807359 USER GSM_Functions.ttcn3:372 f_extractJsonInt: Found key at position 62 (pattern: "\"cksn\":")
2026/Jun/23 07:15:20.807378 USER GSM_Functions.ttcn3:422 f_extractJsonInt: Extracted number string '"4"' => integer 4
2026/Jun/23 07:15:20.807387 USER TC_26_7_2_1.ttcn3:201 MS responded to paging. CKSN in message: 4
2026/Jun/23 07:15:20.807416 USER TC_26_7_2_1.ttcn3:204 SUCCESS: MS used the new CKSN allocated earlier
2026/Jun/23 07:15:20.807425 VERDICTOP TC_26_7_2_1.ttcn3:206 setverdict(pass): pass -> pass reason: "Sub-test 2 (CKSN verification) passed", component reason not changed
2026/Jun/23 07:15:20.807439 TIMEROP TC_26_7_2_1.ttcn3:211 Stop timer T_wait: 30 s
2026/Jun/23 07:15:20.807455 PARALLEL GSM_Component_Definitions.ttcn3:346 Unmapping port mtc:L from system:L.
2026/Jun/23 07:15:20.807550 USER GSM_Component_Definitions.ttcn3:346 L3_Port: Unmapping from L
2026/Jun/23 07:15:20.807583 PORTEVENT GSM_Component_Definitions.ttcn3:346 Port L was unmapped from system:L.
2026/Jun/23 07:15:20.807637 PARALLEL GSM_Component_Definitions.ttcn3:346 Unmap operation of mtc:L from system:L finished.
2026/Jun/23 07:15:20.807649 PARALLEL GSM_Component_Definitions.ttcn3:347 Unmapping port mtc:RR from system:RR.
2026/Jun/23 07:15:20.807679 PORTEVENT GSM_Component_Definitions.ttcn3:347 Port RR was unmapped from system:RR.
2026/Jun/23 07:15:20.808068 USER GSM_Component_Definitions.ttcn3:347 MSC_Port: RX: {"status": "ok", "sent": true}
2026/Jun/23 07:15:20.808084 PORTEVENT GSM_Component_Definitions.ttcn3:347 Message enqueued on MSC from system charstring : "{\"status\": \"ok\", \"sent\": true}" id 33
2026/Jun/23 07:15:20.808215 PARALLEL GSM_Component_Definitions.ttcn3:347 Unmap operation of mtc:RR from system:RR finished.
2026/Jun/23 07:15:20.808225 PARALLEL GSM_Component_Definitions.ttcn3:348 Unmapping port mtc:MM from system:MM.
2026/Jun/23 07:15:20.808262 PORTEVENT GSM_Component_Definitions.ttcn3:348 Port MM was unmapped from system:MM.
2026/Jun/23 07:15:20.808292 PARALLEL GSM_Component_Definitions.ttcn3:348 Unmap operation of mtc:MM from system:MM finished.
2026/Jun/23 07:15:20.808298 PARALLEL GSM_Component_Definitions.ttcn3:349 Unmapping port mtc:CC from system:CC.
2026/Jun/23 07:15:20.808327 PORTEVENT GSM_Component_Definitions.ttcn3:349 Port CC was unmapped from system:CC.
2026/Jun/23 07:15:20.808356 PARALLEL GSM_Component_Definitions.ttcn3:349 Unmap operation of mtc:CC from system:CC finished.
2026/Jun/23 07:15:20.808362 PARALLEL GSM_Component_Definitions.ttcn3:350 Unmapping port mtc:MSC from system:MSC.
2026/Jun/23 07:15:20.808392 USER GSM_Component_Definitions.ttcn3:350 MSC_Port: Unmapping from MSC
2026/Jun/23 07:15:20.808443 PORTEVENT GSM_Component_Definitions.ttcn3:350 Port MSC was unmapped from system:MSC.
2026/Jun/23 07:15:20.808477 PARALLEL GSM_Component_Definitions.ttcn3:350 Unmap operation of mtc:MSC from system:MSC finished.
2026/Jun/23 07:15:20.808484 PARALLEL GSM_Component_Definitions.ttcn3:351 Unmapping port mtc:VTY from system:VTY.
2026/Jun/23 07:15:20.808514 USER GSM_Component_Definitions.ttcn3:351 VTY_PT: Unmapping port from VTY interface
2026/Jun/23 07:15:20.808572 USER GSM_Component_Definitions.ttcn3:351 VTY_PT: Disconnected from VTY
2026/Jun/23 07:15:20.808582 PORTEVENT GSM_Component_Definitions.ttcn3:351 Port VTY was unmapped from system:VTY.
2026/Jun/23 07:15:20.809374 PARALLEL GSM_Component_Definitions.ttcn3:351 Unmap operation of mtc:VTY from system:VTY finished.
2026/Jun/23 07:15:20.809458 VERDICTOP TC_26_7_2_1.ttcn3:226 setverdict(pass): pass -> pass reason: "TC_26_7_2_1 passed", component reason not changed
2026/Jun/23 07:15:20.809515 PARALLEL TC_26_7_2_1.ttcn3:226 Terminating component type GSM_Component_Definitions.GSM_CT.
2026/Jun/23 07:15:20.809542 TIMEROP TC_26_7_2_1.ttcn3:226 Stop timer T_guard: 300 s
2026/Jun/23 07:15:20.809578 USER TC_26_7_2_1.ttcn3:226 L3_Port: user_stop called
2026/Jun/23 07:15:20.809593 PORTEVENT TC_26_7_2_1.ttcn3:226 Port L was stopped.
2026/Jun/23 07:15:20.809624 PORTEVENT TC_26_7_2_1.ttcn3:226 Port RR was stopped.
2026/Jun/23 07:15:20.809648 PORTEVENT TC_26_7_2_1.ttcn3:226 Port MM was stopped.
2026/Jun/23 07:15:20.809664 PORTEVENT TC_26_7_2_1.ttcn3:226 Port CC was stopped.
2026/Jun/23 07:15:20.809673 USER TC_26_7_2_1.ttcn3:226 MSC_Port: user_stop called
2026/Jun/23 07:15:20.809686 PORTEVENT TC_26_7_2_1.ttcn3:226 Message with id 32 was extracted from the queue of MSC.
2026/Jun/23 07:15:20.809697 PORTEVENT TC_26_7_2_1.ttcn3:226 Message with id 33 was extracted from the queue of MSC.
2026/Jun/23 07:15:20.809704 PORTEVENT TC_26_7_2_1.ttcn3:226 Port MSC was stopped.
2026/Jun/23 07:15:20.809723 USER TC_26_7_2_1.ttcn3:226 BSC_Port: user_stop called
2026/Jun/23 07:15:20.809735 PORTEVENT TC_26_7_2_1.ttcn3:226 Port BSC was stopped.
2026/Jun/23 07:15:20.809744 PORTEVENT TC_26_7_2_1.ttcn3:226 Port RSL was stopped.
2026/Jun/23 07:15:20.809752 USER TC_26_7_2_1.ttcn3:226 VTY_PT: Stopping
2026/Jun/23 07:15:20.809766 PORTEVENT TC_26_7_2_1.ttcn3:226 Port VTY was stopped.
2026/Jun/23 07:15:20.809774 PORTEVENT TC_26_7_2_1.ttcn3:226 Port COORD was stopped.
2026/Jun/23 07:15:20.809795 PARALLEL TC_26_7_2_1.ttcn3:226 Component type GSM_Component_Definitions.GSM_CT was shut down inside testcase TC_26_7_2_1.
2026/Jun/23 07:15:20.809810 EXECUTOR TC_26_7_2_1.ttcn3:226 Waiting for PTCs to finish.
2026/Jun/23 07:15:20.809917 VERDICTOP TC_26_7_2_1.ttcn3:226 Setting final verdict of the test case.
2026/Jun/23 07:15:20.810024 VERDICTOP TC_26_7_2_1.ttcn3:226 Local verdict of MTC: pass reason: "Sub-test 1 (Auth Response) passed"
2026/Jun/23 07:15:20.810074 VERDICTOP TC_26_7_2_1.ttcn3:226 No PTCs were created.
2026/Jun/23 07:15:20.810099 TESTCASE TC_26_7_2_1.ttcn3:226 Test case TC_26_7_2_1 finished. Verdict: pass reason: Sub-test 1 (Auth Response) passed
2026/Jun/23 07:15:20.810297 STATISTICS - Verdict statistics: 0 none (0.00 %), 1 pass (100.00 %), 0 inconc (0.00 %), 0 fail (0.00 %), 0 error (0.00 %).
2026/Jun/23 07:15:20.810387 STATISTICS - Test execution summary: 1 test case was executed. Overall verdict: pass
2026/Jun/23 07:15:20.810395 EXECUTOR - Exit was requested from MC. Terminating MTC.
======================================================
TEST RESULT: PASS
