2026/Jun/26 14:40:43.005891 EXECUTOR - TTCN-3 Main Test Component started on ttcn3-tc-26-6-5-2-8-1-jvjp9. Version: 11.1.0.
2026/Jun/26 14:40:43.006054 EXECUTOR - TTCN Logger v2.2 options: TimeStampFormat:=DateTime; LogEntityName:=No; LogEventTypes:=Yes; SourceInfoFormat:=Single; LogSensitiveData:=No; *.FileMask:=LOG_ALL; *.ConsoleMask:=ERROR | TESTCASE | USER | VERDICTOP | WARNING; LogFileSize:=0; LogFileNumber:=1; DiskFullAction:=Error
2026/Jun/26 14:40:43.006129 EXECUTOR - Connected to MC.
2026/Jun/26 14:40:43.006388 EXECUTOR - Executing test case TC_26_6_5_2_8 in module TC_26_6_5_2_8.
2026/Jun/26 14:40:43.006709 TESTCASE TC_26_6_5_2_8.ttcn3:62 Test case TC_26_6_5_2_8 started.
2026/Jun/26 14:40:43.006785 PARALLEL TC_26_6_5_2_8.ttcn3:62 Initializing variables, timers and ports of component type GSM_Component_Definitions.GSM_CT inside testcase TC_26_6_5_2_8.
2026/Jun/26 14:40:43.007031 USER TC_26_6_5_2_8.ttcn3:62 MSC_Port: set_parameter msc_stub_host = 10.42.0.117
2026/Jun/26 14:40:43.007080 USER TC_26_6_5_2_8.ttcn3:62 MSC_Port: set_parameter msc_stub_port = 5000
2026/Jun/26 14:40:43.007128 USER TC_26_6_5_2_8.ttcn3:62 L3_Port: set_parameter gsmtap_host = 127.0.0.1
2026/Jun/26 14:40:43.007142 USER TC_26_6_5_2_8.ttcn3:62 L3_Port: set_parameter gsmtap_port = 4729
2026/Jun/26 14:40:43.007150 USER TC_26_6_5_2_8.ttcn3:62 L3_Port: set_parameter local_port = 4729
2026/Jun/26 14:40:43.007155 USER TC_26_6_5_2_8.ttcn3:62 L3_Port: set_parameter ul_multicast_group = 239.193.23.2
2026/Jun/26 14:40:43.007160 USER TC_26_6_5_2_8.ttcn3:62 L3_Port: Will join UL multicast group 239.193.23.2 for RACH capture
2026/Jun/26 14:40:43.007164 USER TC_26_6_5_2_8.ttcn3:62 L3_Port: set_parameter arfcn = 51
2026/Jun/26 14:40:43.007208 USER TC_26_6_5_2_8.ttcn3:62 L3_Port: user_start called
2026/Jun/26 14:40:43.007219 PORTEVENT TC_26_6_5_2_8.ttcn3:62 Port L was started.
2026/Jun/26 14:40:43.007272 PORTEVENT TC_26_6_5_2_8.ttcn3:62 Port RR was started.
2026/Jun/26 14:40:43.007278 PORTEVENT TC_26_6_5_2_8.ttcn3:62 Port MM was started.
2026/Jun/26 14:40:43.007282 PORTEVENT TC_26_6_5_2_8.ttcn3:62 Port CC was started.
2026/Jun/26 14:40:43.007285 USER TC_26_6_5_2_8.ttcn3:62 MSC_Port: user_start called
2026/Jun/26 14:40:43.007291 PORTEVENT TC_26_6_5_2_8.ttcn3:62 Port MSC was started.
2026/Jun/26 14:40:43.007295 PORTEVENT TC_26_6_5_2_8.ttcn3:62 Port BSC was started.
2026/Jun/26 14:40:43.007298 PORTEVENT TC_26_6_5_2_8.ttcn3:62 Port RSL was started.
2026/Jun/26 14:40:43.007304 USER TC_26_6_5_2_8.ttcn3:62 VTY_PT: Starting
2026/Jun/26 14:40:43.007308 PORTEVENT TC_26_6_5_2_8.ttcn3:62 Port VTY was started.
2026/Jun/26 14:40:43.007312 PORTEVENT TC_26_6_5_2_8.ttcn3:62 Port COORD was started.
2026/Jun/26 14:40:43.007316 PARALLEL TC_26_6_5_2_8.ttcn3:62 Component type GSM_Component_Definitions.GSM_CT was initialized.
2026/Jun/26 14:40:43.007348 PARALLEL TC_26_6_5_2_8.ttcn3:98 Mapping port mtc:BSC to system:BSC.
2026/Jun/26 14:40:43.007407 USER TC_26_6_5_2_8.ttcn3:98 BSC_Port: Mapping to 10.42.0.109:5001
2026/Jun/26 14:40:43.007697 WARNING TC_26_6_5_2_8.ttcn3:98 BSC_Port: Connection failed: Connection refused
2026/Jun/26 14:40:43.007723 WARNING TC_26_6_5_2_8.ttcn3:98 BSC_Port: Failed to connect
2026/Jun/26 14:40:43.007734 PORTEVENT TC_26_6_5_2_8.ttcn3:98 Port BSC was mapped to system:BSC.
2026/Jun/26 14:40:43.007811 PARALLEL TC_26_6_5_2_8.ttcn3:98 Map operation of mtc:BSC to system:BSC finished.
2026/Jun/26 14:40:43.007852 PARALLEL TC_26_6_5_2_8.ttcn3:99 Mapping port mtc:MSC to system:MSC.
2026/Jun/26 14:40:43.007912 USER TC_26_6_5_2_8.ttcn3:99 MSC_Port: Mapping to MSC
2026/Jun/26 14:40:43.008139 WARNING TC_26_6_5_2_8.ttcn3:99 Warning: The maximum number of open file descriptors (1048576) is greater than FD_SETSIZE (1024). Ensure that Test Ports using Install_Handler do not try to wait for events of file descriptors with values greater than FD_SETSIZE (1024). (Current caller of Install_Handler is "MSC")
2026/Jun/26 14:40:43.008172 USER TC_26_6_5_2_8.ttcn3:99 MSC_Port: Registered socket for async events
2026/Jun/26 14:40:43.008178 USER TC_26_6_5_2_8.ttcn3:99 MSC_Port: Connected to MSC stub at 10.42.0.117:5000
2026/Jun/26 14:40:43.008205 PORTEVENT TC_26_6_5_2_8.ttcn3:99 Port MSC was mapped to system:MSC.
2026/Jun/26 14:40:43.008239 PARALLEL TC_26_6_5_2_8.ttcn3:99 Map operation of mtc:MSC to system:MSC finished.
2026/Jun/26 14:40:43.008246 PARALLEL TC_26_6_5_2_8.ttcn3:100 Mapping port mtc:L to system:L.
2026/Jun/26 14:40:43.008276 USER TC_26_6_5_2_8.ttcn3:100 L3_Port: Mapping to L
2026/Jun/26 14:40:43.008326 USER TC_26_6_5_2_8.ttcn3:100 L3_Port: Joined UL multicast group 239.193.23.2 for RACH capture
2026/Jun/26 14:40:43.008337 USER TC_26_6_5_2_8.ttcn3:100 L3_Port: GSMTAP listening on port 4729
2026/Jun/26 14:40:43.008342 USER TC_26_6_5_2_8.ttcn3:100 L3_Port: Mapped successfully (GSMTAP: 127.0.0.1:4729)
2026/Jun/26 14:40:43.008351 PORTEVENT TC_26_6_5_2_8.ttcn3:100 Port L was mapped to system:L.
2026/Jun/26 14:40:43.008414 PARALLEL TC_26_6_5_2_8.ttcn3:100 Map operation of mtc:L to system:L finished.
2026/Jun/26 14:40:43.008420 PARALLEL TC_26_6_5_2_8.ttcn3:101 Mapping port mtc:VTY to system:VTY.
2026/Jun/26 14:40:43.008454 USER TC_26_6_5_2_8.ttcn3:101 VTY_PT: Mapping port to VTY interface
2026/Jun/26 14:40:43.008676 USER TC_26_6_5_2_8.ttcn3:101 VTY_PT: Connected to VTY at 10.43.72.192:4247
2026/Jun/26 14:40:43.508933 USER TC_26_6_5_2_8.ttcn3:101 VTY_PT: Initial banner received
2026/Jun/26 14:40:43.508983 PORTEVENT TC_26_6_5_2_8.ttcn3:101 Port VTY was mapped to system:VTY.
2026/Jun/26 14:40:43.509030 USER TC_26_6_5_2_8.ttcn3:101 MSC_Port: RX: {"type": "WELCOME", "status": "connected"}
2026/Jun/26 14:40:43.509082 PORTEVENT TC_26_6_5_2_8.ttcn3:101 Message enqueued on MSC from system charstring : "{\"type\": \"WELCOME\", \"status\": \"connected\"}" id 1
2026/Jun/26 14:40:43.509125 PARALLEL TC_26_6_5_2_8.ttcn3:101 Map operation of mtc:VTY to system:VTY finished.
2026/Jun/26 14:40:43.509148 TIMEROP TC_26_6_5_2_8.ttcn3:103 Start timer T_guard: 300 s
2026/Jun/26 14:40:43.509204 USER TC_26_6_5_2_8.ttcn3:105 ==========================================================
2026/Jun/26 14:40:43.509211 USER TC_26_6_5_2_8.ttcn3:106 *** TC_26_6_5_2_8: Non-synchronised Handover (Variant 4) ***
2026/Jun/26 14:40:43.509218 USER TC_26_6_5_2_8.ttcn3:107 "*** Reference: GSM 04.08 " & char(0, 0, 0, 167) & " 26.6.5.2.8 ***"
2026/Jun/26 14:40:43.509235 USER TC_26_6_5_2_8.ttcn3:108 *** Variant 4: Non-zero timeslot + SDCCH/8 assignment ***
2026/Jun/26 14:40:43.509239 USER TC_26_6_5_2_8.ttcn3:109 "*** INFRA_LIMIT-4: TSPX_TmSltNotZero NOT TESTABLE " & char(0, 0, 33, 146) & " using SDCCH/4 TS0 (PARTIAL) ***"
2026/Jun/26 14:40:43.509249 USER TC_26_6_5_2_8.ttcn3:110 "*** FH-SKIP: C_Test_fh=1 " & char(0, 0, 33, 146) & " using h=0 channels (ARFCN 51" & char(0, 0, 33, 146) & "56) ***"
2026/Jun/26 14:40:43.509258 USER TC_26_6_5_2_8.ttcn3:111 *** INFRA_LIMIT-2: L2 ack withhold + N(SD) retransmit check best-effort ***
2026/Jun/26 14:40:43.509262 USER TC_26_6_5_2_8.ttcn3:112 *** INFRA_LIMIT-3: +Check_Cells_Present neighbor cell check PARTIAL ***
2026/Jun/26 14:40:43.509266 USER TC_26_6_5_2_8.ttcn3:113 *** IMPLEMENTED: non-sync access bursts, PHYSICAL INFO, inter-cell HO ***
2026/Jun/26 14:40:43.509270 USER TC_26_6_5_2_8.ttcn3:114 ==========================================================
2026/Jun/26 14:40:43.509274 USER TC_26_6_5_2_8.ttcn3:119 *** FIX-059: Disabling auto-respond immediately after port mapping ***
2026/Jun/26 14:40:43.509300 PORTEVENT TC_26_6_5_2_8.ttcn3:120 Sent on BSC to system charstring : "{\"command\": \"SET_AUTO_RESPOND\", \"enabled\": false}"
2026/Jun/26 14:40:43.509318 WARNING TC_26_6_5_2_8.ttcn3:120 BSC_Port: Not connected
2026/Jun/26 14:40:43.509330 TIMEROP TC_26_6_5_2_8.ttcn3:122 Start timer T_auto_resp_ack: 5 s
2026/Jun/26 14:40:43.509367 PORTEVENT TC_26_6_5_2_8.ttcn3:135 Receive operation on port MSC succeeded, message from system(): charstring: "{\"type\": \"WELCOME\", \"status\": \"connected\"}" id 1
2026/Jun/26 14:40:43.509397 PORTEVENT TC_26_6_5_2_8.ttcn3:135 Message with id 1 was extracted from the queue of MSC.
2026/Jun/26 14:40:48.013356 USER TC_26_6_5_2_8.ttcn3:123 MSC_Port: RX: {"type": "HEARTBEAT"}
2026/Jun/26 14:40:48.013414 PORTEVENT TC_26_6_5_2_8.ttcn3:123 Message enqueued on MSC from system charstring : "{\"type\": \"HEARTBEAT\"}" id 2
2026/Jun/26 14:40:48.013442 PORTEVENT TC_26_6_5_2_8.ttcn3:135 Receive operation on port MSC succeeded, message from system(): charstring: "{\"type\": \"HEARTBEAT\"}" id 2
2026/Jun/26 14:40:48.013449 PORTEVENT TC_26_6_5_2_8.ttcn3:135 Message with id 2 was extracted from the queue of MSC.
2026/Jun/26 14:40:48.509378 TIMEROP TC_26_6_5_2_8.ttcn3:137 Timeout T_auto_resp_ack: 5 s
2026/Jun/26 14:40:48.509453 USER TC_26_6_5_2_8.ttcn3:138 WARNING: No ack for SET_AUTO_RESPOND, continuing anyway
2026/Jun/26 14:40:48.509478 USER TC_26_6_5_2_8.ttcn3:154 "*** Phase 1: LU preamble (BSC stub mode " & char(0, 0, 32, 20) & " direct RSL LU ACCEPT) ***"
2026/Jun/26 14:40:48.509496 USER TC_26_6_5_2_8.ttcn3:155 "*** FH-SKIP: +IdleUpdated with C_Test_fh " & char(0, 0, 33, 146) & " h=0 SI broadcast ***"
2026/Jun/26 14:40:48.509505 USER TC_26_6_5_2_8.ttcn3:160 *** FIX-059d: Clearing buffered events before mobile restart ***
2026/Jun/26 14:40:48.509517 PORTEVENT TC_26_6_5_2_8.ttcn3:161 Sent on BSC to system charstring : "{\"command\": \"CMD_CLEAR_EVENTS\"}"
2026/Jun/26 14:40:48.509528 WARNING TC_26_6_5_2_8.ttcn3:161 BSC_Port: Not connected
2026/Jun/26 14:40:48.509534 TIMEROP TC_26_6_5_2_8.ttcn3:163 Start timer T_clear_ack: 2 s
2026/Jun/26 14:40:50.055861 USER TC_26_6_5_2_8.ttcn3:164 VTY_PT: Received data (buffered): 68 bytes
2026/Jun/26 14:40:50.509557 TIMEROP TC_26_6_5_2_8.ttcn3:178 Timeout T_clear_ack: 2 s
2026/Jun/26 14:40:50.509614 USER TC_26_6_5_2_8.ttcn3:179 WARNING: No ack for CMD_CLEAR_EVENTS, continuing anyway
2026/Jun/26 14:40:50.509641 USER TC_26_6_5_2_8.ttcn3:185 *** FIX-065: Draining BSC port receive queue ***
2026/Jun/26 14:40:50.509648 TIMEROP TC_26_6_5_2_8.ttcn3:187 Start timer T_drain: 0.5 s
2026/Jun/26 14:40:51.009670 TIMEROP TC_26_6_5_2_8.ttcn3:197 Timeout T_drain: 0.5 s
2026/Jun/26 14:40:51.009728 USER TC_26_6_5_2_8.ttcn3:198 Port drain complete, drained 0 stale events
2026/Jun/26 14:40:51.009797 USER TC_26_6_5_2_8.ttcn3:205 *** FIX-063: Restarting mobile via container restart ***
2026/Jun/26 14:40:51.009865 USER TC_26_6_5_2_8.ttcn3:206 docker.sock not found — using VTY power-cycle (k8s mode)
2026/Jun/26 14:40:51.009879 USER TC_26_6_5_2_8.ttcn3:206 === k8s fallback: VTY power-cycle mobile at 10.43.72.192:4247 ===
2026/Jun/26 14:40:56.398008 USER TC_26_6_5_2_8.ttcn3:206 Waiting 10 seconds (power off)...
2026/Jun/26 14:41:11.757940 USER TC_26_6_5_2_8.ttcn3:206 VTY 'clear-loci' sent — LOCI erased
2026/Jun/26 14:41:19.438001 USER TC_26_6_5_2_8.ttcn3:206 === VTY power-cycle complete — MS will send LU shortly ===
2026/Jun/26 14:41:19.438126 USER TC_26_6_5_2_8.ttcn3:217 *** FIX-066: Final port drain after restart (remove events from shutdown phase) ***
2026/Jun/26 14:41:19.438137 TIMEROP TC_26_6_5_2_8.ttcn3:219 Start timer T_drain2: 0.5 s
2026/Jun/26 14:41:19.438176 USER TC_26_6_5_2_8.ttcn3:221 VTY_PT: Received data (buffered): 94 bytes
2026/Jun/26 14:41:19.438213 USER TC_26_6_5_2_8.ttcn3:221 MSC_Port: RX: {"type": "HEARTBEAT"}
2026/Jun/26 14:41:19.438224 PORTEVENT TC_26_6_5_2_8.ttcn3:221 Message enqueued on MSC from system charstring : "{\"type\": \"HEARTBEAT\"}" id 3
2026/Jun/26 14:41:19.438237 USER TC_26_6_5_2_8.ttcn3:221 MSC_Port: RX: {"type": "HEARTBEAT"}
2026/Jun/26 14:41:19.438242 PORTEVENT TC_26_6_5_2_8.ttcn3:221 Message enqueued on MSC from system charstring : "{\"type\": \"HEARTBEAT\"}" id 4
2026/Jun/26 14:41:19.438247 USER TC_26_6_5_2_8.ttcn3:221 MSC_Port: RX: {"type": "HEARTBEAT"}
2026/Jun/26 14:41:19.438253 PORTEVENT TC_26_6_5_2_8.ttcn3:221 Message enqueued on MSC from system charstring : "{\"type\": \"HEARTBEAT\"}" id 5
2026/Jun/26 14:41:19.438258 USER TC_26_6_5_2_8.ttcn3:221 MSC_Port: RX: {"type": "HEARTBEAT"}
2026/Jun/26 14:41:19.438263 PORTEVENT TC_26_6_5_2_8.ttcn3:221 Message enqueued on MSC from system charstring : "{\"type\": \"HEARTBEAT\"}" id 6
2026/Jun/26 14:41:19.438267 USER TC_26_6_5_2_8.ttcn3:221 MSC_Port: RX: {"type": "HEARTBEAT"}
2026/Jun/26 14:41:19.438273 PORTEVENT TC_26_6_5_2_8.ttcn3:221 Message enqueued on MSC from system charstring : "{\"type\": \"HEARTBEAT\"}" id 7
2026/Jun/26 14:41:19.438285 USER TC_26_6_5_2_8.ttcn3:221 MSC_Port: RX: {"type": "HEARTBEAT"}
2026/Jun/26 14:41:19.438290 PORTEVENT TC_26_6_5_2_8.ttcn3:221 Message enqueued on MSC from system charstring : "{\"type\": \"HEARTBEAT\"}" id 8
2026/Jun/26 14:41:19.438297 PORTEVENT TC_26_6_5_2_8.ttcn3:227 Receive operation on port MSC succeeded, message from system(): charstring: "{\"type\": \"HEARTBEAT\"}" id 3
2026/Jun/26 14:41:19.438303 PORTEVENT TC_26_6_5_2_8.ttcn3:227 Message with id 3 was extracted from the queue of MSC.
2026/Jun/26 14:41:19.438307 PORTEVENT TC_26_6_5_2_8.ttcn3:227 Receive operation on port MSC succeeded, message from system(): charstring: "{\"type\": \"HEARTBEAT\"}" id 4
2026/Jun/26 14:41:19.438310 PORTEVENT TC_26_6_5_2_8.ttcn3:227 Message with id 4 was extracted from the queue of MSC.
2026/Jun/26 14:41:19.438313 PORTEVENT TC_26_6_5_2_8.ttcn3:227 Receive operation on port MSC succeeded, message from system(): charstring: "{\"type\": \"HEARTBEAT\"}" id 5
2026/Jun/26 14:41:19.438316 PORTEVENT TC_26_6_5_2_8.ttcn3:227 Message with id 5 was extracted from the queue of MSC.
2026/Jun/26 14:41:19.438320 PORTEVENT TC_26_6_5_2_8.ttcn3:227 Receive operation on port MSC succeeded, message from system(): charstring: "{\"type\": \"HEARTBEAT\"}" id 6
2026/Jun/26 14:41:19.438323 PORTEVENT TC_26_6_5_2_8.ttcn3:227 Message with id 6 was extracted from the queue of MSC.
2026/Jun/26 14:41:19.438326 PORTEVENT TC_26_6_5_2_8.ttcn3:227 Receive operation on port MSC succeeded, message from system(): charstring: "{\"type\": \"HEARTBEAT\"}" id 7
2026/Jun/26 14:41:19.438329 PORTEVENT TC_26_6_5_2_8.ttcn3:227 Message with id 7 was extracted from the queue of MSC.
2026/Jun/26 14:41:19.438332 PORTEVENT TC_26_6_5_2_8.ttcn3:227 Receive operation on port MSC succeeded, message from system(): charstring: "{\"type\": \"HEARTBEAT\"}" id 8
2026/Jun/26 14:41:19.438335 PORTEVENT TC_26_6_5_2_8.ttcn3:227 Message with id 8 was extracted from the queue of MSC.
2026/Jun/26 14:41:19.938167 TIMEROP TC_26_6_5_2_8.ttcn3:229 Timeout T_drain2: 0.5 s
2026/Jun/26 14:41:19.938224 USER TC_26_6_5_2_8.ttcn3:230 Final drain complete, drained 0 shutdown-phase events
2026/Jun/26 14:41:19.938251 USER TC_26_6_5_2_8.ttcn3:237 *** FIX-063: Starting T_boot drain loop (catch retry CHAN_RQD from port buffer) ***
2026/Jun/26 14:41:19.938258 TIMEROP TC_26_6_5_2_8.ttcn3:239 Start timer T_boot: 20 s
2026/Jun/26 14:41:22.037242 USER TC_26_6_5_2_8.ttcn3:244 VTY_PT: Received data (buffered): 68 bytes
2026/Jun/26 14:41:23.048108 USER TC_26_6_5_2_8.ttcn3:244 MSC_Port: RX: {"type": "HEARTBEAT"}
2026/Jun/26 14:41:23.048187 PORTEVENT TC_26_6_5_2_8.ttcn3:244 Message enqueued on MSC from system charstring : "{\"type\": \"HEARTBEAT\"}" id 9
2026/Jun/26 14:41:23.048224 PORTEVENT TC_26_6_5_2_8.ttcn3:269 Receive operation on port MSC succeeded, message from system(): charstring: "{\"type\": \"HEARTBEAT\"}" id 9
2026/Jun/26 14:41:23.048240 PORTEVENT TC_26_6_5_2_8.ttcn3:269 Message with id 9 was extracted from the queue of MSC.
2026/Jun/26 14:41:28.053051 USER TC_26_6_5_2_8.ttcn3:244 MSC_Port: RX: {"type": "HEARTBEAT"}
2026/Jun/26 14:41:28.053135 PORTEVENT TC_26_6_5_2_8.ttcn3:244 Message enqueued on MSC from system charstring : "{\"type\": \"HEARTBEAT\"}" id 10
2026/Jun/26 14:41:28.053169 PORTEVENT TC_26_6_5_2_8.ttcn3:269 Receive operation on port MSC succeeded, message from system(): charstring: "{\"type\": \"HEARTBEAT\"}" id 10
2026/Jun/26 14:41:28.053183 PORTEVENT TC_26_6_5_2_8.ttcn3:269 Message with id 10 was extracted from the queue of MSC.
2026/Jun/26 14:41:33.057092 USER TC_26_6_5_2_8.ttcn3:244 MSC_Port: RX: {"type": "HEARTBEAT"}
2026/Jun/26 14:41:33.057158 PORTEVENT TC_26_6_5_2_8.ttcn3:244 Message enqueued on MSC from system charstring : "{\"type\": \"HEARTBEAT\"}" id 11
2026/Jun/26 14:41:33.057181 PORTEVENT TC_26_6_5_2_8.ttcn3:269 Receive operation on port MSC succeeded, message from system(): charstring: "{\"type\": \"HEARTBEAT\"}" id 11
2026/Jun/26 14:41:33.057189 PORTEVENT TC_26_6_5_2_8.ttcn3:269 Message with id 11 was extracted from the queue of MSC.
2026/Jun/26 14:41:37.527677 USER TC_26_6_5_2_8.ttcn3:244 MSC_Port: RX: {"type": "EVENT_LU_REQUEST", "bsc_slr": 2, "msc_slr": 2, "cksn": 7, "lu_type": 0, "old_mcc": "901", "old_mnc": "70", "old_lac": 0, "mi_type": "imsi"}
2026/Jun/26 14:41:37.527756 PORTEVENT TC_26_6_5_2_8.ttcn3:244 Message enqueued on MSC from system charstring : "{\"type\": \"EVENT_LU_REQUEST\", \"bsc_slr\": 2, \"msc_slr\": 2, \"cksn\": 7, \"lu_type\": 0, \"old_mcc\": \"901\", \"old_mnc\": \"70\", \"old_lac\": 0, \"mi_type\": \"imsi\"}" id 12
2026/Jun/26 14:41:37.527783 PORTEVENT TC_26_6_5_2_8.ttcn3:269 Receive operation on port MSC succeeded, message from system(): charstring: "{\"type\": \"EVENT_LU_REQUEST\", \"bsc_slr\": 2, \"msc_slr\": 2, \"cksn\": 7, \"lu_type\": 0, \"old_mcc\": \"901\", \"old_mnc\": \"70\", \"old_lac\": 0, \"mi_type\": \"imsi\"}" id 12
2026/Jun/26 14:41:37.527792 PORTEVENT TC_26_6_5_2_8.ttcn3:269 Message with id 12 was extracted from the queue of MSC.
2026/Jun/26 14:41:38.062092 USER TC_26_6_5_2_8.ttcn3:244 MSC_Port: RX: {"type": "HEARTBEAT"}
2026/Jun/26 14:41:38.062175 PORTEVENT TC_26_6_5_2_8.ttcn3:244 Message enqueued on MSC from system charstring : "{\"type\": \"HEARTBEAT\"}" id 13
2026/Jun/26 14:41:38.062214 PORTEVENT TC_26_6_5_2_8.ttcn3:269 Receive operation on port MSC succeeded, message from system(): charstring: "{\"type\": \"HEARTBEAT\"}" id 13
2026/Jun/26 14:41:38.062231 PORTEVENT TC_26_6_5_2_8.ttcn3:269 Message with id 13 was extracted from the queue of MSC.
2026/Jun/26 14:41:39.939858 TIMEROP TC_26_6_5_2_8.ttcn3:271 Timeout T_boot: 20 s
2026/Jun/26 14:41:39.940014 VERDICTOP TC_26_6_5_2_8.ttcn3:273 setverdict(fail): none -> fail reason: "No LU CHAN_RQD during boot window", new component reason: "No LU CHAN_RQD during boot window"
2026/Jun/26 14:41:39.940120 TIMEROP TC_26_6_5_2_8.ttcn3:274 Stop timer T_guard: 300 s
2026/Jun/26 14:41:39.940137 PARALLEL TC_26_6_5_2_8.ttcn3:275 Unmapping port mtc:BSC from system:BSC.
2026/Jun/26 14:41:39.940229 USER TC_26_6_5_2_8.ttcn3:275 BSC_Port: Unmapping
2026/Jun/26 14:41:39.940261 PORTEVENT TC_26_6_5_2_8.ttcn3:275 Port BSC was unmapped from system:BSC.
2026/Jun/26 14:41:39.940303 PARALLEL TC_26_6_5_2_8.ttcn3:275 Unmap operation of mtc:BSC from system:BSC finished.
2026/Jun/26 14:41:39.940314 PARALLEL TC_26_6_5_2_8.ttcn3:275 Unmapping port mtc:MSC from system:MSC.
2026/Jun/26 14:41:39.940332 USER TC_26_6_5_2_8.ttcn3:275 MSC_Port: Unmapping from MSC
2026/Jun/26 14:41:39.940410 PORTEVENT TC_26_6_5_2_8.ttcn3:275 Port MSC was unmapped from system:MSC.
2026/Jun/26 14:41:39.940432 PARALLEL TC_26_6_5_2_8.ttcn3:275 Unmap operation of mtc:MSC from system:MSC finished.
2026/Jun/26 14:41:39.940438 PARALLEL TC_26_6_5_2_8.ttcn3:276 Unmapping port mtc:L from system:L.
2026/Jun/26 14:41:39.940454 USER TC_26_6_5_2_8.ttcn3:276 L3_Port: Unmapping from L
2026/Jun/26 14:41:39.940480 PORTEVENT TC_26_6_5_2_8.ttcn3:276 Port L was unmapped from system:L.
2026/Jun/26 14:41:39.940501 PARALLEL TC_26_6_5_2_8.ttcn3:276 Unmap operation of mtc:L from system:L finished.
2026/Jun/26 14:41:39.940508 PARALLEL TC_26_6_5_2_8.ttcn3:276 Unmapping port mtc:VTY from system:VTY.
2026/Jun/26 14:41:39.940523 USER TC_26_6_5_2_8.ttcn3:276 VTY_PT: Unmapping port from VTY interface
2026/Jun/26 14:41:39.940602 USER TC_26_6_5_2_8.ttcn3:276 VTY_PT: Disconnected from VTY
2026/Jun/26 14:41:39.940788 PORTEVENT TC_26_6_5_2_8.ttcn3:276 Port VTY was unmapped from system:VTY.
2026/Jun/26 14:41:39.940815 PARALLEL TC_26_6_5_2_8.ttcn3:276 Unmap operation of mtc:VTY from system:VTY finished.
2026/Jun/26 14:41:39.940851 PARALLEL TC_26_6_5_2_8.ttcn3:277 Stopping test component execution.
2026/Jun/26 14:41:39.941068 FUNCTION TC_26_6_5_2_8.ttcn3:277 Test case TC_26_6_5_2_8 was stopped.
2026/Jun/26 14:41:39.941112 PARALLEL TC_26_6_5_2_8.ttcn3:277 Terminating component type GSM_Component_Definitions.GSM_CT.
2026/Jun/26 14:41:39.941135 USER TC_26_6_5_2_8.ttcn3:277 L3_Port: user_stop called
2026/Jun/26 14:41:39.941174 PORTEVENT TC_26_6_5_2_8.ttcn3:277 Port L was stopped.
2026/Jun/26 14:41:39.941193 PORTEVENT TC_26_6_5_2_8.ttcn3:277 Port RR was stopped.
2026/Jun/26 14:41:39.941208 PORTEVENT TC_26_6_5_2_8.ttcn3:277 Port MM was stopped.
2026/Jun/26 14:41:39.941216 PORTEVENT TC_26_6_5_2_8.ttcn3:277 Port CC was stopped.
2026/Jun/26 14:41:39.941219 USER TC_26_6_5_2_8.ttcn3:277 MSC_Port: user_stop called
2026/Jun/26 14:41:39.941245 PORTEVENT TC_26_6_5_2_8.ttcn3:277 Port MSC was stopped.
2026/Jun/26 14:41:39.941253 USER TC_26_6_5_2_8.ttcn3:277 BSC_Port: user_stop called
2026/Jun/26 14:41:39.941280 PORTEVENT TC_26_6_5_2_8.ttcn3:277 Port BSC was stopped.
2026/Jun/26 14:41:39.941284 PORTEVENT TC_26_6_5_2_8.ttcn3:277 Port RSL was stopped.
2026/Jun/26 14:41:39.941287 USER TC_26_6_5_2_8.ttcn3:277 VTY_PT: Stopping
2026/Jun/26 14:41:39.941298 PORTEVENT TC_26_6_5_2_8.ttcn3:277 Port VTY was stopped.
2026/Jun/26 14:41:39.941318 PORTEVENT TC_26_6_5_2_8.ttcn3:277 Port COORD was stopped.
2026/Jun/26 14:41:39.941322 PARALLEL TC_26_6_5_2_8.ttcn3:277 Component type GSM_Component_Definitions.GSM_CT was shut down inside testcase TC_26_6_5_2_8.
2026/Jun/26 14:41:39.941329 EXECUTOR TC_26_6_5_2_8.ttcn3:277 Waiting for PTCs to finish.
2026/Jun/26 14:41:39.941377 VERDICTOP TC_26_6_5_2_8.ttcn3:277 Setting final verdict of the test case.
2026/Jun/26 14:41:39.941443 VERDICTOP TC_26_6_5_2_8.ttcn3:277 Local verdict of MTC: fail reason: "No LU CHAN_RQD during boot window"
2026/Jun/26 14:41:39.941475 VERDICTOP TC_26_6_5_2_8.ttcn3:277 No PTCs were created.
2026/Jun/26 14:41:39.941508 TESTCASE TC_26_6_5_2_8.ttcn3:277 Test case TC_26_6_5_2_8 finished. Verdict: fail reason: No LU CHAN_RQD during boot window
2026/Jun/26 14:41:39.941670 STATISTICS - Verdict statistics: 0 none (0.00 %), 0 pass (0.00 %), 0 inconc (0.00 %), 1 fail (100.00 %), 0 error (0.00 %).
2026/Jun/26 14:41:39.941713 STATISTICS - Test execution summary: 1 test case was executed. Overall verdict: fail
2026/Jun/26 14:41:39.941717 EXECUTOR - Exit was requested from MC. Terminating MTC.
