2026/Jun/17 09:02:46.552356 EXECUTOR - TTCN-3 Host Controller started on ttcn3-tc-26-6-2-3-1-1-jpq8k. Version: 11.1.0.
2026/Jun/17 09:02:46.552546 EXECUTOR - TTCN Logger v2.2 options: TimeStampFormat:=DateTime; LogEntityName:=No; LogEventTypes:=Yes; SourceInfoFormat:=Single; LogSensitiveData:=No; *.FileMask:=LOG_ALL | MATCHING | DEBUG; *.ConsoleMask:=LOG_ALL; LogFileSize:=0; LogFileNumber:=1; DiskFullAction:=Error
2026/Jun/17 09:02:46.552559 EXECUTOR - Maximum number of open file descriptors: 1048576,   FD_SETSIZE = 1024
2026/Jun/17 09:02:46.552713 WARNING - Warning: The address of MC was set to a local IP address. This may cause incorrect behavior if a HC from a remote host also connects to MC.
2026/Jun/17 09:02:46.552752 EXECUTOR - The address of MC was set to 127.0.0.1:0.
2026/Jun/17 09:02:46.552893 EXECUTOR - Connected to MC.
2026/Jun/17 09:02:46.553012 EXECUTOR - This host supports UNIX domain sockets for local communication.
2026/Jun/17 09:02:46.601831 EXECUTOR - Processing configuration data received from MC.
2026/Jun/17 09:02:46.602120 WARNING - Warning: Skeleton `/results/TC_26_6_2_3_1-2026-06-17-090242/%n.log' does not guarantee unique log file name for every test system process. It may cause unpredictable results if several test components try to write into the same log file.
2026/Jun/17 09:02:46.653143 EXECUTOR - Module GSM_Constants has the following parameters: { TSPC_Serv_TS11 := true, TSPC_Serv_TS61 := false, TSPC_Serv_TS62 := false, TSPC_Serv_BS21 := false, TSPC_Serv_BS22 := false, TSPC_Serv_BS24 := false, TSPC_Serv_BS25 := false, TSPC_Serv_BS26 := false, TSPC_Serv_BS31 := false, TSPC_Serv_BS32 := false, TSPC_Serv_BS33 := false, TSPC_Serv_BS34 := false, TSPC_Serv_BS41 := false, TSPC_Serv_BS42 := false, TSPC_Serv_BS43 := false, TSPC_Serv_BS44 := false, TSPC_Serv_BS45 := false, TSPC_Serv_BS51 := false, TSPC_Serv_BS61 := false, TSPC_Serv_BS81 := false, TSPC_DualRate := false, TSPC_MTsvc := true, TSPX_IMSI := '901700000000001F'O, TSPX_TMSI := '1914D97F'O, TSPX_CKSNDef := 0, TSPX_RANDDef := '00112233445566778899AABBCCDDEEFF'O, TSPX_SRES := '12345678'O, TSPX_Kc := '0000000000000000'O, TSPX_SDCCH4SubDef := 0, TSPX_TmSltDef := 0, TSPX_TscDef := 7, TSPX_TCHHSubDef := 0, TCV_CC := true, TSPX_Telephony_Rate := C_Full (0), TSPX_MOBscSvcA := C_Telephony (0), TSPX_MOBscSvcB := C_Telephony (0), TSPX_MOBscSvcC := C_Telephony (0), TSPX_MOBscSvcD := C_Telephony (0), TSPX_MOBscSvcE := C_Telephony (0), TSPX_MOBscSvcF := C_Telephony (0), TSPX_MOBscSvcG := C_Telephony (0), TSPX_MOChRateA := C_Full (0), TSPX_MOChRateB := C_Full (0), TSPX_MOChRateC := C_Full (0), TSPX_MOChRateD := C_Full (0), TSPX_MOChRateE := C_Full (0), TSPX_MOChRateF := C_Full (0), TSPX_MOChRateG := C_Full (0), TSPX_MTBscSvcA := C_Telephony (0), TSPX_MTBscSvcB := C_Telephony (0), TSPX_MTBscSvcC := C_Telephony (0), TSPX_MTBscSvcD := C_Telephony (0), TSPX_MTBscSvcE := C_Telephony (0), TSPX_MTBscSvcF := C_Telephony (0), TSPX_MTBscSvcG := C_Telephony (0), TSPX_MTBscSvcH := C_Telephony (0), TSPX_MTBscSvcI := C_Telephony (0), TSPX_MTBscSvcJ := C_Telephony (0), TSPX_MTChRateA := C_Full (0), TSPX_MTChRateB := C_Full (0), TSPX_MTChRateC := C_Full (0), TSPX_MTChRateD := C_Full (0), TSPX_MTChRateE := C_Full (0), TSPX_MTChRateF := C_Full (0), TSPX_MTChRateG := C_Full (0), TSPX_MTChRateH := C_Full (0), TSPX_MTChRateI := C_Full (0), TSPX_MTChRateJ := C_Full (0), C_arfcnA := 100 }
2026/Jun/17 09:02:46.653266 EXECUTOR - Module TC_26_6_1_2 has the following parameters: { TSPX_nPara := 3, TSPX_i1Para := 3, TSPX_kPara := 5, TSPX_i2Para := 1, TSPX_rPara := 4, TSPX_i3Para := 4 }
2026/Jun/17 09:02:46.653309 EXECUTOR - Initializing module GSM_Component_Definitions.
2026/Jun/17 09:02:46.653322 EXECUTOR GSM_Component_Definitions.ttcn3:0 Initializing module GSM_Templates.
2026/Jun/17 09:02:46.653358 EXECUTOR GSM_Templates.ttcn3:0 Initializing module GSM_Constants.
2026/Jun/17 09:02:46.653365 EXECUTOR GSM_Constants.ttcn3:0 Initializing module GSM_Types.
2026/Jun/17 09:02:46.653369 EXECUTOR GSM_Constants.ttcn3:0 Initialization of module GSM_Types finished.
2026/Jun/17 09:02:46.653374 EXECUTOR GSM_Templates.ttcn3:0 Initialization of module GSM_Constants finished.
2026/Jun/17 09:02:46.653484 EXECUTOR GSM_Component_Definitions.ttcn3:0 Initialization of module GSM_Templates finished.
2026/Jun/17 09:02:46.653490 EXECUTOR - Initialization of module GSM_Component_Definitions finished.
2026/Jun/17 09:02:46.653494 EXECUTOR - Initializing module GSM_Functions.
2026/Jun/17 09:02:46.653522 EXECUTOR - Initialization of module GSM_Functions finished.
2026/Jun/17 09:02:46.653527 EXECUTOR - Initializing module PreGenRecordOf.
2026/Jun/17 09:02:46.653531 EXECUTOR - Initialization of module PreGenRecordOf finished.
2026/Jun/17 09:02:46.653534 EXECUTOR - Initializing module TC_26_2_1_3.
2026/Jun/17 09:02:46.653541 EXECUTOR - Initialization of module TC_26_2_1_3 finished.
2026/Jun/17 09:02:46.653545 EXECUTOR - Initializing module TC_26_2_2.
2026/Jun/17 09:02:46.653552 EXECUTOR - Initialization of module TC_26_2_2 finished.
2026/Jun/17 09:02:46.653556 EXECUTOR - Initializing module TC_26_2_3.
2026/Jun/17 09:02:46.653562 EXECUTOR - Initialization of module TC_26_2_3 finished.
2026/Jun/17 09:02:46.653566 EXECUTOR - Initializing module TC_26_6_11_1.
2026/Jun/17 09:02:46.653573 EXECUTOR - Initialization of module TC_26_6_11_1 finished.
2026/Jun/17 09:02:46.653577 EXECUTOR - Initializing module TC_26_6_11_2.
2026/Jun/17 09:02:46.653584 EXECUTOR - Initialization of module TC_26_6_11_2 finished.
2026/Jun/17 09:02:46.653588 EXECUTOR - Initializing module TC_26_6_12_1.
2026/Jun/17 09:02:46.653595 EXECUTOR - Initialization of module TC_26_6_12_1 finished.
2026/Jun/17 09:02:46.653599 EXECUTOR - Initializing module TC_26_6_12_2.
2026/Jun/17 09:02:46.653605 EXECUTOR - Initialization of module TC_26_6_12_2 finished.
2026/Jun/17 09:02:46.653609 EXECUTOR - Initializing module TC_26_6_12_3.
2026/Jun/17 09:02:46.653616 EXECUTOR - Initialization of module TC_26_6_12_3 finished.
2026/Jun/17 09:02:46.653620 EXECUTOR - Initializing module TC_26_6_12_4.
2026/Jun/17 09:02:46.653627 EXECUTOR - Initialization of module TC_26_6_12_4 finished.
2026/Jun/17 09:02:46.653631 EXECUTOR - Initializing module TC_26_6_13_10.
2026/Jun/17 09:02:46.653637 EXECUTOR - Initialization of module TC_26_6_13_10 finished.
2026/Jun/17 09:02:46.653641 EXECUTOR - Initializing module TC_26_6_13_9.
2026/Jun/17 09:02:46.653647 EXECUTOR - Initialization of module TC_26_6_13_9 finished.
2026/Jun/17 09:02:46.653651 EXECUTOR - Initializing module TC_26_6_1_1.
2026/Jun/17 09:02:46.653658 EXECUTOR - Initialization of module TC_26_6_1_1 finished.
2026/Jun/17 09:02:46.653661 EXECUTOR - Initializing module TC_26_6_1_2.
2026/Jun/17 09:02:46.653668 EXECUTOR - Initialization of module TC_26_6_1_2 finished.
2026/Jun/17 09:02:46.653672 EXECUTOR - Initializing module TC_26_6_1_3.
2026/Jun/17 09:02:46.653679 EXECUTOR - Initialization of module TC_26_6_1_3 finished.
2026/Jun/17 09:02:46.653683 EXECUTOR - Initializing module TC_26_6_1_4.
2026/Jun/17 09:02:46.653689 EXECUTOR - Initialization of module TC_26_6_1_4 finished.
2026/Jun/17 09:02:46.653693 EXECUTOR - Initializing module TC_26_6_1_5.
2026/Jun/17 09:02:46.653700 EXECUTOR - Initialization of module TC_26_6_1_5 finished.
2026/Jun/17 09:02:46.653703 EXECUTOR - Initializing module TC_26_6_2_1_1.
2026/Jun/17 09:02:46.653711 EXECUTOR - Initialization of module TC_26_6_2_1_1 finished.
2026/Jun/17 09:02:46.653714 EXECUTOR - Initializing module TC_26_6_2_1_2.
2026/Jun/17 09:02:46.653721 EXECUTOR - Initialization of module TC_26_6_2_1_2 finished.
2026/Jun/17 09:02:46.653725 EXECUTOR - Initializing module TC_26_6_2_1_3.
2026/Jun/17 09:02:46.653732 EXECUTOR - Initialization of module TC_26_6_2_1_3 finished.
2026/Jun/17 09:02:46.653736 EXECUTOR - Initializing module TC_26_6_2_2.
2026/Jun/17 09:02:46.653743 EXECUTOR - Initialization of module TC_26_6_2_2 finished.
2026/Jun/17 09:02:46.653747 EXECUTOR - Initializing module TC_26_6_2_3_1.
2026/Jun/17 09:02:46.653754 EXECUTOR - Initialization of module TC_26_6_2_3_1 finished.
2026/Jun/17 09:02:46.653758 EXECUTOR - Initializing module TC_26_6_2_3_2.
2026/Jun/17 09:02:46.653765 EXECUTOR - Initialization of module TC_26_6_2_3_2 finished.
2026/Jun/17 09:02:46.653774 EXECUTOR - Initializing module TC_26_6_2_4.
2026/Jun/17 09:02:46.653781 EXECUTOR - Initialization of module TC_26_6_2_4 finished.
2026/Jun/17 09:02:46.653784 EXECUTOR - Initializing module TC_26_6_3_1.
2026/Jun/17 09:02:46.653793 EXECUTOR - Initialization of module TC_26_6_3_1 finished.
2026/Jun/17 09:02:46.653797 EXECUTOR - Initializing module TC_26_6_3_4.
2026/Jun/17 09:02:46.653804 EXECUTOR - Initialization of module TC_26_6_3_4 finished.
2026/Jun/17 09:02:46.653808 EXECUTOR - Initializing module TC_26_6_4_1.
2026/Jun/17 09:02:46.653815 EXECUTOR - Initialization of module TC_26_6_4_1 finished.
2026/Jun/17 09:02:46.653820 EXECUTOR - Initializing module TC_26_6_4_2_2.
2026/Jun/17 09:02:46.653848 EXECUTOR - Initialization of module TC_26_6_4_2_2 finished.
2026/Jun/17 09:02:46.653851 EXECUTOR - Initializing module TC_26_6_5_1.
2026/Jun/17 09:02:46.653857 EXECUTOR - Initialization of module TC_26_6_5_1 finished.
2026/Jun/17 09:02:46.653861 EXECUTOR - Initializing module TC_26_6_5_2_1.
2026/Jun/17 09:02:46.653868 EXECUTOR - Initialization of module TC_26_6_5_2_1 finished.
2026/Jun/17 09:02:46.653871 EXECUTOR - Initializing module TC_26_6_8_1.
2026/Jun/17 09:02:46.653878 EXECUTOR - Initialization of module TC_26_6_8_1 finished.
2026/Jun/17 09:02:46.653882 EXECUTOR - Initializing module TC_26_6_8_2.
2026/Jun/17 09:02:46.653888 EXECUTOR - Initialization of module TC_26_6_8_2 finished.
2026/Jun/17 09:02:46.653892 EXECUTOR - Initializing module TC_26_6_8_3.
2026/Jun/17 09:02:46.653899 EXECUTOR - Initialization of module TC_26_6_8_3 finished.
2026/Jun/17 09:02:46.653902 EXECUTOR - Initializing module TC_26_6_8_4.
2026/Jun/17 09:02:46.653909 EXECUTOR - Initialization of module TC_26_6_8_4 finished.
2026/Jun/17 09:02:46.653913 EXECUTOR - Initializing module TC_26_6_8_5.
2026/Jun/17 09:02:46.653919 EXECUTOR - Initialization of module TC_26_6_8_5 finished.
2026/Jun/17 09:02:46.653922 EXECUTOR - Initializing module TC_26_7_1.
2026/Jun/17 09:02:46.653929 EXECUTOR - Initialization of module TC_26_7_1 finished.
2026/Jun/17 09:02:46.653933 EXECUTOR - Initializing module TC_26_7_2_1.
2026/Jun/17 09:02:46.653940 EXECUTOR - Initialization of module TC_26_7_2_1 finished.
2026/Jun/17 09:02:46.653943 EXECUTOR - Initializing module TC_26_7_2_2.
2026/Jun/17 09:02:46.653950 EXECUTOR - Initialization of module TC_26_7_2_2 finished.
2026/Jun/17 09:02:46.653954 EXECUTOR - Initializing module TC_26_7_3_1.
2026/Jun/17 09:02:46.653961 EXECUTOR - Initialization of module TC_26_7_3_1 finished.
2026/Jun/17 09:02:46.653965 EXECUTOR - Initializing module TC_26_7_3_2.
2026/Jun/17 09:02:46.653971 EXECUTOR - Initialization of module TC_26_7_3_2 finished.
2026/Jun/17 09:02:46.653975 EXECUTOR - Initializing module TC_26_7_4_1.
2026/Jun/17 09:02:46.653982 EXECUTOR - Initialization of module TC_26_7_4_1 finished.
2026/Jun/17 09:02:46.653986 EXECUTOR - Initializing module TC_26_7_4_2_1.
2026/Jun/17 09:02:46.653992 EXECUTOR - Initialization of module TC_26_7_4_2_1 finished.
2026/Jun/17 09:02:46.653996 EXECUTOR - Initializing module TC_26_7_4_2_2_1.
2026/Jun/17 09:02:46.654003 EXECUTOR - Initialization of module TC_26_7_4_2_2_1 finished.
2026/Jun/17 09:02:46.654007 EXECUTOR - Initializing module TC_26_7_4_2_2_2.
2026/Jun/17 09:02:46.654013 EXECUTOR - Initialization of module TC_26_7_4_2_2_2 finished.
2026/Jun/17 09:02:46.654017 EXECUTOR - Initializing module TC_26_7_4_2_3.
2026/Jun/17 09:02:46.654024 EXECUTOR - Initialization of module TC_26_7_4_2_3 finished.
2026/Jun/17 09:02:46.654028 EXECUTOR - Initializing module TC_26_7_4_2_4_1.
2026/Jun/17 09:02:46.654034 EXECUTOR - Initialization of module TC_26_7_4_2_4_1 finished.
2026/Jun/17 09:02:46.654038 EXECUTOR - Initializing module TC_26_7_4_2_4_2.
2026/Jun/17 09:02:46.654044 EXECUTOR - Initialization of module TC_26_7_4_2_4_2 finished.
2026/Jun/17 09:02:46.654048 EXECUTOR - Initializing module TC_26_7_4_2_4_3.
2026/Jun/17 09:02:46.654054 EXECUTOR - Initialization of module TC_26_7_4_2_4_3 finished.
2026/Jun/17 09:02:46.654058 EXECUTOR - Initializing module TC_26_7_4_2_4_4.
2026/Jun/17 09:02:46.654081 EXECUTOR - Initialization of module TC_26_7_4_2_4_4 finished.
2026/Jun/17 09:02:46.654084 EXECUTOR - Initializing module TC_26_7_4_2_4_5.
2026/Jun/17 09:02:46.654091 EXECUTOR - Initialization of module TC_26_7_4_2_4_5 finished.
2026/Jun/17 09:02:46.654095 EXECUTOR - Initializing module TC_26_7_4_3_1.
2026/Jun/17 09:02:46.654101 EXECUTOR - Initialization of module TC_26_7_4_3_1 finished.
2026/Jun/17 09:02:46.654106 EXECUTOR - Initializing module TC_26_7_4_3_2.
2026/Jun/17 09:02:46.654113 EXECUTOR - Initialization of module TC_26_7_4_3_2 finished.
2026/Jun/17 09:02:46.654117 EXECUTOR - Initializing module TC_26_7_4_3_3.
2026/Jun/17 09:02:46.654124 EXECUTOR - Initialization of module TC_26_7_4_3_3 finished.
2026/Jun/17 09:02:46.654127 EXECUTOR - Initializing module TC_26_7_4_3_4.
2026/Jun/17 09:02:46.654135 EXECUTOR - Initialization of module TC_26_7_4_3_4 finished.
2026/Jun/17 09:02:46.654139 EXECUTOR - Initializing module TC_26_7_4_4.
2026/Jun/17 09:02:46.654145 EXECUTOR - Initialization of module TC_26_7_4_4 finished.
2026/Jun/17 09:02:46.654149 EXECUTOR - Initializing module TC_26_7_4_5_1.
2026/Jun/17 09:02:46.654156 EXECUTOR - Initialization of module TC_26_7_4_5_1 finished.
2026/Jun/17 09:02:46.654159 EXECUTOR - Initializing module TC_26_7_4_5_2.
2026/Jun/17 09:02:46.654166 EXECUTOR - Initialization of module TC_26_7_4_5_2 finished.
2026/Jun/17 09:02:46.654170 EXECUTOR - Initializing module TC_26_7_4_5_3.
2026/Jun/17 09:02:46.654176 EXECUTOR - Initialization of module TC_26_7_4_5_3 finished.
2026/Jun/17 09:02:46.654180 EXECUTOR - Initializing module TC_26_7_4_5_4_2.
2026/Jun/17 09:02:46.654186 EXECUTOR - Initialization of module TC_26_7_4_5_4_2 finished.
2026/Jun/17 09:02:46.654190 EXECUTOR - Initializing module TC_26_7_5_2.
2026/Jun/17 09:02:46.654196 EXECUTOR - Initialization of module TC_26_7_5_2 finished.
2026/Jun/17 09:02:46.654200 EXECUTOR - Initializing module TC_26_7_5_3.
2026/Jun/17 09:02:46.654207 EXECUTOR - Initialization of module TC_26_7_5_3 finished.
2026/Jun/17 09:02:46.654210 EXECUTOR - Initializing module TC_26_7_5_4.
2026/Jun/17 09:02:46.654217 EXECUTOR - Initialization of module TC_26_7_5_4 finished.
2026/Jun/17 09:02:46.654223 EXECUTOR - Initializing module TC_26_7_5_5.
2026/Jun/17 09:02:46.654230 EXECUTOR - Initialization of module TC_26_7_5_5 finished.
2026/Jun/17 09:02:46.654234 EXECUTOR - Initializing module TC_26_7_5_6.
2026/Jun/17 09:02:46.654241 EXECUTOR - Initialization of module TC_26_7_5_6 finished.
2026/Jun/17 09:02:46.654245 EXECUTOR - Initializing module TC_26_7_5_7_1.
2026/Jun/17 09:02:46.654252 EXECUTOR - Initialization of module TC_26_7_5_7_1 finished.
2026/Jun/17 09:02:46.654256 EXECUTOR - Initializing module TC_26_7_5_8_1.
2026/Jun/17 09:02:46.654262 EXECUTOR - Initialization of module TC_26_7_5_8_1 finished.
2026/Jun/17 09:02:46.654266 EXECUTOR - Initializing module TC_26_7_5_8_2.
2026/Jun/17 09:02:46.654273 EXECUTOR - Initialization of module TC_26_7_5_8_2 finished.
2026/Jun/17 09:02:46.654277 EXECUTOR - Initializing module TC_26_7_5_8_3.
2026/Jun/17 09:02:46.654284 EXECUTOR - Initialization of module TC_26_7_5_8_3 finished.
2026/Jun/17 09:02:46.654288 EXECUTOR - Initializing module TC_26_8_1_2_1_1.
2026/Jun/17 09:02:46.654295 EXECUTOR - Initialization of module TC_26_8_1_2_1_1 finished.
2026/Jun/17 09:02:46.654299 EXECUTOR - Initializing module TC_26_8_1_2_2_1.
2026/Jun/17 09:02:46.654306 EXECUTOR - Initialization of module TC_26_8_1_2_2_1 finished.
2026/Jun/17 09:02:46.654309 EXECUTOR - Initializing module TC_26_8_1_2_2_2.
2026/Jun/17 09:02:46.654316 EXECUTOR - Initialization of module TC_26_8_1_2_2_2 finished.
2026/Jun/17 09:02:46.654320 EXECUTOR - Initializing module TC_26_8_1_2_2_3.
2026/Jun/17 09:02:46.654327 EXECUTOR - Initialization of module TC_26_8_1_2_2_3 finished.
2026/Jun/17 09:02:46.654331 EXECUTOR - Initializing module TC_26_8_1_2_3_1.
2026/Jun/17 09:02:46.654340 EXECUTOR - Initialization of module TC_26_8_1_2_3_1 finished.
2026/Jun/17 09:02:46.654344 EXECUTOR - Initializing module TC_26_8_1_2_3_2.
2026/Jun/17 09:02:46.654351 EXECUTOR - Initialization of module TC_26_8_1_2_3_2 finished.
2026/Jun/17 09:02:46.654358 EXECUTOR - Initializing module TC_26_8_1_2_3_3.
2026/Jun/17 09:02:46.654365 EXECUTOR - Initialization of module TC_26_8_1_2_3_3 finished.
2026/Jun/17 09:02:46.654369 EXECUTOR - Initializing module TC_26_8_1_2_3_4.
2026/Jun/17 09:02:46.654376 EXECUTOR - Initialization of module TC_26_8_1_2_3_4 finished.
2026/Jun/17 09:02:46.654379 EXECUTOR - Initializing module TC_26_8_1_2_3_5.
2026/Jun/17 09:02:46.654385 EXECUTOR - Initialization of module TC_26_8_1_2_3_5 finished.
2026/Jun/17 09:02:46.654389 EXECUTOR - Initializing module TC_26_8_1_2_3_6.
2026/Jun/17 09:02:46.654396 EXECUTOR - Initialization of module TC_26_8_1_2_3_6 finished.
2026/Jun/17 09:02:46.654399 EXECUTOR - Initializing module TC_26_8_1_2_3_7.
2026/Jun/17 09:02:46.654407 EXECUTOR - Initialization of module TC_26_8_1_2_3_7 finished.
2026/Jun/17 09:02:46.654410 EXECUTOR - Initializing module TC_26_8_1_2_4_1.
2026/Jun/17 09:02:46.654417 EXECUTOR - Initialization of module TC_26_8_1_2_4_1 finished.
2026/Jun/17 09:02:46.654420 EXECUTOR - Initializing module TC_26_8_1_2_4_13.
2026/Jun/17 09:02:46.654428 EXECUTOR - Initialization of module TC_26_8_1_2_4_13 finished.
2026/Jun/17 09:02:46.654432 EXECUTOR - Initializing module TC_26_8_1_2_4_2.
2026/Jun/17 09:02:46.654439 EXECUTOR - Initialization of module TC_26_8_1_2_4_2 finished.
2026/Jun/17 09:02:46.654442 EXECUTOR - Initializing module TC_26_8_1_2_4_3.
2026/Jun/17 09:02:46.654449 EXECUTOR - Initialization of module TC_26_8_1_2_4_3 finished.
2026/Jun/17 09:02:46.654453 EXECUTOR - Initializing module TC_26_8_1_2_4_4.
2026/Jun/17 09:02:46.654460 EXECUTOR - Initialization of module TC_26_8_1_2_4_4 finished.
2026/Jun/17 09:02:46.654463 EXECUTOR - Initializing module TC_26_8_1_2_4_5.
2026/Jun/17 09:02:46.654471 EXECUTOR - Initialization of module TC_26_8_1_2_4_5 finished.
2026/Jun/17 09:02:46.654475 EXECUTOR - Initializing module TC_26_8_1_2_6_1.
2026/Jun/17 09:02:46.654481 EXECUTOR - Initialization of module TC_26_8_1_2_6_1 finished.
2026/Jun/17 09:02:46.654485 EXECUTOR - Initializing module TC_26_8_1_2_6_2.
2026/Jun/17 09:02:46.654491 EXECUTOR - Initialization of module TC_26_8_1_2_6_2 finished.
2026/Jun/17 09:02:46.654495 EXECUTOR - Initializing module TC_26_8_1_2_6_3.
2026/Jun/17 09:02:46.654502 EXECUTOR - Initialization of module TC_26_8_1_2_6_3 finished.
2026/Jun/17 09:02:46.654506 EXECUTOR - Initializing module TC_26_8_1_2_6_6.
2026/Jun/17 09:02:46.654513 EXECUTOR - Initialization of module TC_26_8_1_2_6_6 finished.
2026/Jun/17 09:02:46.654517 EXECUTOR - Initializing module TC_26_8_1_3_1_1.
2026/Jun/17 09:02:46.654524 EXECUTOR - Initialization of module TC_26_8_1_3_1_1 finished.
2026/Jun/17 09:02:46.654528 EXECUTOR - Initializing module TC_26_8_1_3_2_1.
2026/Jun/17 09:02:46.654534 EXECUTOR - Initialization of module TC_26_8_1_3_2_1 finished.
2026/Jun/17 09:02:46.654538 EXECUTOR - Initializing module TC_26_8_1_3_3_1.
2026/Jun/17 09:02:46.654544 EXECUTOR - Initialization of module TC_26_8_1_3_3_1 finished.
2026/Jun/17 09:02:46.654548 EXECUTOR - Initializing module TC_26_8_1_3_3_2.
2026/Jun/17 09:02:46.654556 EXECUTOR - Initialization of module TC_26_8_1_3_3_2 finished.
2026/Jun/17 09:02:46.654559 EXECUTOR - Initializing module TC_26_8_1_3_3_3.
2026/Jun/17 09:02:46.654566 EXECUTOR - Initialization of module TC_26_8_1_3_3_3 finished.
2026/Jun/17 09:02:46.654570 EXECUTOR - Initializing module TC_26_8_1_3_3_4.
2026/Jun/17 09:02:46.654577 EXECUTOR - Initialization of module TC_26_8_1_3_3_4 finished.
2026/Jun/17 09:02:46.654586 EXECUTOR - Initializing module TC_26_8_1_3_3_5.
2026/Jun/17 09:02:46.654592 EXECUTOR - Initialization of module TC_26_8_1_3_3_5 finished.
2026/Jun/17 09:02:46.654595 EXECUTOR - Initializing module TC_26_8_1_3_3_6.
2026/Jun/17 09:02:46.654602 EXECUTOR - Initialization of module TC_26_8_1_3_3_6 finished.
2026/Jun/17 09:02:46.654606 EXECUTOR - Initializing module TC_26_8_1_3_3_7.
2026/Jun/17 09:02:46.654612 EXECUTOR - Initialization of module TC_26_8_1_3_3_7 finished.
2026/Jun/17 09:02:46.654616 EXECUTOR - Initializing module TC_26_8_1_3_4_1.
2026/Jun/17 09:02:46.654625 EXECUTOR - Initialization of module TC_26_8_1_3_4_1 finished.
2026/Jun/17 09:02:46.654629 EXECUTOR - Initializing module TC_26_8_1_3_4_2.
2026/Jun/17 09:02:46.654636 EXECUTOR - Initialization of module TC_26_8_1_3_4_2 finished.
2026/Jun/17 09:02:46.654639 EXECUTOR - Initializing module TC_26_8_1_3_4_3.
2026/Jun/17 09:02:46.654646 EXECUTOR - Initialization of module TC_26_8_1_3_4_3 finished.
2026/Jun/17 09:02:46.654649 EXECUTOR - Initializing module TC_26_8_1_3_4_4.
2026/Jun/17 09:02:46.654656 EXECUTOR - Initialization of module TC_26_8_1_3_4_4 finished.
2026/Jun/17 09:02:46.654659 EXECUTOR - Initializing module TC_26_8_1_3_4_5.
2026/Jun/17 09:02:46.654666 EXECUTOR - Initialization of module TC_26_8_1_3_4_5 finished.
2026/Jun/17 09:02:46.654669 EXECUTOR - Initializing module TC_26_8_1_3_4_6.
2026/Jun/17 09:02:46.654676 EXECUTOR - Initialization of module TC_26_8_1_3_4_6 finished.
2026/Jun/17 09:02:46.654679 EXECUTOR - Initializing module TC_26_8_1_3_4_7.
2026/Jun/17 09:02:46.654685 EXECUTOR - Initialization of module TC_26_8_1_3_4_7 finished.
2026/Jun/17 09:02:46.654689 EXECUTOR - Initializing module TC_26_8_1_3_4_8.
2026/Jun/17 09:02:46.654696 EXECUTOR - Initialization of module TC_26_8_1_3_4_8 finished.
2026/Jun/17 09:02:46.654699 EXECUTOR - Initializing module TC_26_8_1_3_5_1.
2026/Jun/17 09:02:46.654705 EXECUTOR - Initialization of module TC_26_8_1_3_5_1 finished.
2026/Jun/17 09:02:46.654709 EXECUTOR - Initializing module TC_26_8_1_3_5_2.
2026/Jun/17 09:02:46.654716 EXECUTOR - Initialization of module TC_26_8_1_3_5_2 finished.
2026/Jun/17 09:02:46.654720 EXECUTOR - Initializing module TC_26_8_1_3_5_3.
2026/Jun/17 09:02:46.654726 EXECUTOR - Initialization of module TC_26_8_1_3_5_3 finished.
2026/Jun/17 09:02:46.654730 EXECUTOR - Initializing module TC_26_8_1_3_5_4.
2026/Jun/17 09:02:46.654737 EXECUTOR - Initialization of module TC_26_8_1_3_5_4 finished.
2026/Jun/17 09:02:46.654740 EXECUTOR - Initializing module TC_26_8_1_3_5_5.
2026/Jun/17 09:02:46.654746 EXECUTOR - Initialization of module TC_26_8_1_3_5_5 finished.
2026/Jun/17 09:02:46.654753 EXECUTOR - Initializing module TC_26_8_1_3_5_6.
2026/Jun/17 09:02:46.654760 EXECUTOR - Initialization of module TC_26_8_1_3_5_6 finished.
2026/Jun/17 09:02:46.654764 EXECUTOR - Initializing module TC_26_8_1_3_5_7.
2026/Jun/17 09:02:46.654770 EXECUTOR - Initialization of module TC_26_8_1_3_5_7 finished.
2026/Jun/17 09:02:46.654773 EXECUTOR - Initializing module TC_26_8_1_3_5_8.
2026/Jun/17 09:02:46.654780 EXECUTOR - Initialization of module TC_26_8_1_3_5_8 finished.
2026/Jun/17 09:02:46.654784 EXECUTOR - Initializing module TC_26_8_1_3_5_9.
2026/Jun/17 09:02:46.654790 EXECUTOR - Initialization of module TC_26_8_1_3_5_9 finished.
2026/Jun/17 09:02:46.654793 EXECUTOR - Initializing module TC_26_8_2_1.
2026/Jun/17 09:02:46.654800 EXECUTOR - Initialization of module TC_26_8_2_1 finished.
2026/Jun/17 09:02:46.654803 EXECUTOR - Initializing module TC_26_8_2_2.
2026/Jun/17 09:02:46.654809 EXECUTOR - Initialization of module TC_26_8_2_2 finished.
2026/Jun/17 09:02:46.654813 EXECUTOR - Initializing module TC_26_8_2_3.
2026/Jun/17 09:02:46.654819 EXECUTOR - Initialization of module TC_26_8_2_3 finished.
2026/Jun/17 09:02:46.654831 EXECUTOR - Initializing module TC_26_8_3.
2026/Jun/17 09:02:46.654839 EXECUTOR - Initialization of module TC_26_8_3 finished.
2026/Jun/17 09:02:46.654842 EXECUTOR - Initializing module TC_34_2_2.
2026/Jun/17 09:02:46.654849 EXECUTOR - Initialization of module TC_34_2_2 finished.
2026/Jun/17 09:02:46.654852 EXECUTOR - Initializing module TitanLoggerApi.
2026/Jun/17 09:02:46.654855 EXECUTOR - Initialization of module TitanLoggerApi finished.
2026/Jun/17 09:02:46.654859 EXECUTOR - Initializing module TitanLoggerControl.
2026/Jun/17 09:02:46.654863 EXECUTOR - Initialization of module TitanLoggerControl finished.
2026/Jun/17 09:02:46.654871 EXECUTOR - Configuration data was processed successfully.
2026/Jun/17 09:02:46.751787 EXECUTOR - MTC was created. Process id: 39.
2026/Jun/17 09:05:53.852147 EXECUTOR - Exit was requested from MC. Terminating HC.
2026/Jun/17 09:05:53.852344 EXECUTOR - Disconnected from MC.
2026/Jun/17 09:05:53.852369 EXECUTOR - TTCN-3 Host Controller finished.
