2026/Jun/23 07:38:23.677382 EXECUTOR - TTCN-3 Host Controller started on ttcn3-tc-26-7-2-1-1-sh566. Version: 11.1.0.
2026/Jun/23 07:38:23.677567 EXECUTOR - TTCN Logger v2.2 options: TimeStampFormat:=DateTime; LogEntityName:=No; LogEventTypes:=Yes; SourceInfoFormat:=Single; LogSensitiveData:=No; *.FileMask:=LOG_ALL; *.ConsoleMask:=ERROR | TESTCASE | USER | VERDICTOP | WARNING; LogFileSize:=0; LogFileNumber:=1; DiskFullAction:=Error
2026/Jun/23 07:38:23.677580 EXECUTOR - Maximum number of open file descriptors: 1048576,   FD_SETSIZE = 1024
2026/Jun/23 07:38:23.677723 WARNING - Warning: The address of MC was set to a local IP address. This may cause incorrect behavior if a HC from a remote host also connects to MC.
2026/Jun/23 07:38:23.677769 EXECUTOR - The address of MC was set to 127.0.0.1:0.
2026/Jun/23 07:38:23.677909 EXECUTOR - Connected to MC.
2026/Jun/23 07:38:23.678014 EXECUTOR - This host supports UNIX domain sockets for local communication.
2026/Jun/23 07:38:23.678432 EXECUTOR - Processing configuration data received from MC.
2026/Jun/23 07:38:23.678706 WARNING - Warning: Skeleton `/results/TC_26_7_2_1-2026-06-23-073823/%n.log' does not guarantee unique log file name for every test system process. It may cause unpredictable results if several test components try to write into the same log file.
2026/Jun/23 07:38:23.679587 EXECUTOR - Module GSM_Constants has the following parameters: { TSPC_Serv_TS11 := true, TSPC_Serv_TS61 := false, TSPC_Serv_TS62 := false, TSPC_Serv_BS21 := false, TSPC_Serv_BS22 := false, TSPC_Serv_BS24 := false, TSPC_Serv_BS25 := false, TSPC_Serv_BS26 := false, TSPC_Serv_BS31 := false, TSPC_Serv_BS32 := false, TSPC_Serv_BS33 := false, TSPC_Serv_BS34 := false, TSPC_Serv_BS41 := false, TSPC_Serv_BS42 := false, TSPC_Serv_BS43 := false, TSPC_Serv_BS44 := false, TSPC_Serv_BS45 := false, TSPC_Serv_BS51 := false, TSPC_Serv_BS61 := false, TSPC_Serv_BS81 := false, TSPC_DualRate := false, TSPC_MTsvc := true, TSPX_IMSI := '901700000000001F'O, TSPX_TMSI := '1914D97F'O, TSPX_CKSNDef := 0, TSPX_RANDDef := '00112233445566778899AABBCCDDEEFF'O, TSPX_SRES := '12345678'O, TSPX_Kc := '0000000000000000'O, TSPX_SDCCH4SubDef := 0, TSPX_TmSltDef := 0, TSPX_TscDef := 7, TSPX_TCHHSubDef := 0, TCV_CC := true, TSPX_Telephony_Rate := C_Full (0), TSPX_MOBscSvcA := C_Telephony (0), TSPX_MOBscSvcB := C_Telephony (0), TSPX_MOBscSvcC := C_Telephony (0), TSPX_MOBscSvcD := C_Telephony (0), TSPX_MOBscSvcE := C_Telephony (0), TSPX_MOBscSvcF := C_Telephony (0), TSPX_MOBscSvcG := C_Telephony (0), TSPX_MOChRateA := C_Full (0), TSPX_MOChRateB := C_Full (0), TSPX_MOChRateC := C_Full (0), TSPX_MOChRateD := C_Full (0), TSPX_MOChRateE := C_Full (0), TSPX_MOChRateF := C_Full (0), TSPX_MOChRateG := C_Full (0), TSPX_MTBscSvcA := C_Telephony (0), TSPX_MTBscSvcB := C_Telephony (0), TSPX_MTBscSvcC := C_Telephony (0), TSPX_MTBscSvcD := C_Telephony (0), TSPX_MTBscSvcE := C_Telephony (0), TSPX_MTBscSvcF := C_Telephony (0), TSPX_MTBscSvcG := C_Telephony (0), TSPX_MTBscSvcH := C_Telephony (0), TSPX_MTBscSvcI := C_Telephony (0), TSPX_MTBscSvcJ := C_Telephony (0), TSPX_MTChRateA := C_Full (0), TSPX_MTChRateB := C_Full (0), TSPX_MTChRateC := C_Full (0), TSPX_MTChRateD := C_Full (0), TSPX_MTChRateE := C_Full (0), TSPX_MTChRateF := C_Full (0), TSPX_MTChRateG := C_Full (0), TSPX_MTChRateH := C_Full (0), TSPX_MTChRateI := C_Full (0), TSPX_MTChRateJ := C_Full (0), C_arfcnA := 100 }
2026/Jun/23 07:38:23.679683 EXECUTOR - Module TC_26_6_1_2 has the following parameters: { TSPX_nPara := 3, TSPX_i1Para := 3, TSPX_kPara := 5, TSPX_i2Para := 1, TSPX_rPara := 4, TSPX_i3Para := 4 }
2026/Jun/23 07:38:23.679728 EXECUTOR - Initializing module GSM_Component_Definitions.
2026/Jun/23 07:38:23.679737 EXECUTOR GSM_Component_Definitions.ttcn3:0 Initializing module GSM_Templates.
2026/Jun/23 07:38:23.679757 EXECUTOR GSM_Templates.ttcn3:0 Initializing module GSM_Constants.
2026/Jun/23 07:38:23.679762 EXECUTOR GSM_Constants.ttcn3:0 Initializing module GSM_Types.
2026/Jun/23 07:38:23.679766 EXECUTOR GSM_Constants.ttcn3:0 Initialization of module GSM_Types finished.
2026/Jun/23 07:38:23.679769 EXECUTOR GSM_Templates.ttcn3:0 Initialization of module GSM_Constants finished.
2026/Jun/23 07:38:23.679854 EXECUTOR GSM_Component_Definitions.ttcn3:0 Initialization of module GSM_Templates finished.
2026/Jun/23 07:38:23.679863 EXECUTOR - Initialization of module GSM_Component_Definitions finished.
2026/Jun/23 07:38:23.679866 EXECUTOR - Initializing module GSM_Functions.
2026/Jun/23 07:38:23.679893 EXECUTOR - Initialization of module GSM_Functions finished.
2026/Jun/23 07:38:23.679895 EXECUTOR - Initializing module PreGenRecordOf.
2026/Jun/23 07:38:23.679898 EXECUTOR - Initialization of module PreGenRecordOf finished.
2026/Jun/23 07:38:23.679901 EXECUTOR - Initializing module TC_26_2_1_3.
2026/Jun/23 07:38:23.679907 EXECUTOR - Initialization of module TC_26_2_1_3 finished.
2026/Jun/23 07:38:23.679909 EXECUTOR - Initializing module TC_26_2_2.
2026/Jun/23 07:38:23.679915 EXECUTOR - Initialization of module TC_26_2_2 finished.
2026/Jun/23 07:38:23.679917 EXECUTOR - Initializing module TC_26_2_3.
2026/Jun/23 07:38:23.679922 EXECUTOR - Initialization of module TC_26_2_3 finished.
2026/Jun/23 07:38:23.679925 EXECUTOR - Initializing module TC_26_6_11_1.
2026/Jun/23 07:38:23.679931 EXECUTOR - Initialization of module TC_26_6_11_1 finished.
2026/Jun/23 07:38:23.679933 EXECUTOR - Initializing module TC_26_6_11_2.
2026/Jun/23 07:38:23.679938 EXECUTOR - Initialization of module TC_26_6_11_2 finished.
2026/Jun/23 07:38:23.679941 EXECUTOR - Initializing module TC_26_6_12_1.
2026/Jun/23 07:38:23.679947 EXECUTOR - Initialization of module TC_26_6_12_1 finished.
2026/Jun/23 07:38:23.679949 EXECUTOR - Initializing module TC_26_6_12_2.
2026/Jun/23 07:38:23.679955 EXECUTOR - Initialization of module TC_26_6_12_2 finished.
2026/Jun/23 07:38:23.679957 EXECUTOR - Initializing module TC_26_6_12_3.
2026/Jun/23 07:38:23.679962 EXECUTOR - Initialization of module TC_26_6_12_3 finished.
2026/Jun/23 07:38:23.679965 EXECUTOR - Initializing module TC_26_6_12_4.
2026/Jun/23 07:38:23.679970 EXECUTOR - Initialization of module TC_26_6_12_4 finished.
2026/Jun/23 07:38:23.679973 EXECUTOR - Initializing module TC_26_6_13_10.
2026/Jun/23 07:38:23.679978 EXECUTOR - Initialization of module TC_26_6_13_10 finished.
2026/Jun/23 07:38:23.679980 EXECUTOR - Initializing module TC_26_6_13_9.
2026/Jun/23 07:38:23.679986 EXECUTOR - Initialization of module TC_26_6_13_9 finished.
2026/Jun/23 07:38:23.679988 EXECUTOR - Initializing module TC_26_6_1_1.
2026/Jun/23 07:38:23.679993 EXECUTOR - Initialization of module TC_26_6_1_1 finished.
2026/Jun/23 07:38:23.679996 EXECUTOR - Initializing module TC_26_6_1_2.
2026/Jun/23 07:38:23.680001 EXECUTOR - Initialization of module TC_26_6_1_2 finished.
2026/Jun/23 07:38:23.680003 EXECUTOR - Initializing module TC_26_6_1_3.
2026/Jun/23 07:38:23.680009 EXECUTOR - Initialization of module TC_26_6_1_3 finished.
2026/Jun/23 07:38:23.680011 EXECUTOR - Initializing module TC_26_6_1_4.
2026/Jun/23 07:38:23.680017 EXECUTOR - Initialization of module TC_26_6_1_4 finished.
2026/Jun/23 07:38:23.680020 EXECUTOR - Initializing module TC_26_6_1_5.
2026/Jun/23 07:38:23.680026 EXECUTOR - Initialization of module TC_26_6_1_5 finished.
2026/Jun/23 07:38:23.680028 EXECUTOR - Initializing module TC_26_6_2_1_1.
2026/Jun/23 07:38:23.680033 EXECUTOR - Initialization of module TC_26_6_2_1_1 finished.
2026/Jun/23 07:38:23.680036 EXECUTOR - Initializing module TC_26_6_2_1_2.
2026/Jun/23 07:38:23.680042 EXECUTOR - Initialization of module TC_26_6_2_1_2 finished.
2026/Jun/23 07:38:23.680044 EXECUTOR - Initializing module TC_26_6_2_1_3.
2026/Jun/23 07:38:23.680050 EXECUTOR - Initialization of module TC_26_6_2_1_3 finished.
2026/Jun/23 07:38:23.680052 EXECUTOR - Initializing module TC_26_6_2_2.
2026/Jun/23 07:38:23.680057 EXECUTOR - Initialization of module TC_26_6_2_2 finished.
2026/Jun/23 07:38:23.680060 EXECUTOR - Initializing module TC_26_6_2_3_1.
2026/Jun/23 07:38:23.680066 EXECUTOR - Initialization of module TC_26_6_2_3_1 finished.
2026/Jun/23 07:38:23.680068 EXECUTOR - Initializing module TC_26_6_2_3_2.
2026/Jun/23 07:38:23.680073 EXECUTOR - Initialization of module TC_26_6_2_3_2 finished.
2026/Jun/23 07:38:23.680079 EXECUTOR - Initializing module TC_26_6_2_4.
2026/Jun/23 07:38:23.680085 EXECUTOR - Initialization of module TC_26_6_2_4 finished.
2026/Jun/23 07:38:23.680088 EXECUTOR - Initializing module TC_26_6_3_1.
2026/Jun/23 07:38:23.680094 EXECUTOR - Initialization of module TC_26_6_3_1 finished.
2026/Jun/23 07:38:23.680096 EXECUTOR - Initializing module TC_26_6_3_4.
2026/Jun/23 07:38:23.680102 EXECUTOR - Initialization of module TC_26_6_3_4 finished.
2026/Jun/23 07:38:23.680104 EXECUTOR - Initializing module TC_26_6_4_1.
2026/Jun/23 07:38:23.680110 EXECUTOR - Initialization of module TC_26_6_4_1 finished.
2026/Jun/23 07:38:23.680112 EXECUTOR - Initializing module TC_26_6_4_2_2.
2026/Jun/23 07:38:23.680117 EXECUTOR - Initialization of module TC_26_6_4_2_2 finished.
2026/Jun/23 07:38:23.680120 EXECUTOR - Initializing module TC_26_6_5_1.
2026/Jun/23 07:38:23.680125 EXECUTOR - Initialization of module TC_26_6_5_1 finished.
2026/Jun/23 07:38:23.680127 EXECUTOR - Initializing module TC_26_6_5_2_1.
2026/Jun/23 07:38:23.680133 EXECUTOR - Initialization of module TC_26_6_5_2_1 finished.
2026/Jun/23 07:38:23.680135 EXECUTOR - Initializing module TC_26_6_8_1.
2026/Jun/23 07:38:23.680141 EXECUTOR - Initialization of module TC_26_6_8_1 finished.
2026/Jun/23 07:38:23.680143 EXECUTOR - Initializing module TC_26_6_8_2.
2026/Jun/23 07:38:23.680148 EXECUTOR - Initialization of module TC_26_6_8_2 finished.
2026/Jun/23 07:38:23.680150 EXECUTOR - Initializing module TC_26_6_8_3.
2026/Jun/23 07:38:23.680156 EXECUTOR - Initialization of module TC_26_6_8_3 finished.
2026/Jun/23 07:38:23.680158 EXECUTOR - Initializing module TC_26_6_8_4.
2026/Jun/23 07:38:23.680164 EXECUTOR - Initialization of module TC_26_6_8_4 finished.
2026/Jun/23 07:38:23.680166 EXECUTOR - Initializing module TC_26_6_8_5.
2026/Jun/23 07:38:23.680172 EXECUTOR - Initialization of module TC_26_6_8_5 finished.
2026/Jun/23 07:38:23.680174 EXECUTOR - Initializing module TC_26_7_1.
2026/Jun/23 07:38:23.680179 EXECUTOR - Initialization of module TC_26_7_1 finished.
2026/Jun/23 07:38:23.680182 EXECUTOR - Initializing module TC_26_7_2_1.
2026/Jun/23 07:38:23.680187 EXECUTOR - Initialization of module TC_26_7_2_1 finished.
2026/Jun/23 07:38:23.680190 EXECUTOR - Initializing module TC_26_7_2_2.
2026/Jun/23 07:38:23.680195 EXECUTOR - Initialization of module TC_26_7_2_2 finished.
2026/Jun/23 07:38:23.680197 EXECUTOR - Initializing module TC_26_7_3_1.
2026/Jun/23 07:38:23.680203 EXECUTOR - Initialization of module TC_26_7_3_1 finished.
2026/Jun/23 07:38:23.680205 EXECUTOR - Initializing module TC_26_7_3_2.
2026/Jun/23 07:38:23.680211 EXECUTOR - Initialization of module TC_26_7_3_2 finished.
2026/Jun/23 07:38:23.680214 EXECUTOR - Initializing module TC_26_7_4_1.
2026/Jun/23 07:38:23.680219 EXECUTOR - Initialization of module TC_26_7_4_1 finished.
2026/Jun/23 07:38:23.680221 EXECUTOR - Initializing module TC_26_7_4_2_1.
2026/Jun/23 07:38:23.680227 EXECUTOR - Initialization of module TC_26_7_4_2_1 finished.
2026/Jun/23 07:38:23.680229 EXECUTOR - Initializing module TC_26_7_4_2_2_1.
2026/Jun/23 07:38:23.680235 EXECUTOR - Initialization of module TC_26_7_4_2_2_1 finished.
2026/Jun/23 07:38:23.680237 EXECUTOR - Initializing module TC_26_7_4_2_2_2.
2026/Jun/23 07:38:23.680243 EXECUTOR - Initialization of module TC_26_7_4_2_2_2 finished.
2026/Jun/23 07:38:23.680245 EXECUTOR - Initializing module TC_26_7_4_2_3.
2026/Jun/23 07:38:23.680251 EXECUTOR - Initialization of module TC_26_7_4_2_3 finished.
2026/Jun/23 07:38:23.680253 EXECUTOR - Initializing module TC_26_7_4_2_4_1.
2026/Jun/23 07:38:23.680259 EXECUTOR - Initialization of module TC_26_7_4_2_4_1 finished.
2026/Jun/23 07:38:23.680261 EXECUTOR - Initializing module TC_26_7_4_2_4_2.
2026/Jun/23 07:38:23.680267 EXECUTOR - Initialization of module TC_26_7_4_2_4_2 finished.
2026/Jun/23 07:38:23.680269 EXECUTOR - Initializing module TC_26_7_4_2_4_3.
2026/Jun/23 07:38:23.680275 EXECUTOR - Initialization of module TC_26_7_4_2_4_3 finished.
2026/Jun/23 07:38:23.680278 EXECUTOR - Initializing module TC_26_7_4_2_4_4.
2026/Jun/23 07:38:23.680286 EXECUTOR - Initialization of module TC_26_7_4_2_4_4 finished.
2026/Jun/23 07:38:23.680289 EXECUTOR - Initializing module TC_26_7_4_2_4_5.
2026/Jun/23 07:38:23.680295 EXECUTOR - Initialization of module TC_26_7_4_2_4_5 finished.
2026/Jun/23 07:38:23.680298 EXECUTOR - Initializing module TC_26_7_4_3_1.
2026/Jun/23 07:38:23.680303 EXECUTOR - Initialization of module TC_26_7_4_3_1 finished.
2026/Jun/23 07:38:23.680305 EXECUTOR - Initializing module TC_26_7_4_3_2.
2026/Jun/23 07:38:23.680310 EXECUTOR - Initialization of module TC_26_7_4_3_2 finished.
2026/Jun/23 07:38:23.680313 EXECUTOR - Initializing module TC_26_7_4_3_3.
2026/Jun/23 07:38:23.680318 EXECUTOR - Initialization of module TC_26_7_4_3_3 finished.
2026/Jun/23 07:38:23.680321 EXECUTOR - Initializing module TC_26_7_4_3_4.
2026/Jun/23 07:38:23.680326 EXECUTOR - Initialization of module TC_26_7_4_3_4 finished.
2026/Jun/23 07:38:23.680328 EXECUTOR - Initializing module TC_26_7_4_4.
2026/Jun/23 07:38:23.680333 EXECUTOR - Initialization of module TC_26_7_4_4 finished.
2026/Jun/23 07:38:23.680336 EXECUTOR - Initializing module TC_26_7_4_5_1.
2026/Jun/23 07:38:23.680341 EXECUTOR - Initialization of module TC_26_7_4_5_1 finished.
2026/Jun/23 07:38:23.680344 EXECUTOR - Initializing module TC_26_7_4_5_2.
2026/Jun/23 07:38:23.680349 EXECUTOR - Initialization of module TC_26_7_4_5_2 finished.
2026/Jun/23 07:38:23.680351 EXECUTOR - Initializing module TC_26_7_4_5_3.
2026/Jun/23 07:38:23.680357 EXECUTOR - Initialization of module TC_26_7_4_5_3 finished.
2026/Jun/23 07:38:23.680359 EXECUTOR - Initializing module TC_26_7_4_5_4_2.
2026/Jun/23 07:38:23.680364 EXECUTOR - Initialization of module TC_26_7_4_5_4_2 finished.
2026/Jun/23 07:38:23.680367 EXECUTOR - Initializing module TC_26_7_5_2.
2026/Jun/23 07:38:23.680372 EXECUTOR - Initialization of module TC_26_7_5_2 finished.
2026/Jun/23 07:38:23.680374 EXECUTOR - Initializing module TC_26_7_5_3.
2026/Jun/23 07:38:23.680379 EXECUTOR - Initialization of module TC_26_7_5_3 finished.
2026/Jun/23 07:38:23.680382 EXECUTOR - Initializing module TC_26_7_5_4.
2026/Jun/23 07:38:23.680387 EXECUTOR - Initialization of module TC_26_7_5_4 finished.
2026/Jun/23 07:38:23.680389 EXECUTOR - Initializing module TC_26_7_5_5.
2026/Jun/23 07:38:23.680394 EXECUTOR - Initialization of module TC_26_7_5_5 finished.
2026/Jun/23 07:38:23.680397 EXECUTOR - Initializing module TC_26_7_5_6.
2026/Jun/23 07:38:23.680402 EXECUTOR - Initialization of module TC_26_7_5_6 finished.
2026/Jun/23 07:38:23.680404 EXECUTOR - Initializing module TC_26_7_5_7_1.
2026/Jun/23 07:38:23.680410 EXECUTOR - Initialization of module TC_26_7_5_7_1 finished.
2026/Jun/23 07:38:23.680412 EXECUTOR - Initializing module TC_26_7_5_8_1.
2026/Jun/23 07:38:23.680417 EXECUTOR - Initialization of module TC_26_7_5_8_1 finished.
2026/Jun/23 07:38:23.680420 EXECUTOR - Initializing module TC_26_7_5_8_2.
2026/Jun/23 07:38:23.680425 EXECUTOR - Initialization of module TC_26_7_5_8_2 finished.
2026/Jun/23 07:38:23.680427 EXECUTOR - Initializing module TC_26_7_5_8_3.
2026/Jun/23 07:38:23.680432 EXECUTOR - Initialization of module TC_26_7_5_8_3 finished.
2026/Jun/23 07:38:23.680435 EXECUTOR - Initializing module TC_26_8_1_2_1_1.
2026/Jun/23 07:38:23.680440 EXECUTOR - Initialization of module TC_26_8_1_2_1_1 finished.
2026/Jun/23 07:38:23.680443 EXECUTOR - Initializing module TC_26_8_1_2_2_1.
2026/Jun/23 07:38:23.680448 EXECUTOR - Initialization of module TC_26_8_1_2_2_1 finished.
2026/Jun/23 07:38:23.680451 EXECUTOR - Initializing module TC_26_8_1_2_2_2.
2026/Jun/23 07:38:23.680456 EXECUTOR - Initialization of module TC_26_8_1_2_2_2 finished.
2026/Jun/23 07:38:23.680458 EXECUTOR - Initializing module TC_26_8_1_2_2_3.
2026/Jun/23 07:38:23.680463 EXECUTOR - Initialization of module TC_26_8_1_2_2_3 finished.
2026/Jun/23 07:38:23.680466 EXECUTOR - Initializing module TC_26_8_1_2_3_1.
2026/Jun/23 07:38:23.680471 EXECUTOR - Initialization of module TC_26_8_1_2_3_1 finished.
2026/Jun/23 07:38:23.680473 EXECUTOR - Initializing module TC_26_8_1_2_3_2.
2026/Jun/23 07:38:23.680479 EXECUTOR - Initialization of module TC_26_8_1_2_3_2 finished.
2026/Jun/23 07:38:23.680484 EXECUTOR - Initializing module TC_26_8_1_2_3_3.
2026/Jun/23 07:38:23.680490 EXECUTOR - Initialization of module TC_26_8_1_2_3_3 finished.
2026/Jun/23 07:38:23.680492 EXECUTOR - Initializing module TC_26_8_1_2_3_4.
2026/Jun/23 07:38:23.680497 EXECUTOR - Initialization of module TC_26_8_1_2_3_4 finished.
2026/Jun/23 07:38:23.680499 EXECUTOR - Initializing module TC_26_8_1_2_3_5.
2026/Jun/23 07:38:23.680505 EXECUTOR - Initialization of module TC_26_8_1_2_3_5 finished.
2026/Jun/23 07:38:23.680507 EXECUTOR - Initializing module TC_26_8_1_2_3_6.
2026/Jun/23 07:38:23.680513 EXECUTOR - Initialization of module TC_26_8_1_2_3_6 finished.
2026/Jun/23 07:38:23.680515 EXECUTOR - Initializing module TC_26_8_1_2_3_7.
2026/Jun/23 07:38:23.680520 EXECUTOR - Initialization of module TC_26_8_1_2_3_7 finished.
2026/Jun/23 07:38:23.680523 EXECUTOR - Initializing module TC_26_8_1_2_4_1.
2026/Jun/23 07:38:23.680528 EXECUTOR - Initialization of module TC_26_8_1_2_4_1 finished.
2026/Jun/23 07:38:23.680530 EXECUTOR - Initializing module TC_26_8_1_2_4_13.
2026/Jun/23 07:38:23.680536 EXECUTOR - Initialization of module TC_26_8_1_2_4_13 finished.
2026/Jun/23 07:38:23.680538 EXECUTOR - Initializing module TC_26_8_1_2_4_2.
2026/Jun/23 07:38:23.680543 EXECUTOR - Initialization of module TC_26_8_1_2_4_2 finished.
2026/Jun/23 07:38:23.680546 EXECUTOR - Initializing module TC_26_8_1_2_4_3.
2026/Jun/23 07:38:23.680551 EXECUTOR - Initialization of module TC_26_8_1_2_4_3 finished.
2026/Jun/23 07:38:23.680553 EXECUTOR - Initializing module TC_26_8_1_2_4_4.
2026/Jun/23 07:38:23.680558 EXECUTOR - Initialization of module TC_26_8_1_2_4_4 finished.
2026/Jun/23 07:38:23.680560 EXECUTOR - Initializing module TC_26_8_1_2_4_5.
2026/Jun/23 07:38:23.680566 EXECUTOR - Initialization of module TC_26_8_1_2_4_5 finished.
2026/Jun/23 07:38:23.680568 EXECUTOR - Initializing module TC_26_8_1_2_6_1.
2026/Jun/23 07:38:23.680574 EXECUTOR - Initialization of module TC_26_8_1_2_6_1 finished.
2026/Jun/23 07:38:23.680576 EXECUTOR - Initializing module TC_26_8_1_2_6_2.
2026/Jun/23 07:38:23.680582 EXECUTOR - Initialization of module TC_26_8_1_2_6_2 finished.
2026/Jun/23 07:38:23.680585 EXECUTOR - Initializing module TC_26_8_1_2_6_3.
2026/Jun/23 07:38:23.680590 EXECUTOR - Initialization of module TC_26_8_1_2_6_3 finished.
2026/Jun/23 07:38:23.680592 EXECUTOR - Initializing module TC_26_8_1_2_6_6.
2026/Jun/23 07:38:23.680598 EXECUTOR - Initialization of module TC_26_8_1_2_6_6 finished.
2026/Jun/23 07:38:23.680600 EXECUTOR - Initializing module TC_26_8_1_3_1_1.
2026/Jun/23 07:38:23.680605 EXECUTOR - Initialization of module TC_26_8_1_3_1_1 finished.
2026/Jun/23 07:38:23.680608 EXECUTOR - Initializing module TC_26_8_1_3_2_1.
2026/Jun/23 07:38:23.680613 EXECUTOR - Initialization of module TC_26_8_1_3_2_1 finished.
2026/Jun/23 07:38:23.680615 EXECUTOR - Initializing module TC_26_8_1_3_3_1.
2026/Jun/23 07:38:23.680621 EXECUTOR - Initialization of module TC_26_8_1_3_3_1 finished.
2026/Jun/23 07:38:23.680623 EXECUTOR - Initializing module TC_26_8_1_3_3_2.
2026/Jun/23 07:38:23.680629 EXECUTOR - Initialization of module TC_26_8_1_3_3_2 finished.
2026/Jun/23 07:38:23.680631 EXECUTOR - Initializing module TC_26_8_1_3_3_3.
2026/Jun/23 07:38:23.680637 EXECUTOR - Initialization of module TC_26_8_1_3_3_3 finished.
2026/Jun/23 07:38:23.680639 EXECUTOR - Initializing module TC_26_8_1_3_3_4.
2026/Jun/23 07:38:23.680645 EXECUTOR - Initialization of module TC_26_8_1_3_3_4 finished.
2026/Jun/23 07:38:23.680648 EXECUTOR - Initializing module TC_26_8_1_3_3_5.
2026/Jun/23 07:38:23.680653 EXECUTOR - Initialization of module TC_26_8_1_3_3_5 finished.
2026/Jun/23 07:38:23.680655 EXECUTOR - Initializing module TC_26_8_1_3_3_6.
2026/Jun/23 07:38:23.680661 EXECUTOR - Initialization of module TC_26_8_1_3_3_6 finished.
2026/Jun/23 07:38:23.680663 EXECUTOR - Initializing module TC_26_8_1_3_3_7.
2026/Jun/23 07:38:23.680669 EXECUTOR - Initialization of module TC_26_8_1_3_3_7 finished.
2026/Jun/23 07:38:23.680671 EXECUTOR - Initializing module TC_26_8_1_3_4_1.
2026/Jun/23 07:38:23.680679 EXECUTOR - Initialization of module TC_26_8_1_3_4_1 finished.
2026/Jun/23 07:38:23.680682 EXECUTOR - Initializing module TC_26_8_1_3_4_2.
2026/Jun/23 07:38:23.680687 EXECUTOR - Initialization of module TC_26_8_1_3_4_2 finished.
2026/Jun/23 07:38:23.680690 EXECUTOR - Initializing module TC_26_8_1_3_4_3.
2026/Jun/23 07:38:23.680695 EXECUTOR - Initialization of module TC_26_8_1_3_4_3 finished.
2026/Jun/23 07:38:23.680698 EXECUTOR - Initializing module TC_26_8_1_3_4_4.
2026/Jun/23 07:38:23.680703 EXECUTOR - Initialization of module TC_26_8_1_3_4_4 finished.
2026/Jun/23 07:38:23.680705 EXECUTOR - Initializing module TC_26_8_1_3_4_5.
2026/Jun/23 07:38:23.680711 EXECUTOR - Initialization of module TC_26_8_1_3_4_5 finished.
2026/Jun/23 07:38:23.680714 EXECUTOR - Initializing module TC_26_8_1_3_4_6.
2026/Jun/23 07:38:23.680719 EXECUTOR - Initialization of module TC_26_8_1_3_4_6 finished.
2026/Jun/23 07:38:23.680721 EXECUTOR - Initializing module TC_26_8_1_3_4_7.
2026/Jun/23 07:38:23.680726 EXECUTOR - Initialization of module TC_26_8_1_3_4_7 finished.
2026/Jun/23 07:38:23.680729 EXECUTOR - Initializing module TC_26_8_1_3_4_8.
2026/Jun/23 07:38:23.680734 EXECUTOR - Initialization of module TC_26_8_1_3_4_8 finished.
2026/Jun/23 07:38:23.680737 EXECUTOR - Initializing module TC_26_8_1_3_5_1.
2026/Jun/23 07:38:23.680743 EXECUTOR - Initialization of module TC_26_8_1_3_5_1 finished.
2026/Jun/23 07:38:23.680745 EXECUTOR - Initializing module TC_26_8_1_3_5_2.
2026/Jun/23 07:38:23.680751 EXECUTOR - Initialization of module TC_26_8_1_3_5_2 finished.
2026/Jun/23 07:38:23.680753 EXECUTOR - Initializing module TC_26_8_1_3_5_3.
2026/Jun/23 07:38:23.680758 EXECUTOR - Initialization of module TC_26_8_1_3_5_3 finished.
2026/Jun/23 07:38:23.680761 EXECUTOR - Initializing module TC_26_8_1_3_5_4.
2026/Jun/23 07:38:23.680767 EXECUTOR - Initialization of module TC_26_8_1_3_5_4 finished.
2026/Jun/23 07:38:23.680769 EXECUTOR - Initializing module TC_26_8_1_3_5_5.
2026/Jun/23 07:38:23.680775 EXECUTOR - Initialization of module TC_26_8_1_3_5_5 finished.
2026/Jun/23 07:38:23.680777 EXECUTOR - Initializing module TC_26_8_1_3_5_6.
2026/Jun/23 07:38:23.680783 EXECUTOR - Initialization of module TC_26_8_1_3_5_6 finished.
2026/Jun/23 07:38:23.680785 EXECUTOR - Initializing module TC_26_8_1_3_5_7.
2026/Jun/23 07:38:23.680790 EXECUTOR - Initialization of module TC_26_8_1_3_5_7 finished.
2026/Jun/23 07:38:23.680793 EXECUTOR - Initializing module TC_26_8_1_3_5_8.
2026/Jun/23 07:38:23.680798 EXECUTOR - Initialization of module TC_26_8_1_3_5_8 finished.
2026/Jun/23 07:38:23.680801 EXECUTOR - Initializing module TC_26_8_1_3_5_9.
2026/Jun/23 07:38:23.680806 EXECUTOR - Initialization of module TC_26_8_1_3_5_9 finished.
2026/Jun/23 07:38:23.680809 EXECUTOR - Initializing module TC_26_8_2_1.
2026/Jun/23 07:38:23.680814 EXECUTOR - Initialization of module TC_26_8_2_1 finished.
2026/Jun/23 07:38:23.680816 EXECUTOR - Initializing module TC_26_8_2_2.
2026/Jun/23 07:38:23.680829 EXECUTOR - Initialization of module TC_26_8_2_2 finished.
2026/Jun/23 07:38:23.680834 EXECUTOR - Initializing module TC_26_8_2_3.
2026/Jun/23 07:38:23.680839 EXECUTOR - Initialization of module TC_26_8_2_3 finished.
2026/Jun/23 07:38:23.680841 EXECUTOR - Initializing module TC_26_8_3.
2026/Jun/23 07:38:23.680847 EXECUTOR - Initialization of module TC_26_8_3 finished.
2026/Jun/23 07:38:23.680850 EXECUTOR - Initializing module TC_34_2_2.
2026/Jun/23 07:38:23.680855 EXECUTOR - Initialization of module TC_34_2_2 finished.
2026/Jun/23 07:38:23.680857 EXECUTOR - Initializing module TitanLoggerApi.
2026/Jun/23 07:38:23.680860 EXECUTOR - Initialization of module TitanLoggerApi finished.
2026/Jun/23 07:38:23.680862 EXECUTOR - Initializing module TitanLoggerControl.
2026/Jun/23 07:38:23.680865 EXECUTOR - Initialization of module TitanLoggerControl finished.
2026/Jun/23 07:38:23.680876 EXECUTOR - Configuration data was processed successfully.
2026/Jun/23 07:38:23.682435 EXECUTOR - MTC was created. Process id: 35.
2026/Jun/23 07:39:49.824506 EXECUTOR - Exit was requested from MC. Terminating HC.
2026/Jun/23 07:39:49.824732 EXECUTOR - Disconnected from MC.
2026/Jun/23 07:39:49.824776 EXECUTOR - TTCN-3 Host Controller finished.
