2026/Jun/08 11:38:36.683073 EXECUTOR - TTCN-3 Main Test Component started on ttcn3-tc-26-7-4-1-11-6frnk. Version: 11.1.0.
2026/Jun/08 11:38:36.683186 EXECUTOR - TTCN Logger v2.2 options: TimeStampFormat:=DateTime; LogEntityName:=No; LogEventTypes:=Yes; SourceInfoFormat:=Single; LogSensitiveData:=No; *.FileMask:=LOG_ALL; *.ConsoleMask:=ERROR | TESTCASE | USER | VERDICTOP | WARNING; LogFileSize:=0; LogFileNumber:=1; DiskFullAction:=Error
2026/Jun/08 11:38:36.683241 EXECUTOR - Connected to MC.
2026/Jun/08 11:38:36.683377 EXECUTOR - Executing test case TC_26_7_4_1 in module TC_26_7_4_1.
2026/Jun/08 11:38:36.683575 TESTCASE TC_26_7_4_1.ttcn3:58 Test case TC_26_7_4_1 started.
2026/Jun/08 11:38:36.683627 PARALLEL TC_26_7_4_1.ttcn3:58 Initializing variables, timers and ports of component type GSM_Component_Definitions.GSM_CT inside testcase TC_26_7_4_1.
2026/Jun/08 11:38:36.683846 USER TC_26_7_4_1.ttcn3:58 MSC_Port: set_parameter msc_stub_host = 10.42.0.221
2026/Jun/08 11:38:36.683899 USER TC_26_7_4_1.ttcn3:58 MSC_Port: set_parameter msc_stub_port = 5000
2026/Jun/08 11:38:36.683914 USER TC_26_7_4_1.ttcn3:58 L3_Port: set_parameter gsmtap_host = 127.0.0.1
2026/Jun/08 11:38:36.683929 USER TC_26_7_4_1.ttcn3:58 L3_Port: set_parameter gsmtap_port = 4729
2026/Jun/08 11:38:36.683936 USER TC_26_7_4_1.ttcn3:58 L3_Port: set_parameter local_port = 4730
2026/Jun/08 11:38:36.683940 USER TC_26_7_4_1.ttcn3:58 L3_Port: set_parameter arfcn = 51
2026/Jun/08 11:38:36.683985 USER TC_26_7_4_1.ttcn3:58 L3_Port: user_start called
2026/Jun/08 11:38:36.683996 PORTEVENT TC_26_7_4_1.ttcn3:58 Port L was started.
2026/Jun/08 11:38:36.684042 PORTEVENT TC_26_7_4_1.ttcn3:58 Port RR was started.
2026/Jun/08 11:38:36.684047 PORTEVENT TC_26_7_4_1.ttcn3:58 Port MM was started.
2026/Jun/08 11:38:36.684053 PORTEVENT TC_26_7_4_1.ttcn3:58 Port CC was started.
2026/Jun/08 11:38:36.684056 USER TC_26_7_4_1.ttcn3:58 MSC_Port: user_start called
2026/Jun/08 11:38:36.684062 PORTEVENT TC_26_7_4_1.ttcn3:58 Port MSC was started.
2026/Jun/08 11:38:36.684068 PORTEVENT TC_26_7_4_1.ttcn3:58 Port BSC was started.
2026/Jun/08 11:38:36.684072 PORTEVENT TC_26_7_4_1.ttcn3:58 Port RSL was started.
2026/Jun/08 11:38:36.684078 USER TC_26_7_4_1.ttcn3:58 VTY_PT: Starting
2026/Jun/08 11:38:36.684083 PORTEVENT TC_26_7_4_1.ttcn3:58 Port VTY was started.
2026/Jun/08 11:38:36.684087 PORTEVENT TC_26_7_4_1.ttcn3:58 Port COORD was started.
2026/Jun/08 11:38:36.684090 PARALLEL TC_26_7_4_1.ttcn3:58 Component type GSM_Component_Definitions.GSM_CT was initialized.
2026/Jun/08 11:38:36.684142 WARNING GSM_Component_Definitions.ttcn3:364 Warning: Stopping inactive timer T_guard.
2026/Jun/08 11:38:36.684151 WARNING GSM_Component_Definitions.ttcn3:365 Warning: Stopping inactive timer T301.
2026/Jun/08 11:38:36.684156 WARNING GSM_Component_Definitions.ttcn3:366 Warning: Stopping inactive timer T303.
2026/Jun/08 11:38:36.684161 WARNING GSM_Component_Definitions.ttcn3:367 Warning: Stopping inactive timer T305.
2026/Jun/08 11:38:36.684165 WARNING GSM_Component_Definitions.ttcn3:368 Warning: Stopping inactive timer T308.
2026/Jun/08 11:38:36.684170 WARNING GSM_Component_Definitions.ttcn3:369 Warning: Stopping inactive timer T310.
2026/Jun/08 11:38:36.684175 WARNING GSM_Component_Definitions.ttcn3:370 Warning: Stopping inactive timer T313.
2026/Jun/08 11:38:36.684183 USER GSM_Component_Definitions.ttcn3:386 Component initialized
2026/Jun/08 11:38:36.684199 PARALLEL GSM_Component_Definitions.ttcn3:334 Mapping port mtc:L to system:L.
2026/Jun/08 11:38:36.684244 USER GSM_Component_Definitions.ttcn3:334 L3_Port: Mapping to L
2026/Jun/08 11:38:36.684307 USER GSM_Component_Definitions.ttcn3:334 L3_Port: GSMTAP listening on port 4730
2026/Jun/08 11:38:36.684314 USER GSM_Component_Definitions.ttcn3:334 L3_Port: Mapped successfully (GSMTAP: 127.0.0.1:4729)
2026/Jun/08 11:38:36.684321 WARNING GSM_Component_Definitions.ttcn3:334 Warning: The maximum number of open file descriptors (1048576) is greater than FD_SETSIZE (1024). Ensure that Test Ports using Install_Handler do not try to wait for events of file descriptors with values greater than FD_SETSIZE (1024). (Current caller of Install_Handler is "L")
2026/Jun/08 11:38:36.684357 PORTEVENT GSM_Component_Definitions.ttcn3:334 Port L was mapped to system:L.
2026/Jun/08 11:38:36.684414 PARALLEL GSM_Component_Definitions.ttcn3:334 Map operation of mtc:L to system:L finished.
2026/Jun/08 11:38:36.684443 PARALLEL GSM_Component_Definitions.ttcn3:335 Mapping port mtc:RR to system:RR.
2026/Jun/08 11:38:36.684465 PORTEVENT GSM_Component_Definitions.ttcn3:335 Port RR was mapped to system:RR.
2026/Jun/08 11:38:36.684484 PARALLEL GSM_Component_Definitions.ttcn3:335 Map operation of mtc:RR to system:RR finished.
2026/Jun/08 11:38:36.684489 PARALLEL GSM_Component_Definitions.ttcn3:336 Mapping port mtc:MM to system:MM.
2026/Jun/08 11:38:36.684507 PORTEVENT GSM_Component_Definitions.ttcn3:336 Port MM was mapped to system:MM.
2026/Jun/08 11:38:36.684525 PARALLEL GSM_Component_Definitions.ttcn3:336 Map operation of mtc:MM to system:MM finished.
2026/Jun/08 11:38:36.684530 PARALLEL GSM_Component_Definitions.ttcn3:337 Mapping port mtc:CC to system:CC.
2026/Jun/08 11:38:36.684548 PORTEVENT GSM_Component_Definitions.ttcn3:337 Port CC was mapped to system:CC.
2026/Jun/08 11:38:36.684566 PARALLEL GSM_Component_Definitions.ttcn3:337 Map operation of mtc:CC to system:CC finished.
2026/Jun/08 11:38:36.684570 PARALLEL GSM_Component_Definitions.ttcn3:338 Mapping port mtc:MSC to system:MSC.
2026/Jun/08 11:38:36.684588 USER GSM_Component_Definitions.ttcn3:338 MSC_Port: Mapping to MSC
2026/Jun/08 11:38:36.684938 USER GSM_Component_Definitions.ttcn3:338 MSC_Port: Registered socket for async events
2026/Jun/08 11:38:36.684959 USER GSM_Component_Definitions.ttcn3:338 MSC_Port: Connected to MSC stub at 10.42.0.221:5000
2026/Jun/08 11:38:36.684964 PORTEVENT GSM_Component_Definitions.ttcn3:338 Port MSC was mapped to system:MSC.
2026/Jun/08 11:38:36.684986 PARALLEL GSM_Component_Definitions.ttcn3:338 Map operation of mtc:MSC to system:MSC finished.
2026/Jun/08 11:38:36.684993 PARALLEL GSM_Component_Definitions.ttcn3:339 Mapping port mtc:VTY to system:VTY.
2026/Jun/08 11:38:36.685011 USER GSM_Component_Definitions.ttcn3:339 VTY_PT: Mapping port to VTY interface
2026/Jun/08 11:38:36.685187 USER GSM_Component_Definitions.ttcn3:339 VTY_PT: Connected to VTY at 10.43.220.109:4247
2026/Jun/08 11:38:37.185434 USER GSM_Component_Definitions.ttcn3:339 VTY_PT: Initial banner received
2026/Jun/08 11:38:37.185502 PORTEVENT GSM_Component_Definitions.ttcn3:339 Port VTY was mapped to system:VTY.
2026/Jun/08 11:38:37.185579 PARALLEL GSM_Component_Definitions.ttcn3:339 Map operation of mtc:VTY to system:VTY finished.
2026/Jun/08 11:38:37.185608 TIMEROP TC_26_7_4_1.ttcn3:82 Start timer T_guard: 300 s
2026/Jun/08 11:38:37.185666 USER TC_26_7_4_1.ttcn3:84 ==========================================================
2026/Jun/08 11:38:37.185672 USER TC_26_7_4_1.ttcn3:85 *** TC_26_7_4_1: Location Updating Accepted Test ***
2026/Jun/08 11:38:37.185676 USER TC_26_7_4_1.ttcn3:86 *** Test via A-interface with Native Osmocom Stack ***
2026/Jun/08 11:38:37.185680 USER TC_26_7_4_1.ttcn3:87 ==========================================================
2026/Jun/08 11:38:37.185684 USER TC_26_7_4_1.ttcn3:93 *** Step 1: Disabling MSC stub auto_respond mode ***
2026/Jun/08 11:38:37.185746 PORTEVENT TC_26_7_4_1.ttcn3:95 Sent on MSC to system charstring : "{\"command\": \"SET_AUTO_RESPOND\", \"params\": {\"enabled\": false}}"
2026/Jun/08 11:38:37.185867 USER TC_26_7_4_1.ttcn3:95 MSC_Port: TX: {"command": "SET_AUTO_RESPOND", "params": {"enabled": false}}
2026/Jun/08 11:38:37.185888 TIMEROP TC_26_7_4_1.ttcn3:101 Start timer T_ack: 3 s
2026/Jun/08 11:38:39.261734 USER TC_26_7_4_1.ttcn3:102 VTY_PT: Received data (buffered): 26 bytes
2026/Jun/08 11:38:40.185942 TIMEROP TC_26_7_4_1.ttcn3:123 Timeout T_ack: 3 s
2026/Jun/08 11:38:40.186033 USER TC_26_7_4_1.ttcn3:124 Warning: No explicit ack, continuing...
2026/Jun/08 11:38:40.186066 USER TC_26_7_4_1.ttcn3:132 ==========================================================
2026/Jun/08 11:38:40.186078 USER TC_26_7_4_1.ttcn3:133 *** CASE 1: Location Update Accept with TMSI allocated ***
2026/Jun/08 11:38:40.186102 USER TC_26_7_4_1.ttcn3:134 ==========================================================
2026/Jun/08 11:38:40.186120 USER TC_26_7_4_1.ttcn3:137 *** Step 2: Waiting for Location Update Request (Case 1) ***
2026/Jun/08 11:38:40.186130 USER TC_26_7_4_1.ttcn3:138 *** Expected: MS should send LU Request with TMSI_01 ***
2026/Jun/08 11:38:40.186142 TIMEROP TC_26_7_4_1.ttcn3:141 Start timer T_lu1: 60 s
2026/Jun/08 11:39:01.007582 USER TC_26_7_4_1.ttcn3:143 VTY_PT: Received data (buffered): 68 bytes
2026/Jun/08 11:39:21.320209 USER TC_26_7_4_1.ttcn3:143 VTY_PT: Received data (buffered): 68 bytes
2026/Jun/08 11:39:22.001242 USER TC_26_7_4_1.ttcn3:143 MSC_Port: RX: {"type": "WELCOME", "status": "connected"}
2026/Jun/08 11:39:22.001322 PORTEVENT TC_26_7_4_1.ttcn3:143 Message enqueued on MSC from system charstring : "{\"type\": \"WELCOME\", \"status\": \"connected\"}" id 1
2026/Jun/08 11:39:22.001386 PORTEVENT TC_26_7_4_1.ttcn3:144 Receive operation on port MSC succeeded, message from system(): charstring : "{\"type\": \"WELCOME\", \"status\": \"connected\"}" id 1
2026/Jun/08 11:39:22.001419 PORTEVENT TC_26_7_4_1.ttcn3:144 Message with id 1 was extracted from the queue of MSC.
2026/Jun/08 11:39:22.001574 USER TC_26_7_4_1.ttcn3:156 Event: "{\"type\": \"WELCOME\", \"status\": \"connected\"}"
2026/Jun/08 11:39:22.001608 USER TC_26_7_4_1.ttcn3:143 MSC_Port: RX: {"status": "ok", "auto_respond": false}
2026/Jun/08 11:39:22.001617 PORTEVENT TC_26_7_4_1.ttcn3:143 Message enqueued on MSC from system charstring : "{\"status\": \"ok\", \"auto_respond\": false}" id 2
2026/Jun/08 11:39:22.001625 PORTEVENT TC_26_7_4_1.ttcn3:144 Receive operation on port MSC succeeded, message from system(): charstring : "{\"status\": \"ok\", \"auto_respond\": false}" id 2
2026/Jun/08 11:39:22.001631 PORTEVENT TC_26_7_4_1.ttcn3:144 Message with id 2 was extracted from the queue of MSC.
2026/Jun/08 11:39:27.006061 USER TC_26_7_4_1.ttcn3:143 MSC_Port: RX: {"type": "HEARTBEAT"}
2026/Jun/08 11:39:27.006161 PORTEVENT TC_26_7_4_1.ttcn3:143 Message enqueued on MSC from system charstring : "{\"type\": \"HEARTBEAT\"}" id 3
2026/Jun/08 11:39:27.006197 PORTEVENT TC_26_7_4_1.ttcn3:144 Receive operation on port MSC succeeded, message from system(): charstring : "{\"type\": \"HEARTBEAT\"}" id 3
2026/Jun/08 11:39:27.006220 PORTEVENT TC_26_7_4_1.ttcn3:144 Message with id 3 was extracted from the queue of MSC.
2026/Jun/08 11:39:31.373881 USER TC_26_7_4_1.ttcn3:143 MSC_Port: Connection closed by stub
2026/Jun/08 11:39:40.194960 TIMEROP TC_26_7_4_1.ttcn3:160 Timeout T_lu1: 60 s
2026/Jun/08 11:39:40.195059 USER TC_26_7_4_1.ttcn3:161 FAIL: No Location Update Request received within 60 seconds (Case 1)
2026/Jun/08 11:39:40.195170 VERDICTOP TC_26_7_4_1.ttcn3:162 setverdict(fail): none -> fail
2026/Jun/08 11:39:40.195301 TIMEROP TC_26_7_4_1.ttcn3:163 Stop timer T_guard: 300 s
2026/Jun/08 11:39:40.195330 USER TC_26_7_4_1.ttcn3:223 FAIL: Did not receive Location Update Request (Case 1)
2026/Jun/08 11:39:40.195343 VERDICTOP TC_26_7_4_1.ttcn3:224 setverdict(fail): fail -> fail, component reason not changed
2026/Jun/08 11:39:40.195359 WARNING TC_26_7_4_1.ttcn3:225 Warning: Stopping inactive timer T_guard.
2026/Jun/08 11:39:40.195375 USER TC_26_7_4_1.ttcn3:232 ==========================================================
2026/Jun/08 11:39:40.195390 USER TC_26_7_4_1.ttcn3:233 *** CASE 2: Location Update Accept with no TMSI/IMSI ***
2026/Jun/08 11:39:40.195400 USER TC_26_7_4_1.ttcn3:234 ==========================================================
2026/Jun/08 11:39:40.195410 USER TC_26_7_4_1.ttcn3:236 *** Step 5: Triggering Location Update Request via BSSMAP Paging (Case 2) ***
2026/Jun/08 11:39:40.195421 USER TC_26_7_4_1.ttcn3:237 *** Expected: MS should respond to paging with LU Request using TMSI_02 ***
2026/Jun/08 11:39:40.195432 USER TC_26_7_4_1.ttcn3:240 *** Waiting 5 seconds for MS to return to idle state ***
2026/Jun/08 11:39:40.195443 TIMEROP TC_26_7_4_1.ttcn3:242 Start timer T_idle2: 5 s
2026/Jun/08 11:39:45.198862 TIMEROP TC_26_7_4_1.ttcn3:247 Timeout T_idle2: 5 s
2026/Jun/08 11:39:45.198974 USER TC_26_7_4_1.ttcn3:248 MS should be back in idle state
2026/Jun/08 11:39:45.199004 USER TC_26_7_4_1.ttcn3:253 *** Sending BSSMAP PAGING to trigger Location Update Request (Case 2) ***
2026/Jun/08 11:39:45.199184 PORTEVENT TC_26_7_4_1.ttcn3:255 Sent on MSC to system charstring : "{\"command\": \"CMD_SEND_PAGING\", \"params\": {\"imsi\": \"901700000000001\", \"lac\": 4242, \"cell_id\": 4242, \"tmsi\": 2271560481}}"
2026/Jun/08 11:39:45.199212 WARNING TC_26_7_4_1.ttcn3:255 MSC_Port: Not connected
2026/Jun/08 11:39:45.199236 TIMEROP TC_26_7_4_1.ttcn3:260 Start timer T_lu2: 60 s
2026/Jun/08 11:39:56.881444 USER TC_26_7_4_1.ttcn3:262 VTY_PT: Received data (buffered): 94 bytes
2026/Jun/08 11:40:10.910390 USER TC_26_7_4_1.ttcn3:262 VTY_PT: Received data (buffered): 68 bytes
2026/Jun/08 11:40:18.699661 USER TC_26_7_4_1.ttcn3:262 VTY_PT: Received data (buffered): 68 bytes
2026/Jun/08 11:40:41.529127 USER TC_26_7_4_1.ttcn3:262 VTY_PT: Received data (buffered): 68 bytes
2026/Jun/08 11:40:45.202866 TIMEROP TC_26_7_4_1.ttcn3:308 Timeout T_lu2: 60 s
2026/Jun/08 11:40:45.202932 USER TC_26_7_4_1.ttcn3:309 WARNING: No Location Update Request received within 60 seconds (Case 2)
2026/Jun/08 11:40:45.202954 USER TC_26_7_4_1.ttcn3:310 *** Case 2 will be marked as not tested (paging may not have triggered LU Request) ***
2026/Jun/08 11:40:45.202961 USER TC_26_7_4_1.ttcn3:369 WARNING: Did not receive Location Update Request (Case 2)
2026/Jun/08 11:40:45.202966 USER TC_26_7_4_1.ttcn3:370 *** Case 2 will be marked as not tested ***
2026/Jun/08 11:40:45.202971 USER TC_26_7_4_1.ttcn3:378 ==========================================================
2026/Jun/08 11:40:45.202975 USER TC_26_7_4_1.ttcn3:379 *** CASE 3: Location Update Accept with IMSI ***
2026/Jun/08 11:40:45.202980 USER TC_26_7_4_1.ttcn3:380 ==========================================================
2026/Jun/08 11:40:45.202985 USER TC_26_7_4_1.ttcn3:382 *** Step 8: Triggering Location Update Request via BSSMAP Paging (Case 3) ***
2026/Jun/08 11:40:45.202990 USER TC_26_7_4_1.ttcn3:383 *** Expected: MS should respond to paging with LU Request using TMSI_02 ***
2026/Jun/08 11:40:45.202994 USER TC_26_7_4_1.ttcn3:386 *** Waiting 5 seconds for MS to return to idle state ***
2026/Jun/08 11:40:45.203000 TIMEROP TC_26_7_4_1.ttcn3:388 Start timer T_idle3: 5 s
2026/Jun/08 11:40:50.206850 TIMEROP TC_26_7_4_1.ttcn3:393 Timeout T_idle3: 5 s
2026/Jun/08 11:40:50.206913 USER TC_26_7_4_1.ttcn3:394 MS should be back in idle state
2026/Jun/08 11:40:50.206933 USER TC_26_7_4_1.ttcn3:399 *** Sending BSSMAP PAGING to trigger Location Update Request (Case 3) ***
2026/Jun/08 11:40:50.206962 PORTEVENT TC_26_7_4_1.ttcn3:401 Sent on MSC to system charstring : "{\"command\": \"CMD_SEND_PAGING\", \"params\": {\"imsi\": \"901700000000001\", \"lac\": 4242, \"cell_id\": 4242, \"tmsi\": 2271560481}}"
2026/Jun/08 11:40:50.206979 WARNING TC_26_7_4_1.ttcn3:401 MSC_Port: Not connected
2026/Jun/08 11:40:50.206987 TIMEROP TC_26_7_4_1.ttcn3:406 Start timer T_lu3: 60 s
2026/Jun/08 11:41:17.375625 USER TC_26_7_4_1.ttcn3:408 VTY_PT: Received data (buffered): 94 bytes
2026/Jun/08 11:41:24.109392 USER TC_26_7_4_1.ttcn3:408 VTY_PT: Received data (buffered): 68 bytes
2026/Jun/08 11:41:31.897724 USER TC_26_7_4_1.ttcn3:408 VTY_PT: Received data (buffered): 68 bytes
2026/Jun/08 11:41:50.224850 TIMEROP TC_26_7_4_1.ttcn3:454 Timeout T_lu3: 60 s
2026/Jun/08 11:41:50.224913 USER TC_26_7_4_1.ttcn3:455 WARNING: No Location Update Request received within 60 seconds (Case 3)
2026/Jun/08 11:41:50.224933 USER TC_26_7_4_1.ttcn3:456 *** Case 3 will be marked as not tested (paging may not have triggered LU Request) ***
2026/Jun/08 11:41:50.224940 USER TC_26_7_4_1.ttcn3:510 WARNING: Did not receive Location Update Request (Case 3)
2026/Jun/08 11:41:50.224946 USER TC_26_7_4_1.ttcn3:511 *** Case 3 will be marked as not tested ***
2026/Jun/08 11:41:50.224952 WARNING TC_26_7_4_1.ttcn3:519 Warning: Stopping inactive timer T_guard.
2026/Jun/08 11:41:50.224962 USER TC_26_7_4_1.ttcn3:521 ==========================================================
2026/Jun/08 11:41:50.224975 USER TC_26_7_4_1.ttcn3:522 *** TC_26_7_4_1: TEST SUMMARY ***
2026/Jun/08 11:41:50.224980 USER TC_26_7_4_1.ttcn3:523 ==========================================================
2026/Jun/08 11:41:50.224984 USER TC_26_7_4_1.ttcn3:529 "*** Case 1 (TMSI allocated): FAIL"
2026/Jun/08 11:41:50.224997 USER TC_26_7_4_1.ttcn3:535 "*** Case 2 (no TMSI/IMSI): FAIL"
2026/Jun/08 11:41:50.225003 USER TC_26_7_4_1.ttcn3:541 "*** Case 3 (IMSI included): FAIL"
2026/Jun/08 11:41:50.225009 USER TC_26_7_4_1.ttcn3:566 *** VERDICT: FAIL ***
2026/Jun/08 11:41:50.225013 USER TC_26_7_4_1.ttcn3:567 *** Reason: Case 1 (TMSI allocated) failed - core Location Update Accept mechanism not working ***
2026/Jun/08 11:41:50.225019 VERDICTOP TC_26_7_4_1.ttcn3:568 setverdict(fail): fail -> fail, component reason not changed
2026/Jun/08 11:41:50.225030 USER TC_26_7_4_1.ttcn3:571 ==========================================================
2026/Jun/08 11:41:50.225034 USER TC_26_7_4_1.ttcn3:572 *** TC_26_7_4_1: Test Complete ***
2026/Jun/08 11:41:50.225038 USER TC_26_7_4_1.ttcn3:573 ==========================================================
2026/Jun/08 11:41:50.225075 PARALLEL TC_26_7_4_1.ttcn3:573 Terminating component type GSM_Component_Definitions.GSM_CT.
2026/Jun/08 11:41:50.225096 PORTEVENT TC_26_7_4_1.ttcn3:573 Removing unterminated mapping between port L and system:L.
2026/Jun/08 11:41:50.225111 USER TC_26_7_4_1.ttcn3:573 L3_Port: Unmapping from L
2026/Jun/08 11:41:50.225134 PORTEVENT TC_26_7_4_1.ttcn3:573 Port L was unmapped from system:L.
2026/Jun/08 11:41:50.225148 USER TC_26_7_4_1.ttcn3:573 L3_Port: user_stop called
2026/Jun/08 11:41:50.225153 PORTEVENT TC_26_7_4_1.ttcn3:573 Port L was stopped.
2026/Jun/08 11:41:50.225170 PORTEVENT TC_26_7_4_1.ttcn3:573 Removing unterminated mapping between port RR and system:RR.
2026/Jun/08 11:41:50.225175 PORTEVENT TC_26_7_4_1.ttcn3:573 Port RR was unmapped from system:RR.
2026/Jun/08 11:41:50.225182 PORTEVENT TC_26_7_4_1.ttcn3:573 Port RR was stopped.
2026/Jun/08 11:41:50.225185 PORTEVENT TC_26_7_4_1.ttcn3:573 Removing unterminated mapping between port MM and system:MM.
2026/Jun/08 11:41:50.225189 PORTEVENT TC_26_7_4_1.ttcn3:573 Port MM was unmapped from system:MM.
2026/Jun/08 11:41:50.225203 PORTEVENT TC_26_7_4_1.ttcn3:573 Port MM was stopped.
2026/Jun/08 11:41:50.225206 PORTEVENT TC_26_7_4_1.ttcn3:573 Removing unterminated mapping between port CC and system:CC.
2026/Jun/08 11:41:50.225210 PORTEVENT TC_26_7_4_1.ttcn3:573 Port CC was unmapped from system:CC.
2026/Jun/08 11:41:50.225222 PORTEVENT TC_26_7_4_1.ttcn3:573 Port CC was stopped.
2026/Jun/08 11:41:50.225226 PORTEVENT TC_26_7_4_1.ttcn3:573 Removing unterminated mapping between port MSC and system:MSC.
2026/Jun/08 11:41:50.225230 USER TC_26_7_4_1.ttcn3:573 MSC_Port: Unmapping from MSC
2026/Jun/08 11:41:50.225236 PORTEVENT TC_26_7_4_1.ttcn3:573 Port MSC was unmapped from system:MSC.
2026/Jun/08 11:41:50.225240 USER TC_26_7_4_1.ttcn3:573 MSC_Port: user_stop called
2026/Jun/08 11:41:50.225245 PORTEVENT TC_26_7_4_1.ttcn3:573 Port MSC was stopped.
2026/Jun/08 11:41:50.225254 USER TC_26_7_4_1.ttcn3:573 BSC_Port: user_stop called
2026/Jun/08 11:41:50.225259 PORTEVENT TC_26_7_4_1.ttcn3:573 Port BSC was stopped.
2026/Jun/08 11:41:50.225262 PORTEVENT TC_26_7_4_1.ttcn3:573 Port RSL was stopped.
2026/Jun/08 11:41:50.225265 PORTEVENT TC_26_7_4_1.ttcn3:573 Removing unterminated mapping between port VTY and system:VTY.
2026/Jun/08 11:41:50.225269 USER TC_26_7_4_1.ttcn3:573 VTY_PT: Unmapping port from VTY interface
2026/Jun/08 11:41:50.225331 USER TC_26_7_4_1.ttcn3:573 VTY_PT: Disconnected from VTY
2026/Jun/08 11:41:50.225339 PORTEVENT TC_26_7_4_1.ttcn3:573 Port VTY was unmapped from system:VTY.
2026/Jun/08 11:41:50.225344 USER TC_26_7_4_1.ttcn3:573 VTY_PT: Stopping
2026/Jun/08 11:41:50.225348 PORTEVENT TC_26_7_4_1.ttcn3:573 Port VTY was stopped.
2026/Jun/08 11:41:50.225352 PORTEVENT TC_26_7_4_1.ttcn3:573 Port COORD was stopped.
2026/Jun/08 11:41:50.225355 PARALLEL TC_26_7_4_1.ttcn3:573 Component type GSM_Component_Definitions.GSM_CT was shut down inside testcase TC_26_7_4_1.
2026/Jun/08 11:41:50.225368 EXECUTOR TC_26_7_4_1.ttcn3:573 Waiting for PTCs to finish.
2026/Jun/08 11:41:50.225427 VERDICTOP TC_26_7_4_1.ttcn3:573 Setting final verdict of the test case.
2026/Jun/08 11:41:50.225487 VERDICTOP TC_26_7_4_1.ttcn3:573 Local verdict of MTC: fail
2026/Jun/08 11:41:50.225510 VERDICTOP TC_26_7_4_1.ttcn3:573 No PTCs were created.
2026/Jun/08 11:41:50.225521 TESTCASE TC_26_7_4_1.ttcn3:573 Test case TC_26_7_4_1 finished. Verdict: fail
2026/Jun/08 11:41:50.225758 STATISTICS - Verdict statistics: 0 none (0.00 %), 0 pass (0.00 %), 0 inconc (0.00 %), 1 fail (100.00 %), 0 error (0.00 %).
2026/Jun/08 11:41:50.225915 STATISTICS - Test execution summary: 1 test case was executed. Overall verdict: fail
2026/Jun/08 11:41:50.225931 EXECUTOR - Exit was requested from MC. Terminating MTC.
