[run-one] Namespace : gsm-41
[run-one] Tests     : TC_26_7_4_3_1
[run-one] Results   : results/week05/run20260626-102105-N8/ns-1/TC_26_7_4_3_1
[run-one] INFO  Images already in local registry.
[run-one] INFO  Installing Helm release gsm-41 from /work/gouri.naik/sampige-scaling-intern-2026/refs/osmocom-demo/k8s/chart ...
Release "gsm-41" does not exist. Installing it now.
NAME: gsm-41
LAST DEPLOYED: Fri Jun 26 16:19:43 2026
NAMESPACE: gsm-41
STATUS: deployed
REVISION: 1
TEST SUITE: None
[run-one] INFO  Waiting up to 240s for Deployments to be Ready...
  Not ready: msc-test-stub//1
osmo-bsc//1
osmo-bts-virtual//1
osmo-hlr//1
osmo-mgw//1
osmo-mobile//1
osmo-stp//1
virtphy//1
  Not ready: msc-test-stub//1
osmo-bsc//1
osmo-bts-virtual//1
osmo-hlr//1
osmo-mgw//1
osmo-mobile//1
osmo-stp//1
virtphy//1
  Not ready: msc-test-stub//1
osmo-bsc//1
osmo-mobile//1
  Not ready: msc-test-stub//1
osmo-mobile//1
  Not ready: osmo-mobile//1
  Not ready: osmo-mobile//1
  Not ready: osmo-mobile//1
[run-one] INFO  All Deployments ready.
[run-one] INFO  Waiting up to 300s for MS to camp on cell (MM_EVENT_CELL_SELECTED)...
[run-one] INFO  MS camped on cell.
[run-one] INFO  Waiting up to 60s for osmo-mobile VTY (port 4247)...
[run-one] INFO  osmo-mobile VTY ready.
[run-one] INFO  Waiting up to 120s for boot LU (BSC_SLR=0x000001) to clear...
[run-one] INFO  Boot LU CLEAR REQUEST seen — draining msc-stub event buffer...
msc-stub buffer drained
[run-one] INFO  MSC stub buffer drained — namespace ready for test.
[run-one] INFO  Running TC_26_7_4_3_1 as Job ttcn3-tc-26-7-4-3-1-1...
[run-one] FAIL  TC_26_7_4_3_1: FAIL
=====================================================
 TTCN-3 k8s Run Summary
 Namespace : gsm-41
 Timestamp : 20260626-104943
=====================================================
  TC_26_7_4_3_1                            FAIL
-----------------------------------------------------
  PASS: 0   FAIL: 1   INCONCLUSIVE: 0
=====================================================
[run-one] INFO  Done. Results: results/week05/run20260626-102105-N8/ns-1/TC_26_7_4_3_1
[run-one] INFO  Teardown: uninstalling Helm release gsm-41...
release "gsm-41" uninstalled
[run-one] INFO  Teardown: deleting namespace gsm-41...
namespace "gsm-41" deleted
{
  "namespaces": [
    {
      "namespace": "gsm-41",
      "bringup_s": 40.704,
      "testing_s": 71.758,
      "teardown_s": 51.534,
      "total_s": 163.998,
      "verdicts": [
        {
          "tc_name": "TC_26_7_4_3_1",
          "verdict": "FAIL"
        }
      ],
      "pass": 0,
      "fail": 1,
      "inconclusive": 0
    }
  ],
  "T_suite_s": 163.998,
  "N": 1,
  "pass": 0,
  "fail": 1,
  "inconclusive": 0,
  "test_durations": [
    {
      "namespace": "gsm-41",
      "tc_name": "TC_26_7_4_3_1",
      "duration_s": 71.752,
      "verdict": "FAIL"
    }
  ],
  "pods": {
    "total_restarts": 0,
    "oom_kills": 0
  },
  "S": null,
  "E": null
}
