2026/Jun/15 11:50:12.536378 EXECUTOR - TTCN-3 Host Controller started on ttcn3-tc-26-7-2-1-1-jgb86. Version: 11.1.0.
2026/Jun/15 11:50:12.536535 EXECUTOR - TTCN Logger v2.2 options: TimeStampFormat:=DateTime; LogEntityName:=No; LogEventTypes:=Yes; SourceInfoFormat:=Single; LogSensitiveData:=No; *.FileMask:=LOG_ALL; *.ConsoleMask:=ERROR | TESTCASE | USER | VERDICTOP | WARNING; LogFileSize:=0; LogFileNumber:=1; DiskFullAction:=Error
2026/Jun/15 11:50:12.536547 EXECUTOR - Maximum number of open file descriptors: 1048576,   FD_SETSIZE = 1024
2026/Jun/15 11:50:12.536681 WARNING - Warning: The address of MC was set to a local IP address. This may cause incorrect behavior if a HC from a remote host also connects to MC.
2026/Jun/15 11:50:12.536718 EXECUTOR - The address of MC was set to 127.0.0.1:0.
2026/Jun/15 11:50:12.536849 EXECUTOR - Connected to MC.
2026/Jun/15 11:50:12.536946 EXECUTOR - This host supports UNIX domain sockets for local communication.
2026/Jun/15 11:50:12.537372 EXECUTOR - Processing configuration data received from MC.
2026/Jun/15 11:50:12.537737 WARNING - Warning: Skeleton `/results/TC_26_7_2_1-2026-06-15-115011/%n.log' does not guarantee unique log file name for every test system process. It may cause unpredictable results if several test components try to write into the same log file.
2026/Jun/15 11:50:12.538131 EXECUTOR - Module GSM_Constants has the following parameters: { TSPC_Serv_TS11 := true, TSPC_Serv_TS61 := false, TSPC_Serv_TS62 := false, TSPC_Serv_BS21 := false, TSPC_Serv_BS22 := false, TSPC_Serv_BS24 := false, TSPC_Serv_BS25 := false, TSPC_Serv_BS26 := false, TSPC_Serv_BS31 := false, TSPC_Serv_BS32 := false, TSPC_Serv_BS33 := false, TSPC_Serv_BS34 := false, TSPC_Serv_BS41 := false, TSPC_Serv_BS42 := false, TSPC_Serv_BS43 := false, TSPC_Serv_BS44 := false, TSPC_Serv_BS45 := false, TSPC_Serv_BS51 := false, TSPC_Serv_BS61 := false, TSPC_Serv_BS81 := false, TSPC_DualRate := false, TSPC_MTsvc := true, TSPX_IMSI := '901700000000001F'O, TSPX_TMSI := '1914D97F'O, TSPX_CKSNDef := 0, TSPX_RANDDef := '00112233445566778899AABBCCDDEEFF'O, TSPX_SRES := '12345678'O, TSPX_Kc := '0000000000000000'O, TSPX_SDCCH4SubDef := 0, TSPX_TmSltDef := 0, TSPX_TscDef := 7, TSPX_TCHHSubDef := 0, TCV_CC := true, TSPX_Telephony_Rate := C_Full (0), TSPX_MOBscSvcA := C_Telephony (0), TSPX_MOBscSvcB := C_Telephony (0), TSPX_MOBscSvcC := C_Telephony (0), TSPX_MOBscSvcD := C_Telephony (0), TSPX_MOBscSvcE := C_Telephony (0), TSPX_MOBscSvcF := C_Telephony (0), TSPX_MOBscSvcG := C_Telephony (0), TSPX_MOChRateA := C_Full (0), TSPX_MOChRateB := C_Full (0), TSPX_MOChRateC := C_Full (0), TSPX_MOChRateD := C_Full (0), TSPX_MOChRateE := C_Full (0), TSPX_MOChRateF := C_Full (0), TSPX_MOChRateG := C_Full (0), TSPX_MTBscSvcA := C_Telephony (0), TSPX_MTBscSvcB := C_Telephony (0), TSPX_MTBscSvcC := C_Telephony (0), TSPX_MTBscSvcD := C_Telephony (0), TSPX_MTBscSvcE := C_Telephony (0), TSPX_MTBscSvcF := C_Telephony (0), TSPX_MTBscSvcG := C_Telephony (0), TSPX_MTBscSvcH := C_Telephony (0), TSPX_MTBscSvcI := C_Telephony (0), TSPX_MTBscSvcJ := C_Telephony (0), TSPX_MTChRateA := C_Full (0), TSPX_MTChRateB := C_Full (0), TSPX_MTChRateC := C_Full (0), TSPX_MTChRateD := C_Full (0), TSPX_MTChRateE := C_Full (0), TSPX_MTChRateF := C_Full (0), TSPX_MTChRateG := C_Full (0), TSPX_MTChRateH := C_Full (0), TSPX_MTChRateI := C_Full (0), TSPX_MTChRateJ := C_Full (0), C_arfcnA := 100 }
2026/Jun/15 11:50:12.538230 EXECUTOR - Module TC_26_6_1_2 has the following parameters: { TSPX_nPara := 3, TSPX_i1Para := 3, TSPX_kPara := 5, TSPX_i2Para := 1, TSPX_rPara := 4, TSPX_i3Para := 4 }
2026/Jun/15 11:50:12.538280 EXECUTOR - Initializing module GSM_Component_Definitions.
2026/Jun/15 11:50:12.538290 EXECUTOR GSM_Component_Definitions.ttcn3:0 Initializing module GSM_Templates.
2026/Jun/15 11:50:12.538312 EXECUTOR GSM_Templates.ttcn3:0 Initializing module GSM_Constants.
2026/Jun/15 11:50:12.538318 EXECUTOR GSM_Constants.ttcn3:0 Initializing module GSM_Types.
2026/Jun/15 11:50:12.538322 EXECUTOR GSM_Constants.ttcn3:0 Initialization of module GSM_Types finished.
2026/Jun/15 11:50:12.538326 EXECUTOR GSM_Templates.ttcn3:0 Initialization of module GSM_Constants finished.
2026/Jun/15 11:50:12.538413 EXECUTOR GSM_Component_Definitions.ttcn3:0 Initialization of module GSM_Templates finished.
2026/Jun/15 11:50:12.538418 EXECUTOR - Initialization of module GSM_Component_Definitions finished.
2026/Jun/15 11:50:12.538421 EXECUTOR - Initializing module GSM_Functions.
2026/Jun/15 11:50:12.538451 EXECUTOR - Initialization of module GSM_Functions finished.
2026/Jun/15 11:50:12.538454 EXECUTOR - Initializing module PreGenRecordOf.
2026/Jun/15 11:50:12.538457 EXECUTOR - Initialization of module PreGenRecordOf finished.
2026/Jun/15 11:50:12.538459 EXECUTOR - Initializing module TC_26_2_1_3.
2026/Jun/15 11:50:12.538465 EXECUTOR - Initialization of module TC_26_2_1_3 finished.
2026/Jun/15 11:50:12.538468 EXECUTOR - Initializing module TC_26_2_2.
2026/Jun/15 11:50:12.538473 EXECUTOR - Initialization of module TC_26_2_2 finished.
2026/Jun/15 11:50:12.538476 EXECUTOR - Initializing module TC_26_2_3.
2026/Jun/15 11:50:12.538482 EXECUTOR - Initialization of module TC_26_2_3 finished.
2026/Jun/15 11:50:12.538484 EXECUTOR - Initializing module TC_26_6_11_1.
2026/Jun/15 11:50:12.538490 EXECUTOR - Initialization of module TC_26_6_11_1 finished.
2026/Jun/15 11:50:12.538493 EXECUTOR - Initializing module TC_26_6_11_2.
2026/Jun/15 11:50:12.538498 EXECUTOR - Initialization of module TC_26_6_11_2 finished.
2026/Jun/15 11:50:12.538501 EXECUTOR - Initializing module TC_26_6_12_1.
2026/Jun/15 11:50:12.538506 EXECUTOR - Initialization of module TC_26_6_12_1 finished.
2026/Jun/15 11:50:12.538509 EXECUTOR - Initializing module TC_26_6_12_2.
2026/Jun/15 11:50:12.538515 EXECUTOR - Initialization of module TC_26_6_12_2 finished.
2026/Jun/15 11:50:12.538517 EXECUTOR - Initializing module TC_26_6_12_3.
2026/Jun/15 11:50:12.538523 EXECUTOR - Initialization of module TC_26_6_12_3 finished.
2026/Jun/15 11:50:12.538526 EXECUTOR - Initializing module TC_26_6_12_4.
2026/Jun/15 11:50:12.538531 EXECUTOR - Initialization of module TC_26_6_12_4 finished.
2026/Jun/15 11:50:12.538534 EXECUTOR - Initializing module TC_26_6_13_10.
2026/Jun/15 11:50:12.538540 EXECUTOR - Initialization of module TC_26_6_13_10 finished.
2026/Jun/15 11:50:12.538542 EXECUTOR - Initializing module TC_26_6_13_9.
2026/Jun/15 11:50:12.538548 EXECUTOR - Initialization of module TC_26_6_13_9 finished.
2026/Jun/15 11:50:12.538550 EXECUTOR - Initializing module TC_26_6_1_1.
2026/Jun/15 11:50:12.538556 EXECUTOR - Initialization of module TC_26_6_1_1 finished.
2026/Jun/15 11:50:12.538559 EXECUTOR - Initializing module TC_26_6_1_2.
2026/Jun/15 11:50:12.538564 EXECUTOR - Initialization of module TC_26_6_1_2 finished.
2026/Jun/15 11:50:12.538566 EXECUTOR - Initializing module TC_26_6_1_3.
2026/Jun/15 11:50:12.538572 EXECUTOR - Initialization of module TC_26_6_1_3 finished.
2026/Jun/15 11:50:12.538575 EXECUTOR - Initializing module TC_26_6_1_4.
2026/Jun/15 11:50:12.538580 EXECUTOR - Initialization of module TC_26_6_1_4 finished.
2026/Jun/15 11:50:12.538583 EXECUTOR - Initializing module TC_26_6_1_5.
2026/Jun/15 11:50:12.538589 EXECUTOR - Initialization of module TC_26_6_1_5 finished.
2026/Jun/15 11:50:12.538591 EXECUTOR - Initializing module TC_26_6_2_1_1.
2026/Jun/15 11:50:12.538597 EXECUTOR - Initialization of module TC_26_6_2_1_1 finished.
2026/Jun/15 11:50:12.538599 EXECUTOR - Initializing module TC_26_6_2_1_2.
2026/Jun/15 11:50:12.538605 EXECUTOR - Initialization of module TC_26_6_2_1_2 finished.
2026/Jun/15 11:50:12.538608 EXECUTOR - Initializing module TC_26_6_2_1_3.
2026/Jun/15 11:50:12.538614 EXECUTOR - Initialization of module TC_26_6_2_1_3 finished.
2026/Jun/15 11:50:12.538616 EXECUTOR - Initializing module TC_26_6_2_2.
2026/Jun/15 11:50:12.538622 EXECUTOR - Initialization of module TC_26_6_2_2 finished.
2026/Jun/15 11:50:12.538624 EXECUTOR - Initializing module TC_26_6_2_3_1.
2026/Jun/15 11:50:12.538631 EXECUTOR - Initialization of module TC_26_6_2_3_1 finished.
2026/Jun/15 11:50:12.538634 EXECUTOR - Initializing module TC_26_6_2_3_2.
2026/Jun/15 11:50:12.538639 EXECUTOR - Initialization of module TC_26_6_2_3_2 finished.
2026/Jun/15 11:50:12.538646 EXECUTOR - Initializing module TC_26_6_2_4.
2026/Jun/15 11:50:12.538652 EXECUTOR - Initialization of module TC_26_6_2_4 finished.
2026/Jun/15 11:50:12.538654 EXECUTOR - Initializing module TC_26_6_3_1.
2026/Jun/15 11:50:12.538660 EXECUTOR - Initialization of module TC_26_6_3_1 finished.
2026/Jun/15 11:50:12.538663 EXECUTOR - Initializing module TC_26_6_3_4.
2026/Jun/15 11:50:12.538670 EXECUTOR - Initialization of module TC_26_6_3_4 finished.
2026/Jun/15 11:50:12.538672 EXECUTOR - Initializing module TC_26_6_4_1.
2026/Jun/15 11:50:12.538678 EXECUTOR - Initialization of module TC_26_6_4_1 finished.
2026/Jun/15 11:50:12.538681 EXECUTOR - Initializing module TC_26_6_4_2_2.
2026/Jun/15 11:50:12.538687 EXECUTOR - Initialization of module TC_26_6_4_2_2 finished.
2026/Jun/15 11:50:12.538689 EXECUTOR - Initializing module TC_26_6_5_1.
2026/Jun/15 11:50:12.538696 EXECUTOR - Initialization of module TC_26_6_5_1 finished.
2026/Jun/15 11:50:12.538698 EXECUTOR - Initializing module TC_26_6_5_2_1.
2026/Jun/15 11:50:12.538704 EXECUTOR - Initialization of module TC_26_6_5_2_1 finished.
2026/Jun/15 11:50:12.538706 EXECUTOR - Initializing module TC_26_6_8_1.
2026/Jun/15 11:50:12.538713 EXECUTOR - Initialization of module TC_26_6_8_1 finished.
2026/Jun/15 11:50:12.538715 EXECUTOR - Initializing module TC_26_6_8_2.
2026/Jun/15 11:50:12.538721 EXECUTOR - Initialization of module TC_26_6_8_2 finished.
2026/Jun/15 11:50:12.538723 EXECUTOR - Initializing module TC_26_6_8_3.
2026/Jun/15 11:50:12.538729 EXECUTOR - Initialization of module TC_26_6_8_3 finished.
2026/Jun/15 11:50:12.538731 EXECUTOR - Initializing module TC_26_6_8_4.
2026/Jun/15 11:50:12.538737 EXECUTOR - Initialization of module TC_26_6_8_4 finished.
2026/Jun/15 11:50:12.538739 EXECUTOR - Initializing module TC_26_6_8_5.
2026/Jun/15 11:50:12.538745 EXECUTOR - Initialization of module TC_26_6_8_5 finished.
2026/Jun/15 11:50:12.538748 EXECUTOR - Initializing module TC_26_7_1.
2026/Jun/15 11:50:12.538754 EXECUTOR - Initialization of module TC_26_7_1 finished.
2026/Jun/15 11:50:12.538756 EXECUTOR - Initializing module TC_26_7_2_1.
2026/Jun/15 11:50:12.538762 EXECUTOR - Initialization of module TC_26_7_2_1 finished.
2026/Jun/15 11:50:12.538764 EXECUTOR - Initializing module TC_26_7_2_2.
2026/Jun/15 11:50:12.538770 EXECUTOR - Initialization of module TC_26_7_2_2 finished.
2026/Jun/15 11:50:12.538772 EXECUTOR - Initializing module TC_26_7_3_1.
2026/Jun/15 11:50:12.538778 EXECUTOR - Initialization of module TC_26_7_3_1 finished.
2026/Jun/15 11:50:12.538780 EXECUTOR - Initializing module TC_26_7_3_2.
2026/Jun/15 11:50:12.538786 EXECUTOR - Initialization of module TC_26_7_3_2 finished.
2026/Jun/15 11:50:12.538788 EXECUTOR - Initializing module TC_26_7_4_1.
2026/Jun/15 11:50:12.538794 EXECUTOR - Initialization of module TC_26_7_4_1 finished.
2026/Jun/15 11:50:12.538797 EXECUTOR - Initializing module TC_26_7_4_2_1.
2026/Jun/15 11:50:12.538803 EXECUTOR - Initialization of module TC_26_7_4_2_1 finished.
2026/Jun/15 11:50:12.538805 EXECUTOR - Initializing module TC_26_7_4_2_2_1.
2026/Jun/15 11:50:12.538811 EXECUTOR - Initialization of module TC_26_7_4_2_2_1 finished.
2026/Jun/15 11:50:12.538813 EXECUTOR - Initializing module TC_26_7_4_2_2_2.
2026/Jun/15 11:50:12.538829 EXECUTOR - Initialization of module TC_26_7_4_2_2_2 finished.
2026/Jun/15 11:50:12.538835 EXECUTOR - Initializing module TC_26_7_4_2_3.
2026/Jun/15 11:50:12.538841 EXECUTOR - Initialization of module TC_26_7_4_2_3 finished.
2026/Jun/15 11:50:12.538844 EXECUTOR - Initializing module TC_26_7_4_2_4_1.
2026/Jun/15 11:50:12.538850 EXECUTOR - Initialization of module TC_26_7_4_2_4_1 finished.
2026/Jun/15 11:50:12.538852 EXECUTOR - Initializing module TC_26_7_4_2_4_2.
2026/Jun/15 11:50:12.538859 EXECUTOR - Initialization of module TC_26_7_4_2_4_2 finished.
2026/Jun/15 11:50:12.538861 EXECUTOR - Initializing module TC_26_7_4_2_4_3.
2026/Jun/15 11:50:12.538867 EXECUTOR - Initialization of module TC_26_7_4_2_4_3 finished.
2026/Jun/15 11:50:12.538870 EXECUTOR - Initializing module TC_26_7_4_2_4_4.
2026/Jun/15 11:50:12.538879 EXECUTOR - Initialization of module TC_26_7_4_2_4_4 finished.
2026/Jun/15 11:50:12.538882 EXECUTOR - Initializing module TC_26_7_4_2_4_5.
2026/Jun/15 11:50:12.538887 EXECUTOR - Initialization of module TC_26_7_4_2_4_5 finished.
2026/Jun/15 11:50:12.538890 EXECUTOR - Initializing module TC_26_7_4_3_1.
2026/Jun/15 11:50:12.538896 EXECUTOR - Initialization of module TC_26_7_4_3_1 finished.
2026/Jun/15 11:50:12.538898 EXECUTOR - Initializing module TC_26_7_4_3_2.
2026/Jun/15 11:50:12.538905 EXECUTOR - Initialization of module TC_26_7_4_3_2 finished.
2026/Jun/15 11:50:12.538907 EXECUTOR - Initializing module TC_26_7_4_3_3.
2026/Jun/15 11:50:12.538913 EXECUTOR - Initialization of module TC_26_7_4_3_3 finished.
2026/Jun/15 11:50:12.538916 EXECUTOR - Initializing module TC_26_7_4_3_4.
2026/Jun/15 11:50:12.538922 EXECUTOR - Initialization of module TC_26_7_4_3_4 finished.
2026/Jun/15 11:50:12.538924 EXECUTOR - Initializing module TC_26_7_4_4.
2026/Jun/15 11:50:12.538930 EXECUTOR - Initialization of module TC_26_7_4_4 finished.
2026/Jun/15 11:50:12.538932 EXECUTOR - Initializing module TC_26_7_4_5_1.
2026/Jun/15 11:50:12.538938 EXECUTOR - Initialization of module TC_26_7_4_5_1 finished.
2026/Jun/15 11:50:12.538941 EXECUTOR - Initializing module TC_26_7_4_5_2.
2026/Jun/15 11:50:12.538946 EXECUTOR - Initialization of module TC_26_7_4_5_2 finished.
2026/Jun/15 11:50:12.538948 EXECUTOR - Initializing module TC_26_7_4_5_3.
2026/Jun/15 11:50:12.538955 EXECUTOR - Initialization of module TC_26_7_4_5_3 finished.
2026/Jun/15 11:50:12.538957 EXECUTOR - Initializing module TC_26_7_4_5_4_2.
2026/Jun/15 11:50:12.538963 EXECUTOR - Initialization of module TC_26_7_4_5_4_2 finished.
2026/Jun/15 11:50:12.538966 EXECUTOR - Initializing module TC_26_7_5_2.
2026/Jun/15 11:50:12.538971 EXECUTOR - Initialization of module TC_26_7_5_2 finished.
2026/Jun/15 11:50:12.538974 EXECUTOR - Initializing module TC_26_7_5_3.
2026/Jun/15 11:50:12.538980 EXECUTOR - Initialization of module TC_26_7_5_3 finished.
2026/Jun/15 11:50:12.538982 EXECUTOR - Initializing module TC_26_7_5_4.
2026/Jun/15 11:50:12.538988 EXECUTOR - Initialization of module TC_26_7_5_4 finished.
2026/Jun/15 11:50:12.538990 EXECUTOR - Initializing module TC_26_7_5_5.
2026/Jun/15 11:50:12.538996 EXECUTOR - Initialization of module TC_26_7_5_5 finished.
2026/Jun/15 11:50:12.538998 EXECUTOR - Initializing module TC_26_7_5_6.
2026/Jun/15 11:50:12.539004 EXECUTOR - Initialization of module TC_26_7_5_6 finished.
2026/Jun/15 11:50:12.539006 EXECUTOR - Initializing module TC_26_7_5_7_1.
2026/Jun/15 11:50:12.539012 EXECUTOR - Initialization of module TC_26_7_5_7_1 finished.
2026/Jun/15 11:50:12.539014 EXECUTOR - Initializing module TC_26_7_5_8_1.
2026/Jun/15 11:50:12.539020 EXECUTOR - Initialization of module TC_26_7_5_8_1 finished.
2026/Jun/15 11:50:12.539022 EXECUTOR - Initializing module TC_26_7_5_8_2.
2026/Jun/15 11:50:12.539028 EXECUTOR - Initialization of module TC_26_7_5_8_2 finished.
2026/Jun/15 11:50:12.539031 EXECUTOR - Initializing module TC_26_7_5_8_3.
2026/Jun/15 11:50:12.539036 EXECUTOR - Initialization of module TC_26_7_5_8_3 finished.
2026/Jun/15 11:50:12.539038 EXECUTOR - Initializing module TC_26_8_1_2_1_1.
2026/Jun/15 11:50:12.539044 EXECUTOR - Initialization of module TC_26_8_1_2_1_1 finished.
2026/Jun/15 11:50:12.539046 EXECUTOR - Initializing module TC_26_8_1_2_2_1.
2026/Jun/15 11:50:12.539052 EXECUTOR - Initialization of module TC_26_8_1_2_2_1 finished.
2026/Jun/15 11:50:12.539055 EXECUTOR - Initializing module TC_26_8_1_2_2_2.
2026/Jun/15 11:50:12.539060 EXECUTOR - Initialization of module TC_26_8_1_2_2_2 finished.
2026/Jun/15 11:50:12.539063 EXECUTOR - Initializing module TC_26_8_1_2_2_3.
2026/Jun/15 11:50:12.539069 EXECUTOR - Initialization of module TC_26_8_1_2_2_3 finished.
2026/Jun/15 11:50:12.539071 EXECUTOR - Initializing module TC_26_8_1_2_3_1.
2026/Jun/15 11:50:12.539077 EXECUTOR - Initialization of module TC_26_8_1_2_3_1 finished.
2026/Jun/15 11:50:12.539080 EXECUTOR - Initializing module TC_26_8_1_2_3_2.
2026/Jun/15 11:50:12.539085 EXECUTOR - Initialization of module TC_26_8_1_2_3_2 finished.
2026/Jun/15 11:50:12.539091 EXECUTOR - Initializing module TC_26_8_1_2_3_3.
2026/Jun/15 11:50:12.539097 EXECUTOR - Initialization of module TC_26_8_1_2_3_3 finished.
2026/Jun/15 11:50:12.539099 EXECUTOR - Initializing module TC_26_8_1_2_3_4.
2026/Jun/15 11:50:12.539105 EXECUTOR - Initialization of module TC_26_8_1_2_3_4 finished.
2026/Jun/15 11:50:12.539107 EXECUTOR - Initializing module TC_26_8_1_2_3_5.
2026/Jun/15 11:50:12.539113 EXECUTOR - Initialization of module TC_26_8_1_2_3_5 finished.
2026/Jun/15 11:50:12.539115 EXECUTOR - Initializing module TC_26_8_1_2_3_6.
2026/Jun/15 11:50:12.539121 EXECUTOR - Initialization of module TC_26_8_1_2_3_6 finished.
2026/Jun/15 11:50:12.539123 EXECUTOR - Initializing module TC_26_8_1_2_3_7.
2026/Jun/15 11:50:12.539129 EXECUTOR - Initialization of module TC_26_8_1_2_3_7 finished.
2026/Jun/15 11:50:12.539131 EXECUTOR - Initializing module TC_26_8_1_2_4_1.
2026/Jun/15 11:50:12.539137 EXECUTOR - Initialization of module TC_26_8_1_2_4_1 finished.
2026/Jun/15 11:50:12.539139 EXECUTOR - Initializing module TC_26_8_1_2_4_13.
2026/Jun/15 11:50:12.539145 EXECUTOR - Initialization of module TC_26_8_1_2_4_13 finished.
2026/Jun/15 11:50:12.539148 EXECUTOR - Initializing module TC_26_8_1_2_4_2.
2026/Jun/15 11:50:12.539153 EXECUTOR - Initialization of module TC_26_8_1_2_4_2 finished.
2026/Jun/15 11:50:12.539156 EXECUTOR - Initializing module TC_26_8_1_2_4_3.
2026/Jun/15 11:50:12.539161 EXECUTOR - Initialization of module TC_26_8_1_2_4_3 finished.
2026/Jun/15 11:50:12.539164 EXECUTOR - Initializing module TC_26_8_1_2_4_4.
2026/Jun/15 11:50:12.539171 EXECUTOR - Initialization of module TC_26_8_1_2_4_4 finished.
2026/Jun/15 11:50:12.539173 EXECUTOR - Initializing module TC_26_8_1_2_4_5.
2026/Jun/15 11:50:12.539179 EXECUTOR - Initialization of module TC_26_8_1_2_4_5 finished.
2026/Jun/15 11:50:12.539181 EXECUTOR - Initializing module TC_26_8_1_2_6_1.
2026/Jun/15 11:50:12.539187 EXECUTOR - Initialization of module TC_26_8_1_2_6_1 finished.
2026/Jun/15 11:50:12.539190 EXECUTOR - Initializing module TC_26_8_1_2_6_2.
2026/Jun/15 11:50:12.539196 EXECUTOR - Initialization of module TC_26_8_1_2_6_2 finished.
2026/Jun/15 11:50:12.539199 EXECUTOR - Initializing module TC_26_8_1_2_6_3.
2026/Jun/15 11:50:12.539204 EXECUTOR - Initialization of module TC_26_8_1_2_6_3 finished.
2026/Jun/15 11:50:12.539206 EXECUTOR - Initializing module TC_26_8_1_2_6_6.
2026/Jun/15 11:50:12.539212 EXECUTOR - Initialization of module TC_26_8_1_2_6_6 finished.
2026/Jun/15 11:50:12.539215 EXECUTOR - Initializing module TC_26_8_1_3_1_1.
2026/Jun/15 11:50:12.539220 EXECUTOR - Initialization of module TC_26_8_1_3_1_1 finished.
2026/Jun/15 11:50:12.539223 EXECUTOR - Initializing module TC_26_8_1_3_2_1.
2026/Jun/15 11:50:12.539229 EXECUTOR - Initialization of module TC_26_8_1_3_2_1 finished.
2026/Jun/15 11:50:12.539232 EXECUTOR - Initializing module TC_26_8_1_3_3_1.
2026/Jun/15 11:50:12.539238 EXECUTOR - Initialization of module TC_26_8_1_3_3_1 finished.
2026/Jun/15 11:50:12.539240 EXECUTOR - Initializing module TC_26_8_1_3_3_2.
2026/Jun/15 11:50:12.539246 EXECUTOR - Initialization of module TC_26_8_1_3_3_2 finished.
2026/Jun/15 11:50:12.539248 EXECUTOR - Initializing module TC_26_8_1_3_3_3.
2026/Jun/15 11:50:12.539254 EXECUTOR - Initialization of module TC_26_8_1_3_3_3 finished.
2026/Jun/15 11:50:12.539256 EXECUTOR - Initializing module TC_26_8_1_3_3_4.
2026/Jun/15 11:50:12.539262 EXECUTOR - Initialization of module TC_26_8_1_3_3_4 finished.
2026/Jun/15 11:50:12.539264 EXECUTOR - Initializing module TC_26_8_1_3_3_5.
2026/Jun/15 11:50:12.539270 EXECUTOR - Initialization of module TC_26_8_1_3_3_5 finished.
2026/Jun/15 11:50:12.539272 EXECUTOR - Initializing module TC_26_8_1_3_3_6.
2026/Jun/15 11:50:12.539278 EXECUTOR - Initialization of module TC_26_8_1_3_3_6 finished.
2026/Jun/15 11:50:12.539281 EXECUTOR - Initializing module TC_26_8_1_3_3_7.
2026/Jun/15 11:50:12.539286 EXECUTOR - Initialization of module TC_26_8_1_3_3_7 finished.
2026/Jun/15 11:50:12.539289 EXECUTOR - Initializing module TC_26_8_1_3_4_1.
2026/Jun/15 11:50:12.539297 EXECUTOR - Initialization of module TC_26_8_1_3_4_1 finished.
2026/Jun/15 11:50:12.539300 EXECUTOR - Initializing module TC_26_8_1_3_4_2.
2026/Jun/15 11:50:12.539306 EXECUTOR - Initialization of module TC_26_8_1_3_4_2 finished.
2026/Jun/15 11:50:12.539308 EXECUTOR - Initializing module TC_26_8_1_3_4_3.
2026/Jun/15 11:50:12.539314 EXECUTOR - Initialization of module TC_26_8_1_3_4_3 finished.
2026/Jun/15 11:50:12.539316 EXECUTOR - Initializing module TC_26_8_1_3_4_4.
2026/Jun/15 11:50:12.539322 EXECUTOR - Initialization of module TC_26_8_1_3_4_4 finished.
2026/Jun/15 11:50:12.539324 EXECUTOR - Initializing module TC_26_8_1_3_4_5.
2026/Jun/15 11:50:12.539330 EXECUTOR - Initialization of module TC_26_8_1_3_4_5 finished.
2026/Jun/15 11:50:12.539332 EXECUTOR - Initializing module TC_26_8_1_3_4_6.
2026/Jun/15 11:50:12.539338 EXECUTOR - Initialization of module TC_26_8_1_3_4_6 finished.
2026/Jun/15 11:50:12.539340 EXECUTOR - Initializing module TC_26_8_1_3_4_7.
2026/Jun/15 11:50:12.539346 EXECUTOR - Initialization of module TC_26_8_1_3_4_7 finished.
2026/Jun/15 11:50:12.539348 EXECUTOR - Initializing module TC_26_8_1_3_4_8.
2026/Jun/15 11:50:12.539354 EXECUTOR - Initialization of module TC_26_8_1_3_4_8 finished.
2026/Jun/15 11:50:12.539356 EXECUTOR - Initializing module TC_26_8_1_3_5_1.
2026/Jun/15 11:50:12.539362 EXECUTOR - Initialization of module TC_26_8_1_3_5_1 finished.
2026/Jun/15 11:50:12.539365 EXECUTOR - Initializing module TC_26_8_1_3_5_2.
2026/Jun/15 11:50:12.539370 EXECUTOR - Initialization of module TC_26_8_1_3_5_2 finished.
2026/Jun/15 11:50:12.539373 EXECUTOR - Initializing module TC_26_8_1_3_5_3.
2026/Jun/15 11:50:12.539379 EXECUTOR - Initialization of module TC_26_8_1_3_5_3 finished.
2026/Jun/15 11:50:12.539381 EXECUTOR - Initializing module TC_26_8_1_3_5_4.
2026/Jun/15 11:50:12.539387 EXECUTOR - Initialization of module TC_26_8_1_3_5_4 finished.
2026/Jun/15 11:50:12.539389 EXECUTOR - Initializing module TC_26_8_1_3_5_5.
2026/Jun/15 11:50:12.539395 EXECUTOR - Initialization of module TC_26_8_1_3_5_5 finished.
2026/Jun/15 11:50:12.539397 EXECUTOR - Initializing module TC_26_8_1_3_5_6.
2026/Jun/15 11:50:12.539403 EXECUTOR - Initialization of module TC_26_8_1_3_5_6 finished.
2026/Jun/15 11:50:12.539405 EXECUTOR - Initializing module TC_26_8_1_3_5_7.
2026/Jun/15 11:50:12.539411 EXECUTOR - Initialization of module TC_26_8_1_3_5_7 finished.
2026/Jun/15 11:50:12.539413 EXECUTOR - Initializing module TC_26_8_1_3_5_8.
2026/Jun/15 11:50:12.539419 EXECUTOR - Initialization of module TC_26_8_1_3_5_8 finished.
2026/Jun/15 11:50:12.539422 EXECUTOR - Initializing module TC_26_8_1_3_5_9.
2026/Jun/15 11:50:12.539428 EXECUTOR - Initialization of module TC_26_8_1_3_5_9 finished.
2026/Jun/15 11:50:12.539430 EXECUTOR - Initializing module TC_26_8_2_1.
2026/Jun/15 11:50:12.539437 EXECUTOR - Initialization of module TC_26_8_2_1 finished.
2026/Jun/15 11:50:12.539439 EXECUTOR - Initializing module TC_26_8_2_2.
2026/Jun/15 11:50:12.539445 EXECUTOR - Initialization of module TC_26_8_2_2 finished.
2026/Jun/15 11:50:12.539448 EXECUTOR - Initializing module TC_26_8_2_3.
2026/Jun/15 11:50:12.539453 EXECUTOR - Initialization of module TC_26_8_2_3 finished.
2026/Jun/15 11:50:12.539456 EXECUTOR - Initializing module TC_26_8_3.
2026/Jun/15 11:50:12.539462 EXECUTOR - Initialization of module TC_26_8_3 finished.
2026/Jun/15 11:50:12.539464 EXECUTOR - Initializing module TC_34_2_2.
2026/Jun/15 11:50:12.539470 EXECUTOR - Initialization of module TC_34_2_2 finished.
2026/Jun/15 11:50:12.539472 EXECUTOR - Initializing module TitanLoggerApi.
2026/Jun/15 11:50:12.539475 EXECUTOR - Initialization of module TitanLoggerApi finished.
2026/Jun/15 11:50:12.539478 EXECUTOR - Initializing module TitanLoggerControl.
2026/Jun/15 11:50:12.539480 EXECUTOR - Initialization of module TitanLoggerControl finished.
2026/Jun/15 11:50:12.539493 EXECUTOR - Configuration data was processed successfully.
2026/Jun/15 11:50:12.541211 EXECUTOR - MTC was created. Process id: 39.
2026/Jun/15 11:51:37.404762 EXECUTOR - Exit was requested from MC. Terminating HC.
2026/Jun/15 11:51:37.404996 EXECUTOR - Disconnected from MC.
2026/Jun/15 11:51:37.405023 EXECUTOR - TTCN-3 Host Controller finished.
