2026/Jun/15 05:36:10.121981 EXECUTOR - TTCN-3 Host Controller started on ttcn3-tc-34-2-2-1-tsw46. Version: 11.1.0.
2026/Jun/15 05:36:10.122148 EXECUTOR - TTCN Logger v2.2 options: TimeStampFormat:=DateTime; LogEntityName:=No; LogEventTypes:=Yes; SourceInfoFormat:=Single; LogSensitiveData:=No; *.FileMask:=LOG_ALL; *.ConsoleMask:=ERROR | TESTCASE | USER | VERDICTOP | WARNING; LogFileSize:=0; LogFileNumber:=1; DiskFullAction:=Error
2026/Jun/15 05:36:10.122160 EXECUTOR - Maximum number of open file descriptors: 1048576,   FD_SETSIZE = 1024
2026/Jun/15 05:36:10.122300 WARNING - Warning: The address of MC was set to a local IP address. This may cause incorrect behavior if a HC from a remote host also connects to MC.
2026/Jun/15 05:36:10.122341 EXECUTOR - The address of MC was set to 127.0.0.1:0.
2026/Jun/15 05:36:10.122468 EXECUTOR - Connected to MC.
2026/Jun/15 05:36:10.122572 EXECUTOR - This host supports UNIX domain sockets for local communication.
2026/Jun/15 05:36:10.122818 EXECUTOR - Processing configuration data received from MC.
2026/Jun/15 05:36:10.123066 WARNING - Warning: Skeleton `/results/TC_34_2_2-2026-06-15-053608/%n.log' does not guarantee unique log file name for every test system process. It may cause unpredictable results if several test components try to write into the same log file.
2026/Jun/15 05:36:10.123371 EXECUTOR - Module GSM_Constants has the following parameters: { TSPC_Serv_TS11 := true, TSPC_Serv_TS61 := false, TSPC_Serv_TS62 := false, TSPC_Serv_BS21 := false, TSPC_Serv_BS22 := false, TSPC_Serv_BS24 := false, TSPC_Serv_BS25 := false, TSPC_Serv_BS26 := false, TSPC_Serv_BS31 := false, TSPC_Serv_BS32 := false, TSPC_Serv_BS33 := false, TSPC_Serv_BS34 := false, TSPC_Serv_BS41 := false, TSPC_Serv_BS42 := false, TSPC_Serv_BS43 := false, TSPC_Serv_BS44 := false, TSPC_Serv_BS45 := false, TSPC_Serv_BS51 := false, TSPC_Serv_BS61 := false, TSPC_Serv_BS81 := false, TSPC_DualRate := false, TSPC_MTsvc := true, TSPX_IMSI := '901700000000001F'O, TSPX_TMSI := '1914D97F'O, TSPX_CKSNDef := 0, TSPX_RANDDef := '00112233445566778899AABBCCDDEEFF'O, TSPX_SRES := '12345678'O, TSPX_Kc := '0000000000000000'O, TSPX_SDCCH4SubDef := 0, TSPX_TmSltDef := 0, TSPX_TscDef := 7, TSPX_TCHHSubDef := 0, TCV_CC := true, TSPX_Telephony_Rate := C_Full (0), TSPX_MOBscSvcA := C_Telephony (0), TSPX_MOBscSvcB := C_Telephony (0), TSPX_MOBscSvcC := C_Telephony (0), TSPX_MOBscSvcD := C_Telephony (0), TSPX_MOBscSvcE := C_Telephony (0), TSPX_MOBscSvcF := C_Telephony (0), TSPX_MOBscSvcG := C_Telephony (0), TSPX_MOChRateA := C_Full (0), TSPX_MOChRateB := C_Full (0), TSPX_MOChRateC := C_Full (0), TSPX_MOChRateD := C_Full (0), TSPX_MOChRateE := C_Full (0), TSPX_MOChRateF := C_Full (0), TSPX_MOChRateG := C_Full (0), TSPX_MTBscSvcA := C_Telephony (0), TSPX_MTBscSvcB := C_Telephony (0), TSPX_MTBscSvcC := C_Telephony (0), TSPX_MTBscSvcD := C_Telephony (0), TSPX_MTBscSvcE := C_Telephony (0), TSPX_MTBscSvcF := C_Telephony (0), TSPX_MTBscSvcG := C_Telephony (0), TSPX_MTBscSvcH := C_Telephony (0), TSPX_MTBscSvcI := C_Telephony (0), TSPX_MTBscSvcJ := C_Telephony (0), TSPX_MTChRateA := C_Full (0), TSPX_MTChRateB := C_Full (0), TSPX_MTChRateC := C_Full (0), TSPX_MTChRateD := C_Full (0), TSPX_MTChRateE := C_Full (0), TSPX_MTChRateF := C_Full (0), TSPX_MTChRateG := C_Full (0), TSPX_MTChRateH := C_Full (0), TSPX_MTChRateI := C_Full (0), TSPX_MTChRateJ := C_Full (0), C_arfcnA := 100 }
2026/Jun/15 05:36:10.123454 EXECUTOR - Module TC_26_6_1_2 has the following parameters: { TSPX_nPara := 3, TSPX_i1Para := 3, TSPX_kPara := 5, TSPX_i2Para := 1, TSPX_rPara := 4, TSPX_i3Para := 4 }
2026/Jun/15 05:36:10.123487 EXECUTOR - Initializing module GSM_Component_Definitions.
2026/Jun/15 05:36:10.123494 EXECUTOR GSM_Component_Definitions.ttcn3:0 Initializing module GSM_Templates.
2026/Jun/15 05:36:10.123513 EXECUTOR GSM_Templates.ttcn3:0 Initializing module GSM_Constants.
2026/Jun/15 05:36:10.123519 EXECUTOR GSM_Constants.ttcn3:0 Initializing module GSM_Types.
2026/Jun/15 05:36:10.123523 EXECUTOR GSM_Constants.ttcn3:0 Initialization of module GSM_Types finished.
2026/Jun/15 05:36:10.123526 EXECUTOR GSM_Templates.ttcn3:0 Initialization of module GSM_Constants finished.
2026/Jun/15 05:36:10.123600 EXECUTOR GSM_Component_Definitions.ttcn3:0 Initialization of module GSM_Templates finished.
2026/Jun/15 05:36:10.123604 EXECUTOR - Initialization of module GSM_Component_Definitions finished.
2026/Jun/15 05:36:10.123607 EXECUTOR - Initializing module GSM_Functions.
2026/Jun/15 05:36:10.123631 EXECUTOR - Initialization of module GSM_Functions finished.
2026/Jun/15 05:36:10.123634 EXECUTOR - Initializing module PreGenRecordOf.
2026/Jun/15 05:36:10.123637 EXECUTOR - Initialization of module PreGenRecordOf finished.
2026/Jun/15 05:36:10.123640 EXECUTOR - Initializing module TC_26_2_1_3.
2026/Jun/15 05:36:10.123645 EXECUTOR - Initialization of module TC_26_2_1_3 finished.
2026/Jun/15 05:36:10.123648 EXECUTOR - Initializing module TC_26_2_2.
2026/Jun/15 05:36:10.123653 EXECUTOR - Initialization of module TC_26_2_2 finished.
2026/Jun/15 05:36:10.123656 EXECUTOR - Initializing module TC_26_2_3.
2026/Jun/15 05:36:10.123661 EXECUTOR - Initialization of module TC_26_2_3 finished.
2026/Jun/15 05:36:10.123664 EXECUTOR - Initializing module TC_26_6_11_1.
2026/Jun/15 05:36:10.123669 EXECUTOR - Initialization of module TC_26_6_11_1 finished.
2026/Jun/15 05:36:10.123672 EXECUTOR - Initializing module TC_26_6_11_2.
2026/Jun/15 05:36:10.123677 EXECUTOR - Initialization of module TC_26_6_11_2 finished.
2026/Jun/15 05:36:10.123679 EXECUTOR - Initializing module TC_26_6_12_1.
2026/Jun/15 05:36:10.123684 EXECUTOR - Initialization of module TC_26_6_12_1 finished.
2026/Jun/15 05:36:10.123687 EXECUTOR - Initializing module TC_26_6_12_2.
2026/Jun/15 05:36:10.123692 EXECUTOR - Initialization of module TC_26_6_12_2 finished.
2026/Jun/15 05:36:10.123694 EXECUTOR - Initializing module TC_26_6_12_3.
2026/Jun/15 05:36:10.123700 EXECUTOR - Initialization of module TC_26_6_12_3 finished.
2026/Jun/15 05:36:10.123702 EXECUTOR - Initializing module TC_26_6_12_4.
2026/Jun/15 05:36:10.123707 EXECUTOR - Initialization of module TC_26_6_12_4 finished.
2026/Jun/15 05:36:10.123710 EXECUTOR - Initializing module TC_26_6_13_10.
2026/Jun/15 05:36:10.123715 EXECUTOR - Initialization of module TC_26_6_13_10 finished.
2026/Jun/15 05:36:10.123718 EXECUTOR - Initializing module TC_26_6_13_9.
2026/Jun/15 05:36:10.123722 EXECUTOR - Initialization of module TC_26_6_13_9 finished.
2026/Jun/15 05:36:10.123725 EXECUTOR - Initializing module TC_26_6_1_1.
2026/Jun/15 05:36:10.123730 EXECUTOR - Initialization of module TC_26_6_1_1 finished.
2026/Jun/15 05:36:10.123733 EXECUTOR - Initializing module TC_26_6_1_2.
2026/Jun/15 05:36:10.123738 EXECUTOR - Initialization of module TC_26_6_1_2 finished.
2026/Jun/15 05:36:10.123741 EXECUTOR - Initializing module TC_26_6_1_3.
2026/Jun/15 05:36:10.123746 EXECUTOR - Initialization of module TC_26_6_1_3 finished.
2026/Jun/15 05:36:10.123748 EXECUTOR - Initializing module TC_26_6_1_4.
2026/Jun/15 05:36:10.123753 EXECUTOR - Initialization of module TC_26_6_1_4 finished.
2026/Jun/15 05:36:10.123756 EXECUTOR - Initializing module TC_26_6_1_5.
2026/Jun/15 05:36:10.123761 EXECUTOR - Initialization of module TC_26_6_1_5 finished.
2026/Jun/15 05:36:10.123764 EXECUTOR - Initializing module TC_26_6_2_1_1.
2026/Jun/15 05:36:10.123769 EXECUTOR - Initialization of module TC_26_6_2_1_1 finished.
2026/Jun/15 05:36:10.123771 EXECUTOR - Initializing module TC_26_6_2_1_2.
2026/Jun/15 05:36:10.123777 EXECUTOR - Initialization of module TC_26_6_2_1_2 finished.
2026/Jun/15 05:36:10.123779 EXECUTOR - Initializing module TC_26_6_2_1_3.
2026/Jun/15 05:36:10.123784 EXECUTOR - Initialization of module TC_26_6_2_1_3 finished.
2026/Jun/15 05:36:10.123787 EXECUTOR - Initializing module TC_26_6_2_2.
2026/Jun/15 05:36:10.123792 EXECUTOR - Initialization of module TC_26_6_2_2 finished.
2026/Jun/15 05:36:10.123795 EXECUTOR - Initializing module TC_26_6_2_3_1.
2026/Jun/15 05:36:10.123800 EXECUTOR - Initialization of module TC_26_6_2_3_1 finished.
2026/Jun/15 05:36:10.123803 EXECUTOR - Initializing module TC_26_6_2_3_2.
2026/Jun/15 05:36:10.123808 EXECUTOR - Initialization of module TC_26_6_2_3_2 finished.
2026/Jun/15 05:36:10.123817 EXECUTOR - Initializing module TC_26_6_2_4.
2026/Jun/15 05:36:10.123829 EXECUTOR - Initialization of module TC_26_6_2_4 finished.
2026/Jun/15 05:36:10.123835 EXECUTOR - Initializing module TC_26_6_3_1.
2026/Jun/15 05:36:10.123840 EXECUTOR - Initialization of module TC_26_6_3_1 finished.
2026/Jun/15 05:36:10.123843 EXECUTOR - Initializing module TC_26_6_3_4.
2026/Jun/15 05:36:10.123848 EXECUTOR - Initialization of module TC_26_6_3_4 finished.
2026/Jun/15 05:36:10.123851 EXECUTOR - Initializing module TC_26_6_4_1.
2026/Jun/15 05:36:10.123856 EXECUTOR - Initialization of module TC_26_6_4_1 finished.
2026/Jun/15 05:36:10.123858 EXECUTOR - Initializing module TC_26_6_4_2_2.
2026/Jun/15 05:36:10.123863 EXECUTOR - Initialization of module TC_26_6_4_2_2 finished.
2026/Jun/15 05:36:10.123866 EXECUTOR - Initializing module TC_26_6_5_1.
2026/Jun/15 05:36:10.123871 EXECUTOR - Initialization of module TC_26_6_5_1 finished.
2026/Jun/15 05:36:10.123874 EXECUTOR - Initializing module TC_26_6_5_2_1.
2026/Jun/15 05:36:10.123879 EXECUTOR - Initialization of module TC_26_6_5_2_1 finished.
2026/Jun/15 05:36:10.123881 EXECUTOR - Initializing module TC_26_6_8_1.
2026/Jun/15 05:36:10.123887 EXECUTOR - Initialization of module TC_26_6_8_1 finished.
2026/Jun/15 05:36:10.123890 EXECUTOR - Initializing module TC_26_6_8_2.
2026/Jun/15 05:36:10.123894 EXECUTOR - Initialization of module TC_26_6_8_2 finished.
2026/Jun/15 05:36:10.123897 EXECUTOR - Initializing module TC_26_6_8_3.
2026/Jun/15 05:36:10.123902 EXECUTOR - Initialization of module TC_26_6_8_3 finished.
2026/Jun/15 05:36:10.123905 EXECUTOR - Initializing module TC_26_6_8_4.
2026/Jun/15 05:36:10.123910 EXECUTOR - Initialization of module TC_26_6_8_4 finished.
2026/Jun/15 05:36:10.123912 EXECUTOR - Initializing module TC_26_6_8_5.
2026/Jun/15 05:36:10.123917 EXECUTOR - Initialization of module TC_26_6_8_5 finished.
2026/Jun/15 05:36:10.123920 EXECUTOR - Initializing module TC_26_7_1.
2026/Jun/15 05:36:10.123925 EXECUTOR - Initialization of module TC_26_7_1 finished.
2026/Jun/15 05:36:10.123928 EXECUTOR - Initializing module TC_26_7_2_1.
2026/Jun/15 05:36:10.123933 EXECUTOR - Initialization of module TC_26_7_2_1 finished.
2026/Jun/15 05:36:10.123936 EXECUTOR - Initializing module TC_26_7_2_2.
2026/Jun/15 05:36:10.123941 EXECUTOR - Initialization of module TC_26_7_2_2 finished.
2026/Jun/15 05:36:10.123943 EXECUTOR - Initializing module TC_26_7_3_1.
2026/Jun/15 05:36:10.123948 EXECUTOR - Initialization of module TC_26_7_3_1 finished.
2026/Jun/15 05:36:10.123951 EXECUTOR - Initializing module TC_26_7_3_2.
2026/Jun/15 05:36:10.123956 EXECUTOR - Initialization of module TC_26_7_3_2 finished.
2026/Jun/15 05:36:10.123959 EXECUTOR - Initializing module TC_26_7_4_1.
2026/Jun/15 05:36:10.123964 EXECUTOR - Initialization of module TC_26_7_4_1 finished.
2026/Jun/15 05:36:10.123967 EXECUTOR - Initializing module TC_26_7_4_2_1.
2026/Jun/15 05:36:10.123972 EXECUTOR - Initialization of module TC_26_7_4_2_1 finished.
2026/Jun/15 05:36:10.123974 EXECUTOR - Initializing module TC_26_7_4_2_2_1.
2026/Jun/15 05:36:10.123980 EXECUTOR - Initialization of module TC_26_7_4_2_2_1 finished.
2026/Jun/15 05:36:10.123983 EXECUTOR - Initializing module TC_26_7_4_2_2_2.
2026/Jun/15 05:36:10.123988 EXECUTOR - Initialization of module TC_26_7_4_2_2_2 finished.
2026/Jun/15 05:36:10.123990 EXECUTOR - Initializing module TC_26_7_4_2_3.
2026/Jun/15 05:36:10.123995 EXECUTOR - Initialization of module TC_26_7_4_2_3 finished.
2026/Jun/15 05:36:10.123998 EXECUTOR - Initializing module TC_26_7_4_2_4_1.
2026/Jun/15 05:36:10.124003 EXECUTOR - Initialization of module TC_26_7_4_2_4_1 finished.
2026/Jun/15 05:36:10.124006 EXECUTOR - Initializing module TC_26_7_4_2_4_2.
2026/Jun/15 05:36:10.124011 EXECUTOR - Initialization of module TC_26_7_4_2_4_2 finished.
2026/Jun/15 05:36:10.124013 EXECUTOR - Initializing module TC_26_7_4_2_4_3.
2026/Jun/15 05:36:10.124018 EXECUTOR - Initialization of module TC_26_7_4_2_4_3 finished.
2026/Jun/15 05:36:10.124021 EXECUTOR - Initializing module TC_26_7_4_2_4_4.
2026/Jun/15 05:36:10.124029 EXECUTOR - Initialization of module TC_26_7_4_2_4_4 finished.
2026/Jun/15 05:36:10.124032 EXECUTOR - Initializing module TC_26_7_4_2_4_5.
2026/Jun/15 05:36:10.124037 EXECUTOR - Initialization of module TC_26_7_4_2_4_5 finished.
2026/Jun/15 05:36:10.124039 EXECUTOR - Initializing module TC_26_7_4_3_1.
2026/Jun/15 05:36:10.124045 EXECUTOR - Initialization of module TC_26_7_4_3_1 finished.
2026/Jun/15 05:36:10.124047 EXECUTOR - Initializing module TC_26_7_4_3_2.
2026/Jun/15 05:36:10.124053 EXECUTOR - Initialization of module TC_26_7_4_3_2 finished.
2026/Jun/15 05:36:10.124056 EXECUTOR - Initializing module TC_26_7_4_3_3.
2026/Jun/15 05:36:10.124061 EXECUTOR - Initialization of module TC_26_7_4_3_3 finished.
2026/Jun/15 05:36:10.124063 EXECUTOR - Initializing module TC_26_7_4_3_4.
2026/Jun/15 05:36:10.124069 EXECUTOR - Initialization of module TC_26_7_4_3_4 finished.
2026/Jun/15 05:36:10.124072 EXECUTOR - Initializing module TC_26_7_4_4.
2026/Jun/15 05:36:10.124077 EXECUTOR - Initialization of module TC_26_7_4_4 finished.
2026/Jun/15 05:36:10.124079 EXECUTOR - Initializing module TC_26_7_4_5_1.
2026/Jun/15 05:36:10.124085 EXECUTOR - Initialization of module TC_26_7_4_5_1 finished.
2026/Jun/15 05:36:10.124087 EXECUTOR - Initializing module TC_26_7_4_5_2.
2026/Jun/15 05:36:10.124093 EXECUTOR - Initialization of module TC_26_7_4_5_2 finished.
2026/Jun/15 05:36:10.124095 EXECUTOR - Initializing module TC_26_7_4_5_3.
2026/Jun/15 05:36:10.124100 EXECUTOR - Initialization of module TC_26_7_4_5_3 finished.
2026/Jun/15 05:36:10.124103 EXECUTOR - Initializing module TC_26_7_4_5_4_2.
2026/Jun/15 05:36:10.124108 EXECUTOR - Initialization of module TC_26_7_4_5_4_2 finished.
2026/Jun/15 05:36:10.124110 EXECUTOR - Initializing module TC_26_7_5_2.
2026/Jun/15 05:36:10.124116 EXECUTOR - Initialization of module TC_26_7_5_2 finished.
2026/Jun/15 05:36:10.124118 EXECUTOR - Initializing module TC_26_7_5_3.
2026/Jun/15 05:36:10.124123 EXECUTOR - Initialization of module TC_26_7_5_3 finished.
2026/Jun/15 05:36:10.124126 EXECUTOR - Initializing module TC_26_7_5_4.
2026/Jun/15 05:36:10.124131 EXECUTOR - Initialization of module TC_26_7_5_4 finished.
2026/Jun/15 05:36:10.124134 EXECUTOR - Initializing module TC_26_7_5_5.
2026/Jun/15 05:36:10.124139 EXECUTOR - Initialization of module TC_26_7_5_5 finished.
2026/Jun/15 05:36:10.124142 EXECUTOR - Initializing module TC_26_7_5_6.
2026/Jun/15 05:36:10.124147 EXECUTOR - Initialization of module TC_26_7_5_6 finished.
2026/Jun/15 05:36:10.124150 EXECUTOR - Initializing module TC_26_7_5_7_1.
2026/Jun/15 05:36:10.124156 EXECUTOR - Initialization of module TC_26_7_5_7_1 finished.
2026/Jun/15 05:36:10.124158 EXECUTOR - Initializing module TC_26_7_5_8_1.
2026/Jun/15 05:36:10.124163 EXECUTOR - Initialization of module TC_26_7_5_8_1 finished.
2026/Jun/15 05:36:10.124166 EXECUTOR - Initializing module TC_26_7_5_8_2.
2026/Jun/15 05:36:10.124171 EXECUTOR - Initialization of module TC_26_7_5_8_2 finished.
2026/Jun/15 05:36:10.124174 EXECUTOR - Initializing module TC_26_7_5_8_3.
2026/Jun/15 05:36:10.124179 EXECUTOR - Initialization of module TC_26_7_5_8_3 finished.
2026/Jun/15 05:36:10.124182 EXECUTOR - Initializing module TC_26_8_1_2_1_1.
2026/Jun/15 05:36:10.124187 EXECUTOR - Initialization of module TC_26_8_1_2_1_1 finished.
2026/Jun/15 05:36:10.124190 EXECUTOR - Initializing module TC_26_8_1_2_2_1.
2026/Jun/15 05:36:10.124195 EXECUTOR - Initialization of module TC_26_8_1_2_2_1 finished.
2026/Jun/15 05:36:10.124198 EXECUTOR - Initializing module TC_26_8_1_2_2_2.
2026/Jun/15 05:36:10.124203 EXECUTOR - Initialization of module TC_26_8_1_2_2_2 finished.
2026/Jun/15 05:36:10.124206 EXECUTOR - Initializing module TC_26_8_1_2_2_3.
2026/Jun/15 05:36:10.124211 EXECUTOR - Initialization of module TC_26_8_1_2_2_3 finished.
2026/Jun/15 05:36:10.124214 EXECUTOR - Initializing module TC_26_8_1_2_3_1.
2026/Jun/15 05:36:10.124219 EXECUTOR - Initialization of module TC_26_8_1_2_3_1 finished.
2026/Jun/15 05:36:10.124222 EXECUTOR - Initializing module TC_26_8_1_2_3_2.
2026/Jun/15 05:36:10.124227 EXECUTOR - Initialization of module TC_26_8_1_2_3_2 finished.
2026/Jun/15 05:36:10.124232 EXECUTOR - Initializing module TC_26_8_1_2_3_3.
2026/Jun/15 05:36:10.124238 EXECUTOR - Initialization of module TC_26_8_1_2_3_3 finished.
2026/Jun/15 05:36:10.124240 EXECUTOR - Initializing module TC_26_8_1_2_3_4.
2026/Jun/15 05:36:10.124246 EXECUTOR - Initialization of module TC_26_8_1_2_3_4 finished.
2026/Jun/15 05:36:10.124248 EXECUTOR - Initializing module TC_26_8_1_2_3_5.
2026/Jun/15 05:36:10.124254 EXECUTOR - Initialization of module TC_26_8_1_2_3_5 finished.
2026/Jun/15 05:36:10.124256 EXECUTOR - Initializing module TC_26_8_1_2_3_6.
2026/Jun/15 05:36:10.124261 EXECUTOR - Initialization of module TC_26_8_1_2_3_6 finished.
2026/Jun/15 05:36:10.124264 EXECUTOR - Initializing module TC_26_8_1_2_3_7.
2026/Jun/15 05:36:10.124269 EXECUTOR - Initialization of module TC_26_8_1_2_3_7 finished.
2026/Jun/15 05:36:10.124272 EXECUTOR - Initializing module TC_26_8_1_2_4_1.
2026/Jun/15 05:36:10.124277 EXECUTOR - Initialization of module TC_26_8_1_2_4_1 finished.
2026/Jun/15 05:36:10.124280 EXECUTOR - Initializing module TC_26_8_1_2_4_13.
2026/Jun/15 05:36:10.124285 EXECUTOR - Initialization of module TC_26_8_1_2_4_13 finished.
2026/Jun/15 05:36:10.124288 EXECUTOR - Initializing module TC_26_8_1_2_4_2.
2026/Jun/15 05:36:10.124293 EXECUTOR - Initialization of module TC_26_8_1_2_4_2 finished.
2026/Jun/15 05:36:10.124295 EXECUTOR - Initializing module TC_26_8_1_2_4_3.
2026/Jun/15 05:36:10.124300 EXECUTOR - Initialization of module TC_26_8_1_2_4_3 finished.
2026/Jun/15 05:36:10.124303 EXECUTOR - Initializing module TC_26_8_1_2_4_4.
2026/Jun/15 05:36:10.124308 EXECUTOR - Initialization of module TC_26_8_1_2_4_4 finished.
2026/Jun/15 05:36:10.124311 EXECUTOR - Initializing module TC_26_8_1_2_4_5.
2026/Jun/15 05:36:10.124316 EXECUTOR - Initialization of module TC_26_8_1_2_4_5 finished.
2026/Jun/15 05:36:10.124318 EXECUTOR - Initializing module TC_26_8_1_2_6_1.
2026/Jun/15 05:36:10.124323 EXECUTOR - Initialization of module TC_26_8_1_2_6_1 finished.
2026/Jun/15 05:36:10.124326 EXECUTOR - Initializing module TC_26_8_1_2_6_2.
2026/Jun/15 05:36:10.124331 EXECUTOR - Initialization of module TC_26_8_1_2_6_2 finished.
2026/Jun/15 05:36:10.124334 EXECUTOR - Initializing module TC_26_8_1_2_6_3.
2026/Jun/15 05:36:10.124339 EXECUTOR - Initialization of module TC_26_8_1_2_6_3 finished.
2026/Jun/15 05:36:10.124342 EXECUTOR - Initializing module TC_26_8_1_2_6_6.
2026/Jun/15 05:36:10.124347 EXECUTOR - Initialization of module TC_26_8_1_2_6_6 finished.
2026/Jun/15 05:36:10.124350 EXECUTOR - Initializing module TC_26_8_1_3_1_1.
2026/Jun/15 05:36:10.124355 EXECUTOR - Initialization of module TC_26_8_1_3_1_1 finished.
2026/Jun/15 05:36:10.124357 EXECUTOR - Initializing module TC_26_8_1_3_2_1.
2026/Jun/15 05:36:10.124362 EXECUTOR - Initialization of module TC_26_8_1_3_2_1 finished.
2026/Jun/15 05:36:10.124365 EXECUTOR - Initializing module TC_26_8_1_3_3_1.
2026/Jun/15 05:36:10.124370 EXECUTOR - Initialization of module TC_26_8_1_3_3_1 finished.
2026/Jun/15 05:36:10.124373 EXECUTOR - Initializing module TC_26_8_1_3_3_2.
2026/Jun/15 05:36:10.124378 EXECUTOR - Initialization of module TC_26_8_1_3_3_2 finished.
2026/Jun/15 05:36:10.124381 EXECUTOR - Initializing module TC_26_8_1_3_3_3.
2026/Jun/15 05:36:10.124386 EXECUTOR - Initialization of module TC_26_8_1_3_3_3 finished.
2026/Jun/15 05:36:10.124389 EXECUTOR - Initializing module TC_26_8_1_3_3_4.
2026/Jun/15 05:36:10.124394 EXECUTOR - Initialization of module TC_26_8_1_3_3_4 finished.
2026/Jun/15 05:36:10.124396 EXECUTOR - Initializing module TC_26_8_1_3_3_5.
2026/Jun/15 05:36:10.124402 EXECUTOR - Initialization of module TC_26_8_1_3_3_5 finished.
2026/Jun/15 05:36:10.124404 EXECUTOR - Initializing module TC_26_8_1_3_3_6.
2026/Jun/15 05:36:10.124410 EXECUTOR - Initialization of module TC_26_8_1_3_3_6 finished.
2026/Jun/15 05:36:10.124413 EXECUTOR - Initializing module TC_26_8_1_3_3_7.
2026/Jun/15 05:36:10.124417 EXECUTOR - Initialization of module TC_26_8_1_3_3_7 finished.
2026/Jun/15 05:36:10.124420 EXECUTOR - Initializing module TC_26_8_1_3_4_1.
2026/Jun/15 05:36:10.124429 EXECUTOR - Initialization of module TC_26_8_1_3_4_1 finished.
2026/Jun/15 05:36:10.124432 EXECUTOR - Initializing module TC_26_8_1_3_4_2.
2026/Jun/15 05:36:10.124437 EXECUTOR - Initialization of module TC_26_8_1_3_4_2 finished.
2026/Jun/15 05:36:10.124440 EXECUTOR - Initializing module TC_26_8_1_3_4_3.
2026/Jun/15 05:36:10.124445 EXECUTOR - Initialization of module TC_26_8_1_3_4_3 finished.
2026/Jun/15 05:36:10.124448 EXECUTOR - Initializing module TC_26_8_1_3_4_4.
2026/Jun/15 05:36:10.124453 EXECUTOR - Initialization of module TC_26_8_1_3_4_4 finished.
2026/Jun/15 05:36:10.124455 EXECUTOR - Initializing module TC_26_8_1_3_4_5.
2026/Jun/15 05:36:10.124461 EXECUTOR - Initialization of module TC_26_8_1_3_4_5 finished.
2026/Jun/15 05:36:10.124463 EXECUTOR - Initializing module TC_26_8_1_3_4_6.
2026/Jun/15 05:36:10.124469 EXECUTOR - Initialization of module TC_26_8_1_3_4_6 finished.
2026/Jun/15 05:36:10.124471 EXECUTOR - Initializing module TC_26_8_1_3_4_7.
2026/Jun/15 05:36:10.124477 EXECUTOR - Initialization of module TC_26_8_1_3_4_7 finished.
2026/Jun/15 05:36:10.124479 EXECUTOR - Initializing module TC_26_8_1_3_4_8.
2026/Jun/15 05:36:10.124485 EXECUTOR - Initialization of module TC_26_8_1_3_4_8 finished.
2026/Jun/15 05:36:10.124488 EXECUTOR - Initializing module TC_26_8_1_3_5_1.
2026/Jun/15 05:36:10.124493 EXECUTOR - Initialization of module TC_26_8_1_3_5_1 finished.
2026/Jun/15 05:36:10.124496 EXECUTOR - Initializing module TC_26_8_1_3_5_2.
2026/Jun/15 05:36:10.124501 EXECUTOR - Initialization of module TC_26_8_1_3_5_2 finished.
2026/Jun/15 05:36:10.124504 EXECUTOR - Initializing module TC_26_8_1_3_5_3.
2026/Jun/15 05:36:10.124509 EXECUTOR - Initialization of module TC_26_8_1_3_5_3 finished.
2026/Jun/15 05:36:10.124512 EXECUTOR - Initializing module TC_26_8_1_3_5_4.
2026/Jun/15 05:36:10.124517 EXECUTOR - Initialization of module TC_26_8_1_3_5_4 finished.
2026/Jun/15 05:36:10.124519 EXECUTOR - Initializing module TC_26_8_1_3_5_5.
2026/Jun/15 05:36:10.124524 EXECUTOR - Initialization of module TC_26_8_1_3_5_5 finished.
2026/Jun/15 05:36:10.124527 EXECUTOR - Initializing module TC_26_8_1_3_5_6.
2026/Jun/15 05:36:10.124532 EXECUTOR - Initialization of module TC_26_8_1_3_5_6 finished.
2026/Jun/15 05:36:10.124535 EXECUTOR - Initializing module TC_26_8_1_3_5_7.
2026/Jun/15 05:36:10.124540 EXECUTOR - Initialization of module TC_26_8_1_3_5_7 finished.
2026/Jun/15 05:36:10.124543 EXECUTOR - Initializing module TC_26_8_1_3_5_8.
2026/Jun/15 05:36:10.124548 EXECUTOR - Initialization of module TC_26_8_1_3_5_8 finished.
2026/Jun/15 05:36:10.124550 EXECUTOR - Initializing module TC_26_8_1_3_5_9.
2026/Jun/15 05:36:10.124556 EXECUTOR - Initialization of module TC_26_8_1_3_5_9 finished.
2026/Jun/15 05:36:10.124558 EXECUTOR - Initializing module TC_26_8_2_1.
2026/Jun/15 05:36:10.124564 EXECUTOR - Initialization of module TC_26_8_2_1 finished.
2026/Jun/15 05:36:10.124566 EXECUTOR - Initializing module TC_26_8_2_2.
2026/Jun/15 05:36:10.124572 EXECUTOR - Initialization of module TC_26_8_2_2 finished.
2026/Jun/15 05:36:10.124574 EXECUTOR - Initializing module TC_26_8_2_3.
2026/Jun/15 05:36:10.124579 EXECUTOR - Initialization of module TC_26_8_2_3 finished.
2026/Jun/15 05:36:10.124582 EXECUTOR - Initializing module TC_26_8_3.
2026/Jun/15 05:36:10.124587 EXECUTOR - Initialization of module TC_26_8_3 finished.
2026/Jun/15 05:36:10.124590 EXECUTOR - Initializing module TC_34_2_2.
2026/Jun/15 05:36:10.124595 EXECUTOR - Initialization of module TC_34_2_2 finished.
2026/Jun/15 05:36:10.124598 EXECUTOR - Initializing module TitanLoggerApi.
2026/Jun/15 05:36:10.124601 EXECUTOR - Initialization of module TitanLoggerApi finished.
2026/Jun/15 05:36:10.124603 EXECUTOR - Initializing module TitanLoggerControl.
2026/Jun/15 05:36:10.124606 EXECUTOR - Initialization of module TitanLoggerControl finished.
2026/Jun/15 05:36:10.124617 EXECUTOR - Configuration data was processed successfully.
2026/Jun/15 05:36:10.126231 EXECUTOR - MTC was created. Process id: 39.
2026/Jun/15 05:41:27.969572 EXECUTOR - Exit was requested from MC. Terminating HC.
2026/Jun/15 05:41:27.969780 EXECUTOR - Disconnected from MC.
2026/Jun/15 05:41:27.969809 EXECUTOR - TTCN-3 Host Controller finished.
