2026/Jun/23 08:34:01.587860 EXECUTOR - TTCN-3 Host Controller started on ttcn3-tc-26-6-1-1-1-g882d. Version: 11.1.0.
2026/Jun/23 08:34:01.588002 EXECUTOR - TTCN Logger v2.2 options: TimeStampFormat:=DateTime; LogEntityName:=No; LogEventTypes:=Yes; SourceInfoFormat:=Single; LogSensitiveData:=No; *.FileMask:=LOG_ALL; *.ConsoleMask:=ERROR | TESTCASE | USER | VERDICTOP | WARNING; LogFileSize:=0; LogFileNumber:=1; DiskFullAction:=Error
2026/Jun/23 08:34:01.588013 EXECUTOR - Maximum number of open file descriptors: 1048576,   FD_SETSIZE = 1024
2026/Jun/23 08:34:01.588137 WARNING - Warning: The address of MC was set to a local IP address. This may cause incorrect behavior if a HC from a remote host also connects to MC.
2026/Jun/23 08:34:01.588170 EXECUTOR - The address of MC was set to 127.0.0.1:0.
2026/Jun/23 08:34:01.588278 EXECUTOR - Connected to MC.
2026/Jun/23 08:34:01.588361 EXECUTOR - This host supports UNIX domain sockets for local communication.
2026/Jun/23 08:34:01.588696 EXECUTOR - Processing configuration data received from MC.
2026/Jun/23 08:34:01.589012 WARNING - Warning: Skeleton `/results/TC_26_6_1_1-2026-06-23-083401/%n.log' does not guarantee unique log file name for every test system process. It may cause unpredictable results if several test components try to write into the same log file.
2026/Jun/23 08:34:01.589349 EXECUTOR - Module GSM_Constants has the following parameters: { TSPC_Serv_TS11 := true, TSPC_Serv_TS61 := false, TSPC_Serv_TS62 := false, TSPC_Serv_BS21 := false, TSPC_Serv_BS22 := false, TSPC_Serv_BS24 := false, TSPC_Serv_BS25 := false, TSPC_Serv_BS26 := false, TSPC_Serv_BS31 := false, TSPC_Serv_BS32 := false, TSPC_Serv_BS33 := false, TSPC_Serv_BS34 := false, TSPC_Serv_BS41 := false, TSPC_Serv_BS42 := false, TSPC_Serv_BS43 := false, TSPC_Serv_BS44 := false, TSPC_Serv_BS45 := false, TSPC_Serv_BS51 := false, TSPC_Serv_BS61 := false, TSPC_Serv_BS81 := false, TSPC_DualRate := false, TSPC_MTsvc := true, TSPX_IMSI := '901700000000001F'O, TSPX_TMSI := '1914D97F'O, TSPX_CKSNDef := 0, TSPX_RANDDef := '00112233445566778899AABBCCDDEEFF'O, TSPX_SRES := '12345678'O, TSPX_Kc := '0000000000000000'O, TSPX_SDCCH4SubDef := 0, TSPX_TmSltDef := 0, TSPX_TscDef := 7, TSPX_TCHHSubDef := 0, TCV_CC := true, TSPX_Telephony_Rate := C_Full (0), TSPX_MOBscSvcA := C_Telephony (0), TSPX_MOBscSvcB := C_Telephony (0), TSPX_MOBscSvcC := C_Telephony (0), TSPX_MOBscSvcD := C_Telephony (0), TSPX_MOBscSvcE := C_Telephony (0), TSPX_MOBscSvcF := C_Telephony (0), TSPX_MOBscSvcG := C_Telephony (0), TSPX_MOChRateA := C_Full (0), TSPX_MOChRateB := C_Full (0), TSPX_MOChRateC := C_Full (0), TSPX_MOChRateD := C_Full (0), TSPX_MOChRateE := C_Full (0), TSPX_MOChRateF := C_Full (0), TSPX_MOChRateG := C_Full (0), TSPX_MTBscSvcA := C_Telephony (0), TSPX_MTBscSvcB := C_Telephony (0), TSPX_MTBscSvcC := C_Telephony (0), TSPX_MTBscSvcD := C_Telephony (0), TSPX_MTBscSvcE := C_Telephony (0), TSPX_MTBscSvcF := C_Telephony (0), TSPX_MTBscSvcG := C_Telephony (0), TSPX_MTBscSvcH := C_Telephony (0), TSPX_MTBscSvcI := C_Telephony (0), TSPX_MTBscSvcJ := C_Telephony (0), TSPX_MTChRateA := C_Full (0), TSPX_MTChRateB := C_Full (0), TSPX_MTChRateC := C_Full (0), TSPX_MTChRateD := C_Full (0), TSPX_MTChRateE := C_Full (0), TSPX_MTChRateF := C_Full (0), TSPX_MTChRateG := C_Full (0), TSPX_MTChRateH := C_Full (0), TSPX_MTChRateI := C_Full (0), TSPX_MTChRateJ := C_Full (0), C_arfcnA := 100 }
2026/Jun/23 08:34:01.589440 EXECUTOR - Module TC_26_6_1_2 has the following parameters: { TSPX_nPara := 3, TSPX_i1Para := 3, TSPX_kPara := 5, TSPX_i2Para := 1, TSPX_rPara := 4, TSPX_i3Para := 4 }
2026/Jun/23 08:34:01.589488 EXECUTOR - Initializing module GSM_Component_Definitions.
2026/Jun/23 08:34:01.589498 EXECUTOR GSM_Component_Definitions.ttcn3:0 Initializing module GSM_Templates.
2026/Jun/23 08:34:01.589519 EXECUTOR GSM_Templates.ttcn3:0 Initializing module GSM_Constants.
2026/Jun/23 08:34:01.589525 EXECUTOR GSM_Constants.ttcn3:0 Initializing module GSM_Types.
2026/Jun/23 08:34:01.589529 EXECUTOR GSM_Constants.ttcn3:0 Initialization of module GSM_Types finished.
2026/Jun/23 08:34:01.589533 EXECUTOR GSM_Templates.ttcn3:0 Initialization of module GSM_Constants finished.
2026/Jun/23 08:34:01.589631 EXECUTOR GSM_Component_Definitions.ttcn3:0 Initialization of module GSM_Templates finished.
2026/Jun/23 08:34:01.589637 EXECUTOR - Initialization of module GSM_Component_Definitions finished.
2026/Jun/23 08:34:01.589640 EXECUTOR - Initializing module GSM_Functions.
2026/Jun/23 08:34:01.589666 EXECUTOR - Initialization of module GSM_Functions finished.
2026/Jun/23 08:34:01.589670 EXECUTOR - Initializing module PreGenRecordOf.
2026/Jun/23 08:34:01.589673 EXECUTOR - Initialization of module PreGenRecordOf finished.
2026/Jun/23 08:34:01.589675 EXECUTOR - Initializing module TC_26_2_1_3.
2026/Jun/23 08:34:01.589681 EXECUTOR - Initialization of module TC_26_2_1_3 finished.
2026/Jun/23 08:34:01.589683 EXECUTOR - Initializing module TC_26_2_2.
2026/Jun/23 08:34:01.589690 EXECUTOR - Initialization of module TC_26_2_2 finished.
2026/Jun/23 08:34:01.589692 EXECUTOR - Initializing module TC_26_2_3.
2026/Jun/23 08:34:01.589699 EXECUTOR - Initialization of module TC_26_2_3 finished.
2026/Jun/23 08:34:01.589701 EXECUTOR - Initializing module TC_26_6_11_1.
2026/Jun/23 08:34:01.589707 EXECUTOR - Initialization of module TC_26_6_11_1 finished.
2026/Jun/23 08:34:01.589709 EXECUTOR - Initializing module TC_26_6_11_2.
2026/Jun/23 08:34:01.589715 EXECUTOR - Initialization of module TC_26_6_11_2 finished.
2026/Jun/23 08:34:01.589718 EXECUTOR - Initializing module TC_26_6_12_1.
2026/Jun/23 08:34:01.589723 EXECUTOR - Initialization of module TC_26_6_12_1 finished.
2026/Jun/23 08:34:01.589726 EXECUTOR - Initializing module TC_26_6_12_2.
2026/Jun/23 08:34:01.589731 EXECUTOR - Initialization of module TC_26_6_12_2 finished.
2026/Jun/23 08:34:01.589734 EXECUTOR - Initializing module TC_26_6_12_3.
2026/Jun/23 08:34:01.589739 EXECUTOR - Initialization of module TC_26_6_12_3 finished.
2026/Jun/23 08:34:01.589742 EXECUTOR - Initializing module TC_26_6_12_4.
2026/Jun/23 08:34:01.589748 EXECUTOR - Initialization of module TC_26_6_12_4 finished.
2026/Jun/23 08:34:01.589750 EXECUTOR - Initializing module TC_26_6_13_10.
2026/Jun/23 08:34:01.589756 EXECUTOR - Initialization of module TC_26_6_13_10 finished.
2026/Jun/23 08:34:01.589759 EXECUTOR - Initializing module TC_26_6_13_9.
2026/Jun/23 08:34:01.589764 EXECUTOR - Initialization of module TC_26_6_13_9 finished.
2026/Jun/23 08:34:01.589767 EXECUTOR - Initializing module TC_26_6_1_1.
2026/Jun/23 08:34:01.589773 EXECUTOR - Initialization of module TC_26_6_1_1 finished.
2026/Jun/23 08:34:01.589775 EXECUTOR - Initializing module TC_26_6_1_2.
2026/Jun/23 08:34:01.589780 EXECUTOR - Initialization of module TC_26_6_1_2 finished.
2026/Jun/23 08:34:01.589783 EXECUTOR - Initializing module TC_26_6_1_3.
2026/Jun/23 08:34:01.589788 EXECUTOR - Initialization of module TC_26_6_1_3 finished.
2026/Jun/23 08:34:01.589791 EXECUTOR - Initializing module TC_26_6_1_4.
2026/Jun/23 08:34:01.589797 EXECUTOR - Initialization of module TC_26_6_1_4 finished.
2026/Jun/23 08:34:01.589799 EXECUTOR - Initializing module TC_26_6_1_5.
2026/Jun/23 08:34:01.589805 EXECUTOR - Initialization of module TC_26_6_1_5 finished.
2026/Jun/23 08:34:01.589807 EXECUTOR - Initializing module TC_26_6_2_1_1.
2026/Jun/23 08:34:01.589813 EXECUTOR - Initialization of module TC_26_6_2_1_1 finished.
2026/Jun/23 08:34:01.589816 EXECUTOR - Initializing module TC_26_6_2_1_2.
2026/Jun/23 08:34:01.589829 EXECUTOR - Initialization of module TC_26_6_2_1_2 finished.
2026/Jun/23 08:34:01.589836 EXECUTOR - Initializing module TC_26_6_2_1_3.
2026/Jun/23 08:34:01.589842 EXECUTOR - Initialization of module TC_26_6_2_1_3 finished.
2026/Jun/23 08:34:01.589844 EXECUTOR - Initializing module TC_26_6_2_2.
2026/Jun/23 08:34:01.589850 EXECUTOR - Initialization of module TC_26_6_2_2 finished.
2026/Jun/23 08:34:01.589853 EXECUTOR - Initializing module TC_26_6_2_3_1.
2026/Jun/23 08:34:01.589858 EXECUTOR - Initialization of module TC_26_6_2_3_1 finished.
2026/Jun/23 08:34:01.589861 EXECUTOR - Initializing module TC_26_6_2_3_2.
2026/Jun/23 08:34:01.589867 EXECUTOR - Initialization of module TC_26_6_2_3_2 finished.
2026/Jun/23 08:34:01.589873 EXECUTOR - Initializing module TC_26_6_2_4.
2026/Jun/23 08:34:01.589879 EXECUTOR - Initialization of module TC_26_6_2_4 finished.
2026/Jun/23 08:34:01.589881 EXECUTOR - Initializing module TC_26_6_3_1.
2026/Jun/23 08:34:01.589887 EXECUTOR - Initialization of module TC_26_6_3_1 finished.
2026/Jun/23 08:34:01.589890 EXECUTOR - Initializing module TC_26_6_3_4.
2026/Jun/23 08:34:01.589896 EXECUTOR - Initialization of module TC_26_6_3_4 finished.
2026/Jun/23 08:34:01.589899 EXECUTOR - Initializing module TC_26_6_4_1.
2026/Jun/23 08:34:01.589904 EXECUTOR - Initialization of module TC_26_6_4_1 finished.
2026/Jun/23 08:34:01.589907 EXECUTOR - Initializing module TC_26_6_4_2_2.
2026/Jun/23 08:34:01.589912 EXECUTOR - Initialization of module TC_26_6_4_2_2 finished.
2026/Jun/23 08:34:01.589915 EXECUTOR - Initializing module TC_26_6_5_1.
2026/Jun/23 08:34:01.589921 EXECUTOR - Initialization of module TC_26_6_5_1 finished.
2026/Jun/23 08:34:01.589923 EXECUTOR - Initializing module TC_26_6_5_2_1.
2026/Jun/23 08:34:01.589929 EXECUTOR - Initialization of module TC_26_6_5_2_1 finished.
2026/Jun/23 08:34:01.589932 EXECUTOR - Initializing module TC_26_6_8_1.
2026/Jun/23 08:34:01.589938 EXECUTOR - Initialization of module TC_26_6_8_1 finished.
2026/Jun/23 08:34:01.589940 EXECUTOR - Initializing module TC_26_6_8_2.
2026/Jun/23 08:34:01.589946 EXECUTOR - Initialization of module TC_26_6_8_2 finished.
2026/Jun/23 08:34:01.589949 EXECUTOR - Initializing module TC_26_6_8_3.
2026/Jun/23 08:34:01.589954 EXECUTOR - Initialization of module TC_26_6_8_3 finished.
2026/Jun/23 08:34:01.589957 EXECUTOR - Initializing module TC_26_6_8_4.
2026/Jun/23 08:34:01.589962 EXECUTOR - Initialization of module TC_26_6_8_4 finished.
2026/Jun/23 08:34:01.589965 EXECUTOR - Initializing module TC_26_6_8_5.
2026/Jun/23 08:34:01.589971 EXECUTOR - Initialization of module TC_26_6_8_5 finished.
2026/Jun/23 08:34:01.589974 EXECUTOR - Initializing module TC_26_7_1.
2026/Jun/23 08:34:01.589980 EXECUTOR - Initialization of module TC_26_7_1 finished.
2026/Jun/23 08:34:01.589983 EXECUTOR - Initializing module TC_26_7_2_1.
2026/Jun/23 08:34:01.589989 EXECUTOR - Initialization of module TC_26_7_2_1 finished.
2026/Jun/23 08:34:01.589991 EXECUTOR - Initializing module TC_26_7_2_2.
2026/Jun/23 08:34:01.589997 EXECUTOR - Initialization of module TC_26_7_2_2 finished.
2026/Jun/23 08:34:01.590000 EXECUTOR - Initializing module TC_26_7_3_1.
2026/Jun/23 08:34:01.590005 EXECUTOR - Initialization of module TC_26_7_3_1 finished.
2026/Jun/23 08:34:01.590008 EXECUTOR - Initializing module TC_26_7_3_2.
2026/Jun/23 08:34:01.590013 EXECUTOR - Initialization of module TC_26_7_3_2 finished.
2026/Jun/23 08:34:01.590016 EXECUTOR - Initializing module TC_26_7_4_1.
2026/Jun/23 08:34:01.590021 EXECUTOR - Initialization of module TC_26_7_4_1 finished.
2026/Jun/23 08:34:01.590024 EXECUTOR - Initializing module TC_26_7_4_2_1.
2026/Jun/23 08:34:01.590030 EXECUTOR - Initialization of module TC_26_7_4_2_1 finished.
2026/Jun/23 08:34:01.590032 EXECUTOR - Initializing module TC_26_7_4_2_2_1.
2026/Jun/23 08:34:01.590038 EXECUTOR - Initialization of module TC_26_7_4_2_2_1 finished.
2026/Jun/23 08:34:01.590040 EXECUTOR - Initializing module TC_26_7_4_2_2_2.
2026/Jun/23 08:34:01.590046 EXECUTOR - Initialization of module TC_26_7_4_2_2_2 finished.
2026/Jun/23 08:34:01.590049 EXECUTOR - Initializing module TC_26_7_4_2_3.
2026/Jun/23 08:34:01.590054 EXECUTOR - Initialization of module TC_26_7_4_2_3 finished.
2026/Jun/23 08:34:01.590057 EXECUTOR - Initializing module TC_26_7_4_2_4_1.
2026/Jun/23 08:34:01.590062 EXECUTOR - Initialization of module TC_26_7_4_2_4_1 finished.
2026/Jun/23 08:34:01.590065 EXECUTOR - Initializing module TC_26_7_4_2_4_2.
2026/Jun/23 08:34:01.590072 EXECUTOR - Initialization of module TC_26_7_4_2_4_2 finished.
2026/Jun/23 08:34:01.590074 EXECUTOR - Initializing module TC_26_7_4_2_4_3.
2026/Jun/23 08:34:01.590080 EXECUTOR - Initialization of module TC_26_7_4_2_4_3 finished.
2026/Jun/23 08:34:01.590082 EXECUTOR - Initializing module TC_26_7_4_2_4_4.
2026/Jun/23 08:34:01.590091 EXECUTOR - Initialization of module TC_26_7_4_2_4_4 finished.
2026/Jun/23 08:34:01.590094 EXECUTOR - Initializing module TC_26_7_4_2_4_5.
2026/Jun/23 08:34:01.590099 EXECUTOR - Initialization of module TC_26_7_4_2_4_5 finished.
2026/Jun/23 08:34:01.590102 EXECUTOR - Initializing module TC_26_7_4_3_1.
2026/Jun/23 08:34:01.590107 EXECUTOR - Initialization of module TC_26_7_4_3_1 finished.
2026/Jun/23 08:34:01.590110 EXECUTOR - Initializing module TC_26_7_4_3_2.
2026/Jun/23 08:34:01.590116 EXECUTOR - Initialization of module TC_26_7_4_3_2 finished.
2026/Jun/23 08:34:01.590118 EXECUTOR - Initializing module TC_26_7_4_3_3.
2026/Jun/23 08:34:01.590124 EXECUTOR - Initialization of module TC_26_7_4_3_3 finished.
2026/Jun/23 08:34:01.590126 EXECUTOR - Initializing module TC_26_7_4_3_4.
2026/Jun/23 08:34:01.590132 EXECUTOR - Initialization of module TC_26_7_4_3_4 finished.
2026/Jun/23 08:34:01.590134 EXECUTOR - Initializing module TC_26_7_4_4.
2026/Jun/23 08:34:01.590140 EXECUTOR - Initialization of module TC_26_7_4_4 finished.
2026/Jun/23 08:34:01.590142 EXECUTOR - Initializing module TC_26_7_4_5_1.
2026/Jun/23 08:34:01.590148 EXECUTOR - Initialization of module TC_26_7_4_5_1 finished.
2026/Jun/23 08:34:01.590151 EXECUTOR - Initializing module TC_26_7_4_5_2.
2026/Jun/23 08:34:01.590156 EXECUTOR - Initialization of module TC_26_7_4_5_2 finished.
2026/Jun/23 08:34:01.590159 EXECUTOR - Initializing module TC_26_7_4_5_3.
2026/Jun/23 08:34:01.590165 EXECUTOR - Initialization of module TC_26_7_4_5_3 finished.
2026/Jun/23 08:34:01.590167 EXECUTOR - Initializing module TC_26_7_4_5_4_2.
2026/Jun/23 08:34:01.590173 EXECUTOR - Initialization of module TC_26_7_4_5_4_2 finished.
2026/Jun/23 08:34:01.590175 EXECUTOR - Initializing module TC_26_7_5_2.
2026/Jun/23 08:34:01.590181 EXECUTOR - Initialization of module TC_26_7_5_2 finished.
2026/Jun/23 08:34:01.590184 EXECUTOR - Initializing module TC_26_7_5_3.
2026/Jun/23 08:34:01.590190 EXECUTOR - Initialization of module TC_26_7_5_3 finished.
2026/Jun/23 08:34:01.590193 EXECUTOR - Initializing module TC_26_7_5_4.
2026/Jun/23 08:34:01.590198 EXECUTOR - Initialization of module TC_26_7_5_4 finished.
2026/Jun/23 08:34:01.590201 EXECUTOR - Initializing module TC_26_7_5_5.
2026/Jun/23 08:34:01.590207 EXECUTOR - Initialization of module TC_26_7_5_5 finished.
2026/Jun/23 08:34:01.590209 EXECUTOR - Initializing module TC_26_7_5_6.
2026/Jun/23 08:34:01.590215 EXECUTOR - Initialization of module TC_26_7_5_6 finished.
2026/Jun/23 08:34:01.590218 EXECUTOR - Initializing module TC_26_7_5_7_1.
2026/Jun/23 08:34:01.590223 EXECUTOR - Initialization of module TC_26_7_5_7_1 finished.
2026/Jun/23 08:34:01.590225 EXECUTOR - Initializing module TC_26_7_5_8_1.
2026/Jun/23 08:34:01.590231 EXECUTOR - Initialization of module TC_26_7_5_8_1 finished.
2026/Jun/23 08:34:01.590233 EXECUTOR - Initializing module TC_26_7_5_8_2.
2026/Jun/23 08:34:01.590239 EXECUTOR - Initialization of module TC_26_7_5_8_2 finished.
2026/Jun/23 08:34:01.590241 EXECUTOR - Initializing module TC_26_7_5_8_3.
2026/Jun/23 08:34:01.590246 EXECUTOR - Initialization of module TC_26_7_5_8_3 finished.
2026/Jun/23 08:34:01.590249 EXECUTOR - Initializing module TC_26_8_1_2_1_1.
2026/Jun/23 08:34:01.590254 EXECUTOR - Initialization of module TC_26_8_1_2_1_1 finished.
2026/Jun/23 08:34:01.590257 EXECUTOR - Initializing module TC_26_8_1_2_2_1.
2026/Jun/23 08:34:01.590263 EXECUTOR - Initialization of module TC_26_8_1_2_2_1 finished.
2026/Jun/23 08:34:01.590265 EXECUTOR - Initializing module TC_26_8_1_2_2_2.
2026/Jun/23 08:34:01.590271 EXECUTOR - Initialization of module TC_26_8_1_2_2_2 finished.
2026/Jun/23 08:34:01.590273 EXECUTOR - Initializing module TC_26_8_1_2_2_3.
2026/Jun/23 08:34:01.590279 EXECUTOR - Initialization of module TC_26_8_1_2_2_3 finished.
2026/Jun/23 08:34:01.590282 EXECUTOR - Initializing module TC_26_8_1_2_3_1.
2026/Jun/23 08:34:01.590287 EXECUTOR - Initialization of module TC_26_8_1_2_3_1 finished.
2026/Jun/23 08:34:01.590290 EXECUTOR - Initializing module TC_26_8_1_2_3_2.
2026/Jun/23 08:34:01.590295 EXECUTOR - Initialization of module TC_26_8_1_2_3_2 finished.
2026/Jun/23 08:34:01.590301 EXECUTOR - Initializing module TC_26_8_1_2_3_3.
2026/Jun/23 08:34:01.590307 EXECUTOR - Initialization of module TC_26_8_1_2_3_3 finished.
2026/Jun/23 08:34:01.590309 EXECUTOR - Initializing module TC_26_8_1_2_3_4.
2026/Jun/23 08:34:01.590315 EXECUTOR - Initialization of module TC_26_8_1_2_3_4 finished.
2026/Jun/23 08:34:01.590318 EXECUTOR - Initializing module TC_26_8_1_2_3_5.
2026/Jun/23 08:34:01.590323 EXECUTOR - Initialization of module TC_26_8_1_2_3_5 finished.
2026/Jun/23 08:34:01.590326 EXECUTOR - Initializing module TC_26_8_1_2_3_6.
2026/Jun/23 08:34:01.590332 EXECUTOR - Initialization of module TC_26_8_1_2_3_6 finished.
2026/Jun/23 08:34:01.590334 EXECUTOR - Initializing module TC_26_8_1_2_3_7.
2026/Jun/23 08:34:01.590340 EXECUTOR - Initialization of module TC_26_8_1_2_3_7 finished.
2026/Jun/23 08:34:01.590342 EXECUTOR - Initializing module TC_26_8_1_2_4_1.
2026/Jun/23 08:34:01.590348 EXECUTOR - Initialization of module TC_26_8_1_2_4_1 finished.
2026/Jun/23 08:34:01.590351 EXECUTOR - Initializing module TC_26_8_1_2_4_13.
2026/Jun/23 08:34:01.590357 EXECUTOR - Initialization of module TC_26_8_1_2_4_13 finished.
2026/Jun/23 08:34:01.590359 EXECUTOR - Initializing module TC_26_8_1_2_4_2.
2026/Jun/23 08:34:01.590365 EXECUTOR - Initialization of module TC_26_8_1_2_4_2 finished.
2026/Jun/23 08:34:01.590368 EXECUTOR - Initializing module TC_26_8_1_2_4_3.
2026/Jun/23 08:34:01.590373 EXECUTOR - Initialization of module TC_26_8_1_2_4_3 finished.
2026/Jun/23 08:34:01.590376 EXECUTOR - Initializing module TC_26_8_1_2_4_4.
2026/Jun/23 08:34:01.590382 EXECUTOR - Initialization of module TC_26_8_1_2_4_4 finished.
2026/Jun/23 08:34:01.590384 EXECUTOR - Initializing module TC_26_8_1_2_4_5.
2026/Jun/23 08:34:01.590390 EXECUTOR - Initialization of module TC_26_8_1_2_4_5 finished.
2026/Jun/23 08:34:01.590393 EXECUTOR - Initializing module TC_26_8_1_2_6_1.
2026/Jun/23 08:34:01.590398 EXECUTOR - Initialization of module TC_26_8_1_2_6_1 finished.
2026/Jun/23 08:34:01.590401 EXECUTOR - Initializing module TC_26_8_1_2_6_2.
2026/Jun/23 08:34:01.590406 EXECUTOR - Initialization of module TC_26_8_1_2_6_2 finished.
2026/Jun/23 08:34:01.590409 EXECUTOR - Initializing module TC_26_8_1_2_6_3.
2026/Jun/23 08:34:01.590415 EXECUTOR - Initialization of module TC_26_8_1_2_6_3 finished.
2026/Jun/23 08:34:01.590418 EXECUTOR - Initializing module TC_26_8_1_2_6_6.
2026/Jun/23 08:34:01.590423 EXECUTOR - Initialization of module TC_26_8_1_2_6_6 finished.
2026/Jun/23 08:34:01.590426 EXECUTOR - Initializing module TC_26_8_1_3_1_1.
2026/Jun/23 08:34:01.590431 EXECUTOR - Initialization of module TC_26_8_1_3_1_1 finished.
2026/Jun/23 08:34:01.590434 EXECUTOR - Initializing module TC_26_8_1_3_2_1.
2026/Jun/23 08:34:01.590440 EXECUTOR - Initialization of module TC_26_8_1_3_2_1 finished.
2026/Jun/23 08:34:01.590442 EXECUTOR - Initializing module TC_26_8_1_3_3_1.
2026/Jun/23 08:34:01.590448 EXECUTOR - Initialization of module TC_26_8_1_3_3_1 finished.
2026/Jun/23 08:34:01.590450 EXECUTOR - Initializing module TC_26_8_1_3_3_2.
2026/Jun/23 08:34:01.590456 EXECUTOR - Initialization of module TC_26_8_1_3_3_2 finished.
2026/Jun/23 08:34:01.590458 EXECUTOR - Initializing module TC_26_8_1_3_3_3.
2026/Jun/23 08:34:01.590464 EXECUTOR - Initialization of module TC_26_8_1_3_3_3 finished.
2026/Jun/23 08:34:01.590467 EXECUTOR - Initializing module TC_26_8_1_3_3_4.
2026/Jun/23 08:34:01.590472 EXECUTOR - Initialization of module TC_26_8_1_3_3_4 finished.
2026/Jun/23 08:34:01.590475 EXECUTOR - Initializing module TC_26_8_1_3_3_5.
2026/Jun/23 08:34:01.590481 EXECUTOR - Initialization of module TC_26_8_1_3_3_5 finished.
2026/Jun/23 08:34:01.590484 EXECUTOR - Initializing module TC_26_8_1_3_3_6.
2026/Jun/23 08:34:01.590490 EXECUTOR - Initialization of module TC_26_8_1_3_3_6 finished.
2026/Jun/23 08:34:01.590492 EXECUTOR - Initializing module TC_26_8_1_3_3_7.
2026/Jun/23 08:34:01.590498 EXECUTOR - Initialization of module TC_26_8_1_3_3_7 finished.
2026/Jun/23 08:34:01.590500 EXECUTOR - Initializing module TC_26_8_1_3_4_1.
2026/Jun/23 08:34:01.590510 EXECUTOR - Initialization of module TC_26_8_1_3_4_1 finished.
2026/Jun/23 08:34:01.590513 EXECUTOR - Initializing module TC_26_8_1_3_4_2.
2026/Jun/23 08:34:01.590519 EXECUTOR - Initialization of module TC_26_8_1_3_4_2 finished.
2026/Jun/23 08:34:01.590522 EXECUTOR - Initializing module TC_26_8_1_3_4_3.
2026/Jun/23 08:34:01.590527 EXECUTOR - Initialization of module TC_26_8_1_3_4_3 finished.
2026/Jun/23 08:34:01.590530 EXECUTOR - Initializing module TC_26_8_1_3_4_4.
2026/Jun/23 08:34:01.590535 EXECUTOR - Initialization of module TC_26_8_1_3_4_4 finished.
2026/Jun/23 08:34:01.590538 EXECUTOR - Initializing module TC_26_8_1_3_4_5.
2026/Jun/23 08:34:01.590543 EXECUTOR - Initialization of module TC_26_8_1_3_4_5 finished.
2026/Jun/23 08:34:01.590546 EXECUTOR - Initializing module TC_26_8_1_3_4_6.
2026/Jun/23 08:34:01.590552 EXECUTOR - Initialization of module TC_26_8_1_3_4_6 finished.
2026/Jun/23 08:34:01.590554 EXECUTOR - Initializing module TC_26_8_1_3_4_7.
2026/Jun/23 08:34:01.590560 EXECUTOR - Initialization of module TC_26_8_1_3_4_7 finished.
2026/Jun/23 08:34:01.590563 EXECUTOR - Initializing module TC_26_8_1_3_4_8.
2026/Jun/23 08:34:01.590568 EXECUTOR - Initialization of module TC_26_8_1_3_4_8 finished.
2026/Jun/23 08:34:01.590571 EXECUTOR - Initializing module TC_26_8_1_3_5_1.
2026/Jun/23 08:34:01.590577 EXECUTOR - Initialization of module TC_26_8_1_3_5_1 finished.
2026/Jun/23 08:34:01.590580 EXECUTOR - Initializing module TC_26_8_1_3_5_2.
2026/Jun/23 08:34:01.590585 EXECUTOR - Initialization of module TC_26_8_1_3_5_2 finished.
2026/Jun/23 08:34:01.590588 EXECUTOR - Initializing module TC_26_8_1_3_5_3.
2026/Jun/23 08:34:01.590593 EXECUTOR - Initialization of module TC_26_8_1_3_5_3 finished.
2026/Jun/23 08:34:01.590596 EXECUTOR - Initializing module TC_26_8_1_3_5_4.
2026/Jun/23 08:34:01.590602 EXECUTOR - Initialization of module TC_26_8_1_3_5_4 finished.
2026/Jun/23 08:34:01.590604 EXECUTOR - Initializing module TC_26_8_1_3_5_5.
2026/Jun/23 08:34:01.590610 EXECUTOR - Initialization of module TC_26_8_1_3_5_5 finished.
2026/Jun/23 08:34:01.590613 EXECUTOR - Initializing module TC_26_8_1_3_5_6.
2026/Jun/23 08:34:01.590618 EXECUTOR - Initialization of module TC_26_8_1_3_5_6 finished.
2026/Jun/23 08:34:01.590621 EXECUTOR - Initializing module TC_26_8_1_3_5_7.
2026/Jun/23 08:34:01.590627 EXECUTOR - Initialization of module TC_26_8_1_3_5_7 finished.
2026/Jun/23 08:34:01.590629 EXECUTOR - Initializing module TC_26_8_1_3_5_8.
2026/Jun/23 08:34:01.590635 EXECUTOR - Initialization of module TC_26_8_1_3_5_8 finished.
2026/Jun/23 08:34:01.590638 EXECUTOR - Initializing module TC_26_8_1_3_5_9.
2026/Jun/23 08:34:01.590643 EXECUTOR - Initialization of module TC_26_8_1_3_5_9 finished.
2026/Jun/23 08:34:01.590646 EXECUTOR - Initializing module TC_26_8_2_1.
2026/Jun/23 08:34:01.590651 EXECUTOR - Initialization of module TC_26_8_2_1 finished.
2026/Jun/23 08:34:01.590654 EXECUTOR - Initializing module TC_26_8_2_2.
2026/Jun/23 08:34:01.590660 EXECUTOR - Initialization of module TC_26_8_2_2 finished.
2026/Jun/23 08:34:01.590663 EXECUTOR - Initializing module TC_26_8_2_3.
2026/Jun/23 08:34:01.590668 EXECUTOR - Initialization of module TC_26_8_2_3 finished.
2026/Jun/23 08:34:01.590671 EXECUTOR - Initializing module TC_26_8_3.
2026/Jun/23 08:34:01.590676 EXECUTOR - Initialization of module TC_26_8_3 finished.
2026/Jun/23 08:34:01.590679 EXECUTOR - Initializing module TC_34_2_2.
2026/Jun/23 08:34:01.590684 EXECUTOR - Initialization of module TC_34_2_2 finished.
2026/Jun/23 08:34:01.590687 EXECUTOR - Initializing module TitanLoggerApi.
2026/Jun/23 08:34:01.590690 EXECUTOR - Initialization of module TitanLoggerApi finished.
2026/Jun/23 08:34:01.590692 EXECUTOR - Initializing module TitanLoggerControl.
2026/Jun/23 08:34:01.590695 EXECUTOR - Initialization of module TitanLoggerControl finished.
2026/Jun/23 08:34:01.590707 EXECUTOR - Configuration data was processed successfully.
2026/Jun/23 08:34:01.592313 EXECUTOR - MTC was created. Process id: 35.
2026/Jun/23 08:40:40.182899 EXECUTOR - Exit was requested from MC. Terminating HC.
2026/Jun/23 08:40:40.183059 EXECUTOR - Disconnected from MC.
2026/Jun/23 08:40:40.183084 EXECUTOR - TTCN-3 Host Controller finished.
