2026/Jun/17 06:34:25.001202 EXECUTOR - TTCN-3 Main Test Component started on ttcn3-tc-26-6-8-3-1-tcfwz. Version: 11.1.0.
2026/Jun/17 06:34:25.001307 EXECUTOR - TTCN Logger v2.2 options: TimeStampFormat:=DateTime; LogEntityName:=No; LogEventTypes:=Yes; SourceInfoFormat:=Single; LogSensitiveData:=No; *.FileMask:=LOG_ALL; *.ConsoleMask:=ERROR | TESTCASE | USER | VERDICTOP | WARNING; LogFileSize:=0; LogFileNumber:=1; DiskFullAction:=Error
2026/Jun/17 06:34:25.001361 EXECUTOR - Connected to MC.
2026/Jun/17 06:34:25.001520 EXECUTOR - Executing test case TC_26_6_8_3 in module TC_26_6_8_3.
2026/Jun/17 06:34:25.001693 TESTCASE TC_26_6_8_3.ttcn3:54 Test case TC_26_6_8_3 started.
2026/Jun/17 06:34:25.002263 PARALLEL TC_26_6_8_3.ttcn3:54 Initializing variables, timers and ports of component type GSM_Component_Definitions.GSM_CT inside testcase TC_26_6_8_3.
2026/Jun/17 06:34:25.002672 USER TC_26_6_8_3.ttcn3:54 MSC_Port: set_parameter msc_stub_host = 10.42.0.48
2026/Jun/17 06:34:25.002719 USER TC_26_6_8_3.ttcn3:54 MSC_Port: set_parameter msc_stub_port = 5000
2026/Jun/17 06:34:25.002739 USER TC_26_6_8_3.ttcn3:54 L3_Port: set_parameter gsmtap_host = 127.0.0.1
2026/Jun/17 06:34:25.002751 USER TC_26_6_8_3.ttcn3:54 L3_Port: set_parameter gsmtap_port = 4729
2026/Jun/17 06:34:25.002758 USER TC_26_6_8_3.ttcn3:54 L3_Port: set_parameter local_port = 4730
2026/Jun/17 06:34:25.002763 USER TC_26_6_8_3.ttcn3:54 L3_Port: set_parameter arfcn = 51
2026/Jun/17 06:34:25.002808 USER TC_26_6_8_3.ttcn3:54 L3_Port: user_start called
2026/Jun/17 06:34:25.002818 PORTEVENT TC_26_6_8_3.ttcn3:54 Port L was started.
2026/Jun/17 06:34:25.002875 PORTEVENT TC_26_6_8_3.ttcn3:54 Port RR was started.
2026/Jun/17 06:34:25.002881 PORTEVENT TC_26_6_8_3.ttcn3:54 Port MM was started.
2026/Jun/17 06:34:25.002885 PORTEVENT TC_26_6_8_3.ttcn3:54 Port CC was started.
2026/Jun/17 06:34:25.002888 USER TC_26_6_8_3.ttcn3:54 MSC_Port: user_start called
2026/Jun/17 06:34:25.002893 PORTEVENT TC_26_6_8_3.ttcn3:54 Port MSC was started.
2026/Jun/17 06:34:25.002898 PORTEVENT TC_26_6_8_3.ttcn3:54 Port BSC was started.
2026/Jun/17 06:34:25.002902 PORTEVENT TC_26_6_8_3.ttcn3:54 Port RSL was started.
2026/Jun/17 06:34:25.002907 USER TC_26_6_8_3.ttcn3:54 VTY_PT: Starting
2026/Jun/17 06:34:25.002911 PORTEVENT TC_26_6_8_3.ttcn3:54 Port VTY was started.
2026/Jun/17 06:34:25.002916 PORTEVENT TC_26_6_8_3.ttcn3:54 Port COORD was started.
2026/Jun/17 06:34:25.002919 PARALLEL TC_26_6_8_3.ttcn3:54 Component type GSM_Component_Definitions.GSM_CT was initialized.
2026/Jun/17 06:34:25.002936 USER TC_26_6_8_3.ttcn3:62 ==========================================================
2026/Jun/17 06:34:25.002941 USER TC_26_6_8_3.ttcn3:63 *** TC_26_6_8_3: CIPHERING MODE COMMAND (Stored Key) ***
2026/Jun/17 06:34:25.002947 USER TC_26_6_8_3.ttcn3:64 "*** Reference: GSM 04.08 " & char(0, 0, 0, 167) & " 26.6.8.3 ***"
2026/Jun/17 06:34:25.003000 USER TC_26_6_8_3.ttcn3:65 ==========================================================
2026/Jun/17 06:34:25.003005 USER TC_26_6_8_3.ttcn3:66 *** Purpose: MS uses stored Kc on CIPHER MODE CMD ***
2026/Jun/17 06:34:25.003009 USER TC_26_6_8_3.ttcn3:67 *** without a preceding AUTH procedure.           ***
2026/Jun/17 06:34:25.003014 USER TC_26_6_8_3.ttcn3:68 *** Kc stored during LU auth (TSPX_RANDDef).     ***
2026/Jun/17 06:34:25.003017 USER TC_26_6_8_3.ttcn3:69 ==========================================================
2026/Jun/17 06:34:25.003029 PARALLEL TC_26_6_8_3.ttcn3:71 Mapping port mtc:MSC to system:MSC.
2026/Jun/17 06:34:25.003071 USER TC_26_6_8_3.ttcn3:71 MSC_Port: Mapping to MSC
2026/Jun/17 06:34:25.003475 WARNING TC_26_6_8_3.ttcn3:71 Warning: The maximum number of open file descriptors (1048576) is greater than FD_SETSIZE (1024). Ensure that Test Ports using Install_Handler do not try to wait for events of file descriptors with values greater than FD_SETSIZE (1024). (Current caller of Install_Handler is "MSC")
2026/Jun/17 06:34:25.003513 USER TC_26_6_8_3.ttcn3:71 MSC_Port: Registered socket for async events
2026/Jun/17 06:34:25.003520 USER TC_26_6_8_3.ttcn3:71 MSC_Port: Connected to MSC stub at 10.42.0.48:5000
2026/Jun/17 06:34:25.003535 PORTEVENT TC_26_6_8_3.ttcn3:71 Port MSC was mapped to system:MSC.
2026/Jun/17 06:34:25.003607 PARALLEL TC_26_6_8_3.ttcn3:71 Map operation of mtc:MSC to system:MSC finished.
2026/Jun/17 06:34:25.003634 PARALLEL TC_26_6_8_3.ttcn3:72 Mapping port mtc:VTY to system:VTY.
2026/Jun/17 06:34:25.003657 USER TC_26_6_8_3.ttcn3:72 VTY_PT: Mapping port to VTY interface
2026/Jun/17 06:34:25.003908 USER TC_26_6_8_3.ttcn3:72 VTY_PT: Connected to VTY at 10.43.134.206:4247
2026/Jun/17 06:34:25.504200 USER TC_26_6_8_3.ttcn3:72 VTY_PT: Initial banner received
2026/Jun/17 06:34:25.504258 PORTEVENT TC_26_6_8_3.ttcn3:72 Port VTY was mapped to system:VTY.
2026/Jun/17 06:34:25.504308 USER TC_26_6_8_3.ttcn3:72 MSC_Port: RX: {"type": "WELCOME", "status": "connected"}
2026/Jun/17 06:34:25.504362 PORTEVENT TC_26_6_8_3.ttcn3:72 Message enqueued on MSC from system charstring : "{\"type\": \"WELCOME\", \"status\": \"connected\"}" id 1
2026/Jun/17 06:34:25.504408 PARALLEL TC_26_6_8_3.ttcn3:72 Map operation of mtc:VTY to system:VTY finished.
2026/Jun/17 06:34:25.504432 TIMEROP TC_26_6_8_3.ttcn3:74 Start timer T_guard: 120 s
2026/Jun/17 06:34:25.504489 USER TC_26_6_8_3.ttcn3:79 *** Phase 1: Waiting for Location Update Request ***
2026/Jun/17 06:34:25.504505 TIMEROP TC_26_6_8_3.ttcn3:82 Start timer T_lu: 60 s
2026/Jun/17 06:34:25.504551 PORTEVENT TC_26_6_8_3.ttcn3:86 Receive operation on port MSC succeeded, message from system(): charstring : "{\"type\": \"WELCOME\", \"status\": \"connected\"}" id 1
2026/Jun/17 06:34:25.504591 PORTEVENT TC_26_6_8_3.ttcn3:86 Message with id 1 was extracted from the queue of MSC.
2026/Jun/17 06:34:26.022832 USER TC_26_6_8_3.ttcn3:85 VTY_PT: Received data (buffered): 68 bytes
2026/Jun/17 06:34:30.009008 USER TC_26_6_8_3.ttcn3:85 MSC_Port: RX: {"type": "HEARTBEAT"}
2026/Jun/17 06:34:30.009070 PORTEVENT TC_26_6_8_3.ttcn3:85 Message enqueued on MSC from system charstring : "{\"type\": \"HEARTBEAT\"}" id 2
2026/Jun/17 06:34:30.009092 PORTEVENT TC_26_6_8_3.ttcn3:86 Receive operation on port MSC succeeded, message from system(): charstring : "{\"type\": \"HEARTBEAT\"}" id 2
2026/Jun/17 06:34:30.009101 PORTEVENT TC_26_6_8_3.ttcn3:86 Message with id 2 was extracted from the queue of MSC.
2026/Jun/17 06:34:35.014023 USER TC_26_6_8_3.ttcn3:85 MSC_Port: RX: {"type": "HEARTBEAT"}
2026/Jun/17 06:34:35.014101 PORTEVENT TC_26_6_8_3.ttcn3:85 Message enqueued on MSC from system charstring : "{\"type\": \"HEARTBEAT\"}" id 3
2026/Jun/17 06:34:35.014124 PORTEVENT TC_26_6_8_3.ttcn3:86 Receive operation on port MSC succeeded, message from system(): charstring : "{\"type\": \"HEARTBEAT\"}" id 3
2026/Jun/17 06:34:35.014133 PORTEVENT TC_26_6_8_3.ttcn3:86 Message with id 3 was extracted from the queue of MSC.
2026/Jun/17 06:34:40.019111 USER TC_26_6_8_3.ttcn3:85 MSC_Port: RX: {"type": "HEARTBEAT"}
2026/Jun/17 06:34:40.019172 PORTEVENT TC_26_6_8_3.ttcn3:85 Message enqueued on MSC from system charstring : "{\"type\": \"HEARTBEAT\"}" id 4
2026/Jun/17 06:34:40.019191 PORTEVENT TC_26_6_8_3.ttcn3:86 Receive operation on port MSC succeeded, message from system(): charstring : "{\"type\": \"HEARTBEAT\"}" id 4
2026/Jun/17 06:34:40.019199 PORTEVENT TC_26_6_8_3.ttcn3:86 Message with id 4 was extracted from the queue of MSC.
2026/Jun/17 06:34:45.023982 USER TC_26_6_8_3.ttcn3:85 MSC_Port: RX: {"type": "HEARTBEAT"}
2026/Jun/17 06:34:45.024044 PORTEVENT TC_26_6_8_3.ttcn3:85 Message enqueued on MSC from system charstring : "{\"type\": \"HEARTBEAT\"}" id 5
2026/Jun/17 06:34:45.024066 PORTEVENT TC_26_6_8_3.ttcn3:86 Receive operation on port MSC succeeded, message from system(): charstring : "{\"type\": \"HEARTBEAT\"}" id 5
2026/Jun/17 06:34:45.024075 PORTEVENT TC_26_6_8_3.ttcn3:86 Message with id 5 was extracted from the queue of MSC.
2026/Jun/17 06:34:48.826104 USER TC_26_6_8_3.ttcn3:85 VTY_PT: Received data (buffered): 68 bytes
2026/Jun/17 06:34:50.028996 USER TC_26_6_8_3.ttcn3:85 MSC_Port: RX: {"type": "HEARTBEAT"}
2026/Jun/17 06:34:50.029060 PORTEVENT TC_26_6_8_3.ttcn3:85 Message enqueued on MSC from system charstring : "{\"type\": \"HEARTBEAT\"}" id 6
2026/Jun/17 06:34:50.029091 PORTEVENT TC_26_6_8_3.ttcn3:86 Receive operation on port MSC succeeded, message from system(): charstring : "{\"type\": \"HEARTBEAT\"}" id 6
2026/Jun/17 06:34:50.029099 PORTEVENT TC_26_6_8_3.ttcn3:86 Message with id 6 was extracted from the queue of MSC.
2026/Jun/17 06:34:55.034005 USER TC_26_6_8_3.ttcn3:85 MSC_Port: RX: {"type": "HEARTBEAT"}
2026/Jun/17 06:34:55.034073 PORTEVENT TC_26_6_8_3.ttcn3:85 Message enqueued on MSC from system charstring : "{\"type\": \"HEARTBEAT\"}" id 7
2026/Jun/17 06:34:55.034095 PORTEVENT TC_26_6_8_3.ttcn3:86 Receive operation on port MSC succeeded, message from system(): charstring : "{\"type\": \"HEARTBEAT\"}" id 7
2026/Jun/17 06:34:55.034105 PORTEVENT TC_26_6_8_3.ttcn3:86 Message with id 7 was extracted from the queue of MSC.
2026/Jun/17 06:35:00.039001 USER TC_26_6_8_3.ttcn3:85 MSC_Port: RX: {"type": "HEARTBEAT"}
2026/Jun/17 06:35:00.039064 PORTEVENT TC_26_6_8_3.ttcn3:85 Message enqueued on MSC from system charstring : "{\"type\": \"HEARTBEAT\"}" id 8
2026/Jun/17 06:35:00.039090 PORTEVENT TC_26_6_8_3.ttcn3:86 Receive operation on port MSC succeeded, message from system(): charstring : "{\"type\": \"HEARTBEAT\"}" id 8
2026/Jun/17 06:35:00.039100 PORTEVENT TC_26_6_8_3.ttcn3:86 Message with id 8 was extracted from the queue of MSC.
2026/Jun/17 06:35:04.367955 USER TC_26_6_8_3.ttcn3:85 MSC_Port: RX: {"type": "EVENT_LU_REQUEST", "bsc_slr": 2, "msc_slr": 2, "cksn": 7, "lu_type": 0, "old_mcc": "901", "old_mnc": "70", "old_lac": 0, "mi_type": "imsi"}
2026/Jun/17 06:35:04.368035 PORTEVENT TC_26_6_8_3.ttcn3:85 Message enqueued on MSC from system charstring : "{\"type\": \"EVENT_LU_REQUEST\", \"bsc_slr\": 2, \"msc_slr\": 2, \"cksn\": 7, \"lu_type\": 0, \"old_mcc\": \"901\", \"old_mnc\": \"70\", \"old_lac\": 0, \"mi_type\": \"imsi\"}" id 9
2026/Jun/17 06:35:04.368068 PORTEVENT TC_26_6_8_3.ttcn3:86 Receive operation on port MSC succeeded, message from system(): charstring : "{\"type\": \"EVENT_LU_REQUEST\", \"bsc_slr\": 2, \"msc_slr\": 2, \"cksn\": 7, \"lu_type\": 0, \"old_mcc\": \"901\", \"old_mnc\": \"70\", \"old_lac\": 0, \"mi_type\": \"imsi\"}" id 9
2026/Jun/17 06:35:04.368080 PORTEVENT TC_26_6_8_3.ttcn3:86 Message with id 9 was extracted from the queue of MSC.
2026/Jun/17 06:35:04.368181 USER TC_26_6_8_3.ttcn3:88 *** LU Request received ***
2026/Jun/17 06:35:04.368402 USER TC_26_6_8_3.ttcn3:50 Extracted bsc_slr = 2 from event
2026/Jun/17 06:35:04.368458 TIMEROP TC_26_6_8_3.ttcn3:91 Stop timer T_lu: 60 s
2026/Jun/17 06:35:04.368485 USER TC_26_6_8_3.ttcn3:134 *** Sending AUTH REQUEST during LU (TSPX_RANDDef = 00112233...) ***
2026/Jun/17 06:35:04.368546 PORTEVENT TC_26_6_8_3.ttcn3:135 Sent on MSC to system charstring : "{\"command\": \"CMD_SEND_AUTH_REQ\", \"params\": {\"bsc_slr\": 2, \"rand\": \"00112233445566778899aabbccddeeff\"}}"
2026/Jun/17 06:35:04.368645 USER TC_26_6_8_3.ttcn3:135 MSC_Port: TX: {"command": "CMD_SEND_AUTH_REQ", "params": {"bsc_slr": 2, "rand": "00112233445566778899aabbccddeeff"}}
2026/Jun/17 06:35:04.368659 TIMEROP TC_26_6_8_3.ttcn3:138 Start timer T_auth_lu: 15 s
2026/Jun/17 06:35:04.369035 USER TC_26_6_8_3.ttcn3:139 MSC_Port: RX: {"status": "ok", "sent": true}
2026/Jun/17 06:35:04.369051 PORTEVENT TC_26_6_8_3.ttcn3:139 Message enqueued on MSC from system charstring : "{\"status\": \"ok\", \"sent\": true}" id 10
2026/Jun/17 06:35:04.369062 PORTEVENT TC_26_6_8_3.ttcn3:140 Receive operation on port MSC succeeded, message from system(): charstring : "{\"status\": \"ok\", \"sent\": true}" id 10
2026/Jun/17 06:35:04.369070 PORTEVENT TC_26_6_8_3.ttcn3:140 Message with id 10 was extracted from the queue of MSC.
2026/Jun/17 06:35:04.369123 USER TC_26_6_8_3.ttcn3:146 Event: "{\"status\": \"ok\", \"sent\": true}"
2026/Jun/17 06:35:04.839281 USER TC_26_6_8_3.ttcn3:139 MSC_Port: RX: {"type": "EVENT_DTAP", "bsc_slr": 2, "pd": 5, "msg_type": 20}
2026/Jun/17 06:35:04.839379 PORTEVENT TC_26_6_8_3.ttcn3:139 Message enqueued on MSC from system charstring : "{\"type\": \"EVENT_DTAP\", \"bsc_slr\": 2, \"pd\": 5, \"msg_type\": 20}" id 11
2026/Jun/17 06:35:04.839437 PORTEVENT TC_26_6_8_3.ttcn3:140 Receive operation on port MSC succeeded, message from system(): charstring : "{\"type\": \"EVENT_DTAP\", \"bsc_slr\": 2, \"pd\": 5, \"msg_type\": 20}" id 11
2026/Jun/17 06:35:04.839455 PORTEVENT TC_26_6_8_3.ttcn3:140 Message with id 11 was extracted from the queue of MSC.
2026/Jun/17 06:35:04.839598 USER TC_26_6_8_3.ttcn3:146 Event: "{\"type\": \"EVENT_DTAP\", \"bsc_slr\": 2, \"pd\": 5, \"msg_type\": 20}"
2026/Jun/17 06:35:04.839644 USER TC_26_6_8_3.ttcn3:139 MSC_Port: RX: {"type": "EVENT_AUTH_RESPONSE", "bsc_slr": 2, "sres": "04a66ba8"}
2026/Jun/17 06:35:04.839667 PORTEVENT TC_26_6_8_3.ttcn3:139 Message enqueued on MSC from system charstring : "{\"type\": \"EVENT_AUTH_RESPONSE\", \"bsc_slr\": 2, \"sres\": \"04a66ba8\"}" id 12
2026/Jun/17 06:35:04.839687 PORTEVENT TC_26_6_8_3.ttcn3:140 Receive operation on port MSC succeeded, message from system(): charstring : "{\"type\": \"EVENT_AUTH_RESPONSE\", \"bsc_slr\": 2, \"sres\": \"04a66ba8\"}" id 12
2026/Jun/17 06:35:04.839699 PORTEVENT TC_26_6_8_3.ttcn3:140 Message with id 12 was extracted from the queue of MSC.
2026/Jun/17 06:35:04.839936 USER TC_26_6_8_3.ttcn3:142 *** AUTH RESPONSE during LU: "{\"type\": \"EVENT_AUTH_RESPONSE\", \"bsc_slr\": 2, \"sres\": \"04a66ba8\"}" ***
2026/Jun/17 06:35:04.839976 USER TC_26_6_8_3.ttcn3:143 *** Kc now stored in MS (generated from Ki + TSPX_RANDDef) ***
2026/Jun/17 06:35:04.839990 TIMEROP TC_26_6_8_3.ttcn3:144 Stop timer T_auth_lu: 15 s
2026/Jun/17 06:35:04.840009 USER TC_26_6_8_3.ttcn3:156 *** Sending LU Accept with TMSI ***
2026/Jun/17 06:35:04.840040 PORTEVENT TC_26_6_8_3.ttcn3:157 Sent on MSC to system charstring : "{\"command\": \"CMD_SEND_LU_ACCEPT_CUSTOM\", \"params\": {\"bsc_slr\": 2, \"mcc\": \"901\", \"mnc\": \"70\", \"lac\": 4242, \"tmsi\": 305419896}}"
2026/Jun/17 06:35:04.840111 USER TC_26_6_8_3.ttcn3:157 MSC_Port: TX: {"command": "CMD_SEND_LU_ACCEPT_CUSTOM", "params": {"bsc_slr": 2, "mcc": "901", "mnc": "70", "lac": 4242, "tmsi": 305419896}}
2026/Jun/17 06:35:04.840131 TIMEROP TC_26_6_8_3.ttcn3:160 Start timer T_tmsi: 10 s
2026/Jun/17 06:35:05.341274 USER TC_26_6_8_3.ttcn3:161 MSC_Port: RX: {"status": "ok", "sent": true}
2026/Jun/17 06:35:05.341343 PORTEVENT TC_26_6_8_3.ttcn3:161 Message enqueued on MSC from system charstring : "{\"status\": \"ok\", \"sent\": true}" id 13
2026/Jun/17 06:35:05.341368 PORTEVENT TC_26_6_8_3.ttcn3:162 Receive operation on port MSC succeeded, message from system(): charstring : "{\"status\": \"ok\", \"sent\": true}" id 13
2026/Jun/17 06:35:05.341378 PORTEVENT TC_26_6_8_3.ttcn3:162 Message with id 13 was extracted from the queue of MSC.
2026/Jun/17 06:35:05.341447 USER TC_26_6_8_3.ttcn3:167 Event: "{\"status\": \"ok\", \"sent\": true}"
2026/Jun/17 06:35:05.492419 USER TC_26_6_8_3.ttcn3:161 MSC_Port: RX: {"type": "EVENT_DTAP", "bsc_slr": 2, "pd": 5, "msg_type": 27}
2026/Jun/17 06:35:05.492485 PORTEVENT TC_26_6_8_3.ttcn3:161 Message enqueued on MSC from system charstring : "{\"type\": \"EVENT_DTAP\", \"bsc_slr\": 2, \"pd\": 5, \"msg_type\": 27}" id 14
2026/Jun/17 06:35:05.492507 PORTEVENT TC_26_6_8_3.ttcn3:162 Receive operation on port MSC succeeded, message from system(): charstring : "{\"type\": \"EVENT_DTAP\", \"bsc_slr\": 2, \"pd\": 5, \"msg_type\": 27}" id 14
2026/Jun/17 06:35:05.492516 PORTEVENT TC_26_6_8_3.ttcn3:162 Message with id 14 was extracted from the queue of MSC.
2026/Jun/17 06:35:05.492587 USER TC_26_6_8_3.ttcn3:167 Event: "{\"type\": \"EVENT_DTAP\", \"bsc_slr\": 2, \"pd\": 5, \"msg_type\": 27}"
2026/Jun/17 06:35:05.492609 USER TC_26_6_8_3.ttcn3:161 MSC_Port: RX: {"type": "EVENT_TMSI_REALLOC_COMPLETE", "bsc_slr": 2}
2026/Jun/17 06:35:05.492617 PORTEVENT TC_26_6_8_3.ttcn3:161 Message enqueued on MSC from system charstring : "{\"type\": \"EVENT_TMSI_REALLOC_COMPLETE\", \"bsc_slr\": 2}" id 15
2026/Jun/17 06:35:05.492624 PORTEVENT TC_26_6_8_3.ttcn3:162 Receive operation on port MSC succeeded, message from system(): charstring : "{\"type\": \"EVENT_TMSI_REALLOC_COMPLETE\", \"bsc_slr\": 2}" id 15
2026/Jun/17 06:35:05.492628 PORTEVENT TC_26_6_8_3.ttcn3:162 Message with id 15 was extracted from the queue of MSC.
2026/Jun/17 06:35:05.492719 USER TC_26_6_8_3.ttcn3:164 *** TMSI Reallocation Complete ***
2026/Jun/17 06:35:05.492726 TIMEROP TC_26_6_8_3.ttcn3:165 Stop timer T_tmsi: 10 s
2026/Jun/17 06:35:05.492743 PORTEVENT TC_26_6_8_3.ttcn3:174 Sent on MSC to system charstring : "{\"command\": \"CMD_SEND_CLEAR_CMD\", \"params\": {\"bsc_slr\": 2, \"cause\": 0}}"
2026/Jun/17 06:35:05.492785 USER TC_26_6_8_3.ttcn3:174 MSC_Port: TX: {"command": "CMD_SEND_CLEAR_CMD", "params": {"bsc_slr": 2, "cause": 0}}
2026/Jun/17 06:35:05.492794 TIMEROP TC_26_6_8_3.ttcn3:177 Start timer T_settle: 5 s
2026/Jun/17 06:35:05.493109 USER TC_26_6_8_3.ttcn3:178 MSC_Port: RX: {"status": "ok"}
2026/Jun/17 06:35:05.493121 PORTEVENT TC_26_6_8_3.ttcn3:178 Message enqueued on MSC from system charstring : "{\"status\": \"ok\"}" id 16
2026/Jun/17 06:35:05.493127 PORTEVENT TC_26_6_8_3.ttcn3:179 Receive operation on port MSC succeeded, message from system(): charstring : "{\"status\": \"ok\"}" id 16
2026/Jun/17 06:35:05.493131 PORTEVENT TC_26_6_8_3.ttcn3:179 Message with id 16 was extracted from the queue of MSC.
2026/Jun/17 06:35:05.493151 USER TC_26_6_8_3.ttcn3:181 Settle event: "{\"status\": \"ok\"}"
2026/Jun/17 06:35:05.533978 USER TC_26_6_8_3.ttcn3:178 MSC_Port: RX: {"type": "EVENT_BSSMAP_CLEAR_COMPLETE", "bsc_slr": 2}
2026/Jun/17 06:35:05.534044 PORTEVENT TC_26_6_8_3.ttcn3:178 Message enqueued on MSC from system charstring : "{\"type\": \"EVENT_BSSMAP_CLEAR_COMPLETE\", \"bsc_slr\": 2}" id 17
2026/Jun/17 06:35:05.534066 PORTEVENT TC_26_6_8_3.ttcn3:179 Receive operation on port MSC succeeded, message from system(): charstring : "{\"type\": \"EVENT_BSSMAP_CLEAR_COMPLETE\", \"bsc_slr\": 2}" id 17
2026/Jun/17 06:35:05.534075 PORTEVENT TC_26_6_8_3.ttcn3:179 Message with id 17 was extracted from the queue of MSC.
2026/Jun/17 06:35:05.534114 USER TC_26_6_8_3.ttcn3:181 Settle event: "{\"type\": \"EVENT_BSSMAP_CLEAR_COMPLETE\", \"bsc_slr\": 2}"
2026/Jun/17 06:35:06.104738 USER TC_26_6_8_3.ttcn3:178 VTY_PT: Received data (buffered): 61 bytes
2026/Jun/17 06:35:06.494057 USER TC_26_6_8_3.ttcn3:178 MSC_Port: RX: {"type": "HEARTBEAT"}
2026/Jun/17 06:35:06.494126 PORTEVENT TC_26_6_8_3.ttcn3:178 Message enqueued on MSC from system charstring : "{\"type\": \"HEARTBEAT\"}" id 18
2026/Jun/17 06:35:06.494150 PORTEVENT TC_26_6_8_3.ttcn3:179 Receive operation on port MSC succeeded, message from system(): charstring : "{\"type\": \"HEARTBEAT\"}" id 18
2026/Jun/17 06:35:06.494159 PORTEVENT TC_26_6_8_3.ttcn3:179 Message with id 18 was extracted from the queue of MSC.
2026/Jun/17 06:35:10.495424 TIMEROP TC_26_6_8_3.ttcn3:183 Timeout T_settle: 5 s
2026/Jun/17 06:35:10.495544 USER GSM_Component_Definitions.ttcn3:455 VTY: Sending command: "show subscriber"
2026/Jun/17 06:35:10.495616 PORTEVENT GSM_Component_Definitions.ttcn3:456 Sent on VTY to system charstring : "show subscriber"
2026/Jun/17 06:35:10.495667 USER GSM_Component_Definitions.ttcn3:456 VTY_PT: Sending command: "show subscriber"
2026/Jun/17 06:35:10.695942 USER GSM_Component_Definitions.ttcn3:456 VTY_PT: Received response: 
% (MS 1)
% Trying to register with network International, 70...

% (MS 1)
% Trying to register with network International, 70...

% (MS 1)
% On Network, normal service: International, 70
show subscriber
Mobile Subscriber of MS '1':
 IMSI: 901700000000001
 Status: U1_UPDATED  IMSI attached  TMSI 0x12345678
         LAI: 901-70-4242  (International, 70)
 GPRS Status: GU0_NULL IMSI detached  PTMSI 0x12345678  PTMSI-sig 0x000000  RAI: invalid
  P-TMSI 0x00000000 Key: sequence 0  f8 7e b8 22 2c ea 34 00
 Registered PLMN: MCC-MNC 901-70  (International, 70)
 Access barred cells: no
 Access classes: C0 C1 C2 C3 C4 C5 C6 C7 C8 C9 C10 C11 C12 C13 C14 C15

OsmocomBB(mobile)> 
OsmocomBB(mobile)> 
2026/Jun/17 06:35:10.696106 PORTEVENT GSM_Component_Definitions.ttcn3:456 Message enqueued on VTY from system charstring : "\r\n% (MS 1)\r\n% Trying to register with network International, 70...\r\n\r\n% (MS 1)\r\n% Trying to register with network International, 70...\r\n\r\n% (MS 1)\r\n% On Network, normal service: International, 70\r\nshow subscriber\r\nMobile Subscriber of MS '1':\r\n IMSI: 901700000000001\r\n Status: U1_UPDATED  IMSI attached  TMSI 0x12345678\r\n         LAI: 901-70-4242  (International, 70)\r\n GPRS Status: GU0_NULL IMSI detached  PTMSI 0x12345678  PTMSI-sig 0x000000  RAI: invalid\r\n  P-TMSI 0x00000000 Key: sequence 0  f8 7e b8 22 2c ea 34 00\r\n Registered PLMN: MCC-MNC 901-70  (International, 70)\r\n Access barred cells: no\r\n Access classes: C0 C1 C2 C3 C4 C5 C6 C7 C8 C9 C10 C11 C12 C13 C14 C15\r\n\r\nOsmocomBB(mobile)> \r\nOsmocomBB(mobile)> " id 1
2026/Jun/17 06:35:10.696158 TIMEROP GSM_Component_Definitions.ttcn3:459 Start timer T_vty: 5 s
2026/Jun/17 06:35:10.696228 PORTEVENT GSM_Component_Definitions.ttcn3:462 Receive operation on port VTY succeeded, message from system(): charstring : "\r\n% (MS 1)\r\n% Trying to register with network International, 70...\r\n\r\n% (MS 1)\r\n% Trying to register with network International, 70...\r\n\r\n% (MS 1)\r\n% On Network, normal service: International, 70\r\nshow subscriber\r\nMobile Subscriber of MS '1':\r\n IMSI: 901700000000001\r\n Status: U1_UPDATED  IMSI attached  TMSI 0x12345678\r\n         LAI: 901-70-4242  (International, 70)\r\n GPRS Status: GU0_NULL IMSI detached  PTMSI 0x12345678  PTMSI-sig 0x000000  RAI: invalid\r\n  P-TMSI 0x00000000 Key: sequence 0  f8 7e b8 22 2c ea 34 00\r\n Registered PLMN: MCC-MNC 901-70  (International, 70)\r\n Access barred cells: no\r\n Access classes: C0 C1 C2 C3 C4 C5 C6 C7 C8 C9 C10 C11 C12 C13 C14 C15\r\n\r\nOsmocomBB(mobile)> \r\nOsmocomBB(mobile)> " id 1
2026/Jun/17 06:35:10.696245 PORTEVENT GSM_Component_Definitions.ttcn3:462 Message with id 1 was extracted from the queue of VTY.
2026/Jun/17 06:35:10.696260 TIMEROP GSM_Component_Definitions.ttcn3:463 Stop timer T_vty: 5 s
2026/Jun/17 06:35:10.696268 USER GSM_Component_Definitions.ttcn3:464 VTY: Received response: "\r\n% (MS 1)\r\n% Trying to register with network International, 70...\r\n\r\n% (MS 1)\r\n% Trying to register with network International, 70...\r\n\r\n% (MS 1)\r\n% On Network, normal service: International, 70\r\nshow subscriber\r\nMobile Subscriber of MS '1':\r\n IMSI: 901700000000001\r\n Status: U1_UPDATED  IMSI attached  TMSI 0x12345678\r\n         LAI: 901-70-4242  (International, 70)\r\n GPRS Status: GU0_NULL IMSI detached  PTMSI 0x12345678  PTMSI-sig 0x000000  RAI: invalid\r\n  P-TMSI 0x00000000 Key: sequence 0  f8 7e b8 22 2c ea 34 00\r\n Registered PLMN: MCC-MNC 901-70  (International, 70)\r\n Access barred cells: no\r\n Access classes: C0 C1 C2 C3 C4 C5 C6 C7 C8 C9 C10 C11 C12 C13 C14 C15\r\n\r\nOsmocomBB(mobile)> \r\nOsmocomBB(mobile)> "
2026/Jun/17 06:35:10.696328 USER TC_26_6_8_3.ttcn3:187 *** Subscriber state after LU (Kc stored): "\r\n% (MS 1)\r\n% Trying to register with network International, 70...\r\n\r\n% (MS 1)\r\n% Trying to register with network International, 70...\r\n\r\n% (MS 1)\r\n% On Network, normal service: International, 70\r\nshow subscriber\r\nMobile Subscriber of MS '1':\r\n IMSI: 901700000000001\r\n Status: U1_UPDATED  IMSI attached  TMSI 0x12345678\r\n         LAI: 901-70-4242  (International, 70)\r\n GPRS Status: GU0_NULL IMSI detached  PTMSI 0x12345678  PTMSI-sig 0x000000  RAI: invalid\r\n  P-TMSI 0x00000000 Key: sequence 0  f8 7e b8 22 2c ea 34 00\r\n Registered PLMN: MCC-MNC 901-70  (International, 70)\r\n Access barred cells: no\r\n Access classes: C0 C1 C2 C3 C4 C5 C6 C7 C8 C9 C10 C11 C12 C13 C14 C15\r\n\r\nOsmocomBB(mobile)> \r\nOsmocomBB(mobile)> " ***
2026/Jun/17 06:35:10.696378 USER TC_26_6_8_3.ttcn3:192 *** Phase 2: Triggering MO call via VTY ***
2026/Jun/17 06:35:10.696388 USER GSM_Component_Definitions.ttcn3:455 VTY: Sending command: "enable"
2026/Jun/17 06:35:10.696401 PORTEVENT GSM_Component_Definitions.ttcn3:456 Sent on VTY to system charstring : "enable"
2026/Jun/17 06:35:10.696412 USER GSM_Component_Definitions.ttcn3:456 VTY_PT: Sending command: "enable"
2026/Jun/17 06:35:10.896594 USER GSM_Component_Definitions.ttcn3:456 VTY_PT: Received response: enable
OsmocomBB(mobile)# 
OsmocomBB(mobile)# 
2026/Jun/17 06:35:10.896684 PORTEVENT GSM_Component_Definitions.ttcn3:456 Message enqueued on VTY from system charstring : "enable\r\nOsmocomBB(mobile)# \r\nOsmocomBB(mobile)# " id 2
2026/Jun/17 06:35:10.896706 TIMEROP GSM_Component_Definitions.ttcn3:459 Start timer T_vty: 5 s
2026/Jun/17 06:35:10.896729 PORTEVENT GSM_Component_Definitions.ttcn3:462 Receive operation on port VTY succeeded, message from system(): charstring : "enable\r\nOsmocomBB(mobile)# \r\nOsmocomBB(mobile)# " id 2
2026/Jun/17 06:35:10.896739 PORTEVENT GSM_Component_Definitions.ttcn3:462 Message with id 2 was extracted from the queue of VTY.
2026/Jun/17 06:35:10.896745 TIMEROP GSM_Component_Definitions.ttcn3:463 Stop timer T_vty: 5 s
2026/Jun/17 06:35:10.896751 USER GSM_Component_Definitions.ttcn3:464 VTY: Received response: "enable\r\nOsmocomBB(mobile)# \r\nOsmocomBB(mobile)# "
2026/Jun/17 06:35:10.896766 USER TC_26_6_8_3.ttcn3:195 VTY enable: "enable\r\nOsmocomBB(mobile)# \r\nOsmocomBB(mobile)# "
2026/Jun/17 06:35:10.896778 USER GSM_Component_Definitions.ttcn3:455 VTY: Sending command: "call 1 12345"
2026/Jun/17 06:35:10.896790 PORTEVENT GSM_Component_Definitions.ttcn3:456 Sent on VTY to system charstring : "call 1 12345"
2026/Jun/17 06:35:10.896799 USER GSM_Component_Definitions.ttcn3:456 VTY_PT: Sending command: "call 1 12345"
2026/Jun/17 06:35:11.096967 USER GSM_Component_Definitions.ttcn3:456 VTY_PT: Received response: call 1 12345
OsmocomBB(mobile)# 
OsmocomBB(mobile)# 
2026/Jun/17 06:35:11.097044 PORTEVENT GSM_Component_Definitions.ttcn3:456 Message enqueued on VTY from system charstring : "call 1 12345\r\nOsmocomBB(mobile)# \r\nOsmocomBB(mobile)# " id 3
2026/Jun/17 06:35:11.097063 TIMEROP GSM_Component_Definitions.ttcn3:459 Start timer T_vty: 5 s
2026/Jun/17 06:35:11.097083 PORTEVENT GSM_Component_Definitions.ttcn3:462 Receive operation on port VTY succeeded, message from system(): charstring : "call 1 12345\r\nOsmocomBB(mobile)# \r\nOsmocomBB(mobile)# " id 3
2026/Jun/17 06:35:11.097092 PORTEVENT GSM_Component_Definitions.ttcn3:462 Message with id 3 was extracted from the queue of VTY.
2026/Jun/17 06:35:11.097097 TIMEROP GSM_Component_Definitions.ttcn3:463 Stop timer T_vty: 5 s
2026/Jun/17 06:35:11.097102 USER GSM_Component_Definitions.ttcn3:464 VTY: Received response: "call 1 12345\r\nOsmocomBB(mobile)# \r\nOsmocomBB(mobile)# "
2026/Jun/17 06:35:11.097114 USER TC_26_6_8_3.ttcn3:198 VTY call 1 12345: "call 1 12345\r\nOsmocomBB(mobile)# \r\nOsmocomBB(mobile)# "
2026/Jun/17 06:35:11.097124 TIMEROP TC_26_6_8_3.ttcn3:201 Start timer T_call_delay: 2 s
2026/Jun/17 06:35:11.429369 USER TC_26_6_8_3.ttcn3:202 MSC_Port: RX: {"type": "EVENT_CM_SERVICE_REQUEST", "bsc_slr": 3, "cm_service_type": 1, "cm_service_type_name": "MO call / Packet"}
2026/Jun/17 06:35:11.429457 PORTEVENT TC_26_6_8_3.ttcn3:202 Message enqueued on MSC from system charstring : "{\"type\": \"EVENT_CM_SERVICE_REQUEST\", \"bsc_slr\": 3, \"cm_service_type\": 1, \"cm_service_type_name\": \"MO call / Packet\"}" id 19
2026/Jun/17 06:35:11.499149 USER TC_26_6_8_3.ttcn3:202 MSC_Port: RX: {"type": "HEARTBEAT"}
2026/Jun/17 06:35:11.499240 PORTEVENT TC_26_6_8_3.ttcn3:202 Message enqueued on MSC from system charstring : "{\"type\": \"HEARTBEAT\"}" id 20
2026/Jun/17 06:35:13.097854 TIMEROP TC_26_6_8_3.ttcn3:202 Timeout T_call_delay: 2 s
2026/Jun/17 06:35:13.097917 USER TC_26_6_8_3.ttcn3:207 *** Phase 3: Waiting for CM SERVICE REQUEST ***
2026/Jun/17 06:35:13.097939 TIMEROP TC_26_6_8_3.ttcn3:209 Start timer T_cms: 30 s
2026/Jun/17 06:35:13.097960 PORTEVENT TC_26_6_8_3.ttcn3:211 Receive operation on port MSC succeeded, message from system(): charstring : "{\"type\": \"EVENT_CM_SERVICE_REQUEST\", \"bsc_slr\": 3, \"cm_service_type\": 1, \"cm_service_type_name\": \"MO call / Packet\"}" id 19
2026/Jun/17 06:35:13.097973 PORTEVENT TC_26_6_8_3.ttcn3:211 Message with id 19 was extracted from the queue of MSC.
2026/Jun/17 06:35:13.098067 USER TC_26_6_8_3.ttcn3:213 *** CM SERVICE REQUEST received ***
2026/Jun/17 06:35:13.098273 USER TC_26_6_8_3.ttcn3:50 Extracted bsc_slr = 3 from event
2026/Jun/17 06:35:13.098296 TIMEROP TC_26_6_8_3.ttcn3:215 Stop timer T_cms: 30 s
2026/Jun/17 06:35:13.098302 USER TC_26_6_8_3.ttcn3:230 "*** Phase 4: Sending CIPHER MODE COMMAND (A5/1) " & char(0, 0, 32, 20) & " NO preceding AUTH ***"
2026/Jun/17 06:35:13.098312 USER TC_26_6_8_3.ttcn3:231 *** MS must use stored Kc (established during LU auth) ***
2026/Jun/17 06:35:13.098324 PORTEVENT TC_26_6_8_3.ttcn3:232 Sent on MSC to system charstring : "{\"command\": \"CMD_SEND_CIPHER_MODE_COMMAND\", \"params\": {\"bsc_slr\": 3, \"cipher_mode\": 1, \"cipher_response\": true}}"
2026/Jun/17 06:35:13.098381 USER TC_26_6_8_3.ttcn3:232 MSC_Port: TX: {"command": "CMD_SEND_CIPHER_MODE_COMMAND", "params": {"bsc_slr": 3, "cipher_mode": 1, "cipher_response": true}}
2026/Jun/17 06:35:13.098389 TIMEROP TC_26_6_8_3.ttcn3:235 Start timer T_ciph: 15 s
2026/Jun/17 06:35:13.098396 PORTEVENT TC_26_6_8_3.ttcn3:237 Receive operation on port MSC succeeded, message from system(): charstring : "{\"type\": \"HEARTBEAT\"}" id 20
2026/Jun/17 06:35:13.098401 PORTEVENT TC_26_6_8_3.ttcn3:237 Message with id 20 was extracted from the queue of MSC.
2026/Jun/17 06:35:13.099443 USER TC_26_6_8_3.ttcn3:236 MSC_Port: RX: {"status": "ok", "sent": true}
2026/Jun/17 06:35:13.099458 PORTEVENT TC_26_6_8_3.ttcn3:236 Message enqueued on MSC from system charstring : "{\"status\": \"ok\", \"sent\": true}" id 21
2026/Jun/17 06:35:13.099467 PORTEVENT TC_26_6_8_3.ttcn3:237 Receive operation on port MSC succeeded, message from system(): charstring : "{\"status\": \"ok\", \"sent\": true}" id 21
2026/Jun/17 06:35:13.099472 PORTEVENT TC_26_6_8_3.ttcn3:237 Message with id 21 was extracted from the queue of MSC.
2026/Jun/17 06:35:13.099504 USER TC_26_6_8_3.ttcn3:244 Event: "{\"status\": \"ok\", \"sent\": true}"
2026/Jun/17 06:35:13.313191 USER TC_26_6_8_3.ttcn3:236 MSC_Port: RX: {"type": "EVENT_CIPHERING_MODE_COMPLETE", "bsc_slr": 3, "mobile_identity": "17090300000000000000f0"}
2026/Jun/17 06:35:13.313268 PORTEVENT TC_26_6_8_3.ttcn3:236 Message enqueued on MSC from system charstring : "{\"type\": \"EVENT_CIPHERING_MODE_COMPLETE\", \"bsc_slr\": 3, \"mobile_identity\": \"17090300000000000000f0\"}" id 22
2026/Jun/17 06:35:13.313301 PORTEVENT TC_26_6_8_3.ttcn3:237 Receive operation on port MSC succeeded, message from system(): charstring : "{\"type\": \"EVENT_CIPHERING_MODE_COMPLETE\", \"bsc_slr\": 3, \"mobile_identity\": \"17090300000000000000f0\"}" id 22
2026/Jun/17 06:35:13.313313 PORTEVENT TC_26_6_8_3.ttcn3:237 Message with id 22 was extracted from the queue of MSC.
2026/Jun/17 06:35:13.313526 USER TC_26_6_8_3.ttcn3:239 *** CIPHER MODE COMPLETE received ***
2026/Jun/17 06:35:13.313543 USER TC_26_6_8_3.ttcn3:240 "*** MS used stored Kc (no re-authentication) " & char(0, 0, 32, 20) & " PASS condition ***"
2026/Jun/17 06:35:13.313565 TIMEROP TC_26_6_8_3.ttcn3:242 Stop timer T_ciph: 15 s
2026/Jun/17 06:35:13.313581 USER TC_26_6_8_3.ttcn3:257 *** Phase 5: Waiting for CC SETUP (MO call under A5/1 with stored Kc) ***
2026/Jun/17 06:35:13.313590 TIMEROP TC_26_6_8_3.ttcn3:259 Start timer T_setup: 30 s
2026/Jun/17 06:35:13.494556 USER TC_26_6_8_3.ttcn3:260 MSC_Port: RX: {"type": "EVENT_DTAP", "bsc_slr": 3, "pd": 3, "msg_type": 5}
2026/Jun/17 06:35:13.494622 PORTEVENT TC_26_6_8_3.ttcn3:260 Message enqueued on MSC from system charstring : "{\"type\": \"EVENT_DTAP\", \"bsc_slr\": 3, \"pd\": 3, \"msg_type\": 5}" id 23
2026/Jun/17 06:35:13.494650 PORTEVENT TC_26_6_8_3.ttcn3:261 Receive operation on port MSC succeeded, message from system(): charstring : "{\"type\": \"EVENT_DTAP\", \"bsc_slr\": 3, \"pd\": 3, \"msg_type\": 5}" id 23
2026/Jun/17 06:35:13.494660 PORTEVENT TC_26_6_8_3.ttcn3:261 Message with id 23 was extracted from the queue of MSC.
2026/Jun/17 06:35:13.494760 USER TC_26_6_8_3.ttcn3:267 Event: "{\"type\": \"EVENT_DTAP\", \"bsc_slr\": 3, \"pd\": 3, \"msg_type\": 5}"
2026/Jun/17 06:35:13.494787 USER TC_26_6_8_3.ttcn3:260 MSC_Port: RX: {"type": "EVENT_CC_SETUP", "bsc_slr": 3, "ti_value": 0, "ti_flag": 0}
2026/Jun/17 06:35:13.494800 PORTEVENT TC_26_6_8_3.ttcn3:260 Message enqueued on MSC from system charstring : "{\"type\": \"EVENT_CC_SETUP\", \"bsc_slr\": 3, \"ti_value\": 0, \"ti_flag\": 0}" id 24
2026/Jun/17 06:35:13.494836 PORTEVENT TC_26_6_8_3.ttcn3:261 Receive operation on port MSC succeeded, message from system(): charstring : "{\"type\": \"EVENT_CC_SETUP\", \"bsc_slr\": 3, \"ti_value\": 0, \"ti_flag\": 0}" id 24
2026/Jun/17 06:35:13.494846 PORTEVENT TC_26_6_8_3.ttcn3:261 Message with id 24 was extracted from the queue of MSC.
2026/Jun/17 06:35:13.494919 USER TC_26_6_8_3.ttcn3:263 "*** CC SETUP received " & char(0, 0, 32, 20) & " MO call established using stored Kc ***"
2026/Jun/17 06:35:13.494938 TIMEROP TC_26_6_8_3.ttcn3:265 Stop timer T_setup: 30 s
2026/Jun/17 06:35:13.494959 PORTEVENT TC_26_6_8_3.ttcn3:278 Sent on MSC to system charstring : "{\"command\": \"CMD_SEND_CLEAR_CMD\", \"params\": {\"bsc_slr\": 3, \"cause\": 0}}"
2026/Jun/17 06:35:13.495001 USER TC_26_6_8_3.ttcn3:278 MSC_Port: TX: {"command": "CMD_SEND_CLEAR_CMD", "params": {"bsc_slr": 3, "cause": 0}}
2026/Jun/17 06:35:13.495012 TIMEROP TC_26_6_8_3.ttcn3:281 Start timer T_cleanup: 3 s
2026/Jun/17 06:35:13.495218 USER TC_26_6_8_3.ttcn3:282 MSC_Port: RX: {"status": "ok"}
2026/Jun/17 06:35:13.495258 PORTEVENT TC_26_6_8_3.ttcn3:282 Message enqueued on MSC from system charstring : "{\"status\": \"ok\"}" id 25
2026/Jun/17 06:35:13.495274 PORTEVENT TC_26_6_8_3.ttcn3:283 Receive operation on port MSC succeeded, message from system(): charstring : "{\"status\": \"ok\"}" id 25
2026/Jun/17 06:35:13.495281 PORTEVENT TC_26_6_8_3.ttcn3:283 Message with id 25 was extracted from the queue of MSC.
2026/Jun/17 06:35:13.495311 USER TC_26_6_8_3.ttcn3:285 Cleanup event: "{\"status\": \"ok\"}"
2026/Jun/17 06:35:13.535916 USER TC_26_6_8_3.ttcn3:282 MSC_Port: RX: {"type": "EVENT_BSSMAP_CLEAR_COMPLETE", "bsc_slr": 3}
2026/Jun/17 06:35:13.535974 PORTEVENT TC_26_6_8_3.ttcn3:282 Message enqueued on MSC from system charstring : "{\"type\": \"EVENT_BSSMAP_CLEAR_COMPLETE\", \"bsc_slr\": 3}" id 26
2026/Jun/17 06:35:13.535999 PORTEVENT TC_26_6_8_3.ttcn3:283 Receive operation on port MSC succeeded, message from system(): charstring : "{\"type\": \"EVENT_BSSMAP_CLEAR_COMPLETE\", \"bsc_slr\": 3}" id 26
2026/Jun/17 06:35:13.536007 PORTEVENT TC_26_6_8_3.ttcn3:283 Message with id 26 was extracted from the queue of MSC.
2026/Jun/17 06:35:13.536050 USER TC_26_6_8_3.ttcn3:285 Cleanup event: "{\"type\": \"EVENT_BSSMAP_CLEAR_COMPLETE\", \"bsc_slr\": 3}"
2026/Jun/17 06:35:14.107684 USER TC_26_6_8_3.ttcn3:282 VTY_PT: Received data (buffered): 38 bytes
2026/Jun/17 06:35:16.497176 TIMEROP TC_26_6_8_3.ttcn3:287 Timeout T_cleanup: 3 s
2026/Jun/17 06:35:16.497264 USER TC_26_6_8_3.ttcn3:290 ==========================================================
2026/Jun/17 06:35:16.497301 USER TC_26_6_8_3.ttcn3:291 *** TC_26_6_8_3 RESULT ***
2026/Jun/17 06:35:16.497315 USER TC_26_6_8_3.ttcn3:292 *** CIPHER MODE COMPLETE (stored Kc, no prior AUTH): true ***
2026/Jun/17 06:35:16.497370 USER TC_26_6_8_3.ttcn3:293 *** CC SETUP received (MO call under ciphering):     true ***
2026/Jun/17 06:35:16.497384 USER TC_26_6_8_3.ttcn3:294 ==========================================================
2026/Jun/17 06:35:16.497398 TIMEROP TC_26_6_8_3.ttcn3:296 Stop timer T_guard: 120 s
2026/Jun/17 06:35:16.497424 PARALLEL TC_26_6_8_3.ttcn3:297 Unmapping port mtc:MSC from system:MSC.
2026/Jun/17 06:35:16.497525 USER TC_26_6_8_3.ttcn3:297 MSC_Port: Unmapping from MSC
2026/Jun/17 06:35:16.497627 PORTEVENT TC_26_6_8_3.ttcn3:297 Port MSC was unmapped from system:MSC.
2026/Jun/17 06:35:16.497730 PARALLEL TC_26_6_8_3.ttcn3:297 Unmap operation of mtc:MSC from system:MSC finished.
2026/Jun/17 06:35:16.497752 PARALLEL TC_26_6_8_3.ttcn3:298 Unmapping port mtc:VTY from system:VTY.
2026/Jun/17 06:35:16.497803 USER TC_26_6_8_3.ttcn3:298 VTY_PT: Unmapping port from VTY interface
2026/Jun/17 06:35:16.497919 USER TC_26_6_8_3.ttcn3:298 VTY_PT: Disconnected from VTY
2026/Jun/17 06:35:16.497943 PORTEVENT TC_26_6_8_3.ttcn3:298 Port VTY was unmapped from system:VTY.
2026/Jun/17 06:35:16.498012 PARALLEL TC_26_6_8_3.ttcn3:298 Unmap operation of mtc:VTY from system:VTY finished.
2026/Jun/17 06:35:16.498070 VERDICTOP TC_26_6_8_3.ttcn3:301 setverdict(pass): none -> pass
2026/Jun/17 06:35:16.498215 PARALLEL TC_26_6_8_3.ttcn3:301 Terminating component type GSM_Component_Definitions.GSM_CT.
2026/Jun/17 06:35:16.498252 USER TC_26_6_8_3.ttcn3:301 L3_Port: user_stop called
2026/Jun/17 06:35:16.498265 PORTEVENT TC_26_6_8_3.ttcn3:301 Port L was stopped.
2026/Jun/17 06:35:16.498287 PORTEVENT TC_26_6_8_3.ttcn3:301 Port RR was stopped.
2026/Jun/17 06:35:16.498304 PORTEVENT TC_26_6_8_3.ttcn3:301 Port MM was stopped.
2026/Jun/17 06:35:16.498320 PORTEVENT TC_26_6_8_3.ttcn3:301 Port CC was stopped.
2026/Jun/17 06:35:16.498329 USER TC_26_6_8_3.ttcn3:301 MSC_Port: user_stop called
2026/Jun/17 06:35:16.498340 PORTEVENT TC_26_6_8_3.ttcn3:301 Port MSC was stopped.
2026/Jun/17 06:35:16.498360 USER TC_26_6_8_3.ttcn3:301 BSC_Port: user_stop called
2026/Jun/17 06:35:16.498372 PORTEVENT TC_26_6_8_3.ttcn3:301 Port BSC was stopped.
2026/Jun/17 06:35:16.498380 PORTEVENT TC_26_6_8_3.ttcn3:301 Port RSL was stopped.
2026/Jun/17 06:35:16.498388 USER TC_26_6_8_3.ttcn3:301 VTY_PT: Stopping
2026/Jun/17 06:35:16.498400 PORTEVENT TC_26_6_8_3.ttcn3:301 Port VTY was stopped.
2026/Jun/17 06:35:16.498409 PORTEVENT TC_26_6_8_3.ttcn3:301 Port COORD was stopped.
2026/Jun/17 06:35:16.498416 PARALLEL TC_26_6_8_3.ttcn3:301 Component type GSM_Component_Definitions.GSM_CT was shut down inside testcase TC_26_6_8_3.
2026/Jun/17 06:35:16.498431 EXECUTOR TC_26_6_8_3.ttcn3:301 Waiting for PTCs to finish.
2026/Jun/17 06:35:16.498504 VERDICTOP TC_26_6_8_3.ttcn3:301 Setting final verdict of the test case.
2026/Jun/17 06:35:16.498579 VERDICTOP TC_26_6_8_3.ttcn3:301 Local verdict of MTC: pass
2026/Jun/17 06:35:16.498620 VERDICTOP TC_26_6_8_3.ttcn3:301 No PTCs were created.
2026/Jun/17 06:35:16.498642 TESTCASE TC_26_6_8_3.ttcn3:301 Test case TC_26_6_8_3 finished. Verdict: pass
2026/Jun/17 06:35:16.498900 STATISTICS - Verdict statistics: 0 none (0.00 %), 1 pass (100.00 %), 0 inconc (0.00 %), 0 fail (0.00 %), 0 error (0.00 %).
2026/Jun/17 06:35:16.499049 STATISTICS - Test execution summary: 1 test case was executed. Overall verdict: pass
2026/Jun/17 06:35:16.499065 EXECUTOR - Exit was requested from MC. Terminating MTC.
