2026/Jul/02 09:24:24.858082 EXECUTOR - TTCN-3 Host Controller started on ttcn3-tc-26-8-1-2-4-4-1-n7lxx. Version: 11.1.0.
2026/Jul/02 09:24:24.858268 EXECUTOR - TTCN Logger v2.2 options: TimeStampFormat:=DateTime; LogEntityName:=No; LogEventTypes:=Yes; SourceInfoFormat:=Single; LogSensitiveData:=No; *.FileMask:=LOG_ALL; *.ConsoleMask:=ERROR | TESTCASE | USER | VERDICTOP | WARNING; LogFileSize:=0; LogFileNumber:=1; DiskFullAction:=Error
2026/Jul/02 09:24:24.858281 EXECUTOR - Maximum number of open file descriptors: 1048576,   FD_SETSIZE = 1024
2026/Jul/02 09:24:24.858411 WARNING - Warning: The address of MC was set to a local IP address. This may cause incorrect behavior if a HC from a remote host also connects to MC.
2026/Jul/02 09:24:24.858454 EXECUTOR - The address of MC was set to 127.0.0.1:0.
2026/Jul/02 09:24:24.858579 EXECUTOR - Connected to MC.
2026/Jul/02 09:24:24.858704 EXECUTOR - This host supports UNIX domain sockets for local communication.
2026/Jul/02 09:24:24.858945 EXECUTOR - Processing configuration data received from MC.
2026/Jul/02 09:24:24.859178 WARNING - Warning: Skeleton `/results/TC_26_8_1_2_4_4-2026-07-02-092423/%n.log' does not guarantee unique log file name for every test system process. It may cause unpredictable results if several test components try to write into the same log file.
2026/Jul/02 09:24:24.859450 EXECUTOR - Module GSM_Constants has the following parameters: { TSPC_Serv_TS11 := true, TSPC_Serv_TS61 := false, TSPC_Serv_TS62 := false, TSPC_Serv_BS21 := false, TSPC_Serv_BS22 := false, TSPC_Serv_BS24 := false, TSPC_Serv_BS25 := false, TSPC_Serv_BS26 := false, TSPC_Serv_BS31 := false, TSPC_Serv_BS32 := false, TSPC_Serv_BS33 := false, TSPC_Serv_BS34 := false, TSPC_Serv_BS41 := false, TSPC_Serv_BS42 := false, TSPC_Serv_BS43 := false, TSPC_Serv_BS44 := false, TSPC_Serv_BS45 := false, TSPC_Serv_BS51 := false, TSPC_Serv_BS61 := false, TSPC_Serv_BS81 := false, TSPC_DualRate := false, TSPC_MTsvc := true, TSPX_IMSI := '901700000000001F'O, TSPX_TMSI := '1914D97F'O, TSPX_CKSNDef := 0, TSPX_RANDDef := '00112233445566778899AABBCCDDEEFF'O, TSPX_SRES := '12345678'O, TSPX_Kc := '0000000000000000'O, TSPX_SDCCH4SubDef := 0, TSPX_TmSltDef := 0, TSPX_TscDef := 7, TSPX_TCHHSubDef := 0, TCV_CC := true, TSPX_Telephony_Rate := C_Full (0), TSPX_MOBscSvcA := C_Telephony (0), TSPX_MOBscSvcB := C_Telephony (0), TSPX_MOBscSvcC := C_Telephony (0), TSPX_MOBscSvcD := C_Telephony (0), TSPX_MOBscSvcE := C_Telephony (0), TSPX_MOBscSvcF := C_Telephony (0), TSPX_MOBscSvcG := C_Telephony (0), TSPX_MOChRateA := C_Full (0), TSPX_MOChRateB := C_Full (0), TSPX_MOChRateC := C_Full (0), TSPX_MOChRateD := C_Full (0), TSPX_MOChRateE := C_Full (0), TSPX_MOChRateF := C_Full (0), TSPX_MOChRateG := C_Full (0), TSPX_MTBscSvcA := C_Telephony (0), TSPX_MTBscSvcB := C_Telephony (0), TSPX_MTBscSvcC := C_Telephony (0), TSPX_MTBscSvcD := C_Telephony (0), TSPX_MTBscSvcE := C_Telephony (0), TSPX_MTBscSvcF := C_Telephony (0), TSPX_MTBscSvcG := C_Telephony (0), TSPX_MTBscSvcH := C_Telephony (0), TSPX_MTBscSvcI := C_Telephony (0), TSPX_MTBscSvcJ := C_Telephony (0), TSPX_MTChRateA := C_Full (0), TSPX_MTChRateB := C_Full (0), TSPX_MTChRateC := C_Full (0), TSPX_MTChRateD := C_Full (0), TSPX_MTChRateE := C_Full (0), TSPX_MTChRateF := C_Full (0), TSPX_MTChRateG := C_Full (0), TSPX_MTChRateH := C_Full (0), TSPX_MTChRateI := C_Full (0), TSPX_MTChRateJ := C_Full (0), C_arfcnA := 100 }
2026/Jul/02 09:24:24.859538 EXECUTOR - Module TC_26_3_3 has the following parameters: { TSPC_Serv_TS12 := false }
2026/Jul/02 09:24:24.859550 EXECUTOR - Module TC_26_6_13_5 has the following parameters: { TSPC_NonSynchronizedHO := false, TSPC_FreqHopping := false, TSPC_TwoCellSetup := false }
2026/Jul/02 09:24:24.859566 EXECUTOR - Module TC_26_6_13_6 has the following parameters: { TSPC_StartingTime := false, TSPC_TwoCellSetup := false, TSPC_FhChannelConfig := false, TSPC_FhMaListCheck := false, TSPC_NonSynchronizedHO := false, TSPC_MaListEncoding := false }
2026/Jul/02 09:24:24.859575 EXECUTOR - Module TC_26_6_1_2 has the following parameters: { TSPX_nPara := 3, TSPX_i1Para := 3, TSPX_kPara := 5, TSPX_i2Para := 1, TSPX_rPara := 4, TSPX_i3Para := 4 }
2026/Jul/02 09:24:24.859593 EXECUTOR - Module TC_26_6_2_5 has the following parameters: { TSPX_CcchConf_MultiNonComb := true, TSPC_CcchgPositive := true, TSPC_CcchgComputation := false, TSPC_SdcchOmConfig := false }
2026/Jul/02 09:24:24.859602 EXECUTOR - Module TC_26_6_3_2 has the following parameters: { TSPC_SacchSiInjection := false, TSPC_MeasurementReportCheck := false }
2026/Jul/02 09:24:24.859611 EXECUTOR - Module TC_26_6_4_2_1 has the following parameters: { TSPC_SacchL1PowerCheck := false, TSPC_HalfRateChannel := false, TSPC_CCStateU10 := false }
2026/Jul/02 09:24:24.859621 EXECUTOR - Module TC_26_6_5_2_10 has the following parameters: { TSPC_FnTimingCheck := false }
2026/Jul/02 09:24:24.859630 EXECUTOR - Module TC_26_6_5_2_9 has the following parameters: { TSPC_OM_NoL2Ack := false, TSPC_SacchMrCheck := false, TSPC_FreqHopping := false, TSPC_OM_SendNextOnHO := false }
2026/Jul/02 09:24:24.859639 EXECUTOR - Module TC_26_6_5_3_1 has the following parameters: { TSPC_InterCellHO := false, TSPC_FnTiming := false, TSPC_CheckCellsPresent := false, TSPC_TimadvPwrlvlChk := false }
2026/Jul/02 09:24:24.859648 EXECUTOR - Module TC_26_6_5_4_1 has the following parameters: { TSPC_StartCellB := false, TSPC_OM_GetTxFn := false, TSPC_FnTimingCheck := false, TSPC_TimadvPwrlvlChk := false }
2026/Jul/02 09:24:24.859658 EXECUTOR - Module TC_26_6_5_8 has the following parameters: { TSPC_CCStateU10 := false, TSPC_HoAccessObserve := false, TSPC_SacchL1PowerCheck := false, TSPC_CheckCellsPresent := false, TSPC_OM_ReturnFn := false }
2026/Jul/02 09:24:24.859667 EXECUTOR - Module TC_26_6_6_1 has the following parameters: { TSPC_FHCHK := false, TSPC_StartingTime := false, TSPC_DualRate := false, TSPC_PerSubtestChannel := false, TSPC_FHImmAsgn := false, TSPC_PerSubtestRelease := false, TSPC_OM_StopCell := false }
2026/Jul/02 09:24:24.859677 EXECUTOR - Module TC_26_6_7_2 has the following parameters: { TSPC_48DataH := false, TSPC_24DataH := false, TSPC_HalfRateSpeech := false }
2026/Jul/02 09:24:24.859707 EXECUTOR - Initializing module GSM_Component_Definitions.
2026/Jul/02 09:24:24.859714 EXECUTOR GSM_Component_Definitions.ttcn3:0 Initializing module GSM_Templates.
2026/Jul/02 09:24:24.859734 EXECUTOR GSM_Templates.ttcn3:0 Initializing module GSM_Constants.
2026/Jul/02 09:24:24.859740 EXECUTOR GSM_Constants.ttcn3:0 Initializing module GSM_Types.
2026/Jul/02 09:24:24.859743 EXECUTOR GSM_Constants.ttcn3:0 Initialization of module GSM_Types finished.
2026/Jul/02 09:24:24.859746 EXECUTOR GSM_Templates.ttcn3:0 Initialization of module GSM_Constants finished.
2026/Jul/02 09:24:24.859816 EXECUTOR GSM_Component_Definitions.ttcn3:0 Initialization of module GSM_Templates finished.
2026/Jul/02 09:24:24.859820 EXECUTOR - Initialization of module GSM_Component_Definitions finished.
2026/Jul/02 09:24:24.859831 EXECUTOR - Initializing module GSM_Functions.
2026/Jul/02 09:24:24.859855 EXECUTOR - Initialization of module GSM_Functions finished.
2026/Jul/02 09:24:24.859858 EXECUTOR - Initializing module PreGenRecordOf.
2026/Jul/02 09:24:24.859860 EXECUTOR - Initialization of module PreGenRecordOf finished.
2026/Jul/02 09:24:24.859862 EXECUTOR - Initializing module TC_26_2_1_3.
2026/Jul/02 09:24:24.859867 EXECUTOR - Initialization of module TC_26_2_1_3 finished.
2026/Jul/02 09:24:24.859869 EXECUTOR - Initializing module TC_26_2_2.
2026/Jul/02 09:24:24.859874 EXECUTOR - Initialization of module TC_26_2_2 finished.
2026/Jul/02 09:24:24.859876 EXECUTOR - Initializing module TC_26_2_3.
2026/Jul/02 09:24:24.859881 EXECUTOR - Initialization of module TC_26_2_3 finished.
2026/Jul/02 09:24:24.859883 EXECUTOR - Initializing module TC_26_3_2.
2026/Jul/02 09:24:24.859888 EXECUTOR - Initialization of module TC_26_3_2 finished.
2026/Jul/02 09:24:24.859890 EXECUTOR - Initializing module TC_26_3_3.
2026/Jul/02 09:24:24.859894 EXECUTOR - Initialization of module TC_26_3_3 finished.
2026/Jul/02 09:24:24.859896 EXECUTOR - Initializing module TC_26_3_4.
2026/Jul/02 09:24:24.859901 EXECUTOR - Initialization of module TC_26_3_4 finished.
2026/Jul/02 09:24:24.859906 EXECUTOR - Initializing module TC_26_6_11_1.
2026/Jul/02 09:24:24.859911 EXECUTOR - Initialization of module TC_26_6_11_1 finished.
2026/Jul/02 09:24:24.859914 EXECUTOR - Initializing module TC_26_6_11_2.
2026/Jul/02 09:24:24.859918 EXECUTOR - Initialization of module TC_26_6_11_2 finished.
2026/Jul/02 09:24:24.859920 EXECUTOR - Initializing module TC_26_6_12_1.
2026/Jul/02 09:24:24.859925 EXECUTOR - Initialization of module TC_26_6_12_1 finished.
2026/Jul/02 09:24:24.859927 EXECUTOR - Initializing module TC_26_6_12_2.
2026/Jul/02 09:24:24.859932 EXECUTOR - Initialization of module TC_26_6_12_2 finished.
2026/Jul/02 09:24:24.859934 EXECUTOR - Initializing module TC_26_6_12_3.
2026/Jul/02 09:24:24.859939 EXECUTOR - Initialization of module TC_26_6_12_3 finished.
2026/Jul/02 09:24:24.859941 EXECUTOR - Initializing module TC_26_6_12_4.
2026/Jul/02 09:24:24.859946 EXECUTOR - Initialization of module TC_26_6_12_4 finished.
2026/Jul/02 09:24:24.859948 EXECUTOR - Initializing module TC_26_6_13_1.
2026/Jul/02 09:24:24.859953 EXECUTOR - Initialization of module TC_26_6_13_1 finished.
2026/Jul/02 09:24:24.859955 EXECUTOR - Initializing module TC_26_6_13_10.
2026/Jul/02 09:24:24.859959 EXECUTOR - Initialization of module TC_26_6_13_10 finished.
2026/Jul/02 09:24:24.859962 EXECUTOR - Initializing module TC_26_6_13_2.
2026/Jul/02 09:24:24.859966 EXECUTOR - Initialization of module TC_26_6_13_2 finished.
2026/Jul/02 09:24:24.859968 EXECUTOR - Initializing module TC_26_6_13_3.
2026/Jul/02 09:24:24.859973 EXECUTOR - Initialization of module TC_26_6_13_3 finished.
2026/Jul/02 09:24:24.859976 EXECUTOR - Initializing module TC_26_6_13_4.
2026/Jul/02 09:24:24.859981 EXECUTOR - Initialization of module TC_26_6_13_4 finished.
2026/Jul/02 09:24:24.859983 EXECUTOR - Initializing module TC_26_6_13_5.
2026/Jul/02 09:24:24.859987 EXECUTOR - Initialization of module TC_26_6_13_5 finished.
2026/Jul/02 09:24:24.859989 EXECUTOR - Initializing module TC_26_6_13_6.
2026/Jul/02 09:24:24.859993 EXECUTOR - Initialization of module TC_26_6_13_6 finished.
2026/Jul/02 09:24:24.859995 EXECUTOR - Initializing module TC_26_6_13_7.
2026/Jul/02 09:24:24.860000 EXECUTOR - Initialization of module TC_26_6_13_7 finished.
2026/Jul/02 09:24:24.860002 EXECUTOR - Initializing module TC_26_6_13_9.
2026/Jul/02 09:24:24.860007 EXECUTOR - Initialization of module TC_26_6_13_9 finished.
2026/Jul/02 09:24:24.860009 EXECUTOR - Initializing module TC_26_6_1_1.
2026/Jul/02 09:24:24.860014 EXECUTOR - Initialization of module TC_26_6_1_1 finished.
2026/Jul/02 09:24:24.860016 EXECUTOR - Initializing module TC_26_6_1_2.
2026/Jul/02 09:24:24.860020 EXECUTOR - Initialization of module TC_26_6_1_2 finished.
2026/Jul/02 09:24:24.860023 EXECUTOR - Initializing module TC_26_6_1_3.
2026/Jul/02 09:24:24.860027 EXECUTOR - Initialization of module TC_26_6_1_3 finished.
2026/Jul/02 09:24:24.860029 EXECUTOR - Initializing module TC_26_6_1_4.
2026/Jul/02 09:24:24.860034 EXECUTOR - Initialization of module TC_26_6_1_4 finished.
2026/Jul/02 09:24:24.860036 EXECUTOR - Initializing module TC_26_6_1_5.
2026/Jul/02 09:24:24.860041 EXECUTOR - Initialization of module TC_26_6_1_5 finished.
2026/Jul/02 09:24:24.860043 EXECUTOR - Initializing module TC_26_6_2_1_1.
2026/Jul/02 09:24:24.860048 EXECUTOR - Initialization of module TC_26_6_2_1_1 finished.
2026/Jul/02 09:24:24.860050 EXECUTOR - Initializing module TC_26_6_2_1_2.
2026/Jul/02 09:24:24.860055 EXECUTOR - Initialization of module TC_26_6_2_1_2 finished.
2026/Jul/02 09:24:24.860057 EXECUTOR - Initializing module TC_26_6_2_1_3.
2026/Jul/02 09:24:24.860062 EXECUTOR - Initialization of module TC_26_6_2_1_3 finished.
2026/Jul/02 09:24:24.860064 EXECUTOR - Initializing module TC_26_6_2_2.
2026/Jul/02 09:24:24.860069 EXECUTOR - Initialization of module TC_26_6_2_2 finished.
2026/Jul/02 09:24:24.860071 EXECUTOR - Initializing module TC_26_6_2_3_1.
2026/Jul/02 09:24:24.860076 EXECUTOR - Initialization of module TC_26_6_2_3_1 finished.
2026/Jul/02 09:24:24.860078 EXECUTOR - Initializing module TC_26_6_2_3_2.
2026/Jul/02 09:24:24.860086 EXECUTOR - Initialization of module TC_26_6_2_3_2 finished.
2026/Jul/02 09:24:24.860088 EXECUTOR - Initializing module TC_26_6_2_4.
2026/Jul/02 09:24:24.860093 EXECUTOR - Initialization of module TC_26_6_2_4 finished.
2026/Jul/02 09:24:24.860095 EXECUTOR - Initializing module TC_26_6_2_5.
2026/Jul/02 09:24:24.860100 EXECUTOR - Initialization of module TC_26_6_2_5 finished.
2026/Jul/02 09:24:24.860102 EXECUTOR - Initializing module TC_26_6_3_1.
2026/Jul/02 09:24:24.860106 EXECUTOR - Initialization of module TC_26_6_3_1 finished.
2026/Jul/02 09:24:24.860109 EXECUTOR - Initializing module TC_26_6_3_2.
2026/Jul/02 09:24:24.860113 EXECUTOR - Initialization of module TC_26_6_3_2 finished.
2026/Jul/02 09:24:24.860115 EXECUTOR - Initializing module TC_26_6_3_3.
2026/Jul/02 09:24:24.860120 EXECUTOR - Initialization of module TC_26_6_3_3 finished.
2026/Jul/02 09:24:24.860122 EXECUTOR - Initializing module TC_26_6_3_4.
2026/Jul/02 09:24:24.860127 EXECUTOR - Initialization of module TC_26_6_3_4 finished.
2026/Jul/02 09:24:24.860129 EXECUTOR - Initializing module TC_26_6_3_5.
2026/Jul/02 09:24:24.860135 EXECUTOR - Initialization of module TC_26_6_3_5 finished.
2026/Jul/02 09:24:24.860137 EXECUTOR - Initializing module TC_26_6_4_1.
2026/Jul/02 09:24:24.860142 EXECUTOR - Initialization of module TC_26_6_4_1 finished.
2026/Jul/02 09:24:24.860144 EXECUTOR - Initializing module TC_26_6_4_2_1.
2026/Jul/02 09:24:24.860148 EXECUTOR - Initialization of module TC_26_6_4_2_1 finished.
2026/Jul/02 09:24:24.860150 EXECUTOR - Initializing module TC_26_6_4_2_2.
2026/Jul/02 09:24:24.860155 EXECUTOR - Initialization of module TC_26_6_4_2_2 finished.
2026/Jul/02 09:24:24.860157 EXECUTOR - Initializing module TC_26_6_5_1.
2026/Jul/02 09:24:24.860162 EXECUTOR - Initialization of module TC_26_6_5_1 finished.
2026/Jul/02 09:24:24.860164 EXECUTOR - Initializing module TC_26_6_5_2_1.
2026/Jul/02 09:24:24.860169 EXECUTOR - Initialization of module TC_26_6_5_2_1 finished.
2026/Jul/02 09:24:24.860171 EXECUTOR - Initializing module TC_26_6_5_2_10.
2026/Jul/02 09:24:24.860175 EXECUTOR - Initialization of module TC_26_6_5_2_10 finished.
2026/Jul/02 09:24:24.860177 EXECUTOR - Initializing module TC_26_6_5_2_2.
2026/Jul/02 09:24:24.860182 EXECUTOR - Initialization of module TC_26_6_5_2_2 finished.
2026/Jul/02 09:24:24.860184 EXECUTOR - Initializing module TC_26_6_5_2_3.
2026/Jul/02 09:24:24.860189 EXECUTOR - Initialization of module TC_26_6_5_2_3 finished.
2026/Jul/02 09:24:24.860191 EXECUTOR - Initializing module TC_26_6_5_2_4.
2026/Jul/02 09:24:24.860197 EXECUTOR - Initialization of module TC_26_6_5_2_4 finished.
2026/Jul/02 09:24:24.860199 EXECUTOR - Initializing module TC_26_6_5_2_5.
2026/Jul/02 09:24:24.860203 EXECUTOR - Initialization of module TC_26_6_5_2_5 finished.
2026/Jul/02 09:24:24.860205 EXECUTOR - Initializing module TC_26_6_5_2_6.
2026/Jul/02 09:24:24.860210 EXECUTOR - Initialization of module TC_26_6_5_2_6 finished.
2026/Jul/02 09:24:24.860213 EXECUTOR - Initializing module TC_26_6_5_2_7.
2026/Jul/02 09:24:24.860217 EXECUTOR - Initialization of module TC_26_6_5_2_7 finished.
2026/Jul/02 09:24:24.860219 EXECUTOR - Initializing module TC_26_6_5_2_8.
2026/Jul/02 09:24:24.860224 EXECUTOR - Initialization of module TC_26_6_5_2_8 finished.
2026/Jul/02 09:24:24.860226 EXECUTOR - Initializing module TC_26_6_5_2_9.
2026/Jul/02 09:24:24.860230 EXECUTOR - Initialization of module TC_26_6_5_2_9 finished.
2026/Jul/02 09:24:24.860233 EXECUTOR - Initializing module TC_26_6_5_3_1.
2026/Jul/02 09:24:24.860237 EXECUTOR - Initialization of module TC_26_6_5_3_1 finished.
2026/Jul/02 09:24:24.860239 EXECUTOR - Initializing module TC_26_6_5_3_2.
2026/Jul/02 09:24:24.860244 EXECUTOR - Initialization of module TC_26_6_5_3_2 finished.
2026/Jul/02 09:24:24.860246 EXECUTOR - Initializing module TC_26_6_5_4_1.
2026/Jul/02 09:24:24.860250 EXECUTOR - Initialization of module TC_26_6_5_4_1 finished.
2026/Jul/02 09:24:24.860252 EXECUTOR - Initializing module TC_26_6_5_4_2.
2026/Jul/02 09:24:24.860257 EXECUTOR - Initialization of module TC_26_6_5_4_2 finished.
2026/Jul/02 09:24:24.860261 EXECUTOR - Initializing module TC_26_6_5_5_2.
2026/Jul/02 09:24:24.860266 EXECUTOR - Initialization of module TC_26_6_5_5_2 finished.
2026/Jul/02 09:24:24.860268 EXECUTOR - Initializing module TC_26_6_5_6.
2026/Jul/02 09:24:24.860273 EXECUTOR - Initialization of module TC_26_6_5_6 finished.
2026/Jul/02 09:24:24.860275 EXECUTOR - Initializing module TC_26_6_5_7.
2026/Jul/02 09:24:24.860279 EXECUTOR - Initialization of module TC_26_6_5_7 finished.
2026/Jul/02 09:24:24.860282 EXECUTOR - Initializing module TC_26_6_5_8.
2026/Jul/02 09:24:24.860286 EXECUTOR - Initialization of module TC_26_6_5_8 finished.
2026/Jul/02 09:24:24.860288 EXECUTOR - Initializing module TC_26_6_6_1.
2026/Jul/02 09:24:24.860292 EXECUTOR - Initialization of module TC_26_6_6_1 finished.
2026/Jul/02 09:24:24.860295 EXECUTOR - Initializing module TC_26_6_7_2.
2026/Jul/02 09:24:24.860299 EXECUTOR - Initialization of module TC_26_6_7_2 finished.
2026/Jul/02 09:24:24.860301 EXECUTOR - Initializing module TC_26_6_8_1.
2026/Jul/02 09:24:24.860306 EXECUTOR - Initialization of module TC_26_6_8_1 finished.
2026/Jul/02 09:24:24.860308 EXECUTOR - Initializing module TC_26_6_8_2.
2026/Jul/02 09:24:24.860312 EXECUTOR - Initialization of module TC_26_6_8_2 finished.
2026/Jul/02 09:24:24.860315 EXECUTOR - Initializing module TC_26_6_8_3.
2026/Jul/02 09:24:24.860320 EXECUTOR - Initialization of module TC_26_6_8_3 finished.
2026/Jul/02 09:24:24.860322 EXECUTOR - Initializing module TC_26_6_8_4.
2026/Jul/02 09:24:24.860327 EXECUTOR - Initialization of module TC_26_6_8_4 finished.
2026/Jul/02 09:24:24.860329 EXECUTOR - Initializing module TC_26_6_8_5.
2026/Jul/02 09:24:24.860333 EXECUTOR - Initialization of module TC_26_6_8_5 finished.
2026/Jul/02 09:24:24.860335 EXECUTOR - Initializing module TC_26_7_1.
2026/Jul/02 09:24:24.860340 EXECUTOR - Initialization of module TC_26_7_1 finished.
2026/Jul/02 09:24:24.860342 EXECUTOR - Initializing module TC_26_7_2_1.
2026/Jul/02 09:24:24.860347 EXECUTOR - Initialization of module TC_26_7_2_1 finished.
2026/Jul/02 09:24:24.860349 EXECUTOR - Initializing module TC_26_7_2_2.
2026/Jul/02 09:24:24.860354 EXECUTOR - Initialization of module TC_26_7_2_2 finished.
2026/Jul/02 09:24:24.860356 EXECUTOR - Initializing module TC_26_7_3_1.
2026/Jul/02 09:24:24.860361 EXECUTOR - Initialization of module TC_26_7_3_1 finished.
2026/Jul/02 09:24:24.860363 EXECUTOR - Initializing module TC_26_7_3_2.
2026/Jul/02 09:24:24.860367 EXECUTOR - Initialization of module TC_26_7_3_2 finished.
2026/Jul/02 09:24:24.860369 EXECUTOR - Initializing module TC_26_7_4_1.
2026/Jul/02 09:24:24.860374 EXECUTOR - Initialization of module TC_26_7_4_1 finished.
2026/Jul/02 09:24:24.860376 EXECUTOR - Initializing module TC_26_7_4_2_1.
2026/Jul/02 09:24:24.860381 EXECUTOR - Initialization of module TC_26_7_4_2_1 finished.
2026/Jul/02 09:24:24.860383 EXECUTOR - Initializing module TC_26_7_4_2_2_1.
2026/Jul/02 09:24:24.860389 EXECUTOR - Initialization of module TC_26_7_4_2_2_1 finished.
2026/Jul/02 09:24:24.860391 EXECUTOR - Initializing module TC_26_7_4_2_2_2.
2026/Jul/02 09:24:24.860395 EXECUTOR - Initialization of module TC_26_7_4_2_2_2 finished.
2026/Jul/02 09:24:24.860397 EXECUTOR - Initializing module TC_26_7_4_2_3.
2026/Jul/02 09:24:24.860402 EXECUTOR - Initialization of module TC_26_7_4_2_3 finished.
2026/Jul/02 09:24:24.860404 EXECUTOR - Initializing module TC_26_7_4_2_4_1.
2026/Jul/02 09:24:24.860409 EXECUTOR - Initialization of module TC_26_7_4_2_4_1 finished.
2026/Jul/02 09:24:24.860411 EXECUTOR - Initializing module TC_26_7_4_2_4_2.
2026/Jul/02 09:24:24.860416 EXECUTOR - Initialization of module TC_26_7_4_2_4_2 finished.
2026/Jul/02 09:24:24.860418 EXECUTOR - Initializing module TC_26_7_4_2_4_3.
2026/Jul/02 09:24:24.860423 EXECUTOR - Initialization of module TC_26_7_4_2_4_3 finished.
2026/Jul/02 09:24:24.860425 EXECUTOR - Initializing module TC_26_7_4_2_4_4.
2026/Jul/02 09:24:24.860430 EXECUTOR - Initialization of module TC_26_7_4_2_4_4 finished.
2026/Jul/02 09:24:24.860432 EXECUTOR - Initializing module TC_26_7_4_2_4_5.
2026/Jul/02 09:24:24.860440 EXECUTOR - Initialization of module TC_26_7_4_2_4_5 finished.
2026/Jul/02 09:24:24.860442 EXECUTOR - Initializing module TC_26_7_4_3_1.
2026/Jul/02 09:24:24.860447 EXECUTOR - Initialization of module TC_26_7_4_3_1 finished.
2026/Jul/02 09:24:24.860449 EXECUTOR - Initializing module TC_26_7_4_3_2.
2026/Jul/02 09:24:24.860453 EXECUTOR - Initialization of module TC_26_7_4_3_2 finished.
2026/Jul/02 09:24:24.860456 EXECUTOR - Initializing module TC_26_7_4_3_3.
2026/Jul/02 09:24:24.860460 EXECUTOR - Initialization of module TC_26_7_4_3_3 finished.
2026/Jul/02 09:24:24.860463 EXECUTOR - Initializing module TC_26_7_4_3_4.
2026/Jul/02 09:24:24.860468 EXECUTOR - Initialization of module TC_26_7_4_3_4 finished.
2026/Jul/02 09:24:24.860470 EXECUTOR - Initializing module TC_26_7_4_4.
2026/Jul/02 09:24:24.860475 EXECUTOR - Initialization of module TC_26_7_4_4 finished.
2026/Jul/02 09:24:24.860477 EXECUTOR - Initializing module TC_26_7_4_5_1.
2026/Jul/02 09:24:24.860482 EXECUTOR - Initialization of module TC_26_7_4_5_1 finished.
2026/Jul/02 09:24:24.860484 EXECUTOR - Initializing module TC_26_7_4_5_2.
2026/Jul/02 09:24:24.860489 EXECUTOR - Initialization of module TC_26_7_4_5_2 finished.
2026/Jul/02 09:24:24.860491 EXECUTOR - Initializing module TC_26_7_4_5_3.
2026/Jul/02 09:24:24.860496 EXECUTOR - Initialization of module TC_26_7_4_5_3 finished.
2026/Jul/02 09:24:24.860498 EXECUTOR - Initializing module TC_26_7_4_5_4_2.
2026/Jul/02 09:24:24.860503 EXECUTOR - Initialization of module TC_26_7_4_5_4_2 finished.
2026/Jul/02 09:24:24.860505 EXECUTOR - Initializing module TC_26_7_4_5_4_3.
2026/Jul/02 09:24:24.860510 EXECUTOR - Initialization of module TC_26_7_4_5_4_3 finished.
2026/Jul/02 09:24:24.860512 EXECUTOR - Initializing module TC_26_7_5_2.
2026/Jul/02 09:24:24.860517 EXECUTOR - Initialization of module TC_26_7_5_2 finished.
2026/Jul/02 09:24:24.860519 EXECUTOR - Initializing module TC_26_7_5_3.
2026/Jul/02 09:24:24.860524 EXECUTOR - Initialization of module TC_26_7_5_3 finished.
2026/Jul/02 09:24:24.860526 EXECUTOR - Initializing module TC_26_7_5_4.
2026/Jul/02 09:24:24.860531 EXECUTOR - Initialization of module TC_26_7_5_4 finished.
2026/Jul/02 09:24:24.860533 EXECUTOR - Initializing module TC_26_7_5_5.
2026/Jul/02 09:24:24.860538 EXECUTOR - Initialization of module TC_26_7_5_5 finished.
2026/Jul/02 09:24:24.860540 EXECUTOR - Initializing module TC_26_7_5_6.
2026/Jul/02 09:24:24.860544 EXECUTOR - Initialization of module TC_26_7_5_6 finished.
2026/Jul/02 09:24:24.860547 EXECUTOR - Initializing module TC_26_7_5_7_1.
2026/Jul/02 09:24:24.860551 EXECUTOR - Initialization of module TC_26_7_5_7_1 finished.
2026/Jul/02 09:24:24.860554 EXECUTOR - Initializing module TC_26_7_5_8_1.
2026/Jul/02 09:24:24.860558 EXECUTOR - Initialization of module TC_26_7_5_8_1 finished.
2026/Jul/02 09:24:24.860560 EXECUTOR - Initializing module TC_26_7_5_8_2.
2026/Jul/02 09:24:24.860565 EXECUTOR - Initialization of module TC_26_7_5_8_2 finished.
2026/Jul/02 09:24:24.860567 EXECUTOR - Initializing module TC_26_7_5_8_3.
2026/Jul/02 09:24:24.860572 EXECUTOR - Initialization of module TC_26_7_5_8_3 finished.
2026/Jul/02 09:24:24.860574 EXECUTOR - Initializing module TC_26_8_1_2_1_1.
2026/Jul/02 09:24:24.860579 EXECUTOR - Initialization of module TC_26_8_1_2_1_1 finished.
2026/Jul/02 09:24:24.860581 EXECUTOR - Initializing module TC_26_8_1_2_2_1.
2026/Jul/02 09:24:24.860586 EXECUTOR - Initialization of module TC_26_8_1_2_2_1 finished.
2026/Jul/02 09:24:24.860588 EXECUTOR - Initializing module TC_26_8_1_2_2_2.
2026/Jul/02 09:24:24.860592 EXECUTOR - Initialization of module TC_26_8_1_2_2_2 finished.
2026/Jul/02 09:24:24.860594 EXECUTOR - Initializing module TC_26_8_1_2_2_3.
2026/Jul/02 09:24:24.860599 EXECUTOR - Initialization of module TC_26_8_1_2_2_3 finished.
2026/Jul/02 09:24:24.860601 EXECUTOR - Initializing module TC_26_8_1_2_3_1.
2026/Jul/02 09:24:24.860606 EXECUTOR - Initialization of module TC_26_8_1_2_3_1 finished.
2026/Jul/02 09:24:24.860608 EXECUTOR - Initializing module TC_26_8_1_2_3_2.
2026/Jul/02 09:24:24.860613 EXECUTOR - Initialization of module TC_26_8_1_2_3_2 finished.
2026/Jul/02 09:24:24.860618 EXECUTOR - Initializing module TC_26_8_1_2_3_3.
2026/Jul/02 09:24:24.860622 EXECUTOR - Initialization of module TC_26_8_1_2_3_3 finished.
2026/Jul/02 09:24:24.860625 EXECUTOR - Initializing module TC_26_8_1_2_3_4.
2026/Jul/02 09:24:24.860629 EXECUTOR - Initialization of module TC_26_8_1_2_3_4 finished.
2026/Jul/02 09:24:24.860631 EXECUTOR - Initializing module TC_26_8_1_2_3_5.
2026/Jul/02 09:24:24.860636 EXECUTOR - Initialization of module TC_26_8_1_2_3_5 finished.
2026/Jul/02 09:24:24.860638 EXECUTOR - Initializing module TC_26_8_1_2_3_6.
2026/Jul/02 09:24:24.860643 EXECUTOR - Initialization of module TC_26_8_1_2_3_6 finished.
2026/Jul/02 09:24:24.860645 EXECUTOR - Initializing module TC_26_8_1_2_3_7.
2026/Jul/02 09:24:24.860650 EXECUTOR - Initialization of module TC_26_8_1_2_3_7 finished.
2026/Jul/02 09:24:24.860652 EXECUTOR - Initializing module TC_26_8_1_2_4_1.
2026/Jul/02 09:24:24.860657 EXECUTOR - Initialization of module TC_26_8_1_2_4_1 finished.
2026/Jul/02 09:24:24.860659 EXECUTOR - Initializing module TC_26_8_1_2_4_13.
2026/Jul/02 09:24:24.860664 EXECUTOR - Initialization of module TC_26_8_1_2_4_13 finished.
2026/Jul/02 09:24:24.860666 EXECUTOR - Initializing module TC_26_8_1_2_4_2.
2026/Jul/02 09:24:24.860671 EXECUTOR - Initialization of module TC_26_8_1_2_4_2 finished.
2026/Jul/02 09:24:24.860673 EXECUTOR - Initializing module TC_26_8_1_2_4_3.
2026/Jul/02 09:24:24.860678 EXECUTOR - Initialization of module TC_26_8_1_2_4_3 finished.
2026/Jul/02 09:24:24.860681 EXECUTOR - Initializing module TC_26_8_1_2_4_4.
2026/Jul/02 09:24:24.860686 EXECUTOR - Initialization of module TC_26_8_1_2_4_4 finished.
2026/Jul/02 09:24:24.860688 EXECUTOR - Initializing module TC_26_8_1_2_4_5.
2026/Jul/02 09:24:24.860693 EXECUTOR - Initialization of module TC_26_8_1_2_4_5 finished.
2026/Jul/02 09:24:24.860695 EXECUTOR - Initializing module TC_26_8_1_2_5_7.
2026/Jul/02 09:24:24.860700 EXECUTOR - Initialization of module TC_26_8_1_2_5_7 finished.
2026/Jul/02 09:24:24.860702 EXECUTOR - Initializing module TC_26_8_1_2_6_1.
2026/Jul/02 09:24:24.860707 EXECUTOR - Initialization of module TC_26_8_1_2_6_1 finished.
2026/Jul/02 09:24:24.860709 EXECUTOR - Initializing module TC_26_8_1_2_6_2.
2026/Jul/02 09:24:24.860713 EXECUTOR - Initialization of module TC_26_8_1_2_6_2 finished.
2026/Jul/02 09:24:24.860716 EXECUTOR - Initializing module TC_26_8_1_2_6_3.
2026/Jul/02 09:24:24.860720 EXECUTOR - Initialization of module TC_26_8_1_2_6_3 finished.
2026/Jul/02 09:24:24.860723 EXECUTOR - Initializing module TC_26_8_1_2_6_5.
2026/Jul/02 09:24:24.860727 EXECUTOR - Initialization of module TC_26_8_1_2_6_5 finished.
2026/Jul/02 09:24:24.860730 EXECUTOR - Initializing module TC_26_8_1_2_6_6.
2026/Jul/02 09:24:24.860735 EXECUTOR - Initialization of module TC_26_8_1_2_6_6 finished.
2026/Jul/02 09:24:24.860737 EXECUTOR - Initializing module TC_26_8_1_2_7_3.
2026/Jul/02 09:24:24.860742 EXECUTOR - Initialization of module TC_26_8_1_2_7_3 finished.
2026/Jul/02 09:24:24.860744 EXECUTOR - Initializing module TC_26_8_1_2_7_4.
2026/Jul/02 09:24:24.860750 EXECUTOR - Initialization of module TC_26_8_1_2_7_4 finished.
2026/Jul/02 09:24:24.860752 EXECUTOR - Initializing module TC_26_8_1_2_8_3.
2026/Jul/02 09:24:24.860756 EXECUTOR - Initialization of module TC_26_8_1_2_8_3 finished.
2026/Jul/02 09:24:24.860758 EXECUTOR - Initializing module TC_26_8_1_2_9_2.
2026/Jul/02 09:24:24.860763 EXECUTOR - Initialization of module TC_26_8_1_2_9_2 finished.
2026/Jul/02 09:24:24.860765 EXECUTOR - Initializing module TC_26_8_1_2_9_4.
2026/Jul/02 09:24:24.860770 EXECUTOR - Initialization of module TC_26_8_1_2_9_4 finished.
2026/Jul/02 09:24:24.860772 EXECUTOR - Initializing module TC_26_8_1_2_9_5.
2026/Jul/02 09:24:24.860777 EXECUTOR - Initialization of module TC_26_8_1_2_9_5 finished.
2026/Jul/02 09:24:24.860779 EXECUTOR - Initializing module TC_26_8_1_3_1_1.
2026/Jul/02 09:24:24.860784 EXECUTOR - Initialization of module TC_26_8_1_3_1_1 finished.
2026/Jul/02 09:24:24.860786 EXECUTOR - Initializing module TC_26_8_1_3_2_1.
2026/Jul/02 09:24:24.860794 EXECUTOR - Initialization of module TC_26_8_1_3_2_1 finished.
2026/Jul/02 09:24:24.860796 EXECUTOR - Initializing module TC_26_8_1_3_3_1.
2026/Jul/02 09:24:24.860801 EXECUTOR - Initialization of module TC_26_8_1_3_3_1 finished.
2026/Jul/02 09:24:24.860803 EXECUTOR - Initializing module TC_26_8_1_3_3_2.
2026/Jul/02 09:24:24.860807 EXECUTOR - Initialization of module TC_26_8_1_3_3_2 finished.
2026/Jul/02 09:24:24.860810 EXECUTOR - Initializing module TC_26_8_1_3_3_3.
2026/Jul/02 09:24:24.860814 EXECUTOR - Initialization of module TC_26_8_1_3_3_3 finished.
2026/Jul/02 09:24:24.860817 EXECUTOR - Initializing module TC_26_8_1_3_3_4.
2026/Jul/02 09:24:24.860833 EXECUTOR - Initialization of module TC_26_8_1_3_3_4 finished.
2026/Jul/02 09:24:24.860837 EXECUTOR - Initializing module TC_26_8_1_3_3_5.
2026/Jul/02 09:24:24.860842 EXECUTOR - Initialization of module TC_26_8_1_3_3_5 finished.
2026/Jul/02 09:24:24.860844 EXECUTOR - Initializing module TC_26_8_1_3_3_6.
2026/Jul/02 09:24:24.860849 EXECUTOR - Initialization of module TC_26_8_1_3_3_6 finished.
2026/Jul/02 09:24:24.860851 EXECUTOR - Initializing module TC_26_8_1_3_3_7.
2026/Jul/02 09:24:24.860856 EXECUTOR - Initialization of module TC_26_8_1_3_3_7 finished.
2026/Jul/02 09:24:24.860858 EXECUTOR - Initializing module TC_26_8_1_3_4_1.
2026/Jul/02 09:24:24.860863 EXECUTOR - Initialization of module TC_26_8_1_3_4_1 finished.
2026/Jul/02 09:24:24.860865 EXECUTOR - Initializing module TC_26_8_1_3_4_2.
2026/Jul/02 09:24:24.860870 EXECUTOR - Initialization of module TC_26_8_1_3_4_2 finished.
2026/Jul/02 09:24:24.860872 EXECUTOR - Initializing module TC_26_8_1_3_4_3.
2026/Jul/02 09:24:24.860877 EXECUTOR - Initialization of module TC_26_8_1_3_4_3 finished.
2026/Jul/02 09:24:24.860879 EXECUTOR - Initializing module TC_26_8_1_3_4_4.
2026/Jul/02 09:24:24.860884 EXECUTOR - Initialization of module TC_26_8_1_3_4_4 finished.
2026/Jul/02 09:24:24.860886 EXECUTOR - Initializing module TC_26_8_1_3_4_5.
2026/Jul/02 09:24:24.860891 EXECUTOR - Initialization of module TC_26_8_1_3_4_5 finished.
2026/Jul/02 09:24:24.860893 EXECUTOR - Initializing module TC_26_8_1_3_4_6.
2026/Jul/02 09:24:24.860898 EXECUTOR - Initialization of module TC_26_8_1_3_4_6 finished.
2026/Jul/02 09:24:24.860900 EXECUTOR - Initializing module TC_26_8_1_3_4_7.
2026/Jul/02 09:24:24.860904 EXECUTOR - Initialization of module TC_26_8_1_3_4_7 finished.
2026/Jul/02 09:24:24.860906 EXECUTOR - Initializing module TC_26_8_1_3_4_8.
2026/Jul/02 09:24:24.860911 EXECUTOR - Initialization of module TC_26_8_1_3_4_8 finished.
2026/Jul/02 09:24:24.860914 EXECUTOR - Initializing module TC_26_8_1_3_5_1.
2026/Jul/02 09:24:24.860918 EXECUTOR - Initialization of module TC_26_8_1_3_5_1 finished.
2026/Jul/02 09:24:24.860920 EXECUTOR - Initializing module TC_26_8_1_3_5_2.
2026/Jul/02 09:24:24.860926 EXECUTOR - Initialization of module TC_26_8_1_3_5_2 finished.
2026/Jul/02 09:24:24.860928 EXECUTOR - Initializing module TC_26_8_1_3_5_3.
2026/Jul/02 09:24:24.860932 EXECUTOR - Initialization of module TC_26_8_1_3_5_3 finished.
2026/Jul/02 09:24:24.860934 EXECUTOR - Initializing module TC_26_8_1_3_5_4.
2026/Jul/02 09:24:24.860939 EXECUTOR - Initialization of module TC_26_8_1_3_5_4 finished.
2026/Jul/02 09:24:24.860941 EXECUTOR - Initializing module TC_26_8_1_3_5_5.
2026/Jul/02 09:24:24.860946 EXECUTOR - Initialization of module TC_26_8_1_3_5_5 finished.
2026/Jul/02 09:24:24.860948 EXECUTOR - Initializing module TC_26_8_1_3_5_6.
2026/Jul/02 09:24:24.860953 EXECUTOR - Initialization of module TC_26_8_1_3_5_6 finished.
2026/Jul/02 09:24:24.860955 EXECUTOR - Initializing module TC_26_8_1_3_5_7.
2026/Jul/02 09:24:24.860960 EXECUTOR - Initialization of module TC_26_8_1_3_5_7 finished.
2026/Jul/02 09:24:24.860962 EXECUTOR - Initializing module TC_26_8_1_3_5_8.
2026/Jul/02 09:24:24.860967 EXECUTOR - Initialization of module TC_26_8_1_3_5_8 finished.
2026/Jul/02 09:24:24.860969 EXECUTOR - Initializing module TC_26_8_1_3_5_9.
2026/Jul/02 09:24:24.860974 EXECUTOR - Initialization of module TC_26_8_1_3_5_9 finished.
2026/Jul/02 09:24:24.860978 EXECUTOR - Initializing module TC_26_8_1_4_3_1.
2026/Jul/02 09:24:24.860984 EXECUTOR - Initialization of module TC_26_8_1_4_3_1 finished.
2026/Jul/02 09:24:24.860986 EXECUTOR - Initializing module TC_26_8_1_4_3_2.
2026/Jul/02 09:24:24.860991 EXECUTOR - Initialization of module TC_26_8_1_4_3_2 finished.
2026/Jul/02 09:24:24.860993 EXECUTOR - Initializing module TC_26_8_1_4_5_6.
2026/Jul/02 09:24:24.860998 EXECUTOR - Initialization of module TC_26_8_1_4_5_6 finished.
2026/Jul/02 09:24:24.861000 EXECUTOR - Initializing module TC_26_8_2_1.
2026/Jul/02 09:24:24.861005 EXECUTOR - Initialization of module TC_26_8_2_1 finished.
2026/Jul/02 09:24:24.861007 EXECUTOR - Initializing module TC_26_8_2_2.
2026/Jul/02 09:24:24.861012 EXECUTOR - Initialization of module TC_26_8_2_2 finished.
2026/Jul/02 09:24:24.861014 EXECUTOR - Initializing module TC_26_8_2_3.
2026/Jul/02 09:24:24.861019 EXECUTOR - Initialization of module TC_26_8_2_3 finished.
2026/Jul/02 09:24:24.861021 EXECUTOR - Initializing module TC_26_8_3.
2026/Jul/02 09:24:24.861025 EXECUTOR - Initialization of module TC_26_8_3 finished.
2026/Jul/02 09:24:24.861027 EXECUTOR - Initializing module TC_34_2_2.
2026/Jul/02 09:24:24.861032 EXECUTOR - Initialization of module TC_34_2_2 finished.
2026/Jul/02 09:24:24.861034 EXECUTOR - Initializing module TitanLoggerApi.
2026/Jul/02 09:24:24.861037 EXECUTOR - Initialization of module TitanLoggerApi finished.
2026/Jul/02 09:24:24.861039 EXECUTOR - Initializing module TitanLoggerControl.
2026/Jul/02 09:24:24.861041 EXECUTOR - Initialization of module TitanLoggerControl finished.
2026/Jul/02 09:24:24.861051 EXECUTOR - Configuration data was processed successfully.
2026/Jul/02 09:24:24.863117 EXECUTOR - MTC was created. Process id: 39.
2026/Jul/02 09:26:03.461195 EXECUTOR - Exit was requested from MC. Terminating HC.
2026/Jul/02 09:26:03.461343 EXECUTOR - Disconnected from MC.
2026/Jul/02 09:26:03.461376 EXECUTOR - TTCN-3 Host Controller finished.
