/usr/local/bin/virtphy.real: option requires an argument -- 'd'
Fri Jun 26 15:00:04 2026 DVIRPHY virtphy.c:248 Virtual physical layer starting up...
Fri Jun 26 15:00:04 2026 DVIRPHY virtphy.c:257 Virtual physical layer ready, waiting for l23 app(s) on /tmp/osmocom_l2
Fri Jun 26 15:00:11 2026 DMAIN virt_l1_model.c:42 MS 0000: allocated
Fri Jun 26 15:00:11 2026 DL1C l1ctl_sock.c:138 Accepted client (fd=6) from server (fd=5)
Fri Jun 26 15:00:11 2026 DL1C l1ctl_sap.c:578 MS 0000: Tx L1CTL_RESET_CONF (reset_type: 1)
Fri Jun 26 15:00:11 2026 DL1C l1ctl_sap.c:578 MS 0000: Tx L1CTL_RESET_CONF (reset_type: 1)
Fri Jun 26 15:00:11 2026 DL1C l1ctl_sap.c:578 MS 0000: Tx L1CTL_RESET_CONF (reset_type: 1)
Fri Jun 26 15:00:11 2026 DL1C virt_prim_fbsb.c:57 MS 0000: Rx L1CTL_FBSB_REQ (arfcn=51, flags=0x7)
Fri Jun 26 15:00:15 2026 DL1C virt_prim_fbsb.c:126 MS 0000: Tx L1CTL_FBSB_CONF (res: 0)
Fri Jun 26 15:00:16 2026 DL1C l1ctl_sap.c:472 MS 0000: Rx L1CTL_CCCH_MODE_REQ (mode=2)
Fri Jun 26 15:00:16 2026 DL1C l1ctl_sap.c:600 MS 0000: Tx L1CTL_CCCH_MODE_CONF (mode: 2)
Fri Jun 26 15:00:17 2026 DL1C l1ctl_sap.c:578 MS 0000: Tx L1CTL_RESET_CONF (reset_type: 1)
Fri Jun 26 15:00:17 2026 DL1C virt_prim_fbsb.c:57 MS 0000: Rx L1CTL_FBSB_REQ (arfcn=51, flags=0x7)
Fri Jun 26 15:00:17 2026 DL1C virt_prim_fbsb.c:126 MS 0000: Tx L1CTL_FBSB_CONF (res: 0)
Fri Jun 26 15:00:17 2026 DL1C l1ctl_sap.c:411 MS 0000: Rx L1CTL_PARAM_REQ (ta=0, tx_power=14)
Fri Jun 26 15:00:17 2026 DL1C virt_prim_rach.c:81 MS 0000: Rx L1CTL_RACH_REQ (ra=0x0f, offset=5 combined=1)
Fri Jun 26 15:00:17 2026 DL1C virt_prim_rach.c:124 MS 0000: Tx L1CTL_RACH_CONF (fn: 427, arfcn: 51)
Fri Jun 26 15:00:17 2026 DL1C l1ctl_sap.c:411 MS 0000: Rx L1CTL_PARAM_REQ (ta=0, tx_power=14)
Fri Jun 26 15:00:17 2026 DL1C virt_prim_rach.c:81 MS 0000: Rx L1CTL_RACH_REQ (ra=0x09, offset=121 combined=1)
Fri Jun 26 15:00:17 2026 DL1C l1ctl_sap.c:578 MS 0000: Tx L1CTL_RESET_CONF (reset_type: 2)
Fri Jun 26 15:00:17 2026 DL1C l1ctl_sap.c:411 MS 0000: Rx L1CTL_PARAM_REQ (ta=0, tx_power=14)
Fri Jun 26 15:00:38 2026 DL1C l1ctl_sap.c:379 MS 0000: Rx L1CTL_DM_REL_REQ
Fri Jun 26 15:00:38 2026 DL1C l1ctl_sap.c:578 MS 0000: Tx L1CTL_RESET_CONF (reset_type: 1)
Fri Jun 26 15:00:38 2026 DL1C l1ctl_sap.c:578 MS 0000: Tx L1CTL_RESET_CONF (reset_type: 1)
Fri Jun 26 15:00:38 2026 DL1C virt_prim_fbsb.c:57 MS 0000: Rx L1CTL_FBSB_REQ (arfcn=51, flags=0x7)
Fri Jun 26 15:00:38 2026 DL1C virt_prim_fbsb.c:126 MS 0000: Tx L1CTL_FBSB_CONF (res: 0)
Fri Jun 26 15:00:38 2026 DL1C l1ctl_sap.c:526 MS 0000: Rx L1CTL_NEIGH_PM_REQ (list with 1 entries): IGNORED
Fri Jun 26 15:00:53 2026 DL1C l1ctl_sap.c:578 MS 0000: Tx L1CTL_RESET_CONF (reset_type: 1)
Fri Jun 26 15:00:53 2026 DL1C virt_prim_fbsb.c:57 MS 0000: Rx L1CTL_FBSB_REQ (arfcn=51, flags=0x7)
Fri Jun 26 15:00:53 2026 DL1C virt_prim_fbsb.c:126 MS 0000: Tx L1CTL_FBSB_CONF (res: 0)
Fri Jun 26 15:00:53 2026 DL1C l1ctl_sap.c:411 MS 0000: Rx L1CTL_PARAM_REQ (ta=0, tx_power=14)
Fri Jun 26 15:00:53 2026 DL1C virt_prim_rach.c:81 MS 0000: Rx L1CTL_RACH_REQ (ra=0x07, offset=1 combined=1)
Fri Jun 26 15:00:53 2026 DL1C virt_prim_rach.c:124 MS 0000: Tx L1CTL_RACH_CONF (fn: 8177, arfcn: 51)
Fri Jun 26 15:00:53 2026 DL1C l1ctl_sap.c:411 MS 0000: Rx L1CTL_PARAM_REQ (ta=0, tx_power=14)
Fri Jun 26 15:00:53 2026 DL1C virt_prim_rach.c:81 MS 0000: Rx L1CTL_RACH_REQ (ra=0x09, offset=125 combined=1)
Fri Jun 26 15:00:53 2026 DL1C l1ctl_sap.c:578 MS 0000: Tx L1CTL_RESET_CONF (reset_type: 2)
Fri Jun 26 15:00:53 2026 DL1C l1ctl_sap.c:411 MS 0000: Rx L1CTL_PARAM_REQ (ta=0, tx_power=14)
Fri Jun 26 15:01:01 2026 DL1C l1ctl_sap.c:379 MS 0000: Rx L1CTL_DM_REL_REQ
Fri Jun 26 15:01:01 2026 DL1C l1ctl_sap.c:578 MS 0000: Tx L1CTL_RESET_CONF (reset_type: 1)
Fri Jun 26 15:01:01 2026 DL1C l1ctl_sap.c:578 MS 0000: Tx L1CTL_RESET_CONF (reset_type: 1)
Fri Jun 26 15:01:01 2026 DL1C virt_prim_fbsb.c:57 MS 0000: Rx L1CTL_FBSB_REQ (arfcn=51, flags=0x7)
Fri Jun 26 15:01:01 2026 DL1C virt_prim_fbsb.c:126 MS 0000: Tx L1CTL_FBSB_CONF (res: 0)
Fri Jun 26 15:01:01 2026 DL1C l1ctl_sap.c:526 MS 0000: Rx L1CTL_NEIGH_PM_REQ (list with 1 entries): IGNORED
Fri Jun 26 15:01:16 2026 DL1C l1ctl_sap.c:578 MS 0000: Tx L1CTL_RESET_CONF (reset_type: 1)
Fri Jun 26 15:01:16 2026 DL1C virt_prim_fbsb.c:57 MS 0000: Rx L1CTL_FBSB_REQ (arfcn=51, flags=0x7)
Fri Jun 26 15:01:16 2026 DL1C virt_prim_fbsb.c:126 MS 0000: Tx L1CTL_FBSB_CONF (res: 0)
Fri Jun 26 15:01:16 2026 DL1C l1ctl_sap.c:411 MS 0000: Rx L1CTL_PARAM_REQ (ta=0, tx_power=14)
Fri Jun 26 15:01:16 2026 DL1C virt_prim_rach.c:81 MS 0000: Rx L1CTL_RACH_REQ (ra=0x01, offset=5 combined=1)
Fri Jun 26 15:01:16 2026 DL1C virt_prim_rach.c:124 MS 0000: Tx L1CTL_RACH_CONF (fn: 13126, arfcn: 51)
Fri Jun 26 15:01:16 2026 DL1C l1ctl_sap.c:411 MS 0000: Rx L1CTL_PARAM_REQ (ta=0, tx_power=14)
Fri Jun 26 15:01:16 2026 DL1C virt_prim_rach.c:81 MS 0000: Rx L1CTL_RACH_REQ (ra=0x02, offset=124 combined=1)
Fri Jun 26 15:01:16 2026 DL1C l1ctl_sap.c:578 MS 0000: Tx L1CTL_RESET_CONF (reset_type: 2)
Fri Jun 26 15:01:16 2026 DL1C l1ctl_sap.c:411 MS 0000: Rx L1CTL_PARAM_REQ (ta=0, tx_power=14)
Fri Jun 26 15:01:23 2026 DL1C l1ctl_sap.c:379 MS 0000: Rx L1CTL_DM_REL_REQ
Fri Jun 26 15:01:23 2026 DL1C l1ctl_sap.c:578 MS 0000: Tx L1CTL_RESET_CONF (reset_type: 1)
Fri Jun 26 15:01:23 2026 DL1C l1ctl_sap.c:578 MS 0000: Tx L1CTL_RESET_CONF (reset_type: 1)
Fri Jun 26 15:01:23 2026 DL1C virt_prim_fbsb.c:57 MS 0000: Rx L1CTL_FBSB_REQ (arfcn=51, flags=0x7)
Fri Jun 26 15:01:23 2026 DL1C virt_prim_fbsb.c:126 MS 0000: Tx L1CTL_FBSB_CONF (res: 0)
Fri Jun 26 15:01:23 2026 DL1C l1ctl_sap.c:526 MS 0000: Rx L1CTL_NEIGH_PM_REQ (list with 1 entries): IGNORED
Fri Jun 26 15:01:38 2026 DL1C l1ctl_sap.c:578 MS 0000: Tx L1CTL_RESET_CONF (reset_type: 1)
Fri Jun 26 15:01:38 2026 DL1C virt_prim_fbsb.c:57 MS 0000: Rx L1CTL_FBSB_REQ (arfcn=51, flags=0x7)
Fri Jun 26 15:01:38 2026 DL1C virt_prim_fbsb.c:126 MS 0000: Tx L1CTL_FBSB_CONF (res: 0)
Fri Jun 26 15:01:38 2026 DL1C l1ctl_sap.c:411 MS 0000: Rx L1CTL_PARAM_REQ (ta=0, tx_power=14)
Fri Jun 26 15:01:38 2026 DL1C virt_prim_rach.c:81 MS 0000: Rx L1CTL_RACH_REQ (ra=0x03, offset=3 combined=1)
Fri Jun 26 15:01:39 2026 DL1C virt_prim_rach.c:124 MS 0000: Tx L1CTL_RACH_CONF (fn: 18071, arfcn: 51)
Fri Jun 26 15:01:39 2026 DL1C l1ctl_sap.c:411 MS 0000: Rx L1CTL_PARAM_REQ (ta=0, tx_power=14)
Fri Jun 26 15:01:39 2026 DL1C virt_prim_rach.c:81 MS 0000: Rx L1CTL_RACH_REQ (ra=0x08, offset=116 combined=1)
Fri Jun 26 15:01:39 2026 DL1C l1ctl_sap.c:578 MS 0000: Tx L1CTL_RESET_CONF (reset_type: 2)
Fri Jun 26 15:01:39 2026 DL1C l1ctl_sap.c:411 MS 0000: Rx L1CTL_PARAM_REQ (ta=0, tx_power=14)
Fri Jun 26 15:01:42 2026 DL1C l1ctl_sap.c:379 MS 0000: Rx L1CTL_DM_REL_REQ
Fri Jun 26 15:01:42 2026 DL1C l1ctl_sap.c:578 MS 0000: Tx L1CTL_RESET_CONF (reset_type: 1)
Fri Jun 26 15:01:42 2026 DL1C l1ctl_sap.c:578 MS 0000: Tx L1CTL_RESET_CONF (reset_type: 1)
Fri Jun 26 15:01:42 2026 DL1C virt_prim_fbsb.c:57 MS 0000: Rx L1CTL_FBSB_REQ (arfcn=51, flags=0x7)
Fri Jun 26 15:01:42 2026 DL1C virt_prim_fbsb.c:126 MS 0000: Tx L1CTL_FBSB_CONF (res: 0)
Fri Jun 26 15:01:42 2026 DL1C l1ctl_sap.c:411 MS 0000: Rx L1CTL_PARAM_REQ (ta=0, tx_power=14)
Fri Jun 26 15:01:42 2026 DL1C virt_prim_rach.c:81 MS 0000: Rx L1CTL_RACH_REQ (ra=0x0c, offset=1 combined=1)
Fri Jun 26 15:01:42 2026 DL1C virt_prim_rach.c:124 MS 0000: Tx L1CTL_RACH_CONF (fn: 18885, arfcn: 51)
Fri Jun 26 15:01:42 2026 DL1C l1ctl_sap.c:411 MS 0000: Rx L1CTL_PARAM_REQ (ta=0, tx_power=14)
Fri Jun 26 15:01:42 2026 DL1C virt_prim_rach.c:81 MS 0000: Rx L1CTL_RACH_REQ (ra=0x08, offset=116 combined=1)
Fri Jun 26 15:01:42 2026 DL1C l1ctl_sap.c:578 MS 0000: Tx L1CTL_RESET_CONF (reset_type: 2)
Fri Jun 26 15:01:42 2026 DL1C l1ctl_sap.c:411 MS 0000: Rx L1CTL_PARAM_REQ (ta=0, tx_power=14)
Fri Jun 26 15:02:03 2026 DL1C l1ctl_sap.c:379 MS 0000: Rx L1CTL_DM_REL_REQ
Fri Jun 26 15:02:03 2026 DL1C l1ctl_sap.c:578 MS 0000: Tx L1CTL_RESET_CONF (reset_type: 1)
Fri Jun 26 15:02:03 2026 DL1C l1ctl_sap.c:578 MS 0000: Tx L1CTL_RESET_CONF (reset_type: 1)
Fri Jun 26 15:02:03 2026 DL1C virt_prim_fbsb.c:57 MS 0000: Rx L1CTL_FBSB_REQ (arfcn=51, flags=0x7)
Fri Jun 26 15:02:03 2026 DL1C virt_prim_fbsb.c:126 MS 0000: Tx L1CTL_FBSB_CONF (res: 0)
Fri Jun 26 15:02:03 2026 DL1C l1ctl_sap.c:526 MS 0000: Rx L1CTL_NEIGH_PM_REQ (list with 1 entries): IGNORED
Fri Jun 26 15:02:17 2026 DL1C l1ctl_sap.c:578 MS 0000: Tx L1CTL_RESET_CONF (reset_type: 1)
Fri Jun 26 15:02:17 2026 DL1C l1ctl_sock.c:99 Failed to receive msg from l2. Connection will be closed.
Fri Jun 26 15:02:17 2026 DMAIN virt_l1_model.c:49 MS 0000: destroyed
Fri Jun 26 15:02:38 2026 DMAIN virt_l1_model.c:42 MS 0001: allocated
Fri Jun 26 15:02:38 2026 DL1C l1ctl_sock.c:138 Accepted client (fd=6) from server (fd=5)
Fri Jun 26 15:02:38 2026 DL1C l1ctl_sap.c:578 MS 0001: Tx L1CTL_RESET_CONF (reset_type: 1)
Fri Jun 26 15:02:38 2026 DL1C l1ctl_sap.c:578 MS 0001: Tx L1CTL_RESET_CONF (reset_type: 1)
Fri Jun 26 15:02:38 2026 DL1C l1ctl_sap.c:578 MS 0001: Tx L1CTL_RESET_CONF (reset_type: 1)
Fri Jun 26 15:02:38 2026 DL1C virt_prim_fbsb.c:57 MS 0001: Rx L1CTL_FBSB_REQ (arfcn=51, flags=0x7)
Fri Jun 26 15:02:38 2026 DL1C virt_prim_fbsb.c:126 MS 0001: Tx L1CTL_FBSB_CONF (res: 0)
Fri Jun 26 15:02:39 2026 DL1C l1ctl_sap.c:472 MS 0001: Rx L1CTL_CCCH_MODE_REQ (mode=2)
Fri Jun 26 15:02:39 2026 DL1C l1ctl_sap.c:600 MS 0001: Tx L1CTL_CCCH_MODE_CONF (mode: 2)
Fri Jun 26 15:02:39 2026 DL1C l1ctl_sap.c:578 MS 0001: Tx L1CTL_RESET_CONF (reset_type: 1)
Fri Jun 26 15:02:39 2026 DL1C virt_prim_fbsb.c:57 MS 0001: Rx L1CTL_FBSB_REQ (arfcn=51, flags=0x7)
Fri Jun 26 15:02:39 2026 DL1C virt_prim_fbsb.c:126 MS 0001: Tx L1CTL_FBSB_CONF (res: 0)
Fri Jun 26 15:02:39 2026 DL1C l1ctl_sap.c:411 MS 0001: Rx L1CTL_PARAM_REQ (ta=0, tx_power=14)
Fri Jun 26 15:02:39 2026 DL1C virt_prim_rach.c:81 MS 0001: Rx L1CTL_RACH_REQ (ra=0x08, offset=8 combined=1)
Fri Jun 26 15:02:39 2026 DL1C virt_prim_rach.c:124 MS 0001: Tx L1CTL_RACH_CONF (fn: 31132, arfcn: 51)
Fri Jun 26 15:02:39 2026 DL1C l1ctl_sap.c:411 MS 0001: Rx L1CTL_PARAM_REQ (ta=0, tx_power=14)
Fri Jun 26 15:02:39 2026 DL1C virt_prim_rach.c:81 MS 0001: Rx L1CTL_RACH_REQ (ra=0x0e, offset=115 combined=1)
Fri Jun 26 15:02:39 2026 DL1C l1ctl_sap.c:578 MS 0001: Tx L1CTL_RESET_CONF (reset_type: 2)
Fri Jun 26 15:02:39 2026 DL1C l1ctl_sap.c:411 MS 0001: Rx L1CTL_PARAM_REQ (ta=0, tx_power=14)
Fri Jun 26 15:02:46 2026 DL1C l1ctl_sap.c:379 MS 0001: Rx L1CTL_DM_REL_REQ
Fri Jun 26 15:02:46 2026 DL1C l1ctl_sap.c:578 MS 0001: Tx L1CTL_RESET_CONF (reset_type: 1)
Fri Jun 26 15:02:46 2026 DL1C l1ctl_sap.c:578 MS 0001: Tx L1CTL_RESET_CONF (reset_type: 1)
Fri Jun 26 15:02:46 2026 DL1C virt_prim_fbsb.c:57 MS 0001: Rx L1CTL_FBSB_REQ (arfcn=51, flags=0x7)
Fri Jun 26 15:02:46 2026 DL1C l1ctl_sap.c:578 MS 0001: Tx L1CTL_RESET_CONF (reset_type: 1)
Fri Jun 26 15:02:46 2026 DL1C l1ctl_sap.c:578 MS 0001: Tx L1CTL_RESET_CONF (reset_type: 1)
Fri Jun 26 15:02:46 2026 DL1C virt_prim_fbsb.c:57 MS 0001: Rx L1CTL_FBSB_REQ (arfcn=51, flags=0x7)
Fri Jun 26 15:02:46 2026 DL1C virt_prim_fbsb.c:126 MS 0001: Tx L1CTL_FBSB_CONF (res: 0)
Fri Jun 26 15:02:46 2026 DL1C l1ctl_sap.c:472 MS 0001: Rx L1CTL_CCCH_MODE_REQ (mode=2)
Fri Jun 26 15:02:46 2026 DL1C l1ctl_sap.c:600 MS 0001: Tx L1CTL_CCCH_MODE_CONF (mode: 2)
Fri Jun 26 15:02:48 2026 DL1C l1ctl_sap.c:578 MS 0001: Tx L1CTL_RESET_CONF (reset_type: 1)
Fri Jun 26 15:02:48 2026 DL1C virt_prim_fbsb.c:57 MS 0001: Rx L1CTL_FBSB_REQ (arfcn=51, flags=0x7)
Fri Jun 26 15:02:48 2026 DL1C virt_prim_fbsb.c:126 MS 0001: Tx L1CTL_FBSB_CONF (res: 0)
Fri Jun 26 15:02:48 2026 DL1C l1ctl_sap.c:526 MS 0001: Rx L1CTL_NEIGH_PM_REQ (list with 1 entries): IGNORED
Fri Jun 26 15:03:01 2026 DL1C l1ctl_sap.c:578 MS 0001: Tx L1CTL_RESET_CONF (reset_type: 1)
Fri Jun 26 15:03:01 2026 DL1C virt_prim_fbsb.c:57 MS 0001: Rx L1CTL_FBSB_REQ (arfcn=51, flags=0x7)
Fri Jun 26 15:03:01 2026 DL1C virt_prim_fbsb.c:126 MS 0001: Tx L1CTL_FBSB_CONF (res: 0)
Fri Jun 26 15:03:01 2026 DL1C l1ctl_sap.c:411 MS 0001: Rx L1CTL_PARAM_REQ (ta=0, tx_power=14)
Fri Jun 26 15:03:01 2026 DL1C virt_prim_rach.c:81 MS 0001: Rx L1CTL_RACH_REQ (ra=0x0f, offset=6 combined=1)
Fri Jun 26 15:03:01 2026 DL1C virt_prim_rach.c:124 MS 0001: Tx L1CTL_RACH_CONF (fn: 35875, arfcn: 51)
Fri Jun 26 15:03:01 2026 DL1C l1ctl_sap.c:411 MS 0001: Rx L1CTL_PARAM_REQ (ta=0, tx_power=14)
Fri Jun 26 15:03:01 2026 DL1C virt_prim_rach.c:81 MS 0001: Rx L1CTL_RACH_REQ (ra=0x01, offset=123 combined=1)
Fri Jun 26 15:03:01 2026 DL1C l1ctl_sap.c:578 MS 0001: Tx L1CTL_RESET_CONF (reset_type: 2)
Fri Jun 26 15:03:01 2026 DL1C l1ctl_sap.c:411 MS 0001: Rx L1CTL_PARAM_REQ (ta=0, tx_power=14)
Fri Jun 26 15:03:02 2026 DL1C l1ctl_sap.c:379 MS 0001: Rx L1CTL_DM_REL_REQ
Fri Jun 26 15:03:02 2026 DL1C l1ctl_sap.c:578 MS 0001: Tx L1CTL_RESET_CONF (reset_type: 1)
Fri Jun 26 15:03:02 2026 DL1C l1ctl_sap.c:578 MS 0001: Tx L1CTL_RESET_CONF (reset_type: 1)
Fri Jun 26 15:03:02 2026 DL1C virt_prim_fbsb.c:57 MS 0001: Rx L1CTL_FBSB_REQ (arfcn=51, flags=0x7)
Fri Jun 26 15:03:02 2026 DL1C virt_prim_fbsb.c:126 MS 0001: Tx L1CTL_FBSB_CONF (res: 0)
Fri Jun 26 15:03:02 2026 DL1C l1ctl_sap.c:526 MS 0001: Rx L1CTL_NEIGH_PM_REQ (list with 1 entries): IGNORED
Fri Jun 26 15:03:17 2026 DL1C l1ctl_sap.c:578 MS 0001: Tx L1CTL_RESET_CONF (reset_type: 1)
Fri Jun 26 15:03:17 2026 DL1C virt_prim_fbsb.c:57 MS 0001: Rx L1CTL_FBSB_REQ (arfcn=51, flags=0x7)
Fri Jun 26 15:03:17 2026 DL1C virt_prim_fbsb.c:126 MS 0001: Tx L1CTL_FBSB_CONF (res: 0)
Fri Jun 26 15:03:17 2026 DL1C l1ctl_sap.c:411 MS 0001: Rx L1CTL_PARAM_REQ (ta=0, tx_power=14)
Fri Jun 26 15:03:17 2026 DL1C virt_prim_rach.c:81 MS 0001: Rx L1CTL_RACH_REQ (ra=0x0e, offset=10 combined=1)
Fri Jun 26 15:03:17 2026 DL1C virt_prim_rach.c:124 MS 0001: Tx L1CTL_RACH_CONF (fn: 39500, arfcn: 51)
Fri Jun 26 15:03:17 2026 DL1C l1ctl_sap.c:411 MS 0001: Rx L1CTL_PARAM_REQ (ta=0, tx_power=14)
Fri Jun 26 15:03:17 2026 DL1C virt_prim_rach.c:81 MS 0001: Rx L1CTL_RACH_REQ (ra=0x05, offset=126 combined=1)
Fri Jun 26 15:03:18 2026 DL1C l1ctl_sap.c:578 MS 0001: Tx L1CTL_RESET_CONF (reset_type: 2)
Fri Jun 26 15:03:18 2026 DL1C l1ctl_sap.c:411 MS 0001: Rx L1CTL_PARAM_REQ (ta=0, tx_power=14)
Fri Jun 26 15:03:19 2026 DL1C l1ctl_sap.c:379 MS 0001: Rx L1CTL_DM_REL_REQ
Fri Jun 26 15:03:19 2026 DL1C l1ctl_sap.c:578 MS 0001: Tx L1CTL_RESET_CONF (reset_type: 1)
Fri Jun 26 15:03:19 2026 DL1C l1ctl_sap.c:578 MS 0001: Tx L1CTL_RESET_CONF (reset_type: 1)
Fri Jun 26 15:03:19 2026 DL1C virt_prim_fbsb.c:57 MS 0001: Rx L1CTL_FBSB_REQ (arfcn=51, flags=0x7)
Fri Jun 26 15:03:19 2026 DL1C virt_prim_fbsb.c:126 MS 0001: Tx L1CTL_FBSB_CONF (res: 0)
Fri Jun 26 15:03:19 2026 DL1C l1ctl_sap.c:526 MS 0001: Rx L1CTL_NEIGH_PM_REQ (list with 1 entries): IGNORED
Fri Jun 26 15:03:34 2026 DL1C l1ctl_sap.c:578 MS 0001: Tx L1CTL_RESET_CONF (reset_type: 1)
Fri Jun 26 15:03:34 2026 DL1C virt_prim_fbsb.c:57 MS 0001: Rx L1CTL_FBSB_REQ (arfcn=51, flags=0x7)
Fri Jun 26 15:03:34 2026 DL1C virt_prim_fbsb.c:126 MS 0001: Tx L1CTL_FBSB_CONF (res: 0)
Fri Jun 26 15:03:34 2026 DL1C l1ctl_sap.c:411 MS 0001: Rx L1CTL_PARAM_REQ (ta=0, tx_power=14)
Fri Jun 26 15:03:34 2026 DL1C virt_prim_rach.c:81 MS 0001: Rx L1CTL_RACH_REQ (ra=0x0c, offset=4 combined=1)
Fri Jun 26 15:03:34 2026 DL1C virt_prim_rach.c:124 MS 0001: Tx L1CTL_RACH_CONF (fn: 43115, arfcn: 51)
Fri Jun 26 15:03:34 2026 DL1C l1ctl_sap.c:411 MS 0001: Rx L1CTL_PARAM_REQ (ta=0, tx_power=14)
Fri Jun 26 15:03:34 2026 DL1C virt_prim_rach.c:81 MS 0001: Rx L1CTL_RACH_REQ (ra=0x0a, offset=118 combined=1)
Fri Jun 26 15:03:34 2026 DL1C l1ctl_sap.c:578 MS 0001: Tx L1CTL_RESET_CONF (reset_type: 2)
Fri Jun 26 15:03:34 2026 DL1C l1ctl_sap.c:411 MS 0001: Rx L1CTL_PARAM_REQ (ta=0, tx_power=14)
Fri Jun 26 15:03:36 2026 DL1C l1ctl_sap.c:379 MS 0001: Rx L1CTL_DM_REL_REQ
Fri Jun 26 15:03:36 2026 DL1C l1ctl_sap.c:578 MS 0001: Tx L1CTL_RESET_CONF (reset_type: 1)
Fri Jun 26 15:03:36 2026 DL1C l1ctl_sap.c:578 MS 0001: Tx L1CTL_RESET_CONF (reset_type: 1)
Fri Jun 26 15:03:36 2026 DL1C virt_prim_fbsb.c:57 MS 0001: Rx L1CTL_FBSB_REQ (arfcn=51, flags=0x7)
Fri Jun 26 15:03:36 2026 DL1C virt_prim_fbsb.c:126 MS 0001: Tx L1CTL_FBSB_CONF (res: 0)
Fri Jun 26 15:03:36 2026 DL1C l1ctl_sap.c:526 MS 0001: Rx L1CTL_NEIGH_PM_REQ (list with 1 entries): IGNORED
Fri Jun 26 15:09:19 2026 DL1C l1ctl_sap.c:578 MS 0001: Tx L1CTL_RESET_CONF (reset_type: 1)
Fri Jun 26 15:09:19 2026 DL1C virt_prim_fbsb.c:57 MS 0001: Rx L1CTL_FBSB_REQ (arfcn=51, flags=0x7)
Fri Jun 26 15:09:19 2026 DL1C virt_prim_fbsb.c:126 MS 0001: Tx L1CTL_FBSB_CONF (res: 0)
Fri Jun 26 15:09:19 2026 DL1C l1ctl_sap.c:411 MS 0001: Rx L1CTL_PARAM_REQ (ta=0, tx_power=14)
Fri Jun 26 15:09:19 2026 DL1C virt_prim_rach.c:81 MS 0001: Rx L1CTL_RACH_REQ (ra=0x09, offset=0 combined=1)
Fri Jun 26 15:09:19 2026 DL1C virt_prim_rach.c:124 MS 0001: Tx L1CTL_RACH_CONF (fn: 117875, arfcn: 51)
Fri Jun 26 15:09:19 2026 DL1C l1ctl_sap.c:411 MS 0001: Rx L1CTL_PARAM_REQ (ta=0, tx_power=14)
Fri Jun 26 15:09:19 2026 DL1C virt_prim_rach.c:81 MS 0001: Rx L1CTL_RACH_REQ (ra=0x0d, offset=117 combined=1)
Fri Jun 26 15:09:19 2026 DL1C l1ctl_sap.c:578 MS 0001: Tx L1CTL_RESET_CONF (reset_type: 2)
Fri Jun 26 15:09:19 2026 DL1C l1ctl_sap.c:411 MS 0001: Rx L1CTL_PARAM_REQ (ta=0, tx_power=14)
Fri Jun 26 15:09:40 2026 DL1C l1ctl_sap.c:379 MS 0001: Rx L1CTL_DM_REL_REQ
Fri Jun 26 15:09:40 2026 DL1C l1ctl_sap.c:578 MS 0001: Tx L1CTL_RESET_CONF (reset_type: 1)
Fri Jun 26 15:09:40 2026 DL1C l1ctl_sap.c:578 MS 0001: Tx L1CTL_RESET_CONF (reset_type: 1)
Fri Jun 26 15:09:40 2026 DL1C virt_prim_fbsb.c:57 MS 0001: Rx L1CTL_FBSB_REQ (arfcn=51, flags=0x7)
Fri Jun 26 15:09:40 2026 DL1C virt_prim_fbsb.c:126 MS 0001: Tx L1CTL_FBSB_CONF (res: 0)
Fri Jun 26 15:09:40 2026 DL1C l1ctl_sap.c:526 MS 0001: Rx L1CTL_NEIGH_PM_REQ (list with 1 entries): IGNORED
Fri Jun 26 15:09:55 2026 DL1C l1ctl_sap.c:578 MS 0001: Tx L1CTL_RESET_CONF (reset_type: 1)
Fri Jun 26 15:09:55 2026 DL1C virt_prim_fbsb.c:57 MS 0001: Rx L1CTL_FBSB_REQ (arfcn=51, flags=0x7)
Fri Jun 26 15:09:55 2026 DL1C virt_prim_fbsb.c:126 MS 0001: Tx L1CTL_FBSB_CONF (res: 0)
Fri Jun 26 15:09:55 2026 DL1C l1ctl_sap.c:411 MS 0001: Rx L1CTL_PARAM_REQ (ta=0, tx_power=14)
Fri Jun 26 15:09:55 2026 DL1C virt_prim_rach.c:81 MS 0001: Rx L1CTL_RACH_REQ (ra=0x06, offset=10 combined=1)
Fri Jun 26 15:09:55 2026 DL1C virt_prim_rach.c:124 MS 0001: Tx L1CTL_RACH_CONF (fn: 125639, arfcn: 51)
Fri Jun 26 15:09:55 2026 DL1C l1ctl_sap.c:411 MS 0001: Rx L1CTL_PARAM_REQ (ta=0, tx_power=14)
Fri Jun 26 15:09:55 2026 DL1C virt_prim_rach.c:81 MS 0001: Rx L1CTL_RACH_REQ (ra=0x03, offset=120 combined=1)
Fri Jun 26 15:09:55 2026 DL1C l1ctl_sap.c:578 MS 0001: Tx L1CTL_RESET_CONF (reset_type: 2)
Fri Jun 26 15:09:55 2026 DL1C l1ctl_sap.c:411 MS 0001: Rx L1CTL_PARAM_REQ (ta=0, tx_power=14)
Fri Jun 26 15:10:03 2026 DL1C l1ctl_sap.c:379 MS 0001: Rx L1CTL_DM_REL_REQ
Fri Jun 26 15:10:03 2026 DL1C l1ctl_sap.c:578 MS 0001: Tx L1CTL_RESET_CONF (reset_type: 1)
Fri Jun 26 15:10:03 2026 DL1C l1ctl_sap.c:578 MS 0001: Tx L1CTL_RESET_CONF (reset_type: 1)
Fri Jun 26 15:10:03 2026 DL1C virt_prim_fbsb.c:57 MS 0001: Rx L1CTL_FBSB_REQ (arfcn=51, flags=0x7)
Fri Jun 26 15:10:03 2026 DL1C virt_prim_fbsb.c:126 MS 0001: Tx L1CTL_FBSB_CONF (res: 0)
Fri Jun 26 15:10:03 2026 DL1C l1ctl_sap.c:526 MS 0001: Rx L1CTL_NEIGH_PM_REQ (list with 1 entries): IGNORED
Fri Jun 26 15:10:18 2026 DL1C l1ctl_sap.c:578 MS 0001: Tx L1CTL_RESET_CONF (reset_type: 1)
Fri Jun 26 15:10:18 2026 DL1C virt_prim_fbsb.c:57 MS 0001: Rx L1CTL_FBSB_REQ (arfcn=51, flags=0x7)
Fri Jun 26 15:10:18 2026 DL1C virt_prim_fbsb.c:126 MS 0001: Tx L1CTL_FBSB_CONF (res: 0)
Fri Jun 26 15:10:18 2026 DL1C l1ctl_sap.c:411 MS 0001: Rx L1CTL_PARAM_REQ (ta=0, tx_power=14)
Fri Jun 26 15:10:18 2026 DL1C virt_prim_rach.c:81 MS 0001: Rx L1CTL_RACH_REQ (ra=0x03, offset=6 combined=1)
Fri Jun 26 15:10:18 2026 DL1C virt_prim_rach.c:124 MS 0001: Tx L1CTL_RACH_CONF (fn: 130580, arfcn: 51)
Fri Jun 26 15:10:18 2026 DL1C l1ctl_sap.c:411 MS 0001: Rx L1CTL_PARAM_REQ (ta=0, tx_power=14)
Fri Jun 26 15:10:18 2026 DL1C virt_prim_rach.c:81 MS 0001: Rx L1CTL_RACH_REQ (ra=0x03, offset=123 combined=1)
Fri Jun 26 15:10:18 2026 DL1C l1ctl_sap.c:578 MS 0001: Tx L1CTL_RESET_CONF (reset_type: 2)
Fri Jun 26 15:10:18 2026 DL1C l1ctl_sap.c:411 MS 0001: Rx L1CTL_PARAM_REQ (ta=0, tx_power=14)
Fri Jun 26 15:10:25 2026 DL1C l1ctl_sap.c:379 MS 0001: Rx L1CTL_DM_REL_REQ
Fri Jun 26 15:10:25 2026 DL1C l1ctl_sap.c:578 MS 0001: Tx L1CTL_RESET_CONF (reset_type: 1)
Fri Jun 26 15:10:25 2026 DL1C l1ctl_sap.c:578 MS 0001: Tx L1CTL_RESET_CONF (reset_type: 1)
Fri Jun 26 15:10:25 2026 DL1C virt_prim_fbsb.c:57 MS 0001: Rx L1CTL_FBSB_REQ (arfcn=51, flags=0x7)
Fri Jun 26 15:10:25 2026 DL1C virt_prim_fbsb.c:126 MS 0001: Tx L1CTL_FBSB_CONF (res: 0)
Fri Jun 26 15:10:25 2026 DL1C l1ctl_sap.c:526 MS 0001: Rx L1CTL_NEIGH_PM_REQ (list with 1 entries): IGNORED
Fri Jun 26 15:10:40 2026 DL1C l1ctl_sap.c:578 MS 0001: Tx L1CTL_RESET_CONF (reset_type: 1)
Fri Jun 26 15:10:40 2026 DL1C virt_prim_fbsb.c:57 MS 0001: Rx L1CTL_FBSB_REQ (arfcn=51, flags=0x7)
Fri Jun 26 15:10:40 2026 DL1C virt_prim_fbsb.c:126 MS 0001: Tx L1CTL_FBSB_CONF (res: 0)
Fri Jun 26 15:10:40 2026 DL1C l1ctl_sap.c:411 MS 0001: Rx L1CTL_PARAM_REQ (ta=0, tx_power=14)
Fri Jun 26 15:10:40 2026 DL1C virt_prim_rach.c:81 MS 0001: Rx L1CTL_RACH_REQ (ra=0x04, offset=8 combined=1)
Fri Jun 26 15:10:41 2026 DL1C virt_prim_rach.c:124 MS 0001: Tx L1CTL_RACH_CONF (fn: 135529, arfcn: 51)
Fri Jun 26 15:10:41 2026 DL1C l1ctl_sap.c:411 MS 0001: Rx L1CTL_PARAM_REQ (ta=0, tx_power=14)
Fri Jun 26 15:10:41 2026 DL1C virt_prim_rach.c:81 MS 0001: Rx L1CTL_RACH_REQ (ra=0x0a, offset=116 combined=1)
Fri Jun 26 15:10:41 2026 DL1C l1ctl_sap.c:578 MS 0001: Tx L1CTL_RESET_CONF (reset_type: 2)
Fri Jun 26 15:10:41 2026 DL1C l1ctl_sap.c:411 MS 0001: Rx L1CTL_PARAM_REQ (ta=0, tx_power=14)
Fri Jun 26 15:11:01 2026 DL1C l1ctl_sap.c:379 MS 0001: Rx L1CTL_DM_REL_REQ
Fri Jun 26 15:11:01 2026 DL1C l1ctl_sap.c:578 MS 0001: Tx L1CTL_RESET_CONF (reset_type: 1)
Fri Jun 26 15:11:01 2026 DL1C l1ctl_sap.c:578 MS 0001: Tx L1CTL_RESET_CONF (reset_type: 1)
Fri Jun 26 15:11:01 2026 DL1C virt_prim_fbsb.c:57 MS 0001: Rx L1CTL_FBSB_REQ (arfcn=51, flags=0x7)
Fri Jun 26 15:11:01 2026 DL1C virt_prim_fbsb.c:126 MS 0001: Tx L1CTL_FBSB_CONF (res: 0)
Fri Jun 26 15:11:01 2026 DL1C l1ctl_sap.c:526 MS 0001: Rx L1CTL_NEIGH_PM_REQ (list with 1 entries): IGNORED
Fri Jun 26 15:12:13 2026 DL1C l1ctl_sap.c:578 MS 0001: Tx L1CTL_RESET_CONF (reset_type: 1)
Fri Jun 26 15:12:13 2026 DL1C l1ctl_sock.c:99 Failed to receive msg from l2. Connection will be closed.
Fri Jun 26 15:12:13 2026 DMAIN virt_l1_model.c:49 MS 0001: destroyed
Fri Jun 26 15:12:34 2026 DMAIN virt_l1_model.c:42 MS 0002: allocated
Fri Jun 26 15:12:34 2026 DL1C l1ctl_sock.c:138 Accepted client (fd=6) from server (fd=5)
Fri Jun 26 15:12:34 2026 DL1C l1ctl_sap.c:578 MS 0002: Tx L1CTL_RESET_CONF (reset_type: 1)
Fri Jun 26 15:12:34 2026 DL1C l1ctl_sap.c:578 MS 0002: Tx L1CTL_RESET_CONF (reset_type: 1)
Fri Jun 26 15:12:34 2026 DL1C l1ctl_sap.c:578 MS 0002: Tx L1CTL_RESET_CONF (reset_type: 1)
Fri Jun 26 15:12:34 2026 DL1C virt_prim_fbsb.c:57 MS 0002: Rx L1CTL_FBSB_REQ (arfcn=51, flags=0x7)
Fri Jun 26 15:12:34 2026 DL1C virt_prim_fbsb.c:126 MS 0002: Tx L1CTL_FBSB_CONF (res: 0)
Fri Jun 26 15:12:35 2026 DL1C l1ctl_sap.c:472 MS 0002: Rx L1CTL_CCCH_MODE_REQ (mode=2)
Fri Jun 26 15:12:35 2026 DL1C l1ctl_sap.c:600 MS 0002: Tx L1CTL_CCCH_MODE_CONF (mode: 2)
Fri Jun 26 15:12:35 2026 DL1C l1ctl_sap.c:578 MS 0002: Tx L1CTL_RESET_CONF (reset_type: 1)
Fri Jun 26 15:12:35 2026 DL1C virt_prim_fbsb.c:57 MS 0002: Rx L1CTL_FBSB_REQ (arfcn=51, flags=0x7)
Fri Jun 26 15:12:35 2026 DL1C virt_prim_fbsb.c:126 MS 0002: Tx L1CTL_FBSB_CONF (res: 0)
Fri Jun 26 15:12:35 2026 DL1C l1ctl_sap.c:411 MS 0002: Rx L1CTL_PARAM_REQ (ta=0, tx_power=14)
Fri Jun 26 15:12:35 2026 DL1C virt_prim_rach.c:81 MS 0002: Rx L1CTL_RACH_REQ (ra=0x0b, offset=8 combined=1)
Fri Jun 26 15:12:35 2026 DL1C virt_prim_rach.c:124 MS 0002: Tx L1CTL_RACH_CONF (fn: 160366, arfcn: 51)
Fri Jun 26 15:12:35 2026 DL1C l1ctl_sap.c:411 MS 0002: Rx L1CTL_PARAM_REQ (ta=0, tx_power=14)
Fri Jun 26 15:12:35 2026 DL1C virt_prim_rach.c:81 MS 0002: Rx L1CTL_RACH_REQ (ra=0x0b, offset=115 combined=1)
Fri Jun 26 15:12:35 2026 DL1C l1ctl_sap.c:578 MS 0002: Tx L1CTL_RESET_CONF (reset_type: 2)
Fri Jun 26 15:12:35 2026 DL1C l1ctl_sap.c:411 MS 0002: Rx L1CTL_PARAM_REQ (ta=0, tx_power=14)
Fri Jun 26 15:12:56 2026 DL1C l1ctl_sap.c:379 MS 0002: Rx L1CTL_DM_REL_REQ
Fri Jun 26 15:12:56 2026 DL1C l1ctl_sap.c:578 MS 0002: Tx L1CTL_RESET_CONF (reset_type: 1)
Fri Jun 26 15:12:56 2026 DL1C l1ctl_sap.c:578 MS 0002: Tx L1CTL_RESET_CONF (reset_type: 1)
Fri Jun 26 15:12:56 2026 DL1C virt_prim_fbsb.c:57 MS 0002: Rx L1CTL_FBSB_REQ (arfcn=51, flags=0x7)
Fri Jun 26 15:12:56 2026 DL1C virt_prim_fbsb.c:126 MS 0002: Tx L1CTL_FBSB_CONF (res: 0)
Fri Jun 26 15:12:56 2026 DL1C l1ctl_sap.c:526 MS 0002: Rx L1CTL_NEIGH_PM_REQ (list with 1 entries): IGNORED
Fri Jun 26 15:13:11 2026 DL1C l1ctl_sap.c:578 MS 0002: Tx L1CTL_RESET_CONF (reset_type: 1)
Fri Jun 26 15:13:11 2026 DL1C virt_prim_fbsb.c:57 MS 0002: Rx L1CTL_FBSB_REQ (arfcn=51, flags=0x7)
Fri Jun 26 15:13:11 2026 DL1C virt_prim_fbsb.c:126 MS 0002: Tx L1CTL_FBSB_CONF (res: 0)
Fri Jun 26 15:13:11 2026 DL1C l1ctl_sap.c:411 MS 0002: Rx L1CTL_PARAM_REQ (ta=0, tx_power=14)
Fri Jun 26 15:13:11 2026 DL1C virt_prim_rach.c:81 MS 0002: Rx L1CTL_RACH_REQ (ra=0x0a, offset=8 combined=1)
Fri Jun 26 15:13:11 2026 DL1C virt_prim_rach.c:124 MS 0002: Tx L1CTL_RACH_CONF (fn: 168120, arfcn: 51)
Fri Jun 26 15:13:11 2026 DL1C l1ctl_sap.c:411 MS 0002: Rx L1CTL_PARAM_REQ (ta=0, tx_power=14)
Fri Jun 26 15:13:11 2026 DL1C virt_prim_rach.c:81 MS 0002: Rx L1CTL_RACH_REQ (ra=0x05, offset=119 combined=1)
Fri Jun 26 15:13:11 2026 DL1C l1ctl_sap.c:578 MS 0002: Tx L1CTL_RESET_CONF (reset_type: 2)
Fri Jun 26 15:13:11 2026 DL1C l1ctl_sap.c:411 MS 0002: Rx L1CTL_PARAM_REQ (ta=0, tx_power=14)
Fri Jun 26 15:13:19 2026 DL1C l1ctl_sap.c:379 MS 0002: Rx L1CTL_DM_REL_REQ
Fri Jun 26 15:13:19 2026 DL1C l1ctl_sap.c:578 MS 0002: Tx L1CTL_RESET_CONF (reset_type: 1)
Fri Jun 26 15:13:19 2026 DL1C l1ctl_sap.c:578 MS 0002: Tx L1CTL_RESET_CONF (reset_type: 1)
Fri Jun 26 15:13:19 2026 DL1C virt_prim_fbsb.c:57 MS 0002: Rx L1CTL_FBSB_REQ (arfcn=51, flags=0x7)
Fri Jun 26 15:13:19 2026 DL1C virt_prim_fbsb.c:126 MS 0002: Tx L1CTL_FBSB_CONF (res: 0)
Fri Jun 26 15:13:19 2026 DL1C l1ctl_sap.c:526 MS 0002: Rx L1CTL_NEIGH_PM_REQ (list with 1 entries): IGNORED
Fri Jun 26 15:13:34 2026 DL1C l1ctl_sap.c:578 MS 0002: Tx L1CTL_RESET_CONF (reset_type: 1)
Fri Jun 26 15:13:34 2026 DL1C virt_prim_fbsb.c:57 MS 0002: Rx L1CTL_FBSB_REQ (arfcn=51, flags=0x7)
Fri Jun 26 15:13:34 2026 DL1C virt_prim_fbsb.c:126 MS 0002: Tx L1CTL_FBSB_CONF (res: 0)
Fri Jun 26 15:13:34 2026 DL1C l1ctl_sap.c:411 MS 0002: Rx L1CTL_PARAM_REQ (ta=0, tx_power=14)
Fri Jun 26 15:13:34 2026 DL1C virt_prim_rach.c:81 MS 0002: Rx L1CTL_RACH_REQ (ra=0x05, offset=2 combined=1)
Fri Jun 26 15:13:34 2026 DL1C virt_prim_rach.c:124 MS 0002: Tx L1CTL_RACH_CONF (fn: 173059, arfcn: 51)
Fri Jun 26 15:13:34 2026 DL1C l1ctl_sap.c:411 MS 0002: Rx L1CTL_PARAM_REQ (ta=0, tx_power=14)
Fri Jun 26 15:13:34 2026 DL1C virt_prim_rach.c:81 MS 0002: Rx L1CTL_RACH_REQ (ra=0x08, offset=121 combined=1)
Fri Jun 26 15:13:34 2026 DL1C l1ctl_sap.c:578 MS 0002: Tx L1CTL_RESET_CONF (reset_type: 2)
Fri Jun 26 15:13:34 2026 DL1C l1ctl_sap.c:411 MS 0002: Rx L1CTL_PARAM_REQ (ta=0, tx_power=14)
Fri Jun 26 15:13:41 2026 DL1C l1ctl_sap.c:379 MS 0002: Rx L1CTL_DM_REL_REQ
Fri Jun 26 15:13:41 2026 DL1C l1ctl_sap.c:578 MS 0002: Tx L1CTL_RESET_CONF (reset_type: 1)
Fri Jun 26 15:13:41 2026 DL1C l1ctl_sap.c:578 MS 0002: Tx L1CTL_RESET_CONF (reset_type: 1)
Fri Jun 26 15:13:41 2026 DL1C virt_prim_fbsb.c:57 MS 0002: Rx L1CTL_FBSB_REQ (arfcn=51, flags=0x7)
Fri Jun 26 15:13:41 2026 DL1C virt_prim_fbsb.c:126 MS 0002: Tx L1CTL_FBSB_CONF (res: 0)
Fri Jun 26 15:13:41 2026 DL1C l1ctl_sap.c:526 MS 0002: Rx L1CTL_NEIGH_PM_REQ (list with 1 entries): IGNORED
Fri Jun 26 15:13:56 2026 DL1C l1ctl_sap.c:578 MS 0002: Tx L1CTL_RESET_CONF (reset_type: 1)
Fri Jun 26 15:13:56 2026 DL1C virt_prim_fbsb.c:57 MS 0002: Rx L1CTL_FBSB_REQ (arfcn=51, flags=0x7)
Fri Jun 26 15:13:56 2026 DL1C virt_prim_fbsb.c:126 MS 0002: Tx L1CTL_FBSB_CONF (res: 0)
Fri Jun 26 15:13:56 2026 DL1C l1ctl_sap.c:411 MS 0002: Rx L1CTL_PARAM_REQ (ta=0, tx_power=14)
Fri Jun 26 15:13:56 2026 DL1C virt_prim_rach.c:81 MS 0002: Rx L1CTL_RACH_REQ (ra=0x06, offset=2 combined=1)
Fri Jun 26 15:13:57 2026 DL1C virt_prim_rach.c:124 MS 0002: Tx L1CTL_RACH_CONF (fn: 178006, arfcn: 51)
Fri Jun 26 15:13:57 2026 DL1C l1ctl_sap.c:411 MS 0002: Rx L1CTL_PARAM_REQ (ta=0, tx_power=14)
Fri Jun 26 15:13:57 2026 DL1C virt_prim_rach.c:81 MS 0002: Rx L1CTL_RACH_REQ (ra=0x09, offset=122 combined=1)
Fri Jun 26 15:13:57 2026 DL1C l1ctl_sap.c:578 MS 0002: Tx L1CTL_RESET_CONF (reset_type: 2)
Fri Jun 26 15:13:57 2026 DL1C l1ctl_sap.c:411 MS 0002: Rx L1CTL_PARAM_REQ (ta=0, tx_power=14)
Fri Jun 26 15:14:17 2026 DL1C l1ctl_sap.c:379 MS 0002: Rx L1CTL_DM_REL_REQ
Fri Jun 26 15:14:17 2026 DL1C l1ctl_sap.c:578 MS 0002: Tx L1CTL_RESET_CONF (reset_type: 1)
Fri Jun 26 15:14:17 2026 DL1C l1ctl_sap.c:578 MS 0002: Tx L1CTL_RESET_CONF (reset_type: 1)
Fri Jun 26 15:14:17 2026 DL1C virt_prim_fbsb.c:57 MS 0002: Rx L1CTL_FBSB_REQ (arfcn=51, flags=0x7)
Fri Jun 26 15:14:17 2026 DL1C virt_prim_fbsb.c:126 MS 0002: Tx L1CTL_FBSB_CONF (res: 0)
Fri Jun 26 15:14:17 2026 DL1C l1ctl_sap.c:526 MS 0002: Rx L1CTL_NEIGH_PM_REQ (list with 1 entries): IGNORED
Fri Jun 26 15:14:50 2026 DL1C l1ctl_sap.c:578 MS 0002: Tx L1CTL_RESET_CONF (reset_type: 1)
Fri Jun 26 15:14:50 2026 DL1C virt_prim_fbsb.c:57 MS 0002: Rx L1CTL_FBSB_REQ (arfcn=51, flags=0x7)
Fri Jun 26 15:14:50 2026 DL1C l1ctl_sap.c:578 MS 0002: Tx L1CTL_RESET_CONF (reset_type: 1)
Fri Jun 26 15:14:50 2026 DL1C l1ctl_sap.c:578 MS 0002: Tx L1CTL_RESET_CONF (reset_type: 1)
Fri Jun 26 15:14:50 2026 DL1C virt_prim_fbsb.c:57 MS 0002: Rx L1CTL_FBSB_REQ (arfcn=51, flags=0x7)
Fri Jun 26 15:14:50 2026 DL1C virt_prim_fbsb.c:126 MS 0002: Tx L1CTL_FBSB_CONF (res: 0)
Fri Jun 26 15:14:50 2026 DL1C l1ctl_sap.c:379 MS 0002: Rx L1CTL_DM_REL_REQ
Fri Jun 26 15:14:50 2026 DL1C l1ctl_sap.c:578 MS 0002: Tx L1CTL_RESET_CONF (reset_type: 1)
Fri Jun 26 15:14:54 2026 DL1C l1ctl_sap.c:578 MS 0002: Tx L1CTL_RESET_CONF (reset_type: 1)
Fri Jun 26 15:14:54 2026 DL1C virt_prim_fbsb.c:57 MS 0002: Rx L1CTL_FBSB_REQ (arfcn=51, flags=0x7)
Fri Jun 26 15:14:54 2026 DL1C virt_prim_fbsb.c:126 MS 0002: Tx L1CTL_FBSB_CONF (res: 0)
Fri Jun 26 15:14:55 2026 DL1C l1ctl_sap.c:472 MS 0002: Rx L1CTL_CCCH_MODE_REQ (mode=2)
Fri Jun 26 15:14:55 2026 DL1C l1ctl_sap.c:600 MS 0002: Tx L1CTL_CCCH_MODE_CONF (mode: 2)
Fri Jun 26 15:14:55 2026 DL1C l1ctl_sap.c:578 MS 0002: Tx L1CTL_RESET_CONF (reset_type: 1)
Fri Jun 26 15:14:55 2026 DL1C virt_prim_fbsb.c:57 MS 0002: Rx L1CTL_FBSB_REQ (arfcn=51, flags=0x7)
Fri Jun 26 15:14:55 2026 DL1C virt_prim_fbsb.c:126 MS 0002: Tx L1CTL_FBSB_CONF (res: 0)
Fri Jun 26 15:14:55 2026 DL1C l1ctl_sap.c:411 MS 0002: Rx L1CTL_PARAM_REQ (ta=0, tx_power=14)
Fri Jun 26 15:14:55 2026 DL1C virt_prim_rach.c:81 MS 0002: Rx L1CTL_RACH_REQ (ra=0x07, offset=4 combined=1)
Fri Jun 26 15:14:55 2026 DL1C virt_prim_rach.c:124 MS 0002: Tx L1CTL_RACH_CONF (fn: 190656, arfcn: 51)
Fri Jun 26 15:14:55 2026 DL1C l1ctl_sap.c:411 MS 0002: Rx L1CTL_PARAM_REQ (ta=0, tx_power=14)
Fri Jun 26 15:14:55 2026 DL1C virt_prim_rach.c:81 MS 0002: Rx L1CTL_RACH_REQ (ra=0x0c, offset=126 combined=1)
Fri Jun 26 15:14:55 2026 DL1C l1ctl_sap.c:578 MS 0002: Tx L1CTL_RESET_CONF (reset_type: 2)
Fri Jun 26 15:14:55 2026 DL1C l1ctl_sap.c:411 MS 0002: Rx L1CTL_PARAM_REQ (ta=0, tx_power=14)
Fri Jun 26 15:15:03 2026 DL1C l1ctl_sap.c:379 MS 0002: Rx L1CTL_DM_REL_REQ
Fri Jun 26 15:15:03 2026 DL1C l1ctl_sap.c:578 MS 0002: Tx L1CTL_RESET_CONF (reset_type: 1)
Fri Jun 26 15:15:03 2026 DL1C l1ctl_sap.c:578 MS 0002: Tx L1CTL_RESET_CONF (reset_type: 1)
Fri Jun 26 15:15:03 2026 DL1C virt_prim_fbsb.c:57 MS 0002: Rx L1CTL_FBSB_REQ (arfcn=51, flags=0x7)
Fri Jun 26 15:15:03 2026 DL1C virt_prim_fbsb.c:126 MS 0002: Tx L1CTL_FBSB_CONF (res: 0)
Fri Jun 26 15:15:03 2026 DL1C l1ctl_sap.c:526 MS 0002: Rx L1CTL_NEIGH_PM_REQ (list with 1 entries): IGNORED
Fri Jun 26 15:15:18 2026 DL1C l1ctl_sap.c:578 MS 0002: Tx L1CTL_RESET_CONF (reset_type: 1)
Fri Jun 26 15:15:18 2026 DL1C virt_prim_fbsb.c:57 MS 0002: Rx L1CTL_FBSB_REQ (arfcn=51, flags=0x7)
Fri Jun 26 15:15:18 2026 DL1C virt_prim_fbsb.c:126 MS 0002: Tx L1CTL_FBSB_CONF (res: 0)
Fri Jun 26 15:15:18 2026 DL1C l1ctl_sap.c:411 MS 0002: Rx L1CTL_PARAM_REQ (ta=0, tx_power=14)
Fri Jun 26 15:15:18 2026 DL1C virt_prim_rach.c:81 MS 0002: Rx L1CTL_RACH_REQ (ra=0x04, offset=5 combined=1)
Fri Jun 26 15:15:18 2026 DL1C virt_prim_rach.c:124 MS 0002: Tx L1CTL_RACH_CONF (fn: 195604, arfcn: 51)
Fri Jun 26 15:15:18 2026 DL1C l1ctl_sap.c:411 MS 0002: Rx L1CTL_PARAM_REQ (ta=0, tx_power=14)
Fri Jun 26 15:15:18 2026 DL1C virt_prim_rach.c:81 MS 0002: Rx L1CTL_RACH_REQ (ra=0x09, offset=123 combined=1)
Fri Jun 26 15:15:18 2026 DL1C l1ctl_sap.c:578 MS 0002: Tx L1CTL_RESET_CONF (reset_type: 2)
Fri Jun 26 15:15:18 2026 DL1C l1ctl_sap.c:411 MS 0002: Rx L1CTL_PARAM_REQ (ta=0, tx_power=14)
Fri Jun 26 15:15:25 2026 DL1C l1ctl_sap.c:379 MS 0002: Rx L1CTL_DM_REL_REQ
Fri Jun 26 15:15:25 2026 DL1C l1ctl_sap.c:578 MS 0002: Tx L1CTL_RESET_CONF (reset_type: 1)
Fri Jun 26 15:15:25 2026 DL1C l1ctl_sap.c:578 MS 0002: Tx L1CTL_RESET_CONF (reset_type: 1)
Fri Jun 26 15:15:25 2026 DL1C virt_prim_fbsb.c:57 MS 0002: Rx L1CTL_FBSB_REQ (arfcn=51, flags=0x7)
Fri Jun 26 15:15:25 2026 DL1C l1ctl_sap.c:578 MS 0002: Tx L1CTL_RESET_CONF (reset_type: 1)
Fri Jun 26 15:15:25 2026 DL1C l1ctl_sock.c:99 Failed to receive msg from l2. Connection will be closed.
Fri Jun 26 15:15:25 2026 DMAIN virt_l1_model.c:49 MS 0002: destroyed
Fri Jun 26 15:15:46 2026 DMAIN virt_l1_model.c:42 MS 0003: allocated
Fri Jun 26 15:15:46 2026 DL1C l1ctl_sock.c:138 Accepted client (fd=6) from server (fd=5)
Fri Jun 26 15:15:46 2026 DL1C l1ctl_sap.c:578 MS 0003: Tx L1CTL_RESET_CONF (reset_type: 1)
Fri Jun 26 15:15:46 2026 DL1C l1ctl_sap.c:578 MS 0003: Tx L1CTL_RESET_CONF (reset_type: 1)
Fri Jun 26 15:15:46 2026 DL1C l1ctl_sap.c:578 MS 0003: Tx L1CTL_RESET_CONF (reset_type: 1)
Fri Jun 26 15:15:46 2026 DL1C virt_prim_fbsb.c:57 MS 0003: Rx L1CTL_FBSB_REQ (arfcn=51, flags=0x7)
Fri Jun 26 15:15:46 2026 DL1C virt_prim_fbsb.c:126 MS 0003: Tx L1CTL_FBSB_CONF (res: 0)
Fri Jun 26 15:15:47 2026 DL1C l1ctl_sap.c:472 MS 0003: Rx L1CTL_CCCH_MODE_REQ (mode=2)
Fri Jun 26 15:15:47 2026 DL1C l1ctl_sap.c:600 MS 0003: Tx L1CTL_CCCH_MODE_CONF (mode: 2)
Fri Jun 26 15:15:47 2026 DL1C l1ctl_sap.c:578 MS 0003: Tx L1CTL_RESET_CONF (reset_type: 1)
Fri Jun 26 15:15:47 2026 DL1C virt_prim_fbsb.c:57 MS 0003: Rx L1CTL_FBSB_REQ (arfcn=51, flags=0x7)
Fri Jun 26 15:15:47 2026 DL1C virt_prim_fbsb.c:126 MS 0003: Tx L1CTL_FBSB_CONF (res: 0)
Fri Jun 26 15:15:47 2026 DL1C l1ctl_sap.c:411 MS 0003: Rx L1CTL_PARAM_REQ (ta=0, tx_power=14)
Fri Jun 26 15:15:47 2026 DL1C virt_prim_rach.c:81 MS 0003: Rx L1CTL_RACH_REQ (ra=0x0e, offset=4 combined=1)
Fri Jun 26 15:15:48 2026 DL1C virt_prim_rach.c:124 MS 0003: Tx L1CTL_RACH_CONF (fn: 202029, arfcn: 51)
Fri Jun 26 15:15:48 2026 DL1C l1ctl_sap.c:411 MS 0003: Rx L1CTL_PARAM_REQ (ta=0, tx_power=14)
Fri Jun 26 15:15:48 2026 DL1C virt_prim_rach.c:81 MS 0003: Rx L1CTL_RACH_REQ (ra=0x08, offset=125 combined=1)
Fri Jun 26 15:15:48 2026 DL1C l1ctl_sap.c:578 MS 0003: Tx L1CTL_RESET_CONF (reset_type: 2)
Fri Jun 26 15:15:48 2026 DL1C l1ctl_sap.c:411 MS 0003: Rx L1CTL_PARAM_REQ (ta=0, tx_power=14)
Fri Jun 26 15:16:08 2026 DL1C l1ctl_sap.c:379 MS 0003: Rx L1CTL_DM_REL_REQ
Fri Jun 26 15:16:08 2026 DL1C l1ctl_sap.c:578 MS 0003: Tx L1CTL_RESET_CONF (reset_type: 1)
Fri Jun 26 15:16:08 2026 DL1C l1ctl_sap.c:578 MS 0003: Tx L1CTL_RESET_CONF (reset_type: 1)
Fri Jun 26 15:16:08 2026 DL1C virt_prim_fbsb.c:57 MS 0003: Rx L1CTL_FBSB_REQ (arfcn=51, flags=0x7)
Fri Jun 26 15:16:08 2026 DL1C virt_prim_fbsb.c:126 MS 0003: Tx L1CTL_FBSB_CONF (res: 0)
Fri Jun 26 15:16:08 2026 DL1C l1ctl_sap.c:526 MS 0003: Rx L1CTL_NEIGH_PM_REQ (list with 1 entries): IGNORED
Fri Jun 26 15:16:23 2026 DL1C l1ctl_sap.c:578 MS 0003: Tx L1CTL_RESET_CONF (reset_type: 1)
Fri Jun 26 15:16:23 2026 DL1C virt_prim_fbsb.c:57 MS 0003: Rx L1CTL_FBSB_REQ (arfcn=51, flags=0x7)
Fri Jun 26 15:16:23 2026 DL1C virt_prim_fbsb.c:126 MS 0003: Tx L1CTL_FBSB_CONF (res: 0)
Fri Jun 26 15:16:23 2026 DL1C l1ctl_sap.c:411 MS 0003: Rx L1CTL_PARAM_REQ (ta=0, tx_power=14)
Fri Jun 26 15:16:23 2026 DL1C virt_prim_rach.c:81 MS 0003: Rx L1CTL_RACH_REQ (ra=0x01, offset=9 combined=1)
Fri Jun 26 15:16:23 2026 DL1C virt_prim_rach.c:124 MS 0003: Tx L1CTL_RACH_CONF (fn: 209788, arfcn: 51)
Fri Jun 26 15:16:23 2026 DL1C l1ctl_sap.c:411 MS 0003: Rx L1CTL_PARAM_REQ (ta=0, tx_power=14)
Fri Jun 26 15:16:23 2026 DL1C virt_prim_rach.c:81 MS 0003: Rx L1CTL_RACH_REQ (ra=0x0e, offset=116 combined=1)
Fri Jun 26 15:16:23 2026 DL1C l1ctl_sap.c:578 MS 0003: Tx L1CTL_RESET_CONF (reset_type: 2)
Fri Jun 26 15:16:23 2026 DL1C l1ctl_sap.c:411 MS 0003: Rx L1CTL_PARAM_REQ (ta=0, tx_power=14)
Fri Jun 26 15:16:31 2026 DL1C l1ctl_sap.c:379 MS 0003: Rx L1CTL_DM_REL_REQ
Fri Jun 26 15:16:31 2026 DL1C l1ctl_sap.c:578 MS 0003: Tx L1CTL_RESET_CONF (reset_type: 1)
Fri Jun 26 15:16:31 2026 DL1C l1ctl_sap.c:578 MS 0003: Tx L1CTL_RESET_CONF (reset_type: 1)
Fri Jun 26 15:16:31 2026 DL1C virt_prim_fbsb.c:57 MS 0003: Rx L1CTL_FBSB_REQ (arfcn=51, flags=0x7)
Fri Jun 26 15:16:31 2026 DL1C virt_prim_fbsb.c:126 MS 0003: Tx L1CTL_FBSB_CONF (res: 0)
Fri Jun 26 15:16:31 2026 DL1C l1ctl_sap.c:526 MS 0003: Rx L1CTL_NEIGH_PM_REQ (list with 1 entries): IGNORED
Fri Jun 26 15:16:46 2026 DL1C l1ctl_sap.c:578 MS 0003: Tx L1CTL_RESET_CONF (reset_type: 1)
Fri Jun 26 15:16:46 2026 DL1C virt_prim_fbsb.c:57 MS 0003: Rx L1CTL_FBSB_REQ (arfcn=51, flags=0x7)
Fri Jun 26 15:16:46 2026 DL1C virt_prim_fbsb.c:126 MS 0003: Tx L1CTL_FBSB_CONF (res: 0)
Fri Jun 26 15:16:46 2026 DL1C l1ctl_sap.c:411 MS 0003: Rx L1CTL_PARAM_REQ (ta=0, tx_power=14)
Fri Jun 26 15:16:46 2026 DL1C virt_prim_rach.c:81 MS 0003: Rx L1CTL_RACH_REQ (ra=0x0b, offset=3 combined=1)
Fri Jun 26 15:16:46 2026 DL1C virt_prim_rach.c:124 MS 0003: Tx L1CTL_RACH_CONF (fn: 214727, arfcn: 51)
Fri Jun 26 15:16:46 2026 DL1C l1ctl_sap.c:411 MS 0003: Rx L1CTL_PARAM_REQ (ta=0, tx_power=14)
Fri Jun 26 15:16:46 2026 DL1C virt_prim_rach.c:81 MS 0003: Rx L1CTL_RACH_REQ (ra=0x06, offset=123 combined=1)
Fri Jun 26 15:16:46 2026 DL1C l1ctl_sap.c:578 MS 0003: Tx L1CTL_RESET_CONF (reset_type: 2)
Fri Jun 26 15:16:46 2026 DL1C l1ctl_sap.c:411 MS 0003: Rx L1CTL_PARAM_REQ (ta=0, tx_power=14)
Fri Jun 26 15:16:54 2026 DL1C l1ctl_sap.c:379 MS 0003: Rx L1CTL_DM_REL_REQ
Fri Jun 26 15:16:54 2026 DL1C l1ctl_sap.c:578 MS 0003: Tx L1CTL_RESET_CONF (reset_type: 1)
Fri Jun 26 15:16:54 2026 DL1C l1ctl_sap.c:578 MS 0003: Tx L1CTL_RESET_CONF (reset_type: 1)
Fri Jun 26 15:16:54 2026 DL1C virt_prim_fbsb.c:57 MS 0003: Rx L1CTL_FBSB_REQ (arfcn=51, flags=0x7)
Fri Jun 26 15:16:54 2026 DL1C virt_prim_fbsb.c:126 MS 0003: Tx L1CTL_FBSB_CONF (res: 0)
Fri Jun 26 15:16:54 2026 DL1C l1ctl_sap.c:526 MS 0003: Rx L1CTL_NEIGH_PM_REQ (list with 1 entries): IGNORED
Fri Jun 26 15:17:09 2026 DL1C l1ctl_sap.c:578 MS 0003: Tx L1CTL_RESET_CONF (reset_type: 1)
Fri Jun 26 15:17:09 2026 DL1C virt_prim_fbsb.c:57 MS 0003: Rx L1CTL_FBSB_REQ (arfcn=51, flags=0x7)
Fri Jun 26 15:17:09 2026 DL1C virt_prim_fbsb.c:126 MS 0003: Tx L1CTL_FBSB_CONF (res: 0)
Fri Jun 26 15:17:09 2026 DL1C l1ctl_sap.c:411 MS 0003: Rx L1CTL_PARAM_REQ (ta=0, tx_power=14)
Fri Jun 26 15:17:09 2026 DL1C virt_prim_rach.c:81 MS 0003: Rx L1CTL_RACH_REQ (ra=0x00, offset=9 combined=1)
Fri Jun 26 15:17:09 2026 DL1C virt_prim_rach.c:124 MS 0003: Tx L1CTL_RACH_CONF (fn: 219680, arfcn: 51)
Fri Jun 26 15:17:09 2026 DL1C l1ctl_sap.c:411 MS 0003: Rx L1CTL_PARAM_REQ (ta=0, tx_power=14)
Fri Jun 26 15:17:09 2026 DL1C virt_prim_rach.c:81 MS 0003: Rx L1CTL_RACH_REQ (ra=0x0e, offset=116 combined=1)
Fri Jun 26 15:17:09 2026 DL1C l1ctl_sap.c:578 MS 0003: Tx L1CTL_RESET_CONF (reset_type: 2)
Fri Jun 26 15:17:09 2026 DL1C l1ctl_sap.c:411 MS 0003: Rx L1CTL_PARAM_REQ (ta=0, tx_power=14)
Fri Jun 26 15:17:30 2026 DL1C l1ctl_sap.c:379 MS 0003: Rx L1CTL_DM_REL_REQ
Fri Jun 26 15:17:30 2026 DL1C l1ctl_sap.c:578 MS 0003: Tx L1CTL_RESET_CONF (reset_type: 1)
Fri Jun 26 15:17:30 2026 DL1C l1ctl_sap.c:578 MS 0003: Tx L1CTL_RESET_CONF (reset_type: 1)
Fri Jun 26 15:17:30 2026 DL1C virt_prim_fbsb.c:57 MS 0003: Rx L1CTL_FBSB_REQ (arfcn=51, flags=0x7)
Fri Jun 26 15:17:30 2026 DL1C l1ctl_sap.c:578 MS 0003: Tx L1CTL_RESET_CONF (reset_type: 1)
Fri Jun 26 15:17:30 2026 DL1C l1ctl_sock.c:99 Failed to receive msg from l2. Connection will be closed.
Fri Jun 26 15:17:30 2026 DMAIN virt_l1_model.c:49 MS 0003: destroyed
Fri Jun 26 15:17:35 2026 DMAIN virt_l1_model.c:42 MS 0004: allocated
Fri Jun 26 15:17:35 2026 DL1C l1ctl_sock.c:138 Accepted client (fd=6) from server (fd=5)
Fri Jun 26 15:17:35 2026 DL1C l1ctl_sap.c:578 MS 0004: Tx L1CTL_RESET_CONF (reset_type: 1)
Fri Jun 26 15:17:35 2026 DL1C l1ctl_sap.c:578 MS 0004: Tx L1CTL_RESET_CONF (reset_type: 1)
Fri Jun 26 15:17:35 2026 DL1C l1ctl_sap.c:578 MS 0004: Tx L1CTL_RESET_CONF (reset_type: 1)
Fri Jun 26 15:17:35 2026 DL1C virt_prim_fbsb.c:57 MS 0004: Rx L1CTL_FBSB_REQ (arfcn=51, flags=0x7)
Fri Jun 26 15:17:36 2026 DL1C virt_prim_fbsb.c:126 MS 0004: Tx L1CTL_FBSB_CONF (res: 0)
Fri Jun 26 15:17:36 2026 DL1C l1ctl_sap.c:472 MS 0004: Rx L1CTL_CCCH_MODE_REQ (mode=2)
Fri Jun 26 15:17:36 2026 DL1C l1ctl_sap.c:600 MS 0004: Tx L1CTL_CCCH_MODE_CONF (mode: 2)
Fri Jun 26 15:17:37 2026 DL1C l1ctl_sap.c:578 MS 0004: Tx L1CTL_RESET_CONF (reset_type: 1)
Fri Jun 26 15:17:37 2026 DL1C virt_prim_fbsb.c:57 MS 0004: Rx L1CTL_FBSB_REQ (arfcn=51, flags=0x7)
Fri Jun 26 15:17:37 2026 DL1C virt_prim_fbsb.c:126 MS 0004: Tx L1CTL_FBSB_CONF (res: 0)
Fri Jun 26 15:17:37 2026 DL1C l1ctl_sap.c:411 MS 0004: Rx L1CTL_PARAM_REQ (ta=0, tx_power=14)
Fri Jun 26 15:17:37 2026 DL1C virt_prim_rach.c:81 MS 0004: Rx L1CTL_RACH_REQ (ra=0x0b, offset=7 combined=1)
Fri Jun 26 15:17:37 2026 DL1C virt_prim_rach.c:124 MS 0004: Tx L1CTL_RACH_CONF (fn: 225696, arfcn: 51)
Fri Jun 26 15:17:37 2026 DL1C l1ctl_sap.c:411 MS 0004: Rx L1CTL_PARAM_REQ (ta=0, tx_power=14)
Fri Jun 26 15:17:37 2026 DL1C virt_prim_rach.c:81 MS 0004: Rx L1CTL_RACH_REQ (ra=0x07, offset=120 combined=1)
Fri Jun 26 15:17:37 2026 DL1C l1ctl_sap.c:578 MS 0004: Tx L1CTL_RESET_CONF (reset_type: 2)
Fri Jun 26 15:17:37 2026 DL1C l1ctl_sap.c:411 MS 0004: Rx L1CTL_PARAM_REQ (ta=0, tx_power=14)
Fri Jun 26 15:17:44 2026 DL1C l1ctl_sap.c:379 MS 0004: Rx L1CTL_DM_REL_REQ
Fri Jun 26 15:17:44 2026 DL1C l1ctl_sap.c:578 MS 0004: Tx L1CTL_RESET_CONF (reset_type: 1)
Fri Jun 26 15:17:44 2026 DL1C l1ctl_sap.c:578 MS 0004: Tx L1CTL_RESET_CONF (reset_type: 1)
Fri Jun 26 15:17:44 2026 DL1C virt_prim_fbsb.c:57 MS 0004: Rx L1CTL_FBSB_REQ (arfcn=51, flags=0x7)
Fri Jun 26 15:17:44 2026 DL1C virt_prim_fbsb.c:126 MS 0004: Tx L1CTL_FBSB_CONF (res: 0)
Fri Jun 26 15:17:44 2026 DL1C l1ctl_sap.c:526 MS 0004: Rx L1CTL_NEIGH_PM_REQ (list with 1 entries): IGNORED
Fri Jun 26 15:17:59 2026 DL1C l1ctl_sap.c:578 MS 0004: Tx L1CTL_RESET_CONF (reset_type: 1)
Fri Jun 26 15:17:59 2026 DL1C virt_prim_fbsb.c:57 MS 0004: Rx L1CTL_FBSB_REQ (arfcn=51, flags=0x7)
Fri Jun 26 15:17:59 2026 DL1C virt_prim_fbsb.c:126 MS 0004: Tx L1CTL_FBSB_CONF (res: 0)
Fri Jun 26 15:17:59 2026 DL1C l1ctl_sap.c:411 MS 0004: Rx L1CTL_PARAM_REQ (ta=0, tx_power=14)
Fri Jun 26 15:17:59 2026 DL1C virt_prim_rach.c:81 MS 0004: Rx L1CTL_RACH_REQ (ra=0x05, offset=4 combined=1)
Fri Jun 26 15:18:00 2026 DL1C virt_prim_rach.c:124 MS 0004: Tx L1CTL_RACH_CONF (fn: 230640, arfcn: 51)
Fri Jun 26 15:18:00 2026 DL1C l1ctl_sap.c:411 MS 0004: Rx L1CTL_PARAM_REQ (ta=0, tx_power=14)
Fri Jun 26 15:18:00 2026 DL1C virt_prim_rach.c:81 MS 0004: Rx L1CTL_RACH_REQ (ra=0x09, offset=122 combined=1)
Fri Jun 26 15:18:00 2026 DL1C l1ctl_sap.c:578 MS 0004: Tx L1CTL_RESET_CONF (reset_type: 2)
Fri Jun 26 15:18:00 2026 DL1C l1ctl_sap.c:411 MS 0004: Rx L1CTL_PARAM_REQ (ta=0, tx_power=14)
Fri Jun 26 15:18:07 2026 DL1C l1ctl_sap.c:379 MS 0004: Rx L1CTL_DM_REL_REQ
Fri Jun 26 15:18:07 2026 DL1C l1ctl_sap.c:578 MS 0004: Tx L1CTL_RESET_CONF (reset_type: 1)
Fri Jun 26 15:18:07 2026 DL1C l1ctl_sap.c:578 MS 0004: Tx L1CTL_RESET_CONF (reset_type: 1)
Fri Jun 26 15:18:07 2026 DL1C virt_prim_fbsb.c:57 MS 0004: Rx L1CTL_FBSB_REQ (arfcn=51, flags=0x7)
Fri Jun 26 15:18:07 2026 DL1C virt_prim_fbsb.c:126 MS 0004: Tx L1CTL_FBSB_CONF (res: 0)
Fri Jun 26 15:18:07 2026 DL1C l1ctl_sap.c:526 MS 0004: Rx L1CTL_NEIGH_PM_REQ (list with 1 entries): IGNORED
Fri Jun 26 15:18:22 2026 DL1C l1ctl_sap.c:578 MS 0004: Tx L1CTL_RESET_CONF (reset_type: 1)
Fri Jun 26 15:18:22 2026 DL1C virt_prim_fbsb.c:57 MS 0004: Rx L1CTL_FBSB_REQ (arfcn=51, flags=0x7)
Fri Jun 26 15:18:22 2026 DL1C virt_prim_fbsb.c:126 MS 0004: Tx L1CTL_FBSB_CONF (res: 0)
Fri Jun 26 15:18:22 2026 DL1C l1ctl_sap.c:411 MS 0004: Rx L1CTL_PARAM_REQ (ta=0, tx_power=14)
Fri Jun 26 15:18:22 2026 DL1C virt_prim_rach.c:81 MS 0004: Rx L1CTL_RACH_REQ (ra=0x0b, offset=7 combined=1)
Fri Jun 26 15:18:22 2026 DL1C virt_prim_rach.c:124 MS 0004: Tx L1CTL_RACH_CONF (fn: 235590, arfcn: 51)
Fri Jun 26 15:18:22 2026 DL1C l1ctl_sap.c:411 MS 0004: Rx L1CTL_PARAM_REQ (ta=0, tx_power=14)
Fri Jun 26 15:18:22 2026 DL1C virt_prim_rach.c:81 MS 0004: Rx L1CTL_RACH_REQ (ra=0x0a, offset=118 combined=1)
Fri Jun 26 15:18:22 2026 DL1C l1ctl_sap.c:578 MS 0004: Tx L1CTL_RESET_CONF (reset_type: 2)
Fri Jun 26 15:18:22 2026 DL1C l1ctl_sap.c:411 MS 0004: Rx L1CTL_PARAM_REQ (ta=0, tx_power=14)
Fri Jun 26 15:18:30 2026 DL1C l1ctl_sap.c:379 MS 0004: Rx L1CTL_DM_REL_REQ
Fri Jun 26 15:18:30 2026 DL1C l1ctl_sap.c:578 MS 0004: Tx L1CTL_RESET_CONF (reset_type: 1)
Fri Jun 26 15:18:30 2026 DL1C l1ctl_sap.c:578 MS 0004: Tx L1CTL_RESET_CONF (reset_type: 1)
Fri Jun 26 15:18:30 2026 DL1C virt_prim_fbsb.c:57 MS 0004: Rx L1CTL_FBSB_REQ (arfcn=51, flags=0x7)
Fri Jun 26 15:18:30 2026 DL1C virt_prim_fbsb.c:126 MS 0004: Tx L1CTL_FBSB_CONF (res: 0)
Fri Jun 26 15:18:30 2026 DL1C l1ctl_sap.c:526 MS 0004: Rx L1CTL_NEIGH_PM_REQ (list with 1 entries): IGNORED
Fri Jun 26 15:18:45 2026 DL1C l1ctl_sap.c:578 MS 0004: Tx L1CTL_RESET_CONF (reset_type: 1)
Fri Jun 26 15:18:45 2026 DL1C virt_prim_fbsb.c:57 MS 0004: Rx L1CTL_FBSB_REQ (arfcn=51, flags=0x7)
Fri Jun 26 15:18:45 2026 DL1C virt_prim_fbsb.c:126 MS 0004: Tx L1CTL_FBSB_CONF (res: 0)
Fri Jun 26 15:18:45 2026 DL1C l1ctl_sap.c:411 MS 0004: Rx L1CTL_PARAM_REQ (ta=0, tx_power=14)
Fri Jun 26 15:18:45 2026 DL1C virt_prim_rach.c:81 MS 0004: Rx L1CTL_RACH_REQ (ra=0x0f, offset=1 combined=1)
Fri Jun 26 15:18:45 2026 DL1C virt_prim_rach.c:124 MS 0004: Tx L1CTL_RACH_CONF (fn: 240531, arfcn: 51)
Fri Jun 26 15:18:45 2026 DL1C l1ctl_sap.c:411 MS 0004: Rx L1CTL_PARAM_REQ (ta=0, tx_power=14)
Fri Jun 26 15:18:45 2026 DL1C virt_prim_rach.c:81 MS 0004: Rx L1CTL_RACH_REQ (ra=0x07, offset=120 combined=1)
Fri Jun 26 15:18:45 2026 DL1C l1ctl_sap.c:578 MS 0004: Tx L1CTL_RESET_CONF (reset_type: 2)
Fri Jun 26 15:18:45 2026 DL1C l1ctl_sap.c:411 MS 0004: Rx L1CTL_PARAM_REQ (ta=0, tx_power=14)
Fri Jun 26 15:19:06 2026 DL1C l1ctl_sap.c:379 MS 0004: Rx L1CTL_DM_REL_REQ
Fri Jun 26 15:19:06 2026 DL1C l1ctl_sap.c:578 MS 0004: Tx L1CTL_RESET_CONF (reset_type: 1)
Fri Jun 26 15:19:06 2026 DL1C l1ctl_sap.c:578 MS 0004: Tx L1CTL_RESET_CONF (reset_type: 1)
Fri Jun 26 15:19:06 2026 DL1C virt_prim_fbsb.c:57 MS 0004: Rx L1CTL_FBSB_REQ (arfcn=51, flags=0x7)
Fri Jun 26 15:19:06 2026 DL1C virt_prim_fbsb.c:126 MS 0004: Tx L1CTL_FBSB_CONF (res: 0)
Fri Jun 26 15:19:06 2026 DL1C l1ctl_sap.c:526 MS 0004: Rx L1CTL_NEIGH_PM_REQ (list with 1 entries): IGNORED
Fri Jun 26 15:21:30 2026 DL1C l1ctl_sap.c:578 MS 0004: Tx L1CTL_RESET_CONF (reset_type: 1)
Fri Jun 26 15:21:30 2026 DL1C l1ctl_sock.c:99 Failed to receive msg from l2. Connection will be closed.
Fri Jun 26 15:21:30 2026 DMAIN virt_l1_model.c:49 MS 0004: destroyed
Fri Jun 26 15:21:51 2026 DMAIN virt_l1_model.c:42 MS 0005: allocated
Fri Jun 26 15:21:51 2026 DL1C l1ctl_sock.c:138 Accepted client (fd=6) from server (fd=5)
Fri Jun 26 15:21:51 2026 DL1C l1ctl_sap.c:578 MS 0005: Tx L1CTL_RESET_CONF (reset_type: 1)
Fri Jun 26 15:21:51 2026 DL1C l1ctl_sap.c:578 MS 0005: Tx L1CTL_RESET_CONF (reset_type: 1)
Fri Jun 26 15:21:51 2026 DL1C l1ctl_sap.c:578 MS 0005: Tx L1CTL_RESET_CONF (reset_type: 1)
Fri Jun 26 15:21:51 2026 DL1C virt_prim_fbsb.c:57 MS 0005: Rx L1CTL_FBSB_REQ (arfcn=51, flags=0x7)
Fri Jun 26 15:21:51 2026 DL1C virt_prim_fbsb.c:126 MS 0005: Tx L1CTL_FBSB_CONF (res: 0)
Fri Jun 26 15:21:52 2026 DL1C l1ctl_sap.c:472 MS 0005: Rx L1CTL_CCCH_MODE_REQ (mode=2)
Fri Jun 26 15:21:52 2026 DL1C l1ctl_sap.c:600 MS 0005: Tx L1CTL_CCCH_MODE_CONF (mode: 2)
Fri Jun 26 15:21:52 2026 DL1C l1ctl_sap.c:578 MS 0005: Tx L1CTL_RESET_CONF (reset_type: 1)
Fri Jun 26 15:21:52 2026 DL1C virt_prim_fbsb.c:57 MS 0005: Rx L1CTL_FBSB_REQ (arfcn=51, flags=0x7)
Fri Jun 26 15:21:52 2026 DL1C virt_prim_fbsb.c:126 MS 0005: Tx L1CTL_FBSB_CONF (res: 0)
Fri Jun 26 15:21:52 2026 DL1C l1ctl_sap.c:411 MS 0005: Rx L1CTL_PARAM_REQ (ta=0, tx_power=14)
Fri Jun 26 15:21:52 2026 DL1C virt_prim_rach.c:81 MS 0005: Rx L1CTL_RACH_REQ (ra=0x04, offset=3 combined=1)
Fri Jun 26 15:21:53 2026 DL1C virt_prim_rach.c:124 MS 0005: Tx L1CTL_RACH_CONF (fn: 281129, arfcn: 51)
Fri Jun 26 15:21:53 2026 DL1C l1ctl_sap.c:411 MS 0005: Rx L1CTL_PARAM_REQ (ta=0, tx_power=14)
Fri Jun 26 15:21:53 2026 DL1C virt_prim_rach.c:81 MS 0005: Rx L1CTL_RACH_REQ (ra=0x07, offset=116 combined=1)
Fri Jun 26 15:21:53 2026 DL1C l1ctl_sap.c:578 MS 0005: Tx L1CTL_RESET_CONF (reset_type: 2)
Fri Jun 26 15:21:53 2026 DL1C l1ctl_sap.c:411 MS 0005: Rx L1CTL_PARAM_REQ (ta=0, tx_power=14)
Fri Jun 26 15:22:13 2026 DL1C l1ctl_sap.c:379 MS 0005: Rx L1CTL_DM_REL_REQ
Fri Jun 26 15:22:13 2026 DL1C l1ctl_sap.c:578 MS 0005: Tx L1CTL_RESET_CONF (reset_type: 1)
Fri Jun 26 15:22:13 2026 DL1C l1ctl_sap.c:578 MS 0005: Tx L1CTL_RESET_CONF (reset_type: 1)
Fri Jun 26 15:22:13 2026 DL1C virt_prim_fbsb.c:57 MS 0005: Rx L1CTL_FBSB_REQ (arfcn=51, flags=0x7)
Fri Jun 26 15:22:13 2026 DL1C virt_prim_fbsb.c:126 MS 0005: Tx L1CTL_FBSB_CONF (res: 0)
Fri Jun 26 15:22:13 2026 DL1C l1ctl_sap.c:526 MS 0005: Rx L1CTL_NEIGH_PM_REQ (list with 1 entries): IGNORED
Fri Jun 26 15:22:28 2026 DL1C l1ctl_sap.c:578 MS 0005: Tx L1CTL_RESET_CONF (reset_type: 1)
Fri Jun 26 15:22:28 2026 DL1C virt_prim_fbsb.c:57 MS 0005: Rx L1CTL_FBSB_REQ (arfcn=51, flags=0x7)
Fri Jun 26 15:22:28 2026 DL1C virt_prim_fbsb.c:126 MS 0005: Tx L1CTL_FBSB_CONF (res: 0)
Fri Jun 26 15:22:28 2026 DL1C l1ctl_sap.c:411 MS 0005: Rx L1CTL_PARAM_REQ (ta=0, tx_power=14)
Fri Jun 26 15:22:28 2026 DL1C virt_prim_rach.c:81 MS 0005: Rx L1CTL_RACH_REQ (ra=0x09, offset=11 combined=1)
Fri Jun 26 15:22:28 2026 DL1C virt_prim_rach.c:124 MS 0005: Tx L1CTL_RACH_CONF (fn: 288891, arfcn: 51)
Fri Jun 26 15:22:28 2026 DL1C l1ctl_sap.c:411 MS 0005: Rx L1CTL_PARAM_REQ (ta=0, tx_power=14)
Fri Jun 26 15:22:28 2026 DL1C virt_prim_rach.c:81 MS 0005: Rx L1CTL_RACH_REQ (ra=0x01, offset=115 combined=1)
Fri Jun 26 15:22:28 2026 DL1C l1ctl_sap.c:578 MS 0005: Tx L1CTL_RESET_CONF (reset_type: 2)
Fri Jun 26 15:22:28 2026 DL1C l1ctl_sap.c:411 MS 0005: Rx L1CTL_PARAM_REQ (ta=0, tx_power=14)
Fri Jun 26 15:22:36 2026 DL1C l1ctl_sap.c:379 MS 0005: Rx L1CTL_DM_REL_REQ
Fri Jun 26 15:22:36 2026 DL1C l1ctl_sap.c:578 MS 0005: Tx L1CTL_RESET_CONF (reset_type: 1)
Fri Jun 26 15:22:36 2026 DL1C l1ctl_sap.c:578 MS 0005: Tx L1CTL_RESET_CONF (reset_type: 1)
Fri Jun 26 15:22:36 2026 DL1C virt_prim_fbsb.c:57 MS 0005: Rx L1CTL_FBSB_REQ (arfcn=51, flags=0x7)
Fri Jun 26 15:22:36 2026 DL1C virt_prim_fbsb.c:126 MS 0005: Tx L1CTL_FBSB_CONF (res: 0)
Fri Jun 26 15:22:36 2026 DL1C l1ctl_sap.c:526 MS 0005: Rx L1CTL_NEIGH_PM_REQ (list with 1 entries): IGNORED
Fri Jun 26 15:22:51 2026 DL1C l1ctl_sap.c:578 MS 0005: Tx L1CTL_RESET_CONF (reset_type: 1)
Fri Jun 26 15:22:51 2026 DL1C virt_prim_fbsb.c:57 MS 0005: Rx L1CTL_FBSB_REQ (arfcn=51, flags=0x7)
Fri Jun 26 15:22:51 2026 DL1C virt_prim_fbsb.c:126 MS 0005: Tx L1CTL_FBSB_CONF (res: 0)
Fri Jun 26 15:22:51 2026 DL1C l1ctl_sap.c:411 MS 0005: Rx L1CTL_PARAM_REQ (ta=0, tx_power=14)
Fri Jun 26 15:22:51 2026 DL1C virt_prim_rach.c:81 MS 0005: Rx L1CTL_RACH_REQ (ra=0x03, offset=1 combined=1)
Fri Jun 26 15:22:51 2026 DL1C virt_prim_rach.c:124 MS 0005: Tx L1CTL_RACH_CONF (fn: 293826, arfcn: 51)
Fri Jun 26 15:22:51 2026 DL1C l1ctl_sap.c:411 MS 0005: Rx L1CTL_PARAM_REQ (ta=0, tx_power=14)
Fri Jun 26 15:22:51 2026 DL1C virt_prim_rach.c:81 MS 0005: Rx L1CTL_RACH_REQ (ra=0x05, offset=122 combined=1)
Fri Jun 26 15:22:51 2026 DL1C l1ctl_sap.c:578 MS 0005: Tx L1CTL_RESET_CONF (reset_type: 2)
Fri Jun 26 15:22:51 2026 DL1C l1ctl_sap.c:411 MS 0005: Rx L1CTL_PARAM_REQ (ta=0, tx_power=14)
Fri Jun 26 15:22:59 2026 DL1C l1ctl_sap.c:379 MS 0005: Rx L1CTL_DM_REL_REQ
Fri Jun 26 15:22:59 2026 DL1C l1ctl_sap.c:578 MS 0005: Tx L1CTL_RESET_CONF (reset_type: 1)
Fri Jun 26 15:22:59 2026 DL1C l1ctl_sap.c:578 MS 0005: Tx L1CTL_RESET_CONF (reset_type: 1)
Fri Jun 26 15:22:59 2026 DL1C virt_prim_fbsb.c:57 MS 0005: Rx L1CTL_FBSB_REQ (arfcn=51, flags=0x7)
Fri Jun 26 15:22:59 2026 DL1C virt_prim_fbsb.c:126 MS 0005: Tx L1CTL_FBSB_CONF (res: 0)
Fri Jun 26 15:22:59 2026 DL1C l1ctl_sap.c:526 MS 0005: Rx L1CTL_NEIGH_PM_REQ (list with 1 entries): IGNORED
Fri Jun 26 15:23:14 2026 DL1C l1ctl_sap.c:578 MS 0005: Tx L1CTL_RESET_CONF (reset_type: 1)
Fri Jun 26 15:23:14 2026 DL1C virt_prim_fbsb.c:57 MS 0005: Rx L1CTL_FBSB_REQ (arfcn=51, flags=0x7)
Fri Jun 26 15:23:14 2026 DL1C virt_prim_fbsb.c:126 MS 0005: Tx L1CTL_FBSB_CONF (res: 0)
Fri Jun 26 15:23:14 2026 DL1C l1ctl_sap.c:411 MS 0005: Rx L1CTL_PARAM_REQ (ta=0, tx_power=14)
Fri Jun 26 15:23:14 2026 DL1C virt_prim_rach.c:81 MS 0005: Rx L1CTL_RACH_REQ (ra=0x07, offset=8 combined=1)
Fri Jun 26 15:23:14 2026 DL1C virt_prim_rach.c:124 MS 0005: Tx L1CTL_RACH_CONF (fn: 298780, arfcn: 51)
Fri Jun 26 15:23:14 2026 DL1C l1ctl_sap.c:411 MS 0005: Rx L1CTL_PARAM_REQ (ta=0, tx_power=14)
Fri Jun 26 15:23:14 2026 DL1C virt_prim_rach.c:81 MS 0005: Rx L1CTL_RACH_REQ (ra=0x00, offset=123 combined=1)
Fri Jun 26 15:23:14 2026 DL1C l1ctl_sap.c:578 MS 0005: Tx L1CTL_RESET_CONF (reset_type: 2)
Fri Jun 26 15:23:14 2026 DL1C l1ctl_sap.c:411 MS 0005: Rx L1CTL_PARAM_REQ (ta=0, tx_power=14)
Fri Jun 26 15:23:22 2026 DL1C l1ctl_sap.c:379 MS 0005: Rx L1CTL_DM_REL_REQ
Fri Jun 26 15:23:22 2026 DL1C l1ctl_sap.c:578 MS 0005: Tx L1CTL_RESET_CONF (reset_type: 1)
Fri Jun 26 15:23:22 2026 DL1C l1ctl_sap.c:578 MS 0005: Tx L1CTL_RESET_CONF (reset_type: 1)
Fri Jun 26 15:23:22 2026 DL1C virt_prim_fbsb.c:57 MS 0005: Rx L1CTL_FBSB_REQ (arfcn=51, flags=0x7)
Fri Jun 26 15:23:22 2026 DL1C virt_prim_fbsb.c:126 MS 0005: Tx L1CTL_FBSB_CONF (res: 0)
Fri Jun 26 15:23:22 2026 DL1C l1ctl_sap.c:526 MS 0005: Rx L1CTL_NEIGH_PM_REQ (list with 1 entries): IGNORED
Fri Jun 26 15:24:07 2026 DL1C l1ctl_sap.c:578 MS 0005: Tx L1CTL_RESET_CONF (reset_type: 1)
Fri Jun 26 15:24:07 2026 DL1C l1ctl_sock.c:99 Failed to receive msg from l2. Connection will be closed.
Fri Jun 26 15:24:07 2026 DMAIN virt_l1_model.c:49 MS 0005: destroyed
Fri Jun 26 15:24:28 2026 DMAIN virt_l1_model.c:42 MS 0006: allocated
Fri Jun 26 15:24:28 2026 DL1C l1ctl_sock.c:138 Accepted client (fd=6) from server (fd=5)
Fri Jun 26 15:24:28 2026 DL1C l1ctl_sap.c:578 MS 0006: Tx L1CTL_RESET_CONF (reset_type: 1)
Fri Jun 26 15:24:28 2026 DL1C l1ctl_sap.c:578 MS 0006: Tx L1CTL_RESET_CONF (reset_type: 1)
Fri Jun 26 15:24:28 2026 DL1C l1ctl_sap.c:578 MS 0006: Tx L1CTL_RESET_CONF (reset_type: 1)
Fri Jun 26 15:24:28 2026 DL1C virt_prim_fbsb.c:57 MS 0006: Rx L1CTL_FBSB_REQ (arfcn=51, flags=0x7)
Fri Jun 26 15:24:28 2026 DL1C virt_prim_fbsb.c:126 MS 0006: Tx L1CTL_FBSB_CONF (res: 0)
Fri Jun 26 15:24:29 2026 DL1C l1ctl_sap.c:472 MS 0006: Rx L1CTL_CCCH_MODE_REQ (mode=2)
Fri Jun 26 15:24:29 2026 DL1C l1ctl_sap.c:600 MS 0006: Tx L1CTL_CCCH_MODE_CONF (mode: 2)
Fri Jun 26 15:24:29 2026 DL1C l1ctl_sap.c:578 MS 0006: Tx L1CTL_RESET_CONF (reset_type: 1)
Fri Jun 26 15:24:29 2026 DL1C virt_prim_fbsb.c:57 MS 0006: Rx L1CTL_FBSB_REQ (arfcn=51, flags=0x7)
Fri Jun 26 15:24:29 2026 DL1C virt_prim_fbsb.c:126 MS 0006: Tx L1CTL_FBSB_CONF (res: 0)
Fri Jun 26 15:24:29 2026 DL1C l1ctl_sap.c:411 MS 0006: Rx L1CTL_PARAM_REQ (ta=0, tx_power=14)
Fri Jun 26 15:24:29 2026 DL1C virt_prim_rach.c:81 MS 0006: Rx L1CTL_RACH_REQ (ra=0x02, offset=1 combined=1)
Fri Jun 26 15:24:29 2026 DL1C virt_prim_rach.c:124 MS 0006: Tx L1CTL_RACH_CONF (fn: 315093, arfcn: 51)
Fri Jun 26 15:24:29 2026 DL1C l1ctl_sap.c:411 MS 0006: Rx L1CTL_PARAM_REQ (ta=0, tx_power=14)
Fri Jun 26 15:24:29 2026 DL1C virt_prim_rach.c:81 MS 0006: Rx L1CTL_RACH_REQ (ra=0x00, offset=118 combined=1)
Fri Jun 26 15:24:29 2026 DL1C l1ctl_sap.c:578 MS 0006: Tx L1CTL_RESET_CONF (reset_type: 2)
Fri Jun 26 15:24:29 2026 DL1C l1ctl_sap.c:411 MS 0006: Rx L1CTL_PARAM_REQ (ta=0, tx_power=14)
Fri Jun 26 15:24:50 2026 DL1C l1ctl_sap.c:379 MS 0006: Rx L1CTL_DM_REL_REQ
Fri Jun 26 15:24:50 2026 DL1C l1ctl_sap.c:578 MS 0006: Tx L1CTL_RESET_CONF (reset_type: 1)
Fri Jun 26 15:24:50 2026 DL1C l1ctl_sap.c:578 MS 0006: Tx L1CTL_RESET_CONF (reset_type: 1)
Fri Jun 26 15:24:50 2026 DL1C virt_prim_fbsb.c:57 MS 0006: Rx L1CTL_FBSB_REQ (arfcn=51, flags=0x7)
Fri Jun 26 15:24:50 2026 DL1C virt_prim_fbsb.c:126 MS 0006: Tx L1CTL_FBSB_CONF (res: 0)
Fri Jun 26 15:24:50 2026 DL1C l1ctl_sap.c:526 MS 0006: Rx L1CTL_NEIGH_PM_REQ (list with 1 entries): IGNORED
Fri Jun 26 15:25:05 2026 DL1C l1ctl_sap.c:578 MS 0006: Tx L1CTL_RESET_CONF (reset_type: 1)
Fri Jun 26 15:25:05 2026 DL1C virt_prim_fbsb.c:57 MS 0006: Rx L1CTL_FBSB_REQ (arfcn=51, flags=0x7)
Fri Jun 26 15:25:05 2026 DL1C virt_prim_fbsb.c:126 MS 0006: Tx L1CTL_FBSB_CONF (res: 0)
Fri Jun 26 15:25:05 2026 DL1C l1ctl_sap.c:411 MS 0006: Rx L1CTL_PARAM_REQ (ta=0, tx_power=14)
Fri Jun 26 15:25:05 2026 DL1C virt_prim_rach.c:81 MS 0006: Rx L1CTL_RACH_REQ (ra=0x06, offset=3 combined=1)
Fri Jun 26 15:25:05 2026 DL1C virt_prim_rach.c:124 MS 0006: Tx L1CTL_RACH_CONF (fn: 322849, arfcn: 51)
Fri Jun 26 15:25:05 2026 DL1C l1ctl_sap.c:411 MS 0006: Rx L1CTL_PARAM_REQ (ta=0, tx_power=14)
Fri Jun 26 15:25:05 2026 DL1C virt_prim_rach.c:81 MS 0006: Rx L1CTL_RACH_REQ (ra=0x09, offset=125 combined=1)
Fri Jun 26 15:25:05 2026 DL1C l1ctl_sap.c:578 MS 0006: Tx L1CTL_RESET_CONF (reset_type: 2)
Fri Jun 26 15:25:05 2026 DL1C l1ctl_sap.c:411 MS 0006: Rx L1CTL_PARAM_REQ (ta=0, tx_power=14)
Fri Jun 26 15:25:13 2026 DL1C l1ctl_sap.c:379 MS 0006: Rx L1CTL_DM_REL_REQ
Fri Jun 26 15:25:13 2026 DL1C l1ctl_sap.c:578 MS 0006: Tx L1CTL_RESET_CONF (reset_type: 1)
Fri Jun 26 15:25:13 2026 DL1C l1ctl_sap.c:578 MS 0006: Tx L1CTL_RESET_CONF (reset_type: 1)
Fri Jun 26 15:25:13 2026 DL1C virt_prim_fbsb.c:57 MS 0006: Rx L1CTL_FBSB_REQ (arfcn=51, flags=0x7)
Fri Jun 26 15:25:13 2026 DL1C virt_prim_fbsb.c:126 MS 0006: Tx L1CTL_FBSB_CONF (res: 0)
Fri Jun 26 15:25:13 2026 DL1C l1ctl_sap.c:526 MS 0006: Rx L1CTL_NEIGH_PM_REQ (list with 1 entries): IGNORED
