2026/Jun/15 10:51:31.908170 EXECUTOR - TTCN-3 Main Test Component started on ttcn3-tc-26-8-1-2-1-1-1-bsccz. Version: 11.1.0.
2026/Jun/15 10:51:31.908390 EXECUTOR - TTCN Logger v2.2 options: TimeStampFormat:=DateTime; LogEntityName:=No; LogEventTypes:=Yes; SourceInfoFormat:=Single; LogSensitiveData:=No; *.FileMask:=LOG_ALL; *.ConsoleMask:=ERROR | TESTCASE | USER | VERDICTOP | WARNING; LogFileSize:=0; LogFileNumber:=1; DiskFullAction:=Error
2026/Jun/15 10:51:31.908464 EXECUTOR - Connected to MC.
2026/Jun/15 10:51:31.908586 EXECUTOR - Executing test case TC_26_8_1_2_1_1 in module TC_26_8_1_2_1_1.
2026/Jun/15 10:51:31.908886 TESTCASE TC_26_8_1_2_1_1.ttcn3:43 Test case TC_26_8_1_2_1_1 started.
2026/Jun/15 10:51:31.908990 PARALLEL TC_26_8_1_2_1_1.ttcn3:43 Initializing variables, timers and ports of component type GSM_Component_Definitions.GSM_CT inside testcase TC_26_8_1_2_1_1.
2026/Jun/15 10:51:31.909272 USER TC_26_8_1_2_1_1.ttcn3:43 MSC_Port: set_parameter msc_stub_host = 10.42.0.189
2026/Jun/15 10:51:31.909333 USER TC_26_8_1_2_1_1.ttcn3:43 MSC_Port: set_parameter msc_stub_port = 5000
2026/Jun/15 10:51:31.909350 USER TC_26_8_1_2_1_1.ttcn3:43 L3_Port: set_parameter gsmtap_host = 127.0.0.1
2026/Jun/15 10:51:31.909368 USER TC_26_8_1_2_1_1.ttcn3:43 L3_Port: set_parameter gsmtap_port = 4729
2026/Jun/15 10:51:31.909377 USER TC_26_8_1_2_1_1.ttcn3:43 L3_Port: set_parameter local_port = 4729
2026/Jun/15 10:51:31.909383 USER TC_26_8_1_2_1_1.ttcn3:43 L3_Port: set_parameter ul_multicast_group = 239.193.23.2
2026/Jun/15 10:51:31.909389 USER TC_26_8_1_2_1_1.ttcn3:43 L3_Port: Will join UL multicast group 239.193.23.2 for RACH capture
2026/Jun/15 10:51:31.909394 USER TC_26_8_1_2_1_1.ttcn3:43 L3_Port: set_parameter arfcn = 51
2026/Jun/15 10:51:31.909445 USER TC_26_8_1_2_1_1.ttcn3:43 L3_Port: user_start called
2026/Jun/15 10:51:31.909458 PORTEVENT TC_26_8_1_2_1_1.ttcn3:43 Port L was started.
2026/Jun/15 10:51:31.909530 PORTEVENT TC_26_8_1_2_1_1.ttcn3:43 Port RR was started.
2026/Jun/15 10:51:31.909537 PORTEVENT TC_26_8_1_2_1_1.ttcn3:43 Port MM was started.
2026/Jun/15 10:51:31.909542 PORTEVENT TC_26_8_1_2_1_1.ttcn3:43 Port CC was started.
2026/Jun/15 10:51:31.909546 USER TC_26_8_1_2_1_1.ttcn3:43 MSC_Port: user_start called
2026/Jun/15 10:51:31.909552 PORTEVENT TC_26_8_1_2_1_1.ttcn3:43 Port MSC was started.
2026/Jun/15 10:51:31.909559 PORTEVENT TC_26_8_1_2_1_1.ttcn3:43 Port BSC was started.
2026/Jun/15 10:51:31.909565 PORTEVENT TC_26_8_1_2_1_1.ttcn3:43 Port RSL was started.
2026/Jun/15 10:51:31.909572 USER TC_26_8_1_2_1_1.ttcn3:43 VTY_PT: Starting
2026/Jun/15 10:51:31.909578 PORTEVENT TC_26_8_1_2_1_1.ttcn3:43 Port VTY was started.
2026/Jun/15 10:51:31.909584 PORTEVENT TC_26_8_1_2_1_1.ttcn3:43 Port COORD was started.
2026/Jun/15 10:51:31.909588 PARALLEL TC_26_8_1_2_1_1.ttcn3:43 Component type GSM_Component_Definitions.GSM_CT was initialized.
2026/Jun/15 10:51:31.909616 WARNING GSM_Component_Definitions.ttcn3:364 Warning: Stopping inactive timer T_guard.
2026/Jun/15 10:51:31.909632 WARNING GSM_Component_Definitions.ttcn3:365 Warning: Stopping inactive timer T301.
2026/Jun/15 10:51:31.909639 WARNING GSM_Component_Definitions.ttcn3:366 Warning: Stopping inactive timer T303.
2026/Jun/15 10:51:31.909645 WARNING GSM_Component_Definitions.ttcn3:367 Warning: Stopping inactive timer T305.
2026/Jun/15 10:51:31.909651 WARNING GSM_Component_Definitions.ttcn3:368 Warning: Stopping inactive timer T308.
2026/Jun/15 10:51:31.909657 WARNING GSM_Component_Definitions.ttcn3:369 Warning: Stopping inactive timer T310.
2026/Jun/15 10:51:31.909662 WARNING GSM_Component_Definitions.ttcn3:370 Warning: Stopping inactive timer T313.
2026/Jun/15 10:51:31.909673 USER GSM_Component_Definitions.ttcn3:386 Component initialized
2026/Jun/15 10:51:31.909703 PARALLEL GSM_Component_Definitions.ttcn3:334 Mapping port mtc:L to system:L.
2026/Jun/15 10:51:31.909769 USER GSM_Component_Definitions.ttcn3:334 L3_Port: Mapping to L
2026/Jun/15 10:51:31.909858 USER GSM_Component_Definitions.ttcn3:334 L3_Port: Joined UL multicast group 239.193.23.2 for RACH capture
2026/Jun/15 10:51:31.909877 USER GSM_Component_Definitions.ttcn3:334 L3_Port: GSMTAP listening on port 4729
2026/Jun/15 10:51:31.909892 USER GSM_Component_Definitions.ttcn3:334 L3_Port: Mapped successfully (GSMTAP: 127.0.0.1:4729)
2026/Jun/15 10:51:31.909902 WARNING GSM_Component_Definitions.ttcn3:334 Warning: The maximum number of open file descriptors (1048576) is greater than FD_SETSIZE (1024). Ensure that Test Ports using Install_Handler do not try to wait for events of file descriptors with values greater than FD_SETSIZE (1024). (Current caller of Install_Handler is "L")
2026/Jun/15 10:51:31.909940 PORTEVENT GSM_Component_Definitions.ttcn3:334 Port L was mapped to system:L.
2026/Jun/15 10:51:31.910026 PARALLEL GSM_Component_Definitions.ttcn3:334 Map operation of mtc:L to system:L finished.
2026/Jun/15 10:51:31.910061 PARALLEL GSM_Component_Definitions.ttcn3:335 Mapping port mtc:RR to system:RR.
2026/Jun/15 10:51:31.910091 PORTEVENT GSM_Component_Definitions.ttcn3:335 Port RR was mapped to system:RR.
2026/Jun/15 10:51:31.910117 PARALLEL GSM_Component_Definitions.ttcn3:335 Map operation of mtc:RR to system:RR finished.
2026/Jun/15 10:51:31.910124 PARALLEL GSM_Component_Definitions.ttcn3:336 Mapping port mtc:MM to system:MM.
2026/Jun/15 10:51:31.910149 PORTEVENT GSM_Component_Definitions.ttcn3:336 Port MM was mapped to system:MM.
2026/Jun/15 10:51:31.910174 PARALLEL GSM_Component_Definitions.ttcn3:336 Map operation of mtc:MM to system:MM finished.
2026/Jun/15 10:51:31.910181 PARALLEL GSM_Component_Definitions.ttcn3:337 Mapping port mtc:CC to system:CC.
2026/Jun/15 10:51:31.910205 PORTEVENT GSM_Component_Definitions.ttcn3:337 Port CC was mapped to system:CC.
2026/Jun/15 10:51:31.910231 PARALLEL GSM_Component_Definitions.ttcn3:337 Map operation of mtc:CC to system:CC finished.
2026/Jun/15 10:51:31.910237 PARALLEL GSM_Component_Definitions.ttcn3:338 Mapping port mtc:MSC to system:MSC.
2026/Jun/15 10:51:31.910271 USER GSM_Component_Definitions.ttcn3:338 MSC_Port: Mapping to MSC
2026/Jun/15 10:51:31.910583 USER GSM_Component_Definitions.ttcn3:338 MSC_Port: Registered socket for async events
2026/Jun/15 10:51:31.910601 USER GSM_Component_Definitions.ttcn3:338 MSC_Port: Connected to MSC stub at 10.42.0.189:5000
2026/Jun/15 10:51:31.910607 PORTEVENT GSM_Component_Definitions.ttcn3:338 Port MSC was mapped to system:MSC.
2026/Jun/15 10:51:31.910646 PARALLEL GSM_Component_Definitions.ttcn3:338 Map operation of mtc:MSC to system:MSC finished.
2026/Jun/15 10:51:31.910654 PARALLEL GSM_Component_Definitions.ttcn3:339 Mapping port mtc:VTY to system:VTY.
2026/Jun/15 10:51:31.910679 USER GSM_Component_Definitions.ttcn3:339 VTY_PT: Mapping port to VTY interface
2026/Jun/15 10:51:31.910859 USER GSM_Component_Definitions.ttcn3:339 VTY_PT: Connected to VTY at 10.43.9.242:4247
2026/Jun/15 10:51:32.411247 USER GSM_Component_Definitions.ttcn3:339 VTY_PT: Initial banner received
2026/Jun/15 10:51:32.411349 PORTEVENT GSM_Component_Definitions.ttcn3:339 Port VTY was mapped to system:VTY.
2026/Jun/15 10:51:32.411456 USER GSM_Component_Definitions.ttcn3:339 MSC_Port: RX: {"type": "WELCOME", "status": "connected"}
2026/Jun/15 10:51:32.411528 PORTEVENT GSM_Component_Definitions.ttcn3:339 Message enqueued on MSC from system charstring : "{\"type\": \"WELCOME\", \"status\": \"connected\"}" id 1
2026/Jun/15 10:51:32.411585 PARALLEL GSM_Component_Definitions.ttcn3:339 Map operation of mtc:VTY to system:VTY finished.
2026/Jun/15 10:51:32.411602 USER TC_26_8_1_2_1_1.ttcn3:64 ==============================================================
2026/Jun/15 10:51:32.411609 USER TC_26_8_1_2_1_1.ttcn3:65 *** TC_26_8_1_2_1_1: MO Call Setup - CM SERVICE REQUEST     ***
2026/Jun/15 10:51:32.411614 USER TC_26_8_1_2_1_1.ttcn3:66 *** Spec: Rel4_GSM_L3_MS_v440/CC/                           ***
2026/Jun/15 10:51:32.411620 USER TC_26_8_1_2_1_1.ttcn3:67 ==============================================================
2026/Jun/15 10:51:32.411643 TIMEROP TC_26_8_1_2_1_1.ttcn3:70 Start timer T_guard: 300 s
2026/Jun/15 10:51:32.411731 PORTEVENT TC_26_8_1_2_1_1.ttcn3:73 Sent on MSC to system charstring : "{\"command\": \"SET_AUTO_RESPOND\", \"params\": {\"enabled\": false}}"
2026/Jun/15 10:51:32.411891 USER TC_26_8_1_2_1_1.ttcn3:73 MSC_Port: TX: {"command": "SET_AUTO_RESPOND", "params": {"enabled": false}}
2026/Jun/15 10:51:32.411908 USER TC_26_8_1_2_1_1.ttcn3:79 *** Phase 1: Restarting mobile for clean initial state ***
2026/Jun/15 10:51:32.411963 USER TC_26_8_1_2_1_1.ttcn3:80 docker.sock not found — using VTY power-cycle (k8s mode)
2026/Jun/15 10:51:32.411974 USER TC_26_8_1_2_1_1.ttcn3:80 === k8s fallback: VTY power-cycle mobile at 10.43.9.242:4247 ===
2026/Jun/15 10:51:37.934012 USER TC_26_8_1_2_1_1.ttcn3:80 Waiting 10 seconds (power off)...
2026/Jun/15 10:51:53.293988 USER TC_26_8_1_2_1_1.ttcn3:80 VTY 'clear-loci' sent — LOCI erased
2026/Jun/15 10:52:00.462022 USER TC_26_8_1_2_1_1.ttcn3:80 === VTY power-cycle complete — MS will send LU shortly ===
2026/Jun/15 10:52:00.462225 PORTEVENT TC_26_8_1_2_1_1.ttcn3:89 Sent on MSC to system charstring : "{\"command\": \"CLEAR\", \"params\": {}}"
2026/Jun/15 10:52:00.462311 USER TC_26_8_1_2_1_1.ttcn3:89 MSC_Port: TX: {"command": "CLEAR", "params": {}}
2026/Jun/15 10:52:00.462356 TIMEROP TC_26_8_1_2_1_1.ttcn3:91 Start timer T_drain: 5 s
2026/Jun/15 10:52:00.462459 PORTEVENT TC_26_8_1_2_1_1.ttcn3:93 Receive operation on port MSC succeeded, message from system(): charstring : "{\"type\": \"WELCOME\", \"status\": \"connected\"}" id 1
2026/Jun/15 10:52:00.462523 PORTEVENT TC_26_8_1_2_1_1.ttcn3:93 Message with id 1 was extracted from the queue of MSC.
2026/Jun/15 10:52:00.462552 USER TC_26_8_1_2_1_1.ttcn3:94 TC_26_8_1_2_1_1: (drain) discarding: "{\"type\": \"WELCOME\", \"status\": \"connected\"}"
2026/Jun/15 10:52:00.462640 USER TC_26_8_1_2_1_1.ttcn3:92 VTY_PT: Received data (buffered): 94 bytes
2026/Jun/15 10:52:00.462690 USER TC_26_8_1_2_1_1.ttcn3:92 MSC_Port: RX: {"status": "ok", "auto_respond": false}
2026/Jun/15 10:52:00.462715 PORTEVENT TC_26_8_1_2_1_1.ttcn3:92 Message enqueued on MSC from system charstring : "{\"status\": \"ok\", \"auto_respond\": false}" id 2
2026/Jun/15 10:52:00.462732 USER TC_26_8_1_2_1_1.ttcn3:92 MSC_Port: RX: {"type": "HEARTBEAT"}
2026/Jun/15 10:52:00.462750 PORTEVENT TC_26_8_1_2_1_1.ttcn3:92 Message enqueued on MSC from system charstring : "{\"type\": \"HEARTBEAT\"}" id 3
2026/Jun/15 10:52:00.462764 USER TC_26_8_1_2_1_1.ttcn3:92 MSC_Port: RX: {"type": "HEARTBEAT"}
2026/Jun/15 10:52:00.462781 PORTEVENT TC_26_8_1_2_1_1.ttcn3:92 Message enqueued on MSC from system charstring : "{\"type\": \"HEARTBEAT\"}" id 4
2026/Jun/15 10:52:00.462794 USER TC_26_8_1_2_1_1.ttcn3:92 MSC_Port: RX: {"type": "HEARTBEAT"}
2026/Jun/15 10:52:00.462810 PORTEVENT TC_26_8_1_2_1_1.ttcn3:92 Message enqueued on MSC from system charstring : "{\"type\": \"HEARTBEAT\"}" id 5
2026/Jun/15 10:52:00.462849 USER TC_26_8_1_2_1_1.ttcn3:92 MSC_Port: RX: {"type": "HEARTBEAT"}
2026/Jun/15 10:52:00.462870 PORTEVENT TC_26_8_1_2_1_1.ttcn3:92 Message enqueued on MSC from system charstring : "{\"type\": \"HEARTBEAT\"}" id 6
2026/Jun/15 10:52:00.462884 USER TC_26_8_1_2_1_1.ttcn3:92 MSC_Port: RX: {"type": "HEARTBEAT"}
2026/Jun/15 10:52:00.462902 PORTEVENT TC_26_8_1_2_1_1.ttcn3:92 Message enqueued on MSC from system charstring : "{\"type\": \"HEARTBEAT\"}" id 7
2026/Jun/15 10:52:00.462942 USER TC_26_8_1_2_1_1.ttcn3:92 L3_Port: Received 17 bytes
2026/Jun/15 10:52:00.462971 USER TC_26_8_1_2_1_1.ttcn3:92 L3_Port: RAW GSMTAP hdr->arfcn=0x4033 RxArfcn=0x4033 Uplink=1 Chan=3 Len=1
2026/Jun/15 10:52:00.462994 USER TC_26_8_1_2_1_1.ttcn3:92 L3_Port: RX: 07 
2026/Jun/15 10:52:00.463050 PORTEVENT TC_26_8_1_2_1_1.ttcn3:92 Message enqueued on L from system octetstring : '0700002E7D'O id 1
2026/Jun/15 10:52:00.463076 USER TC_26_8_1_2_1_1.ttcn3:92 L3_Port: Message delivered to TTCN-3
2026/Jun/15 10:52:00.463099 PORTEVENT TC_26_8_1_2_1_1.ttcn3:93 Receive operation on port MSC succeeded, message from system(): charstring : "{\"status\": \"ok\", \"auto_respond\": false}" id 2
2026/Jun/15 10:52:00.463114 PORTEVENT TC_26_8_1_2_1_1.ttcn3:93 Message with id 2 was extracted from the queue of MSC.
2026/Jun/15 10:52:00.463124 USER TC_26_8_1_2_1_1.ttcn3:94 TC_26_8_1_2_1_1: (drain) discarding: "{\"status\": \"ok\", \"auto_respond\": false}"
2026/Jun/15 10:52:00.463164 PORTEVENT TC_26_8_1_2_1_1.ttcn3:93 Receive operation on port MSC succeeded, message from system(): charstring : "{\"type\": \"HEARTBEAT\"}" id 3
2026/Jun/15 10:52:00.463176 PORTEVENT TC_26_8_1_2_1_1.ttcn3:93 Message with id 3 was extracted from the queue of MSC.
2026/Jun/15 10:52:00.463184 USER TC_26_8_1_2_1_1.ttcn3:94 TC_26_8_1_2_1_1: (drain) discarding: "{\"type\": \"HEARTBEAT\"}"
2026/Jun/15 10:52:00.463204 PORTEVENT TC_26_8_1_2_1_1.ttcn3:93 Receive operation on port MSC succeeded, message from system(): charstring : "{\"type\": \"HEARTBEAT\"}" id 4
2026/Jun/15 10:52:00.463213 PORTEVENT TC_26_8_1_2_1_1.ttcn3:93 Message with id 4 was extracted from the queue of MSC.
2026/Jun/15 10:52:00.463221 USER TC_26_8_1_2_1_1.ttcn3:94 TC_26_8_1_2_1_1: (drain) discarding: "{\"type\": \"HEARTBEAT\"}"
2026/Jun/15 10:52:00.463239 PORTEVENT TC_26_8_1_2_1_1.ttcn3:93 Receive operation on port MSC succeeded, message from system(): charstring : "{\"type\": \"HEARTBEAT\"}" id 5
2026/Jun/15 10:52:00.463249 PORTEVENT TC_26_8_1_2_1_1.ttcn3:93 Message with id 5 was extracted from the queue of MSC.
2026/Jun/15 10:52:00.463257 USER TC_26_8_1_2_1_1.ttcn3:94 TC_26_8_1_2_1_1: (drain) discarding: "{\"type\": \"HEARTBEAT\"}"
2026/Jun/15 10:52:00.463277 PORTEVENT TC_26_8_1_2_1_1.ttcn3:93 Receive operation on port MSC succeeded, message from system(): charstring : "{\"type\": \"HEARTBEAT\"}" id 6
2026/Jun/15 10:52:00.463287 PORTEVENT TC_26_8_1_2_1_1.ttcn3:93 Message with id 6 was extracted from the queue of MSC.
2026/Jun/15 10:52:00.463294 USER TC_26_8_1_2_1_1.ttcn3:94 TC_26_8_1_2_1_1: (drain) discarding: "{\"type\": \"HEARTBEAT\"}"
2026/Jun/15 10:52:00.463311 PORTEVENT TC_26_8_1_2_1_1.ttcn3:93 Receive operation on port MSC succeeded, message from system(): charstring : "{\"type\": \"HEARTBEAT\"}" id 7
2026/Jun/15 10:52:00.463320 PORTEVENT TC_26_8_1_2_1_1.ttcn3:93 Message with id 7 was extracted from the queue of MSC.
2026/Jun/15 10:52:00.463328 USER TC_26_8_1_2_1_1.ttcn3:94 TC_26_8_1_2_1_1: (drain) discarding: "{\"type\": \"HEARTBEAT\"}"
2026/Jun/15 10:52:00.463354 USER TC_26_8_1_2_1_1.ttcn3:92 MSC_Port: RX: {"status": "ok"}
2026/Jun/15 10:52:00.463369 PORTEVENT TC_26_8_1_2_1_1.ttcn3:92 Message enqueued on MSC from system charstring : "{\"status\": \"ok\"}" id 8
2026/Jun/15 10:52:00.463386 USER TC_26_8_1_2_1_1.ttcn3:92 L3_Port: Received 39 bytes
2026/Jun/15 10:52:00.463399 USER TC_26_8_1_2_1_1.ttcn3:92 L3_Port: RAW GSMTAP hdr->arfcn=0x4033 RxArfcn=0x4033 Uplink=1 Chan=7 Len=23
2026/Jun/15 10:52:00.463417 USER TC_26_8_1_2_1_1.ttcn3:92 L3_Port: RX: 01 3F 49 05 08 70 09 F1 07 00 00 33 08 99 10 07 00 00 00 00 10 2B 2B 
2026/Jun/15 10:52:00.463432 PORTEVENT TC_26_8_1_2_1_1.ttcn3:92 Message enqueued on L from system octetstring : '013F4905087009F1070000330899100700000000102B2B'O id 2
2026/Jun/15 10:52:00.463442 USER TC_26_8_1_2_1_1.ttcn3:92 L3_Port: Message delivered to TTCN-3
2026/Jun/15 10:52:00.463458 PORTEVENT TC_26_8_1_2_1_1.ttcn3:93 Receive operation on port MSC succeeded, message from system(): charstring : "{\"status\": \"ok\"}" id 8
2026/Jun/15 10:52:00.463468 PORTEVENT TC_26_8_1_2_1_1.ttcn3:93 Message with id 8 was extracted from the queue of MSC.
2026/Jun/15 10:52:00.463476 USER TC_26_8_1_2_1_1.ttcn3:94 TC_26_8_1_2_1_1: (drain) discarding: "{\"status\": \"ok\"}"
2026/Jun/15 10:52:00.463499 USER TC_26_8_1_2_1_1.ttcn3:92 L3_Port: Received 39 bytes
2026/Jun/15 10:52:00.463512 USER TC_26_8_1_2_1_1.ttcn3:92 L3_Port: RAW GSMTAP hdr->arfcn=0x4033 RxArfcn=0x4033 Uplink=1 Chan=135 Len=23
2026/Jun/15 10:52:00.463537 USER TC_26_8_1_2_1_1.ttcn3:92 L3_Port: RX: 0E 00 01 03 49 06 15 00 40 01 C0 00 00 00 00 00 00 00 00 00 00 00 00 
2026/Jun/15 10:52:00.463551 PORTEVENT TC_26_8_1_2_1_1.ttcn3:92 Message enqueued on L from system octetstring : '0E000103490615004001C0000000000000000000000000'O id 3
2026/Jun/15 10:52:00.463562 USER TC_26_8_1_2_1_1.ttcn3:92 L3_Port: Message delivered to TTCN-3
2026/Jun/15 10:52:00.463581 USER TC_26_8_1_2_1_1.ttcn3:92 L3_Port: Received 39 bytes
2026/Jun/15 10:52:00.463613 USER TC_26_8_1_2_1_1.ttcn3:92 L3_Port: RAW GSMTAP hdr->arfcn=0x4033 RxArfcn=0x4033 Uplink=1 Chan=7 Len=23
2026/Jun/15 10:52:00.463630 USER TC_26_8_1_2_1_1.ttcn3:92 L3_Port: RX: 01 3F 49 05 08 70 09 F1 07 00 00 33 08 99 10 07 00 00 00 00 10 2B 2B 
2026/Jun/15 10:52:00.463644 PORTEVENT TC_26_8_1_2_1_1.ttcn3:92 Message enqueued on L from system octetstring : '013F4905087009F1070000330899100700000000102B2B'O id 4
2026/Jun/15 10:52:00.463654 USER TC_26_8_1_2_1_1.ttcn3:92 L3_Port: Message delivered to TTCN-3
2026/Jun/15 10:52:00.463671 USER TC_26_8_1_2_1_1.ttcn3:92 L3_Port: Received 39 bytes
2026/Jun/15 10:52:00.463685 USER TC_26_8_1_2_1_1.ttcn3:92 L3_Port: RAW GSMTAP hdr->arfcn=0x4033 RxArfcn=0x4033 Uplink=1 Chan=135 Len=23
2026/Jun/15 10:52:00.463702 USER TC_26_8_1_2_1_1.ttcn3:92 L3_Port: RX: 0E 00 01 03 49 06 15 BF 3F 00 00 00 00 00 00 00 00 00 00 00 00 00 00 
2026/Jun/15 10:52:00.463718 PORTEVENT TC_26_8_1_2_1_1.ttcn3:92 Message enqueued on L from system octetstring : '0E000103490615BF3F0000000000000000000000000000'O id 5
2026/Jun/15 10:52:00.463728 USER TC_26_8_1_2_1_1.ttcn3:92 L3_Port: Message delivered to TTCN-3
2026/Jun/15 10:52:00.463747 USER TC_26_8_1_2_1_1.ttcn3:92 L3_Port: Received 39 bytes
2026/Jun/15 10:52:00.463761 USER TC_26_8_1_2_1_1.ttcn3:92 L3_Port: RAW GSMTAP hdr->arfcn=0x4033 RxArfcn=0x4033 Uplink=1 Chan=7 Len=23
2026/Jun/15 10:52:00.463778 USER TC_26_8_1_2_1_1.ttcn3:92 L3_Port: RX: 01 3F 49 05 08 70 09 F1 07 00 00 33 08 99 10 07 00 00 00 00 10 2B 2B 
2026/Jun/15 10:52:00.463793 PORTEVENT TC_26_8_1_2_1_1.ttcn3:92 Message enqueued on L from system octetstring : '013F4905087009F1070000330899100700000000102B2B'O id 6
2026/Jun/15 10:52:00.463803 USER TC_26_8_1_2_1_1.ttcn3:92 L3_Port: Message delivered to TTCN-3
2026/Jun/15 10:52:00.463834 USER TC_26_8_1_2_1_1.ttcn3:92 L3_Port: Received 39 bytes
2026/Jun/15 10:52:00.463853 USER TC_26_8_1_2_1_1.ttcn3:92 L3_Port: RAW GSMTAP hdr->arfcn=0x4033 RxArfcn=0x4033 Uplink=1 Chan=135 Len=23
2026/Jun/15 10:52:00.463870 USER TC_26_8_1_2_1_1.ttcn3:92 L3_Port: RX: 0E 00 01 03 49 06 15 80 40 00 00 00 00 00 00 00 00 00 00 00 00 00 00 
2026/Jun/15 10:52:00.463885 PORTEVENT TC_26_8_1_2_1_1.ttcn3:92 Message enqueued on L from system octetstring : '0E00010349061580400000000000000000000000000000'O id 7
2026/Jun/15 10:52:00.463896 USER TC_26_8_1_2_1_1.ttcn3:92 L3_Port: Message delivered to TTCN-3
2026/Jun/15 10:52:00.463915 USER TC_26_8_1_2_1_1.ttcn3:92 L3_Port: Received 39 bytes
2026/Jun/15 10:52:00.463929 USER TC_26_8_1_2_1_1.ttcn3:92 L3_Port: RAW GSMTAP hdr->arfcn=0x4033 RxArfcn=0x4033 Uplink=1 Chan=7 Len=23
2026/Jun/15 10:52:00.463945 USER TC_26_8_1_2_1_1.ttcn3:92 L3_Port: RX: 01 3F 49 05 08 70 09 F1 07 00 00 33 08 99 10 07 00 00 00 00 10 2B 2B 
2026/Jun/15 10:52:00.463960 PORTEVENT TC_26_8_1_2_1_1.ttcn3:92 Message enqueued on L from system octetstring : '013F4905087009F1070000330899100700000000102B2B'O id 8
2026/Jun/15 10:52:00.463971 USER TC_26_8_1_2_1_1.ttcn3:92 L3_Port: Message delivered to TTCN-3
2026/Jun/15 10:52:00.463990 USER TC_26_8_1_2_1_1.ttcn3:92 L3_Port: Received 39 bytes
2026/Jun/15 10:52:00.464004 USER TC_26_8_1_2_1_1.ttcn3:92 L3_Port: RAW GSMTAP hdr->arfcn=0x4033 RxArfcn=0x4033 Uplink=1 Chan=135 Len=23
2026/Jun/15 10:52:00.464020 USER TC_26_8_1_2_1_1.ttcn3:92 L3_Port: RX: 0E 00 01 03 49 06 15 80 40 00 00 00 00 00 00 00 00 00 00 00 00 00 00 
2026/Jun/15 10:52:00.464036 PORTEVENT TC_26_8_1_2_1_1.ttcn3:92 Message enqueued on L from system octetstring : '0E00010349061580400000000000000000000000000000'O id 9
2026/Jun/15 10:52:00.464046 USER TC_26_8_1_2_1_1.ttcn3:92 L3_Port: Message delivered to TTCN-3
2026/Jun/15 10:52:00.464064 USER TC_26_8_1_2_1_1.ttcn3:92 L3_Port: Received 39 bytes
2026/Jun/15 10:52:00.464078 USER TC_26_8_1_2_1_1.ttcn3:92 L3_Port: RAW GSMTAP hdr->arfcn=0x4033 RxArfcn=0x4033 Uplink=1 Chan=135 Len=23
2026/Jun/15 10:52:00.464094 USER TC_26_8_1_2_1_1.ttcn3:92 L3_Port: RX: 0E 00 01 03 49 06 15 80 40 00 00 00 00 00 00 00 00 00 00 00 00 00 00 
2026/Jun/15 10:52:00.464109 PORTEVENT TC_26_8_1_2_1_1.ttcn3:92 Message enqueued on L from system octetstring : '0E00010349061580400000000000000000000000000000'O id 10
2026/Jun/15 10:52:00.464127 USER TC_26_8_1_2_1_1.ttcn3:92 L3_Port: Message delivered to TTCN-3
2026/Jun/15 10:52:00.464146 USER TC_26_8_1_2_1_1.ttcn3:92 L3_Port: Received 39 bytes
2026/Jun/15 10:52:00.464160 USER TC_26_8_1_2_1_1.ttcn3:92 L3_Port: RAW GSMTAP hdr->arfcn=0x4033 RxArfcn=0x4033 Uplink=1 Chan=7 Len=23
2026/Jun/15 10:52:00.464176 USER TC_26_8_1_2_1_1.ttcn3:92 L3_Port: RX: 01 3F 49 05 08 70 09 F1 07 00 00 33 08 99 10 07 00 00 00 00 10 2B 2B 
2026/Jun/15 10:52:00.464192 PORTEVENT TC_26_8_1_2_1_1.ttcn3:92 Message enqueued on L from system octetstring : '013F4905087009F1070000330899100700000000102B2B'O id 11
2026/Jun/15 10:52:00.464202 USER TC_26_8_1_2_1_1.ttcn3:92 L3_Port: Message delivered to TTCN-3
2026/Jun/15 10:52:00.464220 USER TC_26_8_1_2_1_1.ttcn3:92 L3_Port: Received 39 bytes
2026/Jun/15 10:52:00.464234 USER TC_26_8_1_2_1_1.ttcn3:92 L3_Port: RAW GSMTAP hdr->arfcn=0x4033 RxArfcn=0x4033 Uplink=1 Chan=135 Len=23
2026/Jun/15 10:52:00.464250 USER TC_26_8_1_2_1_1.ttcn3:92 L3_Port: RX: 0E 00 01 03 49 06 15 80 40 00 00 00 00 00 00 00 00 00 00 00 00 00 00 
2026/Jun/15 10:52:00.464265 PORTEVENT TC_26_8_1_2_1_1.ttcn3:92 Message enqueued on L from system octetstring : '0E00010349061580400000000000000000000000000000'O id 12
2026/Jun/15 10:52:00.464275 USER TC_26_8_1_2_1_1.ttcn3:92 L3_Port: Message delivered to TTCN-3
2026/Jun/15 10:52:00.464294 USER TC_26_8_1_2_1_1.ttcn3:92 L3_Port: Received 39 bytes
2026/Jun/15 10:52:00.464308 USER TC_26_8_1_2_1_1.ttcn3:92 L3_Port: RAW GSMTAP hdr->arfcn=0x4033 RxArfcn=0x4033 Uplink=1 Chan=7 Len=23
2026/Jun/15 10:52:00.464323 USER TC_26_8_1_2_1_1.ttcn3:92 L3_Port: RX: 01 3F 49 05 08 70 09 F1 07 00 00 33 08 99 10 07 00 00 00 00 10 2B 2B 
2026/Jun/15 10:52:00.464340 PORTEVENT TC_26_8_1_2_1_1.ttcn3:92 Message enqueued on L from system octetstring : '013F4905087009F1070000330899100700000000102B2B'O id 13
2026/Jun/15 10:52:00.464350 USER TC_26_8_1_2_1_1.ttcn3:92 L3_Port: Message delivered to TTCN-3
2026/Jun/15 10:52:01.331381 USER TC_26_8_1_2_1_1.ttcn3:92 L3_Port: Received 39 bytes
2026/Jun/15 10:52:01.331467 USER TC_26_8_1_2_1_1.ttcn3:92 L3_Port: RAW GSMTAP hdr->arfcn=0x4033 RxArfcn=0x4033 Uplink=1 Chan=135 Len=23
2026/Jun/15 10:52:01.331490 USER TC_26_8_1_2_1_1.ttcn3:92 L3_Port: RX: 0E 00 01 03 49 06 15 80 40 00 00 00 00 00 00 00 00 00 00 00 00 00 00 
2026/Jun/15 10:52:01.331516 PORTEVENT TC_26_8_1_2_1_1.ttcn3:92 Message enqueued on L from system octetstring : '0E00010349061580400000000000000000000000000000'O id 14
2026/Jun/15 10:52:01.331539 USER TC_26_8_1_2_1_1.ttcn3:92 L3_Port: Message delivered to TTCN-3
2026/Jun/15 10:52:02.273063 USER TC_26_8_1_2_1_1.ttcn3:92 L3_Port: Received 39 bytes
2026/Jun/15 10:52:02.273154 USER TC_26_8_1_2_1_1.ttcn3:92 L3_Port: RAW GSMTAP hdr->arfcn=0x4033 RxArfcn=0x4033 Uplink=1 Chan=135 Len=23
2026/Jun/15 10:52:02.273177 USER TC_26_8_1_2_1_1.ttcn3:92 L3_Port: RX: 0E 00 01 03 49 06 15 80 40 00 00 00 00 00 00 00 00 00 00 00 00 00 00 
2026/Jun/15 10:52:02.273204 PORTEVENT TC_26_8_1_2_1_1.ttcn3:92 Message enqueued on L from system octetstring : '0E00010349061580400000000000000000000000000000'O id 15
2026/Jun/15 10:52:02.273227 USER TC_26_8_1_2_1_1.ttcn3:92 L3_Port: Message delivered to TTCN-3
2026/Jun/15 10:52:02.465156 USER TC_26_8_1_2_1_1.ttcn3:92 MSC_Port: RX: {"type": "HEARTBEAT"}
2026/Jun/15 10:52:02.465249 PORTEVENT TC_26_8_1_2_1_1.ttcn3:92 Message enqueued on MSC from system charstring : "{\"type\": \"HEARTBEAT\"}" id 9
2026/Jun/15 10:52:02.465286 PORTEVENT TC_26_8_1_2_1_1.ttcn3:93 Receive operation on port MSC succeeded, message from system(): charstring : "{\"type\": \"HEARTBEAT\"}" id 9
2026/Jun/15 10:52:02.465303 PORTEVENT TC_26_8_1_2_1_1.ttcn3:93 Message with id 9 was extracted from the queue of MSC.
2026/Jun/15 10:52:02.465313 USER TC_26_8_1_2_1_1.ttcn3:94 TC_26_8_1_2_1_1: (drain) discarding: "{\"type\": \"HEARTBEAT\"}"
2026/Jun/15 10:52:02.766779 USER TC_26_8_1_2_1_1.ttcn3:92 VTY_PT: Received data (buffered): 68 bytes
2026/Jun/15 10:52:05.463899 TIMEROP TC_26_8_1_2_1_1.ttcn3:97 Timeout T_drain: 5 s
2026/Jun/15 10:52:05.464026 USER TC_26_8_1_2_1_1.ttcn3:98 TC_26_8_1_2_1_1: drain complete
2026/Jun/15 10:52:05.464073 PORTEVENT TC_26_8_1_2_1_1.ttcn3:101 Sent on MSC to system charstring : "{\"command\": \"CLEAR\", \"params\": {}}"
2026/Jun/15 10:52:05.464190 USER TC_26_8_1_2_1_1.ttcn3:101 MSC_Port: TX: {"command": "CLEAR", "params": {}}
2026/Jun/15 10:52:05.464212 TIMEROP TC_26_8_1_2_1_1.ttcn3:103 Start timer T_settle_init: 2 s
2026/Jun/15 10:52:05.464727 USER TC_26_8_1_2_1_1.ttcn3:104 MSC_Port: RX: {"status": "ok"}
2026/Jun/15 10:52:05.464752 PORTEVENT TC_26_8_1_2_1_1.ttcn3:104 Message enqueued on MSC from system charstring : "{\"status\": \"ok\"}" id 10
2026/Jun/15 10:52:07.464858 TIMEROP TC_26_8_1_2_1_1.ttcn3:104 Timeout T_settle_init: 2 s
2026/Jun/15 10:52:07.464963 USER TC_26_8_1_2_1_1.ttcn3:107 *** Phase 1: Waiting for LU REQUEST ***
2026/Jun/15 10:52:07.465006 TIMEROP TC_26_8_1_2_1_1.ttcn3:109 Start timer T_lu_wait: 45 s
2026/Jun/15 10:52:07.465043 PORTEVENT TC_26_8_1_2_1_1.ttcn3:111 Receive operation on port MSC succeeded, message from system(): charstring : "{\"status\": \"ok\"}" id 10
2026/Jun/15 10:52:07.465066 PORTEVENT TC_26_8_1_2_1_1.ttcn3:111 Message with id 10 was extracted from the queue of MSC.
2026/Jun/15 10:52:07.465388 USER TC_26_8_1_2_1_1.ttcn3:120 TC_26_8_1_2_1_1: (LU wait) ignoring: "{\"status\": \"ok\"}"
2026/Jun/15 10:52:07.466199 USER TC_26_8_1_2_1_1.ttcn3:110 MSC_Port: RX: {"type": "HEARTBEAT"}
2026/Jun/15 10:52:07.466228 PORTEVENT TC_26_8_1_2_1_1.ttcn3:110 Message enqueued on MSC from system charstring : "{\"type\": \"HEARTBEAT\"}" id 11
2026/Jun/15 10:52:07.466253 PORTEVENT TC_26_8_1_2_1_1.ttcn3:111 Receive operation on port MSC succeeded, message from system(): charstring : "{\"type\": \"HEARTBEAT\"}" id 11
2026/Jun/15 10:52:07.466268 PORTEVENT TC_26_8_1_2_1_1.ttcn3:111 Message with id 11 was extracted from the queue of MSC.
2026/Jun/15 10:52:12.471251 USER TC_26_8_1_2_1_1.ttcn3:110 MSC_Port: RX: {"type": "HEARTBEAT"}
2026/Jun/15 10:52:12.471354 PORTEVENT TC_26_8_1_2_1_1.ttcn3:110 Message enqueued on MSC from system charstring : "{\"type\": \"HEARTBEAT\"}" id 12
2026/Jun/15 10:52:12.471394 PORTEVENT TC_26_8_1_2_1_1.ttcn3:111 Receive operation on port MSC succeeded, message from system(): charstring : "{\"type\": \"HEARTBEAT\"}" id 12
2026/Jun/15 10:52:12.471412 PORTEVENT TC_26_8_1_2_1_1.ttcn3:111 Message with id 12 was extracted from the queue of MSC.
2026/Jun/15 10:52:17.476107 USER TC_26_8_1_2_1_1.ttcn3:110 MSC_Port: RX: {"type": "HEARTBEAT"}
2026/Jun/15 10:52:17.476209 PORTEVENT TC_26_8_1_2_1_1.ttcn3:110 Message enqueued on MSC from system charstring : "{\"type\": \"HEARTBEAT\"}" id 13
2026/Jun/15 10:52:17.476251 PORTEVENT TC_26_8_1_2_1_1.ttcn3:111 Receive operation on port MSC succeeded, message from system(): charstring : "{\"type\": \"HEARTBEAT\"}" id 13
2026/Jun/15 10:52:17.476270 PORTEVENT TC_26_8_1_2_1_1.ttcn3:111 Message with id 13 was extracted from the queue of MSC.
2026/Jun/15 10:52:18.042986 USER TC_26_8_1_2_1_1.ttcn3:110 L3_Port: Received 17 bytes
2026/Jun/15 10:52:18.043050 USER TC_26_8_1_2_1_1.ttcn3:110 L3_Port: RAW GSMTAP hdr->arfcn=0x4033 RxArfcn=0x4033 Uplink=1 Chan=3 Len=1
2026/Jun/15 10:52:18.043064 USER TC_26_8_1_2_1_1.ttcn3:110 L3_Port: RX: 07 
2026/Jun/15 10:52:18.043079 PORTEVENT TC_26_8_1_2_1_1.ttcn3:110 Message enqueued on L from system octetstring : '07000041D7'O id 16
2026/Jun/15 10:52:18.043093 USER TC_26_8_1_2_1_1.ttcn3:110 L3_Port: Message delivered to TTCN-3
2026/Jun/15 10:52:18.135360 USER TC_26_8_1_2_1_1.ttcn3:110 L3_Port: Received 39 bytes
2026/Jun/15 10:52:18.135448 USER TC_26_8_1_2_1_1.ttcn3:110 L3_Port: RAW GSMTAP hdr->arfcn=0x4033 RxArfcn=0x4033 Uplink=1 Chan=135 Len=23
2026/Jun/15 10:52:18.135473 USER TC_26_8_1_2_1_1.ttcn3:110 L3_Port: RX: 0E 00 01 03 49 06 15 80 40 00 00 00 00 00 00 00 00 00 00 00 00 00 00 
2026/Jun/15 10:52:18.135501 PORTEVENT TC_26_8_1_2_1_1.ttcn3:110 Message enqueued on L from system octetstring : '0E00010349061580400000000000000000000000000000'O id 17
2026/Jun/15 10:52:18.135553 USER TC_26_8_1_2_1_1.ttcn3:110 L3_Port: Message delivered to TTCN-3
2026/Jun/15 10:52:18.277806 USER TC_26_8_1_2_1_1.ttcn3:110 L3_Port: Received 39 bytes
2026/Jun/15 10:52:18.277878 USER TC_26_8_1_2_1_1.ttcn3:110 L3_Port: RAW GSMTAP hdr->arfcn=0x4033 RxArfcn=0x4033 Uplink=1 Chan=7 Len=23
2026/Jun/15 10:52:18.277887 USER TC_26_8_1_2_1_1.ttcn3:110 L3_Port: RX: 01 3F 49 05 08 70 09 F1 07 00 00 33 08 99 10 07 00 00 00 00 10 2B 2B 
2026/Jun/15 10:52:18.277901 PORTEVENT TC_26_8_1_2_1_1.ttcn3:110 Message enqueued on L from system octetstring : '013F4905087009F1070000330899100700000000102B2B'O id 18
2026/Jun/15 10:52:18.277914 USER TC_26_8_1_2_1_1.ttcn3:110 L3_Port: Message delivered to TTCN-3
2026/Jun/15 10:52:18.278864 USER TC_26_8_1_2_1_1.ttcn3:110 MSC_Port: RX: {"type": "EVENT_LU_REQUEST", "bsc_slr": 2, "msc_slr": 2, "cksn": 7, "lu_type": 0, "old_mcc": "901", "old_mnc": "70", "old_lac": 0, "mi_type": "imsi"}
2026/Jun/15 10:52:18.278900 PORTEVENT TC_26_8_1_2_1_1.ttcn3:110 Message enqueued on MSC from system charstring : "{\"type\": \"EVENT_LU_REQUEST\", \"bsc_slr\": 2, \"msc_slr\": 2, \"cksn\": 7, \"lu_type\": 0, \"old_mcc\": \"901\", \"old_mnc\": \"70\", \"old_lac\": 0, \"mi_type\": \"imsi\"}" id 14
2026/Jun/15 10:52:18.278919 PORTEVENT TC_26_8_1_2_1_1.ttcn3:111 Receive operation on port MSC succeeded, message from system(): charstring : "{\"type\": \"EVENT_LU_REQUEST\", \"bsc_slr\": 2, \"msc_slr\": 2, \"cksn\": 7, \"lu_type\": 0, \"old_mcc\": \"901\", \"old_mnc\": \"70\", \"old_lac\": 0, \"mi_type\": \"imsi\"}" id 14
2026/Jun/15 10:52:18.278929 PORTEVENT TC_26_8_1_2_1_1.ttcn3:111 Message with id 14 was extracted from the queue of MSC.
2026/Jun/15 10:52:18.279074 USER GSM_Functions.ttcn3:365 f_extractJsonInt: Searching for key '"bsc_slr"' in JSON: "{\"type\": \"EVENT_LU_REQUEST\", \"bsc_slr\": 2, \"msc_slr\": 2, \"cksn\": 7, \"lu_type\": 0, \"old_mcc\": \"901\", \"old_mnc\": \"70\", \"old_lac\": 0, \"mi_type\": \"imsi\"}"
2026/Jun/15 10:52:18.279156 USER GSM_Functions.ttcn3:372 f_extractJsonInt: Found key at position 29 (pattern: "\"bsc_slr\":")
2026/Jun/15 10:52:18.279217 USER GSM_Functions.ttcn3:422 f_extractJsonInt: Extracted number string '"2"' => integer 2
2026/Jun/15 10:52:18.279228 USER TC_26_8_1_2_1_1.ttcn3:114 TC_26_8_1_2_1_1: LU REQUEST bsc_slr=2
2026/Jun/15 10:52:18.279244 TIMEROP TC_26_8_1_2_1_1.ttcn3:116 Stop timer T_lu_wait: 45 s
2026/Jun/15 10:52:18.279260 USER TC_26_8_1_2_1_1.ttcn3:134 TC_26_8_1_2_1_1: Sending LU ACCEPT (lac=4242, tmsi=305419896)
2026/Jun/15 10:52:18.279278 PORTEVENT TC_26_8_1_2_1_1.ttcn3:135 Sent on MSC to system charstring : "{\"command\": \"CMD_SEND_LU_ACCEPT_CUSTOM\", \"params\": {\"bsc_slr\": 2, \"mcc\": \"901\", \"mnc\": \"70\", \"lac\": 4242, \"tmsi\": 305419896}}"
2026/Jun/15 10:52:18.279319 USER TC_26_8_1_2_1_1.ttcn3:135 MSC_Port: TX: {"command": "CMD_SEND_LU_ACCEPT_CUSTOM", "params": {"bsc_slr": 2, "mcc": "901", "mnc": "70", "lac": 4242, "tmsi": 305419896}}
2026/Jun/15 10:52:18.279326 TIMEROP TC_26_8_1_2_1_1.ttcn3:142 Start timer T_tmsi: 10 s
2026/Jun/15 10:52:18.780231 USER TC_26_8_1_2_1_1.ttcn3:143 MSC_Port: RX: {"status": "ok", "sent": true}
2026/Jun/15 10:52:18.780293 PORTEVENT TC_26_8_1_2_1_1.ttcn3:143 Message enqueued on MSC from system charstring : "{\"status\": \"ok\", \"sent\": true}" id 15
2026/Jun/15 10:52:18.780316 PORTEVENT TC_26_8_1_2_1_1.ttcn3:144 Receive operation on port MSC succeeded, message from system(): charstring : "{\"status\": \"ok\", \"sent\": true}" id 15
2026/Jun/15 10:52:18.780325 PORTEVENT TC_26_8_1_2_1_1.ttcn3:144 Message with id 15 was extracted from the queue of MSC.
2026/Jun/15 10:52:18.780410 USER TC_26_8_1_2_1_1.ttcn3:152 TC_26_8_1_2_1_1: (TMSI wait) ignoring: "{\"status\": \"ok\", \"sent\": true}"
2026/Jun/15 10:52:18.932758 USER TC_26_8_1_2_1_1.ttcn3:143 L3_Port: Received 39 bytes
2026/Jun/15 10:52:18.932812 USER TC_26_8_1_2_1_1.ttcn3:143 L3_Port: RAW GSMTAP hdr->arfcn=0x4033 RxArfcn=0x4033 Uplink=1 Chan=7 Len=23
2026/Jun/15 10:52:18.932832 USER TC_26_8_1_2_1_1.ttcn3:143 L3_Port: RX: 03 21 01 2B 2B 2B 2B 2B 2B 2B 2B 2B 2B 2B 2B 2B 2B 2B 2B 2B 2B 2B 2B 
2026/Jun/15 10:52:18.932856 PORTEVENT TC_26_8_1_2_1_1.ttcn3:143 Message enqueued on L from system octetstring : '0321012B2B2B2B2B2B2B2B2B2B2B2B2B2B2B2B2B2B2B2B'O id 19
2026/Jun/15 10:52:18.932869 USER TC_26_8_1_2_1_1.ttcn3:143 L3_Port: Message delivered to TTCN-3
2026/Jun/15 10:52:18.932882 USER TC_26_8_1_2_1_1.ttcn3:143 L3_Port: Received 39 bytes
2026/Jun/15 10:52:18.932887 USER TC_26_8_1_2_1_1.ttcn3:143 L3_Port: RAW GSMTAP hdr->arfcn=0x4033 RxArfcn=0x4033 Uplink=1 Chan=7 Len=23
2026/Jun/15 10:52:18.932893 USER TC_26_8_1_2_1_1.ttcn3:143 L3_Port: RX: 01 20 09 05 5B 2B 2B 2B 2B 2B 2B 2B 2B 2B 2B 2B 2B 2B 2B 2B 2B 2B 2B 
2026/Jun/15 10:52:18.932898 PORTEVENT TC_26_8_1_2_1_1.ttcn3:143 Message enqueued on L from system octetstring : '012009055B2B2B2B2B2B2B2B2B2B2B2B2B2B2B2B2B2B2B'O id 20
2026/Jun/15 10:52:18.932902 USER TC_26_8_1_2_1_1.ttcn3:143 L3_Port: Message delivered to TTCN-3
2026/Jun/15 10:52:18.933818 USER TC_26_8_1_2_1_1.ttcn3:143 MSC_Port: RX: {"type": "EVENT_DTAP", "bsc_slr": 2, "pd": 5, "msg_type": 27}
2026/Jun/15 10:52:18.933836 PORTEVENT TC_26_8_1_2_1_1.ttcn3:143 Message enqueued on MSC from system charstring : "{\"type\": \"EVENT_DTAP\", \"bsc_slr\": 2, \"pd\": 5, \"msg_type\": 27}" id 16
2026/Jun/15 10:52:18.933848 PORTEVENT TC_26_8_1_2_1_1.ttcn3:144 Receive operation on port MSC succeeded, message from system(): charstring : "{\"type\": \"EVENT_DTAP\", \"bsc_slr\": 2, \"pd\": 5, \"msg_type\": 27}" id 16
2026/Jun/15 10:52:18.933855 PORTEVENT TC_26_8_1_2_1_1.ttcn3:144 Message with id 16 was extracted from the queue of MSC.
2026/Jun/15 10:52:18.933943 USER TC_26_8_1_2_1_1.ttcn3:152 TC_26_8_1_2_1_1: (TMSI wait) ignoring: "{\"type\": \"EVENT_DTAP\", \"bsc_slr\": 2, \"pd\": 5, \"msg_type\": 27}"
2026/Jun/15 10:52:18.933961 USER TC_26_8_1_2_1_1.ttcn3:143 MSC_Port: RX: {"type": "EVENT_TMSI_REALLOC_COMPLETE", "bsc_slr": 2}
2026/Jun/15 10:52:18.933969 PORTEVENT TC_26_8_1_2_1_1.ttcn3:143 Message enqueued on MSC from system charstring : "{\"type\": \"EVENT_TMSI_REALLOC_COMPLETE\", \"bsc_slr\": 2}" id 17
2026/Jun/15 10:52:18.933976 PORTEVENT TC_26_8_1_2_1_1.ttcn3:144 Receive operation on port MSC succeeded, message from system(): charstring : "{\"type\": \"EVENT_TMSI_REALLOC_COMPLETE\", \"bsc_slr\": 2}" id 17
2026/Jun/15 10:52:18.933980 PORTEVENT TC_26_8_1_2_1_1.ttcn3:144 Message with id 17 was extracted from the queue of MSC.
2026/Jun/15 10:52:18.934117 USER TC_26_8_1_2_1_1.ttcn3:147 TC_26_8_1_2_1_1: TMSI REALLOC COMPLETE
2026/Jun/15 10:52:18.934125 TIMEROP TC_26_8_1_2_1_1.ttcn3:148 Stop timer T_tmsi: 10 s
2026/Jun/15 10:52:18.934141 PORTEVENT TC_26_8_1_2_1_1.ttcn3:162 Sent on MSC to system charstring : "{\"command\": \"CMD_SEND_CLEAR_CMD\", \"params\": {\"bsc_slr\": 2, \"cause\": 0}}"
2026/Jun/15 10:52:18.934179 USER TC_26_8_1_2_1_1.ttcn3:162 MSC_Port: TX: {"command": "CMD_SEND_CLEAR_CMD", "params": {"bsc_slr": 2, "cause": 0}}
2026/Jun/15 10:52:18.934187 TIMEROP TC_26_8_1_2_1_1.ttcn3:167 Start timer T_lu_settle: 25 s
2026/Jun/15 10:52:18.934662 USER TC_26_8_1_2_1_1.ttcn3:168 MSC_Port: RX: {"status": "ok"}
2026/Jun/15 10:52:18.934670 PORTEVENT TC_26_8_1_2_1_1.ttcn3:168 Message enqueued on MSC from system charstring : "{\"status\": \"ok\"}" id 18
2026/Jun/15 10:52:18.934676 PORTEVENT TC_26_8_1_2_1_1.ttcn3:169 Receive operation on port MSC succeeded, message from system(): charstring : "{\"status\": \"ok\"}" id 18
2026/Jun/15 10:52:18.934680 PORTEVENT TC_26_8_1_2_1_1.ttcn3:169 Message with id 18 was extracted from the queue of MSC.
2026/Jun/15 10:52:18.934698 USER TC_26_8_1_2_1_1.ttcn3:173 TC_26_8_1_2_1_1: (post-LU settle) "{\"status\": \"ok\"}"
2026/Jun/15 10:52:18.974988 USER TC_26_8_1_2_1_1.ttcn3:168 MSC_Port: RX: {"type": "EVENT_BSSMAP_CLEAR_COMPLETE", "bsc_slr": 2}
2026/Jun/15 10:52:18.975071 PORTEVENT TC_26_8_1_2_1_1.ttcn3:168 Message enqueued on MSC from system charstring : "{\"type\": \"EVENT_BSSMAP_CLEAR_COMPLETE\", \"bsc_slr\": 2}" id 19
2026/Jun/15 10:52:18.975102 PORTEVENT TC_26_8_1_2_1_1.ttcn3:169 Receive operation on port MSC succeeded, message from system(): charstring : "{\"type\": \"EVENT_BSSMAP_CLEAR_COMPLETE\", \"bsc_slr\": 2}" id 19
2026/Jun/15 10:52:18.975125 PORTEVENT TC_26_8_1_2_1_1.ttcn3:169 Message with id 19 was extracted from the queue of MSC.
2026/Jun/15 10:52:18.975182 USER TC_26_8_1_2_1_1.ttcn3:173 TC_26_8_1_2_1_1: (post-LU settle) "{\"type\": \"EVENT_BSSMAP_CLEAR_COMPLETE\", \"bsc_slr\": 2}"
2026/Jun/15 10:52:19.219202 USER TC_26_8_1_2_1_1.ttcn3:168 L3_Port: Received 39 bytes
2026/Jun/15 10:52:19.219279 USER TC_26_8_1_2_1_1.ttcn3:168 L3_Port: RAW GSMTAP hdr->arfcn=0x4033 RxArfcn=0x4033 Uplink=1 Chan=135 Len=23
2026/Jun/15 10:52:19.219301 USER TC_26_8_1_2_1_1.ttcn3:168 L3_Port: RX: 0E 00 01 03 49 06 15 BF 3F 00 00 00 00 00 00 00 00 00 00 00 00 00 00 
2026/Jun/15 10:52:19.219327 PORTEVENT TC_26_8_1_2_1_1.ttcn3:168 Message enqueued on L from system octetstring : '0E000103490615BF3F0000000000000000000000000000'O id 21
2026/Jun/15 10:52:19.219350 USER TC_26_8_1_2_1_1.ttcn3:168 L3_Port: Message delivered to TTCN-3
2026/Jun/15 10:52:19.454428 USER TC_26_8_1_2_1_1.ttcn3:168 L3_Port: Received 39 bytes
2026/Jun/15 10:52:19.463958 USER TC_26_8_1_2_1_1.ttcn3:168 L3_Port: RAW GSMTAP hdr->arfcn=0x4033 RxArfcn=0x4033 Uplink=1 Chan=7 Len=23
2026/Jun/15 10:52:19.463991 USER TC_26_8_1_2_1_1.ttcn3:168 L3_Port: RX: 03 41 01 2B 2B 2B 2B 2B 2B 2B 2B 2B 2B 2B 2B 2B 2B 2B 2B 2B 2B 2B 2B 
2026/Jun/15 10:52:19.464017 PORTEVENT TC_26_8_1_2_1_1.ttcn3:168 Message enqueued on L from system octetstring : '0341012B2B2B2B2B2B2B2B2B2B2B2B2B2B2B2B2B2B2B2B'O id 22
2026/Jun/15 10:52:19.464041 USER TC_26_8_1_2_1_1.ttcn3:168 L3_Port: Message delivered to TTCN-3
2026/Jun/15 10:52:19.464076 USER TC_26_8_1_2_1_1.ttcn3:168 L3_Port: Received 39 bytes
2026/Jun/15 10:52:19.464091 USER TC_26_8_1_2_1_1.ttcn3:168 L3_Port: RAW GSMTAP hdr->arfcn=0x4033 RxArfcn=0x4033 Uplink=1 Chan=7 Len=23
2026/Jun/15 10:52:19.464108 USER TC_26_8_1_2_1_1.ttcn3:168 L3_Port: RX: 01 53 01 2B 2B 2B 2B 2B 2B 2B 2B 2B 2B 2B 2B 2B 2B 2B 2B 2B 2B 2B 2B 
2026/Jun/15 10:52:19.464123 PORTEVENT TC_26_8_1_2_1_1.ttcn3:168 Message enqueued on L from system octetstring : '0153012B2B2B2B2B2B2B2B2B2B2B2B2B2B2B2B2B2B2B2B'O id 23
2026/Jun/15 10:52:19.464136 USER TC_26_8_1_2_1_1.ttcn3:168 L3_Port: Message delivered to TTCN-3
2026/Jun/15 10:52:19.547632 USER TC_26_8_1_2_1_1.ttcn3:168 VTY_PT: Received data (buffered): 61 bytes
2026/Jun/15 10:52:22.938026 USER TC_26_8_1_2_1_1.ttcn3:168 MSC_Port: RX: {"type": "HEARTBEAT"}
2026/Jun/15 10:52:22.938102 PORTEVENT TC_26_8_1_2_1_1.ttcn3:168 Message enqueued on MSC from system charstring : "{\"type\": \"HEARTBEAT\"}" id 20
2026/Jun/15 10:52:22.938131 PORTEVENT TC_26_8_1_2_1_1.ttcn3:169 Receive operation on port MSC succeeded, message from system(): charstring : "{\"type\": \"HEARTBEAT\"}" id 20
2026/Jun/15 10:52:22.938142 PORTEVENT TC_26_8_1_2_1_1.ttcn3:169 Message with id 20 was extracted from the queue of MSC.
2026/Jun/15 10:52:27.943098 USER TC_26_8_1_2_1_1.ttcn3:168 MSC_Port: RX: {"type": "HEARTBEAT"}
2026/Jun/15 10:52:27.943203 PORTEVENT TC_26_8_1_2_1_1.ttcn3:168 Message enqueued on MSC from system charstring : "{\"type\": \"HEARTBEAT\"}" id 21
2026/Jun/15 10:52:27.943246 PORTEVENT TC_26_8_1_2_1_1.ttcn3:169 Receive operation on port MSC succeeded, message from system(): charstring : "{\"type\": \"HEARTBEAT\"}" id 21
2026/Jun/15 10:52:27.943265 PORTEVENT TC_26_8_1_2_1_1.ttcn3:169 Message with id 21 was extracted from the queue of MSC.
2026/Jun/15 10:52:32.948006 USER TC_26_8_1_2_1_1.ttcn3:168 MSC_Port: RX: {"type": "HEARTBEAT"}
2026/Jun/15 10:52:32.948087 PORTEVENT TC_26_8_1_2_1_1.ttcn3:168 Message enqueued on MSC from system charstring : "{\"type\": \"HEARTBEAT\"}" id 22
2026/Jun/15 10:52:32.948114 PORTEVENT TC_26_8_1_2_1_1.ttcn3:169 Receive operation on port MSC succeeded, message from system(): charstring : "{\"type\": \"HEARTBEAT\"}" id 22
2026/Jun/15 10:52:32.948125 PORTEVENT TC_26_8_1_2_1_1.ttcn3:169 Message with id 22 was extracted from the queue of MSC.
2026/Jun/15 10:52:37.953090 USER TC_26_8_1_2_1_1.ttcn3:168 MSC_Port: RX: {"type": "HEARTBEAT"}
2026/Jun/15 10:52:37.953169 PORTEVENT TC_26_8_1_2_1_1.ttcn3:168 Message enqueued on MSC from system charstring : "{\"type\": \"HEARTBEAT\"}" id 23
2026/Jun/15 10:52:37.953210 PORTEVENT TC_26_8_1_2_1_1.ttcn3:169 Receive operation on port MSC succeeded, message from system(): charstring : "{\"type\": \"HEARTBEAT\"}" id 23
2026/Jun/15 10:52:37.953222 PORTEVENT TC_26_8_1_2_1_1.ttcn3:169 Message with id 23 was extracted from the queue of MSC.
2026/Jun/15 10:52:42.958103 USER TC_26_8_1_2_1_1.ttcn3:168 MSC_Port: RX: {"type": "HEARTBEAT"}
2026/Jun/15 10:52:42.958213 PORTEVENT TC_26_8_1_2_1_1.ttcn3:168 Message enqueued on MSC from system charstring : "{\"type\": \"HEARTBEAT\"}" id 24
2026/Jun/15 10:52:42.958254 PORTEVENT TC_26_8_1_2_1_1.ttcn3:169 Receive operation on port MSC succeeded, message from system(): charstring : "{\"type\": \"HEARTBEAT\"}" id 24
2026/Jun/15 10:52:42.958273 PORTEVENT TC_26_8_1_2_1_1.ttcn3:169 Message with id 24 was extracted from the queue of MSC.
2026/Jun/15 10:52:43.934209 TIMEROP TC_26_8_1_2_1_1.ttcn3:177 Timeout T_lu_settle: 25 s
2026/Jun/15 10:52:43.934299 USER TC_26_8_1_2_1_1.ttcn3:178 TC_26_8_1_2_1_1: MS now in idle-updated state
2026/Jun/15 10:52:43.934338 USER TC_26_8_1_2_1_1.ttcn3:187 "*** Phase 2: [4] +InitCall " & char(0, 0, 32, 20) & " triggering MO call via VTY ***"
2026/Jun/15 10:52:43.934415 USER GSM_Component_Definitions.ttcn3:455 VTY: Sending command: "enable"
2026/Jun/15 10:52:43.934455 PORTEVENT GSM_Component_Definitions.ttcn3:456 Sent on VTY to system charstring : "enable"
2026/Jun/15 10:52:43.934503 USER GSM_Component_Definitions.ttcn3:456 VTY_PT: Sending command: "enable"
2026/Jun/15 10:52:44.134775 USER GSM_Component_Definitions.ttcn3:456 VTY_PT: Received response: 
% (MS 1)
% Power off!

% (MS 1)
% Trying to register with network International, 70...

% (MS 1)
% Trying to register with network International, 70...

% (MS 1)
% On Network, normal service: International, 70
enable
OsmocomBB(mobile)# 
OsmocomBB(mobile)# 
2026/Jun/15 10:52:44.153874 PORTEVENT GSM_Component_Definitions.ttcn3:456 Message enqueued on VTY from system charstring : "\r\n% (MS 1)\r\n% Power off!\r\n\r\n% (MS 1)\r\n% Trying to register with network International, 70...\r\n\r\n% (MS 1)\r\n% Trying to register with network International, 70...\r\n\r\n% (MS 1)\r\n% On Network, normal service: International, 70\r\nenable\r\nOsmocomBB(mobile)# \r\nOsmocomBB(mobile)# " id 1
2026/Jun/15 10:52:44.153946 TIMEROP GSM_Component_Definitions.ttcn3:459 Start timer T_vty: 5 s
2026/Jun/15 10:52:44.154014 PORTEVENT GSM_Component_Definitions.ttcn3:462 Receive operation on port VTY succeeded, message from system(): charstring : "\r\n% (MS 1)\r\n% Power off!\r\n\r\n% (MS 1)\r\n% Trying to register with network International, 70...\r\n\r\n% (MS 1)\r\n% Trying to register with network International, 70...\r\n\r\n% (MS 1)\r\n% On Network, normal service: International, 70\r\nenable\r\nOsmocomBB(mobile)# \r\nOsmocomBB(mobile)# " id 1
2026/Jun/15 10:52:44.154039 PORTEVENT GSM_Component_Definitions.ttcn3:462 Message with id 1 was extracted from the queue of VTY.
2026/Jun/15 10:52:44.154058 TIMEROP GSM_Component_Definitions.ttcn3:463 Stop timer T_vty: 5 s
2026/Jun/15 10:52:44.154071 USER GSM_Component_Definitions.ttcn3:464 VTY: Received response: "\r\n% (MS 1)\r\n% Power off!\r\n\r\n% (MS 1)\r\n% Trying to register with network International, 70...\r\n\r\n% (MS 1)\r\n% Trying to register with network International, 70...\r\n\r\n% (MS 1)\r\n% On Network, normal service: International, 70\r\nenable\r\nOsmocomBB(mobile)# \r\nOsmocomBB(mobile)# "
2026/Jun/15 10:52:44.154128 USER TC_26_8_1_2_1_1.ttcn3:191 TC_26_8_1_2_1_1: VTY enable(1): "\r\n% (MS 1)\r\n% Power off!\r\n\r\n% (MS 1)\r\n% Trying to register with network International, 70...\r\n\r\n% (MS 1)\r\n% Trying to register with network International, 70...\r\n\r\n% (MS 1)\r\n% On Network, normal service: International, 70\r\nenable\r\nOsmocomBB(mobile)# \r\nOsmocomBB(mobile)# "
2026/Jun/15 10:52:44.154169 USER GSM_Component_Definitions.ttcn3:455 VTY: Sending command: "enable"
2026/Jun/15 10:52:44.154192 PORTEVENT GSM_Component_Definitions.ttcn3:456 Sent on VTY to system charstring : "enable"
2026/Jun/15 10:52:44.154227 USER GSM_Component_Definitions.ttcn3:456 VTY_PT: Sending command: "enable"
2026/Jun/15 10:52:44.354455 USER GSM_Component_Definitions.ttcn3:456 VTY_PT: Received response: enable
% Unknown command.
OsmocomBB(mobile)# 
OsmocomBB(mobile)# 
2026/Jun/15 10:52:44.354571 PORTEVENT GSM_Component_Definitions.ttcn3:456 Message enqueued on VTY from system charstring : "enable\r\n% Unknown command.\r\nOsmocomBB(mobile)# \r\nOsmocomBB(mobile)# " id 2
2026/Jun/15 10:52:44.354601 TIMEROP GSM_Component_Definitions.ttcn3:459 Start timer T_vty: 5 s
2026/Jun/15 10:52:44.354636 PORTEVENT GSM_Component_Definitions.ttcn3:462 Receive operation on port VTY succeeded, message from system(): charstring : "enable\r\n% Unknown command.\r\nOsmocomBB(mobile)# \r\nOsmocomBB(mobile)# " id 2
2026/Jun/15 10:52:44.354652 PORTEVENT GSM_Component_Definitions.ttcn3:462 Message with id 2 was extracted from the queue of VTY.
2026/Jun/15 10:52:44.354664 TIMEROP GSM_Component_Definitions.ttcn3:463 Stop timer T_vty: 5 s
2026/Jun/15 10:52:44.354674 USER GSM_Component_Definitions.ttcn3:464 VTY: Received response: "enable\r\n% Unknown command.\r\nOsmocomBB(mobile)# \r\nOsmocomBB(mobile)# "
2026/Jun/15 10:52:44.354701 USER TC_26_8_1_2_1_1.ttcn3:193 TC_26_8_1_2_1_1: VTY enable(2): "enable\r\n% Unknown command.\r\nOsmocomBB(mobile)# \r\nOsmocomBB(mobile)# "
2026/Jun/15 10:52:44.354723 USER GSM_Component_Definitions.ttcn3:455 VTY: Sending command: "call 1 12345"
2026/Jun/15 10:52:44.354742 PORTEVENT GSM_Component_Definitions.ttcn3:456 Sent on VTY to system charstring : "call 1 12345"
2026/Jun/15 10:52:44.354757 USER GSM_Component_Definitions.ttcn3:456 VTY_PT: Sending command: "call 1 12345"
2026/Jun/15 10:52:44.555002 USER GSM_Component_Definitions.ttcn3:456 VTY_PT: Received response: call 1 12345
OsmocomBB(mobile)# 
OsmocomBB(mobile)# 
2026/Jun/15 10:52:44.555116 PORTEVENT GSM_Component_Definitions.ttcn3:456 Message enqueued on VTY from system charstring : "call 1 12345\r\nOsmocomBB(mobile)# \r\nOsmocomBB(mobile)# " id 3
2026/Jun/15 10:52:44.555147 TIMEROP GSM_Component_Definitions.ttcn3:459 Start timer T_vty: 5 s
2026/Jun/15 10:52:44.555180 PORTEVENT GSM_Component_Definitions.ttcn3:462 Receive operation on port VTY succeeded, message from system(): charstring : "call 1 12345\r\nOsmocomBB(mobile)# \r\nOsmocomBB(mobile)# " id 3
2026/Jun/15 10:52:44.555195 PORTEVENT GSM_Component_Definitions.ttcn3:462 Message with id 3 was extracted from the queue of VTY.
2026/Jun/15 10:52:44.555207 TIMEROP GSM_Component_Definitions.ttcn3:463 Stop timer T_vty: 5 s
2026/Jun/15 10:52:44.555218 USER GSM_Component_Definitions.ttcn3:464 VTY: Received response: "call 1 12345\r\nOsmocomBB(mobile)# \r\nOsmocomBB(mobile)# "
2026/Jun/15 10:52:44.555242 USER TC_26_8_1_2_1_1.ttcn3:195 TC_26_8_1_2_1_1: VTY call command: "call 1 12345\r\nOsmocomBB(mobile)# \r\nOsmocomBB(mobile)# "
2026/Jun/15 10:52:44.555263 USER TC_26_8_1_2_1_1.ttcn3:213 *** Phase 3: [8] Waiting for CM SERVICE REQUEST (CMSerReq_04) ***
2026/Jun/15 10:52:44.555276 TIMEROP TC_26_8_1_2_1_1.ttcn3:215 Start timer T_cm: 30 s
2026/Jun/15 10:52:44.639106 USER TC_26_8_1_2_1_1.ttcn3:216 L3_Port: Received 17 bytes
2026/Jun/15 10:52:44.639194 USER TC_26_8_1_2_1_1.ttcn3:216 L3_Port: RAW GSMTAP hdr->arfcn=0x4033 RxArfcn=0x4033 Uplink=1 Chan=3 Len=1
2026/Jun/15 10:52:44.639212 USER TC_26_8_1_2_1_1.ttcn3:216 L3_Port: RX: FE 
2026/Jun/15 10:52:44.639234 PORTEVENT TC_26_8_1_2_1_1.ttcn3:216 Message enqueued on L from system octetstring : 'FE00005853'O id 24
2026/Jun/15 10:52:44.639256 USER TC_26_8_1_2_1_1.ttcn3:216 L3_Port: Message delivered to TTCN-3
2026/Jun/15 10:52:44.823907 USER TC_26_8_1_2_1_1.ttcn3:216 L3_Port: Received 39 bytes
2026/Jun/15 10:52:44.823991 USER TC_26_8_1_2_1_1.ttcn3:216 L3_Port: RAW GSMTAP hdr->arfcn=0x4033 RxArfcn=0x4033 Uplink=1 Chan=7 Len=23
2026/Jun/15 10:52:44.824013 USER TC_26_8_1_2_1_1.ttcn3:216 L3_Port: RX: 01 3F 35 05 24 71 03 33 1F 01 05 F4 12 34 56 78 2B 2B 2B 2B 2B 2B 2B 
2026/Jun/15 10:52:44.824038 PORTEVENT TC_26_8_1_2_1_1.ttcn3:216 Message enqueued on L from system octetstring : '013F3505247103331F0105F4123456782B2B2B2B2B2B2B'O id 25
2026/Jun/15 10:52:44.824077 USER TC_26_8_1_2_1_1.ttcn3:216 L3_Port: Message delivered to TTCN-3
2026/Jun/15 10:52:44.825779 USER TC_26_8_1_2_1_1.ttcn3:216 MSC_Port: RX: {"type": "EVENT_CM_SERVICE_REQUEST", "bsc_slr": 3, "cm_service_type": 1, "cm_service_type_name": "MO call / Packet"}
2026/Jun/15 10:52:44.825818 PORTEVENT TC_26_8_1_2_1_1.ttcn3:216 Message enqueued on MSC from system charstring : "{\"type\": \"EVENT_CM_SERVICE_REQUEST\", \"bsc_slr\": 3, \"cm_service_type\": 1, \"cm_service_type_name\": \"MO call / Packet\"}" id 25
2026/Jun/15 10:52:44.825872 PORTEVENT TC_26_8_1_2_1_1.ttcn3:217 Receive operation on port MSC succeeded, message from system(): charstring : "{\"type\": \"EVENT_CM_SERVICE_REQUEST\", \"bsc_slr\": 3, \"cm_service_type\": 1, \"cm_service_type_name\": \"MO call / Packet\"}" id 25
2026/Jun/15 10:52:44.825891 PORTEVENT TC_26_8_1_2_1_1.ttcn3:217 Message with id 25 was extracted from the queue of MSC.
2026/Jun/15 10:52:44.826118 USER GSM_Functions.ttcn3:365 f_extractJsonInt: Searching for key '"bsc_slr"' in JSON: "{\"type\": \"EVENT_CM_SERVICE_REQUEST\", \"bsc_slr\": 3, \"cm_service_type\": 1, \"cm_service_type_name\": \"MO call / Packet\"}"
2026/Jun/15 10:52:44.826179 USER GSM_Functions.ttcn3:372 f_extractJsonInt: Found key at position 37 (pattern: "\"bsc_slr\":")
2026/Jun/15 10:52:44.826212 USER GSM_Functions.ttcn3:422 f_extractJsonInt: Extracted number string '"3"' => integer 3
2026/Jun/15 10:52:44.826231 USER GSM_Functions.ttcn3:365 f_extractJsonInt: Searching for key '"cm_service_type"' in JSON: "{\"type\": \"EVENT_CM_SERVICE_REQUEST\", \"bsc_slr\": 3, \"cm_service_type\": 1, \"cm_service_type_name\": \"MO call / Packet\"}"
2026/Jun/15 10:52:44.826275 USER GSM_Functions.ttcn3:372 f_extractJsonInt: Found key at position 51 (pattern: "\"cm_service_type\":")
2026/Jun/15 10:52:44.826298 USER GSM_Functions.ttcn3:422 f_extractJsonInt: Extracted number string '"1"' => integer 1
2026/Jun/15 10:52:44.826314 USER TC_26_8_1_2_1_1.ttcn3:226 TC_26_8_1_2_1_1: CM SERVICE REQUEST received, bsc_slr=3 cm_service_type=1
2026/Jun/15 10:52:44.826362 USER TC_26_8_1_2_1_1.ttcn3:229 "TC_26_8_1_2_1_1: [8] PASS " & char(0, 0, 32, 20) & " CM SERVICE REQUEST with service type 1"" (MO call establishment, CMServiceReq_04, GSM 04.08 " & char(0, 0, 0, 167) & "10.5.3.3)"
2026/Jun/15 10:52:44.826400 TIMEROP TC_26_8_1_2_1_1.ttcn3:238 Stop timer T_cm: 30 s
2026/Jun/15 10:52:44.826420 USER TC_26_8_1_2_1_1.ttcn3:255 "*** Phase 4: [10] +PostMainLinkRel " & char(0, 0, 32, 20) & " releasing connection ***"
2026/Jun/15 10:52:44.826454 PORTEVENT TC_26_8_1_2_1_1.ttcn3:256 Sent on MSC to system charstring : "{\"command\": \"CMD_SEND_CLEAR_CMD\", \"params\": {\"bsc_slr\": 3, \"cause\": 0}}"
2026/Jun/15 10:52:44.826528 USER TC_26_8_1_2_1_1.ttcn3:256 MSC_Port: TX: {"command": "CMD_SEND_CLEAR_CMD", "params": {"bsc_slr": 3, "cause": 0}}
2026/Jun/15 10:52:44.826555 PORTEVENT TC_26_8_1_2_1_1.ttcn3:258 Sent on MSC to system charstring : "{\"command\": \"CLEAR\", \"params\": {}}"
2026/Jun/15 10:52:44.826573 USER TC_26_8_1_2_1_1.ttcn3:258 MSC_Port: TX: {"command": "CLEAR", "params": {}}
2026/Jun/15 10:52:44.826587 TIMEROP TC_26_8_1_2_1_1.ttcn3:261 Start timer T_rel: 3 s
2026/Jun/15 10:52:44.827141 USER TC_26_8_1_2_1_1.ttcn3:262 MSC_Port: RX: {"status": "ok"}
2026/Jun/15 10:52:44.827167 PORTEVENT TC_26_8_1_2_1_1.ttcn3:262 Message enqueued on MSC from system charstring : "{\"status\": \"ok\"}" id 26
2026/Jun/15 10:52:44.827186 PORTEVENT TC_26_8_1_2_1_1.ttcn3:263 Receive operation on port MSC succeeded, message from system(): charstring : "{\"status\": \"ok\"}" id 26
2026/Jun/15 10:52:44.827199 PORTEVENT TC_26_8_1_2_1_1.ttcn3:263 Message with id 26 was extracted from the queue of MSC.
2026/Jun/15 10:52:44.827259 USER TC_26_8_1_2_1_1.ttcn3:267 TC_26_8_1_2_1_1: (release) "{\"status\": \"ok\"}"
2026/Jun/15 10:52:44.827642 USER TC_26_8_1_2_1_1.ttcn3:262 MSC_Port: RX: {"status": "ok"}
2026/Jun/15 10:52:44.827698 PORTEVENT TC_26_8_1_2_1_1.ttcn3:262 Message enqueued on MSC from system charstring : "{\"status\": \"ok\"}" id 27
2026/Jun/15 10:52:44.827739 PORTEVENT TC_26_8_1_2_1_1.ttcn3:263 Receive operation on port MSC succeeded, message from system(): charstring : "{\"status\": \"ok\"}" id 27
2026/Jun/15 10:52:44.827755 PORTEVENT TC_26_8_1_2_1_1.ttcn3:263 Message with id 27 was extracted from the queue of MSC.
2026/Jun/15 10:52:44.827818 USER TC_26_8_1_2_1_1.ttcn3:267 TC_26_8_1_2_1_1: (release) "{\"status\": \"ok\"}"
2026/Jun/15 10:52:44.966539 USER TC_26_8_1_2_1_1.ttcn3:262 L3_Port: Received 39 bytes
2026/Jun/15 10:52:44.966621 USER TC_26_8_1_2_1_1.ttcn3:262 L3_Port: RAW GSMTAP hdr->arfcn=0x4033 RxArfcn=0x4033 Uplink=1 Chan=135 Len=23
2026/Jun/15 10:52:44.966644 USER TC_26_8_1_2_1_1.ttcn3:262 L3_Port: RX: 0E 00 01 03 49 06 15 80 40 00 00 00 00 00 00 00 00 00 00 00 00 00 00 
2026/Jun/15 10:52:44.966669 PORTEVENT TC_26_8_1_2_1_1.ttcn3:262 Message enqueued on L from system octetstring : '0E00010349061580400000000000000000000000000000'O id 26
2026/Jun/15 10:52:44.966691 USER TC_26_8_1_2_1_1.ttcn3:262 L3_Port: Message delivered to TTCN-3
2026/Jun/15 10:52:45.031753 USER TC_26_8_1_2_1_1.ttcn3:262 MSC_Port: RX: {"type": "EVENT_BSSMAP_CLEAR_COMPLETE", "bsc_slr": 3}
2026/Jun/15 10:52:45.031861 PORTEVENT TC_26_8_1_2_1_1.ttcn3:262 Message enqueued on MSC from system charstring : "{\"type\": \"EVENT_BSSMAP_CLEAR_COMPLETE\", \"bsc_slr\": 3}" id 28
2026/Jun/15 10:52:45.031906 PORTEVENT TC_26_8_1_2_1_1.ttcn3:263 Receive operation on port MSC succeeded, message from system(): charstring : "{\"type\": \"EVENT_BSSMAP_CLEAR_COMPLETE\", \"bsc_slr\": 3}" id 28
2026/Jun/15 10:52:45.031923 PORTEVENT TC_26_8_1_2_1_1.ttcn3:263 Message with id 28 was extracted from the queue of MSC.
2026/Jun/15 10:52:45.031998 USER TC_26_8_1_2_1_1.ttcn3:267 TC_26_8_1_2_1_1: (release) "{\"type\": \"EVENT_BSSMAP_CLEAR_COMPLETE\", \"bsc_slr\": 3}"
2026/Jun/15 10:52:45.344782 USER TC_26_8_1_2_1_1.ttcn3:262 L3_Port: Received 39 bytes
2026/Jun/15 10:52:45.344883 USER TC_26_8_1_2_1_1.ttcn3:262 L3_Port: RAW GSMTAP hdr->arfcn=0x4033 RxArfcn=0x4033 Uplink=1 Chan=7 Len=23
2026/Jun/15 10:52:45.344907 USER TC_26_8_1_2_1_1.ttcn3:262 L3_Port: RX: 03 21 01 2B 2B 2B 2B 2B 2B 2B 2B 2B 2B 2B 2B 2B 2B 2B 2B 2B 2B 2B 2B 
2026/Jun/15 10:52:45.344931 PORTEVENT TC_26_8_1_2_1_1.ttcn3:262 Message enqueued on L from system octetstring : '0321012B2B2B2B2B2B2B2B2B2B2B2B2B2B2B2B2B2B2B2B'O id 27
2026/Jun/15 10:52:45.344954 USER TC_26_8_1_2_1_1.ttcn3:262 L3_Port: Message delivered to TTCN-3
2026/Jun/15 10:52:45.344982 USER TC_26_8_1_2_1_1.ttcn3:262 L3_Port: Received 39 bytes
2026/Jun/15 10:52:45.344997 USER TC_26_8_1_2_1_1.ttcn3:262 L3_Port: RAW GSMTAP hdr->arfcn=0x4033 RxArfcn=0x4033 Uplink=1 Chan=7 Len=23
2026/Jun/15 10:52:45.345017 USER TC_26_8_1_2_1_1.ttcn3:262 L3_Port: RX: 01 53 01 2B 2B 2B 2B 2B 2B 2B 2B 2B 2B 2B 2B 2B 2B 2B 2B 2B 2B 2B 2B 
2026/Jun/15 10:52:45.345032 PORTEVENT TC_26_8_1_2_1_1.ttcn3:262 Message enqueued on L from system octetstring : '0153012B2B2B2B2B2B2B2B2B2B2B2B2B2B2B2B2B2B2B2B'O id 28
2026/Jun/15 10:52:45.345044 USER TC_26_8_1_2_1_1.ttcn3:262 L3_Port: Message delivered to TTCN-3
2026/Jun/15 10:52:45.437012 USER TC_26_8_1_2_1_1.ttcn3:262 VTY_PT: Received data (buffered): 38 bytes
2026/Jun/15 10:52:47.463571 USER TC_26_8_1_2_1_1.ttcn3:262 VTY_PT: Received data (buffered): 61 bytes
2026/Jun/15 10:52:47.826617 TIMEROP TC_26_8_1_2_1_1.ttcn3:271 Timeout T_rel: 3 s
2026/Jun/15 10:52:47.826693 USER TC_26_8_1_2_1_1.ttcn3:277 ========== TEST SUMMARY ==========
2026/Jun/15 10:52:47.826728 USER TC_26_8_1_2_1_1.ttcn3:278 Total: 1 sub-tests
2026/Jun/15 10:52:47.826790 USER TC_26_8_1_2_1_1.ttcn3:283 "TC_26_8_1_2_1_1: PASS " & char(0, 0, 32, 20) & " CM SERVICE REQUEST received with service type="1 (MO call establishment, CMServiceReq_04)
2026/Jun/15 10:52:47.826860 USER TC_26_8_1_2_1_1.ttcn3:296 Total: 1 Passed: 1 Failed: 0
2026/Jun/15 10:52:47.826933 VERDICTOP TC_26_8_1_2_1_1.ttcn3:299 setverdict(pass): none -> pass
2026/Jun/15 10:52:47.827052 TIMEROP TC_26_8_1_2_1_1.ttcn3:305 Stop timer T_guard: 300 s
2026/Jun/15 10:52:47.827081 PARALLEL GSM_Component_Definitions.ttcn3:346 Unmapping port mtc:L from system:L.
2026/Jun/15 10:52:47.827199 USER GSM_Component_Definitions.ttcn3:346 L3_Port: Unmapping from L
2026/Jun/15 10:52:47.827257 PORTEVENT GSM_Component_Definitions.ttcn3:346 Port L was unmapped from system:L.
2026/Jun/15 10:52:47.827325 PARALLEL GSM_Component_Definitions.ttcn3:346 Unmap operation of mtc:L from system:L finished.
2026/Jun/15 10:52:47.827346 PARALLEL GSM_Component_Definitions.ttcn3:347 Unmapping port mtc:RR from system:RR.
2026/Jun/15 10:52:47.827395 PORTEVENT GSM_Component_Definitions.ttcn3:347 Port RR was unmapped from system:RR.
2026/Jun/15 10:52:47.827440 PARALLEL GSM_Component_Definitions.ttcn3:347 Unmap operation of mtc:RR from system:RR finished.
2026/Jun/15 10:52:47.827455 PARALLEL GSM_Component_Definitions.ttcn3:348 Unmapping port mtc:MM from system:MM.
2026/Jun/15 10:52:47.827500 PORTEVENT GSM_Component_Definitions.ttcn3:348 Port MM was unmapped from system:MM.
2026/Jun/15 10:52:47.827544 PARALLEL GSM_Component_Definitions.ttcn3:348 Unmap operation of mtc:MM from system:MM finished.
2026/Jun/15 10:52:47.827558 PARALLEL GSM_Component_Definitions.ttcn3:349 Unmapping port mtc:CC from system:CC.
2026/Jun/15 10:52:47.827602 PORTEVENT GSM_Component_Definitions.ttcn3:349 Port CC was unmapped from system:CC.
2026/Jun/15 10:52:47.827644 PARALLEL GSM_Component_Definitions.ttcn3:349 Unmap operation of mtc:CC from system:CC finished.
2026/Jun/15 10:52:47.827657 PARALLEL GSM_Component_Definitions.ttcn3:350 Unmapping port mtc:MSC from system:MSC.
2026/Jun/15 10:52:47.827701 USER GSM_Component_Definitions.ttcn3:350 MSC_Port: Unmapping from MSC
2026/Jun/15 10:52:47.827812 PORTEVENT GSM_Component_Definitions.ttcn3:350 Port MSC was unmapped from system:MSC.
2026/Jun/15 10:52:47.827887 PARALLEL GSM_Component_Definitions.ttcn3:350 Unmap operation of mtc:MSC from system:MSC finished.
2026/Jun/15 10:52:47.827903 PARALLEL GSM_Component_Definitions.ttcn3:351 Unmapping port mtc:VTY from system:VTY.
2026/Jun/15 10:52:47.827948 USER GSM_Component_Definitions.ttcn3:351 VTY_PT: Unmapping port from VTY interface
2026/Jun/15 10:52:47.828043 USER GSM_Component_Definitions.ttcn3:351 VTY_PT: Disconnected from VTY
2026/Jun/15 10:52:47.828064 PORTEVENT GSM_Component_Definitions.ttcn3:351 Port VTY was unmapped from system:VTY.
2026/Jun/15 10:52:47.828175 PARALLEL GSM_Component_Definitions.ttcn3:351 Unmap operation of mtc:VTY from system:VTY finished.
2026/Jun/15 10:52:47.828259 PARALLEL TC_26_8_1_2_1_1.ttcn3:306 Terminating component type GSM_Component_Definitions.GSM_CT.
2026/Jun/15 10:52:47.828303 USER TC_26_8_1_2_1_1.ttcn3:306 L3_Port: user_stop called
2026/Jun/15 10:52:47.828329 PORTEVENT TC_26_8_1_2_1_1.ttcn3:306 Message with id 1 was extracted from the queue of L.
2026/Jun/15 10:52:47.828344 PORTEVENT TC_26_8_1_2_1_1.ttcn3:306 Message with id 2 was extracted from the queue of L.
2026/Jun/15 10:52:47.828352 PORTEVENT TC_26_8_1_2_1_1.ttcn3:306 Message with id 3 was extracted from the queue of L.
2026/Jun/15 10:52:47.828360 PORTEVENT TC_26_8_1_2_1_1.ttcn3:306 Message with id 4 was extracted from the queue of L.
2026/Jun/15 10:52:47.828368 PORTEVENT TC_26_8_1_2_1_1.ttcn3:306 Message with id 5 was extracted from the queue of L.
2026/Jun/15 10:52:47.828375 PORTEVENT TC_26_8_1_2_1_1.ttcn3:306 Message with id 6 was extracted from the queue of L.
2026/Jun/15 10:52:47.828383 PORTEVENT TC_26_8_1_2_1_1.ttcn3:306 Message with id 7 was extracted from the queue of L.
2026/Jun/15 10:52:47.828390 PORTEVENT TC_26_8_1_2_1_1.ttcn3:306 Message with id 8 was extracted from the queue of L.
2026/Jun/15 10:52:47.828397 PORTEVENT TC_26_8_1_2_1_1.ttcn3:306 Message with id 9 was extracted from the queue of L.
2026/Jun/15 10:52:47.828405 PORTEVENT TC_26_8_1_2_1_1.ttcn3:306 Message with id 10 was extracted from the queue of L.
2026/Jun/15 10:52:47.828413 PORTEVENT TC_26_8_1_2_1_1.ttcn3:306 Message with id 11 was extracted from the queue of L.
2026/Jun/15 10:52:47.828420 PORTEVENT TC_26_8_1_2_1_1.ttcn3:306 Message with id 12 was extracted from the queue of L.
2026/Jun/15 10:52:47.828427 PORTEVENT TC_26_8_1_2_1_1.ttcn3:306 Message with id 13 was extracted from the queue of L.
2026/Jun/15 10:52:47.828452 PORTEVENT TC_26_8_1_2_1_1.ttcn3:306 Message with id 14 was extracted from the queue of L.
2026/Jun/15 10:52:47.828460 PORTEVENT TC_26_8_1_2_1_1.ttcn3:306 Message with id 15 was extracted from the queue of L.
2026/Jun/15 10:52:47.828467 PORTEVENT TC_26_8_1_2_1_1.ttcn3:306 Message with id 16 was extracted from the queue of L.
2026/Jun/15 10:52:47.828474 PORTEVENT TC_26_8_1_2_1_1.ttcn3:306 Message with id 17 was extracted from the queue of L.
2026/Jun/15 10:52:47.828482 PORTEVENT TC_26_8_1_2_1_1.ttcn3:306 Message with id 18 was extracted from the queue of L.
2026/Jun/15 10:52:47.828489 PORTEVENT TC_26_8_1_2_1_1.ttcn3:306 Message with id 19 was extracted from the queue of L.
2026/Jun/15 10:52:47.828496 PORTEVENT TC_26_8_1_2_1_1.ttcn3:306 Message with id 20 was extracted from the queue of L.
2026/Jun/15 10:52:47.828504 PORTEVENT TC_26_8_1_2_1_1.ttcn3:306 Message with id 21 was extracted from the queue of L.
2026/Jun/15 10:52:47.828511 PORTEVENT TC_26_8_1_2_1_1.ttcn3:306 Message with id 22 was extracted from the queue of L.
2026/Jun/15 10:52:47.828519 PORTEVENT TC_26_8_1_2_1_1.ttcn3:306 Message with id 23 was extracted from the queue of L.
2026/Jun/15 10:52:47.828526 PORTEVENT TC_26_8_1_2_1_1.ttcn3:306 Message with id 24 was extracted from the queue of L.
2026/Jun/15 10:52:47.828533 PORTEVENT TC_26_8_1_2_1_1.ttcn3:306 Message with id 25 was extracted from the queue of L.
2026/Jun/15 10:52:47.828540 PORTEVENT TC_26_8_1_2_1_1.ttcn3:306 Message with id 26 was extracted from the queue of L.
2026/Jun/15 10:52:47.828548 PORTEVENT TC_26_8_1_2_1_1.ttcn3:306 Message with id 27 was extracted from the queue of L.
2026/Jun/15 10:52:47.828555 PORTEVENT TC_26_8_1_2_1_1.ttcn3:306 Message with id 28 was extracted from the queue of L.
2026/Jun/15 10:52:47.828563 PORTEVENT TC_26_8_1_2_1_1.ttcn3:306 Port L was stopped.
2026/Jun/15 10:52:47.828591 PORTEVENT TC_26_8_1_2_1_1.ttcn3:306 Port RR was stopped.
2026/Jun/15 10:52:47.828615 PORTEVENT TC_26_8_1_2_1_1.ttcn3:306 Port MM was stopped.
2026/Jun/15 10:52:47.828623 PORTEVENT TC_26_8_1_2_1_1.ttcn3:306 Port CC was stopped.
2026/Jun/15 10:52:47.828631 USER TC_26_8_1_2_1_1.ttcn3:306 MSC_Port: user_stop called
2026/Jun/15 10:52:47.828644 PORTEVENT TC_26_8_1_2_1_1.ttcn3:306 Port MSC was stopped.
2026/Jun/15 10:52:47.828662 USER TC_26_8_1_2_1_1.ttcn3:306 BSC_Port: user_stop called
2026/Jun/15 10:52:47.828674 PORTEVENT TC_26_8_1_2_1_1.ttcn3:306 Port BSC was stopped.
2026/Jun/15 10:52:47.828682 PORTEVENT TC_26_8_1_2_1_1.ttcn3:306 Port RSL was stopped.
2026/Jun/15 10:52:47.828690 USER TC_26_8_1_2_1_1.ttcn3:306 VTY_PT: Stopping
2026/Jun/15 10:52:47.828701 PORTEVENT TC_26_8_1_2_1_1.ttcn3:306 Port VTY was stopped.
2026/Jun/15 10:52:47.828709 PORTEVENT TC_26_8_1_2_1_1.ttcn3:306 Port COORD was stopped.
2026/Jun/15 10:52:47.828717 PARALLEL TC_26_8_1_2_1_1.ttcn3:306 Component type GSM_Component_Definitions.GSM_CT was shut down inside testcase TC_26_8_1_2_1_1.
2026/Jun/15 10:52:47.828732 EXECUTOR TC_26_8_1_2_1_1.ttcn3:306 Waiting for PTCs to finish.
2026/Jun/15 10:52:47.828819 VERDICTOP TC_26_8_1_2_1_1.ttcn3:306 Setting final verdict of the test case.
2026/Jun/15 10:52:47.828920 VERDICTOP TC_26_8_1_2_1_1.ttcn3:306 Local verdict of MTC: pass
2026/Jun/15 10:52:47.828963 VERDICTOP TC_26_8_1_2_1_1.ttcn3:306 No PTCs were created.
2026/Jun/15 10:52:47.828987 TESTCASE TC_26_8_1_2_1_1.ttcn3:306 Test case TC_26_8_1_2_1_1 finished. Verdict: pass
2026/Jun/15 10:52:47.829248 STATISTICS - Verdict statistics: 0 none (0.00 %), 1 pass (100.00 %), 0 inconc (0.00 %), 0 fail (0.00 %), 0 error (0.00 %).
2026/Jun/15 10:52:47.829401 STATISTICS - Test execution summary: 1 test case was executed. Overall verdict: pass
2026/Jun/15 10:52:47.829416 EXECUTOR - Exit was requested from MC. Terminating MTC.
