/usr/local/bin/virtphy.real: option requires an argument -- 'd'
Thu Jun 25 05:43:35 2026 DVIRPHY virtphy.c:248 Virtual physical layer starting up...
Thu Jun 25 05:43:35 2026 DVIRPHY virtphy.c:257 Virtual physical layer ready, waiting for l23 app(s) on /tmp/osmocom_l2
Thu Jun 25 05:43:41 2026 DMAIN virt_l1_model.c:42 MS 0000: allocated
Thu Jun 25 05:43:41 2026 DL1C l1ctl_sock.c:138 Accepted client (fd=6) from server (fd=5)
Thu Jun 25 05:43:41 2026 DL1C l1ctl_sap.c:578 MS 0000: Tx L1CTL_RESET_CONF (reset_type: 1)
Thu Jun 25 05:43:41 2026 DL1C l1ctl_sap.c:578 MS 0000: Tx L1CTL_RESET_CONF (reset_type: 1)
Thu Jun 25 05:43:41 2026 DL1C l1ctl_sap.c:578 MS 0000: Tx L1CTL_RESET_CONF (reset_type: 1)
Thu Jun 25 05:43:41 2026 DL1C virt_prim_fbsb.c:57 MS 0000: Rx L1CTL_FBSB_REQ (arfcn=51, flags=0x7)
Thu Jun 25 05:43:41 2026 DL1C virt_prim_fbsb.c:126 MS 0000: Tx L1CTL_FBSB_CONF (res: 0)
Thu Jun 25 05:43:42 2026 DL1C l1ctl_sap.c:472 MS 0000: Rx L1CTL_CCCH_MODE_REQ (mode=2)
Thu Jun 25 05:43:42 2026 DL1C l1ctl_sap.c:600 MS 0000: Tx L1CTL_CCCH_MODE_CONF (mode: 2)
Thu Jun 25 05:43:42 2026 DL1C l1ctl_sap.c:578 MS 0000: Tx L1CTL_RESET_CONF (reset_type: 1)
Thu Jun 25 05:43:42 2026 DL1C virt_prim_fbsb.c:57 MS 0000: Rx L1CTL_FBSB_REQ (arfcn=51, flags=0x7)
Thu Jun 25 05:43:42 2026 DL1C virt_prim_fbsb.c:126 MS 0000: Tx L1CTL_FBSB_CONF (res: 0)
Thu Jun 25 05:43:42 2026 DL1C l1ctl_sap.c:411 MS 0000: Rx L1CTL_PARAM_REQ (ta=0, tx_power=14)
Thu Jun 25 05:43:42 2026 DL1C virt_prim_rach.c:81 MS 0000: Rx L1CTL_RACH_REQ (ra=0x0a, offset=11 combined=1)
Thu Jun 25 05:43:42 2026 DL1C virt_prim_rach.c:124 MS 0000: Tx L1CTL_RACH_CONF (fn: 535, arfcn: 51)
Thu Jun 25 05:43:42 2026 DL1C l1ctl_sap.c:411 MS 0000: Rx L1CTL_PARAM_REQ (ta=0, tx_power=14)
Thu Jun 25 05:43:42 2026 DL1C virt_prim_rach.c:81 MS 0000: Rx L1CTL_RACH_REQ (ra=0x07, offset=121 combined=1)
Thu Jun 25 05:43:42 2026 DL1C l1ctl_sap.c:578 MS 0000: Tx L1CTL_RESET_CONF (reset_type: 2)
Thu Jun 25 05:43:42 2026 DL1C l1ctl_sap.c:411 MS 0000: Rx L1CTL_PARAM_REQ (ta=0, tx_power=14)
Thu Jun 25 05:44:03 2026 DL1C l1ctl_sap.c:379 MS 0000: Rx L1CTL_DM_REL_REQ
Thu Jun 25 05:44:03 2026 DL1C l1ctl_sap.c:578 MS 0000: Tx L1CTL_RESET_CONF (reset_type: 1)
Thu Jun 25 05:44:03 2026 DL1C l1ctl_sap.c:578 MS 0000: Tx L1CTL_RESET_CONF (reset_type: 1)
Thu Jun 25 05:44:03 2026 DL1C virt_prim_fbsb.c:57 MS 0000: Rx L1CTL_FBSB_REQ (arfcn=51, flags=0x7)
Thu Jun 25 05:44:03 2026 DL1C virt_prim_fbsb.c:126 MS 0000: Tx L1CTL_FBSB_CONF (res: 0)
Thu Jun 25 05:44:03 2026 DL1C l1ctl_sap.c:526 MS 0000: Rx L1CTL_NEIGH_PM_REQ (list with 1 entries): IGNORED
Thu Jun 25 05:44:18 2026 DL1C l1ctl_sap.c:578 MS 0000: Tx L1CTL_RESET_CONF (reset_type: 1)
Thu Jun 25 05:44:18 2026 DL1C virt_prim_fbsb.c:57 MS 0000: Rx L1CTL_FBSB_REQ (arfcn=51, flags=0x7)
Thu Jun 25 05:44:18 2026 DL1C virt_prim_fbsb.c:126 MS 0000: Tx L1CTL_FBSB_CONF (res: 0)
Thu Jun 25 05:44:18 2026 DL1C l1ctl_sap.c:411 MS 0000: Rx L1CTL_PARAM_REQ (ta=0, tx_power=14)
Thu Jun 25 05:44:18 2026 DL1C virt_prim_rach.c:81 MS 0000: Rx L1CTL_RACH_REQ (ra=0x0c, offset=2 combined=1)
Thu Jun 25 05:44:18 2026 DL1C virt_prim_rach.c:124 MS 0000: Tx L1CTL_RACH_CONF (fn: 8280, arfcn: 51)
Thu Jun 25 05:44:18 2026 DL1C l1ctl_sap.c:411 MS 0000: Rx L1CTL_PARAM_REQ (ta=0, tx_power=14)
Thu Jun 25 05:44:18 2026 DL1C virt_prim_rach.c:81 MS 0000: Rx L1CTL_RACH_REQ (ra=0x0f, offset=123 combined=1)
Thu Jun 25 05:44:18 2026 DL1C l1ctl_sap.c:578 MS 0000: Tx L1CTL_RESET_CONF (reset_type: 2)
Thu Jun 25 05:44:18 2026 DL1C l1ctl_sap.c:411 MS 0000: Rx L1CTL_PARAM_REQ (ta=0, tx_power=14)
Thu Jun 25 05:44:26 2026 DL1C l1ctl_sap.c:379 MS 0000: Rx L1CTL_DM_REL_REQ
Thu Jun 25 05:44:26 2026 DL1C l1ctl_sap.c:578 MS 0000: Tx L1CTL_RESET_CONF (reset_type: 1)
Thu Jun 25 05:44:26 2026 DL1C l1ctl_sap.c:578 MS 0000: Tx L1CTL_RESET_CONF (reset_type: 1)
Thu Jun 25 05:44:26 2026 DL1C virt_prim_fbsb.c:57 MS 0000: Rx L1CTL_FBSB_REQ (arfcn=51, flags=0x7)
Thu Jun 25 05:44:26 2026 DL1C virt_prim_fbsb.c:126 MS 0000: Tx L1CTL_FBSB_CONF (res: 0)
Thu Jun 25 05:44:26 2026 DL1C l1ctl_sap.c:526 MS 0000: Rx L1CTL_NEIGH_PM_REQ (list with 1 entries): IGNORED
Thu Jun 25 05:44:28 2026 DL1C l1ctl_sap.c:578 MS 0000: Tx L1CTL_RESET_CONF (reset_type: 1)
Thu Jun 25 05:44:28 2026 DL1C l1ctl_sock.c:99 Failed to receive msg from l2. Connection will be closed.
Thu Jun 25 05:44:28 2026 DMAIN virt_l1_model.c:49 MS 0000: destroyed
Thu Jun 25 05:44:49 2026 DMAIN virt_l1_model.c:42 MS 0001: allocated
Thu Jun 25 05:44:49 2026 DL1C l1ctl_sock.c:138 Accepted client (fd=6) from server (fd=5)
Thu Jun 25 05:44:49 2026 DL1C l1ctl_sap.c:578 MS 0001: Tx L1CTL_RESET_CONF (reset_type: 1)
Thu Jun 25 05:44:49 2026 DL1C l1ctl_sap.c:578 MS 0001: Tx L1CTL_RESET_CONF (reset_type: 1)
Thu Jun 25 05:44:49 2026 DL1C l1ctl_sap.c:578 MS 0001: Tx L1CTL_RESET_CONF (reset_type: 1)
Thu Jun 25 05:44:49 2026 DL1C virt_prim_fbsb.c:57 MS 0001: Rx L1CTL_FBSB_REQ (arfcn=51, flags=0x7)
Thu Jun 25 05:44:49 2026 DL1C virt_prim_fbsb.c:126 MS 0001: Tx L1CTL_FBSB_CONF (res: 0)
Thu Jun 25 05:44:50 2026 DL1C l1ctl_sap.c:472 MS 0001: Rx L1CTL_CCCH_MODE_REQ (mode=2)
Thu Jun 25 05:44:50 2026 DL1C l1ctl_sap.c:600 MS 0001: Tx L1CTL_CCCH_MODE_CONF (mode: 2)
Thu Jun 25 05:44:51 2026 DL1C l1ctl_sap.c:578 MS 0001: Tx L1CTL_RESET_CONF (reset_type: 1)
Thu Jun 25 05:44:51 2026 DL1C virt_prim_fbsb.c:57 MS 0001: Rx L1CTL_FBSB_REQ (arfcn=51, flags=0x7)
Thu Jun 25 05:44:51 2026 DL1C virt_prim_fbsb.c:126 MS 0001: Tx L1CTL_FBSB_CONF (res: 0)
Thu Jun 25 05:44:51 2026 DL1C l1ctl_sap.c:411 MS 0001: Rx L1CTL_PARAM_REQ (ta=0, tx_power=14)
Thu Jun 25 05:44:51 2026 DL1C virt_prim_rach.c:81 MS 0001: Rx L1CTL_RACH_REQ (ra=0x03, offset=4 combined=1)
Thu Jun 25 05:44:52 2026 DL1C virt_prim_rach.c:124 MS 0001: Tx L1CTL_RACH_CONF (fn: 15522, arfcn: 51)
Thu Jun 25 05:44:52 2026 DL1C l1ctl_sap.c:411 MS 0001: Rx L1CTL_PARAM_REQ (ta=0, tx_power=14)
Thu Jun 25 05:44:52 2026 DL1C virt_prim_rach.c:81 MS 0001: Rx L1CTL_RACH_REQ (ra=0x0c, offset=121 combined=1)
Thu Jun 25 05:44:52 2026 DL1C l1ctl_sap.c:578 MS 0001: Tx L1CTL_RESET_CONF (reset_type: 2)
Thu Jun 25 05:44:52 2026 DL1C l1ctl_sap.c:411 MS 0001: Rx L1CTL_PARAM_REQ (ta=0, tx_power=14)
Thu Jun 25 05:44:59 2026 DL1C l1ctl_sap.c:379 MS 0001: Rx L1CTL_DM_REL_REQ
Thu Jun 25 05:44:59 2026 DL1C l1ctl_sap.c:578 MS 0001: Tx L1CTL_RESET_CONF (reset_type: 1)
Thu Jun 25 05:44:59 2026 DL1C l1ctl_sap.c:578 MS 0001: Tx L1CTL_RESET_CONF (reset_type: 1)
Thu Jun 25 05:44:59 2026 DL1C virt_prim_fbsb.c:57 MS 0001: Rx L1CTL_FBSB_REQ (arfcn=51, flags=0x7)
Thu Jun 25 05:44:59 2026 DL1C virt_prim_fbsb.c:126 MS 0001: Tx L1CTL_FBSB_CONF (res: 0)
Thu Jun 25 05:44:59 2026 DL1C l1ctl_sap.c:526 MS 0001: Rx L1CTL_NEIGH_PM_REQ (list with 1 entries): IGNORED
Thu Jun 25 05:45:14 2026 DL1C l1ctl_sap.c:578 MS 0001: Tx L1CTL_RESET_CONF (reset_type: 1)
Thu Jun 25 05:45:14 2026 DL1C virt_prim_fbsb.c:57 MS 0001: Rx L1CTL_FBSB_REQ (arfcn=51, flags=0x7)
Thu Jun 25 05:45:14 2026 DL1C virt_prim_fbsb.c:126 MS 0001: Tx L1CTL_FBSB_CONF (res: 0)
Thu Jun 25 05:45:14 2026 DL1C l1ctl_sap.c:411 MS 0001: Rx L1CTL_PARAM_REQ (ta=0, tx_power=14)
Thu Jun 25 05:45:14 2026 DL1C virt_prim_rach.c:81 MS 0001: Rx L1CTL_RACH_REQ (ra=0x02, offset=1 combined=1)
Thu Jun 25 05:45:14 2026 DL1C virt_prim_rach.c:124 MS 0001: Tx L1CTL_RACH_CONF (fn: 20466, arfcn: 51)
Thu Jun 25 05:45:14 2026 DL1C l1ctl_sap.c:411 MS 0001: Rx L1CTL_PARAM_REQ (ta=0, tx_power=14)
Thu Jun 25 05:45:14 2026 DL1C virt_prim_rach.c:81 MS 0001: Rx L1CTL_RACH_REQ (ra=0x03, offset=116 combined=1)
Thu Jun 25 05:45:14 2026 DL1C l1ctl_sap.c:578 MS 0001: Tx L1CTL_RESET_CONF (reset_type: 2)
Thu Jun 25 05:45:14 2026 DL1C l1ctl_sap.c:411 MS 0001: Rx L1CTL_PARAM_REQ (ta=0, tx_power=14)
Thu Jun 25 05:45:25 2026 DL1C l1ctl_sap.c:379 MS 0001: Rx L1CTL_DM_REL_REQ
Thu Jun 25 05:45:25 2026 DL1C l1ctl_sap.c:578 MS 0001: Tx L1CTL_RESET_CONF (reset_type: 1)
Thu Jun 25 05:45:25 2026 DL1C l1ctl_sap.c:578 MS 0001: Tx L1CTL_RESET_CONF (reset_type: 1)
Thu Jun 25 05:45:25 2026 DL1C virt_prim_fbsb.c:57 MS 0001: Rx L1CTL_FBSB_REQ (arfcn=51, flags=0x7)
Thu Jun 25 05:45:25 2026 DL1C virt_prim_fbsb.c:126 MS 0001: Tx L1CTL_FBSB_CONF (res: 0)
Thu Jun 25 05:45:25 2026 DL1C l1ctl_sap.c:526 MS 0001: Rx L1CTL_NEIGH_PM_REQ (list with 1 entries): IGNORED
Thu Jun 25 05:45:55 2026 DL1C l1ctl_sap.c:578 MS 0001: Tx L1CTL_RESET_CONF (reset_type: 1)
Thu Jun 25 05:45:55 2026 DL1C virt_prim_fbsb.c:57 MS 0001: Rx L1CTL_FBSB_REQ (arfcn=51, flags=0x7)
Thu Jun 25 05:45:55 2026 DL1C virt_prim_fbsb.c:126 MS 0001: Tx L1CTL_FBSB_CONF (res: 0)
Thu Jun 25 05:45:55 2026 DL1C l1ctl_sap.c:411 MS 0001: Rx L1CTL_PARAM_REQ (ta=0, tx_power=14)
Thu Jun 25 05:45:55 2026 DL1C virt_prim_rach.c:81 MS 0001: Rx L1CTL_RACH_REQ (ra=0x89, offset=9 combined=1)
Thu Jun 25 05:45:56 2026 DL1C virt_prim_rach.c:124 MS 0001: Tx L1CTL_RACH_CONF (fn: 29399, arfcn: 51)
Thu Jun 25 05:45:56 2026 DL1C l1ctl_sap.c:411 MS 0001: Rx L1CTL_PARAM_REQ (ta=0, tx_power=14)
Thu Jun 25 05:45:56 2026 DL1C virt_prim_rach.c:81 MS 0001: Rx L1CTL_RACH_REQ (ra=0x99, offset=117 combined=1)
Thu Jun 25 05:45:56 2026 DL1C l1ctl_sap.c:578 MS 0001: Tx L1CTL_RESET_CONF (reset_type: 2)
Thu Jun 25 05:45:56 2026 DL1C l1ctl_sap.c:411 MS 0001: Rx L1CTL_PARAM_REQ (ta=0, tx_power=14)
Thu Jun 25 05:45:57 2026 DL1C l1ctl_sap.c:355 MS 0001: Rx L1CTL_CRYPTO_REQ (algo=A5/0, len=0)
Thu Jun 25 05:46:05 2026 DL1C l1ctl_sap.c:379 MS 0001: Rx L1CTL_DM_REL_REQ
Thu Jun 25 05:46:05 2026 DL1C l1ctl_sap.c:578 MS 0001: Tx L1CTL_RESET_CONF (reset_type: 1)
Thu Jun 25 05:46:05 2026 DL1C l1ctl_sap.c:578 MS 0001: Tx L1CTL_RESET_CONF (reset_type: 1)
Thu Jun 25 05:46:06 2026 DL1C l1ctl_sap.c:578 MS 0001: Tx L1CTL_RESET_CONF (reset_type: 1)
Thu Jun 25 05:46:06 2026 DL1C virt_prim_fbsb.c:57 MS 0001: Rx L1CTL_FBSB_REQ (arfcn=51, flags=0x7)
Thu Jun 25 05:46:06 2026 DL1C virt_prim_fbsb.c:126 MS 0001: Tx L1CTL_FBSB_CONF (res: 0)
Thu Jun 25 05:46:06 2026 DL1C l1ctl_sap.c:472 MS 0001: Rx L1CTL_CCCH_MODE_REQ (mode=2)
Thu Jun 25 05:46:06 2026 DL1C l1ctl_sap.c:600 MS 0001: Tx L1CTL_CCCH_MODE_CONF (mode: 2)
Thu Jun 25 05:46:07 2026 DL1C l1ctl_sap.c:578 MS 0001: Tx L1CTL_RESET_CONF (reset_type: 1)
Thu Jun 25 05:46:07 2026 DL1C virt_prim_fbsb.c:57 MS 0001: Rx L1CTL_FBSB_REQ (arfcn=51, flags=0x7)
Thu Jun 25 05:46:07 2026 DL1C virt_prim_fbsb.c:126 MS 0001: Tx L1CTL_FBSB_CONF (res: 0)
Thu Jun 25 05:46:07 2026 DL1C l1ctl_sap.c:526 MS 0001: Rx L1CTL_NEIGH_PM_REQ (list with 1 entries): IGNORED
