2026/Jun/23 10:52:55.843130 EXECUTOR - TTCN-3 Host Controller started on ttcn3-tc-26-8-1-2-1-1-1-97l2r. Version: 11.1.0.
2026/Jun/23 10:52:55.843319 EXECUTOR - TTCN Logger v2.2 options: TimeStampFormat:=DateTime; LogEntityName:=No; LogEventTypes:=Yes; SourceInfoFormat:=Single; LogSensitiveData:=No; *.FileMask:=LOG_ALL; *.ConsoleMask:=ERROR | TESTCASE | USER | VERDICTOP | WARNING; LogFileSize:=0; LogFileNumber:=1; DiskFullAction:=Error
2026/Jun/23 10:52:55.843332 EXECUTOR - Maximum number of open file descriptors: 1048576,   FD_SETSIZE = 1024
2026/Jun/23 10:52:55.843473 WARNING - Warning: The address of MC was set to a local IP address. This may cause incorrect behavior if a HC from a remote host also connects to MC.
2026/Jun/23 10:52:55.843511 EXECUTOR - The address of MC was set to 127.0.0.1:0.
2026/Jun/23 10:52:55.843647 EXECUTOR - Connected to MC.
2026/Jun/23 10:52:55.843755 EXECUTOR - This host supports UNIX domain sockets for local communication.
2026/Jun/23 10:52:55.843985 EXECUTOR - Processing configuration data received from MC.
2026/Jun/23 10:52:55.844234 WARNING - Warning: Skeleton `/results/TC_26_8_1_2_1_1-2026-06-23-105254/%n.log' does not guarantee unique log file name for every test system process. It may cause unpredictable results if several test components try to write into the same log file.
2026/Jun/23 10:52:55.844538 EXECUTOR - Module GSM_Constants has the following parameters: { TSPC_Serv_TS11 := true, TSPC_Serv_TS61 := false, TSPC_Serv_TS62 := false, TSPC_Serv_BS21 := false, TSPC_Serv_BS22 := false, TSPC_Serv_BS24 := false, TSPC_Serv_BS25 := false, TSPC_Serv_BS26 := false, TSPC_Serv_BS31 := false, TSPC_Serv_BS32 := false, TSPC_Serv_BS33 := false, TSPC_Serv_BS34 := false, TSPC_Serv_BS41 := false, TSPC_Serv_BS42 := false, TSPC_Serv_BS43 := false, TSPC_Serv_BS44 := false, TSPC_Serv_BS45 := false, TSPC_Serv_BS51 := false, TSPC_Serv_BS61 := false, TSPC_Serv_BS81 := false, TSPC_DualRate := false, TSPC_MTsvc := true, TSPX_IMSI := '901700000000001F'O, TSPX_TMSI := '1914D97F'O, TSPX_CKSNDef := 0, TSPX_RANDDef := '00112233445566778899AABBCCDDEEFF'O, TSPX_SRES := '12345678'O, TSPX_Kc := '0000000000000000'O, TSPX_SDCCH4SubDef := 0, TSPX_TmSltDef := 0, TSPX_TscDef := 7, TSPX_TCHHSubDef := 0, TCV_CC := true, TSPX_Telephony_Rate := C_Full (0), TSPX_MOBscSvcA := C_Telephony (0), TSPX_MOBscSvcB := C_Telephony (0), TSPX_MOBscSvcC := C_Telephony (0), TSPX_MOBscSvcD := C_Telephony (0), TSPX_MOBscSvcE := C_Telephony (0), TSPX_MOBscSvcF := C_Telephony (0), TSPX_MOBscSvcG := C_Telephony (0), TSPX_MOChRateA := C_Full (0), TSPX_MOChRateB := C_Full (0), TSPX_MOChRateC := C_Full (0), TSPX_MOChRateD := C_Full (0), TSPX_MOChRateE := C_Full (0), TSPX_MOChRateF := C_Full (0), TSPX_MOChRateG := C_Full (0), TSPX_MTBscSvcA := C_Telephony (0), TSPX_MTBscSvcB := C_Telephony (0), TSPX_MTBscSvcC := C_Telephony (0), TSPX_MTBscSvcD := C_Telephony (0), TSPX_MTBscSvcE := C_Telephony (0), TSPX_MTBscSvcF := C_Telephony (0), TSPX_MTBscSvcG := C_Telephony (0), TSPX_MTBscSvcH := C_Telephony (0), TSPX_MTBscSvcI := C_Telephony (0), TSPX_MTBscSvcJ := C_Telephony (0), TSPX_MTChRateA := C_Full (0), TSPX_MTChRateB := C_Full (0), TSPX_MTChRateC := C_Full (0), TSPX_MTChRateD := C_Full (0), TSPX_MTChRateE := C_Full (0), TSPX_MTChRateF := C_Full (0), TSPX_MTChRateG := C_Full (0), TSPX_MTChRateH := C_Full (0), TSPX_MTChRateI := C_Full (0), TSPX_MTChRateJ := C_Full (0), C_arfcnA := 100 }
2026/Jun/23 10:52:55.844627 EXECUTOR - Module TC_26_6_1_2 has the following parameters: { TSPX_nPara := 3, TSPX_i1Para := 3, TSPX_kPara := 5, TSPX_i2Para := 1, TSPX_rPara := 4, TSPX_i3Para := 4 }
2026/Jun/23 10:52:55.844659 EXECUTOR - Initializing module GSM_Component_Definitions.
2026/Jun/23 10:52:55.844666 EXECUTOR GSM_Component_Definitions.ttcn3:0 Initializing module GSM_Templates.
2026/Jun/23 10:52:55.844685 EXECUTOR GSM_Templates.ttcn3:0 Initializing module GSM_Constants.
2026/Jun/23 10:52:55.844690 EXECUTOR GSM_Constants.ttcn3:0 Initializing module GSM_Types.
2026/Jun/23 10:52:55.844693 EXECUTOR GSM_Constants.ttcn3:0 Initialization of module GSM_Types finished.
2026/Jun/23 10:52:55.844696 EXECUTOR GSM_Templates.ttcn3:0 Initialization of module GSM_Constants finished.
2026/Jun/23 10:52:55.844777 EXECUTOR GSM_Component_Definitions.ttcn3:0 Initialization of module GSM_Templates finished.
2026/Jun/23 10:52:55.844781 EXECUTOR - Initialization of module GSM_Component_Definitions finished.
2026/Jun/23 10:52:55.844784 EXECUTOR - Initializing module GSM_Functions.
2026/Jun/23 10:52:55.844809 EXECUTOR - Initialization of module GSM_Functions finished.
2026/Jun/23 10:52:55.844812 EXECUTOR - Initializing module PreGenRecordOf.
2026/Jun/23 10:52:55.844814 EXECUTOR - Initialization of module PreGenRecordOf finished.
2026/Jun/23 10:52:55.844816 EXECUTOR - Initializing module TC_26_2_1_3.
2026/Jun/23 10:52:55.844831 EXECUTOR - Initialization of module TC_26_2_1_3 finished.
2026/Jun/23 10:52:55.844836 EXECUTOR - Initializing module TC_26_2_2.
2026/Jun/23 10:52:55.844841 EXECUTOR - Initialization of module TC_26_2_2 finished.
2026/Jun/23 10:52:55.844843 EXECUTOR - Initializing module TC_26_2_3.
2026/Jun/23 10:52:55.844848 EXECUTOR - Initialization of module TC_26_2_3 finished.
2026/Jun/23 10:52:55.844850 EXECUTOR - Initializing module TC_26_6_11_1.
2026/Jun/23 10:52:55.844855 EXECUTOR - Initialization of module TC_26_6_11_1 finished.
2026/Jun/23 10:52:55.844857 EXECUTOR - Initializing module TC_26_6_11_2.
2026/Jun/23 10:52:55.844862 EXECUTOR - Initialization of module TC_26_6_11_2 finished.
2026/Jun/23 10:52:55.844864 EXECUTOR - Initializing module TC_26_6_12_1.
2026/Jun/23 10:52:55.844868 EXECUTOR - Initialization of module TC_26_6_12_1 finished.
2026/Jun/23 10:52:55.844871 EXECUTOR - Initializing module TC_26_6_12_2.
2026/Jun/23 10:52:55.844875 EXECUTOR - Initialization of module TC_26_6_12_2 finished.
2026/Jun/23 10:52:55.844877 EXECUTOR - Initializing module TC_26_6_12_3.
2026/Jun/23 10:52:55.844882 EXECUTOR - Initialization of module TC_26_6_12_3 finished.
2026/Jun/23 10:52:55.844884 EXECUTOR - Initializing module TC_26_6_12_4.
2026/Jun/23 10:52:55.844889 EXECUTOR - Initialization of module TC_26_6_12_4 finished.
2026/Jun/23 10:52:55.844891 EXECUTOR - Initializing module TC_26_6_13_10.
2026/Jun/23 10:52:55.844895 EXECUTOR - Initialization of module TC_26_6_13_10 finished.
2026/Jun/23 10:52:55.844897 EXECUTOR - Initializing module TC_26_6_13_9.
2026/Jun/23 10:52:55.844902 EXECUTOR - Initialization of module TC_26_6_13_9 finished.
2026/Jun/23 10:52:55.844904 EXECUTOR - Initializing module TC_26_6_1_1.
2026/Jun/23 10:52:55.844908 EXECUTOR - Initialization of module TC_26_6_1_1 finished.
2026/Jun/23 10:52:55.844910 EXECUTOR - Initializing module TC_26_6_1_2.
2026/Jun/23 10:52:55.844915 EXECUTOR - Initialization of module TC_26_6_1_2 finished.
2026/Jun/23 10:52:55.844917 EXECUTOR - Initializing module TC_26_6_1_3.
2026/Jun/23 10:52:55.844922 EXECUTOR - Initialization of module TC_26_6_1_3 finished.
2026/Jun/23 10:52:55.844924 EXECUTOR - Initializing module TC_26_6_1_4.
2026/Jun/23 10:52:55.844929 EXECUTOR - Initialization of module TC_26_6_1_4 finished.
2026/Jun/23 10:52:55.844931 EXECUTOR - Initializing module TC_26_6_1_5.
2026/Jun/23 10:52:55.844935 EXECUTOR - Initialization of module TC_26_6_1_5 finished.
2026/Jun/23 10:52:55.844938 EXECUTOR - Initializing module TC_26_6_2_1_1.
2026/Jun/23 10:52:55.844942 EXECUTOR - Initialization of module TC_26_6_2_1_1 finished.
2026/Jun/23 10:52:55.844944 EXECUTOR - Initializing module TC_26_6_2_1_2.
2026/Jun/23 10:52:55.844948 EXECUTOR - Initialization of module TC_26_6_2_1_2 finished.
2026/Jun/23 10:52:55.844951 EXECUTOR - Initializing module TC_26_6_2_1_3.
2026/Jun/23 10:52:55.844955 EXECUTOR - Initialization of module TC_26_6_2_1_3 finished.
2026/Jun/23 10:52:55.844957 EXECUTOR - Initializing module TC_26_6_2_2.
2026/Jun/23 10:52:55.844962 EXECUTOR - Initialization of module TC_26_6_2_2 finished.
2026/Jun/23 10:52:55.844964 EXECUTOR - Initializing module TC_26_6_2_3_1.
2026/Jun/23 10:52:55.844970 EXECUTOR - Initialization of module TC_26_6_2_3_1 finished.
2026/Jun/23 10:52:55.844972 EXECUTOR - Initializing module TC_26_6_2_3_2.
2026/Jun/23 10:52:55.844977 EXECUTOR - Initialization of module TC_26_6_2_3_2 finished.
2026/Jun/23 10:52:55.844985 EXECUTOR - Initializing module TC_26_6_2_4.
2026/Jun/23 10:52:55.844990 EXECUTOR - Initialization of module TC_26_6_2_4 finished.
2026/Jun/23 10:52:55.844992 EXECUTOR - Initializing module TC_26_6_3_1.
2026/Jun/23 10:52:55.844997 EXECUTOR - Initialization of module TC_26_6_3_1 finished.
2026/Jun/23 10:52:55.844999 EXECUTOR - Initializing module TC_26_6_3_4.
2026/Jun/23 10:52:55.845004 EXECUTOR - Initialization of module TC_26_6_3_4 finished.
2026/Jun/23 10:52:55.845007 EXECUTOR - Initializing module TC_26_6_4_1.
2026/Jun/23 10:52:55.845011 EXECUTOR - Initialization of module TC_26_6_4_1 finished.
2026/Jun/23 10:52:55.845014 EXECUTOR - Initializing module TC_26_6_4_2_2.
2026/Jun/23 10:52:55.845019 EXECUTOR - Initialization of module TC_26_6_4_2_2 finished.
2026/Jun/23 10:52:55.845021 EXECUTOR - Initializing module TC_26_6_5_1.
2026/Jun/23 10:52:55.845026 EXECUTOR - Initialization of module TC_26_6_5_1 finished.
2026/Jun/23 10:52:55.845028 EXECUTOR - Initializing module TC_26_6_5_2_1.
2026/Jun/23 10:52:55.845033 EXECUTOR - Initialization of module TC_26_6_5_2_1 finished.
2026/Jun/23 10:52:55.845035 EXECUTOR - Initializing module TC_26_6_8_1.
2026/Jun/23 10:52:55.845039 EXECUTOR - Initialization of module TC_26_6_8_1 finished.
2026/Jun/23 10:52:55.845042 EXECUTOR - Initializing module TC_26_6_8_2.
2026/Jun/23 10:52:55.845046 EXECUTOR - Initialization of module TC_26_6_8_2 finished.
2026/Jun/23 10:52:55.845048 EXECUTOR - Initializing module TC_26_6_8_3.
2026/Jun/23 10:52:55.845053 EXECUTOR - Initialization of module TC_26_6_8_3 finished.
2026/Jun/23 10:52:55.845055 EXECUTOR - Initializing module TC_26_6_8_4.
2026/Jun/23 10:52:55.845060 EXECUTOR - Initialization of module TC_26_6_8_4 finished.
2026/Jun/23 10:52:55.845063 EXECUTOR - Initializing module TC_26_6_8_5.
2026/Jun/23 10:52:55.845067 EXECUTOR - Initialization of module TC_26_6_8_5 finished.
2026/Jun/23 10:52:55.845070 EXECUTOR - Initializing module TC_26_7_1.
2026/Jun/23 10:52:55.845074 EXECUTOR - Initialization of module TC_26_7_1 finished.
2026/Jun/23 10:52:55.845076 EXECUTOR - Initializing module TC_26_7_2_1.
2026/Jun/23 10:52:55.845081 EXECUTOR - Initialization of module TC_26_7_2_1 finished.
2026/Jun/23 10:52:55.845083 EXECUTOR - Initializing module TC_26_7_2_2.
2026/Jun/23 10:52:55.845088 EXECUTOR - Initialization of module TC_26_7_2_2 finished.
2026/Jun/23 10:52:55.845090 EXECUTOR - Initializing module TC_26_7_3_1.
2026/Jun/23 10:52:55.845095 EXECUTOR - Initialization of module TC_26_7_3_1 finished.
2026/Jun/23 10:52:55.845098 EXECUTOR - Initializing module TC_26_7_3_2.
2026/Jun/23 10:52:55.845103 EXECUTOR - Initialization of module TC_26_7_3_2 finished.
2026/Jun/23 10:52:55.845105 EXECUTOR - Initializing module TC_26_7_4_1.
2026/Jun/23 10:52:55.845110 EXECUTOR - Initialization of module TC_26_7_4_1 finished.
2026/Jun/23 10:52:55.845112 EXECUTOR - Initializing module TC_26_7_4_2_1.
2026/Jun/23 10:52:55.845117 EXECUTOR - Initialization of module TC_26_7_4_2_1 finished.
2026/Jun/23 10:52:55.845119 EXECUTOR - Initializing module TC_26_7_4_2_2_1.
2026/Jun/23 10:52:55.845124 EXECUTOR - Initialization of module TC_26_7_4_2_2_1 finished.
2026/Jun/23 10:52:55.845126 EXECUTOR - Initializing module TC_26_7_4_2_2_2.
2026/Jun/23 10:52:55.845131 EXECUTOR - Initialization of module TC_26_7_4_2_2_2 finished.
2026/Jun/23 10:52:55.845133 EXECUTOR - Initializing module TC_26_7_4_2_3.
2026/Jun/23 10:52:55.845138 EXECUTOR - Initialization of module TC_26_7_4_2_3 finished.
2026/Jun/23 10:52:55.845140 EXECUTOR - Initializing module TC_26_7_4_2_4_1.
2026/Jun/23 10:52:55.845145 EXECUTOR - Initialization of module TC_26_7_4_2_4_1 finished.
2026/Jun/23 10:52:55.845147 EXECUTOR - Initializing module TC_26_7_4_2_4_2.
2026/Jun/23 10:52:55.845152 EXECUTOR - Initialization of module TC_26_7_4_2_4_2 finished.
2026/Jun/23 10:52:55.845154 EXECUTOR - Initializing module TC_26_7_4_2_4_3.
2026/Jun/23 10:52:55.845159 EXECUTOR - Initialization of module TC_26_7_4_2_4_3 finished.
2026/Jun/23 10:52:55.845162 EXECUTOR - Initializing module TC_26_7_4_2_4_4.
2026/Jun/23 10:52:55.845169 EXECUTOR - Initialization of module TC_26_7_4_2_4_4 finished.
2026/Jun/23 10:52:55.845171 EXECUTOR - Initializing module TC_26_7_4_2_4_5.
2026/Jun/23 10:52:55.845176 EXECUTOR - Initialization of module TC_26_7_4_2_4_5 finished.
2026/Jun/23 10:52:55.845179 EXECUTOR - Initializing module TC_26_7_4_3_1.
2026/Jun/23 10:52:55.845183 EXECUTOR - Initialization of module TC_26_7_4_3_1 finished.
2026/Jun/23 10:52:55.845186 EXECUTOR - Initializing module TC_26_7_4_3_2.
2026/Jun/23 10:52:55.845191 EXECUTOR - Initialization of module TC_26_7_4_3_2 finished.
2026/Jun/23 10:52:55.845193 EXECUTOR - Initializing module TC_26_7_4_3_3.
2026/Jun/23 10:52:55.845198 EXECUTOR - Initialization of module TC_26_7_4_3_3 finished.
2026/Jun/23 10:52:55.845200 EXECUTOR - Initializing module TC_26_7_4_3_4.
2026/Jun/23 10:52:55.845205 EXECUTOR - Initialization of module TC_26_7_4_3_4 finished.
2026/Jun/23 10:52:55.845207 EXECUTOR - Initializing module TC_26_7_4_4.
2026/Jun/23 10:52:55.845212 EXECUTOR - Initialization of module TC_26_7_4_4 finished.
2026/Jun/23 10:52:55.845214 EXECUTOR - Initializing module TC_26_7_4_5_1.
2026/Jun/23 10:52:55.845229 EXECUTOR - Initialization of module TC_26_7_4_5_1 finished.
2026/Jun/23 10:52:55.845231 EXECUTOR - Initializing module TC_26_7_4_5_2.
2026/Jun/23 10:52:55.845236 EXECUTOR - Initialization of module TC_26_7_4_5_2 finished.
2026/Jun/23 10:52:55.845238 EXECUTOR - Initializing module TC_26_7_4_5_3.
2026/Jun/23 10:52:55.845243 EXECUTOR - Initialization of module TC_26_7_4_5_3 finished.
2026/Jun/23 10:52:55.845245 EXECUTOR - Initializing module TC_26_7_4_5_4_2.
2026/Jun/23 10:52:55.845250 EXECUTOR - Initialization of module TC_26_7_4_5_4_2 finished.
2026/Jun/23 10:52:55.845252 EXECUTOR - Initializing module TC_26_7_5_2.
2026/Jun/23 10:52:55.845256 EXECUTOR - Initialization of module TC_26_7_5_2 finished.
2026/Jun/23 10:52:55.845258 EXECUTOR - Initializing module TC_26_7_5_3.
2026/Jun/23 10:52:55.845264 EXECUTOR - Initialization of module TC_26_7_5_3 finished.
2026/Jun/23 10:52:55.845266 EXECUTOR - Initializing module TC_26_7_5_4.
2026/Jun/23 10:52:55.845271 EXECUTOR - Initialization of module TC_26_7_5_4 finished.
2026/Jun/23 10:52:55.845273 EXECUTOR - Initializing module TC_26_7_5_5.
2026/Jun/23 10:52:55.845278 EXECUTOR - Initialization of module TC_26_7_5_5 finished.
2026/Jun/23 10:52:55.845280 EXECUTOR - Initializing module TC_26_7_5_6.
2026/Jun/23 10:52:55.845285 EXECUTOR - Initialization of module TC_26_7_5_6 finished.
2026/Jun/23 10:52:55.845287 EXECUTOR - Initializing module TC_26_7_5_7_1.
2026/Jun/23 10:52:55.845292 EXECUTOR - Initialization of module TC_26_7_5_7_1 finished.
2026/Jun/23 10:52:55.845294 EXECUTOR - Initializing module TC_26_7_5_8_1.
2026/Jun/23 10:52:55.845298 EXECUTOR - Initialization of module TC_26_7_5_8_1 finished.
2026/Jun/23 10:52:55.845301 EXECUTOR - Initializing module TC_26_7_5_8_2.
2026/Jun/23 10:52:55.845305 EXECUTOR - Initialization of module TC_26_7_5_8_2 finished.
2026/Jun/23 10:52:55.845307 EXECUTOR - Initializing module TC_26_7_5_8_3.
2026/Jun/23 10:52:55.845312 EXECUTOR - Initialization of module TC_26_7_5_8_3 finished.
2026/Jun/23 10:52:55.845314 EXECUTOR - Initializing module TC_26_8_1_2_1_1.
2026/Jun/23 10:52:55.845319 EXECUTOR - Initialization of module TC_26_8_1_2_1_1 finished.
2026/Jun/23 10:52:55.845321 EXECUTOR - Initializing module TC_26_8_1_2_2_1.
2026/Jun/23 10:52:55.845325 EXECUTOR - Initialization of module TC_26_8_1_2_2_1 finished.
2026/Jun/23 10:52:55.845327 EXECUTOR - Initializing module TC_26_8_1_2_2_2.
2026/Jun/23 10:52:55.845332 EXECUTOR - Initialization of module TC_26_8_1_2_2_2 finished.
2026/Jun/23 10:52:55.845334 EXECUTOR - Initializing module TC_26_8_1_2_2_3.
2026/Jun/23 10:52:55.845338 EXECUTOR - Initialization of module TC_26_8_1_2_2_3 finished.
2026/Jun/23 10:52:55.845341 EXECUTOR - Initializing module TC_26_8_1_2_3_1.
2026/Jun/23 10:52:55.845345 EXECUTOR - Initialization of module TC_26_8_1_2_3_1 finished.
2026/Jun/23 10:52:55.845347 EXECUTOR - Initializing module TC_26_8_1_2_3_2.
2026/Jun/23 10:52:55.845355 EXECUTOR - Initialization of module TC_26_8_1_2_3_2 finished.
2026/Jun/23 10:52:55.845358 EXECUTOR - Initializing module TC_26_8_1_2_3_3.
2026/Jun/23 10:52:55.845362 EXECUTOR - Initialization of module TC_26_8_1_2_3_3 finished.
2026/Jun/23 10:52:55.845364 EXECUTOR - Initializing module TC_26_8_1_2_3_4.
2026/Jun/23 10:52:55.845369 EXECUTOR - Initialization of module TC_26_8_1_2_3_4 finished.
2026/Jun/23 10:52:55.845371 EXECUTOR - Initializing module TC_26_8_1_2_3_5.
2026/Jun/23 10:52:55.845375 EXECUTOR - Initialization of module TC_26_8_1_2_3_5 finished.
2026/Jun/23 10:52:55.845378 EXECUTOR - Initializing module TC_26_8_1_2_3_6.
2026/Jun/23 10:52:55.845383 EXECUTOR - Initialization of module TC_26_8_1_2_3_6 finished.
2026/Jun/23 10:52:55.845385 EXECUTOR - Initializing module TC_26_8_1_2_3_7.
2026/Jun/23 10:52:55.845389 EXECUTOR - Initialization of module TC_26_8_1_2_3_7 finished.
2026/Jun/23 10:52:55.845392 EXECUTOR - Initializing module TC_26_8_1_2_4_1.
2026/Jun/23 10:52:55.845396 EXECUTOR - Initialization of module TC_26_8_1_2_4_1 finished.
2026/Jun/23 10:52:55.845398 EXECUTOR - Initializing module TC_26_8_1_2_4_13.
2026/Jun/23 10:52:55.845403 EXECUTOR - Initialization of module TC_26_8_1_2_4_13 finished.
2026/Jun/23 10:52:55.845405 EXECUTOR - Initializing module TC_26_8_1_2_4_2.
2026/Jun/23 10:52:55.845410 EXECUTOR - Initialization of module TC_26_8_1_2_4_2 finished.
2026/Jun/23 10:52:55.845412 EXECUTOR - Initializing module TC_26_8_1_2_4_3.
2026/Jun/23 10:52:55.845417 EXECUTOR - Initialization of module TC_26_8_1_2_4_3 finished.
2026/Jun/23 10:52:55.845420 EXECUTOR - Initializing module TC_26_8_1_2_4_4.
2026/Jun/23 10:52:55.845424 EXECUTOR - Initialization of module TC_26_8_1_2_4_4 finished.
2026/Jun/23 10:52:55.845426 EXECUTOR - Initializing module TC_26_8_1_2_4_5.
2026/Jun/23 10:52:55.845431 EXECUTOR - Initialization of module TC_26_8_1_2_4_5 finished.
2026/Jun/23 10:52:55.845433 EXECUTOR - Initializing module TC_26_8_1_2_6_1.
2026/Jun/23 10:52:55.845438 EXECUTOR - Initialization of module TC_26_8_1_2_6_1 finished.
2026/Jun/23 10:52:55.845440 EXECUTOR - Initializing module TC_26_8_1_2_6_2.
2026/Jun/23 10:52:55.845445 EXECUTOR - Initialization of module TC_26_8_1_2_6_2 finished.
2026/Jun/23 10:52:55.845447 EXECUTOR - Initializing module TC_26_8_1_2_6_3.
2026/Jun/23 10:52:55.845452 EXECUTOR - Initialization of module TC_26_8_1_2_6_3 finished.
2026/Jun/23 10:52:55.845454 EXECUTOR - Initializing module TC_26_8_1_2_6_6.
2026/Jun/23 10:52:55.845459 EXECUTOR - Initialization of module TC_26_8_1_2_6_6 finished.
2026/Jun/23 10:52:55.845461 EXECUTOR - Initializing module TC_26_8_1_3_1_1.
2026/Jun/23 10:52:55.845466 EXECUTOR - Initialization of module TC_26_8_1_3_1_1 finished.
2026/Jun/23 10:52:55.845468 EXECUTOR - Initializing module TC_26_8_1_3_2_1.
2026/Jun/23 10:52:55.845473 EXECUTOR - Initialization of module TC_26_8_1_3_2_1 finished.
2026/Jun/23 10:52:55.845475 EXECUTOR - Initializing module TC_26_8_1_3_3_1.
2026/Jun/23 10:52:55.845480 EXECUTOR - Initialization of module TC_26_8_1_3_3_1 finished.
2026/Jun/23 10:52:55.845482 EXECUTOR - Initializing module TC_26_8_1_3_3_2.
2026/Jun/23 10:52:55.845487 EXECUTOR - Initialization of module TC_26_8_1_3_3_2 finished.
2026/Jun/23 10:52:55.845490 EXECUTOR - Initializing module TC_26_8_1_3_3_3.
2026/Jun/23 10:52:55.845495 EXECUTOR - Initialization of module TC_26_8_1_3_3_3 finished.
2026/Jun/23 10:52:55.845497 EXECUTOR - Initializing module TC_26_8_1_3_3_4.
2026/Jun/23 10:52:55.845502 EXECUTOR - Initialization of module TC_26_8_1_3_3_4 finished.
2026/Jun/23 10:52:55.845505 EXECUTOR - Initializing module TC_26_8_1_3_3_5.
2026/Jun/23 10:52:55.845510 EXECUTOR - Initialization of module TC_26_8_1_3_3_5 finished.
2026/Jun/23 10:52:55.845512 EXECUTOR - Initializing module TC_26_8_1_3_3_6.
2026/Jun/23 10:52:55.845517 EXECUTOR - Initialization of module TC_26_8_1_3_3_6 finished.
2026/Jun/23 10:52:55.845519 EXECUTOR - Initializing module TC_26_8_1_3_3_7.
2026/Jun/23 10:52:55.845524 EXECUTOR - Initialization of module TC_26_8_1_3_3_7 finished.
2026/Jun/23 10:52:55.845527 EXECUTOR - Initializing module TC_26_8_1_3_4_1.
2026/Jun/23 10:52:55.845534 EXECUTOR - Initialization of module TC_26_8_1_3_4_1 finished.
2026/Jun/23 10:52:55.845537 EXECUTOR - Initializing module TC_26_8_1_3_4_2.
2026/Jun/23 10:52:55.845542 EXECUTOR - Initialization of module TC_26_8_1_3_4_2 finished.
2026/Jun/23 10:52:55.845544 EXECUTOR - Initializing module TC_26_8_1_3_4_3.
2026/Jun/23 10:52:55.845550 EXECUTOR - Initialization of module TC_26_8_1_3_4_3 finished.
2026/Jun/23 10:52:55.845552 EXECUTOR - Initializing module TC_26_8_1_3_4_4.
2026/Jun/23 10:52:55.845557 EXECUTOR - Initialization of module TC_26_8_1_3_4_4 finished.
2026/Jun/23 10:52:55.845560 EXECUTOR - Initializing module TC_26_8_1_3_4_5.
2026/Jun/23 10:52:55.845565 EXECUTOR - Initialization of module TC_26_8_1_3_4_5 finished.
2026/Jun/23 10:52:55.845567 EXECUTOR - Initializing module TC_26_8_1_3_4_6.
2026/Jun/23 10:52:55.845572 EXECUTOR - Initialization of module TC_26_8_1_3_4_6 finished.
2026/Jun/23 10:52:55.845610 EXECUTOR - Initializing module TC_26_8_1_3_4_7.
2026/Jun/23 10:52:55.845615 EXECUTOR - Initialization of module TC_26_8_1_3_4_7 finished.
2026/Jun/23 10:52:55.845618 EXECUTOR - Initializing module TC_26_8_1_3_4_8.
2026/Jun/23 10:52:55.845622 EXECUTOR - Initialization of module TC_26_8_1_3_4_8 finished.
2026/Jun/23 10:52:55.845625 EXECUTOR - Initializing module TC_26_8_1_3_5_1.
2026/Jun/23 10:52:55.845629 EXECUTOR - Initialization of module TC_26_8_1_3_5_1 finished.
2026/Jun/23 10:52:55.845632 EXECUTOR - Initializing module TC_26_8_1_3_5_2.
2026/Jun/23 10:52:55.845637 EXECUTOR - Initialization of module TC_26_8_1_3_5_2 finished.
2026/Jun/23 10:52:55.845640 EXECUTOR - Initializing module TC_26_8_1_3_5_3.
2026/Jun/23 10:52:55.845644 EXECUTOR - Initialization of module TC_26_8_1_3_5_3 finished.
2026/Jun/23 10:52:55.845647 EXECUTOR - Initializing module TC_26_8_1_3_5_4.
2026/Jun/23 10:52:55.845652 EXECUTOR - Initialization of module TC_26_8_1_3_5_4 finished.
2026/Jun/23 10:52:55.845654 EXECUTOR - Initializing module TC_26_8_1_3_5_5.
2026/Jun/23 10:52:55.845659 EXECUTOR - Initialization of module TC_26_8_1_3_5_5 finished.
2026/Jun/23 10:52:55.845661 EXECUTOR - Initializing module TC_26_8_1_3_5_6.
2026/Jun/23 10:52:55.845667 EXECUTOR - Initialization of module TC_26_8_1_3_5_6 finished.
2026/Jun/23 10:52:55.845669 EXECUTOR - Initializing module TC_26_8_1_3_5_7.
2026/Jun/23 10:52:55.845674 EXECUTOR - Initialization of module TC_26_8_1_3_5_7 finished.
2026/Jun/23 10:52:55.845676 EXECUTOR - Initializing module TC_26_8_1_3_5_8.
2026/Jun/23 10:52:55.845681 EXECUTOR - Initialization of module TC_26_8_1_3_5_8 finished.
2026/Jun/23 10:52:55.845683 EXECUTOR - Initializing module TC_26_8_1_3_5_9.
2026/Jun/23 10:52:55.845688 EXECUTOR - Initialization of module TC_26_8_1_3_5_9 finished.
2026/Jun/23 10:52:55.845691 EXECUTOR - Initializing module TC_26_8_2_1.
2026/Jun/23 10:52:55.845695 EXECUTOR - Initialization of module TC_26_8_2_1 finished.
2026/Jun/23 10:52:55.845697 EXECUTOR - Initializing module TC_26_8_2_2.
2026/Jun/23 10:52:55.845702 EXECUTOR - Initialization of module TC_26_8_2_2 finished.
2026/Jun/23 10:52:55.845705 EXECUTOR - Initializing module TC_26_8_2_3.
2026/Jun/23 10:52:55.845710 EXECUTOR - Initialization of module TC_26_8_2_3 finished.
2026/Jun/23 10:52:55.845712 EXECUTOR - Initializing module TC_26_8_3.
2026/Jun/23 10:52:55.845717 EXECUTOR - Initialization of module TC_26_8_3 finished.
2026/Jun/23 10:52:55.845719 EXECUTOR - Initializing module TC_34_2_2.
2026/Jun/23 10:52:55.845724 EXECUTOR - Initialization of module TC_34_2_2 finished.
2026/Jun/23 10:52:55.845726 EXECUTOR - Initializing module TitanLoggerApi.
2026/Jun/23 10:52:55.845728 EXECUTOR - Initialization of module TitanLoggerApi finished.
2026/Jun/23 10:52:55.845731 EXECUTOR - Initializing module TitanLoggerControl.
2026/Jun/23 10:52:55.845733 EXECUTOR - Initialization of module TitanLoggerControl finished.
2026/Jun/23 10:52:55.845752 EXECUTOR - Configuration data was processed successfully.
2026/Jun/23 10:52:55.847356 EXECUTOR - MTC was created. Process id: 40.
2026/Jun/23 10:54:12.292279 EXECUTOR - Exit was requested from MC. Terminating HC.
2026/Jun/23 10:54:12.292442 EXECUTOR - Disconnected from MC.
2026/Jun/23 10:54:12.292465 EXECUTOR - TTCN-3 Host Controller finished.
