2026/Jun/23 10:04:36.522275 EXECUTOR - TTCN-3 Host Controller started on ttcn3-tc-26-7-5-3-1-d2228. Version: 11.1.0.
2026/Jun/23 10:04:36.522443 EXECUTOR - TTCN Logger v2.2 options: TimeStampFormat:=DateTime; LogEntityName:=No; LogEventTypes:=Yes; SourceInfoFormat:=Single; LogSensitiveData:=No; *.FileMask:=LOG_ALL; *.ConsoleMask:=ERROR | TESTCASE | USER | VERDICTOP | WARNING; LogFileSize:=0; LogFileNumber:=1; DiskFullAction:=Error
2026/Jun/23 10:04:36.522455 EXECUTOR - Maximum number of open file descriptors: 1048576,   FD_SETSIZE = 1024
2026/Jun/23 10:04:36.522585 WARNING - Warning: The address of MC was set to a local IP address. This may cause incorrect behavior if a HC from a remote host also connects to MC.
2026/Jun/23 10:04:36.522627 EXECUTOR - The address of MC was set to 127.0.0.1:0.
2026/Jun/23 10:04:36.522759 EXECUTOR - Connected to MC.
2026/Jun/23 10:04:36.522863 EXECUTOR - This host supports UNIX domain sockets for local communication.
2026/Jun/23 10:04:36.523136 EXECUTOR - Processing configuration data received from MC.
2026/Jun/23 10:04:36.523382 WARNING - Warning: Skeleton `/results/TC_26_7_5_3-2026-06-23-100432/%n.log' does not guarantee unique log file name for every test system process. It may cause unpredictable results if several test components try to write into the same log file.
2026/Jun/23 10:04:36.523720 EXECUTOR - Module GSM_Constants has the following parameters: { TSPC_Serv_TS11 := true, TSPC_Serv_TS61 := false, TSPC_Serv_TS62 := false, TSPC_Serv_BS21 := false, TSPC_Serv_BS22 := false, TSPC_Serv_BS24 := false, TSPC_Serv_BS25 := false, TSPC_Serv_BS26 := false, TSPC_Serv_BS31 := false, TSPC_Serv_BS32 := false, TSPC_Serv_BS33 := false, TSPC_Serv_BS34 := false, TSPC_Serv_BS41 := false, TSPC_Serv_BS42 := false, TSPC_Serv_BS43 := false, TSPC_Serv_BS44 := false, TSPC_Serv_BS45 := false, TSPC_Serv_BS51 := false, TSPC_Serv_BS61 := false, TSPC_Serv_BS81 := false, TSPC_DualRate := false, TSPC_MTsvc := true, TSPX_IMSI := '901700000000001F'O, TSPX_TMSI := '1914D97F'O, TSPX_CKSNDef := 0, TSPX_RANDDef := '00112233445566778899AABBCCDDEEFF'O, TSPX_SRES := '12345678'O, TSPX_Kc := '0000000000000000'O, TSPX_SDCCH4SubDef := 0, TSPX_TmSltDef := 0, TSPX_TscDef := 7, TSPX_TCHHSubDef := 0, TCV_CC := true, TSPX_Telephony_Rate := C_Full (0), TSPX_MOBscSvcA := C_Telephony (0), TSPX_MOBscSvcB := C_Telephony (0), TSPX_MOBscSvcC := C_Telephony (0), TSPX_MOBscSvcD := C_Telephony (0), TSPX_MOBscSvcE := C_Telephony (0), TSPX_MOBscSvcF := C_Telephony (0), TSPX_MOBscSvcG := C_Telephony (0), TSPX_MOChRateA := C_Full (0), TSPX_MOChRateB := C_Full (0), TSPX_MOChRateC := C_Full (0), TSPX_MOChRateD := C_Full (0), TSPX_MOChRateE := C_Full (0), TSPX_MOChRateF := C_Full (0), TSPX_MOChRateG := C_Full (0), TSPX_MTBscSvcA := C_Telephony (0), TSPX_MTBscSvcB := C_Telephony (0), TSPX_MTBscSvcC := C_Telephony (0), TSPX_MTBscSvcD := C_Telephony (0), TSPX_MTBscSvcE := C_Telephony (0), TSPX_MTBscSvcF := C_Telephony (0), TSPX_MTBscSvcG := C_Telephony (0), TSPX_MTBscSvcH := C_Telephony (0), TSPX_MTBscSvcI := C_Telephony (0), TSPX_MTBscSvcJ := C_Telephony (0), TSPX_MTChRateA := C_Full (0), TSPX_MTChRateB := C_Full (0), TSPX_MTChRateC := C_Full (0), TSPX_MTChRateD := C_Full (0), TSPX_MTChRateE := C_Full (0), TSPX_MTChRateF := C_Full (0), TSPX_MTChRateG := C_Full (0), TSPX_MTChRateH := C_Full (0), TSPX_MTChRateI := C_Full (0), TSPX_MTChRateJ := C_Full (0), C_arfcnA := 100 }
2026/Jun/23 10:04:36.523807 EXECUTOR - Module TC_26_6_1_2 has the following parameters: { TSPX_nPara := 3, TSPX_i1Para := 3, TSPX_kPara := 5, TSPX_i2Para := 1, TSPX_rPara := 4, TSPX_i3Para := 4 }
2026/Jun/23 10:04:36.523866 EXECUTOR - Initializing module GSM_Component_Definitions.
2026/Jun/23 10:04:36.523875 EXECUTOR GSM_Component_Definitions.ttcn3:0 Initializing module GSM_Templates.
2026/Jun/23 10:04:36.523894 EXECUTOR GSM_Templates.ttcn3:0 Initializing module GSM_Constants.
2026/Jun/23 10:04:36.523902 EXECUTOR GSM_Constants.ttcn3:0 Initializing module GSM_Types.
2026/Jun/23 10:04:36.523906 EXECUTOR GSM_Constants.ttcn3:0 Initialization of module GSM_Types finished.
2026/Jun/23 10:04:36.523910 EXECUTOR GSM_Templates.ttcn3:0 Initialization of module GSM_Constants finished.
2026/Jun/23 10:04:36.523985 EXECUTOR GSM_Component_Definitions.ttcn3:0 Initialization of module GSM_Templates finished.
2026/Jun/23 10:04:36.523991 EXECUTOR - Initialization of module GSM_Component_Definitions finished.
2026/Jun/23 10:04:36.523994 EXECUTOR - Initializing module GSM_Functions.
2026/Jun/23 10:04:36.524019 EXECUTOR - Initialization of module GSM_Functions finished.
2026/Jun/23 10:04:36.524022 EXECUTOR - Initializing module PreGenRecordOf.
2026/Jun/23 10:04:36.524025 EXECUTOR - Initialization of module PreGenRecordOf finished.
2026/Jun/23 10:04:36.524028 EXECUTOR - Initializing module TC_26_2_1_3.
2026/Jun/23 10:04:36.524034 EXECUTOR - Initialization of module TC_26_2_1_3 finished.
2026/Jun/23 10:04:36.524037 EXECUTOR - Initializing module TC_26_2_2.
2026/Jun/23 10:04:36.524042 EXECUTOR - Initialization of module TC_26_2_2 finished.
2026/Jun/23 10:04:36.524045 EXECUTOR - Initializing module TC_26_2_3.
2026/Jun/23 10:04:36.524051 EXECUTOR - Initialization of module TC_26_2_3 finished.
2026/Jun/23 10:04:36.524054 EXECUTOR - Initializing module TC_26_6_11_1.
2026/Jun/23 10:04:36.524059 EXECUTOR - Initialization of module TC_26_6_11_1 finished.
2026/Jun/23 10:04:36.524062 EXECUTOR - Initializing module TC_26_6_11_2.
2026/Jun/23 10:04:36.524068 EXECUTOR - Initialization of module TC_26_6_11_2 finished.
2026/Jun/23 10:04:36.524071 EXECUTOR - Initializing module TC_26_6_12_1.
2026/Jun/23 10:04:36.524076 EXECUTOR - Initialization of module TC_26_6_12_1 finished.
2026/Jun/23 10:04:36.524079 EXECUTOR - Initializing module TC_26_6_12_2.
2026/Jun/23 10:04:36.524084 EXECUTOR - Initialization of module TC_26_6_12_2 finished.
2026/Jun/23 10:04:36.524087 EXECUTOR - Initializing module TC_26_6_12_3.
2026/Jun/23 10:04:36.524092 EXECUTOR - Initialization of module TC_26_6_12_3 finished.
2026/Jun/23 10:04:36.524095 EXECUTOR - Initializing module TC_26_6_12_4.
2026/Jun/23 10:04:36.524101 EXECUTOR - Initialization of module TC_26_6_12_4 finished.
2026/Jun/23 10:04:36.524104 EXECUTOR - Initializing module TC_26_6_13_10.
2026/Jun/23 10:04:36.524110 EXECUTOR - Initialization of module TC_26_6_13_10 finished.
2026/Jun/23 10:04:36.524113 EXECUTOR - Initializing module TC_26_6_13_9.
2026/Jun/23 10:04:36.524118 EXECUTOR - Initialization of module TC_26_6_13_9 finished.
2026/Jun/23 10:04:36.524121 EXECUTOR - Initializing module TC_26_6_1_1.
2026/Jun/23 10:04:36.524127 EXECUTOR - Initialization of module TC_26_6_1_1 finished.
2026/Jun/23 10:04:36.524130 EXECUTOR - Initializing module TC_26_6_1_2.
2026/Jun/23 10:04:36.524135 EXECUTOR - Initialization of module TC_26_6_1_2 finished.
2026/Jun/23 10:04:36.524139 EXECUTOR - Initializing module TC_26_6_1_3.
2026/Jun/23 10:04:36.524144 EXECUTOR - Initialization of module TC_26_6_1_3 finished.
2026/Jun/23 10:04:36.524147 EXECUTOR - Initializing module TC_26_6_1_4.
2026/Jun/23 10:04:36.524153 EXECUTOR - Initialization of module TC_26_6_1_4 finished.
2026/Jun/23 10:04:36.524156 EXECUTOR - Initializing module TC_26_6_1_5.
2026/Jun/23 10:04:36.524161 EXECUTOR - Initialization of module TC_26_6_1_5 finished.
2026/Jun/23 10:04:36.524164 EXECUTOR - Initializing module TC_26_6_2_1_1.
2026/Jun/23 10:04:36.524169 EXECUTOR - Initialization of module TC_26_6_2_1_1 finished.
2026/Jun/23 10:04:36.524172 EXECUTOR - Initializing module TC_26_6_2_1_2.
2026/Jun/23 10:04:36.524177 EXECUTOR - Initialization of module TC_26_6_2_1_2 finished.
2026/Jun/23 10:04:36.524181 EXECUTOR - Initializing module TC_26_6_2_1_3.
2026/Jun/23 10:04:36.524186 EXECUTOR - Initialization of module TC_26_6_2_1_3 finished.
2026/Jun/23 10:04:36.524189 EXECUTOR - Initializing module TC_26_6_2_2.
2026/Jun/23 10:04:36.524194 EXECUTOR - Initialization of module TC_26_6_2_2 finished.
2026/Jun/23 10:04:36.524197 EXECUTOR - Initializing module TC_26_6_2_3_1.
2026/Jun/23 10:04:36.524202 EXECUTOR - Initialization of module TC_26_6_2_3_1 finished.
2026/Jun/23 10:04:36.524205 EXECUTOR - Initializing module TC_26_6_2_3_2.
2026/Jun/23 10:04:36.524211 EXECUTOR - Initialization of module TC_26_6_2_3_2 finished.
2026/Jun/23 10:04:36.524221 EXECUTOR - Initializing module TC_26_6_2_4.
2026/Jun/23 10:04:36.524226 EXECUTOR - Initialization of module TC_26_6_2_4 finished.
2026/Jun/23 10:04:36.524229 EXECUTOR - Initializing module TC_26_6_3_1.
2026/Jun/23 10:04:36.524234 EXECUTOR - Initialization of module TC_26_6_3_1 finished.
2026/Jun/23 10:04:36.524237 EXECUTOR - Initializing module TC_26_6_3_4.
2026/Jun/23 10:04:36.524244 EXECUTOR - Initialization of module TC_26_6_3_4 finished.
2026/Jun/23 10:04:36.524247 EXECUTOR - Initializing module TC_26_6_4_1.
2026/Jun/23 10:04:36.524252 EXECUTOR - Initialization of module TC_26_6_4_1 finished.
2026/Jun/23 10:04:36.524255 EXECUTOR - Initializing module TC_26_6_4_2_2.
2026/Jun/23 10:04:36.524260 EXECUTOR - Initialization of module TC_26_6_4_2_2 finished.
2026/Jun/23 10:04:36.524263 EXECUTOR - Initializing module TC_26_6_5_1.
2026/Jun/23 10:04:36.524269 EXECUTOR - Initialization of module TC_26_6_5_1 finished.
2026/Jun/23 10:04:36.524271 EXECUTOR - Initializing module TC_26_6_5_2_1.
2026/Jun/23 10:04:36.524276 EXECUTOR - Initialization of module TC_26_6_5_2_1 finished.
2026/Jun/23 10:04:36.524280 EXECUTOR - Initializing module TC_26_6_8_1.
2026/Jun/23 10:04:36.524285 EXECUTOR - Initialization of module TC_26_6_8_1 finished.
2026/Jun/23 10:04:36.524288 EXECUTOR - Initializing module TC_26_6_8_2.
2026/Jun/23 10:04:36.524293 EXECUTOR - Initialization of module TC_26_6_8_2 finished.
2026/Jun/23 10:04:36.524296 EXECUTOR - Initializing module TC_26_6_8_3.
2026/Jun/23 10:04:36.524301 EXECUTOR - Initialization of module TC_26_6_8_3 finished.
2026/Jun/23 10:04:36.524304 EXECUTOR - Initializing module TC_26_6_8_4.
2026/Jun/23 10:04:36.524309 EXECUTOR - Initialization of module TC_26_6_8_4 finished.
2026/Jun/23 10:04:36.524312 EXECUTOR - Initializing module TC_26_6_8_5.
2026/Jun/23 10:04:36.524318 EXECUTOR - Initialization of module TC_26_6_8_5 finished.
2026/Jun/23 10:04:36.524321 EXECUTOR - Initializing module TC_26_7_1.
2026/Jun/23 10:04:36.524326 EXECUTOR - Initialization of module TC_26_7_1 finished.
2026/Jun/23 10:04:36.524329 EXECUTOR - Initializing module TC_26_7_2_1.
2026/Jun/23 10:04:36.524334 EXECUTOR - Initialization of module TC_26_7_2_1 finished.
2026/Jun/23 10:04:36.524337 EXECUTOR - Initializing module TC_26_7_2_2.
2026/Jun/23 10:04:36.524342 EXECUTOR - Initialization of module TC_26_7_2_2 finished.
2026/Jun/23 10:04:36.524345 EXECUTOR - Initializing module TC_26_7_3_1.
2026/Jun/23 10:04:36.524351 EXECUTOR - Initialization of module TC_26_7_3_1 finished.
2026/Jun/23 10:04:36.524354 EXECUTOR - Initializing module TC_26_7_3_2.
2026/Jun/23 10:04:36.524359 EXECUTOR - Initialization of module TC_26_7_3_2 finished.
2026/Jun/23 10:04:36.524362 EXECUTOR - Initializing module TC_26_7_4_1.
2026/Jun/23 10:04:36.524367 EXECUTOR - Initialization of module TC_26_7_4_1 finished.
2026/Jun/23 10:04:36.524370 EXECUTOR - Initializing module TC_26_7_4_2_1.
2026/Jun/23 10:04:36.524376 EXECUTOR - Initialization of module TC_26_7_4_2_1 finished.
2026/Jun/23 10:04:36.524379 EXECUTOR - Initializing module TC_26_7_4_2_2_1.
2026/Jun/23 10:04:36.524384 EXECUTOR - Initialization of module TC_26_7_4_2_2_1 finished.
2026/Jun/23 10:04:36.524387 EXECUTOR - Initializing module TC_26_7_4_2_2_2.
2026/Jun/23 10:04:36.524392 EXECUTOR - Initialization of module TC_26_7_4_2_2_2 finished.
2026/Jun/23 10:04:36.524395 EXECUTOR - Initializing module TC_26_7_4_2_3.
2026/Jun/23 10:04:36.524401 EXECUTOR - Initialization of module TC_26_7_4_2_3 finished.
2026/Jun/23 10:04:36.524404 EXECUTOR - Initializing module TC_26_7_4_2_4_1.
2026/Jun/23 10:04:36.524409 EXECUTOR - Initialization of module TC_26_7_4_2_4_1 finished.
2026/Jun/23 10:04:36.524412 EXECUTOR - Initializing module TC_26_7_4_2_4_2.
2026/Jun/23 10:04:36.524417 EXECUTOR - Initialization of module TC_26_7_4_2_4_2 finished.
2026/Jun/23 10:04:36.524420 EXECUTOR - Initializing module TC_26_7_4_2_4_3.
2026/Jun/23 10:04:36.524426 EXECUTOR - Initialization of module TC_26_7_4_2_4_3 finished.
2026/Jun/23 10:04:36.524429 EXECUTOR - Initializing module TC_26_7_4_2_4_4.
2026/Jun/23 10:04:36.524438 EXECUTOR - Initialization of module TC_26_7_4_2_4_4 finished.
2026/Jun/23 10:04:36.524441 EXECUTOR - Initializing module TC_26_7_4_2_4_5.
2026/Jun/23 10:04:36.524446 EXECUTOR - Initialization of module TC_26_7_4_2_4_5 finished.
2026/Jun/23 10:04:36.524449 EXECUTOR - Initializing module TC_26_7_4_3_1.
2026/Jun/23 10:04:36.524454 EXECUTOR - Initialization of module TC_26_7_4_3_1 finished.
2026/Jun/23 10:04:36.524457 EXECUTOR - Initializing module TC_26_7_4_3_2.
2026/Jun/23 10:04:36.524463 EXECUTOR - Initialization of module TC_26_7_4_3_2 finished.
2026/Jun/23 10:04:36.524466 EXECUTOR - Initializing module TC_26_7_4_3_3.
2026/Jun/23 10:04:36.524471 EXECUTOR - Initialization of module TC_26_7_4_3_3 finished.
2026/Jun/23 10:04:36.524474 EXECUTOR - Initializing module TC_26_7_4_3_4.
2026/Jun/23 10:04:36.524479 EXECUTOR - Initialization of module TC_26_7_4_3_4 finished.
2026/Jun/23 10:04:36.524482 EXECUTOR - Initializing module TC_26_7_4_4.
2026/Jun/23 10:04:36.524488 EXECUTOR - Initialization of module TC_26_7_4_4 finished.
2026/Jun/23 10:04:36.524491 EXECUTOR - Initializing module TC_26_7_4_5_1.
2026/Jun/23 10:04:36.524496 EXECUTOR - Initialization of module TC_26_7_4_5_1 finished.
2026/Jun/23 10:04:36.524499 EXECUTOR - Initializing module TC_26_7_4_5_2.
2026/Jun/23 10:04:36.524504 EXECUTOR - Initialization of module TC_26_7_4_5_2 finished.
2026/Jun/23 10:04:36.524507 EXECUTOR - Initializing module TC_26_7_4_5_3.
2026/Jun/23 10:04:36.524513 EXECUTOR - Initialization of module TC_26_7_4_5_3 finished.
2026/Jun/23 10:04:36.524516 EXECUTOR - Initializing module TC_26_7_4_5_4_2.
2026/Jun/23 10:04:36.524522 EXECUTOR - Initialization of module TC_26_7_4_5_4_2 finished.
2026/Jun/23 10:04:36.524525 EXECUTOR - Initializing module TC_26_7_5_2.
2026/Jun/23 10:04:36.524530 EXECUTOR - Initialization of module TC_26_7_5_2 finished.
2026/Jun/23 10:04:36.524533 EXECUTOR - Initializing module TC_26_7_5_3.
2026/Jun/23 10:04:36.524538 EXECUTOR - Initialization of module TC_26_7_5_3 finished.
2026/Jun/23 10:04:36.524541 EXECUTOR - Initializing module TC_26_7_5_4.
2026/Jun/23 10:04:36.524547 EXECUTOR - Initialization of module TC_26_7_5_4 finished.
2026/Jun/23 10:04:36.524550 EXECUTOR - Initializing module TC_26_7_5_5.
2026/Jun/23 10:04:36.524555 EXECUTOR - Initialization of module TC_26_7_5_5 finished.
2026/Jun/23 10:04:36.524558 EXECUTOR - Initializing module TC_26_7_5_6.
2026/Jun/23 10:04:36.524563 EXECUTOR - Initialization of module TC_26_7_5_6 finished.
2026/Jun/23 10:04:36.524566 EXECUTOR - Initializing module TC_26_7_5_7_1.
2026/Jun/23 10:04:36.524571 EXECUTOR - Initialization of module TC_26_7_5_7_1 finished.
2026/Jun/23 10:04:36.524574 EXECUTOR - Initializing module TC_26_7_5_8_1.
2026/Jun/23 10:04:36.524580 EXECUTOR - Initialization of module TC_26_7_5_8_1 finished.
2026/Jun/23 10:04:36.524583 EXECUTOR - Initializing module TC_26_7_5_8_2.
2026/Jun/23 10:04:36.524588 EXECUTOR - Initialization of module TC_26_7_5_8_2 finished.
2026/Jun/23 10:04:36.524591 EXECUTOR - Initializing module TC_26_7_5_8_3.
2026/Jun/23 10:04:36.524596 EXECUTOR - Initialization of module TC_26_7_5_8_3 finished.
2026/Jun/23 10:04:36.524599 EXECUTOR - Initializing module TC_26_8_1_2_1_1.
2026/Jun/23 10:04:36.524604 EXECUTOR - Initialization of module TC_26_8_1_2_1_1 finished.
2026/Jun/23 10:04:36.524607 EXECUTOR - Initializing module TC_26_8_1_2_2_1.
2026/Jun/23 10:04:36.524613 EXECUTOR - Initialization of module TC_26_8_1_2_2_1 finished.
2026/Jun/23 10:04:36.524616 EXECUTOR - Initializing module TC_26_8_1_2_2_2.
2026/Jun/23 10:04:36.524621 EXECUTOR - Initialization of module TC_26_8_1_2_2_2 finished.
2026/Jun/23 10:04:36.524624 EXECUTOR - Initializing module TC_26_8_1_2_2_3.
2026/Jun/23 10:04:36.524630 EXECUTOR - Initialization of module TC_26_8_1_2_2_3 finished.
2026/Jun/23 10:04:36.524633 EXECUTOR - Initializing module TC_26_8_1_2_3_1.
2026/Jun/23 10:04:36.524638 EXECUTOR - Initialization of module TC_26_8_1_2_3_1 finished.
2026/Jun/23 10:04:36.524641 EXECUTOR - Initializing module TC_26_8_1_2_3_2.
2026/Jun/23 10:04:36.524646 EXECUTOR - Initialization of module TC_26_8_1_2_3_2 finished.
2026/Jun/23 10:04:36.524653 EXECUTOR - Initializing module TC_26_8_1_2_3_3.
2026/Jun/23 10:04:36.524658 EXECUTOR - Initialization of module TC_26_8_1_2_3_3 finished.
2026/Jun/23 10:04:36.524661 EXECUTOR - Initializing module TC_26_8_1_2_3_4.
2026/Jun/23 10:04:36.524667 EXECUTOR - Initialization of module TC_26_8_1_2_3_4 finished.
2026/Jun/23 10:04:36.524670 EXECUTOR - Initializing module TC_26_8_1_2_3_5.
2026/Jun/23 10:04:36.524675 EXECUTOR - Initialization of module TC_26_8_1_2_3_5 finished.
2026/Jun/23 10:04:36.524678 EXECUTOR - Initializing module TC_26_8_1_2_3_6.
2026/Jun/23 10:04:36.524683 EXECUTOR - Initialization of module TC_26_8_1_2_3_6 finished.
2026/Jun/23 10:04:36.524686 EXECUTOR - Initializing module TC_26_8_1_2_3_7.
2026/Jun/23 10:04:36.524692 EXECUTOR - Initialization of module TC_26_8_1_2_3_7 finished.
2026/Jun/23 10:04:36.524695 EXECUTOR - Initializing module TC_26_8_1_2_4_1.
2026/Jun/23 10:04:36.524700 EXECUTOR - Initialization of module TC_26_8_1_2_4_1 finished.
2026/Jun/23 10:04:36.524703 EXECUTOR - Initializing module TC_26_8_1_2_4_13.
2026/Jun/23 10:04:36.524709 EXECUTOR - Initialization of module TC_26_8_1_2_4_13 finished.
2026/Jun/23 10:04:36.524712 EXECUTOR - Initializing module TC_26_8_1_2_4_2.
2026/Jun/23 10:04:36.524717 EXECUTOR - Initialization of module TC_26_8_1_2_4_2 finished.
2026/Jun/23 10:04:36.524720 EXECUTOR - Initializing module TC_26_8_1_2_4_3.
2026/Jun/23 10:04:36.524726 EXECUTOR - Initialization of module TC_26_8_1_2_4_3 finished.
2026/Jun/23 10:04:36.524729 EXECUTOR - Initializing module TC_26_8_1_2_4_4.
2026/Jun/23 10:04:36.524734 EXECUTOR - Initialization of module TC_26_8_1_2_4_4 finished.
2026/Jun/23 10:04:36.524737 EXECUTOR - Initializing module TC_26_8_1_2_4_5.
2026/Jun/23 10:04:36.524743 EXECUTOR - Initialization of module TC_26_8_1_2_4_5 finished.
2026/Jun/23 10:04:36.524746 EXECUTOR - Initializing module TC_26_8_1_2_6_1.
2026/Jun/23 10:04:36.524751 EXECUTOR - Initialization of module TC_26_8_1_2_6_1 finished.
2026/Jun/23 10:04:36.524754 EXECUTOR - Initializing module TC_26_8_1_2_6_2.
2026/Jun/23 10:04:36.524760 EXECUTOR - Initialization of module TC_26_8_1_2_6_2 finished.
2026/Jun/23 10:04:36.524763 EXECUTOR - Initializing module TC_26_8_1_2_6_3.
2026/Jun/23 10:04:36.524768 EXECUTOR - Initialization of module TC_26_8_1_2_6_3 finished.
2026/Jun/23 10:04:36.524771 EXECUTOR - Initializing module TC_26_8_1_2_6_6.
2026/Jun/23 10:04:36.524776 EXECUTOR - Initialization of module TC_26_8_1_2_6_6 finished.
2026/Jun/23 10:04:36.524779 EXECUTOR - Initializing module TC_26_8_1_3_1_1.
2026/Jun/23 10:04:36.524785 EXECUTOR - Initialization of module TC_26_8_1_3_1_1 finished.
2026/Jun/23 10:04:36.524788 EXECUTOR - Initializing module TC_26_8_1_3_2_1.
2026/Jun/23 10:04:36.524793 EXECUTOR - Initialization of module TC_26_8_1_3_2_1 finished.
2026/Jun/23 10:04:36.524796 EXECUTOR - Initializing module TC_26_8_1_3_3_1.
2026/Jun/23 10:04:36.524801 EXECUTOR - Initialization of module TC_26_8_1_3_3_1 finished.
2026/Jun/23 10:04:36.524804 EXECUTOR - Initializing module TC_26_8_1_3_3_2.
2026/Jun/23 10:04:36.524810 EXECUTOR - Initialization of module TC_26_8_1_3_3_2 finished.
2026/Jun/23 10:04:36.524813 EXECUTOR - Initializing module TC_26_8_1_3_3_3.
2026/Jun/23 10:04:36.524818 EXECUTOR - Initialization of module TC_26_8_1_3_3_3 finished.
2026/Jun/23 10:04:36.524832 EXECUTOR - Initializing module TC_26_8_1_3_3_4.
2026/Jun/23 10:04:36.524838 EXECUTOR - Initialization of module TC_26_8_1_3_3_4 finished.
2026/Jun/23 10:04:36.524841 EXECUTOR - Initializing module TC_26_8_1_3_3_5.
2026/Jun/23 10:04:36.524846 EXECUTOR - Initialization of module TC_26_8_1_3_3_5 finished.
2026/Jun/23 10:04:36.524849 EXECUTOR - Initializing module TC_26_8_1_3_3_6.
2026/Jun/23 10:04:36.524855 EXECUTOR - Initialization of module TC_26_8_1_3_3_6 finished.
2026/Jun/23 10:04:36.524858 EXECUTOR - Initializing module TC_26_8_1_3_3_7.
2026/Jun/23 10:04:36.524863 EXECUTOR - Initialization of module TC_26_8_1_3_3_7 finished.
2026/Jun/23 10:04:36.524866 EXECUTOR - Initializing module TC_26_8_1_3_4_1.
2026/Jun/23 10:04:36.524875 EXECUTOR - Initialization of module TC_26_8_1_3_4_1 finished.
2026/Jun/23 10:04:36.524878 EXECUTOR - Initializing module TC_26_8_1_3_4_2.
2026/Jun/23 10:04:36.524884 EXECUTOR - Initialization of module TC_26_8_1_3_4_2 finished.
2026/Jun/23 10:04:36.524887 EXECUTOR - Initializing module TC_26_8_1_3_4_3.
2026/Jun/23 10:04:36.524892 EXECUTOR - Initialization of module TC_26_8_1_3_4_3 finished.
2026/Jun/23 10:04:36.524895 EXECUTOR - Initializing module TC_26_8_1_3_4_4.
2026/Jun/23 10:04:36.524901 EXECUTOR - Initialization of module TC_26_8_1_3_4_4 finished.
2026/Jun/23 10:04:36.524904 EXECUTOR - Initializing module TC_26_8_1_3_4_5.
2026/Jun/23 10:04:36.524910 EXECUTOR - Initialization of module TC_26_8_1_3_4_5 finished.
2026/Jun/23 10:04:36.524913 EXECUTOR - Initializing module TC_26_8_1_3_4_6.
2026/Jun/23 10:04:36.524918 EXECUTOR - Initialization of module TC_26_8_1_3_4_6 finished.
2026/Jun/23 10:04:36.524921 EXECUTOR - Initializing module TC_26_8_1_3_4_7.
2026/Jun/23 10:04:36.524927 EXECUTOR - Initialization of module TC_26_8_1_3_4_7 finished.
2026/Jun/23 10:04:36.524930 EXECUTOR - Initializing module TC_26_8_1_3_4_8.
2026/Jun/23 10:04:36.524935 EXECUTOR - Initialization of module TC_26_8_1_3_4_8 finished.
2026/Jun/23 10:04:36.524938 EXECUTOR - Initializing module TC_26_8_1_3_5_1.
2026/Jun/23 10:04:36.524944 EXECUTOR - Initialization of module TC_26_8_1_3_5_1 finished.
2026/Jun/23 10:04:36.524947 EXECUTOR - Initializing module TC_26_8_1_3_5_2.
2026/Jun/23 10:04:36.524952 EXECUTOR - Initialization of module TC_26_8_1_3_5_2 finished.
2026/Jun/23 10:04:36.524955 EXECUTOR - Initializing module TC_26_8_1_3_5_3.
2026/Jun/23 10:04:36.524960 EXECUTOR - Initialization of module TC_26_8_1_3_5_3 finished.
2026/Jun/23 10:04:36.524964 EXECUTOR - Initializing module TC_26_8_1_3_5_4.
2026/Jun/23 10:04:36.524969 EXECUTOR - Initialization of module TC_26_8_1_3_5_4 finished.
2026/Jun/23 10:04:36.524972 EXECUTOR - Initializing module TC_26_8_1_3_5_5.
2026/Jun/23 10:04:36.524977 EXECUTOR - Initialization of module TC_26_8_1_3_5_5 finished.
2026/Jun/23 10:04:36.524980 EXECUTOR - Initializing module TC_26_8_1_3_5_6.
2026/Jun/23 10:04:36.524986 EXECUTOR - Initialization of module TC_26_8_1_3_5_6 finished.
2026/Jun/23 10:04:36.524989 EXECUTOR - Initializing module TC_26_8_1_3_5_7.
2026/Jun/23 10:04:36.524994 EXECUTOR - Initialization of module TC_26_8_1_3_5_7 finished.
2026/Jun/23 10:04:36.524997 EXECUTOR - Initializing module TC_26_8_1_3_5_8.
2026/Jun/23 10:04:36.525003 EXECUTOR - Initialization of module TC_26_8_1_3_5_8 finished.
2026/Jun/23 10:04:36.525006 EXECUTOR - Initializing module TC_26_8_1_3_5_9.
2026/Jun/23 10:04:36.525011 EXECUTOR - Initialization of module TC_26_8_1_3_5_9 finished.
2026/Jun/23 10:04:36.525014 EXECUTOR - Initializing module TC_26_8_2_1.
2026/Jun/23 10:04:36.525020 EXECUTOR - Initialization of module TC_26_8_2_1 finished.
2026/Jun/23 10:04:36.525023 EXECUTOR - Initializing module TC_26_8_2_2.
2026/Jun/23 10:04:36.525028 EXECUTOR - Initialization of module TC_26_8_2_2 finished.
2026/Jun/23 10:04:36.525031 EXECUTOR - Initializing module TC_26_8_2_3.
2026/Jun/23 10:04:36.525037 EXECUTOR - Initialization of module TC_26_8_2_3 finished.
2026/Jun/23 10:04:36.525040 EXECUTOR - Initializing module TC_26_8_3.
2026/Jun/23 10:04:36.525046 EXECUTOR - Initialization of module TC_26_8_3 finished.
2026/Jun/23 10:04:36.525049 EXECUTOR - Initializing module TC_34_2_2.
2026/Jun/23 10:04:36.525054 EXECUTOR - Initialization of module TC_34_2_2 finished.
2026/Jun/23 10:04:36.525057 EXECUTOR - Initializing module TitanLoggerApi.
2026/Jun/23 10:04:36.525060 EXECUTOR - Initialization of module TitanLoggerApi finished.
2026/Jun/23 10:04:36.525063 EXECUTOR - Initializing module TitanLoggerControl.
2026/Jun/23 10:04:36.525066 EXECUTOR - Initialization of module TitanLoggerControl finished.
2026/Jun/23 10:04:36.525078 EXECUTOR - Configuration data was processed successfully.
2026/Jun/23 10:04:36.526394 EXECUTOR - MTC was created. Process id: 39.
2026/Jun/23 10:07:49.631619 EXECUTOR - Exit was requested from MC. Terminating HC.
2026/Jun/23 10:07:49.631748 EXECUTOR - Disconnected from MC.
2026/Jun/23 10:07:49.631780 EXECUTOR - TTCN-3 Host Controller finished.
