2026/Jun/16 10:28:31.582146 EXECUTOR - TTCN-3 Host Controller started on ttcn3-tc-26-8-1-3-3-1-1-fjk9p. Version: 11.1.0.
2026/Jun/16 10:28:31.582481 EXECUTOR - TTCN Logger v2.2 options: TimeStampFormat:=DateTime; LogEntityName:=No; LogEventTypes:=Yes; SourceInfoFormat:=Single; LogSensitiveData:=No; *.FileMask:=LOG_ALL; *.ConsoleMask:=ERROR | TESTCASE | USER | VERDICTOP | WARNING; LogFileSize:=0; LogFileNumber:=1; DiskFullAction:=Error
2026/Jun/16 10:28:31.582507 EXECUTOR - Maximum number of open file descriptors: 1048576,   FD_SETSIZE = 1024
2026/Jun/16 10:28:31.582762 WARNING - Warning: The address of MC was set to a local IP address. This may cause incorrect behavior if a HC from a remote host also connects to MC.
2026/Jun/16 10:28:31.665681 EXECUTOR - The address of MC was set to 127.0.0.1:0.
2026/Jun/16 10:28:31.680297 EXECUTOR - Connected to MC.
2026/Jun/16 10:28:31.680514 EXECUTOR - This host supports UNIX domain sockets for local communication.
2026/Jun/16 10:28:31.680809 EXECUTOR - Processing configuration data received from MC.
2026/Jun/16 10:28:31.681205 WARNING - Warning: Skeleton `/results/TC_26_8_1_3_3_1-2026-06-16-102828/%n.log' does not guarantee unique log file name for every test system process. It may cause unpredictable results if several test components try to write into the same log file.
2026/Jun/16 10:28:31.681499 EXECUTOR - Module GSM_Constants has the following parameters: { TSPC_Serv_TS11 := true, TSPC_Serv_TS61 := false, TSPC_Serv_TS62 := false, TSPC_Serv_BS21 := false, TSPC_Serv_BS22 := false, TSPC_Serv_BS24 := false, TSPC_Serv_BS25 := false, TSPC_Serv_BS26 := false, TSPC_Serv_BS31 := false, TSPC_Serv_BS32 := false, TSPC_Serv_BS33 := false, TSPC_Serv_BS34 := false, TSPC_Serv_BS41 := false, TSPC_Serv_BS42 := false, TSPC_Serv_BS43 := false, TSPC_Serv_BS44 := false, TSPC_Serv_BS45 := false, TSPC_Serv_BS51 := false, TSPC_Serv_BS61 := false, TSPC_Serv_BS81 := false, TSPC_DualRate := false, TSPC_MTsvc := true, TSPX_IMSI := '901700000000001F'O, TSPX_TMSI := '1914D97F'O, TSPX_CKSNDef := 0, TSPX_RANDDef := '00112233445566778899AABBCCDDEEFF'O, TSPX_SRES := '12345678'O, TSPX_Kc := '0000000000000000'O, TSPX_SDCCH4SubDef := 0, TSPX_TmSltDef := 0, TSPX_TscDef := 7, TSPX_TCHHSubDef := 0, TCV_CC := true, TSPX_Telephony_Rate := C_Full (0), TSPX_MOBscSvcA := C_Telephony (0), TSPX_MOBscSvcB := C_Telephony (0), TSPX_MOBscSvcC := C_Telephony (0), TSPX_MOBscSvcD := C_Telephony (0), TSPX_MOBscSvcE := C_Telephony (0), TSPX_MOBscSvcF := C_Telephony (0), TSPX_MOBscSvcG := C_Telephony (0), TSPX_MOChRateA := C_Full (0), TSPX_MOChRateB := C_Full (0), TSPX_MOChRateC := C_Full (0), TSPX_MOChRateD := C_Full (0), TSPX_MOChRateE := C_Full (0), TSPX_MOChRateF := C_Full (0), TSPX_MOChRateG := C_Full (0), TSPX_MTBscSvcA := C_Telephony (0), TSPX_MTBscSvcB := C_Telephony (0), TSPX_MTBscSvcC := C_Telephony (0), TSPX_MTBscSvcD := C_Telephony (0), TSPX_MTBscSvcE := C_Telephony (0), TSPX_MTBscSvcF := C_Telephony (0), TSPX_MTBscSvcG := C_Telephony (0), TSPX_MTBscSvcH := C_Telephony (0), TSPX_MTBscSvcI := C_Telephony (0), TSPX_MTBscSvcJ := C_Telephony (0), TSPX_MTChRateA := C_Full (0), TSPX_MTChRateB := C_Full (0), TSPX_MTChRateC := C_Full (0), TSPX_MTChRateD := C_Full (0), TSPX_MTChRateE := C_Full (0), TSPX_MTChRateF := C_Full (0), TSPX_MTChRateG := C_Full (0), TSPX_MTChRateH := C_Full (0), TSPX_MTChRateI := C_Full (0), TSPX_MTChRateJ := C_Full (0), C_arfcnA := 100 }
2026/Jun/16 10:28:31.681582 EXECUTOR - Module TC_26_6_1_2 has the following parameters: { TSPX_nPara := 3, TSPX_i1Para := 3, TSPX_kPara := 5, TSPX_i2Para := 1, TSPX_rPara := 4, TSPX_i3Para := 4 }
2026/Jun/16 10:28:31.681608 EXECUTOR - Initializing module GSM_Component_Definitions.
2026/Jun/16 10:28:31.681616 EXECUTOR GSM_Component_Definitions.ttcn3:0 Initializing module GSM_Templates.
2026/Jun/16 10:28:31.681634 EXECUTOR GSM_Templates.ttcn3:0 Initializing module GSM_Constants.
2026/Jun/16 10:28:31.681639 EXECUTOR GSM_Constants.ttcn3:0 Initializing module GSM_Types.
2026/Jun/16 10:28:31.681642 EXECUTOR GSM_Constants.ttcn3:0 Initialization of module GSM_Types finished.
2026/Jun/16 10:28:31.681645 EXECUTOR GSM_Templates.ttcn3:0 Initialization of module GSM_Constants finished.
2026/Jun/16 10:28:31.681723 EXECUTOR GSM_Component_Definitions.ttcn3:0 Initialization of module GSM_Templates finished.
2026/Jun/16 10:28:31.681726 EXECUTOR - Initialization of module GSM_Component_Definitions finished.
2026/Jun/16 10:28:31.681729 EXECUTOR - Initializing module GSM_Functions.
2026/Jun/16 10:28:31.681756 EXECUTOR - Initialization of module GSM_Functions finished.
2026/Jun/16 10:28:31.681759 EXECUTOR - Initializing module PreGenRecordOf.
2026/Jun/16 10:28:31.681761 EXECUTOR - Initialization of module PreGenRecordOf finished.
2026/Jun/16 10:28:31.681763 EXECUTOR - Initializing module TC_26_2_1_3.
2026/Jun/16 10:28:31.681769 EXECUTOR - Initialization of module TC_26_2_1_3 finished.
2026/Jun/16 10:28:31.681771 EXECUTOR - Initializing module TC_26_2_2.
2026/Jun/16 10:28:31.681777 EXECUTOR - Initialization of module TC_26_2_2 finished.
2026/Jun/16 10:28:31.681779 EXECUTOR - Initializing module TC_26_2_3.
2026/Jun/16 10:28:31.681784 EXECUTOR - Initialization of module TC_26_2_3 finished.
2026/Jun/16 10:28:31.681786 EXECUTOR - Initializing module TC_26_6_11_1.
2026/Jun/16 10:28:31.681792 EXECUTOR - Initialization of module TC_26_6_11_1 finished.
2026/Jun/16 10:28:31.681794 EXECUTOR - Initializing module TC_26_6_11_2.
2026/Jun/16 10:28:31.681799 EXECUTOR - Initialization of module TC_26_6_11_2 finished.
2026/Jun/16 10:28:31.681801 EXECUTOR - Initializing module TC_26_6_12_1.
2026/Jun/16 10:28:31.681806 EXECUTOR - Initialization of module TC_26_6_12_1 finished.
2026/Jun/16 10:28:31.681808 EXECUTOR - Initializing module TC_26_6_12_2.
2026/Jun/16 10:28:31.681813 EXECUTOR - Initialization of module TC_26_6_12_2 finished.
2026/Jun/16 10:28:31.681815 EXECUTOR - Initializing module TC_26_6_12_3.
2026/Jun/16 10:28:31.681827 EXECUTOR - Initialization of module TC_26_6_12_3 finished.
2026/Jun/16 10:28:31.681831 EXECUTOR - Initializing module TC_26_6_12_4.
2026/Jun/16 10:28:31.681837 EXECUTOR - Initialization of module TC_26_6_12_4 finished.
2026/Jun/16 10:28:31.681839 EXECUTOR - Initializing module TC_26_6_13_10.
2026/Jun/16 10:28:31.681844 EXECUTOR - Initialization of module TC_26_6_13_10 finished.
2026/Jun/16 10:28:31.681846 EXECUTOR - Initializing module TC_26_6_13_9.
2026/Jun/16 10:28:31.681851 EXECUTOR - Initialization of module TC_26_6_13_9 finished.
2026/Jun/16 10:28:31.681853 EXECUTOR - Initializing module TC_26_6_1_1.
2026/Jun/16 10:28:31.681859 EXECUTOR - Initialization of module TC_26_6_1_1 finished.
2026/Jun/16 10:28:31.681861 EXECUTOR - Initializing module TC_26_6_1_2.
2026/Jun/16 10:28:31.681866 EXECUTOR - Initialization of module TC_26_6_1_2 finished.
2026/Jun/16 10:28:31.681868 EXECUTOR - Initializing module TC_26_6_1_3.
2026/Jun/16 10:28:31.681874 EXECUTOR - Initialization of module TC_26_6_1_3 finished.
2026/Jun/16 10:28:31.681876 EXECUTOR - Initializing module TC_26_6_1_4.
2026/Jun/16 10:28:31.681882 EXECUTOR - Initialization of module TC_26_6_1_4 finished.
2026/Jun/16 10:28:31.681884 EXECUTOR - Initializing module TC_26_6_1_5.
2026/Jun/16 10:28:31.681889 EXECUTOR - Initialization of module TC_26_6_1_5 finished.
2026/Jun/16 10:28:31.681891 EXECUTOR - Initializing module TC_26_6_2_1_1.
2026/Jun/16 10:28:31.681897 EXECUTOR - Initialization of module TC_26_6_2_1_1 finished.
2026/Jun/16 10:28:31.681899 EXECUTOR - Initializing module TC_26_6_2_1_2.
2026/Jun/16 10:28:31.681904 EXECUTOR - Initialization of module TC_26_6_2_1_2 finished.
2026/Jun/16 10:28:31.681906 EXECUTOR - Initializing module TC_26_6_2_1_3.
2026/Jun/16 10:28:31.681912 EXECUTOR - Initialization of module TC_26_6_2_1_3 finished.
2026/Jun/16 10:28:31.681914 EXECUTOR - Initializing module TC_26_6_2_2.
2026/Jun/16 10:28:31.681920 EXECUTOR - Initialization of module TC_26_6_2_2 finished.
2026/Jun/16 10:28:31.681922 EXECUTOR - Initializing module TC_26_6_2_3_1.
2026/Jun/16 10:28:31.681927 EXECUTOR - Initialization of module TC_26_6_2_3_1 finished.
2026/Jun/16 10:28:31.681929 EXECUTOR - Initializing module TC_26_6_2_3_2.
2026/Jun/16 10:28:31.681935 EXECUTOR - Initialization of module TC_26_6_2_3_2 finished.
2026/Jun/16 10:28:31.681940 EXECUTOR - Initializing module TC_26_6_2_4.
2026/Jun/16 10:28:31.681945 EXECUTOR - Initialization of module TC_26_6_2_4 finished.
2026/Jun/16 10:28:31.681948 EXECUTOR - Initializing module TC_26_6_3_1.
2026/Jun/16 10:28:31.681953 EXECUTOR - Initialization of module TC_26_6_3_1 finished.
2026/Jun/16 10:28:31.681955 EXECUTOR - Initializing module TC_26_6_3_4.
2026/Jun/16 10:28:31.681960 EXECUTOR - Initialization of module TC_26_6_3_4 finished.
2026/Jun/16 10:28:31.681962 EXECUTOR - Initializing module TC_26_6_4_1.
2026/Jun/16 10:28:31.681967 EXECUTOR - Initialization of module TC_26_6_4_1 finished.
2026/Jun/16 10:28:31.681970 EXECUTOR - Initializing module TC_26_6_4_2_2.
2026/Jun/16 10:28:31.681975 EXECUTOR - Initialization of module TC_26_6_4_2_2 finished.
2026/Jun/16 10:28:31.681977 EXECUTOR - Initializing module TC_26_6_5_1.
2026/Jun/16 10:28:31.681982 EXECUTOR - Initialization of module TC_26_6_5_1 finished.
2026/Jun/16 10:28:31.681985 EXECUTOR - Initializing module TC_26_6_5_2_1.
2026/Jun/16 10:28:31.681990 EXECUTOR - Initialization of module TC_26_6_5_2_1 finished.
2026/Jun/16 10:28:31.681992 EXECUTOR - Initializing module TC_26_6_8_1.
2026/Jun/16 10:28:31.681997 EXECUTOR - Initialization of module TC_26_6_8_1 finished.
2026/Jun/16 10:28:31.682000 EXECUTOR - Initializing module TC_26_6_8_2.
2026/Jun/16 10:28:31.682005 EXECUTOR - Initialization of module TC_26_6_8_2 finished.
2026/Jun/16 10:28:31.682007 EXECUTOR - Initializing module TC_26_6_8_3.
2026/Jun/16 10:28:31.682012 EXECUTOR - Initialization of module TC_26_6_8_3 finished.
2026/Jun/16 10:28:31.682014 EXECUTOR - Initializing module TC_26_6_8_4.
2026/Jun/16 10:28:31.682020 EXECUTOR - Initialization of module TC_26_6_8_4 finished.
2026/Jun/16 10:28:31.682022 EXECUTOR - Initializing module TC_26_6_8_5.
2026/Jun/16 10:28:31.682028 EXECUTOR - Initialization of module TC_26_6_8_5 finished.
2026/Jun/16 10:28:31.682030 EXECUTOR - Initializing module TC_26_7_1.
2026/Jun/16 10:28:31.682036 EXECUTOR - Initialization of module TC_26_7_1 finished.
2026/Jun/16 10:28:31.682038 EXECUTOR - Initializing module TC_26_7_2_1.
2026/Jun/16 10:28:31.682043 EXECUTOR - Initialization of module TC_26_7_2_1 finished.
2026/Jun/16 10:28:31.682045 EXECUTOR - Initializing module TC_26_7_2_2.
2026/Jun/16 10:28:31.682051 EXECUTOR - Initialization of module TC_26_7_2_2 finished.
2026/Jun/16 10:28:31.682053 EXECUTOR - Initializing module TC_26_7_3_1.
2026/Jun/16 10:28:31.682058 EXECUTOR - Initialization of module TC_26_7_3_1 finished.
2026/Jun/16 10:28:31.682060 EXECUTOR - Initializing module TC_26_7_3_2.
2026/Jun/16 10:28:31.682066 EXECUTOR - Initialization of module TC_26_7_3_2 finished.
2026/Jun/16 10:28:31.682068 EXECUTOR - Initializing module TC_26_7_4_1.
2026/Jun/16 10:28:31.682074 EXECUTOR - Initialization of module TC_26_7_4_1 finished.
2026/Jun/16 10:28:31.682076 EXECUTOR - Initializing module TC_26_7_4_2_1.
2026/Jun/16 10:28:31.682082 EXECUTOR - Initialization of module TC_26_7_4_2_1 finished.
2026/Jun/16 10:28:31.682084 EXECUTOR - Initializing module TC_26_7_4_2_2_1.
2026/Jun/16 10:28:31.682089 EXECUTOR - Initialization of module TC_26_7_4_2_2_1 finished.
2026/Jun/16 10:28:31.682092 EXECUTOR - Initializing module TC_26_7_4_2_2_2.
2026/Jun/16 10:28:31.682097 EXECUTOR - Initialization of module TC_26_7_4_2_2_2 finished.
2026/Jun/16 10:28:31.682099 EXECUTOR - Initializing module TC_26_7_4_2_3.
2026/Jun/16 10:28:31.682104 EXECUTOR - Initialization of module TC_26_7_4_2_3 finished.
2026/Jun/16 10:28:31.682106 EXECUTOR - Initializing module TC_26_7_4_2_4_1.
2026/Jun/16 10:28:31.682112 EXECUTOR - Initialization of module TC_26_7_4_2_4_1 finished.
2026/Jun/16 10:28:31.682114 EXECUTOR - Initializing module TC_26_7_4_2_4_2.
2026/Jun/16 10:28:31.682120 EXECUTOR - Initialization of module TC_26_7_4_2_4_2 finished.
2026/Jun/16 10:28:31.682122 EXECUTOR - Initializing module TC_26_7_4_2_4_3.
2026/Jun/16 10:28:31.682128 EXECUTOR - Initialization of module TC_26_7_4_2_4_3 finished.
2026/Jun/16 10:28:31.682130 EXECUTOR - Initializing module TC_26_7_4_2_4_4.
2026/Jun/16 10:28:31.682138 EXECUTOR - Initialization of module TC_26_7_4_2_4_4 finished.
2026/Jun/16 10:28:31.682140 EXECUTOR - Initializing module TC_26_7_4_2_4_5.
2026/Jun/16 10:28:31.682146 EXECUTOR - Initialization of module TC_26_7_4_2_4_5 finished.
2026/Jun/16 10:28:31.682148 EXECUTOR - Initializing module TC_26_7_4_3_1.
2026/Jun/16 10:28:31.682153 EXECUTOR - Initialization of module TC_26_7_4_3_1 finished.
2026/Jun/16 10:28:31.682155 EXECUTOR - Initializing module TC_26_7_4_3_2.
2026/Jun/16 10:28:31.682162 EXECUTOR - Initialization of module TC_26_7_4_3_2 finished.
2026/Jun/16 10:28:31.682164 EXECUTOR - Initializing module TC_26_7_4_3_3.
2026/Jun/16 10:28:31.682170 EXECUTOR - Initialization of module TC_26_7_4_3_3 finished.
2026/Jun/16 10:28:31.682172 EXECUTOR - Initializing module TC_26_7_4_3_4.
2026/Jun/16 10:28:31.682178 EXECUTOR - Initialization of module TC_26_7_4_3_4 finished.
2026/Jun/16 10:28:31.682180 EXECUTOR - Initializing module TC_26_7_4_4.
2026/Jun/16 10:28:31.682185 EXECUTOR - Initialization of module TC_26_7_4_4 finished.
2026/Jun/16 10:28:31.682187 EXECUTOR - Initializing module TC_26_7_4_5_1.
2026/Jun/16 10:28:31.682192 EXECUTOR - Initialization of module TC_26_7_4_5_1 finished.
2026/Jun/16 10:28:31.682194 EXECUTOR - Initializing module TC_26_7_4_5_2.
2026/Jun/16 10:28:31.682200 EXECUTOR - Initialization of module TC_26_7_4_5_2 finished.
2026/Jun/16 10:28:31.682202 EXECUTOR - Initializing module TC_26_7_4_5_3.
2026/Jun/16 10:28:31.682207 EXECUTOR - Initialization of module TC_26_7_4_5_3 finished.
2026/Jun/16 10:28:31.682209 EXECUTOR - Initializing module TC_26_7_4_5_4_2.
2026/Jun/16 10:28:31.682215 EXECUTOR - Initialization of module TC_26_7_4_5_4_2 finished.
2026/Jun/16 10:28:31.682217 EXECUTOR - Initializing module TC_26_7_5_2.
2026/Jun/16 10:28:31.682223 EXECUTOR - Initialization of module TC_26_7_5_2 finished.
2026/Jun/16 10:28:31.682225 EXECUTOR - Initializing module TC_26_7_5_3.
2026/Jun/16 10:28:31.682231 EXECUTOR - Initialization of module TC_26_7_5_3 finished.
2026/Jun/16 10:28:31.682233 EXECUTOR - Initializing module TC_26_7_5_4.
2026/Jun/16 10:28:31.682238 EXECUTOR - Initialization of module TC_26_7_5_4 finished.
2026/Jun/16 10:28:31.682240 EXECUTOR - Initializing module TC_26_7_5_5.
2026/Jun/16 10:28:31.682246 EXECUTOR - Initialization of module TC_26_7_5_5 finished.
2026/Jun/16 10:28:31.682248 EXECUTOR - Initializing module TC_26_7_5_6.
2026/Jun/16 10:28:31.682253 EXECUTOR - Initialization of module TC_26_7_5_6 finished.
2026/Jun/16 10:28:31.682255 EXECUTOR - Initializing module TC_26_7_5_7_1.
2026/Jun/16 10:28:31.682261 EXECUTOR - Initialization of module TC_26_7_5_7_1 finished.
2026/Jun/16 10:28:31.682263 EXECUTOR - Initializing module TC_26_7_5_8_1.
2026/Jun/16 10:28:31.682268 EXECUTOR - Initialization of module TC_26_7_5_8_1 finished.
2026/Jun/16 10:28:31.682271 EXECUTOR - Initializing module TC_26_7_5_8_2.
2026/Jun/16 10:28:31.682276 EXECUTOR - Initialization of module TC_26_7_5_8_2 finished.
2026/Jun/16 10:28:31.682278 EXECUTOR - Initializing module TC_26_7_5_8_3.
2026/Jun/16 10:28:31.682283 EXECUTOR - Initialization of module TC_26_7_5_8_3 finished.
2026/Jun/16 10:28:31.682285 EXECUTOR - Initializing module TC_26_8_1_2_1_1.
2026/Jun/16 10:28:31.682290 EXECUTOR - Initialization of module TC_26_8_1_2_1_1 finished.
2026/Jun/16 10:28:31.682292 EXECUTOR - Initializing module TC_26_8_1_2_2_1.
2026/Jun/16 10:28:31.682297 EXECUTOR - Initialization of module TC_26_8_1_2_2_1 finished.
2026/Jun/16 10:28:31.682299 EXECUTOR - Initializing module TC_26_8_1_2_2_2.
2026/Jun/16 10:28:31.682305 EXECUTOR - Initialization of module TC_26_8_1_2_2_2 finished.
2026/Jun/16 10:28:31.682307 EXECUTOR - Initializing module TC_26_8_1_2_2_3.
2026/Jun/16 10:28:31.682312 EXECUTOR - Initialization of module TC_26_8_1_2_2_3 finished.
2026/Jun/16 10:28:31.682314 EXECUTOR - Initializing module TC_26_8_1_2_3_1.
2026/Jun/16 10:28:31.682320 EXECUTOR - Initialization of module TC_26_8_1_2_3_1 finished.
2026/Jun/16 10:28:31.682322 EXECUTOR - Initializing module TC_26_8_1_2_3_2.
2026/Jun/16 10:28:31.682329 EXECUTOR - Initialization of module TC_26_8_1_2_3_2 finished.
2026/Jun/16 10:28:31.682332 EXECUTOR - Initializing module TC_26_8_1_2_3_3.
2026/Jun/16 10:28:31.682337 EXECUTOR - Initialization of module TC_26_8_1_2_3_3 finished.
2026/Jun/16 10:28:31.682339 EXECUTOR - Initializing module TC_26_8_1_2_3_4.
2026/Jun/16 10:28:31.682344 EXECUTOR - Initialization of module TC_26_8_1_2_3_4 finished.
2026/Jun/16 10:28:31.682346 EXECUTOR - Initializing module TC_26_8_1_2_3_5.
2026/Jun/16 10:28:31.682352 EXECUTOR - Initialization of module TC_26_8_1_2_3_5 finished.
2026/Jun/16 10:28:31.682354 EXECUTOR - Initializing module TC_26_8_1_2_3_6.
2026/Jun/16 10:28:31.682359 EXECUTOR - Initialization of module TC_26_8_1_2_3_6 finished.
2026/Jun/16 10:28:31.682361 EXECUTOR - Initializing module TC_26_8_1_2_3_7.
2026/Jun/16 10:28:31.682367 EXECUTOR - Initialization of module TC_26_8_1_2_3_7 finished.
2026/Jun/16 10:28:31.682369 EXECUTOR - Initializing module TC_26_8_1_2_4_1.
2026/Jun/16 10:28:31.682375 EXECUTOR - Initialization of module TC_26_8_1_2_4_1 finished.
2026/Jun/16 10:28:31.682377 EXECUTOR - Initializing module TC_26_8_1_2_4_13.
2026/Jun/16 10:28:31.682382 EXECUTOR - Initialization of module TC_26_8_1_2_4_13 finished.
2026/Jun/16 10:28:31.682384 EXECUTOR - Initializing module TC_26_8_1_2_4_2.
2026/Jun/16 10:28:31.682390 EXECUTOR - Initialization of module TC_26_8_1_2_4_2 finished.
2026/Jun/16 10:28:31.682392 EXECUTOR - Initializing module TC_26_8_1_2_4_3.
2026/Jun/16 10:28:31.682397 EXECUTOR - Initialization of module TC_26_8_1_2_4_3 finished.
2026/Jun/16 10:28:31.682400 EXECUTOR - Initializing module TC_26_8_1_2_4_4.
2026/Jun/16 10:28:31.682405 EXECUTOR - Initialization of module TC_26_8_1_2_4_4 finished.
2026/Jun/16 10:28:31.682408 EXECUTOR - Initializing module TC_26_8_1_2_4_5.
2026/Jun/16 10:28:31.682413 EXECUTOR - Initialization of module TC_26_8_1_2_4_5 finished.
2026/Jun/16 10:28:31.682415 EXECUTOR - Initializing module TC_26_8_1_2_6_1.
2026/Jun/16 10:28:31.682420 EXECUTOR - Initialization of module TC_26_8_1_2_6_1 finished.
2026/Jun/16 10:28:31.682422 EXECUTOR - Initializing module TC_26_8_1_2_6_2.
2026/Jun/16 10:28:31.682427 EXECUTOR - Initialization of module TC_26_8_1_2_6_2 finished.
2026/Jun/16 10:28:31.682429 EXECUTOR - Initializing module TC_26_8_1_2_6_3.
2026/Jun/16 10:28:31.682435 EXECUTOR - Initialization of module TC_26_8_1_2_6_3 finished.
2026/Jun/16 10:28:31.682437 EXECUTOR - Initializing module TC_26_8_1_2_6_6.
2026/Jun/16 10:28:31.682442 EXECUTOR - Initialization of module TC_26_8_1_2_6_6 finished.
2026/Jun/16 10:28:31.682445 EXECUTOR - Initializing module TC_26_8_1_3_1_1.
2026/Jun/16 10:28:31.682450 EXECUTOR - Initialization of module TC_26_8_1_3_1_1 finished.
2026/Jun/16 10:28:31.682452 EXECUTOR - Initializing module TC_26_8_1_3_2_1.
2026/Jun/16 10:28:31.682458 EXECUTOR - Initialization of module TC_26_8_1_3_2_1 finished.
2026/Jun/16 10:28:31.682460 EXECUTOR - Initializing module TC_26_8_1_3_3_1.
2026/Jun/16 10:28:31.682466 EXECUTOR - Initialization of module TC_26_8_1_3_3_1 finished.
2026/Jun/16 10:28:31.682468 EXECUTOR - Initializing module TC_26_8_1_3_3_2.
2026/Jun/16 10:28:31.682474 EXECUTOR - Initialization of module TC_26_8_1_3_3_2 finished.
2026/Jun/16 10:28:31.682476 EXECUTOR - Initializing module TC_26_8_1_3_3_3.
2026/Jun/16 10:28:31.682482 EXECUTOR - Initialization of module TC_26_8_1_3_3_3 finished.
2026/Jun/16 10:28:31.682484 EXECUTOR - Initializing module TC_26_8_1_3_3_4.
2026/Jun/16 10:28:31.682489 EXECUTOR - Initialization of module TC_26_8_1_3_3_4 finished.
2026/Jun/16 10:28:31.682491 EXECUTOR - Initializing module TC_26_8_1_3_3_5.
2026/Jun/16 10:28:31.682497 EXECUTOR - Initialization of module TC_26_8_1_3_3_5 finished.
2026/Jun/16 10:28:31.682499 EXECUTOR - Initializing module TC_26_8_1_3_3_6.
2026/Jun/16 10:28:31.682505 EXECUTOR - Initialization of module TC_26_8_1_3_3_6 finished.
2026/Jun/16 10:28:31.682507 EXECUTOR - Initializing module TC_26_8_1_3_3_7.
2026/Jun/16 10:28:31.682512 EXECUTOR - Initialization of module TC_26_8_1_3_3_7 finished.
2026/Jun/16 10:28:31.682515 EXECUTOR - Initializing module TC_26_8_1_3_4_1.
2026/Jun/16 10:28:31.682522 EXECUTOR - Initialization of module TC_26_8_1_3_4_1 finished.
2026/Jun/16 10:28:31.682524 EXECUTOR - Initializing module TC_26_8_1_3_4_2.
2026/Jun/16 10:28:31.682530 EXECUTOR - Initialization of module TC_26_8_1_3_4_2 finished.
2026/Jun/16 10:28:31.682532 EXECUTOR - Initializing module TC_26_8_1_3_4_3.
2026/Jun/16 10:28:31.682537 EXECUTOR - Initialization of module TC_26_8_1_3_4_3 finished.
2026/Jun/16 10:28:31.682539 EXECUTOR - Initializing module TC_26_8_1_3_4_4.
2026/Jun/16 10:28:31.682545 EXECUTOR - Initialization of module TC_26_8_1_3_4_4 finished.
2026/Jun/16 10:28:31.682547 EXECUTOR - Initializing module TC_26_8_1_3_4_5.
2026/Jun/16 10:28:31.682552 EXECUTOR - Initialization of module TC_26_8_1_3_4_5 finished.
2026/Jun/16 10:28:31.682554 EXECUTOR - Initializing module TC_26_8_1_3_4_6.
2026/Jun/16 10:28:31.682560 EXECUTOR - Initialization of module TC_26_8_1_3_4_6 finished.
2026/Jun/16 10:28:31.682562 EXECUTOR - Initializing module TC_26_8_1_3_4_7.
2026/Jun/16 10:28:31.682568 EXECUTOR - Initialization of module TC_26_8_1_3_4_7 finished.
2026/Jun/16 10:28:31.682570 EXECUTOR - Initializing module TC_26_8_1_3_4_8.
2026/Jun/16 10:28:31.682575 EXECUTOR - Initialization of module TC_26_8_1_3_4_8 finished.
2026/Jun/16 10:28:31.682577 EXECUTOR - Initializing module TC_26_8_1_3_5_1.
2026/Jun/16 10:28:31.682583 EXECUTOR - Initialization of module TC_26_8_1_3_5_1 finished.
2026/Jun/16 10:28:31.682585 EXECUTOR - Initializing module TC_26_8_1_3_5_2.
2026/Jun/16 10:28:31.682591 EXECUTOR - Initialization of module TC_26_8_1_3_5_2 finished.
2026/Jun/16 10:28:31.682594 EXECUTOR - Initializing module TC_26_8_1_3_5_3.
2026/Jun/16 10:28:31.682599 EXECUTOR - Initialization of module TC_26_8_1_3_5_3 finished.
2026/Jun/16 10:28:31.682601 EXECUTOR - Initializing module TC_26_8_1_3_5_4.
2026/Jun/16 10:28:31.682607 EXECUTOR - Initialization of module TC_26_8_1_3_5_4 finished.
2026/Jun/16 10:28:31.682609 EXECUTOR - Initializing module TC_26_8_1_3_5_5.
2026/Jun/16 10:28:31.682614 EXECUTOR - Initialization of module TC_26_8_1_3_5_5 finished.
2026/Jun/16 10:28:31.682617 EXECUTOR - Initializing module TC_26_8_1_3_5_6.
2026/Jun/16 10:28:31.682622 EXECUTOR - Initialization of module TC_26_8_1_3_5_6 finished.
2026/Jun/16 10:28:31.682624 EXECUTOR - Initializing module TC_26_8_1_3_5_7.
2026/Jun/16 10:28:31.682629 EXECUTOR - Initialization of module TC_26_8_1_3_5_7 finished.
2026/Jun/16 10:28:31.682631 EXECUTOR - Initializing module TC_26_8_1_3_5_8.
2026/Jun/16 10:28:31.682637 EXECUTOR - Initialization of module TC_26_8_1_3_5_8 finished.
2026/Jun/16 10:28:31.682639 EXECUTOR - Initializing module TC_26_8_1_3_5_9.
2026/Jun/16 10:28:31.682645 EXECUTOR - Initialization of module TC_26_8_1_3_5_9 finished.
2026/Jun/16 10:28:31.682647 EXECUTOR - Initializing module TC_26_8_2_1.
2026/Jun/16 10:28:31.682652 EXECUTOR - Initialization of module TC_26_8_2_1 finished.
2026/Jun/16 10:28:31.682654 EXECUTOR - Initializing module TC_26_8_2_2.
2026/Jun/16 10:28:31.682660 EXECUTOR - Initialization of module TC_26_8_2_2 finished.
2026/Jun/16 10:28:31.682662 EXECUTOR - Initializing module TC_26_8_2_3.
2026/Jun/16 10:28:31.682667 EXECUTOR - Initialization of module TC_26_8_2_3 finished.
2026/Jun/16 10:28:31.682669 EXECUTOR - Initializing module TC_26_8_3.
2026/Jun/16 10:28:31.682674 EXECUTOR - Initialization of module TC_26_8_3 finished.
2026/Jun/16 10:28:31.682676 EXECUTOR - Initializing module TC_34_2_2.
2026/Jun/16 10:28:31.682681 EXECUTOR - Initialization of module TC_34_2_2 finished.
2026/Jun/16 10:28:31.682683 EXECUTOR - Initializing module TitanLoggerApi.
2026/Jun/16 10:28:31.682685 EXECUTOR - Initialization of module TitanLoggerApi finished.
2026/Jun/16 10:28:31.682687 EXECUTOR - Initializing module TitanLoggerControl.
2026/Jun/16 10:28:31.682689 EXECUTOR - Initialization of module TitanLoggerControl finished.
2026/Jun/16 10:28:31.682699 EXECUTOR - Configuration data was processed successfully.
2026/Jun/16 10:28:31.780615 EXECUTOR - MTC was created. Process id: 39.
2026/Jun/16 10:30:15.781387 EXECUTOR - Exit was requested from MC. Terminating HC.
2026/Jun/16 10:30:15.781510 EXECUTOR - Disconnected from MC.
2026/Jun/16 10:30:15.781530 EXECUTOR - TTCN-3 Host Controller finished.
