2026/Jun/15 13:34:08.899427 EXECUTOR - TTCN-3 Host Controller started on ttcn3-tc-26-7-2-1-1-9xh55. Version: 11.1.0.
2026/Jun/15 13:34:08.899551 EXECUTOR - TTCN Logger v2.2 options: TimeStampFormat:=DateTime; LogEntityName:=No; LogEventTypes:=Yes; SourceInfoFormat:=Single; LogSensitiveData:=No; *.FileMask:=LOG_ALL; *.ConsoleMask:=ERROR | TESTCASE | USER | VERDICTOP | WARNING; LogFileSize:=0; LogFileNumber:=1; DiskFullAction:=Error
2026/Jun/15 13:34:08.899560 EXECUTOR - Maximum number of open file descriptors: 1048576,   FD_SETSIZE = 1024
2026/Jun/15 13:34:08.899662 WARNING - Warning: The address of MC was set to a local IP address. This may cause incorrect behavior if a HC from a remote host also connects to MC.
2026/Jun/15 13:34:08.899696 EXECUTOR - The address of MC was set to 127.0.0.1:0.
2026/Jun/15 13:34:08.899794 EXECUTOR - Connected to MC.
2026/Jun/15 13:34:08.899879 EXECUTOR - This host supports UNIX domain sockets for local communication.
2026/Jun/15 13:34:08.900129 EXECUTOR - Processing configuration data received from MC.
2026/Jun/15 13:34:08.900312 WARNING - Warning: Skeleton `/results/TC_26_7_2_1-2026-06-15-133407/%n.log' does not guarantee unique log file name for every test system process. It may cause unpredictable results if several test components try to write into the same log file.
2026/Jun/15 13:34:08.900571 EXECUTOR - Module GSM_Constants has the following parameters: { TSPC_Serv_TS11 := true, TSPC_Serv_TS61 := false, TSPC_Serv_TS62 := false, TSPC_Serv_BS21 := false, TSPC_Serv_BS22 := false, TSPC_Serv_BS24 := false, TSPC_Serv_BS25 := false, TSPC_Serv_BS26 := false, TSPC_Serv_BS31 := false, TSPC_Serv_BS32 := false, TSPC_Serv_BS33 := false, TSPC_Serv_BS34 := false, TSPC_Serv_BS41 := false, TSPC_Serv_BS42 := false, TSPC_Serv_BS43 := false, TSPC_Serv_BS44 := false, TSPC_Serv_BS45 := false, TSPC_Serv_BS51 := false, TSPC_Serv_BS61 := false, TSPC_Serv_BS81 := false, TSPC_DualRate := false, TSPC_MTsvc := true, TSPX_IMSI := '901700000000001F'O, TSPX_TMSI := '1914D97F'O, TSPX_CKSNDef := 0, TSPX_RANDDef := '00112233445566778899AABBCCDDEEFF'O, TSPX_SRES := '12345678'O, TSPX_Kc := '0000000000000000'O, TSPX_SDCCH4SubDef := 0, TSPX_TmSltDef := 0, TSPX_TscDef := 7, TSPX_TCHHSubDef := 0, TCV_CC := true, TSPX_Telephony_Rate := C_Full (0), TSPX_MOBscSvcA := C_Telephony (0), TSPX_MOBscSvcB := C_Telephony (0), TSPX_MOBscSvcC := C_Telephony (0), TSPX_MOBscSvcD := C_Telephony (0), TSPX_MOBscSvcE := C_Telephony (0), TSPX_MOBscSvcF := C_Telephony (0), TSPX_MOBscSvcG := C_Telephony (0), TSPX_MOChRateA := C_Full (0), TSPX_MOChRateB := C_Full (0), TSPX_MOChRateC := C_Full (0), TSPX_MOChRateD := C_Full (0), TSPX_MOChRateE := C_Full (0), TSPX_MOChRateF := C_Full (0), TSPX_MOChRateG := C_Full (0), TSPX_MTBscSvcA := C_Telephony (0), TSPX_MTBscSvcB := C_Telephony (0), TSPX_MTBscSvcC := C_Telephony (0), TSPX_MTBscSvcD := C_Telephony (0), TSPX_MTBscSvcE := C_Telephony (0), TSPX_MTBscSvcF := C_Telephony (0), TSPX_MTBscSvcG := C_Telephony (0), TSPX_MTBscSvcH := C_Telephony (0), TSPX_MTBscSvcI := C_Telephony (0), TSPX_MTBscSvcJ := C_Telephony (0), TSPX_MTChRateA := C_Full (0), TSPX_MTChRateB := C_Full (0), TSPX_MTChRateC := C_Full (0), TSPX_MTChRateD := C_Full (0), TSPX_MTChRateE := C_Full (0), TSPX_MTChRateF := C_Full (0), TSPX_MTChRateG := C_Full (0), TSPX_MTChRateH := C_Full (0), TSPX_MTChRateI := C_Full (0), TSPX_MTChRateJ := C_Full (0), C_arfcnA := 100 }
2026/Jun/15 13:34:08.900639 EXECUTOR - Module TC_26_6_1_2 has the following parameters: { TSPX_nPara := 3, TSPX_i1Para := 3, TSPX_kPara := 5, TSPX_i2Para := 1, TSPX_rPara := 4, TSPX_i3Para := 4 }
2026/Jun/15 13:34:08.900665 EXECUTOR - Initializing module GSM_Component_Definitions.
2026/Jun/15 13:34:08.900672 EXECUTOR GSM_Component_Definitions.ttcn3:0 Initializing module GSM_Templates.
2026/Jun/15 13:34:08.900687 EXECUTOR GSM_Templates.ttcn3:0 Initializing module GSM_Constants.
2026/Jun/15 13:34:08.900692 EXECUTOR GSM_Constants.ttcn3:0 Initializing module GSM_Types.
2026/Jun/15 13:34:08.900695 EXECUTOR GSM_Constants.ttcn3:0 Initialization of module GSM_Types finished.
2026/Jun/15 13:34:08.900698 EXECUTOR GSM_Templates.ttcn3:0 Initialization of module GSM_Constants finished.
2026/Jun/15 13:34:08.900756 EXECUTOR GSM_Component_Definitions.ttcn3:0 Initialization of module GSM_Templates finished.
2026/Jun/15 13:34:08.900760 EXECUTOR - Initialization of module GSM_Component_Definitions finished.
2026/Jun/15 13:34:08.900763 EXECUTOR - Initializing module GSM_Functions.
2026/Jun/15 13:34:08.900781 EXECUTOR - Initialization of module GSM_Functions finished.
2026/Jun/15 13:34:08.900784 EXECUTOR - Initializing module PreGenRecordOf.
2026/Jun/15 13:34:08.900786 EXECUTOR - Initialization of module PreGenRecordOf finished.
2026/Jun/15 13:34:08.900788 EXECUTOR - Initializing module TC_26_2_1_3.
2026/Jun/15 13:34:08.900793 EXECUTOR - Initialization of module TC_26_2_1_3 finished.
2026/Jun/15 13:34:08.900795 EXECUTOR - Initializing module TC_26_2_2.
2026/Jun/15 13:34:08.900799 EXECUTOR - Initialization of module TC_26_2_2 finished.
2026/Jun/15 13:34:08.900801 EXECUTOR - Initializing module TC_26_2_3.
2026/Jun/15 13:34:08.900805 EXECUTOR - Initialization of module TC_26_2_3 finished.
2026/Jun/15 13:34:08.900807 EXECUTOR - Initializing module TC_26_6_11_1.
2026/Jun/15 13:34:08.900811 EXECUTOR - Initialization of module TC_26_6_11_1 finished.
2026/Jun/15 13:34:08.900813 EXECUTOR - Initializing module TC_26_6_11_2.
2026/Jun/15 13:34:08.900817 EXECUTOR - Initialization of module TC_26_6_11_2 finished.
2026/Jun/15 13:34:08.900819 EXECUTOR - Initializing module TC_26_6_12_1.
2026/Jun/15 13:34:08.900846 EXECUTOR - Initialization of module TC_26_6_12_1 finished.
2026/Jun/15 13:34:08.900849 EXECUTOR - Initializing module TC_26_6_12_2.
2026/Jun/15 13:34:08.900853 EXECUTOR - Initialization of module TC_26_6_12_2 finished.
2026/Jun/15 13:34:08.900855 EXECUTOR - Initializing module TC_26_6_12_3.
2026/Jun/15 13:34:08.900859 EXECUTOR - Initialization of module TC_26_6_12_3 finished.
2026/Jun/15 13:34:08.900861 EXECUTOR - Initializing module TC_26_6_12_4.
2026/Jun/15 13:34:08.900865 EXECUTOR - Initialization of module TC_26_6_12_4 finished.
2026/Jun/15 13:34:08.900867 EXECUTOR - Initializing module TC_26_6_13_10.
2026/Jun/15 13:34:08.900871 EXECUTOR - Initialization of module TC_26_6_13_10 finished.
2026/Jun/15 13:34:08.900873 EXECUTOR - Initializing module TC_26_6_13_9.
2026/Jun/15 13:34:08.900877 EXECUTOR - Initialization of module TC_26_6_13_9 finished.
2026/Jun/15 13:34:08.900879 EXECUTOR - Initializing module TC_26_6_1_1.
2026/Jun/15 13:34:08.900883 EXECUTOR - Initialization of module TC_26_6_1_1 finished.
2026/Jun/15 13:34:08.900885 EXECUTOR - Initializing module TC_26_6_1_2.
2026/Jun/15 13:34:08.900889 EXECUTOR - Initialization of module TC_26_6_1_2 finished.
2026/Jun/15 13:34:08.900891 EXECUTOR - Initializing module TC_26_6_1_3.
2026/Jun/15 13:34:08.900895 EXECUTOR - Initialization of module TC_26_6_1_3 finished.
2026/Jun/15 13:34:08.900897 EXECUTOR - Initializing module TC_26_6_1_4.
2026/Jun/15 13:34:08.900901 EXECUTOR - Initialization of module TC_26_6_1_4 finished.
2026/Jun/15 13:34:08.900903 EXECUTOR - Initializing module TC_26_6_1_5.
2026/Jun/15 13:34:08.900907 EXECUTOR - Initialization of module TC_26_6_1_5 finished.
2026/Jun/15 13:34:08.900910 EXECUTOR - Initializing module TC_26_6_2_1_1.
2026/Jun/15 13:34:08.900913 EXECUTOR - Initialization of module TC_26_6_2_1_1 finished.
2026/Jun/15 13:34:08.900916 EXECUTOR - Initializing module TC_26_6_2_1_2.
2026/Jun/15 13:34:08.900920 EXECUTOR - Initialization of module TC_26_6_2_1_2 finished.
2026/Jun/15 13:34:08.900922 EXECUTOR - Initializing module TC_26_6_2_1_3.
2026/Jun/15 13:34:08.900926 EXECUTOR - Initialization of module TC_26_6_2_1_3 finished.
2026/Jun/15 13:34:08.900928 EXECUTOR - Initializing module TC_26_6_2_2.
2026/Jun/15 13:34:08.900932 EXECUTOR - Initialization of module TC_26_6_2_2 finished.
2026/Jun/15 13:34:08.900934 EXECUTOR - Initializing module TC_26_6_2_3_1.
2026/Jun/15 13:34:08.900938 EXECUTOR - Initialization of module TC_26_6_2_3_1 finished.
2026/Jun/15 13:34:08.900940 EXECUTOR - Initializing module TC_26_6_2_3_2.
2026/Jun/15 13:34:08.900944 EXECUTOR - Initialization of module TC_26_6_2_3_2 finished.
2026/Jun/15 13:34:08.900953 EXECUTOR - Initializing module TC_26_6_2_4.
2026/Jun/15 13:34:08.900957 EXECUTOR - Initialization of module TC_26_6_2_4 finished.
2026/Jun/15 13:34:08.900959 EXECUTOR - Initializing module TC_26_6_3_1.
2026/Jun/15 13:34:08.900964 EXECUTOR - Initialization of module TC_26_6_3_1 finished.
2026/Jun/15 13:34:08.900966 EXECUTOR - Initializing module TC_26_6_3_4.
2026/Jun/15 13:34:08.900970 EXECUTOR - Initialization of module TC_26_6_3_4 finished.
2026/Jun/15 13:34:08.900972 EXECUTOR - Initializing module TC_26_6_4_1.
2026/Jun/15 13:34:08.900976 EXECUTOR - Initialization of module TC_26_6_4_1 finished.
2026/Jun/15 13:34:08.900978 EXECUTOR - Initializing module TC_26_6_4_2_2.
2026/Jun/15 13:34:08.900982 EXECUTOR - Initialization of module TC_26_6_4_2_2 finished.
2026/Jun/15 13:34:08.900984 EXECUTOR - Initializing module TC_26_6_5_1.
2026/Jun/15 13:34:08.900988 EXECUTOR - Initialization of module TC_26_6_5_1 finished.
2026/Jun/15 13:34:08.900990 EXECUTOR - Initializing module TC_26_6_5_2_1.
2026/Jun/15 13:34:08.900994 EXECUTOR - Initialization of module TC_26_6_5_2_1 finished.
2026/Jun/15 13:34:08.900996 EXECUTOR - Initializing module TC_26_6_8_1.
2026/Jun/15 13:34:08.901000 EXECUTOR - Initialization of module TC_26_6_8_1 finished.
2026/Jun/15 13:34:08.901002 EXECUTOR - Initializing module TC_26_6_8_2.
2026/Jun/15 13:34:08.901006 EXECUTOR - Initialization of module TC_26_6_8_2 finished.
2026/Jun/15 13:34:08.901008 EXECUTOR - Initializing module TC_26_6_8_3.
2026/Jun/15 13:34:08.901012 EXECUTOR - Initialization of module TC_26_6_8_3 finished.
2026/Jun/15 13:34:08.901014 EXECUTOR - Initializing module TC_26_6_8_4.
2026/Jun/15 13:34:08.901018 EXECUTOR - Initialization of module TC_26_6_8_4 finished.
2026/Jun/15 13:34:08.901020 EXECUTOR - Initializing module TC_26_6_8_5.
2026/Jun/15 13:34:08.901024 EXECUTOR - Initialization of module TC_26_6_8_5 finished.
2026/Jun/15 13:34:08.901027 EXECUTOR - Initializing module TC_26_7_1.
2026/Jun/15 13:34:08.901031 EXECUTOR - Initialization of module TC_26_7_1 finished.
2026/Jun/15 13:34:08.901033 EXECUTOR - Initializing module TC_26_7_2_1.
2026/Jun/15 13:34:08.901037 EXECUTOR - Initialization of module TC_26_7_2_1 finished.
2026/Jun/15 13:34:08.901039 EXECUTOR - Initializing module TC_26_7_2_2.
2026/Jun/15 13:34:08.901043 EXECUTOR - Initialization of module TC_26_7_2_2 finished.
2026/Jun/15 13:34:08.901045 EXECUTOR - Initializing module TC_26_7_3_1.
2026/Jun/15 13:34:08.901049 EXECUTOR - Initialization of module TC_26_7_3_1 finished.
2026/Jun/15 13:34:08.901051 EXECUTOR - Initializing module TC_26_7_3_2.
2026/Jun/15 13:34:08.901055 EXECUTOR - Initialization of module TC_26_7_3_2 finished.
2026/Jun/15 13:34:08.901058 EXECUTOR - Initializing module TC_26_7_4_1.
2026/Jun/15 13:34:08.901061 EXECUTOR - Initialization of module TC_26_7_4_1 finished.
2026/Jun/15 13:34:08.901064 EXECUTOR - Initializing module TC_26_7_4_2_1.
2026/Jun/15 13:34:08.901067 EXECUTOR - Initialization of module TC_26_7_4_2_1 finished.
2026/Jun/15 13:34:08.901070 EXECUTOR - Initializing module TC_26_7_4_2_2_1.
2026/Jun/15 13:34:08.901074 EXECUTOR - Initialization of module TC_26_7_4_2_2_1 finished.
2026/Jun/15 13:34:08.901076 EXECUTOR - Initializing module TC_26_7_4_2_2_2.
2026/Jun/15 13:34:08.901080 EXECUTOR - Initialization of module TC_26_7_4_2_2_2 finished.
2026/Jun/15 13:34:08.901082 EXECUTOR - Initializing module TC_26_7_4_2_3.
2026/Jun/15 13:34:08.901086 EXECUTOR - Initialization of module TC_26_7_4_2_3 finished.
2026/Jun/15 13:34:08.901088 EXECUTOR - Initializing module TC_26_7_4_2_4_1.
2026/Jun/15 13:34:08.901092 EXECUTOR - Initialization of module TC_26_7_4_2_4_1 finished.
2026/Jun/15 13:34:08.901094 EXECUTOR - Initializing module TC_26_7_4_2_4_2.
2026/Jun/15 13:34:08.901098 EXECUTOR - Initialization of module TC_26_7_4_2_4_2 finished.
2026/Jun/15 13:34:08.901100 EXECUTOR - Initializing module TC_26_7_4_2_4_3.
2026/Jun/15 13:34:08.901104 EXECUTOR - Initialization of module TC_26_7_4_2_4_3 finished.
2026/Jun/15 13:34:08.901107 EXECUTOR - Initializing module TC_26_7_4_2_4_4.
2026/Jun/15 13:34:08.901113 EXECUTOR - Initialization of module TC_26_7_4_2_4_4 finished.
2026/Jun/15 13:34:08.901115 EXECUTOR - Initializing module TC_26_7_4_2_4_5.
2026/Jun/15 13:34:08.901119 EXECUTOR - Initialization of module TC_26_7_4_2_4_5 finished.
2026/Jun/15 13:34:08.901121 EXECUTOR - Initializing module TC_26_7_4_3_1.
2026/Jun/15 13:34:08.901125 EXECUTOR - Initialization of module TC_26_7_4_3_1 finished.
2026/Jun/15 13:34:08.901127 EXECUTOR - Initializing module TC_26_7_4_3_2.
2026/Jun/15 13:34:08.901131 EXECUTOR - Initialization of module TC_26_7_4_3_2 finished.
2026/Jun/15 13:34:08.901134 EXECUTOR - Initializing module TC_26_7_4_3_3.
2026/Jun/15 13:34:08.901137 EXECUTOR - Initialization of module TC_26_7_4_3_3 finished.
2026/Jun/15 13:34:08.901140 EXECUTOR - Initializing module TC_26_7_4_3_4.
2026/Jun/15 13:34:08.901143 EXECUTOR - Initialization of module TC_26_7_4_3_4 finished.
2026/Jun/15 13:34:08.901146 EXECUTOR - Initializing module TC_26_7_4_4.
2026/Jun/15 13:34:08.901149 EXECUTOR - Initialization of module TC_26_7_4_4 finished.
2026/Jun/15 13:34:08.901152 EXECUTOR - Initializing module TC_26_7_4_5_1.
2026/Jun/15 13:34:08.901156 EXECUTOR - Initialization of module TC_26_7_4_5_1 finished.
2026/Jun/15 13:34:08.901158 EXECUTOR - Initializing module TC_26_7_4_5_2.
2026/Jun/15 13:34:08.901161 EXECUTOR - Initialization of module TC_26_7_4_5_2 finished.
2026/Jun/15 13:34:08.901163 EXECUTOR - Initializing module TC_26_7_4_5_3.
2026/Jun/15 13:34:08.901168 EXECUTOR - Initialization of module TC_26_7_4_5_3 finished.
2026/Jun/15 13:34:08.901170 EXECUTOR - Initializing module TC_26_7_4_5_4_2.
2026/Jun/15 13:34:08.901174 EXECUTOR - Initialization of module TC_26_7_4_5_4_2 finished.
2026/Jun/15 13:34:08.901176 EXECUTOR - Initializing module TC_26_7_5_2.
2026/Jun/15 13:34:08.901180 EXECUTOR - Initialization of module TC_26_7_5_2 finished.
2026/Jun/15 13:34:08.901182 EXECUTOR - Initializing module TC_26_7_5_3.
2026/Jun/15 13:34:08.901186 EXECUTOR - Initialization of module TC_26_7_5_3 finished.
2026/Jun/15 13:34:08.901188 EXECUTOR - Initializing module TC_26_7_5_4.
2026/Jun/15 13:34:08.901192 EXECUTOR - Initialization of module TC_26_7_5_4 finished.
2026/Jun/15 13:34:08.901194 EXECUTOR - Initializing module TC_26_7_5_5.
2026/Jun/15 13:34:08.901198 EXECUTOR - Initialization of module TC_26_7_5_5 finished.
2026/Jun/15 13:34:08.901200 EXECUTOR - Initializing module TC_26_7_5_6.
2026/Jun/15 13:34:08.901204 EXECUTOR - Initialization of module TC_26_7_5_6 finished.
2026/Jun/15 13:34:08.901206 EXECUTOR - Initializing module TC_26_7_5_7_1.
2026/Jun/15 13:34:08.901210 EXECUTOR - Initialization of module TC_26_7_5_7_1 finished.
2026/Jun/15 13:34:08.901213 EXECUTOR - Initializing module TC_26_7_5_8_1.
2026/Jun/15 13:34:08.901216 EXECUTOR - Initialization of module TC_26_7_5_8_1 finished.
2026/Jun/15 13:34:08.901219 EXECUTOR - Initializing module TC_26_7_5_8_2.
2026/Jun/15 13:34:08.901222 EXECUTOR - Initialization of module TC_26_7_5_8_2 finished.
2026/Jun/15 13:34:08.901224 EXECUTOR - Initializing module TC_26_7_5_8_3.
2026/Jun/15 13:34:08.901228 EXECUTOR - Initialization of module TC_26_7_5_8_3 finished.
2026/Jun/15 13:34:08.901230 EXECUTOR - Initializing module TC_26_8_1_2_1_1.
2026/Jun/15 13:34:08.901234 EXECUTOR - Initialization of module TC_26_8_1_2_1_1 finished.
2026/Jun/15 13:34:08.901236 EXECUTOR - Initializing module TC_26_8_1_2_2_1.
2026/Jun/15 13:34:08.901240 EXECUTOR - Initialization of module TC_26_8_1_2_2_1 finished.
2026/Jun/15 13:34:08.901242 EXECUTOR - Initializing module TC_26_8_1_2_2_2.
2026/Jun/15 13:34:08.901246 EXECUTOR - Initialization of module TC_26_8_1_2_2_2 finished.
2026/Jun/15 13:34:08.901249 EXECUTOR - Initializing module TC_26_8_1_2_2_3.
2026/Jun/15 13:34:08.901253 EXECUTOR - Initialization of module TC_26_8_1_2_2_3 finished.
2026/Jun/15 13:34:08.901256 EXECUTOR - Initializing module TC_26_8_1_2_3_1.
2026/Jun/15 13:34:08.901260 EXECUTOR - Initialization of module TC_26_8_1_2_3_1 finished.
2026/Jun/15 13:34:08.901262 EXECUTOR - Initializing module TC_26_8_1_2_3_2.
2026/Jun/15 13:34:08.901265 EXECUTOR - Initialization of module TC_26_8_1_2_3_2 finished.
2026/Jun/15 13:34:08.901270 EXECUTOR - Initializing module TC_26_8_1_2_3_3.
2026/Jun/15 13:34:08.901274 EXECUTOR - Initialization of module TC_26_8_1_2_3_3 finished.
2026/Jun/15 13:34:08.901277 EXECUTOR - Initializing module TC_26_8_1_2_3_4.
2026/Jun/15 13:34:08.901281 EXECUTOR - Initialization of module TC_26_8_1_2_3_4 finished.
2026/Jun/15 13:34:08.901283 EXECUTOR - Initializing module TC_26_8_1_2_3_5.
2026/Jun/15 13:34:08.901287 EXECUTOR - Initialization of module TC_26_8_1_2_3_5 finished.
2026/Jun/15 13:34:08.901289 EXECUTOR - Initializing module TC_26_8_1_2_3_6.
2026/Jun/15 13:34:08.901293 EXECUTOR - Initialization of module TC_26_8_1_2_3_6 finished.
2026/Jun/15 13:34:08.901296 EXECUTOR - Initializing module TC_26_8_1_2_3_7.
2026/Jun/15 13:34:08.901300 EXECUTOR - Initialization of module TC_26_8_1_2_3_7 finished.
2026/Jun/15 13:34:08.901302 EXECUTOR - Initializing module TC_26_8_1_2_4_1.
2026/Jun/15 13:34:08.901305 EXECUTOR - Initialization of module TC_26_8_1_2_4_1 finished.
2026/Jun/15 13:34:08.901308 EXECUTOR - Initializing module TC_26_8_1_2_4_13.
2026/Jun/15 13:34:08.901312 EXECUTOR - Initialization of module TC_26_8_1_2_4_13 finished.
2026/Jun/15 13:34:08.901314 EXECUTOR - Initializing module TC_26_8_1_2_4_2.
2026/Jun/15 13:34:08.901318 EXECUTOR - Initialization of module TC_26_8_1_2_4_2 finished.
2026/Jun/15 13:34:08.901320 EXECUTOR - Initializing module TC_26_8_1_2_4_3.
2026/Jun/15 13:34:08.901324 EXECUTOR - Initialization of module TC_26_8_1_2_4_3 finished.
2026/Jun/15 13:34:08.901326 EXECUTOR - Initializing module TC_26_8_1_2_4_4.
2026/Jun/15 13:34:08.901330 EXECUTOR - Initialization of module TC_26_8_1_2_4_4 finished.
2026/Jun/15 13:34:08.901333 EXECUTOR - Initializing module TC_26_8_1_2_4_5.
2026/Jun/15 13:34:08.901337 EXECUTOR - Initialization of module TC_26_8_1_2_4_5 finished.
2026/Jun/15 13:34:08.901339 EXECUTOR - Initializing module TC_26_8_1_2_6_1.
2026/Jun/15 13:34:08.901343 EXECUTOR - Initialization of module TC_26_8_1_2_6_1 finished.
2026/Jun/15 13:34:08.901345 EXECUTOR - Initializing module TC_26_8_1_2_6_2.
2026/Jun/15 13:34:08.901349 EXECUTOR - Initialization of module TC_26_8_1_2_6_2 finished.
2026/Jun/15 13:34:08.901351 EXECUTOR - Initializing module TC_26_8_1_2_6_3.
2026/Jun/15 13:34:08.901355 EXECUTOR - Initialization of module TC_26_8_1_2_6_3 finished.
2026/Jun/15 13:34:08.901358 EXECUTOR - Initializing module TC_26_8_1_2_6_6.
2026/Jun/15 13:34:08.901362 EXECUTOR - Initialization of module TC_26_8_1_2_6_6 finished.
2026/Jun/15 13:34:08.901364 EXECUTOR - Initializing module TC_26_8_1_3_1_1.
2026/Jun/15 13:34:08.901368 EXECUTOR - Initialization of module TC_26_8_1_3_1_1 finished.
2026/Jun/15 13:34:08.901370 EXECUTOR - Initializing module TC_26_8_1_3_2_1.
2026/Jun/15 13:34:08.901374 EXECUTOR - Initialization of module TC_26_8_1_3_2_1 finished.
2026/Jun/15 13:34:08.901376 EXECUTOR - Initializing module TC_26_8_1_3_3_1.
2026/Jun/15 13:34:08.901380 EXECUTOR - Initialization of module TC_26_8_1_3_3_1 finished.
2026/Jun/15 13:34:08.901383 EXECUTOR - Initializing module TC_26_8_1_3_3_2.
2026/Jun/15 13:34:08.901387 EXECUTOR - Initialization of module TC_26_8_1_3_3_2 finished.
2026/Jun/15 13:34:08.901389 EXECUTOR - Initializing module TC_26_8_1_3_3_3.
2026/Jun/15 13:34:08.901393 EXECUTOR - Initialization of module TC_26_8_1_3_3_3 finished.
2026/Jun/15 13:34:08.901395 EXECUTOR - Initializing module TC_26_8_1_3_3_4.
2026/Jun/15 13:34:08.901399 EXECUTOR - Initialization of module TC_26_8_1_3_3_4 finished.
2026/Jun/15 13:34:08.901401 EXECUTOR - Initializing module TC_26_8_1_3_3_5.
2026/Jun/15 13:34:08.901405 EXECUTOR - Initialization of module TC_26_8_1_3_3_5 finished.
2026/Jun/15 13:34:08.901407 EXECUTOR - Initializing module TC_26_8_1_3_3_6.
2026/Jun/15 13:34:08.901411 EXECUTOR - Initialization of module TC_26_8_1_3_3_6 finished.
2026/Jun/15 13:34:08.901413 EXECUTOR - Initializing module TC_26_8_1_3_3_7.
2026/Jun/15 13:34:08.901417 EXECUTOR - Initialization of module TC_26_8_1_3_3_7 finished.
2026/Jun/15 13:34:08.901419 EXECUTOR - Initializing module TC_26_8_1_3_4_1.
2026/Jun/15 13:34:08.901426 EXECUTOR - Initialization of module TC_26_8_1_3_4_1 finished.
2026/Jun/15 13:34:08.901428 EXECUTOR - Initializing module TC_26_8_1_3_4_2.
2026/Jun/15 13:34:08.901433 EXECUTOR - Initialization of module TC_26_8_1_3_4_2 finished.
2026/Jun/15 13:34:08.901435 EXECUTOR - Initializing module TC_26_8_1_3_4_3.
2026/Jun/15 13:34:08.901439 EXECUTOR - Initialization of module TC_26_8_1_3_4_3 finished.
2026/Jun/15 13:34:08.901441 EXECUTOR - Initializing module TC_26_8_1_3_4_4.
2026/Jun/15 13:34:08.901445 EXECUTOR - Initialization of module TC_26_8_1_3_4_4 finished.
2026/Jun/15 13:34:08.901447 EXECUTOR - Initializing module TC_26_8_1_3_4_5.
2026/Jun/15 13:34:08.901451 EXECUTOR - Initialization of module TC_26_8_1_3_4_5 finished.
2026/Jun/15 13:34:08.901453 EXECUTOR - Initializing module TC_26_8_1_3_4_6.
2026/Jun/15 13:34:08.901458 EXECUTOR - Initialization of module TC_26_8_1_3_4_6 finished.
2026/Jun/15 13:34:08.901460 EXECUTOR - Initializing module TC_26_8_1_3_4_7.
2026/Jun/15 13:34:08.901464 EXECUTOR - Initialization of module TC_26_8_1_3_4_7 finished.
2026/Jun/15 13:34:08.901466 EXECUTOR - Initializing module TC_26_8_1_3_4_8.
2026/Jun/15 13:34:08.901470 EXECUTOR - Initialization of module TC_26_8_1_3_4_8 finished.
2026/Jun/15 13:34:08.901472 EXECUTOR - Initializing module TC_26_8_1_3_5_1.
2026/Jun/15 13:34:08.901476 EXECUTOR - Initialization of module TC_26_8_1_3_5_1 finished.
2026/Jun/15 13:34:08.901478 EXECUTOR - Initializing module TC_26_8_1_3_5_2.
2026/Jun/15 13:34:08.901482 EXECUTOR - Initialization of module TC_26_8_1_3_5_2 finished.
2026/Jun/15 13:34:08.901484 EXECUTOR - Initializing module TC_26_8_1_3_5_3.
2026/Jun/15 13:34:08.901488 EXECUTOR - Initialization of module TC_26_8_1_3_5_3 finished.
2026/Jun/15 13:34:08.901490 EXECUTOR - Initializing module TC_26_8_1_3_5_4.
2026/Jun/15 13:34:08.901494 EXECUTOR - Initialization of module TC_26_8_1_3_5_4 finished.
2026/Jun/15 13:34:08.901497 EXECUTOR - Initializing module TC_26_8_1_3_5_5.
2026/Jun/15 13:34:08.901501 EXECUTOR - Initialization of module TC_26_8_1_3_5_5 finished.
2026/Jun/15 13:34:08.901503 EXECUTOR - Initializing module TC_26_8_1_3_5_6.
2026/Jun/15 13:34:08.901507 EXECUTOR - Initialization of module TC_26_8_1_3_5_6 finished.
2026/Jun/15 13:34:08.901509 EXECUTOR - Initializing module TC_26_8_1_3_5_7.
2026/Jun/15 13:34:08.901513 EXECUTOR - Initialization of module TC_26_8_1_3_5_7 finished.
2026/Jun/15 13:34:08.901515 EXECUTOR - Initializing module TC_26_8_1_3_5_8.
2026/Jun/15 13:34:08.901519 EXECUTOR - Initialization of module TC_26_8_1_3_5_8 finished.
2026/Jun/15 13:34:08.901521 EXECUTOR - Initializing module TC_26_8_1_3_5_9.
2026/Jun/15 13:34:08.901525 EXECUTOR - Initialization of module TC_26_8_1_3_5_9 finished.
2026/Jun/15 13:34:08.901528 EXECUTOR - Initializing module TC_26_8_2_1.
2026/Jun/15 13:34:08.901532 EXECUTOR - Initialization of module TC_26_8_2_1 finished.
2026/Jun/15 13:34:08.901534 EXECUTOR - Initializing module TC_26_8_2_2.
2026/Jun/15 13:34:08.901538 EXECUTOR - Initialization of module TC_26_8_2_2 finished.
2026/Jun/15 13:34:08.901540 EXECUTOR - Initializing module TC_26_8_2_3.
2026/Jun/15 13:34:08.901543 EXECUTOR - Initialization of module TC_26_8_2_3 finished.
2026/Jun/15 13:34:08.901546 EXECUTOR - Initializing module TC_26_8_3.
2026/Jun/15 13:34:08.901550 EXECUTOR - Initialization of module TC_26_8_3 finished.
2026/Jun/15 13:34:08.901552 EXECUTOR - Initializing module TC_34_2_2.
2026/Jun/15 13:34:08.901556 EXECUTOR - Initialization of module TC_34_2_2 finished.
2026/Jun/15 13:34:08.901558 EXECUTOR - Initializing module TitanLoggerApi.
2026/Jun/15 13:34:08.901560 EXECUTOR - Initialization of module TitanLoggerApi finished.
2026/Jun/15 13:34:08.901562 EXECUTOR - Initializing module TitanLoggerControl.
2026/Jun/15 13:34:08.901564 EXECUTOR - Initialization of module TitanLoggerControl finished.
2026/Jun/15 13:34:08.901574 EXECUTOR - Configuration data was processed successfully.
2026/Jun/15 13:34:08.903453 EXECUTOR - MTC was created. Process id: 39.
2026/Jun/15 13:35:32.645940 EXECUTOR - Exit was requested from MC. Terminating HC.
2026/Jun/15 13:35:32.646168 EXECUTOR - Disconnected from MC.
2026/Jun/15 13:35:32.646211 EXECUTOR - TTCN-3 Host Controller finished.
