2026/Jun/17 06:16:40.137654 EXECUTOR - TTCN-3 Host Controller started on ttcn3-tc-26-6-2-1-2-1-5blbq. Version: 11.1.0.
2026/Jun/17 06:16:40.139018 EXECUTOR - TTCN Logger v2.2 options: TimeStampFormat:=DateTime; LogEntityName:=No; LogEventTypes:=Yes; SourceInfoFormat:=Single; LogSensitiveData:=No; *.FileMask:=LOG_ALL; *.ConsoleMask:=ERROR | TESTCASE | USER | VERDICTOP | WARNING; LogFileSize:=0; LogFileNumber:=1; DiskFullAction:=Error
2026/Jun/17 06:16:40.139029 EXECUTOR - Maximum number of open file descriptors: 1048576,   FD_SETSIZE = 1024
2026/Jun/17 06:16:40.139150 WARNING - Warning: The address of MC was set to a local IP address. This may cause incorrect behavior if a HC from a remote host also connects to MC.
2026/Jun/17 06:16:40.139177 EXECUTOR - The address of MC was set to 127.0.0.1:0.
2026/Jun/17 06:16:40.139283 EXECUTOR - Connected to MC.
2026/Jun/17 06:16:40.139378 EXECUTOR - This host supports UNIX domain sockets for local communication.
2026/Jun/17 06:16:40.139679 EXECUTOR - Processing configuration data received from MC.
2026/Jun/17 06:16:40.141245 WARNING - Warning: Skeleton `/results/TC_26_6_2_1_2-2026-06-17-061636/%n.log' does not guarantee unique log file name for every test system process. It may cause unpredictable results if several test components try to write into the same log file.
2026/Jun/17 06:16:40.316805 EXECUTOR - Module GSM_Constants has the following parameters: { TSPC_Serv_TS11 := true, TSPC_Serv_TS61 := false, TSPC_Serv_TS62 := false, TSPC_Serv_BS21 := false, TSPC_Serv_BS22 := false, TSPC_Serv_BS24 := false, TSPC_Serv_BS25 := false, TSPC_Serv_BS26 := false, TSPC_Serv_BS31 := false, TSPC_Serv_BS32 := false, TSPC_Serv_BS33 := false, TSPC_Serv_BS34 := false, TSPC_Serv_BS41 := false, TSPC_Serv_BS42 := false, TSPC_Serv_BS43 := false, TSPC_Serv_BS44 := false, TSPC_Serv_BS45 := false, TSPC_Serv_BS51 := false, TSPC_Serv_BS61 := false, TSPC_Serv_BS81 := false, TSPC_DualRate := false, TSPC_MTsvc := true, TSPX_IMSI := '901700000000001F'O, TSPX_TMSI := '1914D97F'O, TSPX_CKSNDef := 0, TSPX_RANDDef := '00112233445566778899AABBCCDDEEFF'O, TSPX_SRES := '12345678'O, TSPX_Kc := '0000000000000000'O, TSPX_SDCCH4SubDef := 0, TSPX_TmSltDef := 0, TSPX_TscDef := 7, TSPX_TCHHSubDef := 0, TCV_CC := true, TSPX_Telephony_Rate := C_Full (0), TSPX_MOBscSvcA := C_Telephony (0), TSPX_MOBscSvcB := C_Telephony (0), TSPX_MOBscSvcC := C_Telephony (0), TSPX_MOBscSvcD := C_Telephony (0), TSPX_MOBscSvcE := C_Telephony (0), TSPX_MOBscSvcF := C_Telephony (0), TSPX_MOBscSvcG := C_Telephony (0), TSPX_MOChRateA := C_Full (0), TSPX_MOChRateB := C_Full (0), TSPX_MOChRateC := C_Full (0), TSPX_MOChRateD := C_Full (0), TSPX_MOChRateE := C_Full (0), TSPX_MOChRateF := C_Full (0), TSPX_MOChRateG := C_Full (0), TSPX_MTBscSvcA := C_Telephony (0), TSPX_MTBscSvcB := C_Telephony (0), TSPX_MTBscSvcC := C_Telephony (0), TSPX_MTBscSvcD := C_Telephony (0), TSPX_MTBscSvcE := C_Telephony (0), TSPX_MTBscSvcF := C_Telephony (0), TSPX_MTBscSvcG := C_Telephony (0), TSPX_MTBscSvcH := C_Telephony (0), TSPX_MTBscSvcI := C_Telephony (0), TSPX_MTBscSvcJ := C_Telephony (0), TSPX_MTChRateA := C_Full (0), TSPX_MTChRateB := C_Full (0), TSPX_MTChRateC := C_Full (0), TSPX_MTChRateD := C_Full (0), TSPX_MTChRateE := C_Full (0), TSPX_MTChRateF := C_Full (0), TSPX_MTChRateG := C_Full (0), TSPX_MTChRateH := C_Full (0), TSPX_MTChRateI := C_Full (0), TSPX_MTChRateJ := C_Full (0), C_arfcnA := 51 }
2026/Jun/17 06:16:40.316930 EXECUTOR - Module TC_26_6_1_2 has the following parameters: { TSPX_nPara := 3, TSPX_i1Para := 3, TSPX_kPara := 5, TSPX_i2Para := 1, TSPX_rPara := 4, TSPX_i3Para := 4 }
2026/Jun/17 06:16:40.316977 EXECUTOR - Initializing module GSM_Component_Definitions.
2026/Jun/17 06:16:40.316988 EXECUTOR GSM_Component_Definitions.ttcn3:0 Initializing module GSM_Templates.
2026/Jun/17 06:16:40.317023 EXECUTOR GSM_Templates.ttcn3:0 Initializing module GSM_Constants.
2026/Jun/17 06:16:40.317032 EXECUTOR GSM_Constants.ttcn3:0 Initializing module GSM_Types.
2026/Jun/17 06:16:40.317039 EXECUTOR GSM_Constants.ttcn3:0 Initialization of module GSM_Types finished.
2026/Jun/17 06:16:40.317044 EXECUTOR GSM_Templates.ttcn3:0 Initialization of module GSM_Constants finished.
2026/Jun/17 06:16:40.317162 EXECUTOR GSM_Component_Definitions.ttcn3:0 Initialization of module GSM_Templates finished.
2026/Jun/17 06:16:40.317170 EXECUTOR - Initialization of module GSM_Component_Definitions finished.
2026/Jun/17 06:16:40.317175 EXECUTOR - Initializing module GSM_Functions.
2026/Jun/17 06:16:40.317211 EXECUTOR - Initialization of module GSM_Functions finished.
2026/Jun/17 06:16:40.317216 EXECUTOR - Initializing module PreGenRecordOf.
2026/Jun/17 06:16:40.317220 EXECUTOR - Initialization of module PreGenRecordOf finished.
2026/Jun/17 06:16:40.317224 EXECUTOR - Initializing module TC_26_2_1_3.
2026/Jun/17 06:16:40.317233 EXECUTOR - Initialization of module TC_26_2_1_3 finished.
2026/Jun/17 06:16:40.317237 EXECUTOR - Initializing module TC_26_2_2.
2026/Jun/17 06:16:40.317245 EXECUTOR - Initialization of module TC_26_2_2 finished.
2026/Jun/17 06:16:40.317250 EXECUTOR - Initializing module TC_26_2_3.
2026/Jun/17 06:16:40.317258 EXECUTOR - Initialization of module TC_26_2_3 finished.
2026/Jun/17 06:16:40.317262 EXECUTOR - Initializing module TC_26_6_11_1.
2026/Jun/17 06:16:40.317270 EXECUTOR - Initialization of module TC_26_6_11_1 finished.
2026/Jun/17 06:16:40.317275 EXECUTOR - Initializing module TC_26_6_11_2.
2026/Jun/17 06:16:40.317283 EXECUTOR - Initialization of module TC_26_6_11_2 finished.
2026/Jun/17 06:16:40.317287 EXECUTOR - Initializing module TC_26_6_12_1.
2026/Jun/17 06:16:40.317295 EXECUTOR - Initialization of module TC_26_6_12_1 finished.
2026/Jun/17 06:16:40.317300 EXECUTOR - Initializing module TC_26_6_12_2.
2026/Jun/17 06:16:40.317308 EXECUTOR - Initialization of module TC_26_6_12_2 finished.
2026/Jun/17 06:16:40.317312 EXECUTOR - Initializing module TC_26_6_12_3.
2026/Jun/17 06:16:40.317320 EXECUTOR - Initialization of module TC_26_6_12_3 finished.
2026/Jun/17 06:16:40.317324 EXECUTOR - Initializing module TC_26_6_12_4.
2026/Jun/17 06:16:40.317332 EXECUTOR - Initialization of module TC_26_6_12_4 finished.
2026/Jun/17 06:16:40.317336 EXECUTOR - Initializing module TC_26_6_13_10.
2026/Jun/17 06:16:40.317344 EXECUTOR - Initialization of module TC_26_6_13_10 finished.
2026/Jun/17 06:16:40.317348 EXECUTOR - Initializing module TC_26_6_13_9.
2026/Jun/17 06:16:40.317356 EXECUTOR - Initialization of module TC_26_6_13_9 finished.
2026/Jun/17 06:16:40.317360 EXECUTOR - Initializing module TC_26_6_1_1.
2026/Jun/17 06:16:40.317369 EXECUTOR - Initialization of module TC_26_6_1_1 finished.
2026/Jun/17 06:16:40.317373 EXECUTOR - Initializing module TC_26_6_1_2.
2026/Jun/17 06:16:40.317380 EXECUTOR - Initialization of module TC_26_6_1_2 finished.
2026/Jun/17 06:16:40.317384 EXECUTOR - Initializing module TC_26_6_1_3.
2026/Jun/17 06:16:40.317392 EXECUTOR - Initialization of module TC_26_6_1_3 finished.
2026/Jun/17 06:16:40.317396 EXECUTOR - Initializing module TC_26_6_1_4.
2026/Jun/17 06:16:40.317404 EXECUTOR - Initialization of module TC_26_6_1_4 finished.
2026/Jun/17 06:16:40.317408 EXECUTOR - Initializing module TC_26_6_1_5.
2026/Jun/17 06:16:40.317416 EXECUTOR - Initialization of module TC_26_6_1_5 finished.
2026/Jun/17 06:16:40.317421 EXECUTOR - Initializing module TC_26_6_2_1_1.
2026/Jun/17 06:16:40.317429 EXECUTOR - Initialization of module TC_26_6_2_1_1 finished.
2026/Jun/17 06:16:40.317433 EXECUTOR - Initializing module TC_26_6_2_1_2.
2026/Jun/17 06:16:40.317441 EXECUTOR - Initialization of module TC_26_6_2_1_2 finished.
2026/Jun/17 06:16:40.317445 EXECUTOR - Initializing module TC_26_6_2_1_3.
2026/Jun/17 06:16:40.317453 EXECUTOR - Initialization of module TC_26_6_2_1_3 finished.
2026/Jun/17 06:16:40.317458 EXECUTOR - Initializing module TC_26_6_2_2.
2026/Jun/17 06:16:40.317466 EXECUTOR - Initialization of module TC_26_6_2_2 finished.
2026/Jun/17 06:16:40.317470 EXECUTOR - Initializing module TC_26_6_2_3_1.
2026/Jun/17 06:16:40.317478 EXECUTOR - Initialization of module TC_26_6_2_3_1 finished.
2026/Jun/17 06:16:40.317483 EXECUTOR - Initializing module TC_26_6_2_3_2.
2026/Jun/17 06:16:40.317491 EXECUTOR - Initialization of module TC_26_6_2_3_2 finished.
2026/Jun/17 06:16:40.317500 EXECUTOR - Initializing module TC_26_6_2_4.
2026/Jun/17 06:16:40.317509 EXECUTOR - Initialization of module TC_26_6_2_4 finished.
2026/Jun/17 06:16:40.317513 EXECUTOR - Initializing module TC_26_6_3_1.
2026/Jun/17 06:16:40.317521 EXECUTOR - Initialization of module TC_26_6_3_1 finished.
2026/Jun/17 06:16:40.317526 EXECUTOR - Initializing module TC_26_6_3_4.
2026/Jun/17 06:16:40.317534 EXECUTOR - Initialization of module TC_26_6_3_4 finished.
2026/Jun/17 06:16:40.317539 EXECUTOR - Initializing module TC_26_6_4_1.
2026/Jun/17 06:16:40.317546 EXECUTOR - Initialization of module TC_26_6_4_1 finished.
2026/Jun/17 06:16:40.317551 EXECUTOR - Initializing module TC_26_6_4_2_2.
2026/Jun/17 06:16:40.317558 EXECUTOR - Initialization of module TC_26_6_4_2_2 finished.
2026/Jun/17 06:16:40.317563 EXECUTOR - Initializing module TC_26_6_5_1.
2026/Jun/17 06:16:40.317571 EXECUTOR - Initialization of module TC_26_6_5_1 finished.
2026/Jun/17 06:16:40.317575 EXECUTOR - Initializing module TC_26_6_5_2_1.
2026/Jun/17 06:16:40.317583 EXECUTOR - Initialization of module TC_26_6_5_2_1 finished.
2026/Jun/17 06:16:40.317587 EXECUTOR - Initializing module TC_26_6_8_1.
2026/Jun/17 06:16:40.317595 EXECUTOR - Initialization of module TC_26_6_8_1 finished.
2026/Jun/17 06:16:40.317599 EXECUTOR - Initializing module TC_26_6_8_2.
2026/Jun/17 06:16:40.317607 EXECUTOR - Initialization of module TC_26_6_8_2 finished.
2026/Jun/17 06:16:40.317611 EXECUTOR - Initializing module TC_26_6_8_3.
2026/Jun/17 06:16:40.317619 EXECUTOR - Initialization of module TC_26_6_8_3 finished.
2026/Jun/17 06:16:40.317623 EXECUTOR - Initializing module TC_26_6_8_4.
2026/Jun/17 06:16:40.317631 EXECUTOR - Initialization of module TC_26_6_8_4 finished.
2026/Jun/17 06:16:40.317635 EXECUTOR - Initializing module TC_26_6_8_5.
2026/Jun/17 06:16:40.317643 EXECUTOR - Initialization of module TC_26_6_8_5 finished.
2026/Jun/17 06:16:40.317647 EXECUTOR - Initializing module TC_26_7_1.
2026/Jun/17 06:16:40.317655 EXECUTOR - Initialization of module TC_26_7_1 finished.
2026/Jun/17 06:16:40.317660 EXECUTOR - Initializing module TC_26_7_2_1.
2026/Jun/17 06:16:40.317667 EXECUTOR - Initialization of module TC_26_7_2_1 finished.
2026/Jun/17 06:16:40.317672 EXECUTOR - Initializing module TC_26_7_2_2.
2026/Jun/17 06:16:40.317679 EXECUTOR - Initialization of module TC_26_7_2_2 finished.
2026/Jun/17 06:16:40.317684 EXECUTOR - Initializing module TC_26_7_3_1.
2026/Jun/17 06:16:40.317692 EXECUTOR - Initialization of module TC_26_7_3_1 finished.
2026/Jun/17 06:16:40.317696 EXECUTOR - Initializing module TC_26_7_3_2.
2026/Jun/17 06:16:40.317704 EXECUTOR - Initialization of module TC_26_7_3_2 finished.
2026/Jun/17 06:16:40.317708 EXECUTOR - Initializing module TC_26_7_4_1.
2026/Jun/17 06:16:40.317716 EXECUTOR - Initialization of module TC_26_7_4_1 finished.
2026/Jun/17 06:16:40.317720 EXECUTOR - Initializing module TC_26_7_4_2_1.
2026/Jun/17 06:16:40.317728 EXECUTOR - Initialization of module TC_26_7_4_2_1 finished.
2026/Jun/17 06:16:40.317732 EXECUTOR - Initializing module TC_26_7_4_2_2_1.
2026/Jun/17 06:16:40.317740 EXECUTOR - Initialization of module TC_26_7_4_2_2_1 finished.
2026/Jun/17 06:16:40.317744 EXECUTOR - Initializing module TC_26_7_4_2_2_2.
2026/Jun/17 06:16:40.317752 EXECUTOR - Initialization of module TC_26_7_4_2_2_2 finished.
2026/Jun/17 06:16:40.317757 EXECUTOR - Initializing module TC_26_7_4_2_3.
2026/Jun/17 06:16:40.317765 EXECUTOR - Initialization of module TC_26_7_4_2_3 finished.
2026/Jun/17 06:16:40.317769 EXECUTOR - Initializing module TC_26_7_4_2_4_1.
2026/Jun/17 06:16:40.317777 EXECUTOR - Initialization of module TC_26_7_4_2_4_1 finished.
2026/Jun/17 06:16:40.317782 EXECUTOR - Initializing module TC_26_7_4_2_4_2.
2026/Jun/17 06:16:40.317789 EXECUTOR - Initialization of module TC_26_7_4_2_4_2 finished.
2026/Jun/17 06:16:40.317794 EXECUTOR - Initializing module TC_26_7_4_2_4_3.
2026/Jun/17 06:16:40.317802 EXECUTOR - Initialization of module TC_26_7_4_2_4_3 finished.
2026/Jun/17 06:16:40.317806 EXECUTOR - Initializing module TC_26_7_4_2_4_4.
2026/Jun/17 06:16:40.317818 EXECUTOR - Initialization of module TC_26_7_4_2_4_4 finished.
2026/Jun/17 06:16:40.317836 EXECUTOR - Initializing module TC_26_7_4_2_4_5.
2026/Jun/17 06:16:40.317844 EXECUTOR - Initialization of module TC_26_7_4_2_4_5 finished.
2026/Jun/17 06:16:40.317848 EXECUTOR - Initializing module TC_26_7_4_3_1.
2026/Jun/17 06:16:40.317856 EXECUTOR - Initialization of module TC_26_7_4_3_1 finished.
2026/Jun/17 06:16:40.317860 EXECUTOR - Initializing module TC_26_7_4_3_2.
2026/Jun/17 06:16:40.317868 EXECUTOR - Initialization of module TC_26_7_4_3_2 finished.
2026/Jun/17 06:16:40.317872 EXECUTOR - Initializing module TC_26_7_4_3_3.
2026/Jun/17 06:16:40.317880 EXECUTOR - Initialization of module TC_26_7_4_3_3 finished.
2026/Jun/17 06:16:40.317884 EXECUTOR - Initializing module TC_26_7_4_3_4.
2026/Jun/17 06:16:40.317892 EXECUTOR - Initialization of module TC_26_7_4_3_4 finished.
2026/Jun/17 06:16:40.317896 EXECUTOR - Initializing module TC_26_7_4_4.
2026/Jun/17 06:16:40.317904 EXECUTOR - Initialization of module TC_26_7_4_4 finished.
2026/Jun/17 06:16:40.317908 EXECUTOR - Initializing module TC_26_7_4_5_1.
2026/Jun/17 06:16:40.317916 EXECUTOR - Initialization of module TC_26_7_4_5_1 finished.
2026/Jun/17 06:16:40.317920 EXECUTOR - Initializing module TC_26_7_4_5_2.
2026/Jun/17 06:16:40.317928 EXECUTOR - Initialization of module TC_26_7_4_5_2 finished.
2026/Jun/17 06:16:40.317932 EXECUTOR - Initializing module TC_26_7_4_5_3.
2026/Jun/17 06:16:40.317940 EXECUTOR - Initialization of module TC_26_7_4_5_3 finished.
2026/Jun/17 06:16:40.317944 EXECUTOR - Initializing module TC_26_7_4_5_4_2.
2026/Jun/17 06:16:40.317952 EXECUTOR - Initialization of module TC_26_7_4_5_4_2 finished.
2026/Jun/17 06:16:40.317956 EXECUTOR - Initializing module TC_26_7_5_2.
2026/Jun/17 06:16:40.317964 EXECUTOR - Initialization of module TC_26_7_5_2 finished.
2026/Jun/17 06:16:40.317968 EXECUTOR - Initializing module TC_26_7_5_3.
2026/Jun/17 06:16:40.317976 EXECUTOR - Initialization of module TC_26_7_5_3 finished.
2026/Jun/17 06:16:40.317980 EXECUTOR - Initializing module TC_26_7_5_4.
2026/Jun/17 06:16:40.317988 EXECUTOR - Initialization of module TC_26_7_5_4 finished.
2026/Jun/17 06:16:40.317993 EXECUTOR - Initializing module TC_26_7_5_5.
2026/Jun/17 06:16:40.318000 EXECUTOR - Initialization of module TC_26_7_5_5 finished.
2026/Jun/17 06:16:40.318004 EXECUTOR - Initializing module TC_26_7_5_6.
2026/Jun/17 06:16:40.318013 EXECUTOR - Initialization of module TC_26_7_5_6 finished.
2026/Jun/17 06:16:40.318017 EXECUTOR - Initializing module TC_26_7_5_7_1.
2026/Jun/17 06:16:40.318025 EXECUTOR - Initialization of module TC_26_7_5_7_1 finished.
2026/Jun/17 06:16:40.318029 EXECUTOR - Initializing module TC_26_7_5_8_1.
2026/Jun/17 06:16:40.318037 EXECUTOR - Initialization of module TC_26_7_5_8_1 finished.
2026/Jun/17 06:16:40.318041 EXECUTOR - Initializing module TC_26_7_5_8_2.
2026/Jun/17 06:16:40.318049 EXECUTOR - Initialization of module TC_26_7_5_8_2 finished.
2026/Jun/17 06:16:40.318053 EXECUTOR - Initializing module TC_26_7_5_8_3.
2026/Jun/17 06:16:40.318061 EXECUTOR - Initialization of module TC_26_7_5_8_3 finished.
2026/Jun/17 06:16:40.318065 EXECUTOR - Initializing module TC_26_8_1_2_1_1.
2026/Jun/17 06:16:40.318072 EXECUTOR - Initialization of module TC_26_8_1_2_1_1 finished.
2026/Jun/17 06:16:40.318077 EXECUTOR - Initializing module TC_26_8_1_2_2_1.
2026/Jun/17 06:16:40.318085 EXECUTOR - Initialization of module TC_26_8_1_2_2_1 finished.
2026/Jun/17 06:16:40.318089 EXECUTOR - Initializing module TC_26_8_1_2_2_2.
2026/Jun/17 06:16:40.318096 EXECUTOR - Initialization of module TC_26_8_1_2_2_2 finished.
2026/Jun/17 06:16:40.318101 EXECUTOR - Initializing module TC_26_8_1_2_2_3.
2026/Jun/17 06:16:40.318108 EXECUTOR - Initialization of module TC_26_8_1_2_2_3 finished.
2026/Jun/17 06:16:40.318113 EXECUTOR - Initializing module TC_26_8_1_2_3_1.
2026/Jun/17 06:16:40.318120 EXECUTOR - Initialization of module TC_26_8_1_2_3_1 finished.
2026/Jun/17 06:16:40.318125 EXECUTOR - Initializing module TC_26_8_1_2_3_2.
2026/Jun/17 06:16:40.318132 EXECUTOR - Initialization of module TC_26_8_1_2_3_2 finished.
2026/Jun/17 06:16:40.318141 EXECUTOR - Initializing module TC_26_8_1_2_3_3.
2026/Jun/17 06:16:40.318149 EXECUTOR - Initialization of module TC_26_8_1_2_3_3 finished.
2026/Jun/17 06:16:40.318153 EXECUTOR - Initializing module TC_26_8_1_2_3_4.
2026/Jun/17 06:16:40.318161 EXECUTOR - Initialization of module TC_26_8_1_2_3_4 finished.
2026/Jun/17 06:16:40.318165 EXECUTOR - Initializing module TC_26_8_1_2_3_5.
2026/Jun/17 06:16:40.318173 EXECUTOR - Initialization of module TC_26_8_1_2_3_5 finished.
2026/Jun/17 06:16:40.318177 EXECUTOR - Initializing module TC_26_8_1_2_3_6.
2026/Jun/17 06:16:40.318185 EXECUTOR - Initialization of module TC_26_8_1_2_3_6 finished.
2026/Jun/17 06:16:40.318190 EXECUTOR - Initializing module TC_26_8_1_2_3_7.
2026/Jun/17 06:16:40.318197 EXECUTOR - Initialization of module TC_26_8_1_2_3_7 finished.
2026/Jun/17 06:16:40.318202 EXECUTOR - Initializing module TC_26_8_1_2_4_1.
2026/Jun/17 06:16:40.318209 EXECUTOR - Initialization of module TC_26_8_1_2_4_1 finished.
2026/Jun/17 06:16:40.318214 EXECUTOR - Initializing module TC_26_8_1_2_4_13.
2026/Jun/17 06:16:40.318222 EXECUTOR - Initialization of module TC_26_8_1_2_4_13 finished.
2026/Jun/17 06:16:40.318226 EXECUTOR - Initializing module TC_26_8_1_2_4_2.
2026/Jun/17 06:16:40.318234 EXECUTOR - Initialization of module TC_26_8_1_2_4_2 finished.
2026/Jun/17 06:16:40.318238 EXECUTOR - Initializing module TC_26_8_1_2_4_3.
2026/Jun/17 06:16:40.318246 EXECUTOR - Initialization of module TC_26_8_1_2_4_3 finished.
2026/Jun/17 06:16:40.318250 EXECUTOR - Initializing module TC_26_8_1_2_4_4.
2026/Jun/17 06:16:40.318258 EXECUTOR - Initialization of module TC_26_8_1_2_4_4 finished.
2026/Jun/17 06:16:40.318263 EXECUTOR - Initializing module TC_26_8_1_2_4_5.
2026/Jun/17 06:16:40.318271 EXECUTOR - Initialization of module TC_26_8_1_2_4_5 finished.
2026/Jun/17 06:16:40.318275 EXECUTOR - Initializing module TC_26_8_1_2_6_1.
2026/Jun/17 06:16:40.318282 EXECUTOR - Initialization of module TC_26_8_1_2_6_1 finished.
2026/Jun/17 06:16:40.318287 EXECUTOR - Initializing module TC_26_8_1_2_6_2.
2026/Jun/17 06:16:40.318294 EXECUTOR - Initialization of module TC_26_8_1_2_6_2 finished.
2026/Jun/17 06:16:40.318298 EXECUTOR - Initializing module TC_26_8_1_2_6_3.
2026/Jun/17 06:16:40.318306 EXECUTOR - Initialization of module TC_26_8_1_2_6_3 finished.
2026/Jun/17 06:16:40.318311 EXECUTOR - Initializing module TC_26_8_1_2_6_6.
2026/Jun/17 06:16:40.318319 EXECUTOR - Initialization of module TC_26_8_1_2_6_6 finished.
2026/Jun/17 06:16:40.318323 EXECUTOR - Initializing module TC_26_8_1_3_1_1.
2026/Jun/17 06:16:40.318331 EXECUTOR - Initialization of module TC_26_8_1_3_1_1 finished.
2026/Jun/17 06:16:40.318335 EXECUTOR - Initializing module TC_26_8_1_3_2_1.
2026/Jun/17 06:16:40.318343 EXECUTOR - Initialization of module TC_26_8_1_3_2_1 finished.
2026/Jun/17 06:16:40.318348 EXECUTOR - Initializing module TC_26_8_1_3_3_1.
2026/Jun/17 06:16:40.318356 EXECUTOR - Initialization of module TC_26_8_1_3_3_1 finished.
2026/Jun/17 06:16:40.318360 EXECUTOR - Initializing module TC_26_8_1_3_3_2.
2026/Jun/17 06:16:40.318368 EXECUTOR - Initialization of module TC_26_8_1_3_3_2 finished.
2026/Jun/17 06:16:40.318372 EXECUTOR - Initializing module TC_26_8_1_3_3_3.
2026/Jun/17 06:16:40.318381 EXECUTOR - Initialization of module TC_26_8_1_3_3_3 finished.
2026/Jun/17 06:16:40.318385 EXECUTOR - Initializing module TC_26_8_1_3_3_4.
2026/Jun/17 06:16:40.318393 EXECUTOR - Initialization of module TC_26_8_1_3_3_4 finished.
2026/Jun/17 06:16:40.318397 EXECUTOR - Initializing module TC_26_8_1_3_3_5.
2026/Jun/17 06:16:40.318405 EXECUTOR - Initialization of module TC_26_8_1_3_3_5 finished.
2026/Jun/17 06:16:40.318410 EXECUTOR - Initializing module TC_26_8_1_3_3_6.
2026/Jun/17 06:16:40.318418 EXECUTOR - Initialization of module TC_26_8_1_3_3_6 finished.
2026/Jun/17 06:16:40.318422 EXECUTOR - Initializing module TC_26_8_1_3_3_7.
2026/Jun/17 06:16:40.318430 EXECUTOR - Initialization of module TC_26_8_1_3_3_7 finished.
2026/Jun/17 06:16:40.318434 EXECUTOR - Initializing module TC_26_8_1_3_4_1.
2026/Jun/17 06:16:40.318447 EXECUTOR - Initialization of module TC_26_8_1_3_4_1 finished.
2026/Jun/17 06:16:40.318451 EXECUTOR - Initializing module TC_26_8_1_3_4_2.
2026/Jun/17 06:16:40.318460 EXECUTOR - Initialization of module TC_26_8_1_3_4_2 finished.
2026/Jun/17 06:16:40.318464 EXECUTOR - Initializing module TC_26_8_1_3_4_3.
2026/Jun/17 06:16:40.318471 EXECUTOR - Initialization of module TC_26_8_1_3_4_3 finished.
2026/Jun/17 06:16:40.318476 EXECUTOR - Initializing module TC_26_8_1_3_4_4.
2026/Jun/17 06:16:40.318484 EXECUTOR - Initialization of module TC_26_8_1_3_4_4 finished.
2026/Jun/17 06:16:40.318488 EXECUTOR - Initializing module TC_26_8_1_3_4_5.
2026/Jun/17 06:16:40.318496 EXECUTOR - Initialization of module TC_26_8_1_3_4_5 finished.
2026/Jun/17 06:16:40.318500 EXECUTOR - Initializing module TC_26_8_1_3_4_6.
2026/Jun/17 06:16:40.318508 EXECUTOR - Initialization of module TC_26_8_1_3_4_6 finished.
2026/Jun/17 06:16:40.318512 EXECUTOR - Initializing module TC_26_8_1_3_4_7.
2026/Jun/17 06:16:40.318520 EXECUTOR - Initialization of module TC_26_8_1_3_4_7 finished.
2026/Jun/17 06:16:40.318525 EXECUTOR - Initializing module TC_26_8_1_3_4_8.
2026/Jun/17 06:16:40.318532 EXECUTOR - Initialization of module TC_26_8_1_3_4_8 finished.
2026/Jun/17 06:16:40.318536 EXECUTOR - Initializing module TC_26_8_1_3_5_1.
2026/Jun/17 06:16:40.318545 EXECUTOR - Initialization of module TC_26_8_1_3_5_1 finished.
2026/Jun/17 06:16:40.318549 EXECUTOR - Initializing module TC_26_8_1_3_5_2.
2026/Jun/17 06:16:40.318557 EXECUTOR - Initialization of module TC_26_8_1_3_5_2 finished.
2026/Jun/17 06:16:40.318561 EXECUTOR - Initializing module TC_26_8_1_3_5_3.
2026/Jun/17 06:16:40.318568 EXECUTOR - Initialization of module TC_26_8_1_3_5_3 finished.
2026/Jun/17 06:16:40.318573 EXECUTOR - Initializing module TC_26_8_1_3_5_4.
2026/Jun/17 06:16:40.318580 EXECUTOR - Initialization of module TC_26_8_1_3_5_4 finished.
2026/Jun/17 06:16:40.318584 EXECUTOR - Initializing module TC_26_8_1_3_5_5.
2026/Jun/17 06:16:40.318592 EXECUTOR - Initialization of module TC_26_8_1_3_5_5 finished.
2026/Jun/17 06:16:40.318596 EXECUTOR - Initializing module TC_26_8_1_3_5_6.
2026/Jun/17 06:16:40.318604 EXECUTOR - Initialization of module TC_26_8_1_3_5_6 finished.
2026/Jun/17 06:16:40.318608 EXECUTOR - Initializing module TC_26_8_1_3_5_7.
2026/Jun/17 06:16:40.318617 EXECUTOR - Initialization of module TC_26_8_1_3_5_7 finished.
2026/Jun/17 06:16:40.318621 EXECUTOR - Initializing module TC_26_8_1_3_5_8.
2026/Jun/17 06:16:40.318629 EXECUTOR - Initialization of module TC_26_8_1_3_5_8 finished.
2026/Jun/17 06:16:40.318633 EXECUTOR - Initializing module TC_26_8_1_3_5_9.
2026/Jun/17 06:16:40.318641 EXECUTOR - Initialization of module TC_26_8_1_3_5_9 finished.
2026/Jun/17 06:16:40.318645 EXECUTOR - Initializing module TC_26_8_2_1.
2026/Jun/17 06:16:40.318653 EXECUTOR - Initialization of module TC_26_8_2_1 finished.
2026/Jun/17 06:16:40.318658 EXECUTOR - Initializing module TC_26_8_2_2.
2026/Jun/17 06:16:40.318665 EXECUTOR - Initialization of module TC_26_8_2_2 finished.
2026/Jun/17 06:16:40.318669 EXECUTOR - Initializing module TC_26_8_2_3.
2026/Jun/17 06:16:40.318677 EXECUTOR - Initialization of module TC_26_8_2_3 finished.
2026/Jun/17 06:16:40.318681 EXECUTOR - Initializing module TC_26_8_3.
2026/Jun/17 06:16:40.318689 EXECUTOR - Initialization of module TC_26_8_3 finished.
2026/Jun/17 06:16:40.318693 EXECUTOR - Initializing module TC_34_2_2.
2026/Jun/17 06:16:40.318700 EXECUTOR - Initialization of module TC_34_2_2 finished.
2026/Jun/17 06:16:40.318705 EXECUTOR - Initializing module TitanLoggerApi.
2026/Jun/17 06:16:40.318709 EXECUTOR - Initialization of module TitanLoggerApi finished.
2026/Jun/17 06:16:40.318713 EXECUTOR - Initializing module TitanLoggerControl.
2026/Jun/17 06:16:40.318717 EXECUTOR - Initialization of module TitanLoggerControl finished.
2026/Jun/17 06:16:40.318733 EXECUTOR - Configuration data was processed successfully.
2026/Jun/17 06:16:40.321170 EXECUTOR - MTC was created. Process id: 39.
2026/Jun/17 06:17:38.435401 EXECUTOR - Exit was requested from MC. Terminating HC.
2026/Jun/17 06:17:38.435618 EXECUTOR - Disconnected from MC.
2026/Jun/17 06:17:38.435661 EXECUTOR - TTCN-3 Host Controller finished.
