2026/Jun/08 11:37:04.269481 EXECUTOR - TTCN-3 Host Controller started on ttcn3-tc-26-6-1-1-8-2pppk. Version: 11.1.0.
2026/Jun/08 11:37:04.269635 EXECUTOR - TTCN Logger v2.2 options: TimeStampFormat:=DateTime; LogEntityName:=No; LogEventTypes:=Yes; SourceInfoFormat:=Single; LogSensitiveData:=No; *.FileMask:=LOG_ALL; *.ConsoleMask:=ERROR | TESTCASE | USER | VERDICTOP | WARNING; LogFileSize:=0; LogFileNumber:=1; DiskFullAction:=Error
2026/Jun/08 11:37:04.269663 EXECUTOR - Maximum number of open file descriptors: 1048576,   FD_SETSIZE = 1024
2026/Jun/08 11:37:04.269837 WARNING - Warning: The address of MC was set to a local IP address. This may cause incorrect behavior if a HC from a remote host also connects to MC.
2026/Jun/08 11:37:04.269877 EXECUTOR - The address of MC was set to 127.0.0.1:0.
2026/Jun/08 11:37:04.269998 EXECUTOR - Connected to MC.
2026/Jun/08 11:37:04.270089 EXECUTOR - This host supports UNIX domain sockets for local communication.
2026/Jun/08 11:37:04.270362 EXECUTOR - Processing configuration data received from MC.
2026/Jun/08 11:37:04.270625 WARNING - Warning: Skeleton `/results/TC_26_6_1_1-2026-06-08-113244/%n.log' does not guarantee unique log file name for every test system process. It may cause unpredictable results if several test components try to write into the same log file.
2026/Jun/08 11:37:04.270925 EXECUTOR - Module GSM_Constants has the following parameters: { TSPC_Serv_TS11 := true, TSPC_Serv_TS61 := false, TSPC_Serv_TS62 := false, TSPC_Serv_BS21 := false, TSPC_Serv_BS22 := false, TSPC_Serv_BS24 := false, TSPC_Serv_BS25 := false, TSPC_Serv_BS26 := false, TSPC_Serv_BS31 := false, TSPC_Serv_BS32 := false, TSPC_Serv_BS33 := false, TSPC_Serv_BS34 := false, TSPC_Serv_BS41 := false, TSPC_Serv_BS42 := false, TSPC_Serv_BS43 := false, TSPC_Serv_BS44 := false, TSPC_Serv_BS45 := false, TSPC_Serv_BS51 := false, TSPC_Serv_BS61 := false, TSPC_Serv_BS81 := false, TSPC_DualRate := false, TSPC_MTsvc := true, TSPX_IMSI := '901700000000001F'O, TSPX_TMSI := '1914D97F'O, TSPX_CKSNDef := 0, TSPX_RANDDef := '00112233445566778899AABBCCDDEEFF'O, TSPX_SRES := '12345678'O, TSPX_Kc := '0000000000000000'O, TSPX_SDCCH4SubDef := 0, TSPX_TmSltDef := 0, TSPX_TscDef := 7, TSPX_TCHHSubDef := 0, TCV_CC := true, TSPX_Telephony_Rate := C_Full (0), TSPX_MOBscSvcA := C_Telephony (0), TSPX_MOBscSvcB := C_Telephony (0), TSPX_MOBscSvcC := C_Telephony (0), TSPX_MOBscSvcD := C_Telephony (0), TSPX_MOBscSvcE := C_Telephony (0), TSPX_MOBscSvcF := C_Telephony (0), TSPX_MOBscSvcG := C_Telephony (0), TSPX_MOChRateA := C_Full (0), TSPX_MOChRateB := C_Full (0), TSPX_MOChRateC := C_Full (0), TSPX_MOChRateD := C_Full (0), TSPX_MOChRateE := C_Full (0), TSPX_MOChRateF := C_Full (0), TSPX_MOChRateG := C_Full (0), TSPX_MTBscSvcA := C_Telephony (0), TSPX_MTBscSvcB := C_Telephony (0), TSPX_MTBscSvcC := C_Telephony (0), TSPX_MTBscSvcD := C_Telephony (0), TSPX_MTBscSvcE := C_Telephony (0), TSPX_MTBscSvcF := C_Telephony (0), TSPX_MTBscSvcG := C_Telephony (0), TSPX_MTBscSvcH := C_Telephony (0), TSPX_MTBscSvcI := C_Telephony (0), TSPX_MTBscSvcJ := C_Telephony (0), TSPX_MTChRateA := C_Full (0), TSPX_MTChRateB := C_Full (0), TSPX_MTChRateC := C_Full (0), TSPX_MTChRateD := C_Full (0), TSPX_MTChRateE := C_Full (0), TSPX_MTChRateF := C_Full (0), TSPX_MTChRateG := C_Full (0), TSPX_MTChRateH := C_Full (0), TSPX_MTChRateI := C_Full (0), TSPX_MTChRateJ := C_Full (0), C_arfcnA := 100 }
2026/Jun/08 11:37:04.271019 EXECUTOR - Module TC_26_6_1_2 has the following parameters: { TSPX_nPara := 3, TSPX_i1Para := 3, TSPX_kPara := 5, TSPX_i2Para := 1, TSPX_rPara := 4, TSPX_i3Para := 4 }
2026/Jun/08 11:37:04.271067 EXECUTOR - Initializing module GSM_Component_Definitions.
2026/Jun/08 11:37:04.271076 EXECUTOR GSM_Component_Definitions.ttcn3:0 Initializing module GSM_Templates.
2026/Jun/08 11:37:04.271097 EXECUTOR GSM_Templates.ttcn3:0 Initializing module GSM_Constants.
2026/Jun/08 11:37:04.271102 EXECUTOR GSM_Constants.ttcn3:0 Initializing module GSM_Types.
2026/Jun/08 11:37:04.271105 EXECUTOR GSM_Constants.ttcn3:0 Initialization of module GSM_Types finished.
2026/Jun/08 11:37:04.271108 EXECUTOR GSM_Templates.ttcn3:0 Initialization of module GSM_Constants finished.
2026/Jun/08 11:37:04.271184 EXECUTOR GSM_Component_Definitions.ttcn3:0 Initialization of module GSM_Templates finished.
2026/Jun/08 11:37:04.271188 EXECUTOR - Initialization of module GSM_Component_Definitions finished.
2026/Jun/08 11:37:04.271190 EXECUTOR - Initializing module GSM_Functions.
2026/Jun/08 11:37:04.271218 EXECUTOR - Initialization of module GSM_Functions finished.
2026/Jun/08 11:37:04.271221 EXECUTOR - Initializing module PreGenRecordOf.
2026/Jun/08 11:37:04.271223 EXECUTOR - Initialization of module PreGenRecordOf finished.
2026/Jun/08 11:37:04.271225 EXECUTOR - Initializing module TC_26_2_1_3.
2026/Jun/08 11:37:04.271231 EXECUTOR - Initialization of module TC_26_2_1_3 finished.
2026/Jun/08 11:37:04.271233 EXECUTOR - Initializing module TC_26_2_2.
2026/Jun/08 11:37:04.271239 EXECUTOR - Initialization of module TC_26_2_2 finished.
2026/Jun/08 11:37:04.271241 EXECUTOR - Initializing module TC_26_2_3.
2026/Jun/08 11:37:04.271246 EXECUTOR - Initialization of module TC_26_2_3 finished.
2026/Jun/08 11:37:04.271248 EXECUTOR - Initializing module TC_26_6_11_1.
2026/Jun/08 11:37:04.271254 EXECUTOR - Initialization of module TC_26_6_11_1 finished.
2026/Jun/08 11:37:04.271256 EXECUTOR - Initializing module TC_26_6_11_2.
2026/Jun/08 11:37:04.271261 EXECUTOR - Initialization of module TC_26_6_11_2 finished.
2026/Jun/08 11:37:04.271263 EXECUTOR - Initializing module TC_26_6_12_1.
2026/Jun/08 11:37:04.271268 EXECUTOR - Initialization of module TC_26_6_12_1 finished.
2026/Jun/08 11:37:04.271271 EXECUTOR - Initializing module TC_26_6_12_2.
2026/Jun/08 11:37:04.271276 EXECUTOR - Initialization of module TC_26_6_12_2 finished.
2026/Jun/08 11:37:04.271278 EXECUTOR - Initializing module TC_26_6_12_3.
2026/Jun/08 11:37:04.271283 EXECUTOR - Initialization of module TC_26_6_12_3 finished.
2026/Jun/08 11:37:04.271285 EXECUTOR - Initializing module TC_26_6_12_4.
2026/Jun/08 11:37:04.271291 EXECUTOR - Initialization of module TC_26_6_12_4 finished.
2026/Jun/08 11:37:04.271293 EXECUTOR - Initializing module TC_26_6_13_10.
2026/Jun/08 11:37:04.271298 EXECUTOR - Initialization of module TC_26_6_13_10 finished.
2026/Jun/08 11:37:04.271300 EXECUTOR - Initializing module TC_26_6_13_9.
2026/Jun/08 11:37:04.271305 EXECUTOR - Initialization of module TC_26_6_13_9 finished.
2026/Jun/08 11:37:04.271307 EXECUTOR - Initializing module TC_26_6_1_1.
2026/Jun/08 11:37:04.271313 EXECUTOR - Initialization of module TC_26_6_1_1 finished.
2026/Jun/08 11:37:04.271315 EXECUTOR - Initializing module TC_26_6_1_2.
2026/Jun/08 11:37:04.271320 EXECUTOR - Initialization of module TC_26_6_1_2 finished.
2026/Jun/08 11:37:04.271322 EXECUTOR - Initializing module TC_26_6_1_3.
2026/Jun/08 11:37:04.271327 EXECUTOR - Initialization of module TC_26_6_1_3 finished.
2026/Jun/08 11:37:04.271329 EXECUTOR - Initializing module TC_26_6_1_4.
2026/Jun/08 11:37:04.271334 EXECUTOR - Initialization of module TC_26_6_1_4 finished.
2026/Jun/08 11:37:04.271336 EXECUTOR - Initializing module TC_26_6_1_5.
2026/Jun/08 11:37:04.271340 EXECUTOR - Initialization of module TC_26_6_1_5 finished.
2026/Jun/08 11:37:04.271342 EXECUTOR - Initializing module TC_26_6_2_1_1.
2026/Jun/08 11:37:04.271347 EXECUTOR - Initialization of module TC_26_6_2_1_1 finished.
2026/Jun/08 11:37:04.271349 EXECUTOR - Initializing module TC_26_6_2_1_2.
2026/Jun/08 11:37:04.271355 EXECUTOR - Initialization of module TC_26_6_2_1_2 finished.
2026/Jun/08 11:37:04.271357 EXECUTOR - Initializing module TC_26_6_2_1_3.
2026/Jun/08 11:37:04.271362 EXECUTOR - Initialization of module TC_26_6_2_1_3 finished.
2026/Jun/08 11:37:04.271364 EXECUTOR - Initializing module TC_26_6_2_2.
2026/Jun/08 11:37:04.271369 EXECUTOR - Initialization of module TC_26_6_2_2 finished.
2026/Jun/08 11:37:04.271371 EXECUTOR - Initializing module TC_26_6_2_3_1.
2026/Jun/08 11:37:04.271377 EXECUTOR - Initialization of module TC_26_6_2_3_1 finished.
2026/Jun/08 11:37:04.271379 EXECUTOR - Initializing module TC_26_6_2_3_2.
2026/Jun/08 11:37:04.271385 EXECUTOR - Initialization of module TC_26_6_2_3_2 finished.
2026/Jun/08 11:37:04.271390 EXECUTOR - Initializing module TC_26_6_2_4.
2026/Jun/08 11:37:04.271396 EXECUTOR - Initialization of module TC_26_6_2_4 finished.
2026/Jun/08 11:37:04.271398 EXECUTOR - Initializing module TC_26_6_3_1.
2026/Jun/08 11:37:04.271403 EXECUTOR - Initialization of module TC_26_6_3_1 finished.
2026/Jun/08 11:37:04.271405 EXECUTOR - Initializing module TC_26_6_3_4.
2026/Jun/08 11:37:04.271411 EXECUTOR - Initialization of module TC_26_6_3_4 finished.
2026/Jun/08 11:37:04.271413 EXECUTOR - Initializing module TC_26_6_4_1.
2026/Jun/08 11:37:04.271418 EXECUTOR - Initialization of module TC_26_6_4_1 finished.
2026/Jun/08 11:37:04.271420 EXECUTOR - Initializing module TC_26_6_4_2_2.
2026/Jun/08 11:37:04.271425 EXECUTOR - Initialization of module TC_26_6_4_2_2 finished.
2026/Jun/08 11:37:04.271427 EXECUTOR - Initializing module TC_26_6_5_1.
2026/Jun/08 11:37:04.271432 EXECUTOR - Initialization of module TC_26_6_5_1 finished.
2026/Jun/08 11:37:04.271435 EXECUTOR - Initializing module TC_26_6_5_2_1.
2026/Jun/08 11:37:04.271440 EXECUTOR - Initialization of module TC_26_6_5_2_1 finished.
2026/Jun/08 11:37:04.271442 EXECUTOR - Initializing module TC_26_6_8_1.
2026/Jun/08 11:37:04.271447 EXECUTOR - Initialization of module TC_26_6_8_1 finished.
2026/Jun/08 11:37:04.271449 EXECUTOR - Initializing module TC_26_6_8_2.
2026/Jun/08 11:37:04.271454 EXECUTOR - Initialization of module TC_26_6_8_2 finished.
2026/Jun/08 11:37:04.271456 EXECUTOR - Initializing module TC_26_6_8_3.
2026/Jun/08 11:37:04.271462 EXECUTOR - Initialization of module TC_26_6_8_3 finished.
2026/Jun/08 11:37:04.271464 EXECUTOR - Initializing module TC_26_6_8_4.
2026/Jun/08 11:37:04.271469 EXECUTOR - Initialization of module TC_26_6_8_4 finished.
2026/Jun/08 11:37:04.271471 EXECUTOR - Initializing module TC_26_6_8_5.
2026/Jun/08 11:37:04.271477 EXECUTOR - Initialization of module TC_26_6_8_5 finished.
2026/Jun/08 11:37:04.271479 EXECUTOR - Initializing module TC_26_7_1.
2026/Jun/08 11:37:04.271485 EXECUTOR - Initialization of module TC_26_7_1 finished.
2026/Jun/08 11:37:04.271487 EXECUTOR - Initializing module TC_26_7_2_1.
2026/Jun/08 11:37:04.271491 EXECUTOR - Initialization of module TC_26_7_2_1 finished.
2026/Jun/08 11:37:04.271494 EXECUTOR - Initializing module TC_26_7_2_2.
2026/Jun/08 11:37:04.271498 EXECUTOR - Initialization of module TC_26_7_2_2 finished.
2026/Jun/08 11:37:04.271501 EXECUTOR - Initializing module TC_26_7_3_1.
2026/Jun/08 11:37:04.271506 EXECUTOR - Initialization of module TC_26_7_3_1 finished.
2026/Jun/08 11:37:04.271508 EXECUTOR - Initializing module TC_26_7_3_2.
2026/Jun/08 11:37:04.271513 EXECUTOR - Initialization of module TC_26_7_3_2 finished.
2026/Jun/08 11:37:04.271515 EXECUTOR - Initializing module TC_26_7_4_1.
2026/Jun/08 11:37:04.271519 EXECUTOR - Initialization of module TC_26_7_4_1 finished.
2026/Jun/08 11:37:04.271522 EXECUTOR - Initializing module TC_26_7_4_2_1.
2026/Jun/08 11:37:04.271526 EXECUTOR - Initialization of module TC_26_7_4_2_1 finished.
2026/Jun/08 11:37:04.271529 EXECUTOR - Initializing module TC_26_7_4_2_2_1.
2026/Jun/08 11:37:04.271534 EXECUTOR - Initialization of module TC_26_7_4_2_2_1 finished.
2026/Jun/08 11:37:04.271536 EXECUTOR - Initializing module TC_26_7_4_2_2_2.
2026/Jun/08 11:37:04.271541 EXECUTOR - Initialization of module TC_26_7_4_2_2_2 finished.
2026/Jun/08 11:37:04.271543 EXECUTOR - Initializing module TC_26_7_4_2_3.
2026/Jun/08 11:37:04.271549 EXECUTOR - Initialization of module TC_26_7_4_2_3 finished.
2026/Jun/08 11:37:04.271551 EXECUTOR - Initializing module TC_26_7_4_2_4_1.
2026/Jun/08 11:37:04.271556 EXECUTOR - Initialization of module TC_26_7_4_2_4_1 finished.
2026/Jun/08 11:37:04.271558 EXECUTOR - Initializing module TC_26_7_4_2_4_2.
2026/Jun/08 11:37:04.271564 EXECUTOR - Initialization of module TC_26_7_4_2_4_2 finished.
2026/Jun/08 11:37:04.271566 EXECUTOR - Initializing module TC_26_7_4_2_4_3.
2026/Jun/08 11:37:04.271571 EXECUTOR - Initialization of module TC_26_7_4_2_4_3 finished.
2026/Jun/08 11:37:04.271574 EXECUTOR - Initializing module TC_26_7_4_2_4_4.
2026/Jun/08 11:37:04.271589 EXECUTOR - Initialization of module TC_26_7_4_2_4_4 finished.
2026/Jun/08 11:37:04.271592 EXECUTOR - Initializing module TC_26_7_4_2_4_5.
2026/Jun/08 11:37:04.271597 EXECUTOR - Initialization of module TC_26_7_4_2_4_5 finished.
2026/Jun/08 11:37:04.271599 EXECUTOR - Initializing module TC_26_7_4_3_1.
2026/Jun/08 11:37:04.271604 EXECUTOR - Initialization of module TC_26_7_4_3_1 finished.
2026/Jun/08 11:37:04.271606 EXECUTOR - Initializing module TC_26_7_4_3_2.
2026/Jun/08 11:37:04.271611 EXECUTOR - Initialization of module TC_26_7_4_3_2 finished.
2026/Jun/08 11:37:04.271613 EXECUTOR - Initializing module TC_26_7_4_3_3.
2026/Jun/08 11:37:04.271619 EXECUTOR - Initialization of module TC_26_7_4_3_3 finished.
2026/Jun/08 11:37:04.271621 EXECUTOR - Initializing module TC_26_7_4_3_4.
2026/Jun/08 11:37:04.271626 EXECUTOR - Initialization of module TC_26_7_4_3_4 finished.
2026/Jun/08 11:37:04.271628 EXECUTOR - Initializing module TC_26_7_4_4.
2026/Jun/08 11:37:04.271633 EXECUTOR - Initialization of module TC_26_7_4_4 finished.
2026/Jun/08 11:37:04.271636 EXECUTOR - Initializing module TC_26_7_4_5_1.
2026/Jun/08 11:37:04.271641 EXECUTOR - Initialization of module TC_26_7_4_5_1 finished.
2026/Jun/08 11:37:04.271643 EXECUTOR - Initializing module TC_26_7_4_5_2.
2026/Jun/08 11:37:04.271649 EXECUTOR - Initialization of module TC_26_7_4_5_2 finished.
2026/Jun/08 11:37:04.271651 EXECUTOR - Initializing module TC_26_7_4_5_3.
2026/Jun/08 11:37:04.271656 EXECUTOR - Initialization of module TC_26_7_4_5_3 finished.
2026/Jun/08 11:37:04.271658 EXECUTOR - Initializing module TC_26_7_4_5_4_2.
2026/Jun/08 11:37:04.271663 EXECUTOR - Initialization of module TC_26_7_4_5_4_2 finished.
2026/Jun/08 11:37:04.271665 EXECUTOR - Initializing module TC_26_7_5_2.
2026/Jun/08 11:37:04.271670 EXECUTOR - Initialization of module TC_26_7_5_2 finished.
2026/Jun/08 11:37:04.271672 EXECUTOR - Initializing module TC_26_7_5_3.
2026/Jun/08 11:37:04.271677 EXECUTOR - Initialization of module TC_26_7_5_3 finished.
2026/Jun/08 11:37:04.271680 EXECUTOR - Initializing module TC_26_7_5_4.
2026/Jun/08 11:37:04.271685 EXECUTOR - Initialization of module TC_26_7_5_4 finished.
2026/Jun/08 11:37:04.271687 EXECUTOR - Initializing module TC_26_7_5_5.
2026/Jun/08 11:37:04.271692 EXECUTOR - Initialization of module TC_26_7_5_5 finished.
2026/Jun/08 11:37:04.271694 EXECUTOR - Initializing module TC_26_7_5_6.
2026/Jun/08 11:37:04.271699 EXECUTOR - Initialization of module TC_26_7_5_6 finished.
2026/Jun/08 11:37:04.271701 EXECUTOR - Initializing module TC_26_7_5_7_1.
2026/Jun/08 11:37:04.271706 EXECUTOR - Initialization of module TC_26_7_5_7_1 finished.
2026/Jun/08 11:37:04.271708 EXECUTOR - Initializing module TC_26_7_5_8_1.
2026/Jun/08 11:37:04.271713 EXECUTOR - Initialization of module TC_26_7_5_8_1 finished.
2026/Jun/08 11:37:04.271716 EXECUTOR - Initializing module TC_26_7_5_8_2.
2026/Jun/08 11:37:04.271720 EXECUTOR - Initialization of module TC_26_7_5_8_2 finished.
2026/Jun/08 11:37:04.271723 EXECUTOR - Initializing module TC_26_7_5_8_3.
2026/Jun/08 11:37:04.271727 EXECUTOR - Initialization of module TC_26_7_5_8_3 finished.
2026/Jun/08 11:37:04.271730 EXECUTOR - Initializing module TC_26_8_1_2_1_1.
2026/Jun/08 11:37:04.271734 EXECUTOR - Initialization of module TC_26_8_1_2_1_1 finished.
2026/Jun/08 11:37:04.271737 EXECUTOR - Initializing module TC_26_8_1_2_2_1.
2026/Jun/08 11:37:04.271742 EXECUTOR - Initialization of module TC_26_8_1_2_2_1 finished.
2026/Jun/08 11:37:04.271744 EXECUTOR - Initializing module TC_26_8_1_2_2_2.
2026/Jun/08 11:37:04.271749 EXECUTOR - Initialization of module TC_26_8_1_2_2_2 finished.
2026/Jun/08 11:37:04.271751 EXECUTOR - Initializing module TC_26_8_1_2_2_3.
2026/Jun/08 11:37:04.271756 EXECUTOR - Initialization of module TC_26_8_1_2_2_3 finished.
2026/Jun/08 11:37:04.271758 EXECUTOR - Initializing module TC_26_8_1_2_3_1.
2026/Jun/08 11:37:04.271763 EXECUTOR - Initialization of module TC_26_8_1_2_3_1 finished.
2026/Jun/08 11:37:04.271765 EXECUTOR - Initializing module TC_26_8_1_2_3_2.
2026/Jun/08 11:37:04.271770 EXECUTOR - Initialization of module TC_26_8_1_2_3_2 finished.
2026/Jun/08 11:37:04.271775 EXECUTOR - Initializing module TC_26_8_1_2_3_3.
2026/Jun/08 11:37:04.271781 EXECUTOR - Initialization of module TC_26_8_1_2_3_3 finished.
2026/Jun/08 11:37:04.271783 EXECUTOR - Initializing module TC_26_8_1_2_3_4.
2026/Jun/08 11:37:04.271788 EXECUTOR - Initialization of module TC_26_8_1_2_3_4 finished.
2026/Jun/08 11:37:04.271790 EXECUTOR - Initializing module TC_26_8_1_2_3_5.
2026/Jun/08 11:37:04.271795 EXECUTOR - Initialization of module TC_26_8_1_2_3_5 finished.
2026/Jun/08 11:37:04.271797 EXECUTOR - Initializing module TC_26_8_1_2_3_6.
2026/Jun/08 11:37:04.271803 EXECUTOR - Initialization of module TC_26_8_1_2_3_6 finished.
2026/Jun/08 11:37:04.271805 EXECUTOR - Initializing module TC_26_8_1_2_3_7.
2026/Jun/08 11:37:04.271810 EXECUTOR - Initialization of module TC_26_8_1_2_3_7 finished.
2026/Jun/08 11:37:04.271812 EXECUTOR - Initializing module TC_26_8_1_2_4_1.
2026/Jun/08 11:37:04.271818 EXECUTOR - Initialization of module TC_26_8_1_2_4_1 finished.
2026/Jun/08 11:37:04.271820 EXECUTOR - Initializing module TC_26_8_1_2_4_13.
2026/Jun/08 11:37:04.272007 EXECUTOR - Initialization of module TC_26_8_1_2_4_13 finished.
2026/Jun/08 11:37:04.272009 EXECUTOR - Initializing module TC_26_8_1_2_4_2.
2026/Jun/08 11:37:04.272015 EXECUTOR - Initialization of module TC_26_8_1_2_4_2 finished.
2026/Jun/08 11:37:04.272017 EXECUTOR - Initializing module TC_26_8_1_2_4_3.
2026/Jun/08 11:37:04.272023 EXECUTOR - Initialization of module TC_26_8_1_2_4_3 finished.
2026/Jun/08 11:37:04.272025 EXECUTOR - Initializing module TC_26_8_1_2_4_4.
2026/Jun/08 11:37:04.272030 EXECUTOR - Initialization of module TC_26_8_1_2_4_4 finished.
2026/Jun/08 11:37:04.272032 EXECUTOR - Initializing module TC_26_8_1_2_4_5.
2026/Jun/08 11:37:04.272037 EXECUTOR - Initialization of module TC_26_8_1_2_4_5 finished.
2026/Jun/08 11:37:04.272039 EXECUTOR - Initializing module TC_26_8_1_2_6_1.
2026/Jun/08 11:37:04.272044 EXECUTOR - Initialization of module TC_26_8_1_2_6_1 finished.
2026/Jun/08 11:37:04.272046 EXECUTOR - Initializing module TC_26_8_1_2_6_2.
2026/Jun/08 11:37:04.272052 EXECUTOR - Initialization of module TC_26_8_1_2_6_2 finished.
2026/Jun/08 11:37:04.272054 EXECUTOR - Initializing module TC_26_8_1_2_6_3.
2026/Jun/08 11:37:04.272059 EXECUTOR - Initialization of module TC_26_8_1_2_6_3 finished.
2026/Jun/08 11:37:04.272062 EXECUTOR - Initializing module TC_26_8_1_2_6_6.
2026/Jun/08 11:37:04.272067 EXECUTOR - Initialization of module TC_26_8_1_2_6_6 finished.
2026/Jun/08 11:37:04.272069 EXECUTOR - Initializing module TC_26_8_1_3_1_1.
2026/Jun/08 11:37:04.272074 EXECUTOR - Initialization of module TC_26_8_1_3_1_1 finished.
2026/Jun/08 11:37:04.272076 EXECUTOR - Initializing module TC_26_8_1_3_2_1.
2026/Jun/08 11:37:04.272081 EXECUTOR - Initialization of module TC_26_8_1_3_2_1 finished.
2026/Jun/08 11:37:04.272083 EXECUTOR - Initializing module TC_26_8_1_3_3_1.
2026/Jun/08 11:37:04.272088 EXECUTOR - Initialization of module TC_26_8_1_3_3_1 finished.
2026/Jun/08 11:37:04.272091 EXECUTOR - Initializing module TC_26_8_1_3_3_2.
2026/Jun/08 11:37:04.272095 EXECUTOR - Initialization of module TC_26_8_1_3_3_2 finished.
2026/Jun/08 11:37:04.272098 EXECUTOR - Initializing module TC_26_8_1_3_3_3.
2026/Jun/08 11:37:04.272103 EXECUTOR - Initialization of module TC_26_8_1_3_3_3 finished.
2026/Jun/08 11:37:04.272105 EXECUTOR - Initializing module TC_26_8_1_3_3_4.
2026/Jun/08 11:37:04.272111 EXECUTOR - Initialization of module TC_26_8_1_3_3_4 finished.
2026/Jun/08 11:37:04.272113 EXECUTOR - Initializing module TC_26_8_1_3_3_5.
2026/Jun/08 11:37:04.272118 EXECUTOR - Initialization of module TC_26_8_1_3_3_5 finished.
2026/Jun/08 11:37:04.272121 EXECUTOR - Initializing module TC_26_8_1_3_3_6.
2026/Jun/08 11:37:04.272126 EXECUTOR - Initialization of module TC_26_8_1_3_3_6 finished.
2026/Jun/08 11:37:04.272128 EXECUTOR - Initializing module TC_26_8_1_3_3_7.
2026/Jun/08 11:37:04.272133 EXECUTOR - Initialization of module TC_26_8_1_3_3_7 finished.
2026/Jun/08 11:37:04.272135 EXECUTOR - Initializing module TC_26_8_1_3_4_1.
2026/Jun/08 11:37:04.272145 EXECUTOR - Initialization of module TC_26_8_1_3_4_1 finished.
2026/Jun/08 11:37:04.272147 EXECUTOR - Initializing module TC_26_8_1_3_4_2.
2026/Jun/08 11:37:04.272152 EXECUTOR - Initialization of module TC_26_8_1_3_4_2 finished.
2026/Jun/08 11:37:04.272154 EXECUTOR - Initializing module TC_26_8_1_3_4_3.
2026/Jun/08 11:37:04.272160 EXECUTOR - Initialization of module TC_26_8_1_3_4_3 finished.
2026/Jun/08 11:37:04.272162 EXECUTOR - Initializing module TC_26_8_1_3_4_4.
2026/Jun/08 11:37:04.272167 EXECUTOR - Initialization of module TC_26_8_1_3_4_4 finished.
2026/Jun/08 11:37:04.272170 EXECUTOR - Initializing module TC_26_8_1_3_4_5.
2026/Jun/08 11:37:04.272175 EXECUTOR - Initialization of module TC_26_8_1_3_4_5 finished.
2026/Jun/08 11:37:04.272178 EXECUTOR - Initializing module TC_26_8_1_3_4_6.
2026/Jun/08 11:37:04.272183 EXECUTOR - Initialization of module TC_26_8_1_3_4_6 finished.
2026/Jun/08 11:37:04.272186 EXECUTOR - Initializing module TC_26_8_1_3_4_7.
2026/Jun/08 11:37:04.272191 EXECUTOR - Initialization of module TC_26_8_1_3_4_7 finished.
2026/Jun/08 11:37:04.272193 EXECUTOR - Initializing module TC_26_8_1_3_4_8.
2026/Jun/08 11:37:04.272199 EXECUTOR - Initialization of module TC_26_8_1_3_4_8 finished.
2026/Jun/08 11:37:04.272201 EXECUTOR - Initializing module TC_26_8_1_3_5_1.
2026/Jun/08 11:37:04.272206 EXECUTOR - Initialization of module TC_26_8_1_3_5_1 finished.
2026/Jun/08 11:37:04.272209 EXECUTOR - Initializing module TC_26_8_1_3_5_2.
2026/Jun/08 11:37:04.272214 EXECUTOR - Initialization of module TC_26_8_1_3_5_2 finished.
2026/Jun/08 11:37:04.272216 EXECUTOR - Initializing module TC_26_8_1_3_5_3.
2026/Jun/08 11:37:04.272222 EXECUTOR - Initialization of module TC_26_8_1_3_5_3 finished.
2026/Jun/08 11:37:04.272224 EXECUTOR - Initializing module TC_26_8_1_3_5_4.
2026/Jun/08 11:37:04.272229 EXECUTOR - Initialization of module TC_26_8_1_3_5_4 finished.
2026/Jun/08 11:37:04.272231 EXECUTOR - Initializing module TC_26_8_1_3_5_5.
2026/Jun/08 11:37:04.272236 EXECUTOR - Initialization of module TC_26_8_1_3_5_5 finished.
2026/Jun/08 11:37:04.272238 EXECUTOR - Initializing module TC_26_8_1_3_5_6.
2026/Jun/08 11:37:04.272243 EXECUTOR - Initialization of module TC_26_8_1_3_5_6 finished.
2026/Jun/08 11:37:04.272246 EXECUTOR - Initializing module TC_26_8_1_3_5_7.
2026/Jun/08 11:37:04.272251 EXECUTOR - Initialization of module TC_26_8_1_3_5_7 finished.
2026/Jun/08 11:37:04.272253 EXECUTOR - Initializing module TC_26_8_1_3_5_8.
2026/Jun/08 11:37:04.272258 EXECUTOR - Initialization of module TC_26_8_1_3_5_8 finished.
2026/Jun/08 11:37:04.272260 EXECUTOR - Initializing module TC_26_8_1_3_5_9.
2026/Jun/08 11:37:04.272265 EXECUTOR - Initialization of module TC_26_8_1_3_5_9 finished.
2026/Jun/08 11:37:04.272268 EXECUTOR - Initializing module TC_26_8_2_1.
2026/Jun/08 11:37:04.272272 EXECUTOR - Initialization of module TC_26_8_2_1 finished.
2026/Jun/08 11:37:04.272275 EXECUTOR - Initializing module TC_26_8_2_2.
2026/Jun/08 11:37:04.272280 EXECUTOR - Initialization of module TC_26_8_2_2 finished.
2026/Jun/08 11:37:04.272282 EXECUTOR - Initializing module TC_26_8_2_3.
2026/Jun/08 11:37:04.272287 EXECUTOR - Initialization of module TC_26_8_2_3 finished.
2026/Jun/08 11:37:04.272289 EXECUTOR - Initializing module TC_26_8_3.
2026/Jun/08 11:37:04.272294 EXECUTOR - Initialization of module TC_26_8_3 finished.
2026/Jun/08 11:37:04.272296 EXECUTOR - Initializing module TC_34_2_2.
2026/Jun/08 11:37:04.272301 EXECUTOR - Initialization of module TC_34_2_2 finished.
2026/Jun/08 11:37:04.272303 EXECUTOR - Initializing module TitanLoggerApi.
2026/Jun/08 11:37:04.272305 EXECUTOR - Initialization of module TitanLoggerApi finished.
2026/Jun/08 11:37:04.272307 EXECUTOR - Initializing module TitanLoggerControl.
2026/Jun/08 11:37:04.272310 EXECUTOR - Initialization of module TitanLoggerControl finished.
2026/Jun/08 11:37:04.272351 EXECUTOR - Configuration data was processed successfully.
2026/Jun/08 11:37:04.274065 EXECUTOR - MTC was created. Process id: 296.
