2026/Jun/17 06:54:02.872706 EXECUTOR - TTCN-3 Main Test Component started on ttcn3-tc-26-8-1-3-4-6-1-wpjpv. Version: 11.1.0.
2026/Jun/17 06:54:02.872849 EXECUTOR - TTCN Logger v2.2 options: TimeStampFormat:=DateTime; LogEntityName:=No; LogEventTypes:=Yes; SourceInfoFormat:=Single; LogSensitiveData:=No; *.FileMask:=LOG_ALL; *.ConsoleMask:=ERROR | TESTCASE | USER | VERDICTOP | WARNING; LogFileSize:=0; LogFileNumber:=1; DiskFullAction:=Error
2026/Jun/17 06:54:02.971789 EXECUTOR - Connected to MC.
2026/Jun/17 06:54:02.972016 EXECUTOR - Executing test case TC_26_8_1_3_4_6 in module TC_26_8_1_3_4_6.
2026/Jun/17 06:54:03.071814 TESTCASE TC_26_8_1_3_4_6.ttcn3:144 Test case TC_26_8_1_3_4_6 started.
2026/Jun/17 06:54:03.071936 PARALLEL TC_26_8_1_3_4_6.ttcn3:144 Initializing variables, timers and ports of component type GSM_Component_Definitions.GSM_CT inside testcase TC_26_8_1_3_4_6.
2026/Jun/17 06:54:03.072171 USER TC_26_8_1_3_4_6.ttcn3:144 MSC_Port: set_parameter msc_stub_host = 10.42.0.124
2026/Jun/17 06:54:03.072222 USER TC_26_8_1_3_4_6.ttcn3:144 MSC_Port: set_parameter msc_stub_port = 5000
2026/Jun/17 06:54:03.072240 USER TC_26_8_1_3_4_6.ttcn3:144 L3_Port: set_parameter gsmtap_host = 127.0.0.1
2026/Jun/17 06:54:03.072255 USER TC_26_8_1_3_4_6.ttcn3:144 L3_Port: set_parameter gsmtap_port = 4729
2026/Jun/17 06:54:03.072262 USER TC_26_8_1_3_4_6.ttcn3:144 L3_Port: set_parameter local_port = 4729
2026/Jun/17 06:54:03.072267 USER TC_26_8_1_3_4_6.ttcn3:144 L3_Port: set_parameter ul_multicast_group = 239.193.23.2
2026/Jun/17 06:54:03.072271 USER TC_26_8_1_3_4_6.ttcn3:144 L3_Port: Will join UL multicast group 239.193.23.2 for RACH capture
2026/Jun/17 06:54:03.072275 USER TC_26_8_1_3_4_6.ttcn3:144 L3_Port: set_parameter arfcn = 51
2026/Jun/17 06:54:03.072322 USER TC_26_8_1_3_4_6.ttcn3:144 L3_Port: user_start called
2026/Jun/17 06:54:03.072332 PORTEVENT TC_26_8_1_3_4_6.ttcn3:144 Port L was started.
2026/Jun/17 06:54:03.072383 PORTEVENT TC_26_8_1_3_4_6.ttcn3:144 Port RR was started.
2026/Jun/17 06:54:03.072388 PORTEVENT TC_26_8_1_3_4_6.ttcn3:144 Port MM was started.
2026/Jun/17 06:54:03.072392 PORTEVENT TC_26_8_1_3_4_6.ttcn3:144 Port CC was started.
2026/Jun/17 06:54:03.072396 USER TC_26_8_1_3_4_6.ttcn3:144 MSC_Port: user_start called
2026/Jun/17 06:54:03.072401 PORTEVENT TC_26_8_1_3_4_6.ttcn3:144 Port MSC was started.
2026/Jun/17 06:54:03.072406 PORTEVENT TC_26_8_1_3_4_6.ttcn3:144 Port BSC was started.
2026/Jun/17 06:54:03.072410 PORTEVENT TC_26_8_1_3_4_6.ttcn3:144 Port RSL was started.
2026/Jun/17 06:54:03.072416 USER TC_26_8_1_3_4_6.ttcn3:144 VTY_PT: Starting
2026/Jun/17 06:54:03.072420 PORTEVENT TC_26_8_1_3_4_6.ttcn3:144 Port VTY was started.
2026/Jun/17 06:54:03.072425 PORTEVENT TC_26_8_1_3_4_6.ttcn3:144 Port COORD was started.
2026/Jun/17 06:54:03.072428 PARALLEL TC_26_8_1_3_4_6.ttcn3:144 Component type GSM_Component_Definitions.GSM_CT was initialized.
2026/Jun/17 06:54:03.072452 WARNING GSM_Component_Definitions.ttcn3:364 Warning: Stopping inactive timer T_guard.
2026/Jun/17 06:54:03.072462 WARNING GSM_Component_Definitions.ttcn3:365 Warning: Stopping inactive timer T301.
2026/Jun/17 06:54:03.072466 WARNING GSM_Component_Definitions.ttcn3:366 Warning: Stopping inactive timer T303.
2026/Jun/17 06:54:03.072471 WARNING GSM_Component_Definitions.ttcn3:367 Warning: Stopping inactive timer T305.
2026/Jun/17 06:54:03.072475 WARNING GSM_Component_Definitions.ttcn3:368 Warning: Stopping inactive timer T308.
2026/Jun/17 06:54:03.072479 WARNING GSM_Component_Definitions.ttcn3:369 Warning: Stopping inactive timer T310.
2026/Jun/17 06:54:03.072483 WARNING GSM_Component_Definitions.ttcn3:370 Warning: Stopping inactive timer T313.
2026/Jun/17 06:54:03.072490 USER GSM_Component_Definitions.ttcn3:386 Component initialized
2026/Jun/17 06:54:03.072505 PARALLEL GSM_Component_Definitions.ttcn3:334 Mapping port mtc:L to system:L.
2026/Jun/17 06:54:03.171792 USER GSM_Component_Definitions.ttcn3:334 L3_Port: Mapping to L
2026/Jun/17 06:54:03.171931 USER GSM_Component_Definitions.ttcn3:334 L3_Port: Joined UL multicast group 239.193.23.2 for RACH capture
2026/Jun/17 06:54:03.171946 USER GSM_Component_Definitions.ttcn3:334 L3_Port: GSMTAP listening on port 4729
2026/Jun/17 06:54:03.171960 USER GSM_Component_Definitions.ttcn3:334 L3_Port: Mapped successfully (GSMTAP: 127.0.0.1:4729)
2026/Jun/17 06:54:03.171969 WARNING GSM_Component_Definitions.ttcn3:334 Warning: The maximum number of open file descriptors (1048576) is greater than FD_SETSIZE (1024). Ensure that Test Ports using Install_Handler do not try to wait for events of file descriptors with values greater than FD_SETSIZE (1024). (Current caller of Install_Handler is "L")
2026/Jun/17 06:54:03.172006 PORTEVENT GSM_Component_Definitions.ttcn3:334 Port L was mapped to system:L.
2026/Jun/17 06:54:03.172081 PARALLEL GSM_Component_Definitions.ttcn3:334 Map operation of mtc:L to system:L finished.
2026/Jun/17 06:54:03.172115 PARALLEL GSM_Component_Definitions.ttcn3:335 Mapping port mtc:RR to system:RR.
2026/Jun/17 06:54:03.172148 PORTEVENT GSM_Component_Definitions.ttcn3:335 Port RR was mapped to system:RR.
2026/Jun/17 06:54:03.172168 PARALLEL GSM_Component_Definitions.ttcn3:335 Map operation of mtc:RR to system:RR finished.
2026/Jun/17 06:54:03.172173 PARALLEL GSM_Component_Definitions.ttcn3:336 Mapping port mtc:MM to system:MM.
2026/Jun/17 06:54:03.172191 PORTEVENT GSM_Component_Definitions.ttcn3:336 Port MM was mapped to system:MM.
2026/Jun/17 06:54:03.172209 PARALLEL GSM_Component_Definitions.ttcn3:336 Map operation of mtc:MM to system:MM finished.
2026/Jun/17 06:54:03.172215 PARALLEL GSM_Component_Definitions.ttcn3:337 Mapping port mtc:CC to system:CC.
2026/Jun/17 06:54:03.172232 PORTEVENT GSM_Component_Definitions.ttcn3:337 Port CC was mapped to system:CC.
2026/Jun/17 06:54:03.172251 PARALLEL GSM_Component_Definitions.ttcn3:337 Map operation of mtc:CC to system:CC finished.
2026/Jun/17 06:54:03.172255 PARALLEL GSM_Component_Definitions.ttcn3:338 Mapping port mtc:MSC to system:MSC.
2026/Jun/17 06:54:03.172285 USER GSM_Component_Definitions.ttcn3:338 MSC_Port: Mapping to MSC
2026/Jun/17 06:54:03.271783 USER GSM_Component_Definitions.ttcn3:338 MSC_Port: Registered socket for async events
2026/Jun/17 06:54:03.271860 USER GSM_Component_Definitions.ttcn3:338 MSC_Port: Connected to MSC stub at 10.42.0.124:5000
2026/Jun/17 06:54:03.271868 PORTEVENT GSM_Component_Definitions.ttcn3:338 Port MSC was mapped to system:MSC.
2026/Jun/17 06:54:03.271955 USER GSM_Component_Definitions.ttcn3:338 MSC_Port: RX: {"type": "WELCOME", "status": "connected"}
2026/Jun/17 06:54:03.272017 PORTEVENT GSM_Component_Definitions.ttcn3:338 Message enqueued on MSC from system charstring : "{\"type\": \"WELCOME\", \"status\": \"connected\"}" id 1
2026/Jun/17 06:54:03.272061 PARALLEL GSM_Component_Definitions.ttcn3:338 Map operation of mtc:MSC to system:MSC finished.
2026/Jun/17 06:54:03.272072 PARALLEL GSM_Component_Definitions.ttcn3:339 Mapping port mtc:VTY to system:VTY.
2026/Jun/17 06:54:03.272101 USER GSM_Component_Definitions.ttcn3:339 VTY_PT: Mapping port to VTY interface
2026/Jun/17 06:54:03.272608 USER GSM_Component_Definitions.ttcn3:339 VTY_PT: Connected to VTY at 10.43.215.228:4247
2026/Jun/17 06:54:03.772852 USER GSM_Component_Definitions.ttcn3:339 VTY_PT: Initial banner received
2026/Jun/17 06:54:03.772920 PORTEVENT GSM_Component_Definitions.ttcn3:339 Port VTY was mapped to system:VTY.
2026/Jun/17 06:54:03.773006 PARALLEL GSM_Component_Definitions.ttcn3:339 Map operation of mtc:VTY to system:VTY finished.
2026/Jun/17 06:54:03.773025 USER TC_26_8_1_3_4_6.ttcn3:176 ==============================================================
2026/Jun/17 06:54:03.773038 USER TC_26_8_1_3_4_6.ttcn3:177 "*** TC_26_8_1_3_4_6: MT Call U7 " & char(0, 0, 32, 20) & " Unknown message received " & char(0, 0, 33, 146) & " STATUS returned ***"
2026/Jun/17 06:54:03.773063 USER TC_26_8_1_3_4_6.ttcn3:178 *** Spec: Rel4_GSM_L3_MS_v440/CC/                                              ***
2026/Jun/17 06:54:03.773069 USER TC_26_8_1_3_4_6.ttcn3:179 *** Purpose: MS in U7 returns STATUS(cause=#97) on unknown CC message type     ***
2026/Jun/17 06:54:03.773074 USER TC_26_8_1_3_4_6.ttcn3:180 "*** GSM 04.08 " & char(0, 0, 0, 167) & "5.8: undefined msg type " & char(0, 0, 33, 146) & " STATUS(cause=#97, call_state=U7)      ***"
2026/Jun/17 06:54:03.773098 USER TC_26_8_1_3_4_6.ttcn3:181 *** Pass: [6] CCStatus_08(TI_01, C_U7): cause=#97, call_state=7                ***
2026/Jun/17 06:54:03.773103 USER TC_26_8_1_3_4_6.ttcn3:182 "*** U7 via PreEnterCCstateU7_33 (TCH path): SETUP WITH Signal_01 " & char(0, 0, 33, 146) & " ALERTING    ***"
2026/Jun/17 06:54:03.773113 USER TC_26_8_1_3_4_6.ttcn3:183 ==============================================================
2026/Jun/17 06:54:03.773139 TIMEROP TC_26_8_1_3_4_6.ttcn3:186 Start timer T_guard: 300 s
2026/Jun/17 06:54:03.773204 USER TC_26_8_1_3_4_6.ttcn3:192 "TC_26_8_1_3_4_6: [1] BasicServiceMTorTelephony " & char(0, 0, 32, 20) & " telephony assumed (infra adaptation)"
2026/Jun/17 06:54:03.773241 PORTEVENT TC_26_8_1_3_4_6.ttcn3:195 Sent on MSC to system charstring : "{\"command\": \"SET_AUTO_RESPOND\", \"params\": {\"enabled\": false}}"
2026/Jun/17 06:54:03.773355 USER TC_26_8_1_3_4_6.ttcn3:195 MSC_Port: TX: {"command": "SET_AUTO_RESPOND", "params": {"enabled": false}}
2026/Jun/17 06:54:03.773364 USER TC_26_8_1_3_4_6.ttcn3:207 "*** Phase 1: [2] +IdleUpdated " & char(0, 0, 32, 20) & " restarting mobile for clean state ***"
2026/Jun/17 06:54:03.773420 USER TC_26_8_1_3_4_6.ttcn3:208 docker.sock not found — using VTY power-cycle (k8s mode)
2026/Jun/17 06:54:03.773431 USER TC_26_8_1_3_4_6.ttcn3:208 === k8s fallback: VTY power-cycle mobile at 10.43.215.228:4247 ===
2026/Jun/17 06:54:09.486940 USER TC_26_8_1_3_4_6.ttcn3:208 Waiting 10 seconds (power off)...
2026/Jun/17 06:54:24.845900 USER TC_26_8_1_3_4_6.ttcn3:208 VTY 'clear-loci' sent — LOCI erased
2026/Jun/17 06:54:30.478912 USER TC_26_8_1_3_4_6.ttcn3:208 === VTY power-cycle complete — MS will send LU shortly ===
2026/Jun/17 06:54:30.479040 PORTEVENT TC_26_8_1_3_4_6.ttcn3:217 Sent on MSC to system charstring : "{\"command\": \"CLEAR\", \"params\": {}}"
2026/Jun/17 06:54:30.479095 USER TC_26_8_1_3_4_6.ttcn3:217 MSC_Port: TX: {"command": "CLEAR", "params": {}}
2026/Jun/17 06:54:30.479114 TIMEROP TC_26_8_1_3_4_6.ttcn3:219 Start timer T_drain: 5 s
2026/Jun/17 06:54:30.479157 PORTEVENT TC_26_8_1_3_4_6.ttcn3:221 Receive operation on port MSC succeeded, message from system(): charstring : "{\"type\": \"WELCOME\", \"status\": \"connected\"}" id 1
2026/Jun/17 06:54:30.479187 PORTEVENT TC_26_8_1_3_4_6.ttcn3:221 Message with id 1 was extracted from the queue of MSC.
2026/Jun/17 06:54:30.479198 USER TC_26_8_1_3_4_6.ttcn3:222 TC_26_8_1_3_4_6: (drain) discarding: "{\"type\": \"WELCOME\", \"status\": \"connected\"}"
2026/Jun/17 06:54:30.479242 USER TC_26_8_1_3_4_6.ttcn3:220 VTY_PT: Received data (buffered): 26 bytes
2026/Jun/17 06:54:30.479266 USER TC_26_8_1_3_4_6.ttcn3:220 MSC_Port: RX: {"status": "ok", "auto_respond": false}
2026/Jun/17 06:54:30.479276 PORTEVENT TC_26_8_1_3_4_6.ttcn3:220 Message enqueued on MSC from system charstring : "{\"status\": \"ok\", \"auto_respond\": false}" id 2
2026/Jun/17 06:54:30.479282 USER TC_26_8_1_3_4_6.ttcn3:220 MSC_Port: RX: {"type": "HEARTBEAT"}
2026/Jun/17 06:54:30.479289 PORTEVENT TC_26_8_1_3_4_6.ttcn3:220 Message enqueued on MSC from system charstring : "{\"type\": \"HEARTBEAT\"}" id 3
2026/Jun/17 06:54:30.479294 USER TC_26_8_1_3_4_6.ttcn3:220 MSC_Port: RX: {"type": "HEARTBEAT"}
2026/Jun/17 06:54:30.479300 PORTEVENT TC_26_8_1_3_4_6.ttcn3:220 Message enqueued on MSC from system charstring : "{\"type\": \"HEARTBEAT\"}" id 4
2026/Jun/17 06:54:30.479304 USER TC_26_8_1_3_4_6.ttcn3:220 MSC_Port: RX: {"type": "HEARTBEAT"}
2026/Jun/17 06:54:30.479310 PORTEVENT TC_26_8_1_3_4_6.ttcn3:220 Message enqueued on MSC from system charstring : "{\"type\": \"HEARTBEAT\"}" id 5
2026/Jun/17 06:54:30.479315 USER TC_26_8_1_3_4_6.ttcn3:220 MSC_Port: RX: {"type": "HEARTBEAT"}
2026/Jun/17 06:54:30.479325 PORTEVENT TC_26_8_1_3_4_6.ttcn3:220 Message enqueued on MSC from system charstring : "{\"type\": \"HEARTBEAT\"}" id 6
2026/Jun/17 06:54:30.479330 USER TC_26_8_1_3_4_6.ttcn3:220 MSC_Port: RX: {"type": "HEARTBEAT"}
2026/Jun/17 06:54:30.479342 PORTEVENT TC_26_8_1_3_4_6.ttcn3:220 Message enqueued on MSC from system charstring : "{\"type\": \"HEARTBEAT\"}" id 7
2026/Jun/17 06:54:30.479348 PORTEVENT TC_26_8_1_3_4_6.ttcn3:221 Receive operation on port MSC succeeded, message from system(): charstring : "{\"status\": \"ok\", \"auto_respond\": false}" id 2
2026/Jun/17 06:54:30.479352 PORTEVENT TC_26_8_1_3_4_6.ttcn3:221 Message with id 2 was extracted from the queue of MSC.
2026/Jun/17 06:54:30.479355 USER TC_26_8_1_3_4_6.ttcn3:222 TC_26_8_1_3_4_6: (drain) discarding: "{\"status\": \"ok\", \"auto_respond\": false}"
2026/Jun/17 06:54:30.479364 PORTEVENT TC_26_8_1_3_4_6.ttcn3:221 Receive operation on port MSC succeeded, message from system(): charstring : "{\"type\": \"HEARTBEAT\"}" id 3
2026/Jun/17 06:54:30.479367 PORTEVENT TC_26_8_1_3_4_6.ttcn3:221 Message with id 3 was extracted from the queue of MSC.
2026/Jun/17 06:54:30.479370 USER TC_26_8_1_3_4_6.ttcn3:222 TC_26_8_1_3_4_6: (drain) discarding: "{\"type\": \"HEARTBEAT\"}"
2026/Jun/17 06:54:30.479376 PORTEVENT TC_26_8_1_3_4_6.ttcn3:221 Receive operation on port MSC succeeded, message from system(): charstring : "{\"type\": \"HEARTBEAT\"}" id 4
2026/Jun/17 06:54:30.479379 PORTEVENT TC_26_8_1_3_4_6.ttcn3:221 Message with id 4 was extracted from the queue of MSC.
2026/Jun/17 06:54:30.479382 USER TC_26_8_1_3_4_6.ttcn3:222 TC_26_8_1_3_4_6: (drain) discarding: "{\"type\": \"HEARTBEAT\"}"
2026/Jun/17 06:54:30.479387 PORTEVENT TC_26_8_1_3_4_6.ttcn3:221 Receive operation on port MSC succeeded, message from system(): charstring : "{\"type\": \"HEARTBEAT\"}" id 5
2026/Jun/17 06:54:30.479391 PORTEVENT TC_26_8_1_3_4_6.ttcn3:221 Message with id 5 was extracted from the queue of MSC.
2026/Jun/17 06:54:30.479393 USER TC_26_8_1_3_4_6.ttcn3:222 TC_26_8_1_3_4_6: (drain) discarding: "{\"type\": \"HEARTBEAT\"}"
2026/Jun/17 06:54:30.479399 PORTEVENT TC_26_8_1_3_4_6.ttcn3:221 Receive operation on port MSC succeeded, message from system(): charstring : "{\"type\": \"HEARTBEAT\"}" id 6
2026/Jun/17 06:54:30.479403 PORTEVENT TC_26_8_1_3_4_6.ttcn3:221 Message with id 6 was extracted from the queue of MSC.
2026/Jun/17 06:54:30.479405 USER TC_26_8_1_3_4_6.ttcn3:222 TC_26_8_1_3_4_6: (drain) discarding: "{\"type\": \"HEARTBEAT\"}"
2026/Jun/17 06:54:30.479411 PORTEVENT TC_26_8_1_3_4_6.ttcn3:221 Receive operation on port MSC succeeded, message from system(): charstring : "{\"type\": \"HEARTBEAT\"}" id 7
2026/Jun/17 06:54:30.479414 PORTEVENT TC_26_8_1_3_4_6.ttcn3:221 Message with id 7 was extracted from the queue of MSC.
2026/Jun/17 06:54:30.479416 USER TC_26_8_1_3_4_6.ttcn3:222 TC_26_8_1_3_4_6: (drain) discarding: "{\"type\": \"HEARTBEAT\"}"
2026/Jun/17 06:54:30.479454 USER TC_26_8_1_3_4_6.ttcn3:220 MSC_Port: RX: {"status": "ok"}
2026/Jun/17 06:54:30.479476 PORTEVENT TC_26_8_1_3_4_6.ttcn3:220 Message enqueued on MSC from system charstring : "{\"status\": \"ok\"}" id 8
2026/Jun/17 06:54:30.479486 PORTEVENT TC_26_8_1_3_4_6.ttcn3:221 Receive operation on port MSC succeeded, message from system(): charstring : "{\"status\": \"ok\"}" id 8
2026/Jun/17 06:54:30.479492 PORTEVENT TC_26_8_1_3_4_6.ttcn3:221 Message with id 8 was extracted from the queue of MSC.
2026/Jun/17 06:54:30.479495 USER TC_26_8_1_3_4_6.ttcn3:222 TC_26_8_1_3_4_6: (drain) discarding: "{\"status\": \"ok\"}"
2026/Jun/17 06:54:34.483002 USER TC_26_8_1_3_4_6.ttcn3:220 MSC_Port: RX: {"type": "HEARTBEAT"}
2026/Jun/17 06:54:34.483064 PORTEVENT TC_26_8_1_3_4_6.ttcn3:220 Message enqueued on MSC from system charstring : "{\"type\": \"HEARTBEAT\"}" id 9
2026/Jun/17 06:54:34.483086 PORTEVENT TC_26_8_1_3_4_6.ttcn3:221 Receive operation on port MSC succeeded, message from system(): charstring : "{\"type\": \"HEARTBEAT\"}" id 9
2026/Jun/17 06:54:34.483095 PORTEVENT TC_26_8_1_3_4_6.ttcn3:221 Message with id 9 was extracted from the queue of MSC.
2026/Jun/17 06:54:34.483098 USER TC_26_8_1_3_4_6.ttcn3:222 TC_26_8_1_3_4_6: (drain) discarding: "{\"type\": \"HEARTBEAT\"}"
2026/Jun/17 06:54:35.479893 TIMEROP TC_26_8_1_3_4_6.ttcn3:225 Timeout T_drain: 5 s
2026/Jun/17 06:54:35.479977 USER TC_26_8_1_3_4_6.ttcn3:226 TC_26_8_1_3_4_6: drain complete
2026/Jun/17 06:54:35.480035 PORTEVENT TC_26_8_1_3_4_6.ttcn3:229 Sent on MSC to system charstring : "{\"command\": \"CLEAR\", \"params\": {}}"
2026/Jun/17 06:54:35.480130 USER TC_26_8_1_3_4_6.ttcn3:229 MSC_Port: TX: {"command": "CLEAR", "params": {}}
2026/Jun/17 06:54:35.480152 TIMEROP TC_26_8_1_3_4_6.ttcn3:231 Start timer T_settle_init: 2 s
2026/Jun/17 06:54:35.480450 USER TC_26_8_1_3_4_6.ttcn3:232 MSC_Port: RX: {"status": "ok"}
2026/Jun/17 06:54:35.480473 PORTEVENT TC_26_8_1_3_4_6.ttcn3:232 Message enqueued on MSC from system charstring : "{\"status\": \"ok\"}" id 10
2026/Jun/17 06:54:37.480847 TIMEROP TC_26_8_1_3_4_6.ttcn3:232 Timeout T_settle_init: 2 s
2026/Jun/17 06:54:37.480917 USER TC_26_8_1_3_4_6.ttcn3:235 *** Phase 1: Waiting for LU REQUEST ***
2026/Jun/17 06:54:37.480942 TIMEROP TC_26_8_1_3_4_6.ttcn3:237 Start timer T_lu_wait: 45 s
2026/Jun/17 06:54:37.480966 PORTEVENT TC_26_8_1_3_4_6.ttcn3:239 Receive operation on port MSC succeeded, message from system(): charstring : "{\"status\": \"ok\"}" id 10
2026/Jun/17 06:54:37.480982 PORTEVENT TC_26_8_1_3_4_6.ttcn3:239 Message with id 10 was extracted from the queue of MSC.
2026/Jun/17 06:54:37.481218 USER TC_26_8_1_3_4_6.ttcn3:248 TC_26_8_1_3_4_6: (LU wait) ignoring: "{\"status\": \"ok\"}"
2026/Jun/17 06:54:39.484016 USER TC_26_8_1_3_4_6.ttcn3:238 MSC_Port: RX: {"type": "HEARTBEAT"}
2026/Jun/17 06:54:39.484079 PORTEVENT TC_26_8_1_3_4_6.ttcn3:238 Message enqueued on MSC from system charstring : "{\"type\": \"HEARTBEAT\"}" id 11
2026/Jun/17 06:54:39.484101 PORTEVENT TC_26_8_1_3_4_6.ttcn3:239 Receive operation on port MSC succeeded, message from system(): charstring : "{\"type\": \"HEARTBEAT\"}" id 11
2026/Jun/17 06:54:39.484110 PORTEVENT TC_26_8_1_3_4_6.ttcn3:239 Message with id 11 was extracted from the queue of MSC.
2026/Jun/17 06:54:40.668192 USER TC_26_8_1_3_4_6.ttcn3:238 VTY_PT: Received data (buffered): 27 bytes
2026/Jun/17 06:54:44.489146 USER TC_26_8_1_3_4_6.ttcn3:238 MSC_Port: RX: {"type": "HEARTBEAT"}
2026/Jun/17 06:54:44.489219 PORTEVENT TC_26_8_1_3_4_6.ttcn3:238 Message enqueued on MSC from system charstring : "{\"type\": \"HEARTBEAT\"}" id 12
2026/Jun/17 06:54:44.489244 PORTEVENT TC_26_8_1_3_4_6.ttcn3:239 Receive operation on port MSC succeeded, message from system(): charstring : "{\"type\": \"HEARTBEAT\"}" id 12
2026/Jun/17 06:54:44.489253 PORTEVENT TC_26_8_1_3_4_6.ttcn3:239 Message with id 12 was extracted from the queue of MSC.
2026/Jun/17 06:54:47.357373 USER TC_26_8_1_3_4_6.ttcn3:238 VTY_PT: Received data (buffered): 68 bytes
2026/Jun/17 06:54:49.494034 USER TC_26_8_1_3_4_6.ttcn3:238 MSC_Port: RX: {"type": "HEARTBEAT"}
2026/Jun/17 06:54:49.494102 PORTEVENT TC_26_8_1_3_4_6.ttcn3:238 Message enqueued on MSC from system charstring : "{\"type\": \"HEARTBEAT\"}" id 13
2026/Jun/17 06:54:49.494126 PORTEVENT TC_26_8_1_3_4_6.ttcn3:239 Receive operation on port MSC succeeded, message from system(): charstring : "{\"type\": \"HEARTBEAT\"}" id 13
2026/Jun/17 06:54:49.494136 PORTEVENT TC_26_8_1_3_4_6.ttcn3:239 Message with id 13 was extracted from the queue of MSC.
2026/Jun/17 06:54:54.499002 USER TC_26_8_1_3_4_6.ttcn3:238 MSC_Port: RX: {"type": "HEARTBEAT"}
2026/Jun/17 06:54:54.499065 PORTEVENT TC_26_8_1_3_4_6.ttcn3:238 Message enqueued on MSC from system charstring : "{\"type\": \"HEARTBEAT\"}" id 14
2026/Jun/17 06:54:54.499086 PORTEVENT TC_26_8_1_3_4_6.ttcn3:239 Receive operation on port MSC succeeded, message from system(): charstring : "{\"type\": \"HEARTBEAT\"}" id 14
2026/Jun/17 06:54:54.499094 PORTEVENT TC_26_8_1_3_4_6.ttcn3:239 Message with id 14 was extracted from the queue of MSC.
2026/Jun/17 06:54:59.504018 USER TC_26_8_1_3_4_6.ttcn3:238 MSC_Port: RX: {"type": "HEARTBEAT"}
2026/Jun/17 06:54:59.504081 PORTEVENT TC_26_8_1_3_4_6.ttcn3:238 Message enqueued on MSC from system charstring : "{\"type\": \"HEARTBEAT\"}" id 15
2026/Jun/17 06:54:59.504102 PORTEVENT TC_26_8_1_3_4_6.ttcn3:239 Receive operation on port MSC succeeded, message from system(): charstring : "{\"type\": \"HEARTBEAT\"}" id 15
2026/Jun/17 06:54:59.504110 PORTEVENT TC_26_8_1_3_4_6.ttcn3:239 Message with id 15 was extracted from the queue of MSC.
2026/Jun/17 06:55:03.358077 USER TC_26_8_1_3_4_6.ttcn3:238 VTY_PT: Received data (buffered): 68 bytes
2026/Jun/17 06:55:04.509039 USER TC_26_8_1_3_4_6.ttcn3:238 MSC_Port: RX: {"type": "HEARTBEAT"}
2026/Jun/17 06:55:04.509102 PORTEVENT TC_26_8_1_3_4_6.ttcn3:238 Message enqueued on MSC from system charstring : "{\"type\": \"HEARTBEAT\"}" id 16
2026/Jun/17 06:55:04.509124 PORTEVENT TC_26_8_1_3_4_6.ttcn3:239 Receive operation on port MSC succeeded, message from system(): charstring : "{\"type\": \"HEARTBEAT\"}" id 16
2026/Jun/17 06:55:04.509133 PORTEVENT TC_26_8_1_3_4_6.ttcn3:239 Message with id 16 was extracted from the queue of MSC.
2026/Jun/17 06:55:09.513011 USER TC_26_8_1_3_4_6.ttcn3:238 MSC_Port: RX: {"type": "HEARTBEAT"}
2026/Jun/17 06:55:09.513087 PORTEVENT TC_26_8_1_3_4_6.ttcn3:238 Message enqueued on MSC from system charstring : "{\"type\": \"HEARTBEAT\"}" id 17
2026/Jun/17 06:55:09.513115 PORTEVENT TC_26_8_1_3_4_6.ttcn3:239 Receive operation on port MSC succeeded, message from system(): charstring : "{\"type\": \"HEARTBEAT\"}" id 17
2026/Jun/17 06:55:09.513127 PORTEVENT TC_26_8_1_3_4_6.ttcn3:239 Message with id 17 was extracted from the queue of MSC.
2026/Jun/17 06:55:11.561568 USER TC_26_8_1_3_4_6.ttcn3:238 L3_Port: Received 17 bytes
2026/Jun/17 06:55:11.561622 USER TC_26_8_1_3_4_6.ttcn3:238 L3_Port: RAW GSMTAP hdr->arfcn=0x4033 RxArfcn=0x4033 Uplink=1 Chan=3 Len=1
2026/Jun/17 06:55:11.561642 USER TC_26_8_1_3_4_6.ttcn3:238 L3_Port: RX: 03 
2026/Jun/17 06:55:11.561660 PORTEVENT TC_26_8_1_3_4_6.ttcn3:238 Message enqueued on L from system octetstring : '030000D771'O id 1
2026/Jun/17 06:55:11.561678 USER TC_26_8_1_3_4_6.ttcn3:238 L3_Port: Message delivered to TTCN-3
2026/Jun/17 06:55:12.362251 USER TC_26_8_1_3_4_6.ttcn3:238 L3_Port: Received 17 bytes
2026/Jun/17 06:55:12.362303 USER TC_26_8_1_3_4_6.ttcn3:238 L3_Port: RAW GSMTAP hdr->arfcn=0x4033 RxArfcn=0x4033 Uplink=1 Chan=3 Len=1
2026/Jun/17 06:55:12.362311 USER TC_26_8_1_3_4_6.ttcn3:238 L3_Port: RX: 01 
2026/Jun/17 06:55:12.362323 PORTEVENT TC_26_8_1_3_4_6.ttcn3:238 Message enqueued on L from system octetstring : '010000D870'O id 2
2026/Jun/17 06:55:12.362335 USER TC_26_8_1_3_4_6.ttcn3:238 L3_Port: Message delivered to TTCN-3
2026/Jun/17 06:55:14.261582 USER TC_26_8_1_3_4_6.ttcn3:238 L3_Port: Received 17 bytes
2026/Jun/17 06:55:14.261640 USER TC_26_8_1_3_4_6.ttcn3:238 L3_Port: RAW GSMTAP hdr->arfcn=0x4033 RxArfcn=0x4033 Uplink=1 Chan=3 Len=1
2026/Jun/17 06:55:14.261651 USER TC_26_8_1_3_4_6.ttcn3:238 L3_Port: RX: 0D 
2026/Jun/17 06:55:14.261664 PORTEVENT TC_26_8_1_3_4_6.ttcn3:238 Message enqueued on L from system octetstring : '0D0000D99C'O id 3
2026/Jun/17 06:55:14.261678 USER TC_26_8_1_3_4_6.ttcn3:238 L3_Port: Message delivered to TTCN-3
2026/Jun/17 06:55:14.521047 USER TC_26_8_1_3_4_6.ttcn3:238 MSC_Port: RX: {"type": "HEARTBEAT"}
2026/Jun/17 06:55:14.521111 PORTEVENT TC_26_8_1_3_4_6.ttcn3:238 Message enqueued on MSC from system charstring : "{\"type\": \"HEARTBEAT\"}" id 18
2026/Jun/17 06:55:14.521134 PORTEVENT TC_26_8_1_3_4_6.ttcn3:239 Receive operation on port MSC succeeded, message from system(): charstring : "{\"type\": \"HEARTBEAT\"}" id 18
2026/Jun/17 06:55:14.521143 PORTEVENT TC_26_8_1_3_4_6.ttcn3:239 Message with id 18 was extracted from the queue of MSC.
2026/Jun/17 06:55:15.262173 USER TC_26_8_1_3_4_6.ttcn3:238 L3_Port: Received 17 bytes
2026/Jun/17 06:55:15.262222 USER TC_26_8_1_3_4_6.ttcn3:238 L3_Port: RAW GSMTAP hdr->arfcn=0x4033 RxArfcn=0x4033 Uplink=1 Chan=3 Len=1
2026/Jun/17 06:55:15.262231 USER TC_26_8_1_3_4_6.ttcn3:238 L3_Port: RX: 06 
2026/Jun/17 06:55:15.262242 PORTEVENT TC_26_8_1_3_4_6.ttcn3:238 Message enqueued on L from system octetstring : '060000DB08'O id 4
2026/Jun/17 06:55:15.262252 USER TC_26_8_1_3_4_6.ttcn3:238 L3_Port: Message delivered to TTCN-3
2026/Jun/17 06:55:17.262608 USER TC_26_8_1_3_4_6.ttcn3:238 L3_Port: Received 17 bytes
2026/Jun/17 06:55:17.262659 USER TC_26_8_1_3_4_6.ttcn3:238 L3_Port: RAW GSMTAP hdr->arfcn=0x4033 RxArfcn=0x4033 Uplink=1 Chan=3 Len=1
2026/Jun/17 06:55:17.262676 USER TC_26_8_1_3_4_6.ttcn3:238 L3_Port: RX: 03 
2026/Jun/17 06:55:17.262688 PORTEVENT TC_26_8_1_3_4_6.ttcn3:238 Message enqueued on L from system octetstring : '030000DC01'O id 5
2026/Jun/17 06:55:17.262698 USER TC_26_8_1_3_4_6.ttcn3:238 L3_Port: Message delivered to TTCN-3
2026/Jun/17 06:55:18.761657 USER TC_26_8_1_3_4_6.ttcn3:238 L3_Port: Received 17 bytes
2026/Jun/17 06:55:18.761700 USER TC_26_8_1_3_4_6.ttcn3:238 L3_Port: RAW GSMTAP hdr->arfcn=0x4033 RxArfcn=0x4033 Uplink=1 Chan=3 Len=1
2026/Jun/17 06:55:18.761708 USER TC_26_8_1_3_4_6.ttcn3:238 L3_Port: RX: 0C 
2026/Jun/17 06:55:18.761717 PORTEVENT TC_26_8_1_3_4_6.ttcn3:238 Message enqueued on L from system octetstring : '0C0000DD08'O id 6
2026/Jun/17 06:55:18.761728 USER TC_26_8_1_3_4_6.ttcn3:238 L3_Port: Message delivered to TTCN-3
2026/Jun/17 06:55:19.525140 USER TC_26_8_1_3_4_6.ttcn3:238 MSC_Port: RX: {"type": "HEARTBEAT"}
2026/Jun/17 06:55:19.525234 PORTEVENT TC_26_8_1_3_4_6.ttcn3:238 Message enqueued on MSC from system charstring : "{\"type\": \"HEARTBEAT\"}" id 19
2026/Jun/17 06:55:19.525272 PORTEVENT TC_26_8_1_3_4_6.ttcn3:239 Receive operation on port MSC succeeded, message from system(): charstring : "{\"type\": \"HEARTBEAT\"}" id 19
2026/Jun/17 06:55:19.525289 PORTEVENT TC_26_8_1_3_4_6.ttcn3:239 Message with id 19 was extracted from the queue of MSC.
2026/Jun/17 06:55:20.263107 USER TC_26_8_1_3_4_6.ttcn3:238 L3_Port: Received 17 bytes
2026/Jun/17 06:55:20.263161 USER TC_26_8_1_3_4_6.ttcn3:238 L3_Port: RAW GSMTAP hdr->arfcn=0x4033 RxArfcn=0x4033 Uplink=1 Chan=3 Len=1
2026/Jun/17 06:55:20.263168 USER TC_26_8_1_3_4_6.ttcn3:238 L3_Port: RX: 03 
2026/Jun/17 06:55:20.263178 PORTEVENT TC_26_8_1_3_4_6.ttcn3:238 Message enqueued on L from system octetstring : '030000DE02'O id 7
2026/Jun/17 06:55:20.263188 USER TC_26_8_1_3_4_6.ttcn3:238 L3_Port: Message delivered to TTCN-3
2026/Jun/17 06:55:21.562352 USER TC_26_8_1_3_4_6.ttcn3:238 L3_Port: Received 17 bytes
2026/Jun/17 06:55:21.562431 USER TC_26_8_1_3_4_6.ttcn3:238 L3_Port: RAW GSMTAP hdr->arfcn=0x4033 RxArfcn=0x4033 Uplink=1 Chan=3 Len=1
2026/Jun/17 06:55:21.562452 USER TC_26_8_1_3_4_6.ttcn3:238 L3_Port: RX: 0F 
2026/Jun/17 06:55:21.562472 PORTEVENT TC_26_8_1_3_4_6.ttcn3:238 Message enqueued on L from system octetstring : '0F0000DF0A'O id 8
2026/Jun/17 06:55:21.562495 USER TC_26_8_1_3_4_6.ttcn3:238 L3_Port: Message delivered to TTCN-3
2026/Jun/17 06:55:22.480965 TIMEROP TC_26_8_1_3_4_6.ttcn3:252 Timeout T_lu_wait: 45 s
2026/Jun/17 06:55:22.481022 USER TC_26_8_1_3_4_6.ttcn3:253 "TC_26_8_1_3_4_6: FAIL " & char(0, 0, 32, 20) & " timeout waiting for LU REQUEST"
2026/Jun/17 06:55:22.481103 VERDICTOP TC_26_8_1_3_4_6.ttcn3:254 setverdict(fail): none -> fail
2026/Jun/17 06:55:22.481171 PORTEVENT TC_26_8_1_3_4_6.ttcn3:255 Sent on MSC to system charstring : "{\"command\": \"CLEAR\", \"params\": {}}"
2026/Jun/17 06:55:22.481232 USER TC_26_8_1_3_4_6.ttcn3:255 MSC_Port: TX: {"command": "CLEAR", "params": {}}
2026/Jun/17 06:55:22.481249 PARALLEL GSM_Component_Definitions.ttcn3:346 Unmapping port mtc:L from system:L.
2026/Jun/17 06:55:22.481294 USER GSM_Component_Definitions.ttcn3:346 L3_Port: Unmapping from L
2026/Jun/17 06:55:22.481321 PORTEVENT GSM_Component_Definitions.ttcn3:346 Port L was unmapped from system:L.
2026/Jun/17 06:55:22.481349 PARALLEL GSM_Component_Definitions.ttcn3:346 Unmap operation of mtc:L from system:L finished.
2026/Jun/17 06:55:22.481360 PARALLEL GSM_Component_Definitions.ttcn3:347 Unmapping port mtc:RR from system:RR.
2026/Jun/17 06:55:22.481404 PORTEVENT GSM_Component_Definitions.ttcn3:347 Port RR was unmapped from system:RR.
2026/Jun/17 06:55:22.481425 PARALLEL GSM_Component_Definitions.ttcn3:347 Unmap operation of mtc:RR from system:RR finished.
2026/Jun/17 06:55:22.481431 PARALLEL GSM_Component_Definitions.ttcn3:348 Unmapping port mtc:MM from system:MM.
2026/Jun/17 06:55:22.481450 PORTEVENT GSM_Component_Definitions.ttcn3:348 Port MM was unmapped from system:MM.
2026/Jun/17 06:55:22.481468 PARALLEL GSM_Component_Definitions.ttcn3:348 Unmap operation of mtc:MM from system:MM finished.
2026/Jun/17 06:55:22.481482 PARALLEL GSM_Component_Definitions.ttcn3:349 Unmapping port mtc:CC from system:CC.
2026/Jun/17 06:55:22.481501 PORTEVENT GSM_Component_Definitions.ttcn3:349 Port CC was unmapped from system:CC.
2026/Jun/17 06:55:22.481518 PARALLEL GSM_Component_Definitions.ttcn3:349 Unmap operation of mtc:CC from system:CC finished.
2026/Jun/17 06:55:22.481522 PARALLEL GSM_Component_Definitions.ttcn3:350 Unmapping port mtc:MSC from system:MSC.
2026/Jun/17 06:55:22.481539 USER GSM_Component_Definitions.ttcn3:350 MSC_Port: Unmapping from MSC
2026/Jun/17 06:55:22.481577 PORTEVENT GSM_Component_Definitions.ttcn3:350 Port MSC was unmapped from system:MSC.
2026/Jun/17 06:55:22.481597 PARALLEL GSM_Component_Definitions.ttcn3:350 Unmap operation of mtc:MSC from system:MSC finished.
2026/Jun/17 06:55:22.481602 PARALLEL GSM_Component_Definitions.ttcn3:351 Unmapping port mtc:VTY from system:VTY.
2026/Jun/17 06:55:22.481619 USER GSM_Component_Definitions.ttcn3:351 VTY_PT: Unmapping port from VTY interface
2026/Jun/17 06:55:22.481663 USER GSM_Component_Definitions.ttcn3:351 VTY_PT: Disconnected from VTY
2026/Jun/17 06:55:22.481671 PORTEVENT GSM_Component_Definitions.ttcn3:351 Port VTY was unmapped from system:VTY.
2026/Jun/17 06:55:22.481686 PARALLEL GSM_Component_Definitions.ttcn3:351 Unmap operation of mtc:VTY from system:VTY finished.
2026/Jun/17 06:55:22.481698 PARALLEL TC_26_8_1_3_4_6.ttcn3:257 Stopping test component execution.
2026/Jun/17 06:55:22.481860 FUNCTION TC_26_8_1_3_4_6.ttcn3:257 Test case TC_26_8_1_3_4_6 was stopped.
2026/Jun/17 06:55:22.481884 PARALLEL TC_26_8_1_3_4_6.ttcn3:257 Terminating component type GSM_Component_Definitions.GSM_CT.
2026/Jun/17 06:55:22.481899 TIMEROP TC_26_8_1_3_4_6.ttcn3:257 Stop timer T_guard: 300 s
2026/Jun/17 06:55:22.481917 USER TC_26_8_1_3_4_6.ttcn3:257 L3_Port: user_stop called
2026/Jun/17 06:55:22.481925 PORTEVENT TC_26_8_1_3_4_6.ttcn3:257 Message with id 1 was extracted from the queue of L.
2026/Jun/17 06:55:22.481930 PORTEVENT TC_26_8_1_3_4_6.ttcn3:257 Message with id 2 was extracted from the queue of L.
2026/Jun/17 06:55:22.481933 PORTEVENT TC_26_8_1_3_4_6.ttcn3:257 Message with id 3 was extracted from the queue of L.
2026/Jun/17 06:55:22.481935 PORTEVENT TC_26_8_1_3_4_6.ttcn3:257 Message with id 4 was extracted from the queue of L.
2026/Jun/17 06:55:22.481938 PORTEVENT TC_26_8_1_3_4_6.ttcn3:257 Message with id 5 was extracted from the queue of L.
2026/Jun/17 06:55:22.481941 PORTEVENT TC_26_8_1_3_4_6.ttcn3:257 Message with id 6 was extracted from the queue of L.
2026/Jun/17 06:55:22.481943 PORTEVENT TC_26_8_1_3_4_6.ttcn3:257 Message with id 7 was extracted from the queue of L.
2026/Jun/17 06:55:22.481946 PORTEVENT TC_26_8_1_3_4_6.ttcn3:257 Message with id 8 was extracted from the queue of L.
2026/Jun/17 06:55:22.481949 PORTEVENT TC_26_8_1_3_4_6.ttcn3:257 Port L was stopped.
2026/Jun/17 06:55:22.481963 PORTEVENT TC_26_8_1_3_4_6.ttcn3:257 Port RR was stopped.
2026/Jun/17 06:55:22.481970 PORTEVENT TC_26_8_1_3_4_6.ttcn3:257 Port MM was stopped.
2026/Jun/17 06:55:22.481977 PORTEVENT TC_26_8_1_3_4_6.ttcn3:257 Port CC was stopped.
2026/Jun/17 06:55:22.481980 USER TC_26_8_1_3_4_6.ttcn3:257 MSC_Port: user_stop called
2026/Jun/17 06:55:22.481985 PORTEVENT TC_26_8_1_3_4_6.ttcn3:257 Port MSC was stopped.
2026/Jun/17 06:55:22.481991 USER TC_26_8_1_3_4_6.ttcn3:257 BSC_Port: user_stop called
2026/Jun/17 06:55:22.481996 PORTEVENT TC_26_8_1_3_4_6.ttcn3:257 Port BSC was stopped.
2026/Jun/17 06:55:22.481999 PORTEVENT TC_26_8_1_3_4_6.ttcn3:257 Port RSL was stopped.
2026/Jun/17 06:55:22.482001 USER TC_26_8_1_3_4_6.ttcn3:257 VTY_PT: Stopping
2026/Jun/17 06:55:22.482006 PORTEVENT TC_26_8_1_3_4_6.ttcn3:257 Port VTY was stopped.
2026/Jun/17 06:55:22.482009 PORTEVENT TC_26_8_1_3_4_6.ttcn3:257 Port COORD was stopped.
2026/Jun/17 06:55:22.482012 PARALLEL TC_26_8_1_3_4_6.ttcn3:257 Component type GSM_Component_Definitions.GSM_CT was shut down inside testcase TC_26_8_1_3_4_6.
2026/Jun/17 06:55:22.482017 EXECUTOR TC_26_8_1_3_4_6.ttcn3:257 Waiting for PTCs to finish.
2026/Jun/17 06:55:22.482054 VERDICTOP TC_26_8_1_3_4_6.ttcn3:257 Setting final verdict of the test case.
2026/Jun/17 06:55:22.482089 VERDICTOP TC_26_8_1_3_4_6.ttcn3:257 Local verdict of MTC: fail
2026/Jun/17 06:55:22.482107 VERDICTOP TC_26_8_1_3_4_6.ttcn3:257 No PTCs were created.
2026/Jun/17 06:55:22.482116 TESTCASE TC_26_8_1_3_4_6.ttcn3:257 Test case TC_26_8_1_3_4_6 finished. Verdict: fail
2026/Jun/17 06:55:22.577036 STATISTICS - Verdict statistics: 0 none (0.00 %), 0 pass (0.00 %), 0 inconc (0.00 %), 1 fail (100.00 %), 0 error (0.00 %).
2026/Jun/17 06:55:22.577173 STATISTICS - Test execution summary: 1 test case was executed. Overall verdict: fail
2026/Jun/17 06:55:22.577185 EXECUTOR - Exit was requested from MC. Terminating MTC.
