[run-one] Namespace : gsm-14
[run-one] Tests     : TC_26_7_3_2
[run-one] Results   : results/week04/cores-sweep/run20260617-070402-N16/ns-14/TC_26_7_3_2
[run-one] INFO  Images already in local registry.
[run-one] INFO  Installing Helm release gsm-14 from /work/gouri.naik/sampige-scaling-intern-2026/refs/osmocom-demo/k8s/chart ...
Release "gsm-14" does not exist. Installing it now.
NAME: gsm-14
LAST DEPLOYED: Wed Jun 17 12:34:02 2026
NAMESPACE: gsm-14
STATUS: deployed
REVISION: 1
TEST SUITE: None
[run-one] INFO  Waiting up to 240s for Deployments to be Ready...
  Not ready: msc-test-stub//1
osmo-bsc//1
osmo-bts-virtual//1
osmo-hlr//1
osmo-mgw//1
osmo-mobile//1
osmo-stp//1
virtphy//1
  Not ready: msc-test-stub//1
osmo-bsc//1
osmo-bts-virtual//1
osmo-hlr//1
osmo-mgw//1
osmo-mobile//1
osmo-stp//1
virtphy//1
  Not ready: msc-test-stub//1
osmo-bsc//1
osmo-bts-virtual//1
osmo-hlr//1
osmo-mgw//1
osmo-mobile//1
osmo-stp//1
virtphy//1
  Not ready: msc-test-stub//1
osmo-bsc//1
osmo-bts-virtual//1
osmo-hlr//1
osmo-mgw//1
osmo-mobile//1
osmo-stp//1
virtphy//1
  Not ready: msc-test-stub//1
osmo-bsc//1
osmo-bts-virtual//1
osmo-hlr//1
osmo-mgw//1
osmo-mobile//1
osmo-stp//1
virtphy//1
  Not ready: msc-test-stub//1
osmo-bsc//1
osmo-bts-virtual//1
osmo-hlr//1
osmo-mgw//1
osmo-mobile//1
osmo-stp//1
virtphy//1
  Not ready: msc-test-stub//1
osmo-bsc//1
osmo-bts-virtual//1
osmo-hlr//1
osmo-mgw//1
osmo-mobile//1
osmo-stp//1
virtphy//1
  Not ready: msc-test-stub//1
osmo-bsc//1
osmo-bts-virtual//1
osmo-hlr//1
osmo-mgw//1
osmo-mobile//1
virtphy//1
  Not ready: msc-test-stub//1
osmo-mobile//1
virtphy//1
  Not ready: msc-test-stub//1
osmo-mobile//1
  Not ready: osmo-mobile//1
  Not ready: osmo-mobile//1
  Not ready: osmo-mobile//1
[run-one] INFO  All Deployments ready.
[run-one] INFO  Waiting up to 300s for MS to camp on cell (MM_EVENT_CELL_SELECTED)...
[run-one] INFO  MS camped on cell.
[run-one] INFO  Waiting up to 60s for osmo-mobile VTY (port 4247)...
[run-one] INFO  osmo-mobile VTY ready.
[run-one] INFO  Waiting up to 120s for boot LU (BSC_SLR=0x000001) to clear...
[run-one] INFO  Boot LU CLEAR REQUEST seen — draining msc-stub event buffer...
msc-stub buffer drained
[run-one] INFO  MSC stub buffer drained — namespace ready for test.
[run-one] INFO  Running TC_26_7_3_2 as Job ttcn3-tc-26-7-3-2-1...
[run-one] FAIL  TC_26_7_3_2: FAIL
=====================================================
 TTCN-3 k8s Run Summary
 Namespace : gsm-14
 Timestamp : 20260617-070402
=====================================================
  TC_26_7_3_2                              FAIL
-----------------------------------------------------
  PASS: 0   FAIL: 1   INCONCLUSIVE: 0
=====================================================
[run-one] INFO  Done. Results: results/week04/cores-sweep/run20260617-070402-N16/ns-14/TC_26_7_3_2
[run-one] INFO  Teardown: uninstalling Helm release gsm-14...
release "gsm-14" uninstalled
[run-one] INFO  Teardown: deleting namespace gsm-14...
namespace "gsm-14" deleted
{
  "namespaces": [
    {
      "namespace": "gsm-14",
      "bringup_s": 114.176,
      "testing_s": 695.843,
      "teardown_s": 55.113,
      "total_s": 865.134,
      "verdicts": [
        {
          "tc_name": "TC_26_7_3_2",
          "verdict": "FAIL"
        }
      ],
      "pass": 0,
      "fail": 1,
      "inconclusive": 0
    }
  ],
  "T_suite_s": 695.837,
  "N": 1,
  "pass": 0,
  "fail": 1,
  "inconclusive": 0,
  "test_durations": [
    {
      "namespace": "gsm-14",
      "tc_name": "TC_26_7_3_2",
      "duration_s": 695.837,
      "verdict": "FAIL"
    }
  ],
  "pods": {
    "total_restarts": 1,
    "oom_kills": 0
  },
  "S": null,
  "E": null
}
