2026/Jun/17 06:16:40.137650 EXECUTOR - TTCN-3 Host Controller started on ttcn3-tc-26-6-2-3-1-1-qfznz. Version: 11.1.0.
2026/Jun/17 06:16:40.139018 EXECUTOR - TTCN Logger v2.2 options: TimeStampFormat:=DateTime; LogEntityName:=No; LogEventTypes:=Yes; SourceInfoFormat:=Single; LogSensitiveData:=No; *.FileMask:=LOG_ALL | MATCHING | DEBUG; *.ConsoleMask:=LOG_ALL; LogFileSize:=0; LogFileNumber:=1; DiskFullAction:=Error
2026/Jun/17 06:16:40.139029 EXECUTOR - Maximum number of open file descriptors: 1048576,   FD_SETSIZE = 1024
2026/Jun/17 06:16:40.139162 WARNING - Warning: The address of MC was set to a local IP address. This may cause incorrect behavior if a HC from a remote host also connects to MC.
2026/Jun/17 06:16:40.139196 EXECUTOR - The address of MC was set to 127.0.0.1:0.
2026/Jun/17 06:16:40.139314 EXECUTOR - Connected to MC.
2026/Jun/17 06:16:40.139418 EXECUTOR - This host supports UNIX domain sockets for local communication.
2026/Jun/17 06:16:40.139656 EXECUTOR - Processing configuration data received from MC.
2026/Jun/17 06:16:40.141143 WARNING - Warning: Skeleton `/results/TC_26_6_2_3_1-2026-06-17-061626/%n.log' does not guarantee unique log file name for every test system process. It may cause unpredictable results if several test components try to write into the same log file.
2026/Jun/17 06:16:40.316987 EXECUTOR - Module GSM_Constants has the following parameters: { TSPC_Serv_TS11 := true, TSPC_Serv_TS61 := false, TSPC_Serv_TS62 := false, TSPC_Serv_BS21 := false, TSPC_Serv_BS22 := false, TSPC_Serv_BS24 := false, TSPC_Serv_BS25 := false, TSPC_Serv_BS26 := false, TSPC_Serv_BS31 := false, TSPC_Serv_BS32 := false, TSPC_Serv_BS33 := false, TSPC_Serv_BS34 := false, TSPC_Serv_BS41 := false, TSPC_Serv_BS42 := false, TSPC_Serv_BS43 := false, TSPC_Serv_BS44 := false, TSPC_Serv_BS45 := false, TSPC_Serv_BS51 := false, TSPC_Serv_BS61 := false, TSPC_Serv_BS81 := false, TSPC_DualRate := false, TSPC_MTsvc := true, TSPX_IMSI := '901700000000001F'O, TSPX_TMSI := '1914D97F'O, TSPX_CKSNDef := 0, TSPX_RANDDef := '00112233445566778899AABBCCDDEEFF'O, TSPX_SRES := '12345678'O, TSPX_Kc := '0000000000000000'O, TSPX_SDCCH4SubDef := 0, TSPX_TmSltDef := 0, TSPX_TscDef := 7, TSPX_TCHHSubDef := 0, TCV_CC := true, TSPX_Telephony_Rate := C_Full (0), TSPX_MOBscSvcA := C_Telephony (0), TSPX_MOBscSvcB := C_Telephony (0), TSPX_MOBscSvcC := C_Telephony (0), TSPX_MOBscSvcD := C_Telephony (0), TSPX_MOBscSvcE := C_Telephony (0), TSPX_MOBscSvcF := C_Telephony (0), TSPX_MOBscSvcG := C_Telephony (0), TSPX_MOChRateA := C_Full (0), TSPX_MOChRateB := C_Full (0), TSPX_MOChRateC := C_Full (0), TSPX_MOChRateD := C_Full (0), TSPX_MOChRateE := C_Full (0), TSPX_MOChRateF := C_Full (0), TSPX_MOChRateG := C_Full (0), TSPX_MTBscSvcA := C_Telephony (0), TSPX_MTBscSvcB := C_Telephony (0), TSPX_MTBscSvcC := C_Telephony (0), TSPX_MTBscSvcD := C_Telephony (0), TSPX_MTBscSvcE := C_Telephony (0), TSPX_MTBscSvcF := C_Telephony (0), TSPX_MTBscSvcG := C_Telephony (0), TSPX_MTBscSvcH := C_Telephony (0), TSPX_MTBscSvcI := C_Telephony (0), TSPX_MTBscSvcJ := C_Telephony (0), TSPX_MTChRateA := C_Full (0), TSPX_MTChRateB := C_Full (0), TSPX_MTChRateC := C_Full (0), TSPX_MTChRateD := C_Full (0), TSPX_MTChRateE := C_Full (0), TSPX_MTChRateF := C_Full (0), TSPX_MTChRateG := C_Full (0), TSPX_MTChRateH := C_Full (0), TSPX_MTChRateI := C_Full (0), TSPX_MTChRateJ := C_Full (0), C_arfcnA := 100 }
2026/Jun/17 06:16:40.317165 EXECUTOR - Module TC_26_6_1_2 has the following parameters: { TSPX_nPara := 3, TSPX_i1Para := 3, TSPX_kPara := 5, TSPX_i2Para := 1, TSPX_rPara := 4, TSPX_i3Para := 4 }
2026/Jun/17 06:16:40.317235 EXECUTOR - Initializing module GSM_Component_Definitions.
2026/Jun/17 06:16:40.317256 EXECUTOR GSM_Component_Definitions.ttcn3:0 Initializing module GSM_Templates.
2026/Jun/17 06:16:40.317296 EXECUTOR GSM_Templates.ttcn3:0 Initializing module GSM_Constants.
2026/Jun/17 06:16:40.317315 EXECUTOR GSM_Constants.ttcn3:0 Initializing module GSM_Types.
2026/Jun/17 06:16:40.317329 EXECUTOR GSM_Constants.ttcn3:0 Initialization of module GSM_Types finished.
2026/Jun/17 06:16:40.317344 EXECUTOR GSM_Templates.ttcn3:0 Initialization of module GSM_Constants finished.
2026/Jun/17 06:16:40.317474 EXECUTOR GSM_Component_Definitions.ttcn3:0 Initialization of module GSM_Templates finished.
2026/Jun/17 06:16:40.317492 EXECUTOR - Initialization of module GSM_Component_Definitions finished.
2026/Jun/17 06:16:40.317504 EXECUTOR - Initializing module GSM_Functions.
2026/Jun/17 06:16:40.317553 EXECUTOR - Initialization of module GSM_Functions finished.
2026/Jun/17 06:16:40.317567 EXECUTOR - Initializing module PreGenRecordOf.
2026/Jun/17 06:16:40.317579 EXECUTOR - Initialization of module PreGenRecordOf finished.
2026/Jun/17 06:16:40.317593 EXECUTOR - Initializing module TC_26_2_1_3.
2026/Jun/17 06:16:40.317608 EXECUTOR - Initialization of module TC_26_2_1_3 finished.
2026/Jun/17 06:16:40.317621 EXECUTOR - Initializing module TC_26_2_2.
2026/Jun/17 06:16:40.317637 EXECUTOR - Initialization of module TC_26_2_2 finished.
2026/Jun/17 06:16:40.317649 EXECUTOR - Initializing module TC_26_2_3.
2026/Jun/17 06:16:40.317665 EXECUTOR - Initialization of module TC_26_2_3 finished.
2026/Jun/17 06:16:40.317676 EXECUTOR - Initializing module TC_26_6_11_1.
2026/Jun/17 06:16:40.317695 EXECUTOR - Initialization of module TC_26_6_11_1 finished.
2026/Jun/17 06:16:40.317707 EXECUTOR - Initializing module TC_26_6_11_2.
2026/Jun/17 06:16:40.317724 EXECUTOR - Initialization of module TC_26_6_11_2 finished.
2026/Jun/17 06:16:40.317735 EXECUTOR - Initializing module TC_26_6_12_1.
2026/Jun/17 06:16:40.317751 EXECUTOR - Initialization of module TC_26_6_12_1 finished.
2026/Jun/17 06:16:40.317762 EXECUTOR - Initializing module TC_26_6_12_2.
2026/Jun/17 06:16:40.317778 EXECUTOR - Initialization of module TC_26_6_12_2 finished.
2026/Jun/17 06:16:40.317789 EXECUTOR - Initializing module TC_26_6_12_3.
2026/Jun/17 06:16:40.317805 EXECUTOR - Initialization of module TC_26_6_12_3 finished.
2026/Jun/17 06:16:40.317816 EXECUTOR - Initializing module TC_26_6_12_4.
2026/Jun/17 06:16:40.317848 EXECUTOR - Initialization of module TC_26_6_12_4 finished.
2026/Jun/17 06:16:40.317861 EXECUTOR - Initializing module TC_26_6_13_10.
2026/Jun/17 06:16:40.317876 EXECUTOR - Initialization of module TC_26_6_13_10 finished.
2026/Jun/17 06:16:40.317887 EXECUTOR - Initializing module TC_26_6_13_9.
2026/Jun/17 06:16:40.317902 EXECUTOR - Initialization of module TC_26_6_13_9 finished.
2026/Jun/17 06:16:40.317914 EXECUTOR - Initializing module TC_26_6_1_1.
2026/Jun/17 06:16:40.317930 EXECUTOR - Initialization of module TC_26_6_1_1 finished.
2026/Jun/17 06:16:40.317941 EXECUTOR - Initializing module TC_26_6_1_2.
2026/Jun/17 06:16:40.317955 EXECUTOR - Initialization of module TC_26_6_1_2 finished.
2026/Jun/17 06:16:40.317968 EXECUTOR - Initializing module TC_26_6_1_3.
2026/Jun/17 06:16:40.317983 EXECUTOR - Initialization of module TC_26_6_1_3 finished.
2026/Jun/17 06:16:40.317994 EXECUTOR - Initializing module TC_26_6_1_4.
2026/Jun/17 06:16:40.318009 EXECUTOR - Initialization of module TC_26_6_1_4 finished.
2026/Jun/17 06:16:40.318021 EXECUTOR - Initializing module TC_26_6_1_5.
2026/Jun/17 06:16:40.318037 EXECUTOR - Initialization of module TC_26_6_1_5 finished.
2026/Jun/17 06:16:40.318048 EXECUTOR - Initializing module TC_26_6_2_1_1.
2026/Jun/17 06:16:40.318064 EXECUTOR - Initialization of module TC_26_6_2_1_1 finished.
2026/Jun/17 06:16:40.318076 EXECUTOR - Initializing module TC_26_6_2_1_2.
2026/Jun/17 06:16:40.318091 EXECUTOR - Initialization of module TC_26_6_2_1_2 finished.
2026/Jun/17 06:16:40.318103 EXECUTOR - Initializing module TC_26_6_2_1_3.
2026/Jun/17 06:16:40.318118 EXECUTOR - Initialization of module TC_26_6_2_1_3 finished.
2026/Jun/17 06:16:40.318130 EXECUTOR - Initializing module TC_26_6_2_2.
2026/Jun/17 06:16:40.318146 EXECUTOR - Initialization of module TC_26_6_2_2 finished.
2026/Jun/17 06:16:40.318157 EXECUTOR - Initializing module TC_26_6_2_3_1.
2026/Jun/17 06:16:40.318172 EXECUTOR - Initialization of module TC_26_6_2_3_1 finished.
2026/Jun/17 06:16:40.318184 EXECUTOR - Initializing module TC_26_6_2_3_2.
2026/Jun/17 06:16:40.318200 EXECUTOR - Initialization of module TC_26_6_2_3_2 finished.
2026/Jun/17 06:16:40.318219 EXECUTOR - Initializing module TC_26_6_2_4.
2026/Jun/17 06:16:40.318237 EXECUTOR - Initialization of module TC_26_6_2_4 finished.
2026/Jun/17 06:16:40.318249 EXECUTOR - Initializing module TC_26_6_3_1.
2026/Jun/17 06:16:40.318266 EXECUTOR - Initialization of module TC_26_6_3_1 finished.
2026/Jun/17 06:16:40.318277 EXECUTOR - Initializing module TC_26_6_3_4.
2026/Jun/17 06:16:40.318296 EXECUTOR - Initialization of module TC_26_6_3_4 finished.
2026/Jun/17 06:16:40.318308 EXECUTOR - Initializing module TC_26_6_4_1.
2026/Jun/17 06:16:40.318326 EXECUTOR - Initialization of module TC_26_6_4_1 finished.
2026/Jun/17 06:16:40.318338 EXECUTOR - Initializing module TC_26_6_4_2_2.
2026/Jun/17 06:16:40.318354 EXECUTOR - Initialization of module TC_26_6_4_2_2 finished.
2026/Jun/17 06:16:40.318366 EXECUTOR - Initializing module TC_26_6_5_1.
2026/Jun/17 06:16:40.318381 EXECUTOR - Initialization of module TC_26_6_5_1 finished.
2026/Jun/17 06:16:40.318392 EXECUTOR - Initializing module TC_26_6_5_2_1.
2026/Jun/17 06:16:40.318407 EXECUTOR - Initialization of module TC_26_6_5_2_1 finished.
2026/Jun/17 06:16:40.318419 EXECUTOR - Initializing module TC_26_6_8_1.
2026/Jun/17 06:16:40.318434 EXECUTOR - Initialization of module TC_26_6_8_1 finished.
2026/Jun/17 06:16:40.318446 EXECUTOR - Initializing module TC_26_6_8_2.
2026/Jun/17 06:16:40.318461 EXECUTOR - Initialization of module TC_26_6_8_2 finished.
2026/Jun/17 06:16:40.318473 EXECUTOR - Initializing module TC_26_6_8_3.
2026/Jun/17 06:16:40.318488 EXECUTOR - Initialization of module TC_26_6_8_3 finished.
2026/Jun/17 06:16:40.318499 EXECUTOR - Initializing module TC_26_6_8_4.
2026/Jun/17 06:16:40.318514 EXECUTOR - Initialization of module TC_26_6_8_4 finished.
2026/Jun/17 06:16:40.318526 EXECUTOR - Initializing module TC_26_6_8_5.
2026/Jun/17 06:16:40.318541 EXECUTOR - Initialization of module TC_26_6_8_5 finished.
2026/Jun/17 06:16:40.318552 EXECUTOR - Initializing module TC_26_7_1.
2026/Jun/17 06:16:40.318567 EXECUTOR - Initialization of module TC_26_7_1 finished.
2026/Jun/17 06:16:40.318579 EXECUTOR - Initializing module TC_26_7_2_1.
2026/Jun/17 06:16:40.318594 EXECUTOR - Initialization of module TC_26_7_2_1 finished.
2026/Jun/17 06:16:40.318606 EXECUTOR - Initializing module TC_26_7_2_2.
2026/Jun/17 06:16:40.318620 EXECUTOR - Initialization of module TC_26_7_2_2 finished.
2026/Jun/17 06:16:40.318632 EXECUTOR - Initializing module TC_26_7_3_1.
2026/Jun/17 06:16:40.318648 EXECUTOR - Initialization of module TC_26_7_3_1 finished.
2026/Jun/17 06:16:40.318659 EXECUTOR - Initializing module TC_26_7_3_2.
2026/Jun/17 06:16:40.318673 EXECUTOR - Initialization of module TC_26_7_3_2 finished.
2026/Jun/17 06:16:40.318685 EXECUTOR - Initializing module TC_26_7_4_1.
2026/Jun/17 06:16:40.318700 EXECUTOR - Initialization of module TC_26_7_4_1 finished.
2026/Jun/17 06:16:40.318711 EXECUTOR - Initializing module TC_26_7_4_2_1.
2026/Jun/17 06:16:40.318727 EXECUTOR - Initialization of module TC_26_7_4_2_1 finished.
2026/Jun/17 06:16:40.318739 EXECUTOR - Initializing module TC_26_7_4_2_2_1.
2026/Jun/17 06:16:40.318754 EXECUTOR - Initialization of module TC_26_7_4_2_2_1 finished.
2026/Jun/17 06:16:40.318765 EXECUTOR - Initializing module TC_26_7_4_2_2_2.
2026/Jun/17 06:16:40.318780 EXECUTOR - Initialization of module TC_26_7_4_2_2_2 finished.
2026/Jun/17 06:16:40.318793 EXECUTOR - Initializing module TC_26_7_4_2_3.
2026/Jun/17 06:16:40.318808 EXECUTOR - Initialization of module TC_26_7_4_2_3 finished.
2026/Jun/17 06:16:40.318819 EXECUTOR - Initializing module TC_26_7_4_2_4_1.
2026/Jun/17 06:16:40.318849 EXECUTOR - Initialization of module TC_26_7_4_2_4_1 finished.
2026/Jun/17 06:16:40.318861 EXECUTOR - Initializing module TC_26_7_4_2_4_2.
2026/Jun/17 06:16:40.318880 EXECUTOR - Initialization of module TC_26_7_4_2_4_2 finished.
2026/Jun/17 06:16:40.318892 EXECUTOR - Initializing module TC_26_7_4_2_4_3.
2026/Jun/17 06:16:40.318907 EXECUTOR - Initialization of module TC_26_7_4_2_4_3 finished.
2026/Jun/17 06:16:40.318918 EXECUTOR - Initializing module TC_26_7_4_2_4_4.
2026/Jun/17 06:16:40.318941 EXECUTOR - Initialization of module TC_26_7_4_2_4_4 finished.
2026/Jun/17 06:16:40.318953 EXECUTOR - Initializing module TC_26_7_4_2_4_5.
2026/Jun/17 06:16:40.318969 EXECUTOR - Initialization of module TC_26_7_4_2_4_5 finished.
2026/Jun/17 06:16:40.318981 EXECUTOR - Initializing module TC_26_7_4_3_1.
2026/Jun/17 06:16:40.318995 EXECUTOR - Initialization of module TC_26_7_4_3_1 finished.
2026/Jun/17 06:16:40.319006 EXECUTOR - Initializing module TC_26_7_4_3_2.
2026/Jun/17 06:16:40.319021 EXECUTOR - Initialization of module TC_26_7_4_3_2 finished.
2026/Jun/17 06:16:40.319033 EXECUTOR - Initializing module TC_26_7_4_3_3.
2026/Jun/17 06:16:40.319049 EXECUTOR - Initialization of module TC_26_7_4_3_3 finished.
2026/Jun/17 06:16:40.319060 EXECUTOR - Initializing module TC_26_7_4_3_4.
2026/Jun/17 06:16:40.319075 EXECUTOR - Initialization of module TC_26_7_4_3_4 finished.
2026/Jun/17 06:16:40.319087 EXECUTOR - Initializing module TC_26_7_4_4.
2026/Jun/17 06:16:40.319101 EXECUTOR - Initialization of module TC_26_7_4_4 finished.
2026/Jun/17 06:16:40.319112 EXECUTOR - Initializing module TC_26_7_4_5_1.
2026/Jun/17 06:16:40.319128 EXECUTOR - Initialization of module TC_26_7_4_5_1 finished.
2026/Jun/17 06:16:40.319139 EXECUTOR - Initializing module TC_26_7_4_5_2.
2026/Jun/17 06:16:40.319155 EXECUTOR - Initialization of module TC_26_7_4_5_2 finished.
2026/Jun/17 06:16:40.319166 EXECUTOR - Initializing module TC_26_7_4_5_3.
2026/Jun/17 06:16:40.319181 EXECUTOR - Initialization of module TC_26_7_4_5_3 finished.
2026/Jun/17 06:16:40.319193 EXECUTOR - Initializing module TC_26_7_4_5_4_2.
2026/Jun/17 06:16:40.319208 EXECUTOR - Initialization of module TC_26_7_4_5_4_2 finished.
2026/Jun/17 06:16:40.319220 EXECUTOR - Initializing module TC_26_7_5_2.
2026/Jun/17 06:16:40.319238 EXECUTOR - Initialization of module TC_26_7_5_2 finished.
2026/Jun/17 06:16:40.319250 EXECUTOR - Initializing module TC_26_7_5_3.
2026/Jun/17 06:16:40.319266 EXECUTOR - Initialization of module TC_26_7_5_3 finished.
2026/Jun/17 06:16:40.319277 EXECUTOR - Initializing module TC_26_7_5_4.
2026/Jun/17 06:16:40.319293 EXECUTOR - Initialization of module TC_26_7_5_4 finished.
2026/Jun/17 06:16:40.319305 EXECUTOR - Initializing module TC_26_7_5_5.
2026/Jun/17 06:16:40.319320 EXECUTOR - Initialization of module TC_26_7_5_5 finished.
2026/Jun/17 06:16:40.319331 EXECUTOR - Initializing module TC_26_7_5_6.
2026/Jun/17 06:16:40.319347 EXECUTOR - Initialization of module TC_26_7_5_6 finished.
2026/Jun/17 06:16:40.319359 EXECUTOR - Initializing module TC_26_7_5_7_1.
2026/Jun/17 06:16:40.319377 EXECUTOR - Initialization of module TC_26_7_5_7_1 finished.
2026/Jun/17 06:16:40.319388 EXECUTOR - Initializing module TC_26_7_5_8_1.
2026/Jun/17 06:16:40.319404 EXECUTOR - Initialization of module TC_26_7_5_8_1 finished.
2026/Jun/17 06:16:40.319416 EXECUTOR - Initializing module TC_26_7_5_8_2.
2026/Jun/17 06:16:40.319430 EXECUTOR - Initialization of module TC_26_7_5_8_2 finished.
2026/Jun/17 06:16:40.319441 EXECUTOR - Initializing module TC_26_7_5_8_3.
2026/Jun/17 06:16:40.319460 EXECUTOR - Initialization of module TC_26_7_5_8_3 finished.
2026/Jun/17 06:16:40.319471 EXECUTOR - Initializing module TC_26_8_1_2_1_1.
2026/Jun/17 06:16:40.319486 EXECUTOR - Initialization of module TC_26_8_1_2_1_1 finished.
2026/Jun/17 06:16:40.319498 EXECUTOR - Initializing module TC_26_8_1_2_2_1.
2026/Jun/17 06:16:40.319513 EXECUTOR - Initialization of module TC_26_8_1_2_2_1 finished.
2026/Jun/17 06:16:40.319525 EXECUTOR - Initializing module TC_26_8_1_2_2_2.
2026/Jun/17 06:16:40.319540 EXECUTOR - Initialization of module TC_26_8_1_2_2_2 finished.
2026/Jun/17 06:16:40.319552 EXECUTOR - Initializing module TC_26_8_1_2_2_3.
2026/Jun/17 06:16:40.319567 EXECUTOR - Initialization of module TC_26_8_1_2_2_3 finished.
2026/Jun/17 06:16:40.319579 EXECUTOR - Initializing module TC_26_8_1_2_3_1.
2026/Jun/17 06:16:40.319595 EXECUTOR - Initialization of module TC_26_8_1_2_3_1 finished.
2026/Jun/17 06:16:40.319605 EXECUTOR - Initializing module TC_26_8_1_2_3_2.
2026/Jun/17 06:16:40.319620 EXECUTOR - Initialization of module TC_26_8_1_2_3_2 finished.
2026/Jun/17 06:16:40.319638 EXECUTOR - Initializing module TC_26_8_1_2_3_3.
2026/Jun/17 06:16:40.319653 EXECUTOR - Initialization of module TC_26_8_1_2_3_3 finished.
2026/Jun/17 06:16:40.319663 EXECUTOR - Initializing module TC_26_8_1_2_3_4.
2026/Jun/17 06:16:40.319678 EXECUTOR - Initialization of module TC_26_8_1_2_3_4 finished.
2026/Jun/17 06:16:40.319689 EXECUTOR - Initializing module TC_26_8_1_2_3_5.
2026/Jun/17 06:16:40.319704 EXECUTOR - Initialization of module TC_26_8_1_2_3_5 finished.
2026/Jun/17 06:16:40.319715 EXECUTOR - Initializing module TC_26_8_1_2_3_6.
2026/Jun/17 06:16:40.319731 EXECUTOR - Initialization of module TC_26_8_1_2_3_6 finished.
2026/Jun/17 06:16:40.319742 EXECUTOR - Initializing module TC_26_8_1_2_3_7.
2026/Jun/17 06:16:40.319757 EXECUTOR - Initialization of module TC_26_8_1_2_3_7 finished.
2026/Jun/17 06:16:40.319768 EXECUTOR - Initializing module TC_26_8_1_2_4_1.
2026/Jun/17 06:16:40.319783 EXECUTOR - Initialization of module TC_26_8_1_2_4_1 finished.
2026/Jun/17 06:16:40.319795 EXECUTOR - Initializing module TC_26_8_1_2_4_13.
2026/Jun/17 06:16:40.319811 EXECUTOR - Initialization of module TC_26_8_1_2_4_13 finished.
2026/Jun/17 06:16:40.319834 EXECUTOR - Initializing module TC_26_8_1_2_4_2.
2026/Jun/17 06:16:40.319856 EXECUTOR - Initialization of module TC_26_8_1_2_4_2 finished.
2026/Jun/17 06:16:40.319868 EXECUTOR - Initializing module TC_26_8_1_2_4_3.
2026/Jun/17 06:16:40.319883 EXECUTOR - Initialization of module TC_26_8_1_2_4_3 finished.
2026/Jun/17 06:16:40.319895 EXECUTOR - Initializing module TC_26_8_1_2_4_4.
2026/Jun/17 06:16:40.319909 EXECUTOR - Initialization of module TC_26_8_1_2_4_4 finished.
2026/Jun/17 06:16:40.319920 EXECUTOR - Initializing module TC_26_8_1_2_4_5.
2026/Jun/17 06:16:40.319935 EXECUTOR - Initialization of module TC_26_8_1_2_4_5 finished.
2026/Jun/17 06:16:40.319946 EXECUTOR - Initializing module TC_26_8_1_2_6_1.
2026/Jun/17 06:16:40.319962 EXECUTOR - Initialization of module TC_26_8_1_2_6_1 finished.
2026/Jun/17 06:16:40.319973 EXECUTOR - Initializing module TC_26_8_1_2_6_2.
2026/Jun/17 06:16:40.319987 EXECUTOR - Initialization of module TC_26_8_1_2_6_2 finished.
2026/Jun/17 06:16:40.319998 EXECUTOR - Initializing module TC_26_8_1_2_6_3.
2026/Jun/17 06:16:40.320013 EXECUTOR - Initialization of module TC_26_8_1_2_6_3 finished.
2026/Jun/17 06:16:40.320025 EXECUTOR - Initializing module TC_26_8_1_2_6_6.
2026/Jun/17 06:16:40.320039 EXECUTOR - Initialization of module TC_26_8_1_2_6_6 finished.
2026/Jun/17 06:16:40.320050 EXECUTOR - Initializing module TC_26_8_1_3_1_1.
2026/Jun/17 06:16:40.320065 EXECUTOR - Initialization of module TC_26_8_1_3_1_1 finished.
2026/Jun/17 06:16:40.320076 EXECUTOR - Initializing module TC_26_8_1_3_2_1.
2026/Jun/17 06:16:40.320091 EXECUTOR - Initialization of module TC_26_8_1_3_2_1 finished.
2026/Jun/17 06:16:40.320102 EXECUTOR - Initializing module TC_26_8_1_3_3_1.
2026/Jun/17 06:16:40.320117 EXECUTOR - Initialization of module TC_26_8_1_3_3_1 finished.
2026/Jun/17 06:16:40.320128 EXECUTOR - Initializing module TC_26_8_1_3_3_2.
2026/Jun/17 06:16:40.320143 EXECUTOR - Initialization of module TC_26_8_1_3_3_2 finished.
2026/Jun/17 06:16:40.320154 EXECUTOR - Initializing module TC_26_8_1_3_3_3.
2026/Jun/17 06:16:40.320169 EXECUTOR - Initialization of module TC_26_8_1_3_3_3 finished.
2026/Jun/17 06:16:40.320180 EXECUTOR - Initializing module TC_26_8_1_3_3_4.
2026/Jun/17 06:16:40.320195 EXECUTOR - Initialization of module TC_26_8_1_3_3_4 finished.
2026/Jun/17 06:16:40.320206 EXECUTOR - Initializing module TC_26_8_1_3_3_5.
2026/Jun/17 06:16:40.320221 EXECUTOR - Initialization of module TC_26_8_1_3_3_5 finished.
2026/Jun/17 06:16:40.320233 EXECUTOR - Initializing module TC_26_8_1_3_3_6.
2026/Jun/17 06:16:40.320247 EXECUTOR - Initialization of module TC_26_8_1_3_3_6 finished.
2026/Jun/17 06:16:40.320258 EXECUTOR - Initializing module TC_26_8_1_3_3_7.
2026/Jun/17 06:16:40.320273 EXECUTOR - Initialization of module TC_26_8_1_3_3_7 finished.
2026/Jun/17 06:16:40.320284 EXECUTOR - Initializing module TC_26_8_1_3_4_1.
2026/Jun/17 06:16:40.320307 EXECUTOR - Initialization of module TC_26_8_1_3_4_1 finished.
2026/Jun/17 06:16:40.320319 EXECUTOR - Initializing module TC_26_8_1_3_4_2.
2026/Jun/17 06:16:40.320334 EXECUTOR - Initialization of module TC_26_8_1_3_4_2 finished.
2026/Jun/17 06:16:40.320345 EXECUTOR - Initializing module TC_26_8_1_3_4_3.
2026/Jun/17 06:16:40.320360 EXECUTOR - Initialization of module TC_26_8_1_3_4_3 finished.
2026/Jun/17 06:16:40.320372 EXECUTOR - Initializing module TC_26_8_1_3_4_4.
2026/Jun/17 06:16:40.320386 EXECUTOR - Initialization of module TC_26_8_1_3_4_4 finished.
2026/Jun/17 06:16:40.320398 EXECUTOR - Initializing module TC_26_8_1_3_4_5.
2026/Jun/17 06:16:40.320413 EXECUTOR - Initialization of module TC_26_8_1_3_4_5 finished.
2026/Jun/17 06:16:40.320424 EXECUTOR - Initializing module TC_26_8_1_3_4_6.
2026/Jun/17 06:16:40.320439 EXECUTOR - Initialization of module TC_26_8_1_3_4_6 finished.
2026/Jun/17 06:16:40.320450 EXECUTOR - Initializing module TC_26_8_1_3_4_7.
2026/Jun/17 06:16:40.320465 EXECUTOR - Initialization of module TC_26_8_1_3_4_7 finished.
2026/Jun/17 06:16:40.320476 EXECUTOR - Initializing module TC_26_8_1_3_4_8.
2026/Jun/17 06:16:40.320492 EXECUTOR - Initialization of module TC_26_8_1_3_4_8 finished.
2026/Jun/17 06:16:40.320503 EXECUTOR - Initializing module TC_26_8_1_3_5_1.
2026/Jun/17 06:16:40.320519 EXECUTOR - Initialization of module TC_26_8_1_3_5_1 finished.
2026/Jun/17 06:16:40.320530 EXECUTOR - Initializing module TC_26_8_1_3_5_2.
2026/Jun/17 06:16:40.320545 EXECUTOR - Initialization of module TC_26_8_1_3_5_2 finished.
2026/Jun/17 06:16:40.320556 EXECUTOR - Initializing module TC_26_8_1_3_5_3.
2026/Jun/17 06:16:40.320571 EXECUTOR - Initialization of module TC_26_8_1_3_5_3 finished.
2026/Jun/17 06:16:40.320584 EXECUTOR - Initializing module TC_26_8_1_3_5_4.
2026/Jun/17 06:16:40.320598 EXECUTOR - Initialization of module TC_26_8_1_3_5_4 finished.
2026/Jun/17 06:16:40.320608 EXECUTOR - Initializing module TC_26_8_1_3_5_5.
2026/Jun/17 06:16:40.320623 EXECUTOR - Initialization of module TC_26_8_1_3_5_5 finished.
2026/Jun/17 06:16:40.320634 EXECUTOR - Initializing module TC_26_8_1_3_5_6.
2026/Jun/17 06:16:40.320650 EXECUTOR - Initialization of module TC_26_8_1_3_5_6 finished.
2026/Jun/17 06:16:40.320662 EXECUTOR - Initializing module TC_26_8_1_3_5_7.
2026/Jun/17 06:16:40.320677 EXECUTOR - Initialization of module TC_26_8_1_3_5_7 finished.
2026/Jun/17 06:16:40.320688 EXECUTOR - Initializing module TC_26_8_1_3_5_8.
2026/Jun/17 06:16:40.320704 EXECUTOR - Initialization of module TC_26_8_1_3_5_8 finished.
2026/Jun/17 06:16:40.320716 EXECUTOR - Initializing module TC_26_8_1_3_5_9.
2026/Jun/17 06:16:40.320731 EXECUTOR - Initialization of module TC_26_8_1_3_5_9 finished.
2026/Jun/17 06:16:40.320742 EXECUTOR - Initializing module TC_26_8_2_1.
2026/Jun/17 06:16:40.320758 EXECUTOR - Initialization of module TC_26_8_2_1 finished.
2026/Jun/17 06:16:40.320770 EXECUTOR - Initializing module TC_26_8_2_2.
2026/Jun/17 06:16:40.320785 EXECUTOR - Initialization of module TC_26_8_2_2 finished.
2026/Jun/17 06:16:40.320796 EXECUTOR - Initializing module TC_26_8_2_3.
2026/Jun/17 06:16:40.320813 EXECUTOR - Initialization of module TC_26_8_2_3 finished.
2026/Jun/17 06:16:40.320834 EXECUTOR - Initializing module TC_26_8_3.
2026/Jun/17 06:16:40.320854 EXECUTOR - Initialization of module TC_26_8_3 finished.
2026/Jun/17 06:16:40.320866 EXECUTOR - Initializing module TC_34_2_2.
2026/Jun/17 06:16:40.320881 EXECUTOR - Initialization of module TC_34_2_2 finished.
2026/Jun/17 06:16:40.320892 EXECUTOR - Initializing module TitanLoggerApi.
2026/Jun/17 06:16:40.320903 EXECUTOR - Initialization of module TitanLoggerApi finished.
2026/Jun/17 06:16:40.320914 EXECUTOR - Initializing module TitanLoggerControl.
2026/Jun/17 06:16:40.320925 EXECUTOR - Initialization of module TitanLoggerControl finished.
2026/Jun/17 06:16:40.320946 EXECUTOR - Configuration data was processed successfully.
2026/Jun/17 06:16:40.323406 EXECUTOR - MTC was created. Process id: 39.
2026/Jun/17 06:19:57.079549 EXECUTOR - Exit was requested from MC. Terminating HC.
2026/Jun/17 06:19:57.079795 EXECUTOR - Disconnected from MC.
2026/Jun/17 06:19:57.079862 EXECUTOR - TTCN-3 Host Controller finished.
