2026/Jun/17 06:54:06.369216 EXECUTOR - TTCN-3 Host Controller started on ttcn3-tc-26-6-11-1-1-d6wrc. Version: 11.1.0.
2026/Jun/17 06:54:06.369411 EXECUTOR - TTCN Logger v2.2 options: TimeStampFormat:=DateTime; LogEntityName:=No; LogEventTypes:=Yes; SourceInfoFormat:=Single; LogSensitiveData:=No; *.FileMask:=LOG_ALL; *.ConsoleMask:=ERROR | TESTCASE | USER | VERDICTOP | WARNING; LogFileSize:=0; LogFileNumber:=1; DiskFullAction:=Error
2026/Jun/17 06:54:06.369427 EXECUTOR - Maximum number of open file descriptors: 1048576,   FD_SETSIZE = 1024
2026/Jun/17 06:54:06.369573 WARNING - Warning: The address of MC was set to a local IP address. This may cause incorrect behavior if a HC from a remote host also connects to MC.
2026/Jun/17 06:54:06.369618 EXECUTOR - The address of MC was set to 127.0.0.1:0.
2026/Jun/17 06:54:06.369757 EXECUTOR - Connected to MC.
2026/Jun/17 06:54:06.470706 EXECUTOR - This host supports UNIX domain sockets for local communication.
2026/Jun/17 06:54:06.569089 EXECUTOR - Processing configuration data received from MC.
2026/Jun/17 06:54:06.569417 WARNING - Warning: Skeleton `/results/TC_26_6_11_1-2026-06-17-065358/%n.log' does not guarantee unique log file name for every test system process. It may cause unpredictable results if several test components try to write into the same log file.
2026/Jun/17 06:54:06.669207 EXECUTOR - Module GSM_Constants has the following parameters: { TSPC_Serv_TS11 := true, TSPC_Serv_TS61 := false, TSPC_Serv_TS62 := false, TSPC_Serv_BS21 := false, TSPC_Serv_BS22 := false, TSPC_Serv_BS24 := false, TSPC_Serv_BS25 := false, TSPC_Serv_BS26 := false, TSPC_Serv_BS31 := false, TSPC_Serv_BS32 := false, TSPC_Serv_BS33 := false, TSPC_Serv_BS34 := false, TSPC_Serv_BS41 := false, TSPC_Serv_BS42 := false, TSPC_Serv_BS43 := false, TSPC_Serv_BS44 := false, TSPC_Serv_BS45 := false, TSPC_Serv_BS51 := false, TSPC_Serv_BS61 := false, TSPC_Serv_BS81 := false, TSPC_DualRate := false, TSPC_MTsvc := true, TSPX_IMSI := '901700000000001F'O, TSPX_TMSI := '1914D97F'O, TSPX_CKSNDef := 0, TSPX_RANDDef := '00112233445566778899AABBCCDDEEFF'O, TSPX_SRES := '12345678'O, TSPX_Kc := '0000000000000000'O, TSPX_SDCCH4SubDef := 0, TSPX_TmSltDef := 0, TSPX_TscDef := 7, TSPX_TCHHSubDef := 0, TCV_CC := true, TSPX_Telephony_Rate := C_Full (0), TSPX_MOBscSvcA := C_Telephony (0), TSPX_MOBscSvcB := C_Telephony (0), TSPX_MOBscSvcC := C_Telephony (0), TSPX_MOBscSvcD := C_Telephony (0), TSPX_MOBscSvcE := C_Telephony (0), TSPX_MOBscSvcF := C_Telephony (0), TSPX_MOBscSvcG := C_Telephony (0), TSPX_MOChRateA := C_Full (0), TSPX_MOChRateB := C_Full (0), TSPX_MOChRateC := C_Full (0), TSPX_MOChRateD := C_Full (0), TSPX_MOChRateE := C_Full (0), TSPX_MOChRateF := C_Full (0), TSPX_MOChRateG := C_Full (0), TSPX_MTBscSvcA := C_Telephony (0), TSPX_MTBscSvcB := C_Telephony (0), TSPX_MTBscSvcC := C_Telephony (0), TSPX_MTBscSvcD := C_Telephony (0), TSPX_MTBscSvcE := C_Telephony (0), TSPX_MTBscSvcF := C_Telephony (0), TSPX_MTBscSvcG := C_Telephony (0), TSPX_MTBscSvcH := C_Telephony (0), TSPX_MTBscSvcI := C_Telephony (0), TSPX_MTBscSvcJ := C_Telephony (0), TSPX_MTChRateA := C_Full (0), TSPX_MTChRateB := C_Full (0), TSPX_MTChRateC := C_Full (0), TSPX_MTChRateD := C_Full (0), TSPX_MTChRateE := C_Full (0), TSPX_MTChRateF := C_Full (0), TSPX_MTChRateG := C_Full (0), TSPX_MTChRateH := C_Full (0), TSPX_MTChRateI := C_Full (0), TSPX_MTChRateJ := C_Full (0), C_arfcnA := 51 }
2026/Jun/17 06:54:06.669299 EXECUTOR - Module TC_26_6_1_2 has the following parameters: { TSPX_nPara := 3, TSPX_i1Para := 3, TSPX_kPara := 5, TSPX_i2Para := 1, TSPX_rPara := 4, TSPX_i3Para := 4 }
2026/Jun/17 06:54:06.669338 EXECUTOR - Initializing module GSM_Component_Definitions.
2026/Jun/17 06:54:06.669347 EXECUTOR GSM_Component_Definitions.ttcn3:0 Initializing module GSM_Templates.
2026/Jun/17 06:54:06.669368 EXECUTOR GSM_Templates.ttcn3:0 Initializing module GSM_Constants.
2026/Jun/17 06:54:06.669373 EXECUTOR GSM_Constants.ttcn3:0 Initializing module GSM_Types.
2026/Jun/17 06:54:06.669376 EXECUTOR GSM_Constants.ttcn3:0 Initialization of module GSM_Types finished.
2026/Jun/17 06:54:06.669379 EXECUTOR GSM_Templates.ttcn3:0 Initialization of module GSM_Constants finished.
2026/Jun/17 06:54:06.669466 EXECUTOR GSM_Component_Definitions.ttcn3:0 Initialization of module GSM_Templates finished.
2026/Jun/17 06:54:06.669470 EXECUTOR - Initialization of module GSM_Component_Definitions finished.
2026/Jun/17 06:54:06.669472 EXECUTOR - Initializing module GSM_Functions.
2026/Jun/17 06:54:06.669500 EXECUTOR - Initialization of module GSM_Functions finished.
2026/Jun/17 06:54:06.669502 EXECUTOR - Initializing module PreGenRecordOf.
2026/Jun/17 06:54:06.669504 EXECUTOR - Initialization of module PreGenRecordOf finished.
2026/Jun/17 06:54:06.669506 EXECUTOR - Initializing module TC_26_2_1_3.
2026/Jun/17 06:54:06.669511 EXECUTOR - Initialization of module TC_26_2_1_3 finished.
2026/Jun/17 06:54:06.669513 EXECUTOR - Initializing module TC_26_2_2.
2026/Jun/17 06:54:06.669518 EXECUTOR - Initialization of module TC_26_2_2 finished.
2026/Jun/17 06:54:06.669520 EXECUTOR - Initializing module TC_26_2_3.
2026/Jun/17 06:54:06.669524 EXECUTOR - Initialization of module TC_26_2_3 finished.
2026/Jun/17 06:54:06.669526 EXECUTOR - Initializing module TC_26_6_11_1.
2026/Jun/17 06:54:06.669531 EXECUTOR - Initialization of module TC_26_6_11_1 finished.
2026/Jun/17 06:54:06.669533 EXECUTOR - Initializing module TC_26_6_11_2.
2026/Jun/17 06:54:06.669538 EXECUTOR - Initialization of module TC_26_6_11_2 finished.
2026/Jun/17 06:54:06.669540 EXECUTOR - Initializing module TC_26_6_12_1.
2026/Jun/17 06:54:06.669544 EXECUTOR - Initialization of module TC_26_6_12_1 finished.
2026/Jun/17 06:54:06.669546 EXECUTOR - Initializing module TC_26_6_12_2.
2026/Jun/17 06:54:06.669551 EXECUTOR - Initialization of module TC_26_6_12_2 finished.
2026/Jun/17 06:54:06.669553 EXECUTOR - Initializing module TC_26_6_12_3.
2026/Jun/17 06:54:06.669558 EXECUTOR - Initialization of module TC_26_6_12_3 finished.
2026/Jun/17 06:54:06.669559 EXECUTOR - Initializing module TC_26_6_12_4.
2026/Jun/17 06:54:06.669564 EXECUTOR - Initialization of module TC_26_6_12_4 finished.
2026/Jun/17 06:54:06.669566 EXECUTOR - Initializing module TC_26_6_13_10.
2026/Jun/17 06:54:06.669571 EXECUTOR - Initialization of module TC_26_6_13_10 finished.
2026/Jun/17 06:54:06.669573 EXECUTOR - Initializing module TC_26_6_13_9.
2026/Jun/17 06:54:06.669578 EXECUTOR - Initialization of module TC_26_6_13_9 finished.
2026/Jun/17 06:54:06.669580 EXECUTOR - Initializing module TC_26_6_1_1.
2026/Jun/17 06:54:06.669585 EXECUTOR - Initialization of module TC_26_6_1_1 finished.
2026/Jun/17 06:54:06.669587 EXECUTOR - Initializing module TC_26_6_1_2.
2026/Jun/17 06:54:06.669591 EXECUTOR - Initialization of module TC_26_6_1_2 finished.
2026/Jun/17 06:54:06.669593 EXECUTOR - Initializing module TC_26_6_1_3.
2026/Jun/17 06:54:06.669599 EXECUTOR - Initialization of module TC_26_6_1_3 finished.
2026/Jun/17 06:54:06.669601 EXECUTOR - Initializing module TC_26_6_1_4.
2026/Jun/17 06:54:06.669605 EXECUTOR - Initialization of module TC_26_6_1_4 finished.
2026/Jun/17 06:54:06.669608 EXECUTOR - Initializing module TC_26_6_1_5.
2026/Jun/17 06:54:06.669613 EXECUTOR - Initialization of module TC_26_6_1_5 finished.
2026/Jun/17 06:54:06.669615 EXECUTOR - Initializing module TC_26_6_2_1_1.
2026/Jun/17 06:54:06.669619 EXECUTOR - Initialization of module TC_26_6_2_1_1 finished.
2026/Jun/17 06:54:06.669621 EXECUTOR - Initializing module TC_26_6_2_1_2.
2026/Jun/17 06:54:06.669626 EXECUTOR - Initialization of module TC_26_6_2_1_2 finished.
2026/Jun/17 06:54:06.669628 EXECUTOR - Initializing module TC_26_6_2_1_3.
2026/Jun/17 06:54:06.669633 EXECUTOR - Initialization of module TC_26_6_2_1_3 finished.
2026/Jun/17 06:54:06.669635 EXECUTOR - Initializing module TC_26_6_2_2.
2026/Jun/17 06:54:06.669640 EXECUTOR - Initialization of module TC_26_6_2_2 finished.
2026/Jun/17 06:54:06.669642 EXECUTOR - Initializing module TC_26_6_2_3_1.
2026/Jun/17 06:54:06.669647 EXECUTOR - Initialization of module TC_26_6_2_3_1 finished.
2026/Jun/17 06:54:06.669649 EXECUTOR - Initializing module TC_26_6_2_3_2.
2026/Jun/17 06:54:06.669653 EXECUTOR - Initialization of module TC_26_6_2_3_2 finished.
2026/Jun/17 06:54:06.669659 EXECUTOR - Initializing module TC_26_6_2_4.
2026/Jun/17 06:54:06.669664 EXECUTOR - Initialization of module TC_26_6_2_4 finished.
2026/Jun/17 06:54:06.669666 EXECUTOR - Initializing module TC_26_6_3_1.
2026/Jun/17 06:54:06.669670 EXECUTOR - Initialization of module TC_26_6_3_1 finished.
2026/Jun/17 06:54:06.669672 EXECUTOR - Initializing module TC_26_6_3_4.
2026/Jun/17 06:54:06.669677 EXECUTOR - Initialization of module TC_26_6_3_4 finished.
2026/Jun/17 06:54:06.669679 EXECUTOR - Initializing module TC_26_6_4_1.
2026/Jun/17 06:54:06.669684 EXECUTOR - Initialization of module TC_26_6_4_1 finished.
2026/Jun/17 06:54:06.669686 EXECUTOR - Initializing module TC_26_6_4_2_2.
2026/Jun/17 06:54:06.669691 EXECUTOR - Initialization of module TC_26_6_4_2_2 finished.
2026/Jun/17 06:54:06.669693 EXECUTOR - Initializing module TC_26_6_5_1.
2026/Jun/17 06:54:06.669698 EXECUTOR - Initialization of module TC_26_6_5_1 finished.
2026/Jun/17 06:54:06.669700 EXECUTOR - Initializing module TC_26_6_5_2_1.
2026/Jun/17 06:54:06.669704 EXECUTOR - Initialization of module TC_26_6_5_2_1 finished.
2026/Jun/17 06:54:06.669706 EXECUTOR - Initializing module TC_26_6_8_1.
2026/Jun/17 06:54:06.669711 EXECUTOR - Initialization of module TC_26_6_8_1 finished.
2026/Jun/17 06:54:06.669713 EXECUTOR - Initializing module TC_26_6_8_2.
2026/Jun/17 06:54:06.669717 EXECUTOR - Initialization of module TC_26_6_8_2 finished.
2026/Jun/17 06:54:06.669719 EXECUTOR - Initializing module TC_26_6_8_3.
2026/Jun/17 06:54:06.669724 EXECUTOR - Initialization of module TC_26_6_8_3 finished.
2026/Jun/17 06:54:06.669726 EXECUTOR - Initializing module TC_26_6_8_4.
2026/Jun/17 06:54:06.669730 EXECUTOR - Initialization of module TC_26_6_8_4 finished.
2026/Jun/17 06:54:06.669732 EXECUTOR - Initializing module TC_26_6_8_5.
2026/Jun/17 06:54:06.669737 EXECUTOR - Initialization of module TC_26_6_8_5 finished.
2026/Jun/17 06:54:06.669739 EXECUTOR - Initializing module TC_26_7_1.
2026/Jun/17 06:54:06.669744 EXECUTOR - Initialization of module TC_26_7_1 finished.
2026/Jun/17 06:54:06.669746 EXECUTOR - Initializing module TC_26_7_2_1.
2026/Jun/17 06:54:06.669750 EXECUTOR - Initialization of module TC_26_7_2_1 finished.
2026/Jun/17 06:54:06.669752 EXECUTOR - Initializing module TC_26_7_2_2.
2026/Jun/17 06:54:06.669757 EXECUTOR - Initialization of module TC_26_7_2_2 finished.
2026/Jun/17 06:54:06.669759 EXECUTOR - Initializing module TC_26_7_3_1.
2026/Jun/17 06:54:06.669763 EXECUTOR - Initialization of module TC_26_7_3_1 finished.
2026/Jun/17 06:54:06.669765 EXECUTOR - Initializing module TC_26_7_3_2.
2026/Jun/17 06:54:06.669769 EXECUTOR - Initialization of module TC_26_7_3_2 finished.
2026/Jun/17 06:54:06.669771 EXECUTOR - Initializing module TC_26_7_4_1.
2026/Jun/17 06:54:06.669775 EXECUTOR - Initialization of module TC_26_7_4_1 finished.
2026/Jun/17 06:54:06.669777 EXECUTOR - Initializing module TC_26_7_4_2_1.
2026/Jun/17 06:54:06.669782 EXECUTOR - Initialization of module TC_26_7_4_2_1 finished.
2026/Jun/17 06:54:06.669784 EXECUTOR - Initializing module TC_26_7_4_2_2_1.
2026/Jun/17 06:54:06.669788 EXECUTOR - Initialization of module TC_26_7_4_2_2_1 finished.
2026/Jun/17 06:54:06.669790 EXECUTOR - Initializing module TC_26_7_4_2_2_2.
2026/Jun/17 06:54:06.669795 EXECUTOR - Initialization of module TC_26_7_4_2_2_2 finished.
2026/Jun/17 06:54:06.669797 EXECUTOR - Initializing module TC_26_7_4_2_3.
2026/Jun/17 06:54:06.669802 EXECUTOR - Initialization of module TC_26_7_4_2_3 finished.
2026/Jun/17 06:54:06.669804 EXECUTOR - Initializing module TC_26_7_4_2_4_1.
2026/Jun/17 06:54:06.669809 EXECUTOR - Initialization of module TC_26_7_4_2_4_1 finished.
2026/Jun/17 06:54:06.669811 EXECUTOR - Initializing module TC_26_7_4_2_4_2.
2026/Jun/17 06:54:06.669816 EXECUTOR - Initialization of module TC_26_7_4_2_4_2 finished.
2026/Jun/17 06:54:06.669818 EXECUTOR - Initializing module TC_26_7_4_2_4_3.
2026/Jun/17 06:54:06.768977 EXECUTOR - Initialization of module TC_26_7_4_2_4_3 finished.
2026/Jun/17 06:54:06.769024 EXECUTOR - Initializing module TC_26_7_4_2_4_4.
2026/Jun/17 06:54:06.769043 EXECUTOR - Initialization of module TC_26_7_4_2_4_4 finished.
2026/Jun/17 06:54:06.769046 EXECUTOR - Initializing module TC_26_7_4_2_4_5.
2026/Jun/17 06:54:06.769051 EXECUTOR - Initialization of module TC_26_7_4_2_4_5 finished.
2026/Jun/17 06:54:06.769053 EXECUTOR - Initializing module TC_26_7_4_3_1.
2026/Jun/17 06:54:06.769057 EXECUTOR - Initialization of module TC_26_7_4_3_1 finished.
2026/Jun/17 06:54:06.769060 EXECUTOR - Initializing module TC_26_7_4_3_2.
2026/Jun/17 06:54:06.769064 EXECUTOR - Initialization of module TC_26_7_4_3_2 finished.
2026/Jun/17 06:54:06.769066 EXECUTOR - Initializing module TC_26_7_4_3_3.
2026/Jun/17 06:54:06.769071 EXECUTOR - Initialization of module TC_26_7_4_3_3 finished.
2026/Jun/17 06:54:06.769073 EXECUTOR - Initializing module TC_26_7_4_3_4.
2026/Jun/17 06:54:06.769078 EXECUTOR - Initialization of module TC_26_7_4_3_4 finished.
2026/Jun/17 06:54:06.769080 EXECUTOR - Initializing module TC_26_7_4_4.
2026/Jun/17 06:54:06.769084 EXECUTOR - Initialization of module TC_26_7_4_4 finished.
2026/Jun/17 06:54:06.769086 EXECUTOR - Initializing module TC_26_7_4_5_1.
2026/Jun/17 06:54:06.769091 EXECUTOR - Initialization of module TC_26_7_4_5_1 finished.
2026/Jun/17 06:54:06.769093 EXECUTOR - Initializing module TC_26_7_4_5_2.
2026/Jun/17 06:54:06.769097 EXECUTOR - Initialization of module TC_26_7_4_5_2 finished.
2026/Jun/17 06:54:06.769100 EXECUTOR - Initializing module TC_26_7_4_5_3.
2026/Jun/17 06:54:06.769104 EXECUTOR - Initialization of module TC_26_7_4_5_3 finished.
2026/Jun/17 06:54:06.769107 EXECUTOR - Initializing module TC_26_7_4_5_4_2.
2026/Jun/17 06:54:06.769111 EXECUTOR - Initialization of module TC_26_7_4_5_4_2 finished.
2026/Jun/17 06:54:06.769113 EXECUTOR - Initializing module TC_26_7_5_2.
2026/Jun/17 06:54:06.769118 EXECUTOR - Initialization of module TC_26_7_5_2 finished.
2026/Jun/17 06:54:06.769120 EXECUTOR - Initializing module TC_26_7_5_3.
2026/Jun/17 06:54:06.769125 EXECUTOR - Initialization of module TC_26_7_5_3 finished.
2026/Jun/17 06:54:06.769127 EXECUTOR - Initializing module TC_26_7_5_4.
2026/Jun/17 06:54:06.769131 EXECUTOR - Initialization of module TC_26_7_5_4 finished.
2026/Jun/17 06:54:06.769134 EXECUTOR - Initializing module TC_26_7_5_5.
2026/Jun/17 06:54:06.769138 EXECUTOR - Initialization of module TC_26_7_5_5 finished.
2026/Jun/17 06:54:06.769140 EXECUTOR - Initializing module TC_26_7_5_6.
2026/Jun/17 06:54:06.769145 EXECUTOR - Initialization of module TC_26_7_5_6 finished.
2026/Jun/17 06:54:06.769147 EXECUTOR - Initializing module TC_26_7_5_7_1.
2026/Jun/17 06:54:06.769151 EXECUTOR - Initialization of module TC_26_7_5_7_1 finished.
2026/Jun/17 06:54:06.769154 EXECUTOR - Initializing module TC_26_7_5_8_1.
2026/Jun/17 06:54:06.769158 EXECUTOR - Initialization of module TC_26_7_5_8_1 finished.
2026/Jun/17 06:54:06.769160 EXECUTOR - Initializing module TC_26_7_5_8_2.
2026/Jun/17 06:54:06.769164 EXECUTOR - Initialization of module TC_26_7_5_8_2 finished.
2026/Jun/17 06:54:06.769166 EXECUTOR - Initializing module TC_26_7_5_8_3.
2026/Jun/17 06:54:06.769171 EXECUTOR - Initialization of module TC_26_7_5_8_3 finished.
2026/Jun/17 06:54:06.769173 EXECUTOR - Initializing module TC_26_8_1_2_1_1.
2026/Jun/17 06:54:06.769177 EXECUTOR - Initialization of module TC_26_8_1_2_1_1 finished.
2026/Jun/17 06:54:06.769179 EXECUTOR - Initializing module TC_26_8_1_2_2_1.
2026/Jun/17 06:54:06.769184 EXECUTOR - Initialization of module TC_26_8_1_2_2_1 finished.
2026/Jun/17 06:54:06.769186 EXECUTOR - Initializing module TC_26_8_1_2_2_2.
2026/Jun/17 06:54:06.769191 EXECUTOR - Initialization of module TC_26_8_1_2_2_2 finished.
2026/Jun/17 06:54:06.769193 EXECUTOR - Initializing module TC_26_8_1_2_2_3.
2026/Jun/17 06:54:06.769198 EXECUTOR - Initialization of module TC_26_8_1_2_2_3 finished.
2026/Jun/17 06:54:06.769200 EXECUTOR - Initializing module TC_26_8_1_2_3_1.
2026/Jun/17 06:54:06.769204 EXECUTOR - Initialization of module TC_26_8_1_2_3_1 finished.
2026/Jun/17 06:54:06.769206 EXECUTOR - Initializing module TC_26_8_1_2_3_2.
2026/Jun/17 06:54:06.769211 EXECUTOR - Initialization of module TC_26_8_1_2_3_2 finished.
2026/Jun/17 06:54:06.769217 EXECUTOR - Initializing module TC_26_8_1_2_3_3.
2026/Jun/17 06:54:06.769221 EXECUTOR - Initialization of module TC_26_8_1_2_3_3 finished.
2026/Jun/17 06:54:06.769223 EXECUTOR - Initializing module TC_26_8_1_2_3_4.
2026/Jun/17 06:54:06.769228 EXECUTOR - Initialization of module TC_26_8_1_2_3_4 finished.
2026/Jun/17 06:54:06.769231 EXECUTOR - Initializing module TC_26_8_1_2_3_5.
2026/Jun/17 06:54:06.769236 EXECUTOR - Initialization of module TC_26_8_1_2_3_5 finished.
2026/Jun/17 06:54:06.769238 EXECUTOR - Initializing module TC_26_8_1_2_3_6.
2026/Jun/17 06:54:06.769242 EXECUTOR - Initialization of module TC_26_8_1_2_3_6 finished.
2026/Jun/17 06:54:06.769244 EXECUTOR - Initializing module TC_26_8_1_2_3_7.
2026/Jun/17 06:54:06.769249 EXECUTOR - Initialization of module TC_26_8_1_2_3_7 finished.
2026/Jun/17 06:54:06.769251 EXECUTOR - Initializing module TC_26_8_1_2_4_1.
2026/Jun/17 06:54:06.769255 EXECUTOR - Initialization of module TC_26_8_1_2_4_1 finished.
2026/Jun/17 06:54:06.769257 EXECUTOR - Initializing module TC_26_8_1_2_4_13.
2026/Jun/17 06:54:06.769262 EXECUTOR - Initialization of module TC_26_8_1_2_4_13 finished.
2026/Jun/17 06:54:06.769264 EXECUTOR - Initializing module TC_26_8_1_2_4_2.
2026/Jun/17 06:54:06.769268 EXECUTOR - Initialization of module TC_26_8_1_2_4_2 finished.
2026/Jun/17 06:54:06.769271 EXECUTOR - Initializing module TC_26_8_1_2_4_3.
2026/Jun/17 06:54:06.769276 EXECUTOR - Initialization of module TC_26_8_1_2_4_3 finished.
2026/Jun/17 06:54:06.769278 EXECUTOR - Initializing module TC_26_8_1_2_4_4.
2026/Jun/17 06:54:06.769283 EXECUTOR - Initialization of module TC_26_8_1_2_4_4 finished.
2026/Jun/17 06:54:06.769285 EXECUTOR - Initializing module TC_26_8_1_2_4_5.
2026/Jun/17 06:54:06.769290 EXECUTOR - Initialization of module TC_26_8_1_2_4_5 finished.
2026/Jun/17 06:54:06.769292 EXECUTOR - Initializing module TC_26_8_1_2_6_1.
2026/Jun/17 06:54:06.769297 EXECUTOR - Initialization of module TC_26_8_1_2_6_1 finished.
2026/Jun/17 06:54:06.769299 EXECUTOR - Initializing module TC_26_8_1_2_6_2.
2026/Jun/17 06:54:06.769304 EXECUTOR - Initialization of module TC_26_8_1_2_6_2 finished.
2026/Jun/17 06:54:06.769306 EXECUTOR - Initializing module TC_26_8_1_2_6_3.
2026/Jun/17 06:54:06.769311 EXECUTOR - Initialization of module TC_26_8_1_2_6_3 finished.
2026/Jun/17 06:54:06.769313 EXECUTOR - Initializing module TC_26_8_1_2_6_6.
2026/Jun/17 06:54:06.769318 EXECUTOR - Initialization of module TC_26_8_1_2_6_6 finished.
2026/Jun/17 06:54:06.769320 EXECUTOR - Initializing module TC_26_8_1_3_1_1.
2026/Jun/17 06:54:06.769325 EXECUTOR - Initialization of module TC_26_8_1_3_1_1 finished.
2026/Jun/17 06:54:06.769328 EXECUTOR - Initializing module TC_26_8_1_3_2_1.
2026/Jun/17 06:54:06.769333 EXECUTOR - Initialization of module TC_26_8_1_3_2_1 finished.
2026/Jun/17 06:54:06.769335 EXECUTOR - Initializing module TC_26_8_1_3_3_1.
2026/Jun/17 06:54:06.769340 EXECUTOR - Initialization of module TC_26_8_1_3_3_1 finished.
2026/Jun/17 06:54:06.769342 EXECUTOR - Initializing module TC_26_8_1_3_3_2.
2026/Jun/17 06:54:06.769347 EXECUTOR - Initialization of module TC_26_8_1_3_3_2 finished.
2026/Jun/17 06:54:06.769349 EXECUTOR - Initializing module TC_26_8_1_3_3_3.
2026/Jun/17 06:54:06.769354 EXECUTOR - Initialization of module TC_26_8_1_3_3_3 finished.
2026/Jun/17 06:54:06.769356 EXECUTOR - Initializing module TC_26_8_1_3_3_4.
2026/Jun/17 06:54:06.769361 EXECUTOR - Initialization of module TC_26_8_1_3_3_4 finished.
2026/Jun/17 06:54:06.769363 EXECUTOR - Initializing module TC_26_8_1_3_3_5.
2026/Jun/17 06:54:06.769369 EXECUTOR - Initialization of module TC_26_8_1_3_3_5 finished.
2026/Jun/17 06:54:06.769371 EXECUTOR - Initializing module TC_26_8_1_3_3_6.
2026/Jun/17 06:54:06.769376 EXECUTOR - Initialization of module TC_26_8_1_3_3_6 finished.
2026/Jun/17 06:54:06.769379 EXECUTOR - Initializing module TC_26_8_1_3_3_7.
2026/Jun/17 06:54:06.769385 EXECUTOR - Initialization of module TC_26_8_1_3_3_7 finished.
2026/Jun/17 06:54:06.769387 EXECUTOR - Initializing module TC_26_8_1_3_4_1.
2026/Jun/17 06:54:06.769398 EXECUTOR - Initialization of module TC_26_8_1_3_4_1 finished.
2026/Jun/17 06:54:06.769400 EXECUTOR - Initializing module TC_26_8_1_3_4_2.
2026/Jun/17 06:54:06.769405 EXECUTOR - Initialization of module TC_26_8_1_3_4_2 finished.
2026/Jun/17 06:54:06.769407 EXECUTOR - Initializing module TC_26_8_1_3_4_3.
2026/Jun/17 06:54:06.769412 EXECUTOR - Initialization of module TC_26_8_1_3_4_3 finished.
2026/Jun/17 06:54:06.769414 EXECUTOR - Initializing module TC_26_8_1_3_4_4.
2026/Jun/17 06:54:06.769419 EXECUTOR - Initialization of module TC_26_8_1_3_4_4 finished.
2026/Jun/17 06:54:06.769421 EXECUTOR - Initializing module TC_26_8_1_3_4_5.
2026/Jun/17 06:54:06.769426 EXECUTOR - Initialization of module TC_26_8_1_3_4_5 finished.
2026/Jun/17 06:54:06.769428 EXECUTOR - Initializing module TC_26_8_1_3_4_6.
2026/Jun/17 06:54:06.769433 EXECUTOR - Initialization of module TC_26_8_1_3_4_6 finished.
2026/Jun/17 06:54:06.769435 EXECUTOR - Initializing module TC_26_8_1_3_4_7.
2026/Jun/17 06:54:06.769439 EXECUTOR - Initialization of module TC_26_8_1_3_4_7 finished.
2026/Jun/17 06:54:06.769441 EXECUTOR - Initializing module TC_26_8_1_3_4_8.
2026/Jun/17 06:54:06.769446 EXECUTOR - Initialization of module TC_26_8_1_3_4_8 finished.
2026/Jun/17 06:54:06.769448 EXECUTOR - Initializing module TC_26_8_1_3_5_1.
2026/Jun/17 06:54:06.769453 EXECUTOR - Initialization of module TC_26_8_1_3_5_1 finished.
2026/Jun/17 06:54:06.769455 EXECUTOR - Initializing module TC_26_8_1_3_5_2.
2026/Jun/17 06:54:06.769460 EXECUTOR - Initialization of module TC_26_8_1_3_5_2 finished.
2026/Jun/17 06:54:06.769462 EXECUTOR - Initializing module TC_26_8_1_3_5_3.
2026/Jun/17 06:54:06.769466 EXECUTOR - Initialization of module TC_26_8_1_3_5_3 finished.
2026/Jun/17 06:54:06.769469 EXECUTOR - Initializing module TC_26_8_1_3_5_4.
2026/Jun/17 06:54:06.769473 EXECUTOR - Initialization of module TC_26_8_1_3_5_4 finished.
2026/Jun/17 06:54:06.769475 EXECUTOR - Initializing module TC_26_8_1_3_5_5.
2026/Jun/17 06:54:06.769480 EXECUTOR - Initialization of module TC_26_8_1_3_5_5 finished.
2026/Jun/17 06:54:06.769482 EXECUTOR - Initializing module TC_26_8_1_3_5_6.
2026/Jun/17 06:54:06.769487 EXECUTOR - Initialization of module TC_26_8_1_3_5_6 finished.
2026/Jun/17 06:54:06.769489 EXECUTOR - Initializing module TC_26_8_1_3_5_7.
2026/Jun/17 06:54:06.769494 EXECUTOR - Initialization of module TC_26_8_1_3_5_7 finished.
2026/Jun/17 06:54:06.769497 EXECUTOR - Initializing module TC_26_8_1_3_5_8.
2026/Jun/17 06:54:06.769502 EXECUTOR - Initialization of module TC_26_8_1_3_5_8 finished.
2026/Jun/17 06:54:06.769504 EXECUTOR - Initializing module TC_26_8_1_3_5_9.
2026/Jun/17 06:54:06.769509 EXECUTOR - Initialization of module TC_26_8_1_3_5_9 finished.
2026/Jun/17 06:54:06.769511 EXECUTOR - Initializing module TC_26_8_2_1.
2026/Jun/17 06:54:06.769516 EXECUTOR - Initialization of module TC_26_8_2_1 finished.
2026/Jun/17 06:54:06.769519 EXECUTOR - Initializing module TC_26_8_2_2.
2026/Jun/17 06:54:06.769524 EXECUTOR - Initialization of module TC_26_8_2_2 finished.
2026/Jun/17 06:54:06.769526 EXECUTOR - Initializing module TC_26_8_2_3.
2026/Jun/17 06:54:06.769531 EXECUTOR - Initialization of module TC_26_8_2_3 finished.
2026/Jun/17 06:54:06.769534 EXECUTOR - Initializing module TC_26_8_3.
2026/Jun/17 06:54:06.769539 EXECUTOR - Initialization of module TC_26_8_3 finished.
2026/Jun/17 06:54:06.769541 EXECUTOR - Initializing module TC_34_2_2.
2026/Jun/17 06:54:06.769546 EXECUTOR - Initialization of module TC_34_2_2 finished.
2026/Jun/17 06:54:06.769548 EXECUTOR - Initializing module TitanLoggerApi.
2026/Jun/17 06:54:06.769550 EXECUTOR - Initialization of module TitanLoggerApi finished.
2026/Jun/17 06:54:06.769552 EXECUTOR - Initializing module TitanLoggerControl.
2026/Jun/17 06:54:06.769554 EXECUTOR - Initialization of module TitanLoggerControl finished.
2026/Jun/17 06:54:06.769571 EXECUTOR - Configuration data was processed successfully.
2026/Jun/17 06:54:06.969490 EXECUTOR - MTC was created. Process id: 34.
2026/Jun/17 06:57:01.439427 EXECUTOR - Exit was requested from MC. Terminating HC.
2026/Jun/17 06:57:01.439512 EXECUTOR - Disconnected from MC.
2026/Jun/17 06:57:01.439530 EXECUTOR - TTCN-3 Host Controller finished.
