======================================================
Waiting for mobile to register (5 seconds)...
======================================================
======================================================
Starting TC_26_7_3_1 Test Case
======================================================
Resolved: msc=10.42.0.116 mobile=10.43.164.142 bsc=10.42.0.115
DEBUG: [EXECUTE] section:
[EXECUTE]
TC_26_7_3_1.TC_26_7_3_1
  Waiting for MC... (1/30)
Main Controller ready (attempt 2)
Starting Host Controller...
TTCN-3 Host Controller (parallel mode), version 11.1.0
The address of MC was set to a local IP address. This may cause incorrect behavior if a HC from a remote host also connects to MC.
Result dir: /results/TC_26_7_3_1-2026-06-10-092317
Waiting for log files...
2026/Jun/10 09:23:18.725563 EXECUTOR - TTCN-3 Host Controller started on ttcn3-tc-26-7-3-1-1-jhm6s. Version: 11.1.0.
2026/Jun/10 09:23:18.725752 EXECUTOR - TTCN Logger v2.2 options: TimeStampFormat:=DateTime; LogEntityName:=No; LogEventTypes:=Yes; SourceInfoFormat:=Single; LogSensitiveData:=No; *.FileMask:=LOG_ALL; *.ConsoleMask:=ERROR | TESTCASE | USER | VERDICTOP | WARNING; LogFileSize:=0; LogFileNumber:=1; DiskFullAction:=Error
2026/Jun/10 09:23:18.725766 EXECUTOR - Maximum number of open file descriptors: 1048576,   FD_SETSIZE = 1024
2026/Jun/10 09:23:18.725955 WARNING - Warning: The address of MC was set to a local IP address. This may cause incorrect behavior if a HC from a remote host also connects to MC.
2026/Jun/10 09:23:18.725997 EXECUTOR - The address of MC was set to 127.0.0.1:0.
2026/Jun/10 09:23:18.726135 EXECUTOR - Connected to MC.
2026/Jun/10 09:23:18.726260 EXECUTOR - This host supports UNIX domain sockets for local communication.
2026/Jun/10 09:23:18.726621 EXECUTOR - Processing configuration data received from MC.
2026/Jun/10 09:23:18.727119 WARNING - Warning: Skeleton `/results/TC_26_7_3_1-2026-06-10-092317/%n.log' does not guarantee unique log file name for every test system process. It may cause unpredictable results if several test components try to write into the same log file.
2026/Jun/10 09:23:18.772573 EXECUTOR - Module GSM_Constants has the following parameters: { TSPC_Serv_TS11 := true, TSPC_Serv_TS61 := false, TSPC_Serv_TS62 := false, TSPC_Serv_BS21 := false, TSPC_Serv_BS22 := false, TSPC_Serv_BS24 := false, TSPC_Serv_BS25 := false, TSPC_Serv_BS26 := false, TSPC_Serv_BS31 := false, TSPC_Serv_BS32 := false, TSPC_Serv_BS33 := false, TSPC_Serv_BS34 := false, TSPC_Serv_BS41 := false, TSPC_Serv_BS42 := false, TSPC_Serv_BS43 := false, TSPC_Serv_BS44 := false, TSPC_Serv_BS45 := false, TSPC_Serv_BS51 := false, TSPC_Serv_BS61 := false, TSPC_Serv_BS81 := false, TSPC_DualRate := false, TSPC_MTsvc := true, TSPX_IMSI := '901700000000001F'O, TSPX_TMSI := '1914D97F'O, TSPX_CKSNDef := 0, TSPX_RANDDef := '00112233445566778899AABBCCDDEEFF'O, TSPX_SRES := '12345678'O, TSPX_Kc := '0000000000000000'O, TSPX_SDCCH4SubDef := 0, TSPX_TmSltDef := 0, TSPX_TscDef := 7, TSPX_TCHHSubDef := 0, TCV_CC := true, TSPX_Telephony_Rate := C_Full (0), TSPX_MOBscSvcA := C_Telephony (0), TSPX_MOBscSvcB := C_Telephony (0), TSPX_MOBscSvcC := C_Telephony (0), TSPX_MOBscSvcD := C_Telephony (0), TSPX_MOBscSvcE := C_Telephony (0), TSPX_MOBscSvcF := C_Telephony (0), TSPX_MOBscSvcG := C_Telephony (0), TSPX_MOChRateA := C_Full (0), TSPX_MOChRateB := C_Full (0), TSPX_MOChRateC := C_Full (0), TSPX_MOChRateD := C_Full (0), TSPX_MOChRateE := C_Full (0), TSPX_MOChRateF := C_Full (0), TSPX_MOChRateG := C_Full (0), TSPX_MTBscSvcA := C_Telephony (0), TSPX_MTBscSvcB := C_Telephony (0), TSPX_MTBscSvcC := C_Telephony (0), TSPX_MTBscSvcD := C_Telephony (0), TSPX_MTBscSvcE := C_Telephony (0), TSPX_MTBscSvcF := C_Telephony (0), TSPX_MTBscSvcG := C_Telephony (0), TSPX_MTBscSvcH := C_Telephony (0), TSPX_MTBscSvcI := C_Telephony (0), TSPX_MTBscSvcJ := C_Telephony (0), TSPX_MTChRateA := C_Full (0), TSPX_MTChRateB := C_Full (0), TSPX_MTChRateC := C_Full (0), TSPX_MTChRateD := C_Full (0), TSPX_MTChRateE := C_Full (0), TSPX_MTChRateF := C_Full (0), TSPX_MTChRateG := C_Full (0), TSPX_MTChRateH := C_Full (0), TSPX_MTChRateI := C_Full (0), TSPX_MTChRateJ := C_Full (0), C_arfcnA := 51 }
2026/Jun/10 09:23:18.772703 EXECUTOR - Module TC_26_6_1_2 has the following parameters: { TSPX_nPara := 3, TSPX_i1Para := 3, TSPX_kPara := 5, TSPX_i2Para := 1, TSPX_rPara := 4, TSPX_i3Para := 4 }
2026/Jun/10 09:23:18.772755 EXECUTOR - Initializing module GSM_Component_Definitions.
2026/Jun/10 09:23:18.772767 EXECUTOR GSM_Component_Definitions.ttcn3:0 Initializing module GSM_Templates.
2026/Jun/10 09:23:18.772796 EXECUTOR GSM_Templates.ttcn3:0 Initializing module GSM_Constants.
2026/Jun/10 09:23:18.772805 EXECUTOR GSM_Constants.ttcn3:0 Initializing module GSM_Types.
2026/Jun/10 09:23:18.772810 EXECUTOR GSM_Constants.ttcn3:0 Initialization of module GSM_Types finished.
2026/Jun/10 09:23:18.772815 EXECUTOR GSM_Templates.ttcn3:0 Initialization of module GSM_Constants finished.
2026/Jun/10 09:23:18.772938 EXECUTOR GSM_Component_Definitions.ttcn3:0 Initialization of module GSM_Templates finished.
2026/Jun/10 09:23:18.772948 EXECUTOR - Initialization of module GSM_Component_Definitions finished.
2026/Jun/10 09:23:18.772953 EXECUTOR - Initializing module GSM_Functions.
2026/Jun/10 09:23:18.772988 EXECUTOR - Initialization of module GSM_Functions finished.
2026/Jun/10 09:23:18.772992 EXECUTOR - Initializing module PreGenRecordOf.
2026/Jun/10 09:23:18.772996 EXECUTOR - Initialization of module PreGenRecordOf finished.
2026/Jun/10 09:23:18.772999 EXECUTOR - Initializing module TC_26_2_1_3.
2026/Jun/10 09:23:18.773007 EXECUTOR - Initialization of module TC_26_2_1_3 finished.
2026/Jun/10 09:23:18.773010 EXECUTOR - Initializing module TC_26_2_2.
2026/Jun/10 09:23:18.773018 EXECUTOR - Initialization of module TC_26_2_2 finished.
2026/Jun/10 09:23:18.773022 EXECUTOR - Initializing module TC_26_2_3.
2026/Jun/10 09:23:18.773029 EXECUTOR - Initialization of module TC_26_2_3 finished.
2026/Jun/10 09:23:18.773032 EXECUTOR - Initializing module TC_26_6_11_1.
2026/Jun/10 09:23:18.773040 EXECUTOR - Initialization of module TC_26_6_11_1 finished.
2026/Jun/10 09:23:18.773044 EXECUTOR - Initializing module TC_26_6_11_2.
2026/Jun/10 09:23:18.773052 EXECUTOR - Initialization of module TC_26_6_11_2 finished.
2026/Jun/10 09:23:18.773055 EXECUTOR - Initializing module TC_26_6_12_1.
2026/Jun/10 09:23:18.773063 EXECUTOR - Initialization of module TC_26_6_12_1 finished.
2026/Jun/10 09:23:18.773066 EXECUTOR - Initializing module TC_26_6_12_2.
2026/Jun/10 09:23:18.773074 EXECUTOR - Initialization of module TC_26_6_12_2 finished.
2026/Jun/10 09:23:18.773077 EXECUTOR - Initializing module TC_26_6_12_3.
2026/Jun/10 09:23:18.773084 EXECUTOR - Initialization of module TC_26_6_12_3 finished.
2026/Jun/10 09:23:18.773087 EXECUTOR - Initializing module TC_26_6_12_4.
2026/Jun/10 09:23:18.773095 EXECUTOR - Initialization of module TC_26_6_12_4 finished.
2026/Jun/10 09:23:18.773098 EXECUTOR - Initializing module TC_26_6_13_10.
2026/Jun/10 09:23:18.773105 EXECUTOR - Initialization of module TC_26_6_13_10 finished.
2026/Jun/10 09:23:18.773109 EXECUTOR - Initializing module TC_26_6_13_9.
2026/Jun/10 09:23:18.773116 EXECUTOR - Initialization of module TC_26_6_13_9 finished.
2026/Jun/10 09:23:18.773120 EXECUTOR - Initializing module TC_26_6_1_1.
2026/Jun/10 09:23:18.773127 EXECUTOR - Initialization of module TC_26_6_1_1 finished.
2026/Jun/10 09:23:18.773130 EXECUTOR - Initializing module TC_26_6_1_2.
2026/Jun/10 09:23:18.773137 EXECUTOR - Initialization of module TC_26_6_1_2 finished.
2026/Jun/10 09:23:18.773141 EXECUTOR - Initializing module TC_26_6_1_3.
2026/Jun/10 09:23:18.773148 EXECUTOR - Initialization of module TC_26_6_1_3 finished.
2026/Jun/10 09:23:18.773152 EXECUTOR - Initializing module TC_26_6_1_4.
2026/Jun/10 09:23:18.773159 EXECUTOR - Initialization of module TC_26_6_1_4 finished.
2026/Jun/10 09:23:18.773163 EXECUTOR - Initializing module TC_26_6_1_5.
2026/Jun/10 09:23:18.773169 EXECUTOR - Initialization of module TC_26_6_1_5 finished.
2026/Jun/10 09:23:18.773173 EXECUTOR - Initializing module TC_26_6_2_1_1.
2026/Jun/10 09:23:18.773180 EXECUTOR - Initialization of module TC_26_6_2_1_1 finished.
2026/Jun/10 09:23:18.773183 EXECUTOR - Initializing module TC_26_6_2_1_2.
2026/Jun/10 09:23:18.773191 EXECUTOR - Initialization of module TC_26_6_2_1_2 finished.
2026/Jun/10 09:23:18.773194 EXECUTOR - Initializing module TC_26_6_2_1_3.
2026/Jun/10 09:23:18.773202 EXECUTOR - Initialization of module TC_26_6_2_1_3 finished.
2026/Jun/10 09:23:18.773205 EXECUTOR - Initializing module TC_26_6_2_2.
2026/Jun/10 09:23:18.773213 EXECUTOR - Initialization of module TC_26_6_2_2 finished.
2026/Jun/10 09:23:18.773216 EXECUTOR - Initializing module TC_26_6_2_3_1.
2026/Jun/10 09:23:18.773224 EXECUTOR - Initialization of module TC_26_6_2_3_1 finished.
2026/Jun/10 09:23:18.773228 EXECUTOR - Initializing module TC_26_6_2_3_2.
2026/Jun/10 09:23:18.773235 EXECUTOR - Initialization of module TC_26_6_2_3_2 finished.
2026/Jun/10 09:23:18.773243 EXECUTOR - Initializing module TC_26_6_2_4.
2026/Jun/10 09:23:18.773250 EXECUTOR - Initialization of module TC_26_6_2_4 finished.
2026/Jun/10 09:23:18.773254 EXECUTOR - Initializing module TC_26_6_3_1.
2026/Jun/10 09:23:18.773262 EXECUTOR - Initialization of module TC_26_6_3_1 finished.
2026/Jun/10 09:23:18.773265 EXECUTOR - Initializing module TC_26_6_3_4.
2026/Jun/10 09:23:18.773274 EXECUTOR - Initialization of module TC_26_6_3_4 finished.
2026/Jun/10 09:23:18.773278 EXECUTOR - Initializing module TC_26_6_4_1.
2026/Jun/10 09:23:18.773285 EXECUTOR - Initialization of module TC_26_6_4_1 finished.
2026/Jun/10 09:23:18.773289 EXECUTOR - Initializing module TC_26_6_4_2_2.
2026/Jun/10 09:23:18.773296 EXECUTOR - Initialization of module TC_26_6_4_2_2 finished.
2026/Jun/10 09:23:18.773299 EXECUTOR - Initializing module TC_26_6_5_1.
2026/Jun/10 09:23:18.773307 EXECUTOR - Initialization of module TC_26_6_5_1 finished.
2026/Jun/10 09:23:18.773311 EXECUTOR - Initializing module TC_26_6_5_2_1.
2026/Jun/10 09:23:18.773318 EXECUTOR - Initialization of module TC_26_6_5_2_1 finished.
2026/Jun/10 09:23:18.773322 EXECUTOR - Initializing module TC_26_6_8_1.
2026/Jun/10 09:23:18.773329 EXECUTOR - Initialization of module TC_26_6_8_1 finished.
2026/Jun/10 09:23:18.773333 EXECUTOR - Initializing module TC_26_6_8_2.
2026/Jun/10 09:23:18.773340 EXECUTOR - Initialization of module TC_26_6_8_2 finished.
2026/Jun/10 09:23:18.773343 EXECUTOR - Initializing module TC_26_6_8_3.
2026/Jun/10 09:23:18.773350 EXECUTOR - Initialization of module TC_26_6_8_3 finished.
2026/Jun/10 09:23:18.773354 EXECUTOR - Initializing module TC_26_6_8_4.
2026/Jun/10 09:23:18.773361 EXECUTOR - Initialization of module TC_26_6_8_4 finished.
2026/Jun/10 09:23:18.773365 EXECUTOR - Initializing module TC_26_6_8_5.
2026/Jun/10 09:23:18.773373 EXECUTOR - Initialization of module TC_26_6_8_5 finished.
2026/Jun/10 09:23:18.773376 EXECUTOR - Initializing module TC_26_7_1.
2026/Jun/10 09:23:18.773384 EXECUTOR - Initialization of module TC_26_7_1 finished.
2026/Jun/10 09:23:18.773388 EXECUTOR - Initializing module TC_26_7_2_1.
2026/Jun/10 09:23:18.773395 EXECUTOR - Initialization of module TC_26_7_2_1 finished.
2026/Jun/10 09:23:18.773398 EXECUTOR - Initializing module TC_26_7_2_2.
2026/Jun/10 09:23:18.773405 EXECUTOR - Initialization of module TC_26_7_2_2 finished.
2026/Jun/10 09:23:18.773408 EXECUTOR - Initializing module TC_26_7_3_1.
2026/Jun/10 09:23:18.773416 EXECUTOR - Initialization of module TC_26_7_3_1 finished.
2026/Jun/10 09:23:18.773419 EXECUTOR - Initializing module TC_26_7_3_2.
2026/Jun/10 09:23:18.773426 EXECUTOR - Initialization of module TC_26_7_3_2 finished.
2026/Jun/10 09:23:18.773430 EXECUTOR - Initializing module TC_26_7_4_1.
2026/Jun/10 09:23:18.773437 EXECUTOR - Initialization of module TC_26_7_4_1 finished.
2026/Jun/10 09:23:18.773440 EXECUTOR - Initializing module TC_26_7_4_2_1.
2026/Jun/10 09:23:18.773447 EXECUTOR - Initialization of module TC_26_7_4_2_1 finished.
2026/Jun/10 09:23:18.773451 EXECUTOR - Initializing module TC_26_7_4_2_2_1.
2026/Jun/10 09:23:18.773458 EXECUTOR - Initialization of module TC_26_7_4_2_2_1 finished.
2026/Jun/10 09:23:18.773462 EXECUTOR - Initializing module TC_26_7_4_2_2_2.
2026/Jun/10 09:23:18.773469 EXECUTOR - Initialization of module TC_26_7_4_2_2_2 finished.
2026/Jun/10 09:23:18.773472 EXECUTOR - Initializing module TC_26_7_4_2_3.
2026/Jun/10 09:23:18.773480 EXECUTOR - Initialization of module TC_26_7_4_2_3 finished.
2026/Jun/10 09:23:18.773484 EXECUTOR - Initializing module TC_26_7_4_2_4_1.
2026/Jun/10 09:23:18.773491 EXECUTOR - Initialization of module TC_26_7_4_2_4_1 finished.
2026/Jun/10 09:23:18.773494 EXECUTOR - Initializing module TC_26_7_4_2_4_2.
2026/Jun/10 09:23:18.773502 EXECUTOR - Initialization of module TC_26_7_4_2_4_2 finished.
2026/Jun/10 09:23:18.773505 EXECUTOR - Initializing module TC_26_7_4_2_4_3.
2026/Jun/10 09:23:18.773512 EXECUTOR - Initialization of module TC_26_7_4_2_4_3 finished.
2026/Jun/10 09:23:18.773515 EXECUTOR - Initializing module TC_26_7_4_2_4_4.
2026/Jun/10 09:23:18.773527 EXECUTOR - Initialization of module TC_26_7_4_2_4_4 finished.
2026/Jun/10 09:23:18.773531 EXECUTOR - Initializing module TC_26_7_4_2_4_5.
2026/Jun/10 09:23:18.773538 EXECUTOR - Initialization of module TC_26_7_4_2_4_5 finished.
2026/Jun/10 09:23:18.773541 EXECUTOR - Initializing module TC_26_7_4_3_1.
2026/Jun/10 09:23:18.773549 EXECUTOR - Initialization of module TC_26_7_4_3_1 finished.
2026/Jun/10 09:23:18.773552 EXECUTOR - Initializing module TC_26_7_4_3_2.
2026/Jun/10 09:23:18.773560 EXECUTOR - Initialization of module TC_26_7_4_3_2 finished.
2026/Jun/10 09:23:18.773563 EXECUTOR - Initializing module TC_26_7_4_3_3.
2026/Jun/10 09:23:18.773570 EXECUTOR - Initialization of module TC_26_7_4_3_3 finished.
2026/Jun/10 09:23:18.773574 EXECUTOR - Initializing module TC_26_7_4_3_4.
2026/Jun/10 09:23:18.773582 EXECUTOR - Initialization of module TC_26_7_4_3_4 finished.
2026/Jun/10 09:23:18.773586 EXECUTOR - Initializing module TC_26_7_4_4.
2026/Jun/10 09:23:18.773593 EXECUTOR - Initialization of module TC_26_7_4_4 finished.
2026/Jun/10 09:23:18.773597 EXECUTOR - Initializing module TC_26_7_4_5_1.
2026/Jun/10 09:23:18.773605 EXECUTOR - Initialization of module TC_26_7_4_5_1 finished.
2026/Jun/10 09:23:18.773608 EXECUTOR - Initializing module TC_26_7_4_5_2.
2026/Jun/10 09:23:18.773615 EXECUTOR - Initialization of module TC_26_7_4_5_2 finished.
2026/Jun/10 09:23:18.773619 EXECUTOR - Initializing module TC_26_7_4_5_3.
2026/Jun/10 09:23:18.773627 EXECUTOR - Initialization of module TC_26_7_4_5_3 finished.
2026/Jun/10 09:23:18.773631 EXECUTOR - Initializing module TC_26_7_4_5_4_2.
2026/Jun/10 09:23:18.773638 EXECUTOR - Initialization of module TC_26_7_4_5_4_2 finished.
2026/Jun/10 09:23:18.773641 EXECUTOR - Initializing module TC_26_7_5_2.
2026/Jun/10 09:23:18.773648 EXECUTOR - Initialization of module TC_26_7_5_2 finished.
2026/Jun/10 09:23:18.773652 EXECUTOR - Initializing module TC_26_7_5_3.
2026/Jun/10 09:23:18.773660 EXECUTOR - Initialization of module TC_26_7_5_3 finished.
2026/Jun/10 09:23:18.773663 EXECUTOR - Initializing module TC_26_7_5_4.
2026/Jun/10 09:23:18.773671 EXECUTOR - Initialization of module TC_26_7_5_4 finished.
2026/Jun/10 09:23:18.773674 EXECUTOR - Initializing module TC_26_7_5_5.
2026/Jun/10 09:23:18.773682 EXECUTOR - Initialization of module TC_26_7_5_5 finished.
2026/Jun/10 09:23:18.773686 EXECUTOR - Initializing module TC_26_7_5_6.
2026/Jun/10 09:23:18.773693 EXECUTOR - Initialization of module TC_26_7_5_6 finished.
2026/Jun/10 09:23:18.773697 EXECUTOR - Initializing module TC_26_7_5_7_1.
2026/Jun/10 09:23:18.773703 EXECUTOR - Initialization of module TC_26_7_5_7_1 finished.
2026/Jun/10 09:23:18.773707 EXECUTOR - Initializing module TC_26_7_5_8_1.
2026/Jun/10 09:23:18.773715 EXECUTOR - Initialization of module TC_26_7_5_8_1 finished.
2026/Jun/10 09:23:18.773719 EXECUTOR - Initializing module TC_26_7_5_8_2.
2026/Jun/10 09:23:18.773726 EXECUTOR - Initialization of module TC_26_7_5_8_2 finished.
2026/Jun/10 09:23:18.773730 EXECUTOR - Initializing module TC_26_7_5_8_3.
2026/Jun/10 09:23:18.773736 EXECUTOR - Initialization of module TC_26_7_5_8_3 finished.
2026/Jun/10 09:23:18.773740 EXECUTOR - Initializing module TC_26_8_1_2_1_1.
2026/Jun/10 09:23:18.773747 EXECUTOR - Initialization of module TC_26_8_1_2_1_1 finished.
2026/Jun/10 09:23:18.773751 EXECUTOR - Initializing module TC_26_8_1_2_2_1.
2026/Jun/10 09:23:18.773758 EXECUTOR - Initialization of module TC_26_8_1_2_2_1 finished.
2026/Jun/10 09:23:18.773762 EXECUTOR - Initializing module TC_26_8_1_2_2_2.
2026/Jun/10 09:23:18.773769 EXECUTOR - Initialization of module TC_26_8_1_2_2_2 finished.
2026/Jun/10 09:23:18.773773 EXECUTOR - Initializing module TC_26_8_1_2_2_3.
2026/Jun/10 09:23:18.773780 EXECUTOR - Initialization of module TC_26_8_1_2_2_3 finished.
2026/Jun/10 09:23:18.773784 EXECUTOR - Initializing module TC_26_8_1_2_3_1.
2026/Jun/10 09:23:18.773791 EXECUTOR - Initialization of module TC_26_8_1_2_3_1 finished.
2026/Jun/10 09:23:18.773795 EXECUTOR - Initializing module TC_26_8_1_2_3_2.
2026/Jun/10 09:23:18.773802 EXECUTOR - Initialization of module TC_26_8_1_2_3_2 finished.
2026/Jun/10 09:23:18.773809 EXECUTOR - Initializing module TC_26_8_1_2_3_3.
2026/Jun/10 09:23:18.773817 EXECUTOR - Initialization of module TC_26_8_1_2_3_3 finished.
2026/Jun/10 09:23:18.773830 EXECUTOR - Initializing module TC_26_8_1_2_3_4.
2026/Jun/10 09:23:18.773840 EXECUTOR - Initialization of module TC_26_8_1_2_3_4 finished.
2026/Jun/10 09:23:18.773844 EXECUTOR - Initializing module TC_26_8_1_2_3_5.
2026/Jun/10 09:23:18.773851 EXECUTOR - Initialization of module TC_26_8_1_2_3_5 finished.
2026/Jun/10 09:23:18.773855 EXECUTOR - Initializing module TC_26_8_1_2_3_6.
2026/Jun/10 09:23:18.773862 EXECUTOR - Initialization of module TC_26_8_1_2_3_6 finished.
2026/Jun/10 09:23:18.773866 EXECUTOR - Initializing module TC_26_8_1_2_3_7.
2026/Jun/10 09:23:18.773873 EXECUTOR - Initialization of module TC_26_8_1_2_3_7 finished.
2026/Jun/10 09:23:18.773877 EXECUTOR - Initializing module TC_26_8_1_2_4_1.
2026/Jun/10 09:23:18.773884 EXECUTOR - Initialization of module TC_26_8_1_2_4_1 finished.
2026/Jun/10 09:23:18.773887 EXECUTOR - Initializing module TC_26_8_1_2_4_13.
2026/Jun/10 09:23:18.773894 EXECUTOR - Initialization of module TC_26_8_1_2_4_13 finished.
2026/Jun/10 09:23:18.773898 EXECUTOR - Initializing module TC_26_8_1_2_4_2.
2026/Jun/10 09:23:18.773905 EXECUTOR - Initialization of module TC_26_8_1_2_4_2 finished.
2026/Jun/10 09:23:18.773909 EXECUTOR - Initializing module TC_26_8_1_2_4_3.
2026/Jun/10 09:23:18.773916 EXECUTOR - Initialization of module TC_26_8_1_2_4_3 finished.
2026/Jun/10 09:23:18.773920 EXECUTOR - Initializing module TC_26_8_1_2_4_4.
2026/Jun/10 09:23:18.773927 EXECUTOR - Initialization of module TC_26_8_1_2_4_4 finished.
2026/Jun/10 09:23:18.773930 EXECUTOR - Initializing module TC_26_8_1_2_4_5.
2026/Jun/10 09:23:18.773937 EXECUTOR - Initialization of module TC_26_8_1_2_4_5 finished.
2026/Jun/10 09:23:18.773941 EXECUTOR - Initializing module TC_26_8_1_2_6_1.
2026/Jun/10 09:23:18.773948 EXECUTOR - Initialization of module TC_26_8_1_2_6_1 finished.
2026/Jun/10 09:23:18.773952 EXECUTOR - Initializing module TC_26_8_1_2_6_2.
2026/Jun/10 09:23:18.773959 EXECUTOR - Initialization of module TC_26_8_1_2_6_2 finished.
2026/Jun/10 09:23:18.773963 EXECUTOR - Initializing module TC_26_8_1_2_6_3.
2026/Jun/10 09:23:18.773970 EXECUTOR - Initialization of module TC_26_8_1_2_6_3 finished.
2026/Jun/10 09:23:18.773974 EXECUTOR - Initializing module TC_26_8_1_2_6_6.
2026/Jun/10 09:23:18.773981 EXECUTOR - Initialization of module TC_26_8_1_2_6_6 finished.
2026/Jun/10 09:23:18.773985 EXECUTOR - Initializing module TC_26_8_1_3_1_1.
2026/Jun/10 09:23:18.773992 EXECUTOR - Initialization of module TC_26_8_1_3_1_1 finished.
2026/Jun/10 09:23:18.773996 EXECUTOR - Initializing module TC_26_8_1_3_2_1.
2026/Jun/10 09:23:18.774003 EXECUTOR - Initialization of module TC_26_8_1_3_2_1 finished.
2026/Jun/10 09:23:18.774007 EXECUTOR - Initializing module TC_26_8_1_3_3_1.
2026/Jun/10 09:23:18.774014 EXECUTOR - Initialization of module TC_26_8_1_3_3_1 finished.
2026/Jun/10 09:23:18.774018 EXECUTOR - Initializing module TC_26_8_1_3_3_2.
2026/Jun/10 09:23:18.774025 EXECUTOR - Initialization of module TC_26_8_1_3_3_2 finished.
2026/Jun/10 09:23:18.774029 EXECUTOR - Initializing module TC_26_8_1_3_3_3.
2026/Jun/10 09:23:18.774037 EXECUTOR - Initialization of module TC_26_8_1_3_3_3 finished.
2026/Jun/10 09:23:18.774041 EXECUTOR - Initializing module TC_26_8_1_3_3_4.
2026/Jun/10 09:23:18.774048 EXECUTOR - Initialization of module TC_26_8_1_3_3_4 finished.
2026/Jun/10 09:23:18.774051 EXECUTOR - Initializing module TC_26_8_1_3_3_5.
2026/Jun/10 09:23:18.774059 EXECUTOR - Initialization of module TC_26_8_1_3_3_5 finished.
2026/Jun/10 09:23:18.774063 EXECUTOR - Initializing module TC_26_8_1_3_3_6.
2026/Jun/10 09:23:18.774070 EXECUTOR - Initialization of module TC_26_8_1_3_3_6 finished.
2026/Jun/10 09:23:18.774074 EXECUTOR - Initializing module TC_26_8_1_3_3_7.
2026/Jun/10 09:23:18.774081 EXECUTOR - Initialization of module TC_26_8_1_3_3_7 finished.
2026/Jun/10 09:23:18.774084 EXECUTOR - Initializing module TC_26_8_1_3_4_1.
2026/Jun/10 09:23:18.774095 EXECUTOR - Initialization of module TC_26_8_1_3_4_1 finished.
2026/Jun/10 09:23:18.774099 EXECUTOR - Initializing module TC_26_8_1_3_4_2.
2026/Jun/10 09:23:18.774106 EXECUTOR - Initialization of module TC_26_8_1_3_4_2 finished.
2026/Jun/10 09:23:18.774109 EXECUTOR - Initializing module TC_26_8_1_3_4_3.
2026/Jun/10 09:23:18.774116 EXECUTOR - Initialization of module TC_26_8_1_3_4_3 finished.
2026/Jun/10 09:23:18.774120 EXECUTOR - Initializing module TC_26_8_1_3_4_4.
2026/Jun/10 09:23:18.774127 EXECUTOR - Initialization of module TC_26_8_1_3_4_4 finished.
2026/Jun/10 09:23:18.774131 EXECUTOR - Initializing module TC_26_8_1_3_4_5.
2026/Jun/10 09:23:18.774138 EXECUTOR - Initialization of module TC_26_8_1_3_4_5 finished.
2026/Jun/10 09:23:18.774142 EXECUTOR - Initializing module TC_26_8_1_3_4_6.
2026/Jun/10 09:23:18.774149 EXECUTOR - Initialization of module TC_26_8_1_3_4_6 finished.
2026/Jun/10 09:23:18.774152 EXECUTOR - Initializing module TC_26_8_1_3_4_7.
2026/Jun/10 09:23:18.774160 EXECUTOR - Initialization of module TC_26_8_1_3_4_7 finished.
2026/Jun/10 09:23:18.774164 EXECUTOR - Initializing module TC_26_8_1_3_4_8.
2026/Jun/10 09:23:18.774171 EXECUTOR - Initialization of module TC_26_8_1_3_4_8 finished.
2026/Jun/10 09:23:18.774175 EXECUTOR - Initializing module TC_26_8_1_3_5_1.
2026/Jun/10 09:23:18.774182 EXECUTOR - Initialization of module TC_26_8_1_3_5_1 finished.
2026/Jun/10 09:23:18.774186 EXECUTOR - Initializing module TC_26_8_1_3_5_2.
2026/Jun/10 09:23:18.774193 EXECUTOR - Initialization of module TC_26_8_1_3_5_2 finished.
2026/Jun/10 09:23:18.774197 EXECUTOR - Initializing module TC_26_8_1_3_5_3.
2026/Jun/10 09:23:18.774205 EXECUTOR - Initialization of module TC_26_8_1_3_5_3 finished.
2026/Jun/10 09:23:18.774209 EXECUTOR - Initializing module TC_26_8_1_3_5_4.
2026/Jun/10 09:23:18.774216 EXECUTOR - Initialization of module TC_26_8_1_3_5_4 finished.
2026/Jun/10 09:23:18.774220 EXECUTOR - Initializing module TC_26_8_1_3_5_5.
2026/Jun/10 09:23:18.774227 EXECUTOR - Initialization of module TC_26_8_1_3_5_5 finished.
2026/Jun/10 09:23:18.774231 EXECUTOR - Initializing module TC_26_8_1_3_5_6.
2026/Jun/10 09:23:18.774238 EXECUTOR - Initialization of module TC_26_8_1_3_5_6 finished.
2026/Jun/10 09:23:18.774241 EXECUTOR - Initializing module TC_26_8_1_3_5_7.
2026/Jun/10 09:23:18.774248 EXECUTOR - Initialization of module TC_26_8_1_3_5_7 finished.
2026/Jun/10 09:23:18.774252 EXECUTOR - Initializing module TC_26_8_1_3_5_8.
2026/Jun/10 09:23:18.774260 EXECUTOR - Initialization of module TC_26_8_1_3_5_8 finished.
2026/Jun/10 09:23:18.774264 EXECUTOR - Initializing module TC_26_8_1_3_5_9.
2026/Jun/10 09:23:18.774271 EXECUTOR - Initialization of module TC_26_8_1_3_5_9 finished.
2026/Jun/10 09:23:18.774275 EXECUTOR - Initializing module TC_26_8_2_1.
2026/Jun/10 09:23:18.774282 EXECUTOR - Initialization of module TC_26_8_2_1 finished.
2026/Jun/10 09:23:18.774285 EXECUTOR - Initializing module TC_26_8_2_2.
2026/Jun/10 09:23:18.774294 EXECUTOR - Initialization of module TC_26_8_2_2 finished.
2026/Jun/10 09:23:18.774298 EXECUTOR - Initializing module TC_26_8_2_3.
2026/Jun/10 09:23:18.774305 EXECUTOR - Initialization of module TC_26_8_2_3 finished.
2026/Jun/10 09:23:18.774309 EXECUTOR - Initializing module TC_26_8_3.
2026/Jun/10 09:23:18.774316 EXECUTOR - Initialization of module TC_26_8_3 finished.
2026/Jun/10 09:23:18.774320 EXECUTOR - Initializing module TC_34_2_2.
2026/Jun/10 09:23:18.774327 EXECUTOR - Initialization of module TC_34_2_2 finished.
2026/Jun/10 09:23:18.774331 EXECUTOR - Initializing module TitanLoggerApi.
2026/Jun/10 09:23:18.774334 EXECUTOR - Initialization of module TitanLoggerApi finished.
2026/Jun/10 09:23:18.774338 EXECUTOR - Initializing module TitanLoggerControl.
2026/Jun/10 09:23:18.774342 EXECUTOR - Initialization of module TitanLoggerControl finished.
2026/Jun/10 09:23:18.774357 EXECUTOR - Configuration data was processed successfully.
2026/Jun/10 09:23:18.776346 EXECUTOR - MTC was created. Process id: 39.
2026/Jun/10 09:24:28.891366 EXECUTOR - Exit was requested from MC. Terminating HC.
2026/Jun/10 09:24:28.892056 EXECUTOR - Disconnected from MC.
2026/Jun/10 09:24:28.892093 EXECUTOR - TTCN-3 Host Controller finished.
2026/Jun/10 09:23:18.777834 EXECUTOR - TTCN-3 Main Test Component started on ttcn3-tc-26-7-3-1-1-jhm6s. Version: 11.1.0.
2026/Jun/10 09:23:18.778056 EXECUTOR - TTCN Logger v2.2 options: TimeStampFormat:=DateTime; LogEntityName:=No; LogEventTypes:=Yes; SourceInfoFormat:=Single; LogSensitiveData:=No; *.FileMask:=LOG_ALL; *.ConsoleMask:=ERROR | TESTCASE | USER | VERDICTOP | WARNING; LogFileSize:=0; LogFileNumber:=1; DiskFullAction:=Error
2026/Jun/10 09:23:18.778166 EXECUTOR - Connected to MC.
2026/Jun/10 09:23:18.778432 EXECUTOR - Executing test case TC_26_7_3_1 in module TC_26_7_3_1.
2026/Jun/10 09:23:18.778771 TESTCASE TC_26_7_3_1.ttcn3:86 Test case TC_26_7_3_1 started.
2026/Jun/10 09:23:18.778862 PARALLEL TC_26_7_3_1.ttcn3:86 Initializing variables, timers and ports of component type GSM_Component_Definitions.GSM_CT inside testcase TC_26_7_3_1.
2026/Jun/10 09:23:18.779143 USER TC_26_7_3_1.ttcn3:86 MSC_Port: set_parameter msc_stub_host = 10.42.0.116
2026/Jun/10 09:23:18.779205 USER TC_26_7_3_1.ttcn3:86 MSC_Port: set_parameter msc_stub_port = 5000
2026/Jun/10 09:23:18.779222 USER TC_26_7_3_1.ttcn3:86 L3_Port: set_parameter gsmtap_host = 127.0.0.1
2026/Jun/10 09:23:18.779239 USER TC_26_7_3_1.ttcn3:86 L3_Port: set_parameter gsmtap_port = 4729
2026/Jun/10 09:23:18.779246 USER TC_26_7_3_1.ttcn3:86 L3_Port: set_parameter local_port = 4729
2026/Jun/10 09:23:18.779252 USER TC_26_7_3_1.ttcn3:86 L3_Port: set_parameter ul_multicast_group = 239.193.23.2
2026/Jun/10 09:23:18.779258 USER TC_26_7_3_1.ttcn3:86 L3_Port: Will join UL multicast group 239.193.23.2 for RACH capture
2026/Jun/10 09:23:18.779263 USER TC_26_7_3_1.ttcn3:86 L3_Port: set_parameter arfcn = 51
2026/Jun/10 09:23:18.779326 USER TC_26_7_3_1.ttcn3:86 L3_Port: user_start called
2026/Jun/10 09:23:18.779339 PORTEVENT TC_26_7_3_1.ttcn3:86 Port L was started.
2026/Jun/10 09:23:18.779404 PORTEVENT TC_26_7_3_1.ttcn3:86 Port RR was started.
2026/Jun/10 09:23:18.779411 PORTEVENT TC_26_7_3_1.ttcn3:86 Port MM was started.
2026/Jun/10 09:23:18.779417 PORTEVENT TC_26_7_3_1.ttcn3:86 Port CC was started.
2026/Jun/10 09:23:18.779421 USER TC_26_7_3_1.ttcn3:86 MSC_Port: user_start called
2026/Jun/10 09:23:18.779426 PORTEVENT TC_26_7_3_1.ttcn3:86 Port MSC was started.
2026/Jun/10 09:23:18.779432 PORTEVENT TC_26_7_3_1.ttcn3:86 Port BSC was started.
2026/Jun/10 09:23:18.779438 PORTEVENT TC_26_7_3_1.ttcn3:86 Port RSL was started.
2026/Jun/10 09:23:18.779444 USER TC_26_7_3_1.ttcn3:86 VTY_PT: Starting
2026/Jun/10 09:23:18.779450 PORTEVENT TC_26_7_3_1.ttcn3:86 Port VTY was started.
2026/Jun/10 09:23:18.779455 PORTEVENT TC_26_7_3_1.ttcn3:86 Port COORD was started.
2026/Jun/10 09:23:18.779458 PARALLEL TC_26_7_3_1.ttcn3:86 Component type GSM_Component_Definitions.GSM_CT was initialized.
2026/Jun/10 09:23:18.779481 USER TC_26_7_3_1.ttcn3:102 ==========================================================
2026/Jun/10 09:23:18.779487 USER TC_26_7_3_1.ttcn3:103 *** TC_26_7_3_1: Identity Request Test ***
2026/Jun/10 09:23:18.779492 USER TC_26_7_3_1.ttcn3:104 *** IMSI/TMSI (non-ciphered), IMEI (ciphered/non-ciphered), IMEISV ***
2026/Jun/10 09:23:18.779497 USER TC_26_7_3_1.ttcn3:105 ==========================================================
2026/Jun/10 09:23:18.779514 PARALLEL TC_26_7_3_1.ttcn3:108 Mapping port mtc:MSC to system:MSC.
2026/Jun/10 09:23:18.779577 USER TC_26_7_3_1.ttcn3:108 MSC_Port: Mapping to MSC
2026/Jun/10 09:23:18.779873 WARNING TC_26_7_3_1.ttcn3:108 Warning: The maximum number of open file descriptors (1048576) is greater than FD_SETSIZE (1024). Ensure that Test Ports using Install_Handler do not try to wait for events of file descriptors with values greater than FD_SETSIZE (1024). (Current caller of Install_Handler is "MSC")
2026/Jun/10 09:23:18.779942 USER TC_26_7_3_1.ttcn3:108 MSC_Port: Registered socket for async events
2026/Jun/10 09:23:18.779951 USER TC_26_7_3_1.ttcn3:108 MSC_Port: Connected to MSC stub at 10.42.0.116:5000
2026/Jun/10 09:23:18.779961 PORTEVENT TC_26_7_3_1.ttcn3:108 Port MSC was mapped to system:MSC.
2026/Jun/10 09:23:18.780054 PARALLEL TC_26_7_3_1.ttcn3:108 Map operation of mtc:MSC to system:MSC finished.
2026/Jun/10 09:23:18.780098 PARALLEL TC_26_7_3_1.ttcn3:109 Mapping port mtc:VTY to system:VTY.
2026/Jun/10 09:23:18.780130 USER TC_26_7_3_1.ttcn3:109 VTY_PT: Mapping port to VTY interface
2026/Jun/10 09:23:18.780298 USER TC_26_7_3_1.ttcn3:109 VTY_PT: Connected to VTY at 10.43.164.142:4247
2026/Jun/10 09:23:19.280651 USER TC_26_7_3_1.ttcn3:109 VTY_PT: Initial banner received
2026/Jun/10 09:23:19.280725 PORTEVENT TC_26_7_3_1.ttcn3:109 Port VTY was mapped to system:VTY.
2026/Jun/10 09:23:19.280801 USER TC_26_7_3_1.ttcn3:109 MSC_Port: RX: {"type": "WELCOME", "status": "connected"}
2026/Jun/10 09:23:19.280893 PORTEVENT TC_26_7_3_1.ttcn3:109 Message enqueued on MSC from system charstring : "{\"type\": \"WELCOME\", \"status\": \"connected\"}" id 1
2026/Jun/10 09:23:19.280942 USER TC_26_7_3_1.ttcn3:109 MSC_Port: RX: {"type": "EVENT_LU_REQUEST", "bsc_slr": 1, "msc_slr": 1, "cksn": 7, "lu_type": 0, "old_mcc": "901", "old_mnc": "70", "old_lac": 65534, "mi_type": "imsi"}
2026/Jun/10 09:23:19.280958 PORTEVENT TC_26_7_3_1.ttcn3:109 Message enqueued on MSC from system charstring : "{\"type\": \"EVENT_LU_REQUEST\", \"bsc_slr\": 1, \"msc_slr\": 1, \"cksn\": 7, \"lu_type\": 0, \"old_mcc\": \"901\", \"old_mnc\": \"70\", \"old_lac\": 65534, \"mi_type\": \"imsi\"}" id 2
2026/Jun/10 09:23:19.280966 USER TC_26_7_3_1.ttcn3:109 MSC_Port: RX: {"type": "EVENT_CLEAR_REQUEST", "bsc_slr": 1}
2026/Jun/10 09:23:19.280975 PORTEVENT TC_26_7_3_1.ttcn3:109 Message enqueued on MSC from system charstring : "{\"type\": \"EVENT_CLEAR_REQUEST\", \"bsc_slr\": 1}" id 3
2026/Jun/10 09:23:19.280994 PARALLEL TC_26_7_3_1.ttcn3:109 Map operation of mtc:VTY to system:VTY finished.
2026/Jun/10 09:23:19.281028 TIMEROP TC_26_7_3_1.ttcn3:112 Start timer T_guard: 1800 s
2026/Jun/10 09:23:19.281099 USER TC_26_7_3_1.ttcn3:115 *** Step 1: Checking for buffered Location Update Request ***
2026/Jun/10 09:23:19.281110 TIMEROP TC_26_7_3_1.ttcn3:119 Start timer T_init: 3 s
2026/Jun/10 09:23:19.281158 PORTEVENT TC_26_7_3_1.ttcn3:122 Receive operation on port MSC succeeded, message from system(): charstring : "{\"type\": \"WELCOME\", \"status\": \"connected\"}" id 1
2026/Jun/10 09:23:19.281197 PORTEVENT TC_26_7_3_1.ttcn3:122 Message with id 1 was extracted from the queue of MSC.
2026/Jun/10 09:23:19.281427 PORTEVENT TC_26_7_3_1.ttcn3:122 Receive operation on port MSC succeeded, message from system(): charstring : "{\"type\": \"EVENT_LU_REQUEST\", \"bsc_slr\": 1, \"msc_slr\": 1, \"cksn\": 7, \"lu_type\": 0, \"old_mcc\": \"901\", \"old_mnc\": \"70\", \"old_lac\": 65534, \"mi_type\": \"imsi\"}" id 2
2026/Jun/10 09:23:19.281436 PORTEVENT TC_26_7_3_1.ttcn3:122 Message with id 2 was extracted from the queue of MSC.
2026/Jun/10 09:23:19.281512 USER TC_26_7_3_1.ttcn3:124 *** Captured buffered LU Request ***
2026/Jun/10 09:23:19.281645 USER TC_26_7_3_1.ttcn3:55 Extracted bsc_slr = 1 from event
2026/Jun/10 09:23:19.281687 TIMEROP TC_26_7_3_1.ttcn3:127 Stop timer T_init: 3 s
2026/Jun/10 09:23:19.281706 USER TC_26_7_3_1.ttcn3:208 *** Step 3: Sending Location Update Accept with TMSI ***
2026/Jun/10 09:23:19.281759 PORTEVENT TC_26_7_3_1.ttcn3:210 Sent on MSC to system charstring : "{\"command\": \"CMD_SEND_LU_ACCEPT_CUSTOM\", \"params\": {\"bsc_slr\": 1, \"mcc\": \"901\", \"mnc\": \"70\", \"lac\": 4242, \"tmsi\": 305419896}}"
2026/Jun/10 09:23:19.281872 USER TC_26_7_3_1.ttcn3:210 MSC_Port: TX: {"command": "CMD_SEND_LU_ACCEPT_CUSTOM", "params": {"bsc_slr": 1, "mcc": "901", "mnc": "70", "lac": 4242, "tmsi": 305419896}}
2026/Jun/10 09:23:19.281888 USER TC_26_7_3_1.ttcn3:213 *** Step 4: Waiting for TMSI Reallocation Complete ***
2026/Jun/10 09:23:19.281894 TIMEROP TC_26_7_3_1.ttcn3:215 Start timer T_tmsi_complete: 10 s
2026/Jun/10 09:23:19.281906 PORTEVENT TC_26_7_3_1.ttcn3:219 Receive operation on port MSC succeeded, message from system(): charstring : "{\"type\": \"EVENT_CLEAR_REQUEST\", \"bsc_slr\": 1}" id 3
2026/Jun/10 09:23:19.281914 PORTEVENT TC_26_7_3_1.ttcn3:219 Message with id 3 was extracted from the queue of MSC.
2026/Jun/10 09:23:19.282007 USER TC_26_7_3_1.ttcn3:228 Event during TMSI wait: "{\"type\": \"EVENT_CLEAR_REQUEST\", \"bsc_slr\": 1}"
2026/Jun/10 09:23:19.783424 USER TC_26_7_3_1.ttcn3:218 MSC_Port: RX: {"status": "ok", "sent": true}
2026/Jun/10 09:23:19.975368 PORTEVENT TC_26_7_3_1.ttcn3:218 Message enqueued on MSC from system charstring : "{\"status\": \"ok\", \"sent\": true}" id 4
2026/Jun/10 09:23:19.975443 PORTEVENT TC_26_7_3_1.ttcn3:219 Receive operation on port MSC succeeded, message from system(): charstring : "{\"status\": \"ok\", \"sent\": true}" id 4
2026/Jun/10 09:23:19.975461 PORTEVENT TC_26_7_3_1.ttcn3:219 Message with id 4 was extracted from the queue of MSC.
2026/Jun/10 09:23:19.975637 USER TC_26_7_3_1.ttcn3:228 Event during TMSI wait: "{\"status\": \"ok\", \"sent\": true}"
2026/Jun/10 09:23:23.787112 USER TC_26_7_3_1.ttcn3:218 MSC_Port: RX: {"type": "HEARTBEAT"}
2026/Jun/10 09:23:23.787199 PORTEVENT TC_26_7_3_1.ttcn3:218 Message enqueued on MSC from system charstring : "{\"type\": \"HEARTBEAT\"}" id 5
2026/Jun/10 09:23:23.787228 PORTEVENT TC_26_7_3_1.ttcn3:219 Receive operation on port MSC succeeded, message from system(): charstring : "{\"type\": \"HEARTBEAT\"}" id 5
2026/Jun/10 09:23:23.787239 PORTEVENT TC_26_7_3_1.ttcn3:219 Message with id 5 was extracted from the queue of MSC.
2026/Jun/10 09:23:28.792076 USER TC_26_7_3_1.ttcn3:218 MSC_Port: RX: {"type": "HEARTBEAT"}
2026/Jun/10 09:23:28.792182 PORTEVENT TC_26_7_3_1.ttcn3:218 Message enqueued on MSC from system charstring : "{\"type\": \"HEARTBEAT\"}" id 6
2026/Jun/10 09:23:28.792221 PORTEVENT TC_26_7_3_1.ttcn3:219 Receive operation on port MSC succeeded, message from system(): charstring : "{\"type\": \"HEARTBEAT\"}" id 6
2026/Jun/10 09:23:28.792240 PORTEVENT TC_26_7_3_1.ttcn3:219 Message with id 6 was extracted from the queue of MSC.
2026/Jun/10 09:23:29.281951 TIMEROP TC_26_7_3_1.ttcn3:232 Timeout T_tmsi_complete: 10 s
2026/Jun/10 09:23:29.282043 USER TC_26_7_3_1.ttcn3:233 WARNING: TMSI Reallocation Complete timeout - proceeding anyway
2026/Jun/10 09:23:29.282082 USER TC_26_7_3_1.ttcn3:239 *** Step 5: Releasing connection ***
2026/Jun/10 09:23:29.282100 TIMEROP TC_26_7_3_1.ttcn3:241 Start timer T_wait_release: 2 s
2026/Jun/10 09:23:31.282854 TIMEROP TC_26_7_3_1.ttcn3:242 Timeout T_wait_release: 2 s
2026/Jun/10 09:23:31.282941 PORTEVENT TC_26_7_3_1.ttcn3:245 Sent on MSC to system charstring : "{\"command\": \"CMD_SEND_CLEAR_CMD\", \"params\": {\"bsc_slr\": 1, \"cause\": 0}}"
2026/Jun/10 09:23:31.283044 USER TC_26_7_3_1.ttcn3:245 MSC_Port: TX: {"command": "CMD_SEND_CLEAR_CMD", "params": {"bsc_slr": 1, "cause": 0}}
2026/Jun/10 09:23:31.283067 USER TC_26_7_3_1.ttcn3:248 *** Step 6: Waiting for mobile to settle in idle updated state ***
2026/Jun/10 09:23:31.283075 TIMEROP TC_26_7_3_1.ttcn3:250 Start timer T_settle: 25 s
2026/Jun/10 09:23:31.283622 USER TC_26_7_3_1.ttcn3:252 MSC_Port: RX: {"status": "ok"}
2026/Jun/10 09:23:31.283661 PORTEVENT TC_26_7_3_1.ttcn3:252 Message enqueued on MSC from system charstring : "{\"status\": \"ok\"}" id 7
2026/Jun/10 09:23:31.283678 PORTEVENT TC_26_7_3_1.ttcn3:253 Receive operation on port MSC succeeded, message from system(): charstring : "{\"status\": \"ok\"}" id 7
2026/Jun/10 09:23:31.283686 PORTEVENT TC_26_7_3_1.ttcn3:253 Message with id 7 was extracted from the queue of MSC.
2026/Jun/10 09:23:31.283690 USER TC_26_7_3_1.ttcn3:254 Event during settle: "{\"status\": \"ok\"}"
2026/Jun/10 09:23:31.284793 USER TC_26_7_3_1.ttcn3:252 MSC_Port: RX: {"type": "EVENT_BSSMAP_CLEAR_COMPLETE", "bsc_slr": 1}
2026/Jun/10 09:23:31.284813 PORTEVENT TC_26_7_3_1.ttcn3:252 Message enqueued on MSC from system charstring : "{\"type\": \"EVENT_BSSMAP_CLEAR_COMPLETE\", \"bsc_slr\": 1}" id 8
2026/Jun/10 09:23:31.284836 PORTEVENT TC_26_7_3_1.ttcn3:253 Receive operation on port MSC succeeded, message from system(): charstring : "{\"type\": \"EVENT_BSSMAP_CLEAR_COMPLETE\", \"bsc_slr\": 1}" id 8
2026/Jun/10 09:23:31.284843 PORTEVENT TC_26_7_3_1.ttcn3:253 Message with id 8 was extracted from the queue of MSC.
2026/Jun/10 09:23:31.284847 USER TC_26_7_3_1.ttcn3:254 Event during settle: "{\"type\": \"EVENT_BSSMAP_CLEAR_COMPLETE\", \"bsc_slr\": 1}"
2026/Jun/10 09:23:33.205901 USER TC_26_7_3_1.ttcn3:252 VTY_PT: Received data (buffered): 68 bytes
2026/Jun/10 09:23:34.286057 USER TC_26_7_3_1.ttcn3:252 MSC_Port: RX: {"type": "HEARTBEAT"}
2026/Jun/10 09:23:34.286119 PORTEVENT TC_26_7_3_1.ttcn3:252 Message enqueued on MSC from system charstring : "{\"type\": \"HEARTBEAT\"}" id 9
2026/Jun/10 09:23:34.286139 PORTEVENT TC_26_7_3_1.ttcn3:253 Receive operation on port MSC succeeded, message from system(): charstring : "{\"type\": \"HEARTBEAT\"}" id 9
2026/Jun/10 09:23:34.286148 PORTEVENT TC_26_7_3_1.ttcn3:253 Message with id 9 was extracted from the queue of MSC.
2026/Jun/10 09:23:34.286152 USER TC_26_7_3_1.ttcn3:254 Event during settle: "{\"type\": \"HEARTBEAT\"}"
2026/Jun/10 09:23:39.291081 USER TC_26_7_3_1.ttcn3:252 MSC_Port: RX: {"type": "HEARTBEAT"}
2026/Jun/10 09:23:39.291148 PORTEVENT TC_26_7_3_1.ttcn3:252 Message enqueued on MSC from system charstring : "{\"type\": \"HEARTBEAT\"}" id 10
2026/Jun/10 09:23:39.291170 PORTEVENT TC_26_7_3_1.ttcn3:253 Receive operation on port MSC succeeded, message from system(): charstring : "{\"type\": \"HEARTBEAT\"}" id 10
2026/Jun/10 09:23:39.291178 PORTEVENT TC_26_7_3_1.ttcn3:253 Message with id 10 was extracted from the queue of MSC.
2026/Jun/10 09:23:39.291182 USER TC_26_7_3_1.ttcn3:254 Event during settle: "{\"type\": \"HEARTBEAT\"}"
2026/Jun/10 09:23:44.296080 USER TC_26_7_3_1.ttcn3:252 MSC_Port: RX: {"type": "HEARTBEAT"}
2026/Jun/10 09:23:44.296145 PORTEVENT TC_26_7_3_1.ttcn3:252 Message enqueued on MSC from system charstring : "{\"type\": \"HEARTBEAT\"}" id 11
2026/Jun/10 09:23:44.296168 PORTEVENT TC_26_7_3_1.ttcn3:253 Receive operation on port MSC succeeded, message from system(): charstring : "{\"type\": \"HEARTBEAT\"}" id 11
2026/Jun/10 09:23:44.296176 PORTEVENT TC_26_7_3_1.ttcn3:253 Message with id 11 was extracted from the queue of MSC.
2026/Jun/10 09:23:44.296180 USER TC_26_7_3_1.ttcn3:254 Event during settle: "{\"type\": \"HEARTBEAT\"}"
2026/Jun/10 09:23:48.670011 USER TC_26_7_3_1.ttcn3:252 MSC_Port: RX: {"type": "EVENT_LU_REQUEST", "bsc_slr": 2, "msc_slr": 2, "cksn": 7, "lu_type": 0, "old_mcc": "901", "old_mnc": "70", "old_lac": 0, "mi_type": "imsi"}
2026/Jun/10 09:23:48.670108 PORTEVENT TC_26_7_3_1.ttcn3:252 Message enqueued on MSC from system charstring : "{\"type\": \"EVENT_LU_REQUEST\", \"bsc_slr\": 2, \"msc_slr\": 2, \"cksn\": 7, \"lu_type\": 0, \"old_mcc\": \"901\", \"old_mnc\": \"70\", \"old_lac\": 0, \"mi_type\": \"imsi\"}" id 12
2026/Jun/10 09:23:48.670162 PORTEVENT TC_26_7_3_1.ttcn3:253 Receive operation on port MSC succeeded, message from system(): charstring : "{\"type\": \"EVENT_LU_REQUEST\", \"bsc_slr\": 2, \"msc_slr\": 2, \"cksn\": 7, \"lu_type\": 0, \"old_mcc\": \"901\", \"old_mnc\": \"70\", \"old_lac\": 0, \"mi_type\": \"imsi\"}" id 12
2026/Jun/10 09:23:48.670181 PORTEVENT TC_26_7_3_1.ttcn3:253 Message with id 12 was extracted from the queue of MSC.
2026/Jun/10 09:23:48.670193 USER TC_26_7_3_1.ttcn3:254 Event during settle: "{\"type\": \"EVENT_LU_REQUEST\", \"bsc_slr\": 2, \"msc_slr\": 2, \"cksn\": 7, \"lu_type\": 0, \"old_mcc\": \"901\", \"old_mnc\": \"70\", \"old_lac\": 0, \"mi_type\": \"imsi\"}"
2026/Jun/10 09:23:49.300122 USER TC_26_7_3_1.ttcn3:252 MSC_Port: RX: {"type": "HEARTBEAT"}
2026/Jun/10 09:23:49.300211 PORTEVENT TC_26_7_3_1.ttcn3:252 Message enqueued on MSC from system charstring : "{\"type\": \"HEARTBEAT\"}" id 13
2026/Jun/10 09:23:49.300249 PORTEVENT TC_26_7_3_1.ttcn3:253 Receive operation on port MSC succeeded, message from system(): charstring : "{\"type\": \"HEARTBEAT\"}" id 13
2026/Jun/10 09:23:49.300267 PORTEVENT TC_26_7_3_1.ttcn3:253 Message with id 13 was extracted from the queue of MSC.
2026/Jun/10 09:23:49.300279 USER TC_26_7_3_1.ttcn3:254 Event during settle: "{\"type\": \"HEARTBEAT\"}"
2026/Jun/10 09:23:54.305063 USER TC_26_7_3_1.ttcn3:252 MSC_Port: RX: {"type": "HEARTBEAT"}
2026/Jun/10 09:23:54.305132 PORTEVENT TC_26_7_3_1.ttcn3:252 Message enqueued on MSC from system charstring : "{\"type\": \"HEARTBEAT\"}" id 14
2026/Jun/10 09:23:54.305154 PORTEVENT TC_26_7_3_1.ttcn3:253 Receive operation on port MSC succeeded, message from system(): charstring : "{\"type\": \"HEARTBEAT\"}" id 14
2026/Jun/10 09:23:54.305171 PORTEVENT TC_26_7_3_1.ttcn3:253 Message with id 14 was extracted from the queue of MSC.
2026/Jun/10 09:23:54.305175 USER TC_26_7_3_1.ttcn3:254 Event during settle: "{\"type\": \"HEARTBEAT\"}"
2026/Jun/10 09:23:56.283861 TIMEROP TC_26_7_3_1.ttcn3:257 Timeout T_settle: 25 s
2026/Jun/10 09:23:56.283912 USER TC_26_7_3_1.ttcn3:258 Mobile should now be in idle updated state with TMSI
2026/Jun/10 09:23:56.283945 USER TC_26_7_3_1.ttcn3:263 *** Verifying idle updated state with TMSI ***
2026/Jun/10 09:23:56.283978 USER GSM_Component_Definitions.ttcn3:455 VTY: Sending command: "show subscriber"
2026/Jun/10 09:23:56.284003 PORTEVENT GSM_Component_Definitions.ttcn3:456 Sent on VTY to system charstring : "show subscriber"
2026/Jun/10 09:23:56.284033 USER GSM_Component_Definitions.ttcn3:456 VTY_PT: Sending command: "show subscriber"
2026/Jun/10 09:23:56.484238 USER GSM_Component_Definitions.ttcn3:456 VTY_PT: Received response: 
% (MS 1)
% Trying to register with network International, 70...
show subscriber
Mobile Subscriber of MS '1':
 IMSI: 901700000000001
 Status: U2_NOT_UPDATED  IMSI detached  LAI: invalid
 GPRS Status: GU0_NULL IMSI detached  PTMSI 0xffffffff  PTMSI-sig 0x000000  RAI: invalid
  P-TMSI 0x00000000 Registered PLMN: MCC-MNC 901-70  (International, 70)
 Access barred cells: no
 Access classes: C0 C1 C2 C3 C4 C5 C6 C7 C8 C9 C10 C11 C12 C13 C14 C15

OsmocomBB(mobile)> 
OsmocomBB(mobile)> 
2026/Jun/10 09:23:56.484367 PORTEVENT GSM_Component_Definitions.ttcn3:456 Message enqueued on VTY from system charstring : "\r\n% (MS 1)\r\n% Trying to register with network International, 70...\r\nshow subscriber\r\nMobile Subscriber of MS '1':\r\n IMSI: 901700000000001\r\n Status: U2_NOT_UPDATED  IMSI detached  LAI: invalid\r\n GPRS Status: GU0_NULL IMSI detached  PTMSI 0xffffffff  PTMSI-sig 0x000000  RAI: invalid\r\n  P-TMSI 0x00000000 Registered PLMN: MCC-MNC 901-70  (International, 70)\r\n Access barred cells: no\r\n Access classes: C0 C1 C2 C3 C4 C5 C6 C7 C8 C9 C10 C11 C12 C13 C14 C15\r\n\r\nOsmocomBB(mobile)> \r\nOsmocomBB(mobile)> " id 1
2026/Jun/10 09:23:56.484393 TIMEROP GSM_Component_Definitions.ttcn3:459 Start timer T_vty: 5 s
2026/Jun/10 09:23:56.484430 PORTEVENT GSM_Component_Definitions.ttcn3:462 Receive operation on port VTY succeeded, message from system(): charstring : "\r\n% (MS 1)\r\n% Trying to register with network International, 70...\r\nshow subscriber\r\nMobile Subscriber of MS '1':\r\n IMSI: 901700000000001\r\n Status: U2_NOT_UPDATED  IMSI detached  LAI: invalid\r\n GPRS Status: GU0_NULL IMSI detached  PTMSI 0xffffffff  PTMSI-sig 0x000000  RAI: invalid\r\n  P-TMSI 0x00000000 Registered PLMN: MCC-MNC 901-70  (International, 70)\r\n Access barred cells: no\r\n Access classes: C0 C1 C2 C3 C4 C5 C6 C7 C8 C9 C10 C11 C12 C13 C14 C15\r\n\r\nOsmocomBB(mobile)> \r\nOsmocomBB(mobile)> " id 1
2026/Jun/10 09:23:56.484440 PORTEVENT GSM_Component_Definitions.ttcn3:462 Message with id 1 was extracted from the queue of VTY.
2026/Jun/10 09:23:56.484449 TIMEROP GSM_Component_Definitions.ttcn3:463 Stop timer T_vty: 5 s
2026/Jun/10 09:23:56.484453 USER GSM_Component_Definitions.ttcn3:464 VTY: Received response: "\r\n% (MS 1)\r\n% Trying to register with network International, 70...\r\nshow subscriber\r\nMobile Subscriber of MS '1':\r\n IMSI: 901700000000001\r\n Status: U2_NOT_UPDATED  IMSI detached  LAI: invalid\r\n GPRS Status: GU0_NULL IMSI detached  PTMSI 0xffffffff  PTMSI-sig 0x000000  RAI: invalid\r\n  P-TMSI 0x00000000 Registered PLMN: MCC-MNC 901-70  (International, 70)\r\n Access barred cells: no\r\n Access classes: C0 C1 C2 C3 C4 C5 C6 C7 C8 C9 C10 C11 C12 C13 C14 C15\r\n\r\nOsmocomBB(mobile)> \r\nOsmocomBB(mobile)> "
2026/Jun/10 09:23:56.484480 USER TC_26_7_3_1.ttcn3:265 State after LU: "\r\n% (MS 1)\r\n% Trying to register with network International, 70...\r\nshow subscriber\r\nMobile Subscriber of MS '1':\r\n IMSI: 901700000000001\r\n Status: U2_NOT_UPDATED  IMSI detached  LAI: invalid\r\n GPRS Status: GU0_NULL IMSI detached  PTMSI 0xffffffff  PTMSI-sig 0x000000  RAI: invalid\r\n  P-TMSI 0x00000000 Registered PLMN: MCC-MNC 901-70  (International, 70)\r\n Access barred cells: no\r\n Access classes: C0 C1 C2 C3 C4 C5 C6 C7 C8 C9 C10 C11 C12 C13 C14 C15\r\n\r\nOsmocomBB(mobile)> \r\nOsmocomBB(mobile)> "
2026/Jun/10 09:23:56.484511 USER TC_26_7_3_1.ttcn3:268 *** Step 7: Triggering mobile to initiate MO call ***
2026/Jun/10 09:23:56.484517 USER GSM_Component_Definitions.ttcn3:455 VTY: Sending command: "enable"
2026/Jun/10 09:23:56.484525 PORTEVENT GSM_Component_Definitions.ttcn3:456 Sent on VTY to system charstring : "enable"
2026/Jun/10 09:23:56.484532 USER GSM_Component_Definitions.ttcn3:456 VTY_PT: Sending command: "enable"
2026/Jun/10 09:23:56.684711 USER GSM_Component_Definitions.ttcn3:456 VTY_PT: Received response: enable
OsmocomBB(mobile)# 
OsmocomBB(mobile)# 
2026/Jun/10 09:23:56.684779 PORTEVENT GSM_Component_Definitions.ttcn3:456 Message enqueued on VTY from system charstring : "enable\r\nOsmocomBB(mobile)# \r\nOsmocomBB(mobile)# " id 2
2026/Jun/10 09:23:56.684795 TIMEROP GSM_Component_Definitions.ttcn3:459 Start timer T_vty: 5 s
2026/Jun/10 09:23:56.684812 PORTEVENT GSM_Component_Definitions.ttcn3:462 Receive operation on port VTY succeeded, message from system(): charstring : "enable\r\nOsmocomBB(mobile)# \r\nOsmocomBB(mobile)# " id 2
2026/Jun/10 09:23:56.684819 PORTEVENT GSM_Component_Definitions.ttcn3:462 Message with id 2 was extracted from the queue of VTY.
2026/Jun/10 09:23:56.684843 TIMEROP GSM_Component_Definitions.ttcn3:463 Stop timer T_vty: 5 s
2026/Jun/10 09:23:56.684847 USER GSM_Component_Definitions.ttcn3:464 VTY: Received response: "enable\r\nOsmocomBB(mobile)# \r\nOsmocomBB(mobile)# "
2026/Jun/10 09:23:56.684858 USER TC_26_7_3_1.ttcn3:271 VTY enable sent
2026/Jun/10 09:23:56.684863 USER GSM_Component_Definitions.ttcn3:455 VTY: Sending command: "call 1 12345"
2026/Jun/10 09:23:56.684872 PORTEVENT GSM_Component_Definitions.ttcn3:456 Sent on VTY to system charstring : "call 1 12345"
2026/Jun/10 09:23:56.684879 USER GSM_Component_Definitions.ttcn3:456 VTY_PT: Sending command: "call 1 12345"
2026/Jun/10 09:23:56.885065 USER GSM_Component_Definitions.ttcn3:456 VTY_PT: Received response: call 1 12345
OsmocomBB(mobile)# 
OsmocomBB(mobile)# 
2026/Jun/10 09:23:56.885141 PORTEVENT GSM_Component_Definitions.ttcn3:456 Message enqueued on VTY from system charstring : "call 1 12345\r\nOsmocomBB(mobile)# \r\nOsmocomBB(mobile)# " id 3
2026/Jun/10 09:23:56.885156 TIMEROP GSM_Component_Definitions.ttcn3:459 Start timer T_vty: 5 s
2026/Jun/10 09:23:56.885174 PORTEVENT GSM_Component_Definitions.ttcn3:462 Receive operation on port VTY succeeded, message from system(): charstring : "call 1 12345\r\nOsmocomBB(mobile)# \r\nOsmocomBB(mobile)# " id 3
2026/Jun/10 09:23:56.885181 PORTEVENT GSM_Component_Definitions.ttcn3:462 Message with id 3 was extracted from the queue of VTY.
2026/Jun/10 09:23:56.885185 TIMEROP GSM_Component_Definitions.ttcn3:463 Stop timer T_vty: 5 s
2026/Jun/10 09:23:56.885189 USER GSM_Component_Definitions.ttcn3:464 VTY: Received response: "call 1 12345\r\nOsmocomBB(mobile)# \r\nOsmocomBB(mobile)# "
2026/Jun/10 09:23:56.885200 USER TC_26_7_3_1.ttcn3:274 VTY call command sent
2026/Jun/10 09:23:56.885205 TIMEROP TC_26_7_3_1.ttcn3:277 Start timer T_call_delay: 2 s
2026/Jun/10 09:23:58.885859 TIMEROP TC_26_7_3_1.ttcn3:278 Timeout T_call_delay: 2 s
2026/Jun/10 09:23:58.885939 USER TC_26_7_3_1.ttcn3:280 MO call triggered - mobile should send CM SERVICE REQUEST
2026/Jun/10 09:23:58.885977 USER TC_26_7_3_1.ttcn3:283 *** Step 8: Waiting for CM SERVICE REQUEST ***
2026/Jun/10 09:23:58.885990 TIMEROP TC_26_7_3_1.ttcn3:286 Start timer T_cm_req: 30 s
2026/Jun/10 09:23:59.310284 USER TC_26_7_3_1.ttcn3:289 MSC_Port: RX: {"type": "HEARTBEAT"}
2026/Jun/10 09:23:59.310371 PORTEVENT TC_26_7_3_1.ttcn3:289 Message enqueued on MSC from system charstring : "{\"type\": \"HEARTBEAT\"}" id 15
2026/Jun/10 09:23:59.310408 PORTEVENT TC_26_7_3_1.ttcn3:290 Receive operation on port MSC succeeded, message from system(): charstring : "{\"type\": \"HEARTBEAT\"}" id 15
2026/Jun/10 09:23:59.310437 PORTEVENT TC_26_7_3_1.ttcn3:290 Message with id 15 was extracted from the queue of MSC.
2026/Jun/10 09:24:04.315194 USER TC_26_7_3_1.ttcn3:289 MSC_Port: RX: {"type": "HEARTBEAT"}
2026/Jun/10 09:24:04.315292 PORTEVENT TC_26_7_3_1.ttcn3:289 Message enqueued on MSC from system charstring : "{\"type\": \"HEARTBEAT\"}" id 16
2026/Jun/10 09:24:04.315331 PORTEVENT TC_26_7_3_1.ttcn3:290 Receive operation on port MSC succeeded, message from system(): charstring : "{\"type\": \"HEARTBEAT\"}" id 16
2026/Jun/10 09:24:04.315348 PORTEVENT TC_26_7_3_1.ttcn3:290 Message with id 16 was extracted from the queue of MSC.
2026/Jun/10 09:24:08.911388 USER TC_26_7_3_1.ttcn3:289 MSC_Port: RX: {"type": "EVENT_CLEAR_REQUEST", "bsc_slr": 2}
2026/Jun/10 09:24:08.911482 PORTEVENT TC_26_7_3_1.ttcn3:289 Message enqueued on MSC from system charstring : "{\"type\": \"EVENT_CLEAR_REQUEST\", \"bsc_slr\": 2}" id 17
2026/Jun/10 09:24:08.911524 PORTEVENT TC_26_7_3_1.ttcn3:290 Receive operation on port MSC succeeded, message from system(): charstring : "{\"type\": \"EVENT_CLEAR_REQUEST\", \"bsc_slr\": 2}" id 17
2026/Jun/10 09:24:08.911543 PORTEVENT TC_26_7_3_1.ttcn3:290 Message with id 17 was extracted from the queue of MSC.
2026/Jun/10 09:24:08.911772 USER TC_26_7_3_1.ttcn3:301 Other event during CM REQ wait: "{\"type\": \"EVENT_CLEAR_REQUEST\", \"bsc_slr\": 2}"
2026/Jun/10 09:24:09.052868 USER TC_26_7_3_1.ttcn3:289 VTY_PT: Received data (buffered): 68 bytes
2026/Jun/10 09:24:09.320108 USER TC_26_7_3_1.ttcn3:289 MSC_Port: RX: {"type": "HEARTBEAT"}
2026/Jun/10 09:24:09.320195 PORTEVENT TC_26_7_3_1.ttcn3:289 Message enqueued on MSC from system charstring : "{\"type\": \"HEARTBEAT\"}" id 18
2026/Jun/10 09:24:09.320233 PORTEVENT TC_26_7_3_1.ttcn3:290 Receive operation on port MSC succeeded, message from system(): charstring : "{\"type\": \"HEARTBEAT\"}" id 18
2026/Jun/10 09:24:09.320251 PORTEVENT TC_26_7_3_1.ttcn3:290 Message with id 18 was extracted from the queue of MSC.
2026/Jun/10 09:24:14.325044 USER TC_26_7_3_1.ttcn3:289 MSC_Port: RX: {"type": "HEARTBEAT"}
2026/Jun/10 09:24:14.325115 PORTEVENT TC_26_7_3_1.ttcn3:289 Message enqueued on MSC from system charstring : "{\"type\": \"HEARTBEAT\"}" id 19
2026/Jun/10 09:24:14.325135 PORTEVENT TC_26_7_3_1.ttcn3:290 Receive operation on port MSC succeeded, message from system(): charstring : "{\"type\": \"HEARTBEAT\"}" id 19
2026/Jun/10 09:24:14.325143 PORTEVENT TC_26_7_3_1.ttcn3:290 Message with id 19 was extracted from the queue of MSC.
2026/Jun/10 09:24:19.330084 USER TC_26_7_3_1.ttcn3:289 MSC_Port: RX: {"type": "HEARTBEAT"}
2026/Jun/10 09:24:19.330183 PORTEVENT TC_26_7_3_1.ttcn3:289 Message enqueued on MSC from system charstring : "{\"type\": \"HEARTBEAT\"}" id 20
2026/Jun/10 09:24:19.330228 PORTEVENT TC_26_7_3_1.ttcn3:290 Receive operation on port MSC succeeded, message from system(): charstring : "{\"type\": \"HEARTBEAT\"}" id 20
2026/Jun/10 09:24:19.330247 PORTEVENT TC_26_7_3_1.ttcn3:290 Message with id 20 was extracted from the queue of MSC.
2026/Jun/10 09:24:24.335242 USER TC_26_7_3_1.ttcn3:289 MSC_Port: RX: {"type": "HEARTBEAT"}
2026/Jun/10 09:24:24.335341 PORTEVENT TC_26_7_3_1.ttcn3:289 Message enqueued on MSC from system charstring : "{\"type\": \"HEARTBEAT\"}" id 21
2026/Jun/10 09:24:24.335381 PORTEVENT TC_26_7_3_1.ttcn3:290 Receive operation on port MSC succeeded, message from system(): charstring : "{\"type\": \"HEARTBEAT\"}" id 21
2026/Jun/10 09:24:24.335399 PORTEVENT TC_26_7_3_1.ttcn3:290 Message with id 21 was extracted from the queue of MSC.
2026/Jun/10 09:24:28.889854 TIMEROP TC_26_7_3_1.ttcn3:305 Timeout T_cm_req: 30 s
2026/Jun/10 09:24:28.889915 USER TC_26_7_3_1.ttcn3:306 ERROR: No CM SERVICE REQUEST received
2026/Jun/10 09:24:28.889999 VERDICTOP TC_26_7_3_1.ttcn3:307 setverdict(fail): none -> fail
2026/Jun/10 09:24:28.890073 TIMEROP TC_26_7_3_1.ttcn3:308 Stop timer T_guard: 1800 s
2026/Jun/10 09:24:28.890085 PARALLEL TC_26_7_3_1.ttcn3:309 Unmapping port mtc:MSC from system:MSC.
2026/Jun/10 09:24:28.890144 USER TC_26_7_3_1.ttcn3:309 MSC_Port: Unmapping from MSC
2026/Jun/10 09:24:28.890236 PORTEVENT TC_26_7_3_1.ttcn3:309 Port MSC was unmapped from system:MSC.
2026/Jun/10 09:24:28.890296 PARALLEL TC_26_7_3_1.ttcn3:309 Unmap operation of mtc:MSC from system:MSC finished.
2026/Jun/10 09:24:28.890326 PARALLEL TC_26_7_3_1.ttcn3:310 Unmapping port mtc:VTY from system:VTY.
2026/Jun/10 09:24:28.890351 USER TC_26_7_3_1.ttcn3:310 VTY_PT: Unmapping port from VTY interface
2026/Jun/10 09:24:28.890424 USER TC_26_7_3_1.ttcn3:310 VTY_PT: Disconnected from VTY
2026/Jun/10 09:24:28.890432 PORTEVENT TC_26_7_3_1.ttcn3:310 Port VTY was unmapped from system:VTY.
2026/Jun/10 09:24:28.890455 PARALLEL TC_26_7_3_1.ttcn3:310 Unmap operation of mtc:VTY from system:VTY finished.
2026/Jun/10 09:24:28.890468 PARALLEL TC_26_7_3_1.ttcn3:311 Stopping test component execution.
2026/Jun/10 09:24:28.890634 FUNCTION TC_26_7_3_1.ttcn3:311 Test case TC_26_7_3_1 was stopped.
2026/Jun/10 09:24:28.890654 PARALLEL TC_26_7_3_1.ttcn3:311 Terminating component type GSM_Component_Definitions.GSM_CT.
2026/Jun/10 09:24:28.890672 USER TC_26_7_3_1.ttcn3:311 L3_Port: user_stop called
2026/Jun/10 09:24:28.890681 PORTEVENT TC_26_7_3_1.ttcn3:311 Port L was stopped.
2026/Jun/10 09:24:28.890692 PORTEVENT TC_26_7_3_1.ttcn3:311 Port RR was stopped.
2026/Jun/10 09:24:28.890702 PORTEVENT TC_26_7_3_1.ttcn3:311 Port MM was stopped.
2026/Jun/10 09:24:28.890705 PORTEVENT TC_26_7_3_1.ttcn3:311 Port CC was stopped.
2026/Jun/10 09:24:28.890708 USER TC_26_7_3_1.ttcn3:311 MSC_Port: user_stop called
2026/Jun/10 09:24:28.890713 PORTEVENT TC_26_7_3_1.ttcn3:311 Port MSC was stopped.
2026/Jun/10 09:24:28.890722 USER TC_26_7_3_1.ttcn3:311 BSC_Port: user_stop called
2026/Jun/10 09:24:28.890727 PORTEVENT TC_26_7_3_1.ttcn3:311 Port BSC was stopped.
2026/Jun/10 09:24:28.890730 PORTEVENT TC_26_7_3_1.ttcn3:311 Port RSL was stopped.
2026/Jun/10 09:24:28.890733 USER TC_26_7_3_1.ttcn3:311 VTY_PT: Stopping
2026/Jun/10 09:24:28.890737 PORTEVENT TC_26_7_3_1.ttcn3:311 Port VTY was stopped.
2026/Jun/10 09:24:28.890741 PORTEVENT TC_26_7_3_1.ttcn3:311 Port COORD was stopped.
2026/Jun/10 09:24:28.890744 PARALLEL TC_26_7_3_1.ttcn3:311 Component type GSM_Component_Definitions.GSM_CT was shut down inside testcase TC_26_7_3_1.
2026/Jun/10 09:24:28.890750 EXECUTOR TC_26_7_3_1.ttcn3:311 Waiting for PTCs to finish.
2026/Jun/10 09:24:28.890786 VERDICTOP TC_26_7_3_1.ttcn3:311 Setting final verdict of the test case.
2026/Jun/10 09:24:28.890837 VERDICTOP TC_26_7_3_1.ttcn3:311 Local verdict of MTC: fail
2026/Jun/10 09:24:28.890861 VERDICTOP TC_26_7_3_1.ttcn3:311 No PTCs were created.
2026/Jun/10 09:24:28.890871 TESTCASE TC_26_7_3_1.ttcn3:311 Test case TC_26_7_3_1 finished. Verdict: fail
2026/Jun/10 09:24:28.891038 STATISTICS - Verdict statistics: 0 none (0.00 %), 0 pass (0.00 %), 0 inconc (0.00 %), 1 fail (100.00 %), 0 error (0.00 %).
2026/Jun/10 09:24:28.891112 STATISTICS - Test execution summary: 1 test case was executed. Overall verdict: fail
2026/Jun/10 09:24:28.891120 EXECUTOR - Exit was requested from MC. Terminating MTC.
======================================================
TEST RESULT: FAIL
