Defaulted container "ttcn3" out of: ttcn3, setup-mobile-vty-dnat (init)
======================================================
Waiting for mobile to register (5 seconds)...
======================================================
======================================================
Starting TC_26_6_13_1 Test Case
======================================================
Resolved: msc=10.42.0.213 mobile=10.43.41.119 bsc=10.42.0.212
DEBUG: [EXECUTE] section:
[EXECUTE]
TC_26_6_13_1.TC_26_6_13_1
Main Controller ready (attempt 1)
Starting Host Controller...
TTCN-3 Host Controller (parallel mode), version 11.1.0
The address of MC was set to a local IP address. This may cause incorrect behavior if a HC from a remote host also connects to MC.
Result dir: /results/TC_26_6_13_1-2026-06-26-144519
Waiting for log files...
2026/Jun/26 14:45:19.095488 EXECUTOR - TTCN-3 Host Controller started on ttcn3-tc-26-6-13-1-1-z2d2j. Version: 11.1.0.
2026/Jun/26 14:45:19.095672 EXECUTOR - TTCN Logger v2.2 options: TimeStampFormat:=DateTime; LogEntityName:=No; LogEventTypes:=Yes; SourceInfoFormat:=Single; LogSensitiveData:=No; *.FileMask:=LOG_ALL; *.ConsoleMask:=ERROR | TESTCASE | USER | VERDICTOP | WARNING; LogFileSize:=0; LogFileNumber:=1; DiskFullAction:=Error
2026/Jun/26 14:45:19.095684 EXECUTOR - Maximum number of open file descriptors: 1048576,   FD_SETSIZE = 1024
2026/Jun/26 14:45:19.095836 WARNING - Warning: The address of MC was set to a local IP address. This may cause incorrect behavior if a HC from a remote host also connects to MC.
2026/Jun/26 14:45:19.095876 EXECUTOR - The address of MC was set to 127.0.0.1:0.
2026/Jun/26 14:45:19.096011 EXECUTOR - Connected to MC.
2026/Jun/26 14:45:19.096139 EXECUTOR - This host supports UNIX domain sockets for local communication.
2026/Jun/26 14:45:19.096615 EXECUTOR - Processing configuration data received from MC.
2026/Jun/26 14:45:19.096887 WARNING - Warning: Skeleton `/results/TC_26_6_13_1-2026-06-26-144519/%n.log' does not guarantee unique log file name for every test system process. It may cause unpredictable results if several test components try to write into the same log file.
2026/Jun/26 14:45:19.097209 EXECUTOR - Module GSM_Constants has the following parameters: { TSPC_Serv_TS11 := true, TSPC_Serv_TS61 := false, TSPC_Serv_TS62 := false, TSPC_Serv_BS21 := false, TSPC_Serv_BS22 := false, TSPC_Serv_BS24 := false, TSPC_Serv_BS25 := false, TSPC_Serv_BS26 := false, TSPC_Serv_BS31 := false, TSPC_Serv_BS32 := false, TSPC_Serv_BS33 := false, TSPC_Serv_BS34 := false, TSPC_Serv_BS41 := false, TSPC_Serv_BS42 := false, TSPC_Serv_BS43 := false, TSPC_Serv_BS44 := false, TSPC_Serv_BS45 := false, TSPC_Serv_BS51 := false, TSPC_Serv_BS61 := false, TSPC_Serv_BS81 := false, TSPC_DualRate := false, TSPC_MTsvc := true, TSPX_IMSI := '901700000000001F'O, TSPX_TMSI := '1914D97F'O, TSPX_CKSNDef := 0, TSPX_RANDDef := '00112233445566778899AABBCCDDEEFF'O, TSPX_SRES := '12345678'O, TSPX_Kc := '0000000000000000'O, TSPX_SDCCH4SubDef := 0, TSPX_TmSltDef := 0, TSPX_TscDef := 7, TSPX_TCHHSubDef := 0, TCV_CC := true, TSPX_Telephony_Rate := C_Full (0), TSPX_MOBscSvcA := C_Telephony (0), TSPX_MOBscSvcB := C_Telephony (0), TSPX_MOBscSvcC := C_Telephony (0), TSPX_MOBscSvcD := C_Telephony (0), TSPX_MOBscSvcE := C_Telephony (0), TSPX_MOBscSvcF := C_Telephony (0), TSPX_MOBscSvcG := C_Telephony (0), TSPX_MOChRateA := C_Full (0), TSPX_MOChRateB := C_Full (0), TSPX_MOChRateC := C_Full (0), TSPX_MOChRateD := C_Full (0), TSPX_MOChRateE := C_Full (0), TSPX_MOChRateF := C_Full (0), TSPX_MOChRateG := C_Full (0), TSPX_MTBscSvcA := C_Telephony (0), TSPX_MTBscSvcB := C_Telephony (0), TSPX_MTBscSvcC := C_Telephony (0), TSPX_MTBscSvcD := C_Telephony (0), TSPX_MTBscSvcE := C_Telephony (0), TSPX_MTBscSvcF := C_Telephony (0), TSPX_MTBscSvcG := C_Telephony (0), TSPX_MTBscSvcH := C_Telephony (0), TSPX_MTBscSvcI := C_Telephony (0), TSPX_MTBscSvcJ := C_Telephony (0), TSPX_MTChRateA := C_Full (0), TSPX_MTChRateB := C_Full (0), TSPX_MTChRateC := C_Full (0), TSPX_MTChRateD := C_Full (0), TSPX_MTChRateE := C_Full (0), TSPX_MTChRateF := C_Full (0), TSPX_MTChRateG := C_Full (0), TSPX_MTChRateH := C_Full (0), TSPX_MTChRateI := C_Full (0), TSPX_MTChRateJ := C_Full (0), C_arfcnA := 100 }
2026/Jun/26 14:45:19.097289 EXECUTOR - Module TC_26_3_3 has the following parameters: { TSPC_Serv_TS12 := false }
2026/Jun/26 14:45:19.097301 EXECUTOR - Module TC_26_6_13_5 has the following parameters: { TSPC_NonSynchronizedHO := false, TSPC_FreqHopping := false, TSPC_TwoCellSetup := false }
2026/Jun/26 14:45:19.097311 EXECUTOR - Module TC_26_6_13_6 has the following parameters: { TSPC_StartingTime := false, TSPC_TwoCellSetup := false, TSPC_FhChannelConfig := false, TSPC_FhMaListCheck := false, TSPC_NonSynchronizedHO := false, TSPC_MaListEncoding := false }
2026/Jun/26 14:45:19.097321 EXECUTOR - Module TC_26_6_1_2 has the following parameters: { TSPX_nPara := 3, TSPX_i1Para := 3, TSPX_kPara := 5, TSPX_i2Para := 1, TSPX_rPara := 4, TSPX_i3Para := 4 }
2026/Jun/26 14:45:19.097338 EXECUTOR - Module TC_26_6_2_5 has the following parameters: { TSPX_CcchConf_MultiNonComb := true, TSPC_CcchgPositive := true, TSPC_CcchgComputation := false, TSPC_SdcchOmConfig := false }
2026/Jun/26 14:45:19.097348 EXECUTOR - Module TC_26_6_3_2 has the following parameters: { TSPC_SacchSiInjection := false, TSPC_MeasurementReportCheck := false }
2026/Jun/26 14:45:19.097359 EXECUTOR - Module TC_26_6_4_2_1 has the following parameters: { TSPC_SacchL1PowerCheck := false, TSPC_HalfRateChannel := false, TSPC_CCStateU10 := false }
2026/Jun/26 14:45:19.097368 EXECUTOR - Module TC_26_6_5_2_10 has the following parameters: { TSPC_FnTimingCheck := false }
2026/Jun/26 14:45:19.097378 EXECUTOR - Module TC_26_6_5_2_9 has the following parameters: { TSPC_OM_NoL2Ack := false, TSPC_SacchMrCheck := false, TSPC_FreqHopping := false, TSPC_OM_SendNextOnHO := false }
2026/Jun/26 14:45:19.097387 EXECUTOR - Module TC_26_6_5_3_1 has the following parameters: { TSPC_InterCellHO := false, TSPC_FnTiming := false, TSPC_CheckCellsPresent := false, TSPC_TimadvPwrlvlChk := false }
2026/Jun/26 14:45:19.097396 EXECUTOR - Module TC_26_6_5_4_1 has the following parameters: { TSPC_StartCellB := false, TSPC_OM_GetTxFn := false, TSPC_FnTimingCheck := false, TSPC_TimadvPwrlvlChk := false }
2026/Jun/26 14:45:19.097406 EXECUTOR - Module TC_26_6_5_8 has the following parameters: { TSPC_CCStateU10 := false, TSPC_HoAccessObserve := false, TSPC_SacchL1PowerCheck := false, TSPC_CheckCellsPresent := false, TSPC_OM_ReturnFn := false }
2026/Jun/26 14:45:19.097416 EXECUTOR - Module TC_26_6_6_1 has the following parameters: { TSPC_FHCHK := false, TSPC_StartingTime := false, TSPC_DualRate := false, TSPC_PerSubtestChannel := false, TSPC_FHImmAsgn := false, TSPC_PerSubtestRelease := false, TSPC_OM_StopCell := false }
2026/Jun/26 14:45:19.097426 EXECUTOR - Module TC_26_6_7_2 has the following parameters: { TSPC_48DataH := false, TSPC_24DataH := false, TSPC_HalfRateSpeech := false }
2026/Jun/26 14:45:19.097456 EXECUTOR - Initializing module GSM_Component_Definitions.
2026/Jun/26 14:45:19.097464 EXECUTOR GSM_Component_Definitions.ttcn3:0 Initializing module GSM_Templates.
2026/Jun/26 14:45:19.097483 EXECUTOR GSM_Templates.ttcn3:0 Initializing module GSM_Constants.
2026/Jun/26 14:45:19.097488 EXECUTOR GSM_Constants.ttcn3:0 Initializing module GSM_Types.
2026/Jun/26 14:45:19.097491 EXECUTOR GSM_Constants.ttcn3:0 Initialization of module GSM_Types finished.
2026/Jun/26 14:45:19.097494 EXECUTOR GSM_Templates.ttcn3:0 Initialization of module GSM_Constants finished.
2026/Jun/26 14:45:19.097568 EXECUTOR GSM_Component_Definitions.ttcn3:0 Initialization of module GSM_Templates finished.
2026/Jun/26 14:45:19.097572 EXECUTOR - Initialization of module GSM_Component_Definitions finished.
2026/Jun/26 14:45:19.097574 EXECUTOR - Initializing module GSM_Functions.
2026/Jun/26 14:45:19.097597 EXECUTOR - Initialization of module GSM_Functions finished.
2026/Jun/26 14:45:19.097599 EXECUTOR - Initializing module PreGenRecordOf.
2026/Jun/26 14:45:19.097601 EXECUTOR - Initialization of module PreGenRecordOf finished.
2026/Jun/26 14:45:19.097603 EXECUTOR - Initializing module TC_26_2_1_3.
2026/Jun/26 14:45:19.097608 EXECUTOR - Initialization of module TC_26_2_1_3 finished.
2026/Jun/26 14:45:19.097610 EXECUTOR - Initializing module TC_26_2_2.
2026/Jun/26 14:45:19.097615 EXECUTOR - Initialization of module TC_26_2_2 finished.
2026/Jun/26 14:45:19.097618 EXECUTOR - Initializing module TC_26_2_3.
2026/Jun/26 14:45:19.097622 EXECUTOR - Initialization of module TC_26_2_3 finished.
2026/Jun/26 14:45:19.097625 EXECUTOR - Initializing module TC_26_3_2.
2026/Jun/26 14:45:19.097629 EXECUTOR - Initialization of module TC_26_3_2 finished.
2026/Jun/26 14:45:19.097631 EXECUTOR - Initializing module TC_26_3_3.
2026/Jun/26 14:45:19.097636 EXECUTOR - Initialization of module TC_26_3_3 finished.
2026/Jun/26 14:45:19.097638 EXECUTOR - Initializing module TC_26_3_4.
2026/Jun/26 14:45:19.097643 EXECUTOR - Initialization of module TC_26_3_4 finished.
2026/Jun/26 14:45:19.097649 EXECUTOR - Initializing module TC_26_6_11_1.
2026/Jun/26 14:45:19.097654 EXECUTOR - Initialization of module TC_26_6_11_1 finished.
2026/Jun/26 14:45:19.097656 EXECUTOR - Initializing module TC_26_6_11_2.
2026/Jun/26 14:45:19.097661 EXECUTOR - Initialization of module TC_26_6_11_2 finished.
2026/Jun/26 14:45:19.097663 EXECUTOR - Initializing module TC_26_6_12_1.
2026/Jun/26 14:45:19.097668 EXECUTOR - Initialization of module TC_26_6_12_1 finished.
2026/Jun/26 14:45:19.097670 EXECUTOR - Initializing module TC_26_6_12_2.
2026/Jun/26 14:45:19.097675 EXECUTOR - Initialization of module TC_26_6_12_2 finished.
2026/Jun/26 14:45:19.097677 EXECUTOR - Initializing module TC_26_6_12_3.
2026/Jun/26 14:45:19.097682 EXECUTOR - Initialization of module TC_26_6_12_3 finished.
2026/Jun/26 14:45:19.097684 EXECUTOR - Initializing module TC_26_6_12_4.
2026/Jun/26 14:45:19.097689 EXECUTOR - Initialization of module TC_26_6_12_4 finished.
2026/Jun/26 14:45:19.097691 EXECUTOR - Initializing module TC_26_6_13_1.
2026/Jun/26 14:45:19.097696 EXECUTOR - Initialization of module TC_26_6_13_1 finished.
2026/Jun/26 14:45:19.097698 EXECUTOR - Initializing module TC_26_6_13_10.
2026/Jun/26 14:45:19.097703 EXECUTOR - Initialization of module TC_26_6_13_10 finished.
2026/Jun/26 14:45:19.097705 EXECUTOR - Initializing module TC_26_6_13_2.
2026/Jun/26 14:45:19.097710 EXECUTOR - Initialization of module TC_26_6_13_2 finished.
2026/Jun/26 14:45:19.097712 EXECUTOR - Initializing module TC_26_6_13_3.
2026/Jun/26 14:45:19.097717 EXECUTOR - Initialization of module TC_26_6_13_3 finished.
2026/Jun/26 14:45:19.097719 EXECUTOR - Initializing module TC_26_6_13_4.
2026/Jun/26 14:45:19.097724 EXECUTOR - Initialization of module TC_26_6_13_4 finished.
2026/Jun/26 14:45:19.097726 EXECUTOR - Initializing module TC_26_6_13_5.
2026/Jun/26 14:45:19.097731 EXECUTOR - Initialization of module TC_26_6_13_5 finished.
2026/Jun/26 14:45:19.097733 EXECUTOR - Initializing module TC_26_6_13_6.
2026/Jun/26 14:45:19.097737 EXECUTOR - Initialization of module TC_26_6_13_6 finished.
2026/Jun/26 14:45:19.097739 EXECUTOR - Initializing module TC_26_6_13_7.
2026/Jun/26 14:45:19.097744 EXECUTOR - Initialization of module TC_26_6_13_7 finished.
2026/Jun/26 14:45:19.097747 EXECUTOR - Initializing module TC_26_6_13_9.
2026/Jun/26 14:45:19.097751 EXECUTOR - Initialization of module TC_26_6_13_9 finished.
2026/Jun/26 14:45:19.097753 EXECUTOR - Initializing module TC_26_6_1_1.
2026/Jun/26 14:45:19.097758 EXECUTOR - Initialization of module TC_26_6_1_1 finished.
2026/Jun/26 14:45:19.097760 EXECUTOR - Initializing module TC_26_6_1_2.
2026/Jun/26 14:45:19.097765 EXECUTOR - Initialization of module TC_26_6_1_2 finished.
2026/Jun/26 14:45:19.097767 EXECUTOR - Initializing module TC_26_6_1_3.
2026/Jun/26 14:45:19.097772 EXECUTOR - Initialization of module TC_26_6_1_3 finished.
2026/Jun/26 14:45:19.097774 EXECUTOR - Initializing module TC_26_6_1_4.
2026/Jun/26 14:45:19.097780 EXECUTOR - Initialization of module TC_26_6_1_4 finished.
2026/Jun/26 14:45:19.097782 EXECUTOR - Initializing module TC_26_6_1_5.
2026/Jun/26 14:45:19.097786 EXECUTOR - Initialization of module TC_26_6_1_5 finished.
2026/Jun/26 14:45:19.097789 EXECUTOR - Initializing module TC_26_6_2_1_1.
2026/Jun/26 14:45:19.097793 EXECUTOR - Initialization of module TC_26_6_2_1_1 finished.
2026/Jun/26 14:45:19.097795 EXECUTOR - Initializing module TC_26_6_2_1_2.
2026/Jun/26 14:45:19.097801 EXECUTOR - Initialization of module TC_26_6_2_1_2 finished.
2026/Jun/26 14:45:19.097803 EXECUTOR - Initializing module TC_26_6_2_1_3.
2026/Jun/26 14:45:19.097808 EXECUTOR - Initialization of module TC_26_6_2_1_3 finished.
2026/Jun/26 14:45:19.097811 EXECUTOR - Initializing module TC_26_6_2_2.
2026/Jun/26 14:45:19.097816 EXECUTOR - Initialization of module TC_26_6_2_2 finished.
2026/Jun/26 14:45:19.097818 EXECUTOR - Initializing module TC_26_6_2_3_1.
2026/Jun/26 14:45:19.097831 EXECUTOR - Initialization of module TC_26_6_2_3_1 finished.
2026/Jun/26 14:45:19.097836 EXECUTOR - Initializing module TC_26_6_2_3_2.
2026/Jun/26 14:45:19.097844 EXECUTOR - Initialization of module TC_26_6_2_3_2 finished.
2026/Jun/26 14:45:19.097846 EXECUTOR - Initializing module TC_26_6_2_4.
2026/Jun/26 14:45:19.097852 EXECUTOR - Initialization of module TC_26_6_2_4 finished.
2026/Jun/26 14:45:19.097854 EXECUTOR - Initializing module TC_26_6_2_5.
2026/Jun/26 14:45:19.097858 EXECUTOR - Initialization of module TC_26_6_2_5 finished.
2026/Jun/26 14:45:19.097860 EXECUTOR - Initializing module TC_26_6_3_1.
2026/Jun/26 14:45:19.097866 EXECUTOR - Initialization of module TC_26_6_3_1 finished.
2026/Jun/26 14:45:19.097868 EXECUTOR - Initializing module TC_26_6_3_2.
2026/Jun/26 14:45:19.097873 EXECUTOR - Initialization of module TC_26_6_3_2 finished.
2026/Jun/26 14:45:19.097876 EXECUTOR - Initializing module TC_26_6_3_3.
2026/Jun/26 14:45:19.097880 EXECUTOR - Initialization of module TC_26_6_3_3 finished.
2026/Jun/26 14:45:19.097883 EXECUTOR - Initializing module TC_26_6_3_4.
2026/Jun/26 14:45:19.097888 EXECUTOR - Initialization of module TC_26_6_3_4 finished.
2026/Jun/26 14:45:19.097890 EXECUTOR - Initializing module TC_26_6_3_5.
2026/Jun/26 14:45:19.097896 EXECUTOR - Initialization of module TC_26_6_3_5 finished.
2026/Jun/26 14:45:19.097898 EXECUTOR - Initializing module TC_26_6_4_1.
2026/Jun/26 14:45:19.097903 EXECUTOR - Initialization of module TC_26_6_4_1 finished.
2026/Jun/26 14:45:19.097905 EXECUTOR - Initializing module TC_26_6_4_2_1.
2026/Jun/26 14:45:19.097909 EXECUTOR - Initialization of module TC_26_6_4_2_1 finished.
2026/Jun/26 14:45:19.097911 EXECUTOR - Initializing module TC_26_6_4_2_2.
2026/Jun/26 14:45:19.097916 EXECUTOR - Initialization of module TC_26_6_4_2_2 finished.
2026/Jun/26 14:45:19.097918 EXECUTOR - Initializing module TC_26_6_5_1.
2026/Jun/26 14:45:19.097923 EXECUTOR - Initialization of module TC_26_6_5_1 finished.
2026/Jun/26 14:45:19.097925 EXECUTOR - Initializing module TC_26_6_5_2_1.
2026/Jun/26 14:45:19.097930 EXECUTOR - Initialization of module TC_26_6_5_2_1 finished.
2026/Jun/26 14:45:19.097932 EXECUTOR - Initializing module TC_26_6_5_2_10.
2026/Jun/26 14:45:19.097937 EXECUTOR - Initialization of module TC_26_6_5_2_10 finished.
2026/Jun/26 14:45:19.097939 EXECUTOR - Initializing module TC_26_6_5_2_2.
2026/Jun/26 14:45:19.097944 EXECUTOR - Initialization of module TC_26_6_5_2_2 finished.
2026/Jun/26 14:45:19.097946 EXECUTOR - Initializing module TC_26_6_5_2_3.
2026/Jun/26 14:45:19.097951 EXECUTOR - Initialization of module TC_26_6_5_2_3 finished.
2026/Jun/26 14:45:19.097953 EXECUTOR - Initializing module TC_26_6_5_2_4.
2026/Jun/26 14:45:19.097958 EXECUTOR - Initialization of module TC_26_6_5_2_4 finished.
2026/Jun/26 14:45:19.097960 EXECUTOR - Initializing module TC_26_6_5_2_5.
2026/Jun/26 14:45:19.097965 EXECUTOR - Initialization of module TC_26_6_5_2_5 finished.
2026/Jun/26 14:45:19.097967 EXECUTOR - Initializing module TC_26_6_5_2_6.
2026/Jun/26 14:45:19.097973 EXECUTOR - Initialization of module TC_26_6_5_2_6 finished.
2026/Jun/26 14:45:19.097975 EXECUTOR - Initializing module TC_26_6_5_2_7.
2026/Jun/26 14:45:19.097980 EXECUTOR - Initialization of module TC_26_6_5_2_7 finished.
2026/Jun/26 14:45:19.097982 EXECUTOR - Initializing module TC_26_6_5_2_8.
2026/Jun/26 14:45:19.097987 EXECUTOR - Initialization of module TC_26_6_5_2_8 finished.
2026/Jun/26 14:45:19.097989 EXECUTOR - Initializing module TC_26_6_5_2_9.
2026/Jun/26 14:45:19.097993 EXECUTOR - Initialization of module TC_26_6_5_2_9 finished.
2026/Jun/26 14:45:19.097996 EXECUTOR - Initializing module TC_26_6_5_3_1.
2026/Jun/26 14:45:19.098000 EXECUTOR - Initialization of module TC_26_6_5_3_1 finished.
2026/Jun/26 14:45:19.098002 EXECUTOR - Initializing module TC_26_6_5_3_2.
2026/Jun/26 14:45:19.098008 EXECUTOR - Initialization of module TC_26_6_5_3_2 finished.
2026/Jun/26 14:45:19.098010 EXECUTOR - Initializing module TC_26_6_5_4_1.
2026/Jun/26 14:45:19.098015 EXECUTOR - Initialization of module TC_26_6_5_4_1 finished.
2026/Jun/26 14:45:19.098017 EXECUTOR - Initializing module TC_26_6_5_4_2.
2026/Jun/26 14:45:19.098022 EXECUTOR - Initialization of module TC_26_6_5_4_2 finished.
2026/Jun/26 14:45:19.098026 EXECUTOR - Initializing module TC_26_6_5_5_2.
2026/Jun/26 14:45:19.098032 EXECUTOR - Initialization of module TC_26_6_5_5_2 finished.
2026/Jun/26 14:45:19.098034 EXECUTOR - Initializing module TC_26_6_5_6.
2026/Jun/26 14:45:19.098040 EXECUTOR - Initialization of module TC_26_6_5_6 finished.
2026/Jun/26 14:45:19.098042 EXECUTOR - Initializing module TC_26_6_5_7.
2026/Jun/26 14:45:19.098048 EXECUTOR - Initialization of module TC_26_6_5_7 finished.
2026/Jun/26 14:45:19.098050 EXECUTOR - Initializing module TC_26_6_5_8.
2026/Jun/26 14:45:19.098055 EXECUTOR - Initialization of module TC_26_6_5_8 finished.
2026/Jun/26 14:45:19.098057 EXECUTOR - Initializing module TC_26_6_6_1.
2026/Jun/26 14:45:19.098062 EXECUTOR - Initialization of module TC_26_6_6_1 finished.
2026/Jun/26 14:45:19.098064 EXECUTOR - Initializing module TC_26_6_7_2.
2026/Jun/26 14:45:19.098068 EXECUTOR - Initialization of module TC_26_6_7_2 finished.
2026/Jun/26 14:45:19.098070 EXECUTOR - Initializing module TC_26_6_8_1.
2026/Jun/26 14:45:19.098076 EXECUTOR - Initialization of module TC_26_6_8_1 finished.
2026/Jun/26 14:45:19.098078 EXECUTOR - Initializing module TC_26_6_8_2.
2026/Jun/26 14:45:19.098083 EXECUTOR - Initialization of module TC_26_6_8_2 finished.
2026/Jun/26 14:45:19.098086 EXECUTOR - Initializing module TC_26_6_8_3.
2026/Jun/26 14:45:19.098090 EXECUTOR - Initialization of module TC_26_6_8_3 finished.
2026/Jun/26 14:45:19.098093 EXECUTOR - Initializing module TC_26_6_8_4.
2026/Jun/26 14:45:19.098098 EXECUTOR - Initialization of module TC_26_6_8_4 finished.
2026/Jun/26 14:45:19.098100 EXECUTOR - Initializing module TC_26_6_8_5.
2026/Jun/26 14:45:19.098105 EXECUTOR - Initialization of module TC_26_6_8_5 finished.
2026/Jun/26 14:45:19.098107 EXECUTOR - Initializing module TC_26_7_1.
2026/Jun/26 14:45:19.098113 EXECUTOR - Initialization of module TC_26_7_1 finished.
2026/Jun/26 14:45:19.098115 EXECUTOR - Initializing module TC_26_7_2_1.
2026/Jun/26 14:45:19.098120 EXECUTOR - Initialization of module TC_26_7_2_1 finished.
2026/Jun/26 14:45:19.098122 EXECUTOR - Initializing module TC_26_7_2_2.
2026/Jun/26 14:45:19.098127 EXECUTOR - Initialization of module TC_26_7_2_2 finished.
2026/Jun/26 14:45:19.098129 EXECUTOR - Initializing module TC_26_7_3_1.
2026/Jun/26 14:45:19.098134 EXECUTOR - Initialization of module TC_26_7_3_1 finished.
2026/Jun/26 14:45:19.098136 EXECUTOR - Initializing module TC_26_7_3_2.
2026/Jun/26 14:45:19.098141 EXECUTOR - Initialization of module TC_26_7_3_2 finished.
2026/Jun/26 14:45:19.098143 EXECUTOR - Initializing module TC_26_7_4_1.
2026/Jun/26 14:45:19.098147 EXECUTOR - Initialization of module TC_26_7_4_1 finished.
2026/Jun/26 14:45:19.098150 EXECUTOR - Initializing module TC_26_7_4_2_1.
2026/Jun/26 14:45:19.098154 EXECUTOR - Initialization of module TC_26_7_4_2_1 finished.
2026/Jun/26 14:45:19.098156 EXECUTOR - Initializing module TC_26_7_4_2_2_1.
2026/Jun/26 14:45:19.098161 EXECUTOR - Initialization of module TC_26_7_4_2_2_1 finished.
2026/Jun/26 14:45:19.098163 EXECUTOR - Initializing module TC_26_7_4_2_2_2.
2026/Jun/26 14:45:19.098168 EXECUTOR - Initialization of module TC_26_7_4_2_2_2 finished.
2026/Jun/26 14:45:19.098171 EXECUTOR - Initializing module TC_26_7_4_2_3.
2026/Jun/26 14:45:19.098175 EXECUTOR - Initialization of module TC_26_7_4_2_3 finished.
2026/Jun/26 14:45:19.098177 EXECUTOR - Initializing module TC_26_7_4_2_4_1.
2026/Jun/26 14:45:19.098182 EXECUTOR - Initialization of module TC_26_7_4_2_4_1 finished.
2026/Jun/26 14:45:19.098184 EXECUTOR - Initializing module TC_26_7_4_2_4_2.
2026/Jun/26 14:45:19.098189 EXECUTOR - Initialization of module TC_26_7_4_2_4_2 finished.
2026/Jun/26 14:45:19.098192 EXECUTOR - Initializing module TC_26_7_4_2_4_3.
2026/Jun/26 14:45:19.098197 EXECUTOR - Initialization of module TC_26_7_4_2_4_3 finished.
2026/Jun/26 14:45:19.098199 EXECUTOR - Initializing module TC_26_7_4_2_4_4.
2026/Jun/26 14:45:19.098204 EXECUTOR - Initialization of module TC_26_7_4_2_4_4 finished.
2026/Jun/26 14:45:19.098206 EXECUTOR - Initializing module TC_26_7_4_2_4_5.
2026/Jun/26 14:45:19.098211 EXECUTOR - Initialization of module TC_26_7_4_2_4_5 finished.
2026/Jun/26 14:45:19.098216 EXECUTOR - Initializing module TC_26_7_4_3_1.
2026/Jun/26 14:45:19.098221 EXECUTOR - Initialization of module TC_26_7_4_3_1 finished.
2026/Jun/26 14:45:19.098223 EXECUTOR - Initializing module TC_26_7_4_3_2.
2026/Jun/26 14:45:19.098228 EXECUTOR - Initialization of module TC_26_7_4_3_2 finished.
2026/Jun/26 14:45:19.098230 EXECUTOR - Initializing module TC_26_7_4_3_3.
2026/Jun/26 14:45:19.098236 EXECUTOR - Initialization of module TC_26_7_4_3_3 finished.
2026/Jun/26 14:45:19.098238 EXECUTOR - Initializing module TC_26_7_4_3_4.
2026/Jun/26 14:45:19.098243 EXECUTOR - Initialization of module TC_26_7_4_3_4 finished.
2026/Jun/26 14:45:19.098245 EXECUTOR - Initializing module TC_26_7_4_4.
2026/Jun/26 14:45:19.098250 EXECUTOR - Initialization of module TC_26_7_4_4 finished.
2026/Jun/26 14:45:19.098252 EXECUTOR - Initializing module TC_26_7_4_5_1.
2026/Jun/26 14:45:19.098257 EXECUTOR - Initialization of module TC_26_7_4_5_1 finished.
2026/Jun/26 14:45:19.098259 EXECUTOR - Initializing module TC_26_7_4_5_2.
2026/Jun/26 14:45:19.098263 EXECUTOR - Initialization of module TC_26_7_4_5_2 finished.
2026/Jun/26 14:45:19.098266 EXECUTOR - Initializing module TC_26_7_4_5_3.
2026/Jun/26 14:45:19.098270 EXECUTOR - Initialization of module TC_26_7_4_5_3 finished.
2026/Jun/26 14:45:19.098273 EXECUTOR - Initializing module TC_26_7_4_5_4_2.
2026/Jun/26 14:45:19.098277 EXECUTOR - Initialization of module TC_26_7_4_5_4_2 finished.
2026/Jun/26 14:45:19.098279 EXECUTOR - Initializing module TC_26_7_4_5_4_3.
2026/Jun/26 14:45:19.098285 EXECUTOR - Initialization of module TC_26_7_4_5_4_3 finished.
2026/Jun/26 14:45:19.098287 EXECUTOR - Initializing module TC_26_7_5_2.
2026/Jun/26 14:45:19.098292 EXECUTOR - Initialization of module TC_26_7_5_2 finished.
2026/Jun/26 14:45:19.098294 EXECUTOR - Initializing module TC_26_7_5_3.
2026/Jun/26 14:45:19.098300 EXECUTOR - Initialization of module TC_26_7_5_3 finished.
2026/Jun/26 14:45:19.098302 EXECUTOR - Initializing module TC_26_7_5_4.
2026/Jun/26 14:45:19.098307 EXECUTOR - Initialization of module TC_26_7_5_4 finished.
2026/Jun/26 14:45:19.098309 EXECUTOR - Initializing module TC_26_7_5_5.
2026/Jun/26 14:45:19.098314 EXECUTOR - Initialization of module TC_26_7_5_5 finished.
2026/Jun/26 14:45:19.098316 EXECUTOR - Initializing module TC_26_7_5_6.
2026/Jun/26 14:45:19.098321 EXECUTOR - Initialization of module TC_26_7_5_6 finished.
2026/Jun/26 14:45:19.098324 EXECUTOR - Initializing module TC_26_7_5_7_1.
2026/Jun/26 14:45:19.098328 EXECUTOR - Initialization of module TC_26_7_5_7_1 finished.
2026/Jun/26 14:45:19.098330 EXECUTOR - Initializing module TC_26_7_5_8_1.
2026/Jun/26 14:45:19.098335 EXECUTOR - Initialization of module TC_26_7_5_8_1 finished.
2026/Jun/26 14:45:19.098337 EXECUTOR - Initializing module TC_26_7_5_8_2.
2026/Jun/26 14:45:19.098342 EXECUTOR - Initialization of module TC_26_7_5_8_2 finished.
2026/Jun/26 14:45:19.098344 EXECUTOR - Initializing module TC_26_7_5_8_3.
2026/Jun/26 14:45:19.098349 EXECUTOR - Initialization of module TC_26_7_5_8_3 finished.
2026/Jun/26 14:45:19.098351 EXECUTOR - Initializing module TC_26_8_1_2_1_1.
2026/Jun/26 14:45:19.098356 EXECUTOR - Initialization of module TC_26_8_1_2_1_1 finished.
2026/Jun/26 14:45:19.098358 EXECUTOR - Initializing module TC_26_8_1_2_2_1.
2026/Jun/26 14:45:19.098363 EXECUTOR - Initialization of module TC_26_8_1_2_2_1 finished.
2026/Jun/26 14:45:19.098365 EXECUTOR - Initializing module TC_26_8_1_2_2_2.
2026/Jun/26 14:45:19.098370 EXECUTOR - Initialization of module TC_26_8_1_2_2_2 finished.
2026/Jun/26 14:45:19.098372 EXECUTOR - Initializing module TC_26_8_1_2_2_3.
2026/Jun/26 14:45:19.098378 EXECUTOR - Initialization of module TC_26_8_1_2_2_3 finished.
2026/Jun/26 14:45:19.098380 EXECUTOR - Initializing module TC_26_8_1_2_3_1.
2026/Jun/26 14:45:19.098387 EXECUTOR - Initialization of module TC_26_8_1_2_3_1 finished.
2026/Jun/26 14:45:19.098389 EXECUTOR - Initializing module TC_26_8_1_2_3_2.
2026/Jun/26 14:45:19.098393 EXECUTOR - Initialization of module TC_26_8_1_2_3_2 finished.
2026/Jun/26 14:45:19.098399 EXECUTOR - Initializing module TC_26_8_1_2_3_3.
2026/Jun/26 14:45:19.098405 EXECUTOR - Initialization of module TC_26_8_1_2_3_3 finished.
2026/Jun/26 14:45:19.098407 EXECUTOR - Initializing module TC_26_8_1_2_3_4.
2026/Jun/26 14:45:19.098412 EXECUTOR - Initialization of module TC_26_8_1_2_3_4 finished.
2026/Jun/26 14:45:19.098414 EXECUTOR - Initializing module TC_26_8_1_2_3_5.
2026/Jun/26 14:45:19.098419 EXECUTOR - Initialization of module TC_26_8_1_2_3_5 finished.
2026/Jun/26 14:45:19.098421 EXECUTOR - Initializing module TC_26_8_1_2_3_6.
2026/Jun/26 14:45:19.098427 EXECUTOR - Initialization of module TC_26_8_1_2_3_6 finished.
2026/Jun/26 14:45:19.098429 EXECUTOR - Initializing module TC_26_8_1_2_3_7.
2026/Jun/26 14:45:19.098434 EXECUTOR - Initialization of module TC_26_8_1_2_3_7 finished.
2026/Jun/26 14:45:19.098436 EXECUTOR - Initializing module TC_26_8_1_2_4_1.
2026/Jun/26 14:45:19.098441 EXECUTOR - Initialization of module TC_26_8_1_2_4_1 finished.
2026/Jun/26 14:45:19.098443 EXECUTOR - Initializing module TC_26_8_1_2_4_13.
2026/Jun/26 14:45:19.098448 EXECUTOR - Initialization of module TC_26_8_1_2_4_13 finished.
2026/Jun/26 14:45:19.098450 EXECUTOR - Initializing module TC_26_8_1_2_4_2.
2026/Jun/26 14:45:19.098456 EXECUTOR - Initialization of module TC_26_8_1_2_4_2 finished.
2026/Jun/26 14:45:19.098458 EXECUTOR - Initializing module TC_26_8_1_2_4_3.
2026/Jun/26 14:45:19.098464 EXECUTOR - Initialization of module TC_26_8_1_2_4_3 finished.
2026/Jun/26 14:45:19.098466 EXECUTOR - Initializing module TC_26_8_1_2_4_4.
2026/Jun/26 14:45:19.098471 EXECUTOR - Initialization of module TC_26_8_1_2_4_4 finished.
2026/Jun/26 14:45:19.098473 EXECUTOR - Initializing module TC_26_8_1_2_4_5.
2026/Jun/26 14:45:19.098479 EXECUTOR - Initialization of module TC_26_8_1_2_4_5 finished.
2026/Jun/26 14:45:19.098481 EXECUTOR - Initializing module TC_26_8_1_2_5_7.
2026/Jun/26 14:45:19.098486 EXECUTOR - Initialization of module TC_26_8_1_2_5_7 finished.
2026/Jun/26 14:45:19.098488 EXECUTOR - Initializing module TC_26_8_1_2_6_1.
2026/Jun/26 14:45:19.098494 EXECUTOR - Initialization of module TC_26_8_1_2_6_1 finished.
2026/Jun/26 14:45:19.098497 EXECUTOR - Initializing module TC_26_8_1_2_6_2.
2026/Jun/26 14:45:19.098502 EXECUTOR - Initialization of module TC_26_8_1_2_6_2 finished.
2026/Jun/26 14:45:19.098504 EXECUTOR - Initializing module TC_26_8_1_2_6_3.
2026/Jun/26 14:45:19.098509 EXECUTOR - Initialization of module TC_26_8_1_2_6_3 finished.
2026/Jun/26 14:45:19.098511 EXECUTOR - Initializing module TC_26_8_1_2_6_5.
2026/Jun/26 14:45:19.098516 EXECUTOR - Initialization of module TC_26_8_1_2_6_5 finished.
2026/Jun/26 14:45:19.098518 EXECUTOR - Initializing module TC_26_8_1_2_6_6.
2026/Jun/26 14:45:19.098523 EXECUTOR - Initialization of module TC_26_8_1_2_6_6 finished.
2026/Jun/26 14:45:19.098526 EXECUTOR - Initializing module TC_26_8_1_2_7_3.
2026/Jun/26 14:45:19.098531 EXECUTOR - Initialization of module TC_26_8_1_2_7_3 finished.
2026/Jun/26 14:45:19.098533 EXECUTOR - Initializing module TC_26_8_1_2_7_4.
2026/Jun/26 14:45:19.098538 EXECUTOR - Initialization of module TC_26_8_1_2_7_4 finished.
2026/Jun/26 14:45:19.098540 EXECUTOR - Initializing module TC_26_8_1_2_8_3.
2026/Jun/26 14:45:19.098545 EXECUTOR - Initialization of module TC_26_8_1_2_8_3 finished.
2026/Jun/26 14:45:19.098547 EXECUTOR - Initializing module TC_26_8_1_2_9_2.
2026/Jun/26 14:45:19.098553 EXECUTOR - Initialization of module TC_26_8_1_2_9_2 finished.
2026/Jun/26 14:45:19.098555 EXECUTOR - Initializing module TC_26_8_1_2_9_4.
2026/Jun/26 14:45:19.098561 EXECUTOR - Initialization of module TC_26_8_1_2_9_4 finished.
2026/Jun/26 14:45:19.098563 EXECUTOR - Initializing module TC_26_8_1_2_9_5.
2026/Jun/26 14:45:19.098568 EXECUTOR - Initialization of module TC_26_8_1_2_9_5 finished.
2026/Jun/26 14:45:19.098570 EXECUTOR - Initializing module TC_26_8_1_3_1_1.
2026/Jun/26 14:45:19.098575 EXECUTOR - Initialization of module TC_26_8_1_3_1_1 finished.
2026/Jun/26 14:45:19.098577 EXECUTOR - Initializing module TC_26_8_1_3_2_1.
2026/Jun/26 14:45:19.098585 EXECUTOR - Initialization of module TC_26_8_1_3_2_1 finished.
2026/Jun/26 14:45:19.098588 EXECUTOR - Initializing module TC_26_8_1_3_3_1.
2026/Jun/26 14:45:19.098593 EXECUTOR - Initialization of module TC_26_8_1_3_3_1 finished.
2026/Jun/26 14:45:19.098595 EXECUTOR - Initializing module TC_26_8_1_3_3_2.
2026/Jun/26 14:45:19.098600 EXECUTOR - Initialization of module TC_26_8_1_3_3_2 finished.
2026/Jun/26 14:45:19.098602 EXECUTOR - Initializing module TC_26_8_1_3_3_3.
2026/Jun/26 14:45:19.098608 EXECUTOR - Initialization of module TC_26_8_1_3_3_3 finished.
2026/Jun/26 14:45:19.098610 EXECUTOR - Initializing module TC_26_8_1_3_3_4.
2026/Jun/26 14:45:19.098616 EXECUTOR - Initialization of module TC_26_8_1_3_3_4 finished.
2026/Jun/26 14:45:19.098618 EXECUTOR - Initializing module TC_26_8_1_3_3_5.
2026/Jun/26 14:45:19.098623 EXECUTOR - Initialization of module TC_26_8_1_3_3_5 finished.
2026/Jun/26 14:45:19.098626 EXECUTOR - Initializing module TC_26_8_1_3_3_6.
2026/Jun/26 14:45:19.098631 EXECUTOR - Initialization of module TC_26_8_1_3_3_6 finished.
2026/Jun/26 14:45:19.098633 EXECUTOR - Initializing module TC_26_8_1_3_3_7.
2026/Jun/26 14:45:19.098639 EXECUTOR - Initialization of module TC_26_8_1_3_3_7 finished.
2026/Jun/26 14:45:19.098641 EXECUTOR - Initializing module TC_26_8_1_3_4_1.
2026/Jun/26 14:45:19.098646 EXECUTOR - Initialization of module TC_26_8_1_3_4_1 finished.
2026/Jun/26 14:45:19.098648 EXECUTOR - Initializing module TC_26_8_1_3_4_2.
2026/Jun/26 14:45:19.098654 EXECUTOR - Initialization of module TC_26_8_1_3_4_2 finished.
2026/Jun/26 14:45:19.098656 EXECUTOR - Initializing module TC_26_8_1_3_4_3.
2026/Jun/26 14:45:19.098660 EXECUTOR - Initialization of module TC_26_8_1_3_4_3 finished.
2026/Jun/26 14:45:19.098663 EXECUTOR - Initializing module TC_26_8_1_3_4_4.
2026/Jun/26 14:45:19.098669 EXECUTOR - Initialization of module TC_26_8_1_3_4_4 finished.
2026/Jun/26 14:45:19.098671 EXECUTOR - Initializing module TC_26_8_1_3_4_5.
2026/Jun/26 14:45:19.098677 EXECUTOR - Initialization of module TC_26_8_1_3_4_5 finished.
2026/Jun/26 14:45:19.098679 EXECUTOR - Initializing module TC_26_8_1_3_4_6.
2026/Jun/26 14:45:19.098684 EXECUTOR - Initialization of module TC_26_8_1_3_4_6 finished.
2026/Jun/26 14:45:19.098686 EXECUTOR - Initializing module TC_26_8_1_3_4_7.
2026/Jun/26 14:45:19.098691 EXECUTOR - Initialization of module TC_26_8_1_3_4_7 finished.
2026/Jun/26 14:45:19.098693 EXECUTOR - Initializing module TC_26_8_1_3_4_8.
2026/Jun/26 14:45:19.098699 EXECUTOR - Initialization of module TC_26_8_1_3_4_8 finished.
2026/Jun/26 14:45:19.098701 EXECUTOR - Initializing module TC_26_8_1_3_5_1.
2026/Jun/26 14:45:19.098706 EXECUTOR - Initialization of module TC_26_8_1_3_5_1 finished.
2026/Jun/26 14:45:19.098708 EXECUTOR - Initializing module TC_26_8_1_3_5_2.
2026/Jun/26 14:45:19.098714 EXECUTOR - Initialization of module TC_26_8_1_3_5_2 finished.
2026/Jun/26 14:45:19.098717 EXECUTOR - Initializing module TC_26_8_1_3_5_3.
2026/Jun/26 14:45:19.098722 EXECUTOR - Initialization of module TC_26_8_1_3_5_3 finished.
2026/Jun/26 14:45:19.098724 EXECUTOR - Initializing module TC_26_8_1_3_5_4.
2026/Jun/26 14:45:19.098729 EXECUTOR - Initialization of module TC_26_8_1_3_5_4 finished.
2026/Jun/26 14:45:19.098731 EXECUTOR - Initializing module TC_26_8_1_3_5_5.
2026/Jun/26 14:45:19.098736 EXECUTOR - Initialization of module TC_26_8_1_3_5_5 finished.
2026/Jun/26 14:45:19.098739 EXECUTOR - Initializing module TC_26_8_1_3_5_6.
2026/Jun/26 14:45:19.098744 EXECUTOR - Initialization of module TC_26_8_1_3_5_6 finished.
2026/Jun/26 14:45:19.098746 EXECUTOR - Initializing module TC_26_8_1_3_5_7.
2026/Jun/26 14:45:19.098751 EXECUTOR - Initialization of module TC_26_8_1_3_5_7 finished.
2026/Jun/26 14:45:19.098753 EXECUTOR - Initializing module TC_26_8_1_3_5_8.
2026/Jun/26 14:45:19.098759 EXECUTOR - Initialization of module TC_26_8_1_3_5_8 finished.
2026/Jun/26 14:45:19.098761 EXECUTOR - Initializing module TC_26_8_1_3_5_9.
2026/Jun/26 14:45:19.098766 EXECUTOR - Initialization of module TC_26_8_1_3_5_9 finished.
2026/Jun/26 14:45:19.098768 EXECUTOR - Initializing module TC_26_8_1_4_3_1.
2026/Jun/26 14:45:19.098776 EXECUTOR - Initialization of module TC_26_8_1_4_3_1 finished.
2026/Jun/26 14:45:19.098778 EXECUTOR - Initializing module TC_26_8_1_4_3_2.
2026/Jun/26 14:45:19.098784 EXECUTOR - Initialization of module TC_26_8_1_4_3_2 finished.
2026/Jun/26 14:45:19.098786 EXECUTOR - Initializing module TC_26_8_1_4_5_6.
2026/Jun/26 14:45:19.098792 EXECUTOR - Initialization of module TC_26_8_1_4_5_6 finished.
2026/Jun/26 14:45:19.098794 EXECUTOR - Initializing module TC_26_8_2_1.
2026/Jun/26 14:45:19.098799 EXECUTOR - Initialization of module TC_26_8_2_1 finished.
2026/Jun/26 14:45:19.098802 EXECUTOR - Initializing module TC_26_8_2_2.
2026/Jun/26 14:45:19.098807 EXECUTOR - Initialization of module TC_26_8_2_2 finished.
2026/Jun/26 14:45:19.098809 EXECUTOR - Initializing module TC_26_8_2_3.
2026/Jun/26 14:45:19.098814 EXECUTOR - Initialization of module TC_26_8_2_3 finished.
2026/Jun/26 14:45:19.098816 EXECUTOR - Initializing module TC_26_8_3.
2026/Jun/26 14:45:19.098831 EXECUTOR - Initialization of module TC_26_8_3 finished.
2026/Jun/26 14:45:19.098837 EXECUTOR - Initializing module TC_34_2_2.
2026/Jun/26 14:45:19.098842 EXECUTOR - Initialization of module TC_34_2_2 finished.
2026/Jun/26 14:45:19.098844 EXECUTOR - Initializing module TitanLoggerApi.
2026/Jun/26 14:45:19.098846 EXECUTOR - Initialization of module TitanLoggerApi finished.
2026/Jun/26 14:45:19.098848 EXECUTOR - Initializing module TitanLoggerControl.
2026/Jun/26 14:45:19.098850 EXECUTOR - Initialization of module TitanLoggerControl finished.
2026/Jun/26 14:45:19.098862 EXECUTOR - Configuration data was processed successfully.
2026/Jun/26 14:45:19.101779 EXECUTOR - MTC was created. Process id: 35.
2026/Jun/26 14:46:33.434447 EXECUTOR - Exit was requested from MC. Terminating HC.
2026/Jun/26 14:46:33.434531 EXECUTOR - Disconnected from MC.
2026/Jun/26 14:46:33.434551 EXECUTOR - TTCN-3 Host Controller finished.
2026/Jun/26 14:45:19.102681 EXECUTOR - TTCN-3 Main Test Component started on ttcn3-tc-26-6-13-1-1-z2d2j. Version: 11.1.0.
2026/Jun/26 14:45:19.102834 EXECUTOR - TTCN Logger v2.2 options: TimeStampFormat:=DateTime; LogEntityName:=No; LogEventTypes:=Yes; SourceInfoFormat:=Single; LogSensitiveData:=No; *.FileMask:=LOG_ALL; *.ConsoleMask:=ERROR | TESTCASE | USER | VERDICTOP | WARNING; LogFileSize:=0; LogFileNumber:=1; DiskFullAction:=Error
2026/Jun/26 14:45:19.102893 EXECUTOR - Connected to MC.
2026/Jun/26 14:45:19.103013 EXECUTOR - Executing test case TC_26_6_13_1 in module TC_26_6_13_1.
2026/Jun/26 14:45:19.103178 TESTCASE TC_26_6_13_1.ttcn3:94 Test case TC_26_6_13_1 started.
2026/Jun/26 14:45:19.103262 PARALLEL TC_26_6_13_1.ttcn3:94 Initializing variables, timers and ports of component type GSM_Component_Definitions.GSM_CT inside testcase TC_26_6_13_1.
2026/Jun/26 14:45:19.103552 USER TC_26_6_13_1.ttcn3:94 MSC_Port: set_parameter msc_stub_host = 10.42.0.213
2026/Jun/26 14:45:19.103609 USER TC_26_6_13_1.ttcn3:94 MSC_Port: set_parameter msc_stub_port = 5000
2026/Jun/26 14:45:19.103660 USER TC_26_6_13_1.ttcn3:94 L3_Port: set_parameter gsmtap_host = 239.193.23.1
2026/Jun/26 14:45:19.103676 USER TC_26_6_13_1.ttcn3:94 L3_Port: set_parameter gsmtap_port = 4729
2026/Jun/26 14:45:19.103683 USER TC_26_6_13_1.ttcn3:94 L3_Port: set_parameter local_port = 4729
2026/Jun/26 14:45:19.103687 USER TC_26_6_13_1.ttcn3:94 L3_Port: set_parameter ul_multicast_group = 239.193.23.2
2026/Jun/26 14:45:19.103691 USER TC_26_6_13_1.ttcn3:94 L3_Port: Will join UL multicast group 239.193.23.2 for RACH capture
2026/Jun/26 14:45:19.103695 USER TC_26_6_13_1.ttcn3:94 L3_Port: set_parameter arfcn = 51
2026/Jun/26 14:45:19.103748 USER TC_26_6_13_1.ttcn3:94 L3_Port: user_start called
2026/Jun/26 14:45:19.103758 PORTEVENT TC_26_6_13_1.ttcn3:94 Port L was started.
2026/Jun/26 14:45:19.103835 PORTEVENT TC_26_6_13_1.ttcn3:94 Port RR was started.
2026/Jun/26 14:45:19.103844 PORTEVENT TC_26_6_13_1.ttcn3:94 Port MM was started.
2026/Jun/26 14:45:19.103849 PORTEVENT TC_26_6_13_1.ttcn3:94 Port CC was started.
2026/Jun/26 14:45:19.103852 USER TC_26_6_13_1.ttcn3:94 MSC_Port: user_start called
2026/Jun/26 14:45:19.103857 PORTEVENT TC_26_6_13_1.ttcn3:94 Port MSC was started.
2026/Jun/26 14:45:19.103860 PORTEVENT TC_26_6_13_1.ttcn3:94 Port BSC was started.
2026/Jun/26 14:45:19.103862 PORTEVENT TC_26_6_13_1.ttcn3:94 Port RSL was started.
2026/Jun/26 14:45:19.103870 USER TC_26_6_13_1.ttcn3:94 VTY_PT: Starting
2026/Jun/26 14:45:19.103873 PORTEVENT TC_26_6_13_1.ttcn3:94 Port VTY was started.
2026/Jun/26 14:45:19.103878 PORTEVENT TC_26_6_13_1.ttcn3:94 Port COORD was started.
2026/Jun/26 14:45:19.103880 PARALLEL TC_26_6_13_1.ttcn3:94 Component type GSM_Component_Definitions.GSM_CT was initialized.
2026/Jun/26 14:45:19.103920 PARALLEL GSM_Component_Definitions.ttcn3:334 Mapping port mtc:L to system:L.
2026/Jun/26 14:45:19.103980 USER GSM_Component_Definitions.ttcn3:334 L3_Port: Mapping to L
2026/Jun/26 14:45:19.104057 USER GSM_Component_Definitions.ttcn3:334 L3_Port: Multicast enabled for 239.193.23.1
2026/Jun/26 14:45:19.808134 USER GSM_Component_Definitions.ttcn3:334 L3_Port: Joined UL multicast group 239.193.23.2 for RACH capture
2026/Jun/26 14:45:19.808233 USER GSM_Component_Definitions.ttcn3:334 L3_Port: GSMTAP listening on port 4729
2026/Jun/26 14:45:19.808242 USER GSM_Component_Definitions.ttcn3:334 L3_Port: Mapped successfully (GSMTAP: 239.193.23.1:4729)
2026/Jun/26 14:45:19.808254 WARNING GSM_Component_Definitions.ttcn3:334 Warning: The maximum number of open file descriptors (1048576) is greater than FD_SETSIZE (1024). Ensure that Test Ports using Install_Handler do not try to wait for events of file descriptors with values greater than FD_SETSIZE (1024). (Current caller of Install_Handler is "L")
2026/Jun/26 14:45:19.808299 PORTEVENT GSM_Component_Definitions.ttcn3:334 Port L was mapped to system:L.
2026/Jun/26 14:45:19.808420 PARALLEL GSM_Component_Definitions.ttcn3:334 Map operation of mtc:L to system:L finished.
2026/Jun/26 14:45:19.808466 PARALLEL GSM_Component_Definitions.ttcn3:335 Mapping port mtc:RR to system:RR.
2026/Jun/26 14:45:19.808513 PORTEVENT GSM_Component_Definitions.ttcn3:335 Port RR was mapped to system:RR.
2026/Jun/26 14:45:19.808554 PARALLEL GSM_Component_Definitions.ttcn3:335 Map operation of mtc:RR to system:RR finished.
2026/Jun/26 14:45:19.808561 PARALLEL GSM_Component_Definitions.ttcn3:336 Mapping port mtc:MM to system:MM.
2026/Jun/26 14:45:19.808597 PORTEVENT GSM_Component_Definitions.ttcn3:336 Port MM was mapped to system:MM.
2026/Jun/26 14:45:19.808638 PARALLEL GSM_Component_Definitions.ttcn3:336 Map operation of mtc:MM to system:MM finished.
2026/Jun/26 14:45:19.808644 PARALLEL GSM_Component_Definitions.ttcn3:337 Mapping port mtc:CC to system:CC.
2026/Jun/26 14:45:19.808685 PORTEVENT GSM_Component_Definitions.ttcn3:337 Port CC was mapped to system:CC.
2026/Jun/26 14:45:19.808717 PARALLEL GSM_Component_Definitions.ttcn3:337 Map operation of mtc:CC to system:CC finished.
2026/Jun/26 14:45:19.808722 PARALLEL GSM_Component_Definitions.ttcn3:338 Mapping port mtc:MSC to system:MSC.
2026/Jun/26 14:45:19.808756 USER GSM_Component_Definitions.ttcn3:338 MSC_Port: Mapping to MSC
2026/Jun/26 14:45:19.809249 USER GSM_Component_Definitions.ttcn3:338 MSC_Port: Registered socket for async events
2026/Jun/26 14:45:19.809275 USER GSM_Component_Definitions.ttcn3:338 MSC_Port: Connected to MSC stub at 10.42.0.213:5000
2026/Jun/26 14:45:19.809280 PORTEVENT GSM_Component_Definitions.ttcn3:338 Port MSC was mapped to system:MSC.
2026/Jun/26 14:45:19.809316 PARALLEL GSM_Component_Definitions.ttcn3:338 Map operation of mtc:MSC to system:MSC finished.
2026/Jun/26 14:45:19.809325 PARALLEL GSM_Component_Definitions.ttcn3:339 Mapping port mtc:VTY to system:VTY.
2026/Jun/26 14:45:19.809364 USER GSM_Component_Definitions.ttcn3:339 VTY_PT: Mapping port to VTY interface
2026/Jun/26 14:45:19.809624 USER GSM_Component_Definitions.ttcn3:339 VTY_PT: Connected to VTY at 10.43.41.119:4247
2026/Jun/26 14:45:20.309952 USER GSM_Component_Definitions.ttcn3:339 VTY_PT: Initial banner received
2026/Jun/26 14:45:20.310021 PORTEVENT GSM_Component_Definitions.ttcn3:339 Port VTY was mapped to system:VTY.
2026/Jun/26 14:45:20.310079 USER GSM_Component_Definitions.ttcn3:339 MSC_Port: RX: {"type": "WELCOME", "status": "connected"}
2026/Jun/26 14:45:20.310145 PORTEVENT GSM_Component_Definitions.ttcn3:339 Message enqueued on MSC from system charstring : "{\"type\": \"WELCOME\", \"status\": \"connected\"}" id 1
2026/Jun/26 14:45:20.310291 PARALLEL GSM_Component_Definitions.ttcn3:339 Map operation of mtc:VTY to system:VTY finished.
2026/Jun/26 14:45:20.310322 TIMEROP TC_26_6_13_1.ttcn3:113 Start timer T_guard: 300 s
2026/Jun/26 14:45:20.310384 USER TC_26_6_13_1.ttcn3:115 ==========================================================
2026/Jun/26 14:45:20.310401 USER TC_26_6_13_1.ttcn3:116 *** TC_26_6_13_1: ASSIGNMENT CMD with Starting Time + Before/After Descriptions ***
2026/Jun/26 14:45:20.310427 USER TC_26_6_13_1.ttcn3:117 *** Mode: BSC_STUB, fh_skip=true (h=0 virtual adaptation) ***
2026/Jun/26 14:45:20.310439 USER TC_26_6_13_1.ttcn3:118 ==========================================================
2026/Jun/26 14:45:20.310451 USER TC_26_6_13_1.ttcn3:123 *** FH-SKIP: Frequency hopping steps skipped (h=0 virtual adaptation) ***
2026/Jun/26 14:45:20.310463 USER TC_26_6_13_1.ttcn3:124 *** PARTIAL: FH channel-switching sequence skipped; core RR/MM signaling preserved ***
2026/Jun/26 14:45:20.310500 PORTEVENT TC_26_6_13_1.ttcn3:129 Sent on MSC to system charstring : "{\"command\": \"SET_AUTO_RESPOND\", \"params\": {\"enabled\": false}}"
2026/Jun/26 14:45:20.310617 USER TC_26_6_13_1.ttcn3:129 MSC_Port: TX: {"command": "SET_AUTO_RESPOND", "params": {"enabled": false}}
2026/Jun/26 14:45:20.310650 TIMEROP TC_26_6_13_1.ttcn3:131 Start timer T_ack: 3 s
2026/Jun/26 14:45:20.310696 PORTEVENT TC_26_6_13_1.ttcn3:133 Receive operation on port MSC succeeded, message from system(): charstring : "{\"type\": \"WELCOME\", \"status\": \"connected\"}" id 1
2026/Jun/26 14:45:20.310731 PORTEVENT TC_26_6_13_1.ttcn3:133 Message with id 1 was extracted from the queue of MSC.
2026/Jun/26 14:45:20.311031 USER TC_26_6_13_1.ttcn3:132 MSC_Port: RX: {"status": "ok", "auto_respond": false}
2026/Jun/26 14:45:20.311072 PORTEVENT TC_26_6_13_1.ttcn3:132 Message enqueued on MSC from system charstring : "{\"status\": \"ok\", \"auto_respond\": false}" id 2
2026/Jun/26 14:45:20.311082 PORTEVENT TC_26_6_13_1.ttcn3:133 Receive operation on port MSC succeeded, message from system(): charstring : "{\"status\": \"ok\", \"auto_respond\": false}" id 2
2026/Jun/26 14:45:20.311088 PORTEVENT TC_26_6_13_1.ttcn3:133 Message with id 2 was extracted from the queue of MSC.
2026/Jun/26 14:45:20.311156 USER TC_26_6_13_1.ttcn3:136 MSC auto_respond disabled
2026/Jun/26 14:45:20.311186 TIMEROP TC_26_6_13_1.ttcn3:137 Stop timer T_ack: 3 s
2026/Jun/26 14:45:20.311204 USER TC_26_6_13_1.ttcn3:151 "*** Spec [1]: +IdleUpdated " & char(0, 0, 32, 20) & " LU preamble (Cell A, LAC=4242, ARFCN=51) ***"
2026/Jun/26 14:45:20.311232 USER TC_26_6_13_1.ttcn3:154 "*** FH-SKIP: +IdleUpdated " & char(0, 0, 32, 20) & " C_Test_fh present; using h=0 fixed SDCCH for LU ***"
2026/Jun/26 14:45:20.311292 USER TC_26_6_13_1.ttcn3:156 docker.sock not found — using VTY power-cycle (k8s mode)
2026/Jun/26 14:45:20.311359 USER TC_26_6_13_1.ttcn3:156 === k8s fallback: VTY power-cycle mobile at 10.43.41.119:4247 ===
2026/Jun/26 14:45:25.710512 USER TC_26_6_13_1.ttcn3:156 Waiting 10 seconds (power off)...
2026/Jun/26 14:45:41.069922 USER TC_26_6_13_1.ttcn3:156 VTY 'clear-loci' sent — LOCI erased
2026/Jun/26 14:45:47.725927 USER TC_26_6_13_1.ttcn3:156 === VTY power-cycle complete — MS will send LU shortly ===
2026/Jun/26 14:45:47.726053 USER TC_26_6_13_1.ttcn3:165 "*** Mobile restarted " & char(0, 0, 32, 20) & " waiting for LU REQUEST ***"
2026/Jun/26 14:45:47.726081 TIMEROP TC_26_6_13_1.ttcn3:167 Start timer T_lu: 60 s
2026/Jun/26 14:45:47.726118 USER TC_26_6_13_1.ttcn3:169 VTY_PT: Received data (buffered): 94 bytes
2026/Jun/26 14:45:47.726155 USER TC_26_6_13_1.ttcn3:169 MSC_Port: RX: {"type": "HEARTBEAT"}
2026/Jun/26 14:45:47.726169 PORTEVENT TC_26_6_13_1.ttcn3:169 Message enqueued on MSC from system charstring : "{\"type\": \"HEARTBEAT\"}" id 3
2026/Jun/26 14:45:47.726182 USER TC_26_6_13_1.ttcn3:169 MSC_Port: RX: {"type": "HEARTBEAT"}
2026/Jun/26 14:45:47.726190 PORTEVENT TC_26_6_13_1.ttcn3:169 Message enqueued on MSC from system charstring : "{\"type\": \"HEARTBEAT\"}" id 4
2026/Jun/26 14:45:47.726196 USER TC_26_6_13_1.ttcn3:169 MSC_Port: RX: {"type": "HEARTBEAT"}
2026/Jun/26 14:45:47.726205 PORTEVENT TC_26_6_13_1.ttcn3:169 Message enqueued on MSC from system charstring : "{\"type\": \"HEARTBEAT\"}" id 5
2026/Jun/26 14:45:47.726210 USER TC_26_6_13_1.ttcn3:169 MSC_Port: RX: {"type": "HEARTBEAT"}
2026/Jun/26 14:45:47.726219 PORTEVENT TC_26_6_13_1.ttcn3:169 Message enqueued on MSC from system charstring : "{\"type\": \"HEARTBEAT\"}" id 6
2026/Jun/26 14:45:47.726223 USER TC_26_6_13_1.ttcn3:169 MSC_Port: RX: {"type": "HEARTBEAT"}
2026/Jun/26 14:45:47.726232 PORTEVENT TC_26_6_13_1.ttcn3:169 Message enqueued on MSC from system charstring : "{\"type\": \"HEARTBEAT\"}" id 7
2026/Jun/26 14:45:47.726241 PORTEVENT TC_26_6_13_1.ttcn3:170 Receive operation on port MSC succeeded, message from system(): charstring : "{\"type\": \"HEARTBEAT\"}" id 3
2026/Jun/26 14:45:47.726248 PORTEVENT TC_26_6_13_1.ttcn3:170 Message with id 3 was extracted from the queue of MSC.
2026/Jun/26 14:45:47.726324 PORTEVENT TC_26_6_13_1.ttcn3:170 Receive operation on port MSC succeeded, message from system(): charstring : "{\"type\": \"HEARTBEAT\"}" id 4
2026/Jun/26 14:45:47.726330 PORTEVENT TC_26_6_13_1.ttcn3:170 Message with id 4 was extracted from the queue of MSC.
2026/Jun/26 14:45:47.726373 PORTEVENT TC_26_6_13_1.ttcn3:170 Receive operation on port MSC succeeded, message from system(): charstring : "{\"type\": \"HEARTBEAT\"}" id 5
2026/Jun/26 14:45:47.726378 PORTEVENT TC_26_6_13_1.ttcn3:170 Message with id 5 was extracted from the queue of MSC.
2026/Jun/26 14:45:47.726418 PORTEVENT TC_26_6_13_1.ttcn3:170 Receive operation on port MSC succeeded, message from system(): charstring : "{\"type\": \"HEARTBEAT\"}" id 6
2026/Jun/26 14:45:47.726430 PORTEVENT TC_26_6_13_1.ttcn3:170 Message with id 6 was extracted from the queue of MSC.
2026/Jun/26 14:45:47.726470 PORTEVENT TC_26_6_13_1.ttcn3:170 Receive operation on port MSC succeeded, message from system(): charstring : "{\"type\": \"HEARTBEAT\"}" id 7
2026/Jun/26 14:45:47.726475 PORTEVENT TC_26_6_13_1.ttcn3:170 Message with id 7 was extracted from the queue of MSC.
2026/Jun/26 14:45:50.341081 USER TC_26_6_13_1.ttcn3:169 MSC_Port: RX: {"type": "HEARTBEAT"}
2026/Jun/26 14:45:50.341155 PORTEVENT TC_26_6_13_1.ttcn3:169 Message enqueued on MSC from system charstring : "{\"type\": \"HEARTBEAT\"}" id 8
2026/Jun/26 14:45:50.341180 PORTEVENT TC_26_6_13_1.ttcn3:170 Receive operation on port MSC succeeded, message from system(): charstring : "{\"type\": \"HEARTBEAT\"}" id 8
2026/Jun/26 14:45:50.341193 PORTEVENT TC_26_6_13_1.ttcn3:170 Message with id 8 was extracted from the queue of MSC.
2026/Jun/26 14:45:50.431602 USER TC_26_6_13_1.ttcn3:169 VTY_PT: Received data (buffered): 68 bytes
2026/Jun/26 14:45:55.346116 USER TC_26_6_13_1.ttcn3:169 MSC_Port: RX: {"type": "HEARTBEAT"}
2026/Jun/26 14:45:55.346195 PORTEVENT TC_26_6_13_1.ttcn3:169 Message enqueued on MSC from system charstring : "{\"type\": \"HEARTBEAT\"}" id 9
2026/Jun/26 14:45:55.346221 PORTEVENT TC_26_6_13_1.ttcn3:170 Receive operation on port MSC succeeded, message from system(): charstring : "{\"type\": \"HEARTBEAT\"}" id 9
2026/Jun/26 14:45:55.346231 PORTEVENT TC_26_6_13_1.ttcn3:170 Message with id 9 was extracted from the queue of MSC.
2026/Jun/26 14:46:00.351044 USER TC_26_6_13_1.ttcn3:169 MSC_Port: RX: {"type": "HEARTBEAT"}
2026/Jun/26 14:46:00.351123 PORTEVENT TC_26_6_13_1.ttcn3:169 Message enqueued on MSC from system charstring : "{\"type\": \"HEARTBEAT\"}" id 10
2026/Jun/26 14:46:00.351149 PORTEVENT TC_26_6_13_1.ttcn3:170 Receive operation on port MSC succeeded, message from system(): charstring : "{\"type\": \"HEARTBEAT\"}" id 10
2026/Jun/26 14:46:00.351161 PORTEVENT TC_26_6_13_1.ttcn3:170 Message with id 10 was extracted from the queue of MSC.
2026/Jun/26 14:46:05.356237 USER TC_26_6_13_1.ttcn3:169 MSC_Port: RX: {"type": "HEARTBEAT"}
2026/Jun/26 14:46:05.356351 PORTEVENT TC_26_6_13_1.ttcn3:169 Message enqueued on MSC from system charstring : "{\"type\": \"HEARTBEAT\"}" id 11
2026/Jun/26 14:46:05.356388 PORTEVENT TC_26_6_13_1.ttcn3:170 Receive operation on port MSC succeeded, message from system(): charstring : "{\"type\": \"HEARTBEAT\"}" id 11
2026/Jun/26 14:46:05.356406 PORTEVENT TC_26_6_13_1.ttcn3:170 Message with id 11 was extracted from the queue of MSC.
2026/Jun/26 14:46:10.361064 USER TC_26_6_13_1.ttcn3:169 MSC_Port: RX: {"type": "HEARTBEAT"}
2026/Jun/26 14:46:10.361132 PORTEVENT TC_26_6_13_1.ttcn3:169 Message enqueued on MSC from system charstring : "{\"type\": \"HEARTBEAT\"}" id 12
2026/Jun/26 14:46:10.361153 PORTEVENT TC_26_6_13_1.ttcn3:170 Receive operation on port MSC succeeded, message from system(): charstring : "{\"type\": \"HEARTBEAT\"}" id 12
2026/Jun/26 14:46:10.361162 PORTEVENT TC_26_6_13_1.ttcn3:170 Message with id 12 was extracted from the queue of MSC.
2026/Jun/26 14:46:13.266365 USER TC_26_6_13_1.ttcn3:169 VTY_PT: Received data (buffered): 68 bytes
2026/Jun/26 14:46:15.366080 USER TC_26_6_13_1.ttcn3:169 MSC_Port: RX: {"type": "HEARTBEAT"}
2026/Jun/26 14:46:15.366144 PORTEVENT TC_26_6_13_1.ttcn3:169 Message enqueued on MSC from system charstring : "{\"type\": \"HEARTBEAT\"}" id 13
2026/Jun/26 14:46:15.366166 PORTEVENT TC_26_6_13_1.ttcn3:170 Receive operation on port MSC succeeded, message from system(): charstring : "{\"type\": \"HEARTBEAT\"}" id 13
2026/Jun/26 14:46:15.366175 PORTEVENT TC_26_6_13_1.ttcn3:170 Message with id 13 was extracted from the queue of MSC.
2026/Jun/26 14:46:20.371136 USER TC_26_6_13_1.ttcn3:169 MSC_Port: RX: {"type": "HEARTBEAT"}
2026/Jun/26 14:46:20.371242 PORTEVENT TC_26_6_13_1.ttcn3:169 Message enqueued on MSC from system charstring : "{\"type\": \"HEARTBEAT\"}" id 14
2026/Jun/26 14:46:20.371283 PORTEVENT TC_26_6_13_1.ttcn3:170 Receive operation on port MSC succeeded, message from system(): charstring : "{\"type\": \"HEARTBEAT\"}" id 14
2026/Jun/26 14:46:20.371319 PORTEVENT TC_26_6_13_1.ttcn3:170 Message with id 14 was extracted from the queue of MSC.
2026/Jun/26 14:46:25.376087 USER TC_26_6_13_1.ttcn3:169 MSC_Port: RX: {"type": "HEARTBEAT"}
2026/Jun/26 14:46:25.376167 PORTEVENT TC_26_6_13_1.ttcn3:169 Message enqueued on MSC from system charstring : "{\"type\": \"HEARTBEAT\"}" id 15
2026/Jun/26 14:46:25.376190 PORTEVENT TC_26_6_13_1.ttcn3:170 Receive operation on port MSC succeeded, message from system(): charstring : "{\"type\": \"HEARTBEAT\"}" id 15
2026/Jun/26 14:46:25.376198 PORTEVENT TC_26_6_13_1.ttcn3:170 Message with id 15 was extracted from the queue of MSC.
2026/Jun/26 14:46:28.775582 USER TC_26_6_13_1.ttcn3:169 MSC_Port: RX: {"type": "EVENT_LU_REQUEST", "bsc_slr": 2, "msc_slr": 2, "cksn": 7, "lu_type": 0, "old_mcc": "901", "old_mnc": "70", "old_lac": 0, "mi_type": "imsi"}
2026/Jun/26 14:46:28.775652 PORTEVENT TC_26_6_13_1.ttcn3:169 Message enqueued on MSC from system charstring : "{\"type\": \"EVENT_LU_REQUEST\", \"bsc_slr\": 2, \"msc_slr\": 2, \"cksn\": 7, \"lu_type\": 0, \"old_mcc\": \"901\", \"old_mnc\": \"70\", \"old_lac\": 0, \"mi_type\": \"imsi\"}" id 16
2026/Jun/26 14:46:28.775678 PORTEVENT TC_26_6_13_1.ttcn3:170 Receive operation on port MSC succeeded, message from system(): charstring : "{\"type\": \"EVENT_LU_REQUEST\", \"bsc_slr\": 2, \"msc_slr\": 2, \"cksn\": 7, \"lu_type\": 0, \"old_mcc\": \"901\", \"old_mnc\": \"70\", \"old_lac\": 0, \"mi_type\": \"imsi\"}" id 16
2026/Jun/26 14:46:28.775687 PORTEVENT TC_26_6_13_1.ttcn3:170 Message with id 16 was extracted from the queue of MSC.
2026/Jun/26 14:46:28.775874 USER GSM_Functions.ttcn3:365 f_extractJsonInt: Searching for key '"bsc_slr"' in JSON: "{\"type\": \"EVENT_LU_REQUEST\", \"bsc_slr\": 2, \"msc_slr\": 2, \"cksn\": 7, \"lu_type\": 0, \"old_mcc\": \"901\", \"old_mnc\": \"70\", \"old_lac\": 0, \"mi_type\": \"imsi\"}"
2026/Jun/26 14:46:28.775971 USER GSM_Functions.ttcn3:372 f_extractJsonInt: Found key at position 29 (pattern: "\"bsc_slr\":")
2026/Jun/26 14:46:28.776038 USER GSM_Functions.ttcn3:422 f_extractJsonInt: Extracted number string '"2"' => integer 2
2026/Jun/26 14:46:28.776056 USER TC_26_6_13_1.ttcn3:173 *** LU REQUEST received, bsc_slr=2 ***
2026/Jun/26 14:46:28.776086 PORTEVENT TC_26_6_13_1.ttcn3:176 Sent on MSC to system charstring : "{\"command\": \"CMD_SEND_LU_ACCEPT_CUSTOM\", \"params\": {\"bsc_slr\": 2, \"mcc\": \"901\", \"mnc\": \"70\", \"lac\": 4242, \"tmsi\": 305419896}}"
2026/Jun/26 14:46:28.776127 USER TC_26_6_13_1.ttcn3:176 MSC_Port: TX: {"command": "CMD_SEND_LU_ACCEPT_CUSTOM", "params": {"bsc_slr": 2, "mcc": "901", "mnc": "70", "lac": 4242, "tmsi": 305419896}}
2026/Jun/26 14:46:28.776137 TIMEROP TC_26_6_13_1.ttcn3:181 Start timer T_tmsi: 8 s
2026/Jun/26 14:46:29.277282 USER TC_26_6_13_1.ttcn3:182 MSC_Port: RX: {"status": "ok", "sent": true}
2026/Jun/26 14:46:29.277341 PORTEVENT TC_26_6_13_1.ttcn3:182 Message enqueued on MSC from system charstring : "{\"status\": \"ok\", \"sent\": true}" id 17
2026/Jun/26 14:46:29.277363 PORTEVENT TC_26_6_13_1.ttcn3:183 Receive operation on port MSC succeeded, message from system(): charstring : "{\"status\": \"ok\", \"sent\": true}" id 17
2026/Jun/26 14:46:29.277372 PORTEVENT TC_26_6_13_1.ttcn3:183 Message with id 17 was extracted from the queue of MSC.
2026/Jun/26 14:46:29.430465 USER TC_26_6_13_1.ttcn3:182 MSC_Port: RX: {"type": "EVENT_DTAP", "bsc_slr": 2, "pd": 5, "msg_type": 27}
2026/Jun/26 14:46:29.430528 PORTEVENT TC_26_6_13_1.ttcn3:182 Message enqueued on MSC from system charstring : "{\"type\": \"EVENT_DTAP\", \"bsc_slr\": 2, \"pd\": 5, \"msg_type\": 27}" id 18
2026/Jun/26 14:46:29.430552 PORTEVENT TC_26_6_13_1.ttcn3:183 Receive operation on port MSC succeeded, message from system(): charstring : "{\"type\": \"EVENT_DTAP\", \"bsc_slr\": 2, \"pd\": 5, \"msg_type\": 27}" id 18
2026/Jun/26 14:46:29.430560 PORTEVENT TC_26_6_13_1.ttcn3:183 Message with id 18 was extracted from the queue of MSC.
2026/Jun/26 14:46:29.430625 USER TC_26_6_13_1.ttcn3:182 MSC_Port: RX: {"type": "EVENT_TMSI_REALLOC_COMPLETE", "bsc_slr": 2}
2026/Jun/26 14:46:29.430643 PORTEVENT TC_26_6_13_1.ttcn3:182 Message enqueued on MSC from system charstring : "{\"type\": \"EVENT_TMSI_REALLOC_COMPLETE\", \"bsc_slr\": 2}" id 19
2026/Jun/26 14:46:29.430651 PORTEVENT TC_26_6_13_1.ttcn3:183 Receive operation on port MSC succeeded, message from system(): charstring : "{\"type\": \"EVENT_TMSI_REALLOC_COMPLETE\", \"bsc_slr\": 2}" id 19
2026/Jun/26 14:46:29.430655 PORTEVENT TC_26_6_13_1.ttcn3:183 Message with id 19 was extracted from the queue of MSC.
2026/Jun/26 14:46:29.430707 USER TC_26_6_13_1.ttcn3:185 *** TMSI REALLOC COMPLETE ***
2026/Jun/26 14:46:29.430714 TIMEROP TC_26_6_13_1.ttcn3:186 Stop timer T_tmsi: 8 s
2026/Jun/26 14:46:29.430731 PORTEVENT TC_26_6_13_1.ttcn3:193 Sent on MSC to system charstring : "{\"command\": \"CMD_SEND_CLEAR_CMD\", \"params\": {\"bsc_slr\": 2, \"cause\": 0}}"
2026/Jun/26 14:46:29.430780 USER TC_26_6_13_1.ttcn3:193 MSC_Port: TX: {"command": "CMD_SEND_CLEAR_CMD", "params": {"bsc_slr": 2, "cause": 0}}
2026/Jun/26 14:46:29.430787 TIMEROP TC_26_6_13_1.ttcn3:196 Start timer T_clr0: 4 s
2026/Jun/26 14:46:29.431128 USER TC_26_6_13_1.ttcn3:197 MSC_Port: RX: {"status": "ok"}
2026/Jun/26 14:46:29.431141 PORTEVENT TC_26_6_13_1.ttcn3:197 Message enqueued on MSC from system charstring : "{\"status\": \"ok\"}" id 20
2026/Jun/26 14:46:29.431149 PORTEVENT TC_26_6_13_1.ttcn3:198 Receive operation on port MSC succeeded, message from system(): charstring : "{\"status\": \"ok\"}" id 20
2026/Jun/26 14:46:29.431153 PORTEVENT TC_26_6_13_1.ttcn3:198 Message with id 20 was extracted from the queue of MSC.
2026/Jun/26 14:46:29.471989 USER TC_26_6_13_1.ttcn3:197 MSC_Port: RX: {"type": "EVENT_BSSMAP_CLEAR_COMPLETE", "bsc_slr": 2}
2026/Jun/26 14:46:29.472049 PORTEVENT TC_26_6_13_1.ttcn3:197 Message enqueued on MSC from system charstring : "{\"type\": \"EVENT_BSSMAP_CLEAR_COMPLETE\", \"bsc_slr\": 2}" id 21
2026/Jun/26 14:46:29.472070 PORTEVENT TC_26_6_13_1.ttcn3:198 Receive operation on port MSC succeeded, message from system(): charstring : "{\"type\": \"EVENT_BSSMAP_CLEAR_COMPLETE\", \"bsc_slr\": 2}" id 21
2026/Jun/26 14:46:29.472078 PORTEVENT TC_26_6_13_1.ttcn3:198 Message with id 21 was extracted from the queue of MSC.
2026/Jun/26 14:46:30.043106 USER TC_26_6_13_1.ttcn3:197 VTY_PT: Received data (buffered): 61 bytes
2026/Jun/26 14:46:30.432054 USER TC_26_6_13_1.ttcn3:197 MSC_Port: RX: {"type": "HEARTBEAT"}
2026/Jun/26 14:46:30.432119 PORTEVENT TC_26_6_13_1.ttcn3:197 Message enqueued on MSC from system charstring : "{\"type\": \"HEARTBEAT\"}" id 22
2026/Jun/26 14:46:30.432140 PORTEVENT TC_26_6_13_1.ttcn3:198 Receive operation on port MSC succeeded, message from system(): charstring : "{\"type\": \"HEARTBEAT\"}" id 22
2026/Jun/26 14:46:30.432148 PORTEVENT TC_26_6_13_1.ttcn3:198 Message with id 22 was extracted from the queue of MSC.
2026/Jun/26 14:46:33.432916 TIMEROP TC_26_6_13_1.ttcn3:199 Timeout T_clr0: 4 s
2026/Jun/26 14:46:33.432991 TIMEROP TC_26_6_13_1.ttcn3:202 Stop timer T_lu: 60 s
2026/Jun/26 14:46:33.433002 USER TC_26_6_13_1.ttcn3:220 "*** Spec [2]: +SDCCH8_A_1_nociph " & char(0, 0, 32, 20) & " Configure SDCCH/8 instance 1 (nociph, h=0) ***"
2026/Jun/26 14:46:33.433043 USER TC_26_6_13_1.ttcn3:223 "*** FH-SKIP: +SDCCH8_A_1_nociph " & char(0, 0, 32, 20) & " using h=0 fixed SDCCH8; FH hopping skipped ***"
2026/Jun/26 14:46:33.433059 ERROR TC_26_6_13_1.ttcn3:224 Dynamic test case error: Port BSC has neither connections nor mappings. Message cannot be sent on it.
2026/Jun/26 14:46:33.433097 VERDICTOP TC_26_6_13_1.ttcn3:224 setverdict(error): none -> error
2026/Jun/26 14:46:33.433184 EXECUTOR TC_26_6_13_1.ttcn3:224 Performing error recovery.
2026/Jun/26 14:46:33.433379 PARALLEL TC_26_6_13_1.ttcn3:224 Terminating component type GSM_Component_Definitions.GSM_CT.
2026/Jun/26 14:46:33.433395 TIMEROP TC_26_6_13_1.ttcn3:224 Stop timer T_guard: 300 s
2026/Jun/26 14:46:33.433407 PORTEVENT TC_26_6_13_1.ttcn3:224 Removing unterminated mapping between port L and system:L.
2026/Jun/26 14:46:33.433422 USER TC_26_6_13_1.ttcn3:224 L3_Port: Unmapping from L
2026/Jun/26 14:46:33.433464 PORTEVENT TC_26_6_13_1.ttcn3:224 Port L was unmapped from system:L.
2026/Jun/26 14:46:33.433482 USER TC_26_6_13_1.ttcn3:224 L3_Port: user_stop called
2026/Jun/26 14:46:33.433487 PORTEVENT TC_26_6_13_1.ttcn3:224 Port L was stopped.
2026/Jun/26 14:46:33.433505 PORTEVENT TC_26_6_13_1.ttcn3:224 Removing unterminated mapping between port RR and system:RR.
2026/Jun/26 14:46:33.433510 PORTEVENT TC_26_6_13_1.ttcn3:224 Port RR was unmapped from system:RR.
2026/Jun/26 14:46:33.433518 PORTEVENT TC_26_6_13_1.ttcn3:224 Port RR was stopped.
2026/Jun/26 14:46:33.433521 PORTEVENT TC_26_6_13_1.ttcn3:224 Removing unterminated mapping between port MM and system:MM.
2026/Jun/26 14:46:33.433525 PORTEVENT TC_26_6_13_1.ttcn3:224 Port MM was unmapped from system:MM.
2026/Jun/26 14:46:33.433539 PORTEVENT TC_26_6_13_1.ttcn3:224 Port MM was stopped.
2026/Jun/26 14:46:33.433542 PORTEVENT TC_26_6_13_1.ttcn3:224 Removing unterminated mapping between port CC and system:CC.
2026/Jun/26 14:46:33.433546 PORTEVENT TC_26_6_13_1.ttcn3:224 Port CC was unmapped from system:CC.
2026/Jun/26 14:46:33.433558 PORTEVENT TC_26_6_13_1.ttcn3:224 Port CC was stopped.
2026/Jun/26 14:46:33.433561 PORTEVENT TC_26_6_13_1.ttcn3:224 Removing unterminated mapping between port MSC and system:MSC.
2026/Jun/26 14:46:33.433565 USER TC_26_6_13_1.ttcn3:224 MSC_Port: Unmapping from MSC
2026/Jun/26 14:46:33.433651 PORTEVENT TC_26_6_13_1.ttcn3:224 Port MSC was unmapped from system:MSC.
2026/Jun/26 14:46:33.433663 USER TC_26_6_13_1.ttcn3:224 MSC_Port: user_stop called
2026/Jun/26 14:46:33.433667 PORTEVENT TC_26_6_13_1.ttcn3:224 Port MSC was stopped.
2026/Jun/26 14:46:33.433674 USER TC_26_6_13_1.ttcn3:224 BSC_Port: user_stop called
2026/Jun/26 14:46:33.433681 PORTEVENT TC_26_6_13_1.ttcn3:224 Port BSC was stopped.
2026/Jun/26 14:46:33.433685 PORTEVENT TC_26_6_13_1.ttcn3:224 Port RSL was stopped.
2026/Jun/26 14:46:33.433688 PORTEVENT TC_26_6_13_1.ttcn3:224 Removing unterminated mapping between port VTY and system:VTY.
2026/Jun/26 14:46:33.433692 USER TC_26_6_13_1.ttcn3:224 VTY_PT: Unmapping port from VTY interface
2026/Jun/26 14:46:33.433753 USER TC_26_6_13_1.ttcn3:224 VTY_PT: Disconnected from VTY
2026/Jun/26 14:46:33.433762 PORTEVENT TC_26_6_13_1.ttcn3:224 Port VTY was unmapped from system:VTY.
2026/Jun/26 14:46:33.433767 USER TC_26_6_13_1.ttcn3:224 VTY_PT: Stopping
2026/Jun/26 14:46:33.433771 PORTEVENT TC_26_6_13_1.ttcn3:224 Port VTY was stopped.
2026/Jun/26 14:46:33.433774 PORTEVENT TC_26_6_13_1.ttcn3:224 Port COORD was stopped.
2026/Jun/26 14:46:33.433777 PARALLEL TC_26_6_13_1.ttcn3:224 Component type GSM_Component_Definitions.GSM_CT was shut down inside testcase TC_26_6_13_1.
2026/Jun/26 14:46:33.433784 EXECUTOR TC_26_6_13_1.ttcn3:224 Waiting for PTCs to finish.
2026/Jun/26 14:46:33.433865 VERDICTOP TC_26_6_13_1.ttcn3:224 Setting final verdict of the test case.
2026/Jun/26 14:46:33.433935 VERDICTOP TC_26_6_13_1.ttcn3:224 Local verdict of MTC: error
2026/Jun/26 14:46:33.433958 VERDICTOP TC_26_6_13_1.ttcn3:224 No PTCs were created.
2026/Jun/26 14:46:33.433971 TESTCASE TC_26_6_13_1.ttcn3:224 Test case TC_26_6_13_1 finished. Verdict: error
2026/Jun/26 14:46:33.434189 STATISTICS - Verdict statistics: 0 none (0.00 %), 0 pass (0.00 %), 0 inconc (0.00 %), 0 fail (0.00 %), 1 error (100.00 %).
2026/Jun/26 14:46:33.434240 STATISTICS - Test execution summary: 1 test case was executed. Overall verdict: error
2026/Jun/26 14:46:33.434244 EXECUTOR - Exit was requested from MC. Terminating MTC.
======================================================
TEST RESULT: INCONCLUSIVE
