/usr/local/bin/virtphy.real: option requires an argument -- 'd'
Thu Jul  2 07:16:01 2026 DVIRPHY virtphy.c:248 Virtual physical layer starting up...
Thu Jul  2 07:16:01 2026 DVIRPHY virtphy.c:257 Virtual physical layer ready, waiting for l23 app(s) on /tmp/osmocom_l2
Thu Jul  2 07:16:06 2026 DMAIN virt_l1_model.c:42 MS 0000: allocated
Thu Jul  2 07:16:06 2026 DL1C l1ctl_sock.c:138 Accepted client (fd=6) from server (fd=5)
Thu Jul  2 07:16:06 2026 DL1C l1ctl_sap.c:625 MS 0000: Tx L1CTL_RESET_CONF (reset_type: 1)
Thu Jul  2 07:16:06 2026 DL1C l1ctl_sap.c:625 MS 0000: Tx L1CTL_RESET_CONF (reset_type: 1)
Thu Jul  2 07:16:06 2026 DL1C virt_prim_pm.c:94 MS 0000: Rx L1CTL_PM_REQ TYPE=1, FROM=51, TO=51 — scheduling PM_CONF in 300ms
Thu Jul  2 07:16:07 2026 DL1C virt_prim_pm.c:151 MS 0000: Tx L1CTL_PM_CONF (timer fired!)
Thu Jul  2 07:16:07 2026 DL1C l1ctl_sap.c:625 MS 0000: Tx L1CTL_RESET_CONF (reset_type: 1)
Thu Jul  2 07:16:07 2026 DL1C virt_prim_fbsb.c:57 MS 0000: Rx L1CTL_FBSB_REQ (arfcn=51, flags=0x7)
Thu Jul  2 07:16:10 2026 DL1C virt_prim_pm.c:57 MS 0000: Power measurement set for arfcn 51. Set signal level to -63 (== rxlev: 47).
Thu Jul  2 07:16:10 2026 DL1C virt_prim_fbsb.c:127 MS 0000: Tx L1CTL_FBSB_CONF (res: 0)
Thu Jul  2 07:16:10 2026 DL1C l1ctl_sap.c:519 MS 0000: Rx L1CTL_CCCH_MODE_REQ (mode=2)
Thu Jul  2 07:16:10 2026 DL1C l1ctl_sap.c:647 MS 0000: Tx L1CTL_CCCH_MODE_CONF (mode: 2)
Thu Jul  2 07:16:12 2026 DL1C l1ctl_sap.c:625 MS 0000: Tx L1CTL_RESET_CONF (reset_type: 1)
Thu Jul  2 07:16:12 2026 DL1C virt_prim_fbsb.c:57 MS 0000: Rx L1CTL_FBSB_REQ (arfcn=51, flags=0x7)
Thu Jul  2 07:16:12 2026 DL1C virt_prim_fbsb.c:127 MS 0000: Tx L1CTL_FBSB_CONF (res: 0)
Thu Jul  2 07:16:12 2026 DL1C l1ctl_sap.c:458 MS 0000: Rx L1CTL_PARAM_REQ (ta=0, tx_power=14)
Thu Jul  2 07:16:12 2026 DL1C virt_prim_rach.c:81 MS 0000: Rx L1CTL_RACH_REQ (ra=0x08, offset=9 combined=1)
Thu Jul  2 07:16:12 2026 DL1C virt_prim_rach.c:124 MS 0000: Tx L1CTL_RACH_CONF (fn: 431, arfcn: 51)
Thu Jul  2 07:16:12 2026 DL1C l1ctl_sap.c:458 MS 0000: Rx L1CTL_PARAM_REQ (ta=0, tx_power=14)
Thu Jul  2 07:16:12 2026 DL1C virt_prim_rach.c:81 MS 0000: Rx L1CTL_RACH_REQ (ra=0x06, offset=123 combined=1)
Thu Jul  2 07:16:12 2026 DL1C l1ctl_sap.c:625 MS 0000: Tx L1CTL_RESET_CONF (reset_type: 2)
Thu Jul  2 07:16:12 2026 DL1C l1ctl_sap.c:458 MS 0000: Rx L1CTL_PARAM_REQ (ta=0, tx_power=14)
Thu Jul  2 07:16:12 2026 DL1C l1ctl_sap.c:313 MS 0000: Rx L1CTL_DM_EST_REQ (chan_nr=0x20 arfcn=51 tn=0 ss=0)
Thu Jul  2 07:16:12 2026 DVIRPHY gsmtapl1_if.c:220 MS 0000: DL-DIAG fwd=1 ded=0/0 dl=0/0 ct=0x07 st=3 l2=030301
Thu Jul  2 07:16:12 2026 DVIRPHY gsmtapl1_if.c:220 MS 0000: DL-DIAG fwd=1 ded=0/0 dl=0/0 ct=0x07 st=3 l2=017349
Thu Jul  2 07:16:12 2026 DVIRPHY gsmtapl1_if.c:220 MS 0000: DL-DIAG fwd=1 ded=0/0 dl=0/0 ct=0x87 st=3 l2=0e0003
Thu Jul  2 07:16:12 2026 DVIRPHY gsmtapl1_if.c:220 MS 0000: DL-DIAG fwd=1 ded=0/0 dl=0/0 ct=0x07 st=3 l2=030301
Thu Jul  2 07:16:13 2026 DVIRPHY gsmtapl1_if.c:220 MS 0000: DL-DIAG fwd=1 ded=0/0 dl=0/0 ct=0x07 st=3 l2=030301
Thu Jul  2 07:16:13 2026 DVIRPHY gsmtapl1_if.c:220 MS 0000: DL-DIAG fwd=1 ded=0/0 dl=0/0 ct=0x87 st=3 l2=0e0003
Thu Jul  2 07:16:13 2026 DVIRPHY gsmtapl1_if.c:220 MS 0000: DL-DIAG fwd=1 ded=0/0 dl=0/0 ct=0x07 st=3 l2=030301
Thu Jul  2 07:16:13 2026 DVIRPHY gsmtapl1_if.c:220 MS 0000: DL-DIAG fwd=1 ded=0/0 dl=0/0 ct=0x07 st=3 l2=030301
Thu Jul  2 07:16:13 2026 DVIRPHY gsmtapl1_if.c:220 MS 0000: DL-DIAG fwd=1 ded=0/0 dl=0/0 ct=0x87 st=3 l2=0e0003
Thu Jul  2 07:16:13 2026 DVIRPHY gsmtapl1_if.c:220 MS 0000: DL-DIAG fwd=1 ded=0/0 dl=0/0 ct=0x07 st=3 l2=030301
Thu Jul  2 07:16:14 2026 DVIRPHY gsmtapl1_if.c:220 MS 0000: DL-DIAG fwd=1 ded=0/0 dl=0/0 ct=0x07 st=3 l2=030301
Thu Jul  2 07:16:14 2026 DVIRPHY gsmtapl1_if.c:220 MS 0000: DL-DIAG fwd=1 ded=0/0 dl=0/0 ct=0x87 st=3 l2=0e0003
Thu Jul  2 07:16:14 2026 DVIRPHY gsmtapl1_if.c:220 MS 0000: DL-DIAG fwd=1 ded=0/0 dl=0/0 ct=0x07 st=3 l2=030301
Thu Jul  2 07:16:14 2026 DVIRPHY gsmtapl1_if.c:220 MS 0000: DL-DIAG fwd=1 ded=0/0 dl=0/0 ct=0x07 st=3 l2=030301
Thu Jul  2 07:16:14 2026 DVIRPHY gsmtapl1_if.c:220 MS 0000: DL-DIAG fwd=1 ded=0/0 dl=0/0 ct=0x87 st=3 l2=0e0003
Thu Jul  2 07:16:14 2026 DVIRPHY gsmtapl1_if.c:220 MS 0000: DL-DIAG fwd=1 ded=0/0 dl=0/0 ct=0x07 st=3 l2=030301
Thu Jul  2 07:16:14 2026 DVIRPHY gsmtapl1_if.c:220 MS 0000: DL-DIAG fwd=1 ded=0/0 dl=0/0 ct=0x07 st=3 l2=030301
Thu Jul  2 07:16:15 2026 DVIRPHY gsmtapl1_if.c:220 MS 0000: DL-DIAG fwd=1 ded=0/0 dl=0/0 ct=0x87 st=3 l2=0e0003
Thu Jul  2 07:16:15 2026 DVIRPHY gsmtapl1_if.c:220 MS 0000: DL-DIAG fwd=1 ded=0/0 dl=0/0 ct=0x07 st=3 l2=030301
Thu Jul  2 07:16:15 2026 DVIRPHY gsmtapl1_if.c:220 MS 0000: DL-DIAG fwd=1 ded=0/0 dl=0/0 ct=0x07 st=3 l2=030301
Thu Jul  2 07:16:15 2026 DVIRPHY gsmtapl1_if.c:220 MS 0000: DL-DIAG fwd=1 ded=0/0 dl=0/0 ct=0x87 st=3 l2=0e0003
Thu Jul  2 07:16:15 2026 DVIRPHY gsmtapl1_if.c:220 MS 0000: DL-DIAG fwd=1 ded=0/0 dl=0/0 ct=0x07 st=3 l2=030301
Thu Jul  2 07:16:15 2026 DVIRPHY gsmtapl1_if.c:220 MS 0000: DL-DIAG fwd=1 ded=0/0 dl=0/0 ct=0x07 st=3 l2=030301
Thu Jul  2 07:16:16 2026 DVIRPHY gsmtapl1_if.c:220 MS 0000: DL-DIAG fwd=1 ded=0/0 dl=0/0 ct=0x87 st=3 l2=0e0003
Thu Jul  2 07:16:16 2026 DVIRPHY gsmtapl1_if.c:220 MS 0000: DL-DIAG fwd=1 ded=0/0 dl=0/0 ct=0x07 st=3 l2=030301
Thu Jul  2 07:16:16 2026 DVIRPHY gsmtapl1_if.c:220 MS 0000: DL-DIAG fwd=1 ded=0/0 dl=0/0 ct=0x07 st=3 l2=030301
Thu Jul  2 07:16:16 2026 DVIRPHY gsmtapl1_if.c:220 MS 0000: DL-DIAG fwd=1 ded=0/0 dl=0/0 ct=0x87 st=3 l2=0e0003
Thu Jul  2 07:16:16 2026 DVIRPHY gsmtapl1_if.c:220 MS 0000: DL-DIAG fwd=1 ded=0/0 dl=0/0 ct=0x07 st=3 l2=030301
Thu Jul  2 07:16:16 2026 DVIRPHY gsmtapl1_if.c:220 MS 0000: DL-DIAG fwd=1 ded=0/0 dl=0/0 ct=0x07 st=3 l2=030301
Thu Jul  2 07:16:16 2026 DVIRPHY gsmtapl1_if.c:220 MS 0000: DL-DIAG fwd=1 ded=0/0 dl=0/0 ct=0x87 st=3 l2=0e0003
Thu Jul  2 07:16:17 2026 DVIRPHY gsmtapl1_if.c:220 MS 0000: DL-DIAG fwd=1 ded=0/0 dl=0/0 ct=0x07 st=3 l2=030301
Thu Jul  2 07:16:17 2026 DVIRPHY gsmtapl1_if.c:220 MS 0000: DL-DIAG fwd=1 ded=0/0 dl=0/0 ct=0x07 st=3 l2=030301
Thu Jul  2 07:16:17 2026 DVIRPHY gsmtapl1_if.c:220 MS 0000: DL-DIAG fwd=1 ded=0/0 dl=0/0 ct=0x87 st=3 l2=0e0003
Thu Jul  2 07:16:17 2026 DVIRPHY gsmtapl1_if.c:220 MS 0000: DL-DIAG fwd=1 ded=0/0 dl=0/0 ct=0x07 st=3 l2=030301
Thu Jul  2 07:16:17 2026 DVIRPHY gsmtapl1_if.c:220 MS 0000: DL-DIAG fwd=1 ded=0/0 dl=0/0 ct=0x07 st=3 l2=030301
Thu Jul  2 07:16:17 2026 DVIRPHY gsmtapl1_if.c:220 MS 0000: DL-DIAG fwd=1 ded=0/0 dl=0/0 ct=0x87 st=3 l2=0e0003
Thu Jul  2 07:16:18 2026 DVIRPHY gsmtapl1_if.c:220 MS 0000: DL-DIAG fwd=1 ded=0/0 dl=0/0 ct=0x07 st=3 l2=030301
Thu Jul  2 07:16:18 2026 DVIRPHY gsmtapl1_if.c:220 MS 0000: DL-DIAG fwd=1 ded=0/0 dl=0/0 ct=0x07 st=3 l2=030301
Thu Jul  2 07:16:18 2026 DVIRPHY gsmtapl1_if.c:220 MS 0000: DL-DIAG fwd=1 ded=0/0 dl=0/0 ct=0x87 st=3 l2=0e0003
Thu Jul  2 07:16:18 2026 DVIRPHY gsmtapl1_if.c:220 MS 0000: DL-DIAG fwd=1 ded=0/0 dl=0/0 ct=0x07 st=3 l2=030301
Thu Jul  2 07:16:18 2026 DVIRPHY gsmtapl1_if.c:220 MS 0000: DL-DIAG fwd=1 ded=0/0 dl=0/0 ct=0x07 st=3 l2=030301
Thu Jul  2 07:16:18 2026 DVIRPHY gsmtapl1_if.c:220 MS 0000: DL-DIAG fwd=1 ded=0/0 dl=0/0 ct=0x87 st=3 l2=0e0003
Thu Jul  2 07:16:18 2026 DVIRPHY gsmtapl1_if.c:220 MS 0000: DL-DIAG fwd=1 ded=0/0 dl=0/0 ct=0x07 st=3 l2=030301
Thu Jul  2 07:16:19 2026 DVIRPHY gsmtapl1_if.c:220 MS 0000: DL-DIAG fwd=1 ded=0/0 dl=0/0 ct=0x07 st=3 l2=030301
Thu Jul  2 07:16:19 2026 DVIRPHY gsmtapl1_if.c:220 MS 0000: DL-DIAG fwd=1 ded=0/0 dl=0/0 ct=0x87 st=3 l2=0e0003
Thu Jul  2 07:16:19 2026 DVIRPHY gsmtapl1_if.c:220 MS 0000: DL-DIAG fwd=1 ded=0/0 dl=0/0 ct=0x07 st=3 l2=030301
Thu Jul  2 07:16:19 2026 DVIRPHY gsmtapl1_if.c:220 MS 0000: DL-DIAG fwd=1 ded=0/0 dl=0/0 ct=0x07 st=3 l2=030301
Thu Jul  2 07:16:19 2026 DVIRPHY gsmtapl1_if.c:220 MS 0000: DL-DIAG fwd=1 ded=0/0 dl=0/0 ct=0x87 st=3 l2=0e0003
Thu Jul  2 07:16:19 2026 DVIRPHY gsmtapl1_if.c:220 MS 0000: DL-DIAG fwd=1 ded=0/0 dl=0/0 ct=0x07 st=3 l2=030301
Thu Jul  2 07:16:20 2026 DVIRPHY gsmtapl1_if.c:220 MS 0000: DL-DIAG fwd=1 ded=0/0 dl=0/0 ct=0x07 st=3 l2=030301
Thu Jul  2 07:16:20 2026 DVIRPHY gsmtapl1_if.c:220 MS 0000: DL-DIAG fwd=1 ded=0/0 dl=0/0 ct=0x87 st=3 l2=0e0003
Thu Jul  2 07:16:20 2026 DVIRPHY gsmtapl1_if.c:220 MS 0000: DL-DIAG fwd=1 ded=0/0 dl=0/0 ct=0x07 st=3 l2=030301
Thu Jul  2 07:16:20 2026 DVIRPHY gsmtapl1_if.c:220 MS 0000: DL-DIAG fwd=1 ded=0/0 dl=0/0 ct=0x07 st=3 l2=030301
Thu Jul  2 07:16:20 2026 DVIRPHY gsmtapl1_if.c:220 MS 0000: DL-DIAG fwd=1 ded=0/0 dl=0/0 ct=0x87 st=3 l2=0e0003
Thu Jul  2 07:16:20 2026 DVIRPHY gsmtapl1_if.c:220 MS 0000: DL-DIAG fwd=1 ded=0/0 dl=0/0 ct=0x07 st=3 l2=030301
Thu Jul  2 07:16:21 2026 DVIRPHY gsmtapl1_if.c:220 MS 0000: DL-DIAG fwd=1 ded=0/0 dl=0/0 ct=0x07 st=3 l2=030301
Thu Jul  2 07:16:21 2026 DVIRPHY gsmtapl1_if.c:220 MS 0000: DL-DIAG fwd=1 ded=0/0 dl=0/0 ct=0x87 st=3 l2=0e0003
Thu Jul  2 07:16:21 2026 DVIRPHY gsmtapl1_if.c:220 MS 0000: DL-DIAG fwd=1 ded=0/0 dl=0/0 ct=0x07 st=3 l2=030301
Thu Jul  2 07:16:21 2026 DVIRPHY gsmtapl1_if.c:220 MS 0000: DL-DIAG fwd=1 ded=0/0 dl=0/0 ct=0x07 st=3 l2=030301
Thu Jul  2 07:16:21 2026 DVIRPHY gsmtapl1_if.c:220 MS 0000: DL-DIAG fwd=1 ded=0/0 dl=0/0 ct=0x87 st=3 l2=0e0003
Thu Jul  2 07:16:21 2026 DVIRPHY gsmtapl1_if.c:220 MS 0000: DL-DIAG fwd=1 ded=0/0 dl=0/0 ct=0x07 st=3 l2=030301
Thu Jul  2 07:16:22 2026 DVIRPHY gsmtapl1_if.c:220 MS 0000: DL-DIAG fwd=1 ded=0/0 dl=0/0 ct=0x07 st=3 l2=030301
Thu Jul  2 07:16:22 2026 DVIRPHY gsmtapl1_if.c:220 MS 0000: DL-DIAG fwd=1 ded=0/0 dl=0/0 ct=0x87 st=3 l2=0e0003
Thu Jul  2 07:16:22 2026 DVIRPHY gsmtapl1_if.c:220 MS 0000: DL-DIAG fwd=1 ded=0/0 dl=0/0 ct=0x07 st=3 l2=030301
Thu Jul  2 07:16:22 2026 DVIRPHY gsmtapl1_if.c:220 MS 0000: DL-DIAG fwd=1 ded=0/0 dl=0/0 ct=0x07 st=3 l2=030301
Thu Jul  2 07:16:22 2026 DVIRPHY gsmtapl1_if.c:220 MS 0000: DL-DIAG fwd=1 ded=0/0 dl=0/0 ct=0x87 st=3 l2=0e0003
Thu Jul  2 07:16:22 2026 DVIRPHY gsmtapl1_if.c:220 MS 0000: DL-DIAG fwd=1 ded=0/0 dl=0/0 ct=0x07 st=3 l2=030301
Thu Jul  2 07:16:22 2026 DVIRPHY gsmtapl1_if.c:220 MS 0000: DL-DIAG fwd=1 ded=0/0 dl=0/0 ct=0x07 st=3 l2=030301
Thu Jul  2 07:16:23 2026 DVIRPHY gsmtapl1_if.c:220 MS 0000: DL-DIAG fwd=1 ded=0/0 dl=0/0 ct=0x87 st=3 l2=0e0003
Thu Jul  2 07:16:23 2026 DVIRPHY gsmtapl1_if.c:220 MS 0000: DL-DIAG fwd=1 ded=0/0 dl=0/0 ct=0x07 st=3 l2=030301
Thu Jul  2 07:16:23 2026 DVIRPHY gsmtapl1_if.c:220 MS 0000: DL-DIAG fwd=1 ded=0/0 dl=0/0 ct=0x07 st=3 l2=030301
Thu Jul  2 07:16:23 2026 DVIRPHY gsmtapl1_if.c:220 MS 0000: DL-DIAG fwd=1 ded=0/0 dl=0/0 ct=0x87 st=3 l2=0e0003
Thu Jul  2 07:16:23 2026 DVIRPHY gsmtapl1_if.c:220 MS 0000: DL-DIAG fwd=1 ded=0/0 dl=0/0 ct=0x07 st=3 l2=030301
Thu Jul  2 07:16:23 2026 DVIRPHY gsmtapl1_if.c:220 MS 0000: DL-DIAG fwd=1 ded=0/0 dl=0/0 ct=0x07 st=3 l2=030301
Thu Jul  2 07:16:24 2026 DVIRPHY gsmtapl1_if.c:220 MS 0000: DL-DIAG fwd=1 ded=0/0 dl=0/0 ct=0x87 st=3 l2=0e0003
Thu Jul  2 07:16:24 2026 DVIRPHY gsmtapl1_if.c:220 MS 0000: DL-DIAG fwd=1 ded=0/0 dl=0/0 ct=0x07 st=3 l2=030301
Thu Jul  2 07:16:24 2026 DVIRPHY gsmtapl1_if.c:220 MS 0000: DL-DIAG fwd=1 ded=0/0 dl=0/0 ct=0x07 st=3 l2=030301
Thu Jul  2 07:16:24 2026 DVIRPHY gsmtapl1_if.c:220 MS 0000: DL-DIAG fwd=1 ded=0/0 dl=0/0 ct=0x87 st=3 l2=0e0003
Thu Jul  2 07:16:24 2026 DVIRPHY gsmtapl1_if.c:220 MS 0000: DL-DIAG fwd=1 ded=0/0 dl=0/0 ct=0x07 st=3 l2=030301
Thu Jul  2 07:16:24 2026 DVIRPHY gsmtapl1_if.c:220 MS 0000: DL-DIAG fwd=1 ded=0/0 dl=0/0 ct=0x07 st=3 l2=030301
Thu Jul  2 07:16:24 2026 DVIRPHY gsmtapl1_if.c:220 MS 0000: DL-DIAG fwd=1 ded=0/0 dl=0/0 ct=0x87 st=3 l2=0e0003
Thu Jul  2 07:16:25 2026 DVIRPHY gsmtapl1_if.c:220 MS 0000: DL-DIAG fwd=1 ded=0/0 dl=0/0 ct=0x07 st=3 l2=030301
Thu Jul  2 07:16:25 2026 DVIRPHY gsmtapl1_if.c:220 MS 0000: DL-DIAG fwd=1 ded=0/0 dl=0/0 ct=0x07 st=3 l2=030301
Thu Jul  2 07:16:25 2026 DVIRPHY gsmtapl1_if.c:220 MS 0000: DL-DIAG fwd=1 ded=0/0 dl=0/0 ct=0x87 st=3 l2=0e0003
Thu Jul  2 07:16:25 2026 DVIRPHY gsmtapl1_if.c:220 MS 0000: DL-DIAG fwd=1 ded=0/0 dl=0/0 ct=0x07 st=3 l2=030301
Thu Jul  2 07:16:25 2026 DVIRPHY gsmtapl1_if.c:220 MS 0000: DL-DIAG fwd=1 ded=0/0 dl=0/0 ct=0x07 st=3 l2=030301
Thu Jul  2 07:16:25 2026 DVIRPHY gsmtapl1_if.c:220 MS 0000: DL-DIAG fwd=1 ded=0/0 dl=0/0 ct=0x87 st=3 l2=0e0003
Thu Jul  2 07:16:26 2026 DVIRPHY gsmtapl1_if.c:220 MS 0000: DL-DIAG fwd=1 ded=0/0 dl=0/0 ct=0x07 st=3 l2=030301
Thu Jul  2 07:16:26 2026 DVIRPHY gsmtapl1_if.c:220 MS 0000: DL-DIAG fwd=1 ded=0/0 dl=0/0 ct=0x07 st=3 l2=030301
Thu Jul  2 07:16:26 2026 DVIRPHY gsmtapl1_if.c:220 MS 0000: DL-DIAG fwd=1 ded=0/0 dl=0/0 ct=0x87 st=3 l2=0e0003
Thu Jul  2 07:16:26 2026 DVIRPHY gsmtapl1_if.c:220 MS 0000: DL-DIAG fwd=1 ded=0/0 dl=0/0 ct=0x07 st=3 l2=030301
Thu Jul  2 07:16:26 2026 DVIRPHY gsmtapl1_if.c:220 MS 0000: DL-DIAG fwd=1 ded=0/0 dl=0/0 ct=0x07 st=3 l2=030301
Thu Jul  2 07:16:26 2026 DVIRPHY gsmtapl1_if.c:220 MS 0000: DL-DIAG fwd=1 ded=0/0 dl=0/0 ct=0x87 st=3 l2=0e0003
Thu Jul  2 07:16:26 2026 DVIRPHY gsmtapl1_if.c:220 MS 0000: DL-DIAG fwd=1 ded=0/0 dl=0/0 ct=0x07 st=3 l2=030301
Thu Jul  2 07:16:27 2026 DVIRPHY gsmtapl1_if.c:220 MS 0000: DL-DIAG fwd=1 ded=0/0 dl=0/0 ct=0x07 st=3 l2=030301
Thu Jul  2 07:16:27 2026 DVIRPHY gsmtapl1_if.c:220 MS 0000: DL-DIAG fwd=1 ded=0/0 dl=0/0 ct=0x87 st=3 l2=0e0003
Thu Jul  2 07:16:27 2026 DVIRPHY gsmtapl1_if.c:220 MS 0000: DL-DIAG fwd=1 ded=0/0 dl=0/0 ct=0x07 st=3 l2=030301
Thu Jul  2 07:16:27 2026 DVIRPHY gsmtapl1_if.c:220 MS 0000: DL-DIAG fwd=1 ded=0/0 dl=0/0 ct=0x07 st=3 l2=030301
Thu Jul  2 07:16:27 2026 DVIRPHY gsmtapl1_if.c:220 MS 0000: DL-DIAG fwd=1 ded=0/0 dl=0/0 ct=0x87 st=3 l2=0e0003
Thu Jul  2 07:16:27 2026 DVIRPHY gsmtapl1_if.c:220 MS 0000: DL-DIAG fwd=1 ded=0/0 dl=0/0 ct=0x07 st=3 l2=030301
Thu Jul  2 07:16:28 2026 DVIRPHY gsmtapl1_if.c:220 MS 0000: DL-DIAG fwd=1 ded=0/0 dl=0/0 ct=0x07 st=3 l2=030301
Thu Jul  2 07:16:28 2026 DVIRPHY gsmtapl1_if.c:220 MS 0000: DL-DIAG fwd=1 ded=0/0 dl=0/0 ct=0x87 st=3 l2=0e0003
Thu Jul  2 07:16:28 2026 DVIRPHY gsmtapl1_if.c:220 MS 0000: DL-DIAG fwd=1 ded=0/0 dl=0/0 ct=0x07 st=3 l2=030301
Thu Jul  2 07:16:28 2026 DVIRPHY gsmtapl1_if.c:220 MS 0000: DL-DIAG fwd=1 ded=0/0 dl=0/0 ct=0x07 st=3 l2=030301
Thu Jul  2 07:16:28 2026 DVIRPHY gsmtapl1_if.c:220 MS 0000: DL-DIAG fwd=1 ded=0/0 dl=0/0 ct=0x87 st=3 l2=0e0003
Thu Jul  2 07:16:28 2026 DVIRPHY gsmtapl1_if.c:220 MS 0000: DL-DIAG fwd=1 ded=0/0 dl=0/0 ct=0x07 st=3 l2=030301
Thu Jul  2 07:16:29 2026 DVIRPHY gsmtapl1_if.c:220 MS 0000: DL-DIAG fwd=1 ded=0/0 dl=0/0 ct=0x07 st=3 l2=030301
Thu Jul  2 07:16:29 2026 DVIRPHY gsmtapl1_if.c:220 MS 0000: DL-DIAG fwd=1 ded=0/0 dl=0/0 ct=0x87 st=3 l2=0e0003
Thu Jul  2 07:16:29 2026 DVIRPHY gsmtapl1_if.c:220 MS 0000: DL-DIAG fwd=1 ded=0/0 dl=0/0 ct=0x07 st=3 l2=030301
Thu Jul  2 07:16:29 2026 DVIRPHY gsmtapl1_if.c:220 MS 0000: DL-DIAG fwd=1 ded=0/0 dl=0/0 ct=0x07 st=3 l2=030301
Thu Jul  2 07:16:29 2026 DVIRPHY gsmtapl1_if.c:220 MS 0000: DL-DIAG fwd=1 ded=0/0 dl=0/0 ct=0x87 st=3 l2=0e0003
Thu Jul  2 07:16:29 2026 DVIRPHY gsmtapl1_if.c:220 MS 0000: DL-DIAG fwd=1 ded=0/0 dl=0/0 ct=0x07 st=3 l2=030301
Thu Jul  2 07:16:30 2026 DVIRPHY gsmtapl1_if.c:220 MS 0000: DL-DIAG fwd=1 ded=0/0 dl=0/0 ct=0x07 st=3 l2=030301
Thu Jul  2 07:16:30 2026 DVIRPHY gsmtapl1_if.c:220 MS 0000: DL-DIAG fwd=1 ded=0/0 dl=0/0 ct=0x87 st=3 l2=0e0003
Thu Jul  2 07:16:30 2026 DVIRPHY gsmtapl1_if.c:220 MS 0000: DL-DIAG fwd=1 ded=0/0 dl=0/0 ct=0x07 st=3 l2=030301
Thu Jul  2 07:16:30 2026 DVIRPHY gsmtapl1_if.c:220 MS 0000: DL-DIAG fwd=1 ded=0/0 dl=0/0 ct=0x07 st=3 l2=030301
Thu Jul  2 07:16:30 2026 DVIRPHY gsmtapl1_if.c:220 MS 0000: DL-DIAG fwd=1 ded=0/0 dl=0/0 ct=0x87 st=3 l2=0e0003
Thu Jul  2 07:16:30 2026 DVIRPHY gsmtapl1_if.c:220 MS 0000: DL-DIAG fwd=1 ded=0/0 dl=0/0 ct=0x07 st=3 l2=030301
Thu Jul  2 07:16:30 2026 DVIRPHY gsmtapl1_if.c:220 MS 0000: DL-DIAG fwd=1 ded=0/0 dl=0/0 ct=0x07 st=3 l2=030301
Thu Jul  2 07:16:31 2026 DVIRPHY gsmtapl1_if.c:220 MS 0000: DL-DIAG fwd=1 ded=0/0 dl=0/0 ct=0x87 st=3 l2=0e0003
Thu Jul  2 07:16:31 2026 DVIRPHY gsmtapl1_if.c:220 MS 0000: DL-DIAG fwd=1 ded=0/0 dl=0/0 ct=0x07 st=3 l2=030301
Thu Jul  2 07:16:31 2026 DVIRPHY gsmtapl1_if.c:220 MS 0000: DL-DIAG fwd=1 ded=0/0 dl=0/0 ct=0x07 st=3 l2=030301
Thu Jul  2 07:16:31 2026 DVIRPHY gsmtapl1_if.c:220 MS 0000: DL-DIAG fwd=1 ded=0/0 dl=0/0 ct=0x87 st=3 l2=0e0003
Thu Jul  2 07:16:31 2026 DVIRPHY gsmtapl1_if.c:220 MS 0000: DL-DIAG fwd=1 ded=0/0 dl=0/0 ct=0x07 st=3 l2=030301
Thu Jul  2 07:16:31 2026 DVIRPHY gsmtapl1_if.c:220 MS 0000: DL-DIAG fwd=1 ded=0/0 dl=0/0 ct=0x07 st=3 l2=030301
Thu Jul  2 07:16:32 2026 DVIRPHY gsmtapl1_if.c:220 MS 0000: DL-DIAG fwd=1 ded=0/0 dl=0/0 ct=0x87 st=3 l2=0e0003
Thu Jul  2 07:16:32 2026 DVIRPHY gsmtapl1_if.c:220 MS 0000: DL-DIAG fwd=1 ded=0/0 dl=0/0 ct=0x07 st=3 l2=030301
Thu Jul  2 07:16:32 2026 DVIRPHY gsmtapl1_if.c:220 MS 0000: DL-DIAG fwd=1 ded=0/0 dl=0/0 ct=0x07 st=3 l2=030301
Thu Jul  2 07:16:32 2026 DVIRPHY gsmtapl1_if.c:220 MS 0000: DL-DIAG fwd=1 ded=0/0 dl=0/0 ct=0x87 st=3 l2=0e0003
Thu Jul  2 07:16:32 2026 DVIRPHY gsmtapl1_if.c:220 MS 0000: DL-DIAG fwd=1 ded=0/0 dl=0/0 ct=0x07 st=3 l2=030301
Thu Jul  2 07:16:32 2026 DVIRPHY gsmtapl1_if.c:220 MS 0000: DL-DIAG fwd=1 ded=0/0 dl=0/0 ct=0x07 st=3 l2=017301
Thu Jul  2 07:16:32 2026 DL1C l1ctl_sap.c:426 MS 0000: Rx L1CTL_DM_REL_REQ
Thu Jul  2 07:16:32 2026 DL1C l1ctl_sap.c:625 MS 0000: Tx L1CTL_RESET_CONF (reset_type: 1)
Thu Jul  2 07:16:32 2026 DL1C l1ctl_sap.c:625 MS 0000: Tx L1CTL_RESET_CONF (reset_type: 1)
Thu Jul  2 07:16:32 2026 DL1C virt_prim_fbsb.c:57 MS 0000: Rx L1CTL_FBSB_REQ (arfcn=51, flags=0x7)
Thu Jul  2 07:16:33 2026 DL1C virt_prim_fbsb.c:127 MS 0000: Tx L1CTL_FBSB_CONF (res: 0)
Thu Jul  2 07:16:33 2026 DL1C l1ctl_sap.c:573 MS 0000: Rx L1CTL_NEIGH_PM_REQ (list with 1 entries): IGNORED
Thu Jul  2 07:16:33 2026 DVIRPHY gsmtapl1_if.c:220 MS 0000: DL-DIAG fwd=1 ded=0/0 dl=0/0 ct=0x07 st=2 l2=030301
Thu Jul  2 07:16:33 2026 DVIRPHY gsmtapl1_if.c:220 MS 0000: DL-DIAG fwd=1 ded=0/0 dl=0/0 ct=0x07 st=2 l2=030301
Thu Jul  2 07:16:33 2026 DVIRPHY gsmtapl1_if.c:220 MS 0000: DL-DIAG fwd=1 ded=0/0 dl=0/0 ct=0x07 st=2 l2=030301
Thu Jul  2 07:16:33 2026 DVIRPHY gsmtapl1_if.c:220 MS 0000: DL-DIAG fwd=1 ded=0/0 dl=0/0 ct=0x07 st=2 l2=030301
Thu Jul  2 07:16:34 2026 DVIRPHY gsmtapl1_if.c:220 MS 0000: DL-DIAG fwd=1 ded=0/0 dl=0/0 ct=0x07 st=2 l2=030301
Thu Jul  2 07:16:34 2026 DVIRPHY gsmtapl1_if.c:220 MS 0000: DL-DIAG fwd=1 ded=0/0 dl=0/0 ct=0x07 st=2 l2=030301
Thu Jul  2 07:16:34 2026 DVIRPHY gsmtapl1_if.c:220 MS 0000: DL-DIAG fwd=1 ded=0/0 dl=0/0 ct=0x07 st=2 l2=030301
Thu Jul  2 07:16:34 2026 DVIRPHY gsmtapl1_if.c:220 MS 0000: DL-DIAG fwd=1 ded=0/0 dl=0/0 ct=0x07 st=2 l2=030301
Thu Jul  2 07:16:47 2026 DL1C l1ctl_sap.c:625 MS 0000: Tx L1CTL_RESET_CONF (reset_type: 1)
Thu Jul  2 07:16:47 2026 DL1C virt_prim_fbsb.c:57 MS 0000: Rx L1CTL_FBSB_REQ (arfcn=51, flags=0x7)
Thu Jul  2 07:16:47 2026 DL1C virt_prim_fbsb.c:127 MS 0000: Tx L1CTL_FBSB_CONF (res: 0)
Thu Jul  2 07:16:47 2026 DL1C l1ctl_sap.c:458 MS 0000: Rx L1CTL_PARAM_REQ (ta=0, tx_power=14)
Thu Jul  2 07:16:47 2026 DL1C virt_prim_rach.c:81 MS 0000: Rx L1CTL_RACH_REQ (ra=0x0f, offset=1 combined=1)
Thu Jul  2 07:16:48 2026 DL1C virt_prim_rach.c:124 MS 0000: Tx L1CTL_RACH_CONF (fn: 8177, arfcn: 51)
Thu Jul  2 07:16:48 2026 DL1C l1ctl_sap.c:458 MS 0000: Rx L1CTL_PARAM_REQ (ta=0, tx_power=14)
Thu Jul  2 07:16:48 2026 DL1C virt_prim_rach.c:81 MS 0000: Rx L1CTL_RACH_REQ (ra=0x0b, offset=125 combined=1)
Thu Jul  2 07:16:48 2026 DL1C l1ctl_sap.c:625 MS 0000: Tx L1CTL_RESET_CONF (reset_type: 2)
Thu Jul  2 07:16:48 2026 DL1C l1ctl_sap.c:458 MS 0000: Rx L1CTL_PARAM_REQ (ta=0, tx_power=14)
Thu Jul  2 07:16:48 2026 DL1C l1ctl_sap.c:313 MS 0000: Rx L1CTL_DM_EST_REQ (chan_nr=0x20 arfcn=51 tn=0 ss=0)
Thu Jul  2 07:16:48 2026 DVIRPHY gsmtapl1_if.c:220 MS 0000: DL-DIAG fwd=1 ded=0/0 dl=0/0 ct=0x07 st=3 l2=030301
Thu Jul  2 07:16:55 2026 DL1C l1ctl_sap.c:426 MS 0000: Rx L1CTL_DM_REL_REQ
Thu Jul  2 07:16:55 2026 DL1C l1ctl_sap.c:625 MS 0000: Tx L1CTL_RESET_CONF (reset_type: 1)
Thu Jul  2 07:16:55 2026 DL1C l1ctl_sap.c:625 MS 0000: Tx L1CTL_RESET_CONF (reset_type: 1)
Thu Jul  2 07:16:55 2026 DL1C virt_prim_fbsb.c:57 MS 0000: Rx L1CTL_FBSB_REQ (arfcn=51, flags=0x7)
Thu Jul  2 07:16:55 2026 DL1C virt_prim_fbsb.c:127 MS 0000: Tx L1CTL_FBSB_CONF (res: 0)
Thu Jul  2 07:16:55 2026 DL1C l1ctl_sap.c:573 MS 0000: Rx L1CTL_NEIGH_PM_REQ (list with 1 entries): IGNORED
Thu Jul  2 07:17:10 2026 DL1C l1ctl_sap.c:625 MS 0000: Tx L1CTL_RESET_CONF (reset_type: 1)
Thu Jul  2 07:17:10 2026 DL1C virt_prim_fbsb.c:57 MS 0000: Rx L1CTL_FBSB_REQ (arfcn=51, flags=0x7)
Thu Jul  2 07:17:10 2026 DL1C virt_prim_fbsb.c:127 MS 0000: Tx L1CTL_FBSB_CONF (res: 0)
Thu Jul  2 07:17:10 2026 DL1C l1ctl_sap.c:458 MS 0000: Rx L1CTL_PARAM_REQ (ta=0, tx_power=14)
Thu Jul  2 07:17:10 2026 DL1C virt_prim_rach.c:81 MS 0000: Rx L1CTL_RACH_REQ (ra=0x07, offset=5 combined=1)
Thu Jul  2 07:17:10 2026 DL1C virt_prim_rach.c:124 MS 0000: Tx L1CTL_RACH_CONF (fn: 13126, arfcn: 51)
Thu Jul  2 07:17:10 2026 DL1C l1ctl_sap.c:458 MS 0000: Rx L1CTL_PARAM_REQ (ta=0, tx_power=14)
Thu Jul  2 07:17:10 2026 DL1C virt_prim_rach.c:81 MS 0000: Rx L1CTL_RACH_REQ (ra=0x0b, offset=124 combined=1)
Thu Jul  2 07:17:10 2026 DL1C l1ctl_sap.c:625 MS 0000: Tx L1CTL_RESET_CONF (reset_type: 2)
Thu Jul  2 07:17:10 2026 DL1C l1ctl_sap.c:458 MS 0000: Rx L1CTL_PARAM_REQ (ta=0, tx_power=14)
Thu Jul  2 07:17:10 2026 DL1C l1ctl_sap.c:313 MS 0000: Rx L1CTL_DM_EST_REQ (chan_nr=0x20 arfcn=51 tn=0 ss=0)
Thu Jul  2 07:17:11 2026 DVIRPHY gsmtapl1_if.c:220 MS 0000: DL-DIAG fwd=1 ded=0/0 dl=0/0 ct=0x07 st=3 l2=030301
Thu Jul  2 07:17:11 2026 DVIRPHY gsmtapl1_if.c:220 MS 0000: DL-DIAG fwd=1 ded=0/0 dl=0/0 ct=0x87 st=3 l2=0e0003
Thu Jul  2 07:17:18 2026 DL1C l1ctl_sap.c:426 MS 0000: Rx L1CTL_DM_REL_REQ
Thu Jul  2 07:17:18 2026 DL1C l1ctl_sap.c:625 MS 0000: Tx L1CTL_RESET_CONF (reset_type: 1)
Thu Jul  2 07:17:18 2026 DL1C l1ctl_sap.c:625 MS 0000: Tx L1CTL_RESET_CONF (reset_type: 1)
Thu Jul  2 07:17:18 2026 DL1C virt_prim_fbsb.c:57 MS 0000: Rx L1CTL_FBSB_REQ (arfcn=51, flags=0x7)
Thu Jul  2 07:17:18 2026 DL1C virt_prim_fbsb.c:127 MS 0000: Tx L1CTL_FBSB_CONF (res: 0)
Thu Jul  2 07:17:18 2026 DL1C l1ctl_sap.c:573 MS 0000: Rx L1CTL_NEIGH_PM_REQ (list with 1 entries): IGNORED
Thu Jul  2 07:17:33 2026 DL1C l1ctl_sap.c:625 MS 0000: Tx L1CTL_RESET_CONF (reset_type: 1)
Thu Jul  2 07:17:33 2026 DL1C virt_prim_fbsb.c:57 MS 0000: Rx L1CTL_FBSB_REQ (arfcn=51, flags=0x7)
Thu Jul  2 07:17:33 2026 DL1C virt_prim_fbsb.c:127 MS 0000: Tx L1CTL_FBSB_CONF (res: 0)
Thu Jul  2 07:17:33 2026 DL1C l1ctl_sap.c:458 MS 0000: Rx L1CTL_PARAM_REQ (ta=0, tx_power=14)
Thu Jul  2 07:17:33 2026 DL1C virt_prim_rach.c:81 MS 0000: Rx L1CTL_RACH_REQ (ra=0x08, offset=1 combined=1)
Thu Jul  2 07:17:33 2026 DL1C virt_prim_rach.c:124 MS 0000: Tx L1CTL_RACH_CONF (fn: 18069, arfcn: 51)
Thu Jul  2 07:17:33 2026 DL1C l1ctl_sap.c:458 MS 0000: Rx L1CTL_PARAM_REQ (ta=0, tx_power=14)
Thu Jul  2 07:17:33 2026 DL1C virt_prim_rach.c:81 MS 0000: Rx L1CTL_RACH_REQ (ra=0x0a, offset=122 combined=1)
Thu Jul  2 07:17:33 2026 DVIRPHY gsmtapl1_if.c:220 MS 0000: DL-DIAG fwd=1 ded=0/0 dl=0/0 ct=0x07 st=2 l2=030301
Thu Jul  2 07:17:33 2026 DVIRPHY gsmtapl1_if.c:220 MS 0000: DL-DIAG fwd=1 ded=0/0 dl=0/0 ct=0x87 st=2 l2=0e0003
Thu Jul  2 07:17:33 2026 DL1C l1ctl_sap.c:625 MS 0000: Tx L1CTL_RESET_CONF (reset_type: 2)
Thu Jul  2 07:17:33 2026 DL1C l1ctl_sap.c:458 MS 0000: Rx L1CTL_PARAM_REQ (ta=0, tx_power=14)
Thu Jul  2 07:17:33 2026 DL1C l1ctl_sap.c:313 MS 0000: Rx L1CTL_DM_EST_REQ (chan_nr=0x20 arfcn=51 tn=0 ss=0)
Thu Jul  2 07:17:33 2026 DVIRPHY gsmtapl1_if.c:220 MS 0000: DL-DIAG fwd=1 ded=0/0 dl=0/0 ct=0x07 st=3 l2=030301
Thu Jul  2 07:17:34 2026 DVIRPHY gsmtapl1_if.c:220 MS 0000: DL-DIAG fwd=1 ded=0/0 dl=0/0 ct=0x07 st=3 l2=017349
Thu Jul  2 07:17:34 2026 DVIRPHY gsmtapl1_if.c:220 MS 0000: DL-DIAG fwd=1 ded=0/0 dl=0/0 ct=0x87 st=3 l2=0e0003
Thu Jul  2 07:17:34 2026 DVIRPHY gsmtapl1_if.c:220 MS 0000: DL-DIAG fwd=1 ded=0/0 dl=0/0 ct=0x07 st=3 l2=030301
Thu Jul  2 07:17:34 2026 DVIRPHY gsmtapl1_if.c:220 MS 0000: DL-DIAG fwd=1 ded=0/0 dl=0/0 ct=0x07 st=3 l2=030301
Thu Jul  2 07:17:34 2026 DVIRPHY gsmtapl1_if.c:220 MS 0000: DL-DIAG fwd=1 ded=0/0 dl=0/0 ct=0x87 st=3 l2=0e0003
Thu Jul  2 07:17:34 2026 DVIRPHY gsmtapl1_if.c:220 MS 0000: DL-DIAG fwd=1 ded=0/0 dl=0/0 ct=0x07 st=3 l2=030301
Thu Jul  2 07:17:35 2026 DVIRPHY gsmtapl1_if.c:220 MS 0000: DL-DIAG fwd=1 ded=0/0 dl=0/0 ct=0x07 st=3 l2=030301
Thu Jul  2 07:17:35 2026 DVIRPHY gsmtapl1_if.c:220 MS 0000: DL-DIAG fwd=1 ded=0/0 dl=0/0 ct=0x87 st=3 l2=0e0003
Thu Jul  2 07:17:35 2026 DVIRPHY gsmtapl1_if.c:220 MS 0000: DL-DIAG fwd=1 ded=0/0 dl=0/0 ct=0x07 st=3 l2=030301
Thu Jul  2 07:17:35 2026 DVIRPHY gsmtapl1_if.c:220 MS 0000: DL-DIAG fwd=1 ded=0/0 dl=0/0 ct=0x07 st=3 l2=030301
Thu Jul  2 07:17:35 2026 DVIRPHY gsmtapl1_if.c:220 MS 0000: DL-DIAG fwd=1 ded=0/0 dl=0/0 ct=0x87 st=3 l2=0e0003
Thu Jul  2 07:17:35 2026 DVIRPHY gsmtapl1_if.c:220 MS 0000: DL-DIAG fwd=1 ded=0/0 dl=0/0 ct=0x07 st=3 l2=030301
Thu Jul  2 07:17:35 2026 DVIRPHY gsmtapl1_if.c:220 MS 0000: DL-DIAG fwd=1 ded=0/0 dl=0/0 ct=0x07 st=3 l2=030301
Thu Jul  2 07:17:36 2026 DVIRPHY gsmtapl1_if.c:220 MS 0000: DL-DIAG fwd=1 ded=0/0 dl=0/0 ct=0x87 st=3 l2=0e0003
Thu Jul  2 07:17:36 2026 DVIRPHY gsmtapl1_if.c:220 MS 0000: DL-DIAG fwd=1 ded=0/0 dl=0/0 ct=0x07 st=3 l2=030301
Thu Jul  2 07:17:36 2026 DVIRPHY gsmtapl1_if.c:220 MS 0000: DL-DIAG fwd=1 ded=0/0 dl=0/0 ct=0x07 st=3 l2=030301
Thu Jul  2 07:17:36 2026 DVIRPHY gsmtapl1_if.c:220 MS 0000: DL-DIAG fwd=1 ded=0/0 dl=0/0 ct=0x87 st=3 l2=0e0003
Thu Jul  2 07:17:36 2026 DVIRPHY gsmtapl1_if.c:220 MS 0000: DL-DIAG fwd=1 ded=0/0 dl=0/0 ct=0x07 st=3 l2=030301
Thu Jul  2 07:17:36 2026 DVIRPHY gsmtapl1_if.c:220 MS 0000: DL-DIAG fwd=1 ded=0/0 dl=0/0 ct=0x07 st=3 l2=030301
Thu Jul  2 07:17:36 2026 DVIRPHY gsmtapl1_if.c:220 MS 0000: DL-DIAG fwd=1 ded=0/0 dl=0/0 ct=0x87 st=3 l2=0e0003
Thu Jul  2 07:17:37 2026 DVIRPHY gsmtapl1_if.c:220 MS 0000: DL-DIAG fwd=1 ded=0/0 dl=0/0 ct=0x07 st=3 l2=030301
Thu Jul  2 07:17:37 2026 DVIRPHY gsmtapl1_if.c:220 MS 0000: DL-DIAG fwd=1 ded=0/0 dl=0/0 ct=0x07 st=3 l2=030301
Thu Jul  2 07:17:37 2026 DVIRPHY gsmtapl1_if.c:220 MS 0000: DL-DIAG fwd=1 ded=0/0 dl=0/0 ct=0x87 st=3 l2=0e0003
Thu Jul  2 07:17:37 2026 DVIRPHY gsmtapl1_if.c:220 MS 0000: DL-DIAG fwd=1 ded=0/0 dl=0/0 ct=0x07 st=3 l2=030301
Thu Jul  2 07:17:37 2026 DVIRPHY gsmtapl1_if.c:220 MS 0000: DL-DIAG fwd=1 ded=0/0 dl=0/0 ct=0x07 st=3 l2=030301
Thu Jul  2 07:17:37 2026 DVIRPHY gsmtapl1_if.c:220 MS 0000: DL-DIAG fwd=1 ded=0/0 dl=0/0 ct=0x87 st=3 l2=0e0003
Thu Jul  2 07:17:38 2026 DVIRPHY gsmtapl1_if.c:220 MS 0000: DL-DIAG fwd=1 ded=0/0 dl=0/0 ct=0x07 st=3 l2=030301
Thu Jul  2 07:17:38 2026 DVIRPHY gsmtapl1_if.c:220 MS 0000: DL-DIAG fwd=1 ded=0/0 dl=0/0 ct=0x07 st=3 l2=030301
Thu Jul  2 07:17:38 2026 DVIRPHY gsmtapl1_if.c:220 MS 0000: DL-DIAG fwd=1 ded=0/0 dl=0/0 ct=0x87 st=3 l2=0e0003
Thu Jul  2 07:17:38 2026 DVIRPHY gsmtapl1_if.c:220 MS 0000: DL-DIAG fwd=1 ded=0/0 dl=0/0 ct=0x07 st=3 l2=030301
Thu Jul  2 07:17:38 2026 DVIRPHY gsmtapl1_if.c:220 MS 0000: DL-DIAG fwd=1 ded=0/0 dl=0/0 ct=0x07 st=3 l2=030301
Thu Jul  2 07:17:38 2026 DVIRPHY gsmtapl1_if.c:220 MS 0000: DL-DIAG fwd=1 ded=0/0 dl=0/0 ct=0x87 st=3 l2=0e0003
Thu Jul  2 07:17:39 2026 DVIRPHY gsmtapl1_if.c:220 MS 0000: DL-DIAG fwd=1 ded=0/0 dl=0/0 ct=0x07 st=3 l2=030301
Thu Jul  2 07:17:39 2026 DVIRPHY gsmtapl1_if.c:220 MS 0000: DL-DIAG fwd=1 ded=0/0 dl=0/0 ct=0x07 st=3 l2=030301
Thu Jul  2 07:17:39 2026 DVIRPHY gsmtapl1_if.c:220 MS 0000: DL-DIAG fwd=1 ded=0/0 dl=0/0 ct=0x87 st=3 l2=0e0003
Thu Jul  2 07:17:39 2026 DVIRPHY gsmtapl1_if.c:220 MS 0000: DL-DIAG fwd=1 ded=0/0 dl=0/0 ct=0x07 st=3 l2=030301
Thu Jul  2 07:17:39 2026 DVIRPHY gsmtapl1_if.c:220 MS 0000: DL-DIAG fwd=1 ded=0/0 dl=0/0 ct=0x07 st=3 l2=030301
Thu Jul  2 07:17:39 2026 DVIRPHY gsmtapl1_if.c:220 MS 0000: DL-DIAG fwd=1 ded=0/0 dl=0/0 ct=0x87 st=3 l2=0e0003
Thu Jul  2 07:17:39 2026 DVIRPHY gsmtapl1_if.c:220 MS 0000: DL-DIAG fwd=1 ded=0/0 dl=0/0 ct=0x07 st=3 l2=030301
Thu Jul  2 07:17:40 2026 DVIRPHY gsmtapl1_if.c:220 MS 0000: DL-DIAG fwd=1 ded=0/0 dl=0/0 ct=0x07 st=3 l2=030301
Thu Jul  2 07:17:40 2026 DVIRPHY gsmtapl1_if.c:220 MS 0000: DL-DIAG fwd=1 ded=0/0 dl=0/0 ct=0x87 st=3 l2=0e0003
Thu Jul  2 07:17:40 2026 DVIRPHY gsmtapl1_if.c:220 MS 0000: DL-DIAG fwd=1 ded=0/0 dl=0/0 ct=0x07 st=3 l2=030301
Thu Jul  2 07:17:40 2026 DVIRPHY gsmtapl1_if.c:220 MS 0000: DL-DIAG fwd=1 ded=0/0 dl=0/0 ct=0x07 st=3 l2=030301
Thu Jul  2 07:17:40 2026 DVIRPHY gsmtapl1_if.c:220 MS 0000: DL-DIAG fwd=1 ded=0/0 dl=0/0 ct=0x87 st=3 l2=0e0003
Thu Jul  2 07:17:40 2026 DVIRPHY gsmtapl1_if.c:220 MS 0000: DL-DIAG fwd=1 ded=0/0 dl=0/0 ct=0x07 st=3 l2=030301
Thu Jul  2 07:17:41 2026 DVIRPHY gsmtapl1_if.c:220 MS 0000: DL-DIAG fwd=1 ded=0/0 dl=0/0 ct=0x07 st=3 l2=030301
Thu Jul  2 07:17:41 2026 DVIRPHY gsmtapl1_if.c:220 MS 0000: DL-DIAG fwd=1 ded=0/0 dl=0/0 ct=0x87 st=3 l2=0e0003
Thu Jul  2 07:17:41 2026 DVIRPHY gsmtapl1_if.c:220 MS 0000: DL-DIAG fwd=1 ded=0/0 dl=0/0 ct=0x07 st=3 l2=030301
Thu Jul  2 07:17:41 2026 DVIRPHY gsmtapl1_if.c:220 MS 0000: DL-DIAG fwd=1 ded=0/0 dl=0/0 ct=0x07 st=3 l2=030301
Thu Jul  2 07:17:41 2026 DVIRPHY gsmtapl1_if.c:220 MS 0000: DL-DIAG fwd=1 ded=0/0 dl=0/0 ct=0x87 st=3 l2=0e0003
Thu Jul  2 07:17:41 2026 DVIRPHY gsmtapl1_if.c:220 MS 0000: DL-DIAG fwd=1 ded=0/0 dl=0/0 ct=0x07 st=3 l2=030301
Thu Jul  2 07:17:42 2026 DVIRPHY gsmtapl1_if.c:220 MS 0000: DL-DIAG fwd=1 ded=0/0 dl=0/0 ct=0x07 st=3 l2=030301
Thu Jul  2 07:17:42 2026 DVIRPHY gsmtapl1_if.c:220 MS 0000: DL-DIAG fwd=1 ded=0/0 dl=0/0 ct=0x87 st=3 l2=0e0003
Thu Jul  2 07:17:42 2026 DVIRPHY gsmtapl1_if.c:220 MS 0000: DL-DIAG fwd=1 ded=0/0 dl=0/0 ct=0x07 st=3 l2=030301
Thu Jul  2 07:17:42 2026 DVIRPHY gsmtapl1_if.c:220 MS 0000: DL-DIAG fwd=1 ded=0/0 dl=0/0 ct=0x07 st=3 l2=030301
Thu Jul  2 07:17:42 2026 DVIRPHY gsmtapl1_if.c:220 MS 0000: DL-DIAG fwd=1 ded=0/0 dl=0/0 ct=0x87 st=3 l2=0e0003
Thu Jul  2 07:17:42 2026 DVIRPHY gsmtapl1_if.c:220 MS 0000: DL-DIAG fwd=1 ded=0/0 dl=0/0 ct=0x07 st=3 l2=030301
Thu Jul  2 07:17:43 2026 DVIRPHY gsmtapl1_if.c:220 MS 0000: DL-DIAG fwd=1 ded=0/0 dl=0/0 ct=0x07 st=3 l2=030301
Thu Jul  2 07:17:43 2026 DVIRPHY gsmtapl1_if.c:220 MS 0000: DL-DIAG fwd=1 ded=0/0 dl=0/0 ct=0x87 st=3 l2=0e0003
Thu Jul  2 07:17:43 2026 DVIRPHY gsmtapl1_if.c:220 MS 0000: DL-DIAG fwd=1 ded=0/0 dl=0/0 ct=0x07 st=3 l2=030301
Thu Jul  2 07:17:43 2026 DVIRPHY gsmtapl1_if.c:220 MS 0000: DL-DIAG fwd=1 ded=0/0 dl=0/0 ct=0x07 st=3 l2=030301
Thu Jul  2 07:17:43 2026 DVIRPHY gsmtapl1_if.c:220 MS 0000: DL-DIAG fwd=1 ded=0/0 dl=0/0 ct=0x87 st=3 l2=0e0003
Thu Jul  2 07:17:43 2026 DVIRPHY gsmtapl1_if.c:220 MS 0000: DL-DIAG fwd=1 ded=0/0 dl=0/0 ct=0x07 st=3 l2=030301
Thu Jul  2 07:17:43 2026 DVIRPHY gsmtapl1_if.c:220 MS 0000: DL-DIAG fwd=1 ded=0/0 dl=0/0 ct=0x07 st=3 l2=030301
Thu Jul  2 07:17:44 2026 DVIRPHY gsmtapl1_if.c:220 MS 0000: DL-DIAG fwd=1 ded=0/0 dl=0/0 ct=0x87 st=3 l2=0e0003
Thu Jul  2 07:17:44 2026 DVIRPHY gsmtapl1_if.c:220 MS 0000: DL-DIAG fwd=1 ded=0/0 dl=0/0 ct=0x07 st=3 l2=030301
Thu Jul  2 07:17:44 2026 DVIRPHY gsmtapl1_if.c:220 MS 0000: DL-DIAG fwd=1 ded=0/0 dl=0/0 ct=0x07 st=3 l2=030301
Thu Jul  2 07:17:44 2026 DVIRPHY gsmtapl1_if.c:220 MS 0000: DL-DIAG fwd=1 ded=0/0 dl=0/0 ct=0x87 st=3 l2=0e0003
Thu Jul  2 07:17:44 2026 DVIRPHY gsmtapl1_if.c:220 MS 0000: DL-DIAG fwd=1 ded=0/0 dl=0/0 ct=0x07 st=3 l2=030301
Thu Jul  2 07:17:44 2026 DVIRPHY gsmtapl1_if.c:220 MS 0000: DL-DIAG fwd=1 ded=0/0 dl=0/0 ct=0x07 st=3 l2=030301
Thu Jul  2 07:17:44 2026 DVIRPHY gsmtapl1_if.c:220 MS 0000: DL-DIAG fwd=1 ded=0/0 dl=0/0 ct=0x87 st=3 l2=0e0003
Thu Jul  2 07:17:45 2026 DVIRPHY gsmtapl1_if.c:220 MS 0000: DL-DIAG fwd=1 ded=0/0 dl=0/0 ct=0x07 st=3 l2=030301
Thu Jul  2 07:17:45 2026 DVIRPHY gsmtapl1_if.c:220 MS 0000: DL-DIAG fwd=1 ded=0/0 dl=0/0 ct=0x07 st=3 l2=030301
Thu Jul  2 07:17:45 2026 DVIRPHY gsmtapl1_if.c:220 MS 0000: DL-DIAG fwd=1 ded=0/0 dl=0/0 ct=0x87 st=3 l2=0e0003
Thu Jul  2 07:17:45 2026 DVIRPHY gsmtapl1_if.c:220 MS 0000: DL-DIAG fwd=1 ded=0/0 dl=0/0 ct=0x07 st=3 l2=030301
Thu Jul  2 07:17:45 2026 DVIRPHY gsmtapl1_if.c:220 MS 0000: DL-DIAG fwd=1 ded=0/0 dl=0/0 ct=0x07 st=3 l2=030301
Thu Jul  2 07:17:45 2026 DVIRPHY gsmtapl1_if.c:220 MS 0000: DL-DIAG fwd=1 ded=0/0 dl=0/0 ct=0x87 st=3 l2=0e0003
Thu Jul  2 07:17:46 2026 DVIRPHY gsmtapl1_if.c:220 MS 0000: DL-DIAG fwd=1 ded=0/0 dl=0/0 ct=0x07 st=3 l2=030301
Thu Jul  2 07:17:46 2026 DVIRPHY gsmtapl1_if.c:220 MS 0000: DL-DIAG fwd=1 ded=0/0 dl=0/0 ct=0x07 st=3 l2=030301
Thu Jul  2 07:17:46 2026 DVIRPHY gsmtapl1_if.c:220 MS 0000: DL-DIAG fwd=1 ded=0/0 dl=0/0 ct=0x87 st=3 l2=0e0003
Thu Jul  2 07:17:46 2026 DVIRPHY gsmtapl1_if.c:220 MS 0000: DL-DIAG fwd=1 ded=0/0 dl=0/0 ct=0x07 st=3 l2=030301
Thu Jul  2 07:17:46 2026 DVIRPHY gsmtapl1_if.c:220 MS 0000: DL-DIAG fwd=1 ded=0/0 dl=0/0 ct=0x07 st=3 l2=030301
Thu Jul  2 07:17:46 2026 DVIRPHY gsmtapl1_if.c:220 MS 0000: DL-DIAG fwd=1 ded=0/0 dl=0/0 ct=0x87 st=3 l2=0e0003
Thu Jul  2 07:17:47 2026 DVIRPHY gsmtapl1_if.c:220 MS 0000: DL-DIAG fwd=1 ded=0/0 dl=0/0 ct=0x07 st=3 l2=030301
Thu Jul  2 07:17:47 2026 DVIRPHY gsmtapl1_if.c:220 MS 0000: DL-DIAG fwd=1 ded=0/0 dl=0/0 ct=0x07 st=3 l2=030301
Thu Jul  2 07:17:47 2026 DVIRPHY gsmtapl1_if.c:220 MS 0000: DL-DIAG fwd=1 ded=0/0 dl=0/0 ct=0x87 st=3 l2=0e0003
Thu Jul  2 07:17:47 2026 DVIRPHY gsmtapl1_if.c:220 MS 0000: DL-DIAG fwd=1 ded=0/0 dl=0/0 ct=0x07 st=3 l2=030301
Thu Jul  2 07:17:47 2026 DVIRPHY gsmtapl1_if.c:220 MS 0000: DL-DIAG fwd=1 ded=0/0 dl=0/0 ct=0x07 st=3 l2=030301
Thu Jul  2 07:17:47 2026 DVIRPHY gsmtapl1_if.c:220 MS 0000: DL-DIAG fwd=1 ded=0/0 dl=0/0 ct=0x87 st=3 l2=0e0003
Thu Jul  2 07:17:47 2026 DVIRPHY gsmtapl1_if.c:220 MS 0000: DL-DIAG fwd=1 ded=0/0 dl=0/0 ct=0x07 st=3 l2=030301
Thu Jul  2 07:17:48 2026 DVIRPHY gsmtapl1_if.c:220 MS 0000: DL-DIAG fwd=1 ded=0/0 dl=0/0 ct=0x07 st=3 l2=030301
Thu Jul  2 07:17:48 2026 DVIRPHY gsmtapl1_if.c:220 MS 0000: DL-DIAG fwd=1 ded=0/0 dl=0/0 ct=0x87 st=3 l2=0e0003
Thu Jul  2 07:17:48 2026 DVIRPHY gsmtapl1_if.c:220 MS 0000: DL-DIAG fwd=1 ded=0/0 dl=0/0 ct=0x07 st=3 l2=030301
Thu Jul  2 07:17:48 2026 DVIRPHY gsmtapl1_if.c:220 MS 0000: DL-DIAG fwd=1 ded=0/0 dl=0/0 ct=0x07 st=3 l2=030301
Thu Jul  2 07:17:48 2026 DVIRPHY gsmtapl1_if.c:220 MS 0000: DL-DIAG fwd=1 ded=0/0 dl=0/0 ct=0x87 st=3 l2=0e0003
Thu Jul  2 07:17:48 2026 DVIRPHY gsmtapl1_if.c:220 MS 0000: DL-DIAG fwd=1 ded=0/0 dl=0/0 ct=0x07 st=3 l2=030301
Thu Jul  2 07:17:49 2026 DVIRPHY gsmtapl1_if.c:220 MS 0000: DL-DIAG fwd=1 ded=0/0 dl=0/0 ct=0x07 st=3 l2=030301
Thu Jul  2 07:17:49 2026 DVIRPHY gsmtapl1_if.c:220 MS 0000: DL-DIAG fwd=1 ded=0/0 dl=0/0 ct=0x87 st=3 l2=0e0003
Thu Jul  2 07:17:49 2026 DVIRPHY gsmtapl1_if.c:220 MS 0000: DL-DIAG fwd=1 ded=0/0 dl=0/0 ct=0x07 st=3 l2=030301
Thu Jul  2 07:17:49 2026 DVIRPHY gsmtapl1_if.c:220 MS 0000: DL-DIAG fwd=1 ded=0/0 dl=0/0 ct=0x07 st=3 l2=030301
Thu Jul  2 07:17:49 2026 DVIRPHY gsmtapl1_if.c:220 MS 0000: DL-DIAG fwd=1 ded=0/0 dl=0/0 ct=0x87 st=3 l2=0e0003
Thu Jul  2 07:17:49 2026 DVIRPHY gsmtapl1_if.c:220 MS 0000: DL-DIAG fwd=1 ded=0/0 dl=0/0 ct=0x07 st=3 l2=030301
Thu Jul  2 07:17:50 2026 DVIRPHY gsmtapl1_if.c:220 MS 0000: DL-DIAG fwd=1 ded=0/0 dl=0/0 ct=0x07 st=3 l2=030301
Thu Jul  2 07:17:50 2026 DVIRPHY gsmtapl1_if.c:220 MS 0000: DL-DIAG fwd=1 ded=0/0 dl=0/0 ct=0x87 st=3 l2=0e0003
Thu Jul  2 07:17:50 2026 DVIRPHY gsmtapl1_if.c:220 MS 0000: DL-DIAG fwd=1 ded=0/0 dl=0/0 ct=0x07 st=3 l2=030301
Thu Jul  2 07:17:50 2026 DVIRPHY gsmtapl1_if.c:220 MS 0000: DL-DIAG fwd=1 ded=0/0 dl=0/0 ct=0x07 st=3 l2=030301
Thu Jul  2 07:17:50 2026 DVIRPHY gsmtapl1_if.c:220 MS 0000: DL-DIAG fwd=1 ded=0/0 dl=0/0 ct=0x87 st=3 l2=0e0003
Thu Jul  2 07:17:50 2026 DVIRPHY gsmtapl1_if.c:220 MS 0000: DL-DIAG fwd=1 ded=0/0 dl=0/0 ct=0x07 st=3 l2=030301
Thu Jul  2 07:17:51 2026 DVIRPHY gsmtapl1_if.c:220 MS 0000: DL-DIAG fwd=1 ded=0/0 dl=0/0 ct=0x07 st=3 l2=030301
Thu Jul  2 07:17:51 2026 DVIRPHY gsmtapl1_if.c:220 MS 0000: DL-DIAG fwd=1 ded=0/0 dl=0/0 ct=0x87 st=3 l2=0e0003
Thu Jul  2 07:17:51 2026 DVIRPHY gsmtapl1_if.c:220 MS 0000: DL-DIAG fwd=1 ded=0/0 dl=0/0 ct=0x07 st=3 l2=030301
Thu Jul  2 07:17:51 2026 DVIRPHY gsmtapl1_if.c:220 MS 0000: DL-DIAG fwd=1 ded=0/0 dl=0/0 ct=0x07 st=3 l2=030301
Thu Jul  2 07:17:51 2026 DVIRPHY gsmtapl1_if.c:220 MS 0000: DL-DIAG fwd=1 ded=0/0 dl=0/0 ct=0x87 st=3 l2=0e0003
Thu Jul  2 07:17:51 2026 DVIRPHY gsmtapl1_if.c:220 MS 0000: DL-DIAG fwd=1 ded=0/0 dl=0/0 ct=0x07 st=3 l2=030301
Thu Jul  2 07:17:51 2026 DVIRPHY gsmtapl1_if.c:220 MS 0000: DL-DIAG fwd=1 ded=0/0 dl=0/0 ct=0x07 st=3 l2=030301
Thu Jul  2 07:17:52 2026 DVIRPHY gsmtapl1_if.c:220 MS 0000: DL-DIAG fwd=1 ded=0/0 dl=0/0 ct=0x87 st=3 l2=0e0003
Thu Jul  2 07:17:52 2026 DVIRPHY gsmtapl1_if.c:220 MS 0000: DL-DIAG fwd=1 ded=0/0 dl=0/0 ct=0x07 st=3 l2=030301
Thu Jul  2 07:17:52 2026 DVIRPHY gsmtapl1_if.c:220 MS 0000: DL-DIAG fwd=1 ded=0/0 dl=0/0 ct=0x07 st=3 l2=030301
Thu Jul  2 07:17:52 2026 DVIRPHY gsmtapl1_if.c:220 MS 0000: DL-DIAG fwd=1 ded=0/0 dl=0/0 ct=0x87 st=3 l2=0e0003
Thu Jul  2 07:17:52 2026 DVIRPHY gsmtapl1_if.c:220 MS 0000: DL-DIAG fwd=1 ded=0/0 dl=0/0 ct=0x07 st=3 l2=030301
Thu Jul  2 07:17:52 2026 DVIRPHY gsmtapl1_if.c:220 MS 0000: DL-DIAG fwd=1 ded=0/0 dl=0/0 ct=0x07 st=3 l2=030301
Thu Jul  2 07:17:52 2026 DVIRPHY gsmtapl1_if.c:220 MS 0000: DL-DIAG fwd=1 ded=0/0 dl=0/0 ct=0x87 st=3 l2=0e0003
Thu Jul  2 07:17:53 2026 DVIRPHY gsmtapl1_if.c:220 MS 0000: DL-DIAG fwd=1 ded=0/0 dl=0/0 ct=0x07 st=3 l2=030301
Thu Jul  2 07:17:53 2026 DVIRPHY gsmtapl1_if.c:220 MS 0000: DL-DIAG fwd=1 ded=0/0 dl=0/0 ct=0x07 st=3 l2=030301
Thu Jul  2 07:17:53 2026 DVIRPHY gsmtapl1_if.c:220 MS 0000: DL-DIAG fwd=1 ded=0/0 dl=0/0 ct=0x87 st=3 l2=0e0003
Thu Jul  2 07:17:53 2026 DVIRPHY gsmtapl1_if.c:220 MS 0000: DL-DIAG fwd=1 ded=0/0 dl=0/0 ct=0x07 st=3 l2=030301
Thu Jul  2 07:17:53 2026 DVIRPHY gsmtapl1_if.c:220 MS 0000: DL-DIAG fwd=1 ded=0/0 dl=0/0 ct=0x07 st=3 l2=030301
Thu Jul  2 07:17:53 2026 DVIRPHY gsmtapl1_if.c:220 MS 0000: DL-DIAG fwd=1 ded=0/0 dl=0/0 ct=0x87 st=3 l2=0e0003
Thu Jul  2 07:17:54 2026 DVIRPHY gsmtapl1_if.c:220 MS 0000: DL-DIAG fwd=1 ded=0/0 dl=0/0 ct=0x07 st=3 l2=030301
Thu Jul  2 07:17:54 2026 DVIRPHY gsmtapl1_if.c:220 MS 0000: DL-DIAG fwd=1 ded=0/0 dl=0/0 ct=0x07 st=3 l2=017301
Thu Jul  2 07:17:54 2026 DL1C l1ctl_sap.c:426 MS 0000: Rx L1CTL_DM_REL_REQ
Thu Jul  2 07:17:54 2026 DL1C l1ctl_sap.c:625 MS 0000: Tx L1CTL_RESET_CONF (reset_type: 1)
Thu Jul  2 07:17:54 2026 DL1C l1ctl_sap.c:625 MS 0000: Tx L1CTL_RESET_CONF (reset_type: 1)
Thu Jul  2 07:17:54 2026 DL1C virt_prim_fbsb.c:57 MS 0000: Rx L1CTL_FBSB_REQ (arfcn=51, flags=0x7)
Thu Jul  2 07:17:54 2026 DL1C l1ctl_sap.c:625 MS 0000: Tx L1CTL_RESET_CONF (reset_type: 1)
Thu Jul  2 07:17:54 2026 DL1C l1ctl_sock.c:99 Failed to receive msg from l2. Connection will be closed.
Thu Jul  2 07:17:54 2026 DMAIN virt_l1_model.c:49 MS 0000: destroyed
Thu Jul  2 07:18:04 2026 DMAIN virt_l1_model.c:42 MS 0001: allocated
Thu Jul  2 07:18:04 2026 DL1C l1ctl_sock.c:138 Accepted client (fd=6) from server (fd=5)
Thu Jul  2 07:18:04 2026 DL1C l1ctl_sap.c:625 MS 0001: Tx L1CTL_RESET_CONF (reset_type: 1)
Thu Jul  2 07:18:04 2026 DL1C l1ctl_sap.c:625 MS 0001: Tx L1CTL_RESET_CONF (reset_type: 1)
Thu Jul  2 07:18:04 2026 DL1C virt_prim_pm.c:94 MS 0001: Rx L1CTL_PM_REQ TYPE=1, FROM=51, TO=51 — scheduling PM_CONF in 300ms
Thu Jul  2 07:18:04 2026 DL1C virt_prim_pm.c:57 MS 0001: Power measurement set for arfcn 51. Set signal level to -63 (== rxlev: 47).
Thu Jul  2 07:18:04 2026 DL1C virt_prim_pm.c:151 MS 0001: Tx L1CTL_PM_CONF (timer fired!)
Thu Jul  2 07:18:04 2026 DL1C l1ctl_sap.c:625 MS 0001: Tx L1CTL_RESET_CONF (reset_type: 1)
Thu Jul  2 07:18:04 2026 DL1C virt_prim_fbsb.c:57 MS 0001: Rx L1CTL_FBSB_REQ (arfcn=51, flags=0x7)
Thu Jul  2 07:18:04 2026 DL1C virt_prim_fbsb.c:127 MS 0001: Tx L1CTL_FBSB_CONF (res: 0)
Thu Jul  2 07:18:05 2026 DL1C l1ctl_sap.c:519 MS 0001: Rx L1CTL_CCCH_MODE_REQ (mode=2)
Thu Jul  2 07:18:05 2026 DL1C l1ctl_sap.c:647 MS 0001: Tx L1CTL_CCCH_MODE_CONF (mode: 2)
Thu Jul  2 07:18:05 2026 DL1C l1ctl_sap.c:625 MS 0001: Tx L1CTL_RESET_CONF (reset_type: 1)
Thu Jul  2 07:18:05 2026 DL1C virt_prim_fbsb.c:57 MS 0001: Rx L1CTL_FBSB_REQ (arfcn=51, flags=0x7)
Thu Jul  2 07:18:05 2026 DL1C virt_prim_fbsb.c:127 MS 0001: Tx L1CTL_FBSB_CONF (res: 0)
Thu Jul  2 07:18:05 2026 DL1C l1ctl_sap.c:458 MS 0001: Rx L1CTL_PARAM_REQ (ta=0, tx_power=14)
Thu Jul  2 07:18:05 2026 DL1C virt_prim_rach.c:81 MS 0001: Rx L1CTL_RACH_REQ (ra=0x07, offset=10 combined=1)
Thu Jul  2 07:18:05 2026 DL1C virt_prim_rach.c:124 MS 0001: Tx L1CTL_RACH_CONF (fn: 25014, arfcn: 51)
Thu Jul  2 07:18:05 2026 DL1C l1ctl_sap.c:458 MS 0001: Rx L1CTL_PARAM_REQ (ta=0, tx_power=14)
Thu Jul  2 07:18:05 2026 DL1C virt_prim_rach.c:81 MS 0001: Rx L1CTL_RACH_REQ (ra=0x0e, offset=125 combined=1)
Thu Jul  2 07:18:05 2026 DL1C l1ctl_sap.c:625 MS 0001: Tx L1CTL_RESET_CONF (reset_type: 2)
Thu Jul  2 07:18:05 2026 DL1C l1ctl_sap.c:458 MS 0001: Rx L1CTL_PARAM_REQ (ta=0, tx_power=14)
Thu Jul  2 07:18:05 2026 DL1C l1ctl_sap.c:313 MS 0001: Rx L1CTL_DM_EST_REQ (chan_nr=0x20 arfcn=51 tn=0 ss=0)
Thu Jul  2 07:18:05 2026 DVIRPHY gsmtapl1_if.c:220 MS 0001: DL-DIAG fwd=1 ded=0/0 dl=0/0 ct=0x07 st=3 l2=030301
Thu Jul  2 07:18:13 2026 DL1C l1ctl_sap.c:426 MS 0001: Rx L1CTL_DM_REL_REQ
Thu Jul  2 07:18:13 2026 DL1C l1ctl_sap.c:625 MS 0001: Tx L1CTL_RESET_CONF (reset_type: 1)
Thu Jul  2 07:18:13 2026 DL1C l1ctl_sap.c:625 MS 0001: Tx L1CTL_RESET_CONF (reset_type: 1)
Thu Jul  2 07:18:13 2026 DL1C virt_prim_fbsb.c:57 MS 0001: Rx L1CTL_FBSB_REQ (arfcn=51, flags=0x7)
Thu Jul  2 07:18:13 2026 DL1C virt_prim_fbsb.c:127 MS 0001: Tx L1CTL_FBSB_CONF (res: 0)
Thu Jul  2 07:18:13 2026 DL1C l1ctl_sap.c:573 MS 0001: Rx L1CTL_NEIGH_PM_REQ (list with 1 entries): IGNORED
Thu Jul  2 07:18:28 2026 DL1C l1ctl_sap.c:625 MS 0001: Tx L1CTL_RESET_CONF (reset_type: 1)
Thu Jul  2 07:18:28 2026 DL1C virt_prim_fbsb.c:57 MS 0001: Rx L1CTL_FBSB_REQ (arfcn=51, flags=0x7)
Thu Jul  2 07:18:28 2026 DL1C virt_prim_fbsb.c:127 MS 0001: Tx L1CTL_FBSB_CONF (res: 0)
Thu Jul  2 07:18:28 2026 DL1C l1ctl_sap.c:458 MS 0001: Rx L1CTL_PARAM_REQ (ta=0, tx_power=14)
Thu Jul  2 07:18:28 2026 DL1C virt_prim_rach.c:81 MS 0001: Rx L1CTL_RACH_REQ (ra=0x0e, offset=7 combined=1)
Thu Jul  2 07:18:28 2026 DL1C virt_prim_rach.c:124 MS 0001: Tx L1CTL_RACH_CONF (fn: 29958, arfcn: 51)
Thu Jul  2 07:18:28 2026 DL1C l1ctl_sap.c:458 MS 0001: Rx L1CTL_PARAM_REQ (ta=0, tx_power=14)
Thu Jul  2 07:18:28 2026 DL1C virt_prim_rach.c:81 MS 0001: Rx L1CTL_RACH_REQ (ra=0x01, offset=120 combined=1)
Thu Jul  2 07:18:28 2026 DL1C l1ctl_sap.c:625 MS 0001: Tx L1CTL_RESET_CONF (reset_type: 2)
Thu Jul  2 07:18:28 2026 DL1C l1ctl_sap.c:458 MS 0001: Rx L1CTL_PARAM_REQ (ta=0, tx_power=14)
Thu Jul  2 07:18:28 2026 DL1C l1ctl_sap.c:313 MS 0001: Rx L1CTL_DM_EST_REQ (chan_nr=0x20 arfcn=51 tn=0 ss=0)
Thu Jul  2 07:18:28 2026 DVIRPHY gsmtapl1_if.c:220 MS 0001: DL-DIAG fwd=1 ded=0/0 dl=0/0 ct=0x07 st=3 l2=030301
Thu Jul  2 07:18:28 2026 DVIRPHY gsmtapl1_if.c:220 MS 0001: DL-DIAG fwd=1 ded=0/0 dl=0/0 ct=0x87 st=3 l2=0e0003
Thu Jul  2 07:18:36 2026 DL1C l1ctl_sap.c:426 MS 0001: Rx L1CTL_DM_REL_REQ
Thu Jul  2 07:18:36 2026 DL1C l1ctl_sap.c:625 MS 0001: Tx L1CTL_RESET_CONF (reset_type: 1)
Thu Jul  2 07:18:36 2026 DL1C l1ctl_sap.c:625 MS 0001: Tx L1CTL_RESET_CONF (reset_type: 1)
Thu Jul  2 07:18:36 2026 DL1C virt_prim_fbsb.c:57 MS 0001: Rx L1CTL_FBSB_REQ (arfcn=51, flags=0x7)
Thu Jul  2 07:18:36 2026 DL1C virt_prim_fbsb.c:127 MS 0001: Tx L1CTL_FBSB_CONF (res: 0)
Thu Jul  2 07:18:36 2026 DL1C l1ctl_sap.c:573 MS 0001: Rx L1CTL_NEIGH_PM_REQ (list with 1 entries): IGNORED
Thu Jul  2 07:18:51 2026 DL1C l1ctl_sap.c:625 MS 0001: Tx L1CTL_RESET_CONF (reset_type: 1)
Thu Jul  2 07:18:51 2026 DL1C virt_prim_fbsb.c:57 MS 0001: Rx L1CTL_FBSB_REQ (arfcn=51, flags=0x7)
Thu Jul  2 07:18:51 2026 DL1C virt_prim_fbsb.c:127 MS 0001: Tx L1CTL_FBSB_CONF (res: 0)
Thu Jul  2 07:18:51 2026 DL1C l1ctl_sap.c:458 MS 0001: Rx L1CTL_PARAM_REQ (ta=0, tx_power=14)
Thu Jul  2 07:18:51 2026 DL1C virt_prim_rach.c:81 MS 0001: Rx L1CTL_RACH_REQ (ra=0x0e, offset=11 combined=1)
Thu Jul  2 07:18:51 2026 DL1C virt_prim_rach.c:124 MS 0001: Tx L1CTL_RACH_CONF (fn: 34909, arfcn: 51)
Thu Jul  2 07:18:51 2026 DL1C l1ctl_sap.c:458 MS 0001: Rx L1CTL_PARAM_REQ (ta=0, tx_power=14)
Thu Jul  2 07:18:51 2026 DL1C virt_prim_rach.c:81 MS 0001: Rx L1CTL_RACH_REQ (ra=0x00, offset=124 combined=1)
Thu Jul  2 07:18:51 2026 DL1C l1ctl_sap.c:625 MS 0001: Tx L1CTL_RESET_CONF (reset_type: 2)
Thu Jul  2 07:18:51 2026 DL1C l1ctl_sap.c:458 MS 0001: Rx L1CTL_PARAM_REQ (ta=0, tx_power=14)
Thu Jul  2 07:18:51 2026 DL1C l1ctl_sap.c:313 MS 0001: Rx L1CTL_DM_EST_REQ (chan_nr=0x20 arfcn=51 tn=0 ss=0)
Thu Jul  2 07:18:51 2026 DVIRPHY gsmtapl1_if.c:220 MS 0001: DL-DIAG fwd=1 ded=0/0 dl=0/0 ct=0x07 st=3 l2=030301
Thu Jul  2 07:18:58 2026 DL1C l1ctl_sap.c:426 MS 0001: Rx L1CTL_DM_REL_REQ
Thu Jul  2 07:18:58 2026 DL1C l1ctl_sap.c:625 MS 0001: Tx L1CTL_RESET_CONF (reset_type: 1)
Thu Jul  2 07:18:58 2026 DL1C l1ctl_sap.c:625 MS 0001: Tx L1CTL_RESET_CONF (reset_type: 1)
Thu Jul  2 07:18:58 2026 DL1C virt_prim_fbsb.c:57 MS 0001: Rx L1CTL_FBSB_REQ (arfcn=51, flags=0x7)
Thu Jul  2 07:18:58 2026 DL1C virt_prim_fbsb.c:127 MS 0001: Tx L1CTL_FBSB_CONF (res: 0)
Thu Jul  2 07:18:58 2026 DL1C l1ctl_sap.c:573 MS 0001: Rx L1CTL_NEIGH_PM_REQ (list with 1 entries): IGNORED
Thu Jul  2 07:19:13 2026 DL1C l1ctl_sap.c:625 MS 0001: Tx L1CTL_RESET_CONF (reset_type: 1)
Thu Jul  2 07:19:13 2026 DL1C virt_prim_fbsb.c:57 MS 0001: Rx L1CTL_FBSB_REQ (arfcn=51, flags=0x7)
Thu Jul  2 07:19:14 2026 DL1C virt_prim_fbsb.c:127 MS 0001: Tx L1CTL_FBSB_CONF (res: 0)
Thu Jul  2 07:19:14 2026 DL1C l1ctl_sap.c:458 MS 0001: Rx L1CTL_PARAM_REQ (ta=0, tx_power=14)
Thu Jul  2 07:19:14 2026 DL1C virt_prim_rach.c:81 MS 0001: Rx L1CTL_RACH_REQ (ra=0x03, offset=10 combined=1)
Thu Jul  2 07:19:14 2026 DL1C virt_prim_rach.c:124 MS 0001: Tx L1CTL_RACH_CONF (fn: 39855, arfcn: 51)
Thu Jul  2 07:19:14 2026 DL1C l1ctl_sap.c:458 MS 0001: Rx L1CTL_PARAM_REQ (ta=0, tx_power=14)
Thu Jul  2 07:19:14 2026 DL1C virt_prim_rach.c:81 MS 0001: Rx L1CTL_RACH_REQ (ra=0x05, offset=122 combined=1)
Thu Jul  2 07:19:14 2026 DL1C l1ctl_sap.c:625 MS 0001: Tx L1CTL_RESET_CONF (reset_type: 2)
Thu Jul  2 07:19:14 2026 DL1C l1ctl_sap.c:458 MS 0001: Rx L1CTL_PARAM_REQ (ta=0, tx_power=14)
Thu Jul  2 07:19:14 2026 DL1C l1ctl_sap.c:313 MS 0001: Rx L1CTL_DM_EST_REQ (chan_nr=0x20 arfcn=51 tn=0 ss=0)
Thu Jul  2 07:19:14 2026 DVIRPHY gsmtapl1_if.c:220 MS 0001: DL-DIAG fwd=1 ded=0/0 dl=0/0 ct=0x07 st=3 l2=030301
Thu Jul  2 07:19:14 2026 DVIRPHY gsmtapl1_if.c:220 MS 0001: DL-DIAG fwd=1 ded=0/0 dl=0/0 ct=0x87 st=3 l2=0e0003
Thu Jul  2 07:19:14 2026 DVIRPHY gsmtapl1_if.c:220 MS 0001: DL-DIAG fwd=1 ded=0/0 dl=0/0 ct=0x07 st=3 l2=017349
Thu Jul  2 07:19:14 2026 DVIRPHY gsmtapl1_if.c:220 MS 0001: DL-DIAG fwd=1 ded=0/0 dl=0/0 ct=0x07 st=3 l2=030301
Thu Jul  2 07:19:14 2026 DVIRPHY gsmtapl1_if.c:220 MS 0001: DL-DIAG fwd=1 ded=0/0 dl=0/0 ct=0x87 st=3 l2=0e0003
Thu Jul  2 07:19:15 2026 DVIRPHY gsmtapl1_if.c:220 MS 0001: DL-DIAG fwd=1 ded=0/0 dl=0/0 ct=0x07 st=3 l2=030039
Thu Jul  2 07:19:15 2026 DVIRPHY gsmtapl1_if.c:220 MS 0001: DL-DIAG fwd=1 ded=0/0 dl=0/0 ct=0x07 st=3 l2=03220d
Thu Jul  2 07:19:15 2026 DVIRPHY gsmtapl1_if.c:220 MS 0001: DL-DIAG fwd=1 ded=0/0 dl=0/0 ct=0x07 st=3 l2=017301
Thu Jul  2 07:19:15 2026 DL1C l1ctl_sap.c:426 MS 0001: Rx L1CTL_DM_REL_REQ
Thu Jul  2 07:19:15 2026 DL1C l1ctl_sap.c:625 MS 0001: Tx L1CTL_RESET_CONF (reset_type: 1)
Thu Jul  2 07:19:15 2026 DL1C l1ctl_sap.c:625 MS 0001: Tx L1CTL_RESET_CONF (reset_type: 1)
Thu Jul  2 07:19:15 2026 DL1C virt_prim_fbsb.c:57 MS 0001: Rx L1CTL_FBSB_REQ (arfcn=51, flags=0x7)
Thu Jul  2 07:19:15 2026 DL1C virt_prim_fbsb.c:127 MS 0001: Tx L1CTL_FBSB_CONF (res: 0)
Thu Jul  2 07:19:15 2026 DL1C l1ctl_sap.c:573 MS 0001: Rx L1CTL_NEIGH_PM_REQ (list with 1 entries): IGNORED
Thu Jul  2 07:19:15 2026 DVIRPHY gsmtapl1_if.c:220 MS 0001: DL-DIAG fwd=1 ded=0/0 dl=0/0 ct=0x07 st=2 l2=030301
Thu Jul  2 07:19:15 2026 DVIRPHY gsmtapl1_if.c:220 MS 0001: DL-DIAG fwd=1 ded=0/0 dl=0/0 ct=0x07 st=2 l2=030301
Thu Jul  2 07:19:16 2026 DVIRPHY gsmtapl1_if.c:220 MS 0001: DL-DIAG fwd=1 ded=0/0 dl=0/0 ct=0x07 st=2 l2=030301
Thu Jul  2 07:19:16 2026 DVIRPHY gsmtapl1_if.c:220 MS 0001: DL-DIAG fwd=1 ded=0/0 dl=0/0 ct=0x07 st=2 l2=030301
Thu Jul  2 07:19:16 2026 DVIRPHY gsmtapl1_if.c:220 MS 0001: DL-DIAG fwd=1 ded=0/0 dl=0/0 ct=0x07 st=2 l2=030301
Thu Jul  2 07:19:16 2026 DVIRPHY gsmtapl1_if.c:220 MS 0001: DL-DIAG fwd=1 ded=0/0 dl=0/0 ct=0x07 st=2 l2=030301
Thu Jul  2 07:19:33 2026 DL1C l1ctl_sap.c:625 MS 0001: Tx L1CTL_RESET_CONF (reset_type: 1)
Thu Jul  2 07:19:33 2026 DL1C virt_prim_fbsb.c:57 MS 0001: Rx L1CTL_FBSB_REQ (arfcn=51, flags=0x7)
Thu Jul  2 07:19:34 2026 DL1C virt_prim_fbsb.c:127 MS 0001: Tx L1CTL_FBSB_CONF (res: 0)
Thu Jul  2 07:19:34 2026 DL1C l1ctl_sap.c:458 MS 0001: Rx L1CTL_PARAM_REQ (ta=0, tx_power=14)
Thu Jul  2 07:19:34 2026 DL1C virt_prim_rach.c:81 MS 0001: Rx L1CTL_RACH_REQ (ra=0x90, offset=7 combined=1)
Thu Jul  2 07:19:34 2026 DL1C virt_prim_rach.c:124 MS 0001: Tx L1CTL_RACH_CONF (fn: 44187, arfcn: 51)
Thu Jul  2 07:19:34 2026 DL1C l1ctl_sap.c:458 MS 0001: Rx L1CTL_PARAM_REQ (ta=0, tx_power=14)
Thu Jul  2 07:19:34 2026 DL1C virt_prim_rach.c:81 MS 0001: Rx L1CTL_RACH_REQ (ra=0x9b, offset=119 combined=1)
Thu Jul  2 07:19:34 2026 DL1C l1ctl_sap.c:625 MS 0001: Tx L1CTL_RESET_CONF (reset_type: 2)
Thu Jul  2 07:19:34 2026 DL1C l1ctl_sap.c:458 MS 0001: Rx L1CTL_PARAM_REQ (ta=0, tx_power=14)
Thu Jul  2 07:19:34 2026 DL1C l1ctl_sap.c:313 MS 0001: Rx L1CTL_DM_EST_REQ (chan_nr=0x20 arfcn=51 tn=0 ss=0)
Thu Jul  2 07:19:34 2026 DVIRPHY gsmtapl1_if.c:220 MS 0001: DL-DIAG fwd=1 ded=0/0 dl=0/0 ct=0x07 st=3 l2=030301
Thu Jul  2 07:19:34 2026 DVIRPHY gsmtapl1_if.c:220 MS 0001: DL-DIAG fwd=1 ded=0/0 dl=0/0 ct=0x07 st=3 l2=017335
Thu Jul  2 07:19:34 2026 DVIRPHY gsmtapl1_if.c:220 MS 0001: DL-DIAG fwd=1 ded=0/0 dl=0/0 ct=0x87 st=3 l2=0e0003
Thu Jul  2 07:19:34 2026 DVIRPHY gsmtapl1_if.c:220 MS 0001: DL-DIAG fwd=1 ded=0/0 dl=0/0 ct=0x07 st=3 l2=03000d
Thu Jul  2 07:19:35 2026 DVIRPHY gsmtapl1_if.c:220 MS 0001: DL-DIAG fwd=1 ded=0/0 dl=0/0 ct=0x07 st=3 l2=017301
Thu Jul  2 07:19:35 2026 DL1C l1ctl_sap.c:426 MS 0001: Rx L1CTL_DM_REL_REQ
Thu Jul  2 07:19:35 2026 DL1C l1ctl_sap.c:625 MS 0001: Tx L1CTL_RESET_CONF (reset_type: 1)
Thu Jul  2 07:19:35 2026 DL1C l1ctl_sap.c:625 MS 0001: Tx L1CTL_RESET_CONF (reset_type: 1)
Thu Jul  2 07:19:35 2026 DL1C virt_prim_pm.c:94 MS 0001: Rx L1CTL_PM_REQ TYPE=1, FROM=51, TO=51 — scheduling PM_CONF in 300ms
Thu Jul  2 07:19:35 2026 DVIRPHY gsmtapl1_if.c:220 MS 0001: DL-DIAG fwd=1 ded=0/0 dl=0/0 ct=0x07 st=0 l2=030301
Thu Jul  2 07:19:35 2026 DL1C virt_prim_pm.c:151 MS 0001: Tx L1CTL_PM_CONF (timer fired!)
Thu Jul  2 07:19:35 2026 DL1C l1ctl_sap.c:625 MS 0001: Tx L1CTL_RESET_CONF (reset_type: 1)
Thu Jul  2 07:19:35 2026 DL1C virt_prim_fbsb.c:57 MS 0001: Rx L1CTL_FBSB_REQ (arfcn=51, flags=0x7)
Thu Jul  2 07:19:35 2026 DL1C virt_prim_fbsb.c:127 MS 0001: Tx L1CTL_FBSB_CONF (res: 0)
Thu Jul  2 07:19:35 2026 DVIRPHY gsmtapl1_if.c:220 MS 0001: DL-DIAG fwd=1 ded=0/0 dl=0/0 ct=0x07 st=2 l2=030301
Thu Jul  2 07:19:35 2026 DVIRPHY gsmtapl1_if.c:220 MS 0001: DL-DIAG fwd=1 ded=0/0 dl=0/0 ct=0x07 st=2 l2=030301
Thu Jul  2 07:19:35 2026 DL1C l1ctl_sap.c:519 MS 0001: Rx L1CTL_CCCH_MODE_REQ (mode=2)
Thu Jul  2 07:19:35 2026 DL1C l1ctl_sap.c:647 MS 0001: Tx L1CTL_CCCH_MODE_CONF (mode: 2)
Thu Jul  2 07:19:35 2026 DVIRPHY gsmtapl1_if.c:220 MS 0001: DL-DIAG fwd=1 ded=0/0 dl=0/0 ct=0x07 st=2 l2=030301
Thu Jul  2 07:19:36 2026 DVIRPHY gsmtapl1_if.c:220 MS 0001: DL-DIAG fwd=1 ded=0/0 dl=0/0 ct=0x07 st=2 l2=030301
Thu Jul  2 07:19:36 2026 DVIRPHY gsmtapl1_if.c:220 MS 0001: DL-DIAG fwd=1 ded=0/0 dl=0/0 ct=0x07 st=2 l2=030301
Thu Jul  2 07:19:37 2026 DL1C l1ctl_sap.c:625 MS 0001: Tx L1CTL_RESET_CONF (reset_type: 1)
Thu Jul  2 07:19:37 2026 DL1C virt_prim_fbsb.c:57 MS 0001: Rx L1CTL_FBSB_REQ (arfcn=51, flags=0x7)
Thu Jul  2 07:19:37 2026 DL1C virt_prim_fbsb.c:127 MS 0001: Tx L1CTL_FBSB_CONF (res: 0)
Thu Jul  2 07:19:37 2026 DL1C l1ctl_sap.c:573 MS 0001: Rx L1CTL_NEIGH_PM_REQ (list with 1 entries): IGNORED
Thu Jul  2 07:19:37 2026 DL1C l1ctl_sap.c:625 MS 0001: Tx L1CTL_RESET_CONF (reset_type: 1)
Thu Jul  2 07:19:37 2026 DL1C virt_prim_fbsb.c:57 MS 0001: Rx L1CTL_FBSB_REQ (arfcn=51, flags=0x7)
Thu Jul  2 07:19:37 2026 DL1C virt_prim_fbsb.c:127 MS 0001: Tx L1CTL_FBSB_CONF (res: 0)
Thu Jul  2 07:19:37 2026 DL1C l1ctl_sap.c:458 MS 0001: Rx L1CTL_PARAM_REQ (ta=0, tx_power=14)
Thu Jul  2 07:19:37 2026 DL1C virt_prim_rach.c:81 MS 0001: Rx L1CTL_RACH_REQ (ra=0x8b, offset=10 combined=1)
Thu Jul  2 07:19:37 2026 DL1C virt_prim_rach.c:124 MS 0001: Tx L1CTL_RACH_CONF (fn: 44955, arfcn: 51)
Thu Jul  2 07:19:37 2026 DL1C l1ctl_sap.c:458 MS 0001: Rx L1CTL_PARAM_REQ (ta=0, tx_power=14)
Thu Jul  2 07:19:37 2026 DL1C virt_prim_rach.c:81 MS 0001: Rx L1CTL_RACH_REQ (ra=0x8d, offset=123 combined=1)
Thu Jul  2 07:19:37 2026 DL1C l1ctl_sap.c:625 MS 0001: Tx L1CTL_RESET_CONF (reset_type: 2)
Thu Jul  2 07:19:37 2026 DL1C l1ctl_sap.c:458 MS 0001: Rx L1CTL_PARAM_REQ (ta=0, tx_power=14)
Thu Jul  2 07:19:37 2026 DL1C l1ctl_sap.c:313 MS 0001: Rx L1CTL_DM_EST_REQ (chan_nr=0x20 arfcn=51 tn=0 ss=0)
Thu Jul  2 07:19:37 2026 DVIRPHY gsmtapl1_if.c:220 MS 0001: DL-DIAG fwd=1 ded=0/0 dl=0/0 ct=0x07 st=3 l2=030301
Thu Jul  2 07:19:37 2026 DVIRPHY gsmtapl1_if.c:220 MS 0001: DL-DIAG fwd=1 ded=0/0 dl=0/0 ct=0x87 st=3 l2=0e0003
Thu Jul  2 07:19:38 2026 DVIRPHY gsmtapl1_if.c:220 MS 0001: DL-DIAG fwd=1 ded=0/0 dl=0/0 ct=0x07 st=3 l2=017335
Thu Jul  2 07:19:38 2026 DVIRPHY gsmtapl1_if.c:220 MS 0001: DL-DIAG fwd=1 ded=0/0 dl=0/0 ct=0x07 st=3 l2=030301
Thu Jul  2 07:19:38 2026 DVIRPHY gsmtapl1_if.c:220 MS 0001: DL-DIAG fwd=1 ded=0/0 dl=0/0 ct=0x87 st=3 l2=0e0003
Thu Jul  2 07:19:38 2026 DVIRPHY gsmtapl1_if.c:220 MS 0001: DL-DIAG fwd=1 ded=0/0 dl=0/0 ct=0x07 st=3 l2=030301
Thu Jul  2 07:19:38 2026 DVIRPHY gsmtapl1_if.c:220 MS 0001: DL-DIAG fwd=1 ded=0/0 dl=0/0 ct=0x07 st=3 l2=030301
Thu Jul  2 07:19:38 2026 DVIRPHY gsmtapl1_if.c:220 MS 0001: DL-DIAG fwd=1 ded=0/0 dl=0/0 ct=0x87 st=3 l2=0e0003
Thu Jul  2 07:19:39 2026 DVIRPHY gsmtapl1_if.c:220 MS 0001: DL-DIAG fwd=1 ded=0/0 dl=0/0 ct=0x07 st=3 l2=030301
Thu Jul  2 07:19:39 2026 DVIRPHY gsmtapl1_if.c:220 MS 0001: DL-DIAG fwd=1 ded=0/0 dl=0/0 ct=0x07 st=3 l2=030301
Thu Jul  2 07:19:39 2026 DVIRPHY gsmtapl1_if.c:220 MS 0001: DL-DIAG fwd=1 ded=0/0 dl=0/0 ct=0x87 st=3 l2=0e0003
Thu Jul  2 07:19:39 2026 DVIRPHY gsmtapl1_if.c:220 MS 0001: DL-DIAG fwd=1 ded=0/0 dl=0/0 ct=0x07 st=3 l2=030301
Thu Jul  2 07:19:39 2026 DVIRPHY gsmtapl1_if.c:220 MS 0001: DL-DIAG fwd=1 ded=0/0 dl=0/0 ct=0x07 st=3 l2=030301
Thu Jul  2 07:19:39 2026 DVIRPHY gsmtapl1_if.c:220 MS 0001: DL-DIAG fwd=1 ded=0/0 dl=0/0 ct=0x87 st=3 l2=0e0003
Thu Jul  2 07:19:39 2026 DVIRPHY gsmtapl1_if.c:220 MS 0001: DL-DIAG fwd=1 ded=0/0 dl=0/0 ct=0x07 st=3 l2=030301
Thu Jul  2 07:19:40 2026 DVIRPHY gsmtapl1_if.c:220 MS 0001: DL-DIAG fwd=1 ded=0/0 dl=0/0 ct=0x07 st=3 l2=030301
Thu Jul  2 07:19:40 2026 DVIRPHY gsmtapl1_if.c:220 MS 0001: DL-DIAG fwd=1 ded=0/0 dl=0/0 ct=0x87 st=3 l2=0e0003
Thu Jul  2 07:19:40 2026 DVIRPHY gsmtapl1_if.c:220 MS 0001: DL-DIAG fwd=1 ded=0/0 dl=0/0 ct=0x07 st=3 l2=030301
Thu Jul  2 07:19:40 2026 DVIRPHY gsmtapl1_if.c:220 MS 0001: DL-DIAG fwd=1 ded=0/0 dl=0/0 ct=0x07 st=3 l2=030301
Thu Jul  2 07:19:40 2026 DVIRPHY gsmtapl1_if.c:220 MS 0001: DL-DIAG fwd=1 ded=0/0 dl=0/0 ct=0x87 st=3 l2=0e0003
Thu Jul  2 07:19:40 2026 DVIRPHY gsmtapl1_if.c:220 MS 0001: DL-DIAG fwd=1 ded=0/0 dl=0/0 ct=0x07 st=3 l2=030301
Thu Jul  2 07:19:41 2026 DVIRPHY gsmtapl1_if.c:220 MS 0001: DL-DIAG fwd=1 ded=0/0 dl=0/0 ct=0x07 st=3 l2=030301
Thu Jul  2 07:19:41 2026 DVIRPHY gsmtapl1_if.c:220 MS 0001: DL-DIAG fwd=1 ded=0/0 dl=0/0 ct=0x87 st=3 l2=0e0003
Thu Jul  2 07:19:41 2026 DVIRPHY gsmtapl1_if.c:220 MS 0001: DL-DIAG fwd=1 ded=0/0 dl=0/0 ct=0x07 st=3 l2=030301
Thu Jul  2 07:19:41 2026 DVIRPHY gsmtapl1_if.c:220 MS 0001: DL-DIAG fwd=1 ded=0/0 dl=0/0 ct=0x07 st=3 l2=030301
Thu Jul  2 07:19:41 2026 DVIRPHY gsmtapl1_if.c:220 MS 0001: DL-DIAG fwd=1 ded=0/0 dl=0/0 ct=0x87 st=3 l2=0e0003
Thu Jul  2 07:19:41 2026 DVIRPHY gsmtapl1_if.c:220 MS 0001: DL-DIAG fwd=1 ded=0/0 dl=0/0 ct=0x07 st=3 l2=030301
Thu Jul  2 07:19:42 2026 DVIRPHY gsmtapl1_if.c:220 MS 0001: DL-DIAG fwd=1 ded=0/0 dl=0/0 ct=0x07 st=3 l2=030301
Thu Jul  2 07:19:42 2026 DVIRPHY gsmtapl1_if.c:220 MS 0001: DL-DIAG fwd=1 ded=0/0 dl=0/0 ct=0x87 st=3 l2=0e0003
Thu Jul  2 07:19:42 2026 DVIRPHY gsmtapl1_if.c:220 MS 0001: DL-DIAG fwd=1 ded=0/0 dl=0/0 ct=0x07 st=3 l2=030301
Thu Jul  2 07:19:42 2026 DVIRPHY gsmtapl1_if.c:220 MS 0001: DL-DIAG fwd=1 ded=0/0 dl=0/0 ct=0x07 st=3 l2=030301
Thu Jul  2 07:19:42 2026 DVIRPHY gsmtapl1_if.c:220 MS 0001: DL-DIAG fwd=1 ded=0/0 dl=0/0 ct=0x87 st=3 l2=0e0003
Thu Jul  2 07:19:42 2026 DVIRPHY gsmtapl1_if.c:220 MS 0001: DL-DIAG fwd=1 ded=0/0 dl=0/0 ct=0x07 st=3 l2=030301
Thu Jul  2 07:19:43 2026 DVIRPHY gsmtapl1_if.c:220 MS 0001: DL-DIAG fwd=1 ded=0/0 dl=0/0 ct=0x07 st=3 l2=030301
Thu Jul  2 07:19:43 2026 DVIRPHY gsmtapl1_if.c:220 MS 0001: DL-DIAG fwd=1 ded=0/0 dl=0/0 ct=0x87 st=3 l2=0e0003
Thu Jul  2 07:19:43 2026 DVIRPHY gsmtapl1_if.c:220 MS 0001: DL-DIAG fwd=1 ded=0/0 dl=0/0 ct=0x07 st=3 l2=030301
Thu Jul  2 07:19:43 2026 DVIRPHY gsmtapl1_if.c:220 MS 0001: DL-DIAG fwd=1 ded=0/0 dl=0/0 ct=0x07 st=3 l2=030301
Thu Jul  2 07:19:43 2026 DVIRPHY gsmtapl1_if.c:220 MS 0001: DL-DIAG fwd=1 ded=0/0 dl=0/0 ct=0x87 st=3 l2=0e0003
Thu Jul  2 07:19:43 2026 DVIRPHY gsmtapl1_if.c:220 MS 0001: DL-DIAG fwd=1 ded=0/0 dl=0/0 ct=0x07 st=3 l2=030301
Thu Jul  2 07:19:43 2026 DVIRPHY gsmtapl1_if.c:220 MS 0001: DL-DIAG fwd=1 ded=0/0 dl=0/0 ct=0x07 st=3 l2=030301
Thu Jul  2 07:19:44 2026 DVIRPHY gsmtapl1_if.c:220 MS 0001: DL-DIAG fwd=1 ded=0/0 dl=0/0 ct=0x87 st=3 l2=0e0003
Thu Jul  2 07:19:44 2026 DVIRPHY gsmtapl1_if.c:220 MS 0001: DL-DIAG fwd=1 ded=0/0 dl=0/0 ct=0x07 st=3 l2=030301
