2026/Jun/23 10:56:00.901471 EXECUTOR - TTCN-3 Host Controller started on ttcn3-tc-26-7-5-3-1-rcsfw. Version: 11.1.0.
2026/Jun/23 10:56:00.901624 EXECUTOR - TTCN Logger v2.2 options: TimeStampFormat:=DateTime; LogEntityName:=No; LogEventTypes:=Yes; SourceInfoFormat:=Single; LogSensitiveData:=No; *.FileMask:=LOG_ALL; *.ConsoleMask:=ERROR | TESTCASE | USER | VERDICTOP | WARNING; LogFileSize:=0; LogFileNumber:=1; DiskFullAction:=Error
2026/Jun/23 10:56:00.901636 EXECUTOR - Maximum number of open file descriptors: 1048576,   FD_SETSIZE = 1024
2026/Jun/23 10:56:00.901759 WARNING - Warning: The address of MC was set to a local IP address. This may cause incorrect behavior if a HC from a remote host also connects to MC.
2026/Jun/23 10:56:00.901792 EXECUTOR - The address of MC was set to 127.0.0.1:0.
2026/Jun/23 10:56:00.901923 EXECUTOR - Connected to MC.
2026/Jun/23 10:56:00.902021 EXECUTOR - This host supports UNIX domain sockets for local communication.
2026/Jun/23 10:56:00.902248 EXECUTOR - Processing configuration data received from MC.
2026/Jun/23 10:56:00.902445 WARNING - Warning: Skeleton `/results/TC_26_7_5_3-2026-06-23-105559/%n.log' does not guarantee unique log file name for every test system process. It may cause unpredictable results if several test components try to write into the same log file.
2026/Jun/23 10:56:00.902734 EXECUTOR - Module GSM_Constants has the following parameters: { TSPC_Serv_TS11 := true, TSPC_Serv_TS61 := false, TSPC_Serv_TS62 := false, TSPC_Serv_BS21 := false, TSPC_Serv_BS22 := false, TSPC_Serv_BS24 := false, TSPC_Serv_BS25 := false, TSPC_Serv_BS26 := false, TSPC_Serv_BS31 := false, TSPC_Serv_BS32 := false, TSPC_Serv_BS33 := false, TSPC_Serv_BS34 := false, TSPC_Serv_BS41 := false, TSPC_Serv_BS42 := false, TSPC_Serv_BS43 := false, TSPC_Serv_BS44 := false, TSPC_Serv_BS45 := false, TSPC_Serv_BS51 := false, TSPC_Serv_BS61 := false, TSPC_Serv_BS81 := false, TSPC_DualRate := false, TSPC_MTsvc := true, TSPX_IMSI := '901700000000001F'O, TSPX_TMSI := '1914D97F'O, TSPX_CKSNDef := 0, TSPX_RANDDef := '00112233445566778899AABBCCDDEEFF'O, TSPX_SRES := '12345678'O, TSPX_Kc := '0000000000000000'O, TSPX_SDCCH4SubDef := 0, TSPX_TmSltDef := 0, TSPX_TscDef := 7, TSPX_TCHHSubDef := 0, TCV_CC := true, TSPX_Telephony_Rate := C_Full (0), TSPX_MOBscSvcA := C_Telephony (0), TSPX_MOBscSvcB := C_Telephony (0), TSPX_MOBscSvcC := C_Telephony (0), TSPX_MOBscSvcD := C_Telephony (0), TSPX_MOBscSvcE := C_Telephony (0), TSPX_MOBscSvcF := C_Telephony (0), TSPX_MOBscSvcG := C_Telephony (0), TSPX_MOChRateA := C_Full (0), TSPX_MOChRateB := C_Full (0), TSPX_MOChRateC := C_Full (0), TSPX_MOChRateD := C_Full (0), TSPX_MOChRateE := C_Full (0), TSPX_MOChRateF := C_Full (0), TSPX_MOChRateG := C_Full (0), TSPX_MTBscSvcA := C_Telephony (0), TSPX_MTBscSvcB := C_Telephony (0), TSPX_MTBscSvcC := C_Telephony (0), TSPX_MTBscSvcD := C_Telephony (0), TSPX_MTBscSvcE := C_Telephony (0), TSPX_MTBscSvcF := C_Telephony (0), TSPX_MTBscSvcG := C_Telephony (0), TSPX_MTBscSvcH := C_Telephony (0), TSPX_MTBscSvcI := C_Telephony (0), TSPX_MTBscSvcJ := C_Telephony (0), TSPX_MTChRateA := C_Full (0), TSPX_MTChRateB := C_Full (0), TSPX_MTChRateC := C_Full (0), TSPX_MTChRateD := C_Full (0), TSPX_MTChRateE := C_Full (0), TSPX_MTChRateF := C_Full (0), TSPX_MTChRateG := C_Full (0), TSPX_MTChRateH := C_Full (0), TSPX_MTChRateI := C_Full (0), TSPX_MTChRateJ := C_Full (0), C_arfcnA := 100 }
2026/Jun/23 10:56:00.902809 EXECUTOR - Module TC_26_6_1_2 has the following parameters: { TSPX_nPara := 3, TSPX_i1Para := 3, TSPX_kPara := 5, TSPX_i2Para := 1, TSPX_rPara := 4, TSPX_i3Para := 4 }
2026/Jun/23 10:56:00.902872 EXECUTOR - Initializing module GSM_Component_Definitions.
2026/Jun/23 10:56:00.902881 EXECUTOR GSM_Component_Definitions.ttcn3:0 Initializing module GSM_Templates.
2026/Jun/23 10:56:00.902899 EXECUTOR GSM_Templates.ttcn3:0 Initializing module GSM_Constants.
2026/Jun/23 10:56:00.902905 EXECUTOR GSM_Constants.ttcn3:0 Initializing module GSM_Types.
2026/Jun/23 10:56:00.902908 EXECUTOR GSM_Constants.ttcn3:0 Initialization of module GSM_Types finished.
2026/Jun/23 10:56:00.902911 EXECUTOR GSM_Templates.ttcn3:0 Initialization of module GSM_Constants finished.
2026/Jun/23 10:56:00.902980 EXECUTOR GSM_Component_Definitions.ttcn3:0 Initialization of module GSM_Templates finished.
2026/Jun/23 10:56:00.902984 EXECUTOR - Initialization of module GSM_Component_Definitions finished.
2026/Jun/23 10:56:00.902987 EXECUTOR - Initializing module GSM_Functions.
2026/Jun/23 10:56:00.903009 EXECUTOR - Initialization of module GSM_Functions finished.
2026/Jun/23 10:56:00.903011 EXECUTOR - Initializing module PreGenRecordOf.
2026/Jun/23 10:56:00.903014 EXECUTOR - Initialization of module PreGenRecordOf finished.
2026/Jun/23 10:56:00.903016 EXECUTOR - Initializing module TC_26_2_1_3.
2026/Jun/23 10:56:00.903021 EXECUTOR - Initialization of module TC_26_2_1_3 finished.
2026/Jun/23 10:56:00.903024 EXECUTOR - Initializing module TC_26_2_2.
2026/Jun/23 10:56:00.903028 EXECUTOR - Initialization of module TC_26_2_2 finished.
2026/Jun/23 10:56:00.903031 EXECUTOR - Initializing module TC_26_2_3.
2026/Jun/23 10:56:00.903036 EXECUTOR - Initialization of module TC_26_2_3 finished.
2026/Jun/23 10:56:00.903038 EXECUTOR - Initializing module TC_26_6_11_1.
2026/Jun/23 10:56:00.903043 EXECUTOR - Initialization of module TC_26_6_11_1 finished.
2026/Jun/23 10:56:00.903046 EXECUTOR - Initializing module TC_26_6_11_2.
2026/Jun/23 10:56:00.903050 EXECUTOR - Initialization of module TC_26_6_11_2 finished.
2026/Jun/23 10:56:00.903052 EXECUTOR - Initializing module TC_26_6_12_1.
2026/Jun/23 10:56:00.903057 EXECUTOR - Initialization of module TC_26_6_12_1 finished.
2026/Jun/23 10:56:00.903060 EXECUTOR - Initializing module TC_26_6_12_2.
2026/Jun/23 10:56:00.903064 EXECUTOR - Initialization of module TC_26_6_12_2 finished.
2026/Jun/23 10:56:00.903067 EXECUTOR - Initializing module TC_26_6_12_3.
2026/Jun/23 10:56:00.903071 EXECUTOR - Initialization of module TC_26_6_12_3 finished.
2026/Jun/23 10:56:00.903073 EXECUTOR - Initializing module TC_26_6_12_4.
2026/Jun/23 10:56:00.903078 EXECUTOR - Initialization of module TC_26_6_12_4 finished.
2026/Jun/23 10:56:00.903081 EXECUTOR - Initializing module TC_26_6_13_10.
2026/Jun/23 10:56:00.903085 EXECUTOR - Initialization of module TC_26_6_13_10 finished.
2026/Jun/23 10:56:00.903088 EXECUTOR - Initializing module TC_26_6_13_9.
2026/Jun/23 10:56:00.903092 EXECUTOR - Initialization of module TC_26_6_13_9 finished.
2026/Jun/23 10:56:00.903094 EXECUTOR - Initializing module TC_26_6_1_1.
2026/Jun/23 10:56:00.903099 EXECUTOR - Initialization of module TC_26_6_1_1 finished.
2026/Jun/23 10:56:00.903101 EXECUTOR - Initializing module TC_26_6_1_2.
2026/Jun/23 10:56:00.903106 EXECUTOR - Initialization of module TC_26_6_1_2 finished.
2026/Jun/23 10:56:00.903108 EXECUTOR - Initializing module TC_26_6_1_3.
2026/Jun/23 10:56:00.903113 EXECUTOR - Initialization of module TC_26_6_1_3 finished.
2026/Jun/23 10:56:00.903115 EXECUTOR - Initializing module TC_26_6_1_4.
2026/Jun/23 10:56:00.903120 EXECUTOR - Initialization of module TC_26_6_1_4 finished.
2026/Jun/23 10:56:00.903122 EXECUTOR - Initializing module TC_26_6_1_5.
2026/Jun/23 10:56:00.903127 EXECUTOR - Initialization of module TC_26_6_1_5 finished.
2026/Jun/23 10:56:00.903129 EXECUTOR - Initializing module TC_26_6_2_1_1.
2026/Jun/23 10:56:00.903133 EXECUTOR - Initialization of module TC_26_6_2_1_1 finished.
2026/Jun/23 10:56:00.903136 EXECUTOR - Initializing module TC_26_6_2_1_2.
2026/Jun/23 10:56:00.903140 EXECUTOR - Initialization of module TC_26_6_2_1_2 finished.
2026/Jun/23 10:56:00.903143 EXECUTOR - Initializing module TC_26_6_2_1_3.
2026/Jun/23 10:56:00.903147 EXECUTOR - Initialization of module TC_26_6_2_1_3 finished.
2026/Jun/23 10:56:00.903150 EXECUTOR - Initializing module TC_26_6_2_2.
2026/Jun/23 10:56:00.903154 EXECUTOR - Initialization of module TC_26_6_2_2 finished.
2026/Jun/23 10:56:00.903157 EXECUTOR - Initializing module TC_26_6_2_3_1.
2026/Jun/23 10:56:00.903162 EXECUTOR - Initialization of module TC_26_6_2_3_1 finished.
2026/Jun/23 10:56:00.903164 EXECUTOR - Initializing module TC_26_6_2_3_2.
2026/Jun/23 10:56:00.903169 EXECUTOR - Initialization of module TC_26_6_2_3_2 finished.
2026/Jun/23 10:56:00.903174 EXECUTOR - Initializing module TC_26_6_2_4.
2026/Jun/23 10:56:00.903179 EXECUTOR - Initialization of module TC_26_6_2_4 finished.
2026/Jun/23 10:56:00.903182 EXECUTOR - Initializing module TC_26_6_3_1.
2026/Jun/23 10:56:00.903187 EXECUTOR - Initialization of module TC_26_6_3_1 finished.
2026/Jun/23 10:56:00.903189 EXECUTOR - Initializing module TC_26_6_3_4.
2026/Jun/23 10:56:00.903195 EXECUTOR - Initialization of module TC_26_6_3_4 finished.
2026/Jun/23 10:56:00.903197 EXECUTOR - Initializing module TC_26_6_4_1.
2026/Jun/23 10:56:00.903202 EXECUTOR - Initialization of module TC_26_6_4_1 finished.
2026/Jun/23 10:56:00.903205 EXECUTOR - Initializing module TC_26_6_4_2_2.
2026/Jun/23 10:56:00.903209 EXECUTOR - Initialization of module TC_26_6_4_2_2 finished.
2026/Jun/23 10:56:00.903212 EXECUTOR - Initializing module TC_26_6_5_1.
2026/Jun/23 10:56:00.903216 EXECUTOR - Initialization of module TC_26_6_5_1 finished.
2026/Jun/23 10:56:00.903218 EXECUTOR - Initializing module TC_26_6_5_2_1.
2026/Jun/23 10:56:00.903223 EXECUTOR - Initialization of module TC_26_6_5_2_1 finished.
2026/Jun/23 10:56:00.903226 EXECUTOR - Initializing module TC_26_6_8_1.
2026/Jun/23 10:56:00.903230 EXECUTOR - Initialization of module TC_26_6_8_1 finished.
2026/Jun/23 10:56:00.903233 EXECUTOR - Initializing module TC_26_6_8_2.
2026/Jun/23 10:56:00.903238 EXECUTOR - Initialization of module TC_26_6_8_2 finished.
2026/Jun/23 10:56:00.903240 EXECUTOR - Initializing module TC_26_6_8_3.
2026/Jun/23 10:56:00.903245 EXECUTOR - Initialization of module TC_26_6_8_3 finished.
2026/Jun/23 10:56:00.903247 EXECUTOR - Initializing module TC_26_6_8_4.
2026/Jun/23 10:56:00.903251 EXECUTOR - Initialization of module TC_26_6_8_4 finished.
2026/Jun/23 10:56:00.903254 EXECUTOR - Initializing module TC_26_6_8_5.
2026/Jun/23 10:56:00.903259 EXECUTOR - Initialization of module TC_26_6_8_5 finished.
2026/Jun/23 10:56:00.903261 EXECUTOR - Initializing module TC_26_7_1.
2026/Jun/23 10:56:00.903266 EXECUTOR - Initialization of module TC_26_7_1 finished.
2026/Jun/23 10:56:00.903268 EXECUTOR - Initializing module TC_26_7_2_1.
2026/Jun/23 10:56:00.903273 EXECUTOR - Initialization of module TC_26_7_2_1 finished.
2026/Jun/23 10:56:00.903275 EXECUTOR - Initializing module TC_26_7_2_2.
2026/Jun/23 10:56:00.903280 EXECUTOR - Initialization of module TC_26_7_2_2 finished.
2026/Jun/23 10:56:00.903282 EXECUTOR - Initializing module TC_26_7_3_1.
2026/Jun/23 10:56:00.903287 EXECUTOR - Initialization of module TC_26_7_3_1 finished.
2026/Jun/23 10:56:00.903289 EXECUTOR - Initializing module TC_26_7_3_2.
2026/Jun/23 10:56:00.903294 EXECUTOR - Initialization of module TC_26_7_3_2 finished.
2026/Jun/23 10:56:00.903296 EXECUTOR - Initializing module TC_26_7_4_1.
2026/Jun/23 10:56:00.903301 EXECUTOR - Initialization of module TC_26_7_4_1 finished.
2026/Jun/23 10:56:00.903303 EXECUTOR - Initializing module TC_26_7_4_2_1.
2026/Jun/23 10:56:00.903308 EXECUTOR - Initialization of module TC_26_7_4_2_1 finished.
2026/Jun/23 10:56:00.903310 EXECUTOR - Initializing module TC_26_7_4_2_2_1.
2026/Jun/23 10:56:00.903315 EXECUTOR - Initialization of module TC_26_7_4_2_2_1 finished.
2026/Jun/23 10:56:00.903318 EXECUTOR - Initializing module TC_26_7_4_2_2_2.
2026/Jun/23 10:56:00.903322 EXECUTOR - Initialization of module TC_26_7_4_2_2_2 finished.
2026/Jun/23 10:56:00.903324 EXECUTOR - Initializing module TC_26_7_4_2_3.
2026/Jun/23 10:56:00.903329 EXECUTOR - Initialization of module TC_26_7_4_2_3 finished.
2026/Jun/23 10:56:00.903332 EXECUTOR - Initializing module TC_26_7_4_2_4_1.
2026/Jun/23 10:56:00.903336 EXECUTOR - Initialization of module TC_26_7_4_2_4_1 finished.
2026/Jun/23 10:56:00.903339 EXECUTOR - Initializing module TC_26_7_4_2_4_2.
2026/Jun/23 10:56:00.903343 EXECUTOR - Initialization of module TC_26_7_4_2_4_2 finished.
2026/Jun/23 10:56:00.903346 EXECUTOR - Initializing module TC_26_7_4_2_4_3.
2026/Jun/23 10:56:00.903350 EXECUTOR - Initialization of module TC_26_7_4_2_4_3 finished.
2026/Jun/23 10:56:00.903353 EXECUTOR - Initializing module TC_26_7_4_2_4_4.
2026/Jun/23 10:56:00.903360 EXECUTOR - Initialization of module TC_26_7_4_2_4_4 finished.
2026/Jun/23 10:56:00.903363 EXECUTOR - Initializing module TC_26_7_4_2_4_5.
2026/Jun/23 10:56:00.903367 EXECUTOR - Initialization of module TC_26_7_4_2_4_5 finished.
2026/Jun/23 10:56:00.903370 EXECUTOR - Initializing module TC_26_7_4_3_1.
2026/Jun/23 10:56:00.903374 EXECUTOR - Initialization of module TC_26_7_4_3_1 finished.
2026/Jun/23 10:56:00.903377 EXECUTOR - Initializing module TC_26_7_4_3_2.
2026/Jun/23 10:56:00.903381 EXECUTOR - Initialization of module TC_26_7_4_3_2 finished.
2026/Jun/23 10:56:00.903384 EXECUTOR - Initializing module TC_26_7_4_3_3.
2026/Jun/23 10:56:00.903389 EXECUTOR - Initialization of module TC_26_7_4_3_3 finished.
2026/Jun/23 10:56:00.903391 EXECUTOR - Initializing module TC_26_7_4_3_4.
2026/Jun/23 10:56:00.903396 EXECUTOR - Initialization of module TC_26_7_4_3_4 finished.
2026/Jun/23 10:56:00.903398 EXECUTOR - Initializing module TC_26_7_4_4.
2026/Jun/23 10:56:00.903403 EXECUTOR - Initialization of module TC_26_7_4_4 finished.
2026/Jun/23 10:56:00.903405 EXECUTOR - Initializing module TC_26_7_4_5_1.
2026/Jun/23 10:56:00.903410 EXECUTOR - Initialization of module TC_26_7_4_5_1 finished.
2026/Jun/23 10:56:00.903413 EXECUTOR - Initializing module TC_26_7_4_5_2.
2026/Jun/23 10:56:00.903418 EXECUTOR - Initialization of module TC_26_7_4_5_2 finished.
2026/Jun/23 10:56:00.903420 EXECUTOR - Initializing module TC_26_7_4_5_3.
2026/Jun/23 10:56:00.903425 EXECUTOR - Initialization of module TC_26_7_4_5_3 finished.
2026/Jun/23 10:56:00.903428 EXECUTOR - Initializing module TC_26_7_4_5_4_2.
2026/Jun/23 10:56:00.903432 EXECUTOR - Initialization of module TC_26_7_4_5_4_2 finished.
2026/Jun/23 10:56:00.903435 EXECUTOR - Initializing module TC_26_7_5_2.
2026/Jun/23 10:56:00.903440 EXECUTOR - Initialization of module TC_26_7_5_2 finished.
2026/Jun/23 10:56:00.903442 EXECUTOR - Initializing module TC_26_7_5_3.
2026/Jun/23 10:56:00.903447 EXECUTOR - Initialization of module TC_26_7_5_3 finished.
2026/Jun/23 10:56:00.903449 EXECUTOR - Initializing module TC_26_7_5_4.
2026/Jun/23 10:56:00.903454 EXECUTOR - Initialization of module TC_26_7_5_4 finished.
2026/Jun/23 10:56:00.903457 EXECUTOR - Initializing module TC_26_7_5_5.
2026/Jun/23 10:56:00.903461 EXECUTOR - Initialization of module TC_26_7_5_5 finished.
2026/Jun/23 10:56:00.903464 EXECUTOR - Initializing module TC_26_7_5_6.
2026/Jun/23 10:56:00.903469 EXECUTOR - Initialization of module TC_26_7_5_6 finished.
2026/Jun/23 10:56:00.903471 EXECUTOR - Initializing module TC_26_7_5_7_1.
2026/Jun/23 10:56:00.903476 EXECUTOR - Initialization of module TC_26_7_5_7_1 finished.
2026/Jun/23 10:56:00.903478 EXECUTOR - Initializing module TC_26_7_5_8_1.
2026/Jun/23 10:56:00.903483 EXECUTOR - Initialization of module TC_26_7_5_8_1 finished.
2026/Jun/23 10:56:00.903485 EXECUTOR - Initializing module TC_26_7_5_8_2.
2026/Jun/23 10:56:00.903490 EXECUTOR - Initialization of module TC_26_7_5_8_2 finished.
2026/Jun/23 10:56:00.903492 EXECUTOR - Initializing module TC_26_7_5_8_3.
2026/Jun/23 10:56:00.903497 EXECUTOR - Initialization of module TC_26_7_5_8_3 finished.
2026/Jun/23 10:56:00.903500 EXECUTOR - Initializing module TC_26_8_1_2_1_1.
2026/Jun/23 10:56:00.903505 EXECUTOR - Initialization of module TC_26_8_1_2_1_1 finished.
2026/Jun/23 10:56:00.903507 EXECUTOR - Initializing module TC_26_8_1_2_2_1.
2026/Jun/23 10:56:00.903512 EXECUTOR - Initialization of module TC_26_8_1_2_2_1 finished.
2026/Jun/23 10:56:00.903515 EXECUTOR - Initializing module TC_26_8_1_2_2_2.
2026/Jun/23 10:56:00.903519 EXECUTOR - Initialization of module TC_26_8_1_2_2_2 finished.
2026/Jun/23 10:56:00.903522 EXECUTOR - Initializing module TC_26_8_1_2_2_3.
2026/Jun/23 10:56:00.903527 EXECUTOR - Initialization of module TC_26_8_1_2_2_3 finished.
2026/Jun/23 10:56:00.903529 EXECUTOR - Initializing module TC_26_8_1_2_3_1.
2026/Jun/23 10:56:00.903534 EXECUTOR - Initialization of module TC_26_8_1_2_3_1 finished.
2026/Jun/23 10:56:00.903536 EXECUTOR - Initializing module TC_26_8_1_2_3_2.
2026/Jun/23 10:56:00.903541 EXECUTOR - Initialization of module TC_26_8_1_2_3_2 finished.
2026/Jun/23 10:56:00.903546 EXECUTOR - Initializing module TC_26_8_1_2_3_3.
2026/Jun/23 10:56:00.903551 EXECUTOR - Initialization of module TC_26_8_1_2_3_3 finished.
2026/Jun/23 10:56:00.903554 EXECUTOR - Initializing module TC_26_8_1_2_3_4.
2026/Jun/23 10:56:00.903559 EXECUTOR - Initialization of module TC_26_8_1_2_3_4 finished.
2026/Jun/23 10:56:00.903561 EXECUTOR - Initializing module TC_26_8_1_2_3_5.
2026/Jun/23 10:56:00.903566 EXECUTOR - Initialization of module TC_26_8_1_2_3_5 finished.
2026/Jun/23 10:56:00.903569 EXECUTOR - Initializing module TC_26_8_1_2_3_6.
2026/Jun/23 10:56:00.903573 EXECUTOR - Initialization of module TC_26_8_1_2_3_6 finished.
2026/Jun/23 10:56:00.903576 EXECUTOR - Initializing module TC_26_8_1_2_3_7.
2026/Jun/23 10:56:00.903582 EXECUTOR - Initialization of module TC_26_8_1_2_3_7 finished.
2026/Jun/23 10:56:00.903584 EXECUTOR - Initializing module TC_26_8_1_2_4_1.
2026/Jun/23 10:56:00.903589 EXECUTOR - Initialization of module TC_26_8_1_2_4_1 finished.
2026/Jun/23 10:56:00.903591 EXECUTOR - Initializing module TC_26_8_1_2_4_13.
2026/Jun/23 10:56:00.903596 EXECUTOR - Initialization of module TC_26_8_1_2_4_13 finished.
2026/Jun/23 10:56:00.903599 EXECUTOR - Initializing module TC_26_8_1_2_4_2.
2026/Jun/23 10:56:00.903604 EXECUTOR - Initialization of module TC_26_8_1_2_4_2 finished.
2026/Jun/23 10:56:00.903606 EXECUTOR - Initializing module TC_26_8_1_2_4_3.
2026/Jun/23 10:56:00.903611 EXECUTOR - Initialization of module TC_26_8_1_2_4_3 finished.
2026/Jun/23 10:56:00.903613 EXECUTOR - Initializing module TC_26_8_1_2_4_4.
2026/Jun/23 10:56:00.903619 EXECUTOR - Initialization of module TC_26_8_1_2_4_4 finished.
2026/Jun/23 10:56:00.903621 EXECUTOR - Initializing module TC_26_8_1_2_4_5.
2026/Jun/23 10:56:00.903626 EXECUTOR - Initialization of module TC_26_8_1_2_4_5 finished.
2026/Jun/23 10:56:00.903629 EXECUTOR - Initializing module TC_26_8_1_2_6_1.
2026/Jun/23 10:56:00.903634 EXECUTOR - Initialization of module TC_26_8_1_2_6_1 finished.
2026/Jun/23 10:56:00.903636 EXECUTOR - Initializing module TC_26_8_1_2_6_2.
2026/Jun/23 10:56:00.903641 EXECUTOR - Initialization of module TC_26_8_1_2_6_2 finished.
2026/Jun/23 10:56:00.903643 EXECUTOR - Initializing module TC_26_8_1_2_6_3.
2026/Jun/23 10:56:00.903648 EXECUTOR - Initialization of module TC_26_8_1_2_6_3 finished.
2026/Jun/23 10:56:00.903650 EXECUTOR - Initializing module TC_26_8_1_2_6_6.
2026/Jun/23 10:56:00.903655 EXECUTOR - Initialization of module TC_26_8_1_2_6_6 finished.
2026/Jun/23 10:56:00.903657 EXECUTOR - Initializing module TC_26_8_1_3_1_1.
2026/Jun/23 10:56:00.903662 EXECUTOR - Initialization of module TC_26_8_1_3_1_1 finished.
2026/Jun/23 10:56:00.903665 EXECUTOR - Initializing module TC_26_8_1_3_2_1.
2026/Jun/23 10:56:00.903669 EXECUTOR - Initialization of module TC_26_8_1_3_2_1 finished.
2026/Jun/23 10:56:00.903672 EXECUTOR - Initializing module TC_26_8_1_3_3_1.
2026/Jun/23 10:56:00.903676 EXECUTOR - Initialization of module TC_26_8_1_3_3_1 finished.
2026/Jun/23 10:56:00.903679 EXECUTOR - Initializing module TC_26_8_1_3_3_2.
2026/Jun/23 10:56:00.903683 EXECUTOR - Initialization of module TC_26_8_1_3_3_2 finished.
2026/Jun/23 10:56:00.903686 EXECUTOR - Initializing module TC_26_8_1_3_3_3.
2026/Jun/23 10:56:00.903691 EXECUTOR - Initialization of module TC_26_8_1_3_3_3 finished.
2026/Jun/23 10:56:00.903694 EXECUTOR - Initializing module TC_26_8_1_3_3_4.
2026/Jun/23 10:56:00.903698 EXECUTOR - Initialization of module TC_26_8_1_3_3_4 finished.
2026/Jun/23 10:56:00.903701 EXECUTOR - Initializing module TC_26_8_1_3_3_5.
2026/Jun/23 10:56:00.903706 EXECUTOR - Initialization of module TC_26_8_1_3_3_5 finished.
2026/Jun/23 10:56:00.903708 EXECUTOR - Initializing module TC_26_8_1_3_3_6.
2026/Jun/23 10:56:00.903714 EXECUTOR - Initialization of module TC_26_8_1_3_3_6 finished.
2026/Jun/23 10:56:00.903716 EXECUTOR - Initializing module TC_26_8_1_3_3_7.
2026/Jun/23 10:56:00.903721 EXECUTOR - Initialization of module TC_26_8_1_3_3_7 finished.
2026/Jun/23 10:56:00.903724 EXECUTOR - Initializing module TC_26_8_1_3_4_1.
2026/Jun/23 10:56:00.903731 EXECUTOR - Initialization of module TC_26_8_1_3_4_1 finished.
2026/Jun/23 10:56:00.903733 EXECUTOR - Initializing module TC_26_8_1_3_4_2.
2026/Jun/23 10:56:00.903739 EXECUTOR - Initialization of module TC_26_8_1_3_4_2 finished.
2026/Jun/23 10:56:00.903741 EXECUTOR - Initializing module TC_26_8_1_3_4_3.
2026/Jun/23 10:56:00.903746 EXECUTOR - Initialization of module TC_26_8_1_3_4_3 finished.
2026/Jun/23 10:56:00.903748 EXECUTOR - Initializing module TC_26_8_1_3_4_4.
2026/Jun/23 10:56:00.903753 EXECUTOR - Initialization of module TC_26_8_1_3_4_4 finished.
2026/Jun/23 10:56:00.903756 EXECUTOR - Initializing module TC_26_8_1_3_4_5.
2026/Jun/23 10:56:00.903761 EXECUTOR - Initialization of module TC_26_8_1_3_4_5 finished.
2026/Jun/23 10:56:00.903764 EXECUTOR - Initializing module TC_26_8_1_3_4_6.
2026/Jun/23 10:56:00.903769 EXECUTOR - Initialization of module TC_26_8_1_3_4_6 finished.
2026/Jun/23 10:56:00.903771 EXECUTOR - Initializing module TC_26_8_1_3_4_7.
2026/Jun/23 10:56:00.903776 EXECUTOR - Initialization of module TC_26_8_1_3_4_7 finished.
2026/Jun/23 10:56:00.903778 EXECUTOR - Initializing module TC_26_8_1_3_4_8.
2026/Jun/23 10:56:00.903784 EXECUTOR - Initialization of module TC_26_8_1_3_4_8 finished.
2026/Jun/23 10:56:00.903786 EXECUTOR - Initializing module TC_26_8_1_3_5_1.
2026/Jun/23 10:56:00.903791 EXECUTOR - Initialization of module TC_26_8_1_3_5_1 finished.
2026/Jun/23 10:56:00.903794 EXECUTOR - Initializing module TC_26_8_1_3_5_2.
2026/Jun/23 10:56:00.903798 EXECUTOR - Initialization of module TC_26_8_1_3_5_2 finished.
2026/Jun/23 10:56:00.903801 EXECUTOR - Initializing module TC_26_8_1_3_5_3.
2026/Jun/23 10:56:00.903806 EXECUTOR - Initialization of module TC_26_8_1_3_5_3 finished.
2026/Jun/23 10:56:00.903808 EXECUTOR - Initializing module TC_26_8_1_3_5_4.
2026/Jun/23 10:56:00.903813 EXECUTOR - Initialization of module TC_26_8_1_3_5_4 finished.
2026/Jun/23 10:56:00.903816 EXECUTOR - Initializing module TC_26_8_1_3_5_5.
2026/Jun/23 10:56:00.903827 EXECUTOR - Initialization of module TC_26_8_1_3_5_5 finished.
2026/Jun/23 10:56:00.903832 EXECUTOR - Initializing module TC_26_8_1_3_5_6.
2026/Jun/23 10:56:00.903838 EXECUTOR - Initialization of module TC_26_8_1_3_5_6 finished.
2026/Jun/23 10:56:00.903840 EXECUTOR - Initializing module TC_26_8_1_3_5_7.
2026/Jun/23 10:56:00.903845 EXECUTOR - Initialization of module TC_26_8_1_3_5_7 finished.
2026/Jun/23 10:56:00.903848 EXECUTOR - Initializing module TC_26_8_1_3_5_8.
2026/Jun/23 10:56:00.903853 EXECUTOR - Initialization of module TC_26_8_1_3_5_8 finished.
2026/Jun/23 10:56:00.903855 EXECUTOR - Initializing module TC_26_8_1_3_5_9.
2026/Jun/23 10:56:00.903860 EXECUTOR - Initialization of module TC_26_8_1_3_5_9 finished.
2026/Jun/23 10:56:00.903863 EXECUTOR - Initializing module TC_26_8_2_1.
2026/Jun/23 10:56:00.903868 EXECUTOR - Initialization of module TC_26_8_2_1 finished.
2026/Jun/23 10:56:00.903870 EXECUTOR - Initializing module TC_26_8_2_2.
2026/Jun/23 10:56:00.903875 EXECUTOR - Initialization of module TC_26_8_2_2 finished.
2026/Jun/23 10:56:00.903878 EXECUTOR - Initializing module TC_26_8_2_3.
2026/Jun/23 10:56:00.903883 EXECUTOR - Initialization of module TC_26_8_2_3 finished.
2026/Jun/23 10:56:00.903885 EXECUTOR - Initializing module TC_26_8_3.
2026/Jun/23 10:56:00.903891 EXECUTOR - Initialization of module TC_26_8_3 finished.
2026/Jun/23 10:56:00.903893 EXECUTOR - Initializing module TC_34_2_2.
2026/Jun/23 10:56:00.903898 EXECUTOR - Initialization of module TC_34_2_2 finished.
2026/Jun/23 10:56:00.903901 EXECUTOR - Initializing module TitanLoggerApi.
2026/Jun/23 10:56:00.903903 EXECUTOR - Initialization of module TitanLoggerApi finished.
2026/Jun/23 10:56:00.903905 EXECUTOR - Initializing module TitanLoggerControl.
2026/Jun/23 10:56:00.903908 EXECUTOR - Initialization of module TitanLoggerControl finished.
2026/Jun/23 10:56:00.903917 EXECUTOR - Configuration data was processed successfully.
2026/Jun/23 10:56:00.905345 EXECUTOR - MTC was created. Process id: 39.
2026/Jun/23 10:59:18.180938 EXECUTOR - Exit was requested from MC. Terminating HC.
2026/Jun/23 10:59:18.181014 EXECUTOR - Disconnected from MC.
2026/Jun/23 10:59:18.181032 EXECUTOR - TTCN-3 Host Controller finished.
