======================================================
Waiting for mobile to register (5 seconds)...
======================================================
======================================================
Starting TC_26_2_3 Test Case
======================================================
Resolved: msc=10.42.0.91 mobile=10.43.215.214 bsc=10.42.0.72
DEBUG: [EXECUTE] section:
[EXECUTE]
TC_26_2_3.TC_26_2_3
  Waiting for MC... (1/30)
Main Controller ready (attempt 2)
Starting Host Controller...
TTCN-3 Host Controller (parallel mode), version 11.1.0
The address of MC was set to a local IP address. This may cause incorrect behavior if a HC from a remote host also connects to MC.
Result dir: /results/TC_26_2_3-2026-06-05-105204
Waiting for log files...
2026/Jun/05 10:52:05.662792 EXECUTOR - TTCN-3 Host Controller started on ttcn3-tc-26-2-3-2-lsdbj. Version: 11.1.0.
2026/Jun/05 10:52:05.662949 EXECUTOR - TTCN Logger v2.2 options: TimeStampFormat:=DateTime; LogEntityName:=No; LogEventTypes:=Yes; SourceInfoFormat:=Single; LogSensitiveData:=No; *.FileMask:=LOG_ALL; *.ConsoleMask:=ERROR | TESTCASE | USER | VERDICTOP | WARNING; LogFileSize:=0; LogFileNumber:=1; DiskFullAction:=Error
2026/Jun/05 10:52:05.662961 EXECUTOR - Maximum number of open file descriptors: 1048576,   FD_SETSIZE = 1024
2026/Jun/05 10:52:05.663085 WARNING - Warning: The address of MC was set to a local IP address. This may cause incorrect behavior if a HC from a remote host also connects to MC.
2026/Jun/05 10:52:05.663118 EXECUTOR - The address of MC was set to 127.0.0.1:0.
2026/Jun/05 10:52:05.663230 EXECUTOR - Connected to MC.
2026/Jun/05 10:52:05.663319 EXECUTOR - This host supports UNIX domain sockets for local communication.
2026/Jun/05 10:52:05.663534 EXECUTOR - Processing configuration data received from MC.
2026/Jun/05 10:52:05.663852 WARNING - Warning: Skeleton `/results/TC_26_2_3-2026-06-05-105204/%n.log' does not guarantee unique log file name for every test system process. It may cause unpredictable results if several test components try to write into the same log file.
2026/Jun/05 10:52:05.664152 EXECUTOR - Module GSM_Constants has the following parameters: { TSPC_Serv_TS11 := true, TSPC_Serv_TS61 := false, TSPC_Serv_TS62 := false, TSPC_Serv_BS21 := false, TSPC_Serv_BS22 := false, TSPC_Serv_BS24 := false, TSPC_Serv_BS25 := false, TSPC_Serv_BS26 := false, TSPC_Serv_BS31 := false, TSPC_Serv_BS32 := false, TSPC_Serv_BS33 := false, TSPC_Serv_BS34 := false, TSPC_Serv_BS41 := false, TSPC_Serv_BS42 := false, TSPC_Serv_BS43 := false, TSPC_Serv_BS44 := false, TSPC_Serv_BS45 := false, TSPC_Serv_BS51 := false, TSPC_Serv_BS61 := false, TSPC_Serv_BS81 := false, TSPC_DualRate := false, TSPC_MTsvc := true, TSPX_IMSI := '901700000000001F'O, TSPX_TMSI := '1914D97F'O, TSPX_CKSNDef := 0, TSPX_RANDDef := '00112233445566778899AABBCCDDEEFF'O, TSPX_SRES := '12345678'O, TSPX_Kc := '0000000000000000'O, TSPX_SDCCH4SubDef := 0, TSPX_TmSltDef := 0, TSPX_TscDef := 7, TSPX_TCHHSubDef := 0, TCV_CC := true, TSPX_Telephony_Rate := C_Full (0), TSPX_MOBscSvcA := C_Telephony (0), TSPX_MOBscSvcB := C_Telephony (0), TSPX_MOBscSvcC := C_Telephony (0), TSPX_MOBscSvcD := C_Telephony (0), TSPX_MOBscSvcE := C_Telephony (0), TSPX_MOBscSvcF := C_Telephony (0), TSPX_MOBscSvcG := C_Telephony (0), TSPX_MOChRateA := C_Full (0), TSPX_MOChRateB := C_Full (0), TSPX_MOChRateC := C_Full (0), TSPX_MOChRateD := C_Full (0), TSPX_MOChRateE := C_Full (0), TSPX_MOChRateF := C_Full (0), TSPX_MOChRateG := C_Full (0), TSPX_MTBscSvcA := C_Telephony (0), TSPX_MTBscSvcB := C_Telephony (0), TSPX_MTBscSvcC := C_Telephony (0), TSPX_MTBscSvcD := C_Telephony (0), TSPX_MTBscSvcE := C_Telephony (0), TSPX_MTBscSvcF := C_Telephony (0), TSPX_MTBscSvcG := C_Telephony (0), TSPX_MTBscSvcH := C_Telephony (0), TSPX_MTBscSvcI := C_Telephony (0), TSPX_MTBscSvcJ := C_Telephony (0), TSPX_MTChRateA := C_Full (0), TSPX_MTChRateB := C_Full (0), TSPX_MTChRateC := C_Full (0), TSPX_MTChRateD := C_Full (0), TSPX_MTChRateE := C_Full (0), TSPX_MTChRateF := C_Full (0), TSPX_MTChRateG := C_Full (0), TSPX_MTChRateH := C_Full (0), TSPX_MTChRateI := C_Full (0), TSPX_MTChRateJ := C_Full (0), C_arfcnA := 51 }
2026/Jun/05 10:52:05.664225 EXECUTOR - Module TC_26_6_1_2 has the following parameters: { TSPX_nPara := 3, TSPX_i1Para := 3, TSPX_kPara := 5, TSPX_i2Para := 1, TSPX_rPara := 4, TSPX_i3Para := 4 }
2026/Jun/05 10:52:05.664253 EXECUTOR - Initializing module GSM_Component_Definitions.
2026/Jun/05 10:52:05.664259 EXECUTOR GSM_Component_Definitions.ttcn3:0 Initializing module GSM_Templates.
2026/Jun/05 10:52:05.664276 EXECUTOR GSM_Templates.ttcn3:0 Initializing module GSM_Constants.
2026/Jun/05 10:52:05.664282 EXECUTOR GSM_Constants.ttcn3:0 Initializing module GSM_Types.
2026/Jun/05 10:52:05.664285 EXECUTOR GSM_Constants.ttcn3:0 Initialization of module GSM_Types finished.
2026/Jun/05 10:52:05.664288 EXECUTOR GSM_Templates.ttcn3:0 Initialization of module GSM_Constants finished.
2026/Jun/05 10:52:05.664365 EXECUTOR GSM_Component_Definitions.ttcn3:0 Initialization of module GSM_Templates finished.
2026/Jun/05 10:52:05.664369 EXECUTOR - Initialization of module GSM_Component_Definitions finished.
2026/Jun/05 10:52:05.664371 EXECUTOR - Initializing module GSM_Functions.
2026/Jun/05 10:52:05.664395 EXECUTOR - Initialization of module GSM_Functions finished.
2026/Jun/05 10:52:05.664397 EXECUTOR - Initializing module PreGenRecordOf.
2026/Jun/05 10:52:05.664399 EXECUTOR - Initialization of module PreGenRecordOf finished.
2026/Jun/05 10:52:05.664402 EXECUTOR - Initializing module TC_26_2_1_3.
2026/Jun/05 10:52:05.664406 EXECUTOR - Initialization of module TC_26_2_1_3 finished.
2026/Jun/05 10:52:05.664408 EXECUTOR - Initializing module TC_26_2_2.
2026/Jun/05 10:52:05.664413 EXECUTOR - Initialization of module TC_26_2_2 finished.
2026/Jun/05 10:52:05.664415 EXECUTOR - Initializing module TC_26_2_3.
2026/Jun/05 10:52:05.664420 EXECUTOR - Initialization of module TC_26_2_3 finished.
2026/Jun/05 10:52:05.664422 EXECUTOR - Initializing module TC_26_6_11_1.
2026/Jun/05 10:52:05.664427 EXECUTOR - Initialization of module TC_26_6_11_1 finished.
2026/Jun/05 10:52:05.664429 EXECUTOR - Initializing module TC_26_6_11_2.
2026/Jun/05 10:52:05.664434 EXECUTOR - Initialization of module TC_26_6_11_2 finished.
2026/Jun/05 10:52:05.664436 EXECUTOR - Initializing module TC_26_6_12_1.
2026/Jun/05 10:52:05.664441 EXECUTOR - Initialization of module TC_26_6_12_1 finished.
2026/Jun/05 10:52:05.664443 EXECUTOR - Initializing module TC_26_6_12_2.
2026/Jun/05 10:52:05.664447 EXECUTOR - Initialization of module TC_26_6_12_2 finished.
2026/Jun/05 10:52:05.664449 EXECUTOR - Initializing module TC_26_6_12_3.
2026/Jun/05 10:52:05.664453 EXECUTOR - Initialization of module TC_26_6_12_3 finished.
2026/Jun/05 10:52:05.664455 EXECUTOR - Initializing module TC_26_6_12_4.
2026/Jun/05 10:52:05.664460 EXECUTOR - Initialization of module TC_26_6_12_4 finished.
2026/Jun/05 10:52:05.664462 EXECUTOR - Initializing module TC_26_6_13_10.
2026/Jun/05 10:52:05.664467 EXECUTOR - Initialization of module TC_26_6_13_10 finished.
2026/Jun/05 10:52:05.664469 EXECUTOR - Initializing module TC_26_6_13_9.
2026/Jun/05 10:52:05.664473 EXECUTOR - Initialization of module TC_26_6_13_9 finished.
2026/Jun/05 10:52:05.664475 EXECUTOR - Initializing module TC_26_6_1_1.
2026/Jun/05 10:52:05.664480 EXECUTOR - Initialization of module TC_26_6_1_1 finished.
2026/Jun/05 10:52:05.664482 EXECUTOR - Initializing module TC_26_6_1_2.
2026/Jun/05 10:52:05.664486 EXECUTOR - Initialization of module TC_26_6_1_2 finished.
2026/Jun/05 10:52:05.664488 EXECUTOR - Initializing module TC_26_6_1_3.
2026/Jun/05 10:52:05.664492 EXECUTOR - Initialization of module TC_26_6_1_3 finished.
2026/Jun/05 10:52:05.664494 EXECUTOR - Initializing module TC_26_6_1_4.
2026/Jun/05 10:52:05.664499 EXECUTOR - Initialization of module TC_26_6_1_4 finished.
2026/Jun/05 10:52:05.664501 EXECUTOR - Initializing module TC_26_6_1_5.
2026/Jun/05 10:52:05.664505 EXECUTOR - Initialization of module TC_26_6_1_5 finished.
2026/Jun/05 10:52:05.664507 EXECUTOR - Initializing module TC_26_6_2_1_1.
2026/Jun/05 10:52:05.664512 EXECUTOR - Initialization of module TC_26_6_2_1_1 finished.
2026/Jun/05 10:52:05.664514 EXECUTOR - Initializing module TC_26_6_2_1_2.
2026/Jun/05 10:52:05.664518 EXECUTOR - Initialization of module TC_26_6_2_1_2 finished.
2026/Jun/05 10:52:05.664521 EXECUTOR - Initializing module TC_26_6_2_1_3.
2026/Jun/05 10:52:05.664525 EXECUTOR - Initialization of module TC_26_6_2_1_3 finished.
2026/Jun/05 10:52:05.664527 EXECUTOR - Initializing module TC_26_6_2_2.
2026/Jun/05 10:52:05.664531 EXECUTOR - Initialization of module TC_26_6_2_2 finished.
2026/Jun/05 10:52:05.664533 EXECUTOR - Initializing module TC_26_6_2_3_1.
2026/Jun/05 10:52:05.664538 EXECUTOR - Initialization of module TC_26_6_2_3_1 finished.
2026/Jun/05 10:52:05.664540 EXECUTOR - Initializing module TC_26_6_2_3_2.
2026/Jun/05 10:52:05.664545 EXECUTOR - Initialization of module TC_26_6_2_3_2 finished.
2026/Jun/05 10:52:05.664550 EXECUTOR - Initializing module TC_26_6_2_4.
2026/Jun/05 10:52:05.664554 EXECUTOR - Initialization of module TC_26_6_2_4 finished.
2026/Jun/05 10:52:05.664557 EXECUTOR - Initializing module TC_26_6_3_1.
2026/Jun/05 10:52:05.664561 EXECUTOR - Initialization of module TC_26_6_3_1 finished.
2026/Jun/05 10:52:05.664563 EXECUTOR - Initializing module TC_26_6_3_4.
2026/Jun/05 10:52:05.664568 EXECUTOR - Initialization of module TC_26_6_3_4 finished.
2026/Jun/05 10:52:05.664570 EXECUTOR - Initializing module TC_26_6_4_1.
2026/Jun/05 10:52:05.664575 EXECUTOR - Initialization of module TC_26_6_4_1 finished.
2026/Jun/05 10:52:05.664577 EXECUTOR - Initializing module TC_26_6_4_2_2.
2026/Jun/05 10:52:05.664581 EXECUTOR - Initialization of module TC_26_6_4_2_2 finished.
2026/Jun/05 10:52:05.664583 EXECUTOR - Initializing module TC_26_6_5_1.
2026/Jun/05 10:52:05.664587 EXECUTOR - Initialization of module TC_26_6_5_1 finished.
2026/Jun/05 10:52:05.664589 EXECUTOR - Initializing module TC_26_6_5_2_1.
2026/Jun/05 10:52:05.664594 EXECUTOR - Initialization of module TC_26_6_5_2_1 finished.
2026/Jun/05 10:52:05.664596 EXECUTOR - Initializing module TC_26_6_8_1.
2026/Jun/05 10:52:05.664600 EXECUTOR - Initialization of module TC_26_6_8_1 finished.
2026/Jun/05 10:52:05.664602 EXECUTOR - Initializing module TC_26_6_8_2.
2026/Jun/05 10:52:05.664607 EXECUTOR - Initialization of module TC_26_6_8_2 finished.
2026/Jun/05 10:52:05.664609 EXECUTOR - Initializing module TC_26_6_8_3.
2026/Jun/05 10:52:05.664613 EXECUTOR - Initialization of module TC_26_6_8_3 finished.
2026/Jun/05 10:52:05.664615 EXECUTOR - Initializing module TC_26_6_8_4.
2026/Jun/05 10:52:05.664620 EXECUTOR - Initialization of module TC_26_6_8_4 finished.
2026/Jun/05 10:52:05.664622 EXECUTOR - Initializing module TC_26_6_8_5.
2026/Jun/05 10:52:05.664626 EXECUTOR - Initialization of module TC_26_6_8_5 finished.
2026/Jun/05 10:52:05.664628 EXECUTOR - Initializing module TC_26_7_1.
2026/Jun/05 10:52:05.664633 EXECUTOR - Initialization of module TC_26_7_1 finished.
2026/Jun/05 10:52:05.664635 EXECUTOR - Initializing module TC_26_7_2_1.
2026/Jun/05 10:52:05.664639 EXECUTOR - Initialization of module TC_26_7_2_1 finished.
2026/Jun/05 10:52:05.664641 EXECUTOR - Initializing module TC_26_7_2_2.
2026/Jun/05 10:52:05.664646 EXECUTOR - Initialization of module TC_26_7_2_2 finished.
2026/Jun/05 10:52:05.664648 EXECUTOR - Initializing module TC_26_7_3_1.
2026/Jun/05 10:52:05.664653 EXECUTOR - Initialization of module TC_26_7_3_1 finished.
2026/Jun/05 10:52:05.664655 EXECUTOR - Initializing module TC_26_7_3_2.
2026/Jun/05 10:52:05.664659 EXECUTOR - Initialization of module TC_26_7_3_2 finished.
2026/Jun/05 10:52:05.664661 EXECUTOR - Initializing module TC_26_7_4_1.
2026/Jun/05 10:52:05.664665 EXECUTOR - Initialization of module TC_26_7_4_1 finished.
2026/Jun/05 10:52:05.664667 EXECUTOR - Initializing module TC_26_7_4_2_1.
2026/Jun/05 10:52:05.664672 EXECUTOR - Initialization of module TC_26_7_4_2_1 finished.
2026/Jun/05 10:52:05.664674 EXECUTOR - Initializing module TC_26_7_4_2_2_1.
2026/Jun/05 10:52:05.664678 EXECUTOR - Initialization of module TC_26_7_4_2_2_1 finished.
2026/Jun/05 10:52:05.664680 EXECUTOR - Initializing module TC_26_7_4_2_2_2.
2026/Jun/05 10:52:05.664686 EXECUTOR - Initialization of module TC_26_7_4_2_2_2 finished.
2026/Jun/05 10:52:05.664688 EXECUTOR - Initializing module TC_26_7_4_2_3.
2026/Jun/05 10:52:05.664692 EXECUTOR - Initialization of module TC_26_7_4_2_3 finished.
2026/Jun/05 10:52:05.664694 EXECUTOR - Initializing module TC_26_7_4_2_4_1.
2026/Jun/05 10:52:05.664699 EXECUTOR - Initialization of module TC_26_7_4_2_4_1 finished.
2026/Jun/05 10:52:05.664701 EXECUTOR - Initializing module TC_26_7_4_2_4_2.
2026/Jun/05 10:52:05.664705 EXECUTOR - Initialization of module TC_26_7_4_2_4_2 finished.
2026/Jun/05 10:52:05.664707 EXECUTOR - Initializing module TC_26_7_4_2_4_3.
2026/Jun/05 10:52:05.664712 EXECUTOR - Initialization of module TC_26_7_4_2_4_3 finished.
2026/Jun/05 10:52:05.664714 EXECUTOR - Initializing module TC_26_7_4_2_4_4.
2026/Jun/05 10:52:05.664721 EXECUTOR - Initialization of module TC_26_7_4_2_4_4 finished.
2026/Jun/05 10:52:05.664723 EXECUTOR - Initializing module TC_26_7_4_2_4_5.
2026/Jun/05 10:52:05.664728 EXECUTOR - Initialization of module TC_26_7_4_2_4_5 finished.
2026/Jun/05 10:52:05.664730 EXECUTOR - Initializing module TC_26_7_4_3_1.
2026/Jun/05 10:52:05.664734 EXECUTOR - Initialization of module TC_26_7_4_3_1 finished.
2026/Jun/05 10:52:05.664736 EXECUTOR - Initializing module TC_26_7_4_3_2.
2026/Jun/05 10:52:05.664741 EXECUTOR - Initialization of module TC_26_7_4_3_2 finished.
2026/Jun/05 10:52:05.664743 EXECUTOR - Initializing module TC_26_7_4_3_3.
2026/Jun/05 10:52:05.664748 EXECUTOR - Initialization of module TC_26_7_4_3_3 finished.
2026/Jun/05 10:52:05.664750 EXECUTOR - Initializing module TC_26_7_4_3_4.
2026/Jun/05 10:52:05.664754 EXECUTOR - Initialization of module TC_26_7_4_3_4 finished.
2026/Jun/05 10:52:05.664756 EXECUTOR - Initializing module TC_26_7_4_4.
2026/Jun/05 10:52:05.664761 EXECUTOR - Initialization of module TC_26_7_4_4 finished.
2026/Jun/05 10:52:05.664763 EXECUTOR - Initializing module TC_26_7_4_5_1.
2026/Jun/05 10:52:05.664768 EXECUTOR - Initialization of module TC_26_7_4_5_1 finished.
2026/Jun/05 10:52:05.664770 EXECUTOR - Initializing module TC_26_7_4_5_2.
2026/Jun/05 10:52:05.664775 EXECUTOR - Initialization of module TC_26_7_4_5_2 finished.
2026/Jun/05 10:52:05.664777 EXECUTOR - Initializing module TC_26_7_4_5_3.
2026/Jun/05 10:52:05.664781 EXECUTOR - Initialization of module TC_26_7_4_5_3 finished.
2026/Jun/05 10:52:05.664783 EXECUTOR - Initializing module TC_26_7_4_5_4_2.
2026/Jun/05 10:52:05.664788 EXECUTOR - Initialization of module TC_26_7_4_5_4_2 finished.
2026/Jun/05 10:52:05.664790 EXECUTOR - Initializing module TC_26_7_5_2.
2026/Jun/05 10:52:05.664794 EXECUTOR - Initialization of module TC_26_7_5_2 finished.
2026/Jun/05 10:52:05.664796 EXECUTOR - Initializing module TC_26_7_5_3.
2026/Jun/05 10:52:05.664801 EXECUTOR - Initialization of module TC_26_7_5_3 finished.
2026/Jun/05 10:52:05.664803 EXECUTOR - Initializing module TC_26_7_5_4.
2026/Jun/05 10:52:05.664807 EXECUTOR - Initialization of module TC_26_7_5_4 finished.
2026/Jun/05 10:52:05.664809 EXECUTOR - Initializing module TC_26_7_5_5.
2026/Jun/05 10:52:05.664813 EXECUTOR - Initialization of module TC_26_7_5_5 finished.
2026/Jun/05 10:52:05.664815 EXECUTOR - Initializing module TC_26_7_5_6.
2026/Jun/05 10:52:05.664820 EXECUTOR - Initialization of module TC_26_7_5_6 finished.
2026/Jun/05 10:52:05.664835 EXECUTOR - Initializing module TC_26_7_5_7_1.
2026/Jun/05 10:52:05.664841 EXECUTOR - Initialization of module TC_26_7_5_7_1 finished.
2026/Jun/05 10:52:05.664843 EXECUTOR - Initializing module TC_26_7_5_8_1.
2026/Jun/05 10:52:05.664848 EXECUTOR - Initialization of module TC_26_7_5_8_1 finished.
2026/Jun/05 10:52:05.664850 EXECUTOR - Initializing module TC_26_7_5_8_2.
2026/Jun/05 10:52:05.664854 EXECUTOR - Initialization of module TC_26_7_5_8_2 finished.
2026/Jun/05 10:52:05.664857 EXECUTOR - Initializing module TC_26_7_5_8_3.
2026/Jun/05 10:52:05.664861 EXECUTOR - Initialization of module TC_26_7_5_8_3 finished.
2026/Jun/05 10:52:05.664863 EXECUTOR - Initializing module TC_26_8_1_2_1_1.
2026/Jun/05 10:52:05.664867 EXECUTOR - Initialization of module TC_26_8_1_2_1_1 finished.
2026/Jun/05 10:52:05.664869 EXECUTOR - Initializing module TC_26_8_1_2_2_1.
2026/Jun/05 10:52:05.664874 EXECUTOR - Initialization of module TC_26_8_1_2_2_1 finished.
2026/Jun/05 10:52:05.664876 EXECUTOR - Initializing module TC_26_8_1_2_2_2.
2026/Jun/05 10:52:05.664880 EXECUTOR - Initialization of module TC_26_8_1_2_2_2 finished.
2026/Jun/05 10:52:05.664882 EXECUTOR - Initializing module TC_26_8_1_2_2_3.
2026/Jun/05 10:52:05.664887 EXECUTOR - Initialization of module TC_26_8_1_2_2_3 finished.
2026/Jun/05 10:52:05.664889 EXECUTOR - Initializing module TC_26_8_1_2_3_1.
2026/Jun/05 10:52:05.664893 EXECUTOR - Initialization of module TC_26_8_1_2_3_1 finished.
2026/Jun/05 10:52:05.664895 EXECUTOR - Initializing module TC_26_8_1_2_3_2.
2026/Jun/05 10:52:05.664900 EXECUTOR - Initialization of module TC_26_8_1_2_3_2 finished.
2026/Jun/05 10:52:05.664904 EXECUTOR - Initializing module TC_26_8_1_2_3_3.
2026/Jun/05 10:52:05.664909 EXECUTOR - Initialization of module TC_26_8_1_2_3_3 finished.
2026/Jun/05 10:52:05.664911 EXECUTOR - Initializing module TC_26_8_1_2_3_4.
2026/Jun/05 10:52:05.664916 EXECUTOR - Initialization of module TC_26_8_1_2_3_4 finished.
2026/Jun/05 10:52:05.664918 EXECUTOR - Initializing module TC_26_8_1_2_3_5.
2026/Jun/05 10:52:05.664923 EXECUTOR - Initialization of module TC_26_8_1_2_3_5 finished.
2026/Jun/05 10:52:05.664925 EXECUTOR - Initializing module TC_26_8_1_2_3_6.
2026/Jun/05 10:52:05.664929 EXECUTOR - Initialization of module TC_26_8_1_2_3_6 finished.
2026/Jun/05 10:52:05.664932 EXECUTOR - Initializing module TC_26_8_1_2_3_7.
2026/Jun/05 10:52:05.664936 EXECUTOR - Initialization of module TC_26_8_1_2_3_7 finished.
2026/Jun/05 10:52:05.664938 EXECUTOR - Initializing module TC_26_8_1_2_4_1.
2026/Jun/05 10:52:05.664943 EXECUTOR - Initialization of module TC_26_8_1_2_4_1 finished.
2026/Jun/05 10:52:05.664945 EXECUTOR - Initializing module TC_26_8_1_2_4_13.
2026/Jun/05 10:52:05.664949 EXECUTOR - Initialization of module TC_26_8_1_2_4_13 finished.
2026/Jun/05 10:52:05.664951 EXECUTOR - Initializing module TC_26_8_1_2_4_2.
2026/Jun/05 10:52:05.664957 EXECUTOR - Initialization of module TC_26_8_1_2_4_2 finished.
2026/Jun/05 10:52:05.664959 EXECUTOR - Initializing module TC_26_8_1_2_4_3.
2026/Jun/05 10:52:05.664964 EXECUTOR - Initialization of module TC_26_8_1_2_4_3 finished.
2026/Jun/05 10:52:05.664966 EXECUTOR - Initializing module TC_26_8_1_2_4_4.
2026/Jun/05 10:52:05.664970 EXECUTOR - Initialization of module TC_26_8_1_2_4_4 finished.
2026/Jun/05 10:52:05.664973 EXECUTOR - Initializing module TC_26_8_1_2_4_5.
2026/Jun/05 10:52:05.664977 EXECUTOR - Initialization of module TC_26_8_1_2_4_5 finished.
2026/Jun/05 10:52:05.664979 EXECUTOR - Initializing module TC_26_8_1_2_6_1.
2026/Jun/05 10:52:05.664984 EXECUTOR - Initialization of module TC_26_8_1_2_6_1 finished.
2026/Jun/05 10:52:05.664986 EXECUTOR - Initializing module TC_26_8_1_2_6_2.
2026/Jun/05 10:52:05.664990 EXECUTOR - Initialization of module TC_26_8_1_2_6_2 finished.
2026/Jun/05 10:52:05.664992 EXECUTOR - Initializing module TC_26_8_1_2_6_3.
2026/Jun/05 10:52:05.664997 EXECUTOR - Initialization of module TC_26_8_1_2_6_3 finished.
2026/Jun/05 10:52:05.664999 EXECUTOR - Initializing module TC_26_8_1_2_6_6.
2026/Jun/05 10:52:05.665004 EXECUTOR - Initialization of module TC_26_8_1_2_6_6 finished.
2026/Jun/05 10:52:05.665006 EXECUTOR - Initializing module TC_26_8_1_3_1_1.
2026/Jun/05 10:52:05.665011 EXECUTOR - Initialization of module TC_26_8_1_3_1_1 finished.
2026/Jun/05 10:52:05.665013 EXECUTOR - Initializing module TC_26_8_1_3_2_1.
2026/Jun/05 10:52:05.665018 EXECUTOR - Initialization of module TC_26_8_1_3_2_1 finished.
2026/Jun/05 10:52:05.665021 EXECUTOR - Initializing module TC_26_8_1_3_3_1.
2026/Jun/05 10:52:05.665025 EXECUTOR - Initialization of module TC_26_8_1_3_3_1 finished.
2026/Jun/05 10:52:05.665027 EXECUTOR - Initializing module TC_26_8_1_3_3_2.
2026/Jun/05 10:52:05.665032 EXECUTOR - Initialization of module TC_26_8_1_3_3_2 finished.
2026/Jun/05 10:52:05.665034 EXECUTOR - Initializing module TC_26_8_1_3_3_3.
2026/Jun/05 10:52:05.665038 EXECUTOR - Initialization of module TC_26_8_1_3_3_3 finished.
2026/Jun/05 10:52:05.665040 EXECUTOR - Initializing module TC_26_8_1_3_3_4.
2026/Jun/05 10:52:05.665045 EXECUTOR - Initialization of module TC_26_8_1_3_3_4 finished.
2026/Jun/05 10:52:05.665047 EXECUTOR - Initializing module TC_26_8_1_3_3_5.
2026/Jun/05 10:52:05.665052 EXECUTOR - Initialization of module TC_26_8_1_3_3_5 finished.
2026/Jun/05 10:52:05.665054 EXECUTOR - Initializing module TC_26_8_1_3_3_6.
2026/Jun/05 10:52:05.665059 EXECUTOR - Initialization of module TC_26_8_1_3_3_6 finished.
2026/Jun/05 10:52:05.665061 EXECUTOR - Initializing module TC_26_8_1_3_3_7.
2026/Jun/05 10:52:05.665065 EXECUTOR - Initialization of module TC_26_8_1_3_3_7 finished.
2026/Jun/05 10:52:05.665068 EXECUTOR - Initializing module TC_26_8_1_3_4_1.
2026/Jun/05 10:52:05.665075 EXECUTOR - Initialization of module TC_26_8_1_3_4_1 finished.
2026/Jun/05 10:52:05.665077 EXECUTOR - Initializing module TC_26_8_1_3_4_2.
2026/Jun/05 10:52:05.665082 EXECUTOR - Initialization of module TC_26_8_1_3_4_2 finished.
2026/Jun/05 10:52:05.665084 EXECUTOR - Initializing module TC_26_8_1_3_4_3.
2026/Jun/05 10:52:05.665089 EXECUTOR - Initialization of module TC_26_8_1_3_4_3 finished.
2026/Jun/05 10:52:05.665091 EXECUTOR - Initializing module TC_26_8_1_3_4_4.
2026/Jun/05 10:52:05.665095 EXECUTOR - Initialization of module TC_26_8_1_3_4_4 finished.
2026/Jun/05 10:52:05.665098 EXECUTOR - Initializing module TC_26_8_1_3_4_5.
2026/Jun/05 10:52:05.665102 EXECUTOR - Initialization of module TC_26_8_1_3_4_5 finished.
2026/Jun/05 10:52:05.665104 EXECUTOR - Initializing module TC_26_8_1_3_4_6.
2026/Jun/05 10:52:05.665109 EXECUTOR - Initialization of module TC_26_8_1_3_4_6 finished.
2026/Jun/05 10:52:05.665111 EXECUTOR - Initializing module TC_26_8_1_3_4_7.
2026/Jun/05 10:52:05.665116 EXECUTOR - Initialization of module TC_26_8_1_3_4_7 finished.
2026/Jun/05 10:52:05.665118 EXECUTOR - Initializing module TC_26_8_1_3_4_8.
2026/Jun/05 10:52:05.665123 EXECUTOR - Initialization of module TC_26_8_1_3_4_8 finished.
2026/Jun/05 10:52:05.665125 EXECUTOR - Initializing module TC_26_8_1_3_5_1.
2026/Jun/05 10:52:05.665130 EXECUTOR - Initialization of module TC_26_8_1_3_5_1 finished.
2026/Jun/05 10:52:05.665132 EXECUTOR - Initializing module TC_26_8_1_3_5_2.
2026/Jun/05 10:52:05.665137 EXECUTOR - Initialization of module TC_26_8_1_3_5_2 finished.
2026/Jun/05 10:52:05.665139 EXECUTOR - Initializing module TC_26_8_1_3_5_3.
2026/Jun/05 10:52:05.665143 EXECUTOR - Initialization of module TC_26_8_1_3_5_3 finished.
2026/Jun/05 10:52:05.665145 EXECUTOR - Initializing module TC_26_8_1_3_5_4.
2026/Jun/05 10:52:05.665150 EXECUTOR - Initialization of module TC_26_8_1_3_5_4 finished.
2026/Jun/05 10:52:05.665152 EXECUTOR - Initializing module TC_26_8_1_3_5_5.
2026/Jun/05 10:52:05.665156 EXECUTOR - Initialization of module TC_26_8_1_3_5_5 finished.
2026/Jun/05 10:52:05.665158 EXECUTOR - Initializing module TC_26_8_1_3_5_6.
2026/Jun/05 10:52:05.665163 EXECUTOR - Initialization of module TC_26_8_1_3_5_6 finished.
2026/Jun/05 10:52:05.665165 EXECUTOR - Initializing module TC_26_8_1_3_5_7.
2026/Jun/05 10:52:05.665170 EXECUTOR - Initialization of module TC_26_8_1_3_5_7 finished.
2026/Jun/05 10:52:05.665172 EXECUTOR - Initializing module TC_26_8_1_3_5_8.
2026/Jun/05 10:52:05.665177 EXECUTOR - Initialization of module TC_26_8_1_3_5_8 finished.
2026/Jun/05 10:52:05.665179 EXECUTOR - Initializing module TC_26_8_1_3_5_9.
2026/Jun/05 10:52:05.665184 EXECUTOR - Initialization of module TC_26_8_1_3_5_9 finished.
2026/Jun/05 10:52:05.665186 EXECUTOR - Initializing module TC_26_8_2_1.
2026/Jun/05 10:52:05.665190 EXECUTOR - Initialization of module TC_26_8_2_1 finished.
2026/Jun/05 10:52:05.665193 EXECUTOR - Initializing module TC_26_8_2_2.
2026/Jun/05 10:52:05.665197 EXECUTOR - Initialization of module TC_26_8_2_2 finished.
2026/Jun/05 10:52:05.665199 EXECUTOR - Initializing module TC_26_8_2_3.
2026/Jun/05 10:52:05.665203 EXECUTOR - Initialization of module TC_26_8_2_3 finished.
2026/Jun/05 10:52:05.665206 EXECUTOR - Initializing module TC_26_8_3.
2026/Jun/05 10:52:05.665210 EXECUTOR - Initialization of module TC_26_8_3 finished.
2026/Jun/05 10:52:05.665212 EXECUTOR - Initializing module TC_34_2_2.
2026/Jun/05 10:52:05.665217 EXECUTOR - Initialization of module TC_34_2_2 finished.
2026/Jun/05 10:52:05.665219 EXECUTOR - Initializing module TitanLoggerApi.
2026/Jun/05 10:52:05.665221 EXECUTOR - Initialization of module TitanLoggerApi finished.
2026/Jun/05 10:52:05.665223 EXECUTOR - Initializing module TitanLoggerControl.
2026/Jun/05 10:52:05.665226 EXECUTOR - Initialization of module TitanLoggerControl finished.
2026/Jun/05 10:52:05.665237 EXECUTOR - Configuration data was processed successfully.
2026/Jun/05 10:52:05.666673 EXECUTOR - MTC was created. Process id: 39.
2026/Jun/05 10:52:44.880164 EXECUTOR - Exit was requested from MC. Terminating HC.
2026/Jun/05 10:52:44.880390 EXECUTOR - Disconnected from MC.
2026/Jun/05 10:52:44.880434 EXECUTOR - TTCN-3 Host Controller finished.
2026/Jun/05 10:52:05.667516 EXECUTOR - TTCN-3 Main Test Component started on ttcn3-tc-26-2-3-2-lsdbj. Version: 11.1.0.
2026/Jun/05 10:52:05.667640 EXECUTOR - TTCN Logger v2.2 options: TimeStampFormat:=DateTime; LogEntityName:=No; LogEventTypes:=Yes; SourceInfoFormat:=Single; LogSensitiveData:=No; *.FileMask:=LOG_ALL; *.ConsoleMask:=ERROR | TESTCASE | USER | VERDICTOP | WARNING; LogFileSize:=0; LogFileNumber:=1; DiskFullAction:=Error
2026/Jun/05 10:52:05.667699 EXECUTOR - Connected to MC.
2026/Jun/05 10:52:05.667875 EXECUTOR - Executing test case TC_26_2_3 in module TC_26_2_3.
2026/Jun/05 10:52:05.667989 TESTCASE TC_26_2_3.ttcn3:42 Test case TC_26_2_3 started.
2026/Jun/05 10:52:05.668049 PARALLEL TC_26_2_3.ttcn3:42 Initializing variables, timers and ports of component type GSM_Component_Definitions.GSM_CT inside testcase TC_26_2_3.
2026/Jun/05 10:52:05.668275 USER TC_26_2_3.ttcn3:42 MSC_Port: set_parameter msc_stub_host = 10.42.0.90
2026/Jun/05 10:52:05.668325 USER TC_26_2_3.ttcn3:42 MSC_Port: set_parameter msc_stub_port = 5000
2026/Jun/05 10:52:05.668376 USER TC_26_2_3.ttcn3:42 L3_Port: set_parameter gsmtap_host = 127.0.0.1
2026/Jun/05 10:52:05.668391 USER TC_26_2_3.ttcn3:42 L3_Port: set_parameter gsmtap_port = 4729
2026/Jun/05 10:52:05.668398 USER TC_26_2_3.ttcn3:42 L3_Port: set_parameter local_port = 4730
2026/Jun/05 10:52:05.668403 USER TC_26_2_3.ttcn3:42 L3_Port: set_parameter arfcn = 51
2026/Jun/05 10:52:05.668412 USER TC_26_2_3.ttcn3:42 L3_Port: user_start called
2026/Jun/05 10:52:05.668422 PORTEVENT TC_26_2_3.ttcn3:42 Port L was started.
2026/Jun/05 10:52:05.668474 PORTEVENT TC_26_2_3.ttcn3:42 Port RR was started.
2026/Jun/05 10:52:05.668480 PORTEVENT TC_26_2_3.ttcn3:42 Port MM was started.
2026/Jun/05 10:52:05.668485 PORTEVENT TC_26_2_3.ttcn3:42 Port CC was started.
2026/Jun/05 10:52:05.668488 USER TC_26_2_3.ttcn3:42 MSC_Port: user_start called
2026/Jun/05 10:52:05.668493 PORTEVENT TC_26_2_3.ttcn3:42 Port MSC was started.
2026/Jun/05 10:52:05.668498 PORTEVENT TC_26_2_3.ttcn3:42 Port BSC was started.
2026/Jun/05 10:52:05.668503 PORTEVENT TC_26_2_3.ttcn3:42 Port RSL was started.
2026/Jun/05 10:52:05.668508 USER TC_26_2_3.ttcn3:42 VTY_PT: Starting
2026/Jun/05 10:52:05.668513 PORTEVENT TC_26_2_3.ttcn3:42 Port VTY was started.
2026/Jun/05 10:52:05.668517 PORTEVENT TC_26_2_3.ttcn3:42 Port COORD was started.
2026/Jun/05 10:52:05.668520 PARALLEL TC_26_2_3.ttcn3:42 Component type GSM_Component_Definitions.GSM_CT was initialized.
2026/Jun/05 10:52:05.668546 WARNING GSM_Component_Definitions.ttcn3:364 Warning: Stopping inactive timer T_guard.
2026/Jun/05 10:52:05.668557 WARNING GSM_Component_Definitions.ttcn3:365 Warning: Stopping inactive timer T301.
2026/Jun/05 10:52:05.668563 WARNING GSM_Component_Definitions.ttcn3:366 Warning: Stopping inactive timer T303.
2026/Jun/05 10:52:05.668568 WARNING GSM_Component_Definitions.ttcn3:367 Warning: Stopping inactive timer T305.
2026/Jun/05 10:52:05.668572 WARNING GSM_Component_Definitions.ttcn3:368 Warning: Stopping inactive timer T308.
2026/Jun/05 10:52:05.668577 WARNING GSM_Component_Definitions.ttcn3:369 Warning: Stopping inactive timer T310.
2026/Jun/05 10:52:05.668581 WARNING GSM_Component_Definitions.ttcn3:370 Warning: Stopping inactive timer T313.
2026/Jun/05 10:52:05.668589 USER GSM_Component_Definitions.ttcn3:386 Component initialized
2026/Jun/05 10:52:05.668607 PARALLEL GSM_Component_Definitions.ttcn3:334 Mapping port mtc:L to system:L.
2026/Jun/05 10:52:05.668654 USER GSM_Component_Definitions.ttcn3:334 L3_Port: Mapping to L
2026/Jun/05 10:52:05.668711 USER GSM_Component_Definitions.ttcn3:334 L3_Port: GSMTAP listening on port 4730
2026/Jun/05 10:52:05.668718 USER GSM_Component_Definitions.ttcn3:334 L3_Port: Mapped successfully (GSMTAP: 127.0.0.1:4729)
2026/Jun/05 10:52:05.668725 WARNING GSM_Component_Definitions.ttcn3:334 Warning: The maximum number of open file descriptors (1048576) is greater than FD_SETSIZE (1024). Ensure that Test Ports using Install_Handler do not try to wait for events of file descriptors with values greater than FD_SETSIZE (1024). (Current caller of Install_Handler is "L")
2026/Jun/05 10:52:05.668759 PORTEVENT GSM_Component_Definitions.ttcn3:334 Port L was mapped to system:L.
2026/Jun/05 10:52:05.668825 PARALLEL GSM_Component_Definitions.ttcn3:334 Map operation of mtc:L to system:L finished.
2026/Jun/05 10:52:05.668856 PARALLEL GSM_Component_Definitions.ttcn3:335 Mapping port mtc:RR to system:RR.
2026/Jun/05 10:52:05.668879 PORTEVENT GSM_Component_Definitions.ttcn3:335 Port RR was mapped to system:RR.
2026/Jun/05 10:52:05.668899 PARALLEL GSM_Component_Definitions.ttcn3:335 Map operation of mtc:RR to system:RR finished.
2026/Jun/05 10:52:05.668904 PARALLEL GSM_Component_Definitions.ttcn3:336 Mapping port mtc:MM to system:MM.
2026/Jun/05 10:52:05.668922 PORTEVENT GSM_Component_Definitions.ttcn3:336 Port MM was mapped to system:MM.
2026/Jun/05 10:52:05.668939 PARALLEL GSM_Component_Definitions.ttcn3:336 Map operation of mtc:MM to system:MM finished.
2026/Jun/05 10:52:05.668944 PARALLEL GSM_Component_Definitions.ttcn3:337 Mapping port mtc:CC to system:CC.
2026/Jun/05 10:52:05.668961 PORTEVENT GSM_Component_Definitions.ttcn3:337 Port CC was mapped to system:CC.
2026/Jun/05 10:52:05.668979 PARALLEL GSM_Component_Definitions.ttcn3:337 Map operation of mtc:CC to system:CC finished.
2026/Jun/05 10:52:05.668984 PARALLEL GSM_Component_Definitions.ttcn3:338 Mapping port mtc:MSC to system:MSC.
2026/Jun/05 10:52:05.669002 USER GSM_Component_Definitions.ttcn3:338 MSC_Port: Mapping to MSC
2026/Jun/05 10:52:05.669393 USER GSM_Component_Definitions.ttcn3:338 MSC_Port: Registered socket for async events
2026/Jun/05 10:52:05.669410 USER GSM_Component_Definitions.ttcn3:338 MSC_Port: Connected to MSC stub at 10.42.0.90:5000
2026/Jun/05 10:52:05.669415 PORTEVENT GSM_Component_Definitions.ttcn3:338 Port MSC was mapped to system:MSC.
2026/Jun/05 10:52:05.669435 PARALLEL GSM_Component_Definitions.ttcn3:338 Map operation of mtc:MSC to system:MSC finished.
2026/Jun/05 10:52:05.669441 PARALLEL GSM_Component_Definitions.ttcn3:339 Mapping port mtc:VTY to system:VTY.
2026/Jun/05 10:52:05.669461 USER GSM_Component_Definitions.ttcn3:339 VTY_PT: Mapping port to VTY interface
2026/Jun/05 10:52:05.669636 USER GSM_Component_Definitions.ttcn3:339 VTY_PT: Connected to VTY at 10.43.44.96:4247
2026/Jun/05 10:52:06.169901 USER GSM_Component_Definitions.ttcn3:339 VTY_PT: Initial banner received
2026/Jun/05 10:52:06.169966 PORTEVENT GSM_Component_Definitions.ttcn3:339 Port VTY was mapped to system:VTY.
2026/Jun/05 10:52:06.170016 USER GSM_Component_Definitions.ttcn3:339 MSC_Port: RX: {"type": "WELCOME", "status": "connected"}
2026/Jun/05 10:52:06.170076 PORTEVENT GSM_Component_Definitions.ttcn3:339 Message enqueued on MSC from system charstring : "{\"type\": \"WELCOME\", \"status\": \"connected\"}" id 1
2026/Jun/05 10:52:06.170121 PARALLEL GSM_Component_Definitions.ttcn3:339 Map operation of mtc:VTY to system:VTY finished.
2026/Jun/05 10:52:06.170144 TIMEROP TC_26_2_3.ttcn3:66 Start timer T_guard: 300 s
2026/Jun/05 10:52:06.170195 USER TC_26_2_3.ttcn3:68 ==========================================================
2026/Jun/05 10:52:06.170201 USER TC_26_2_3.ttcn3:69 *** TC_26_2_3: V(SD) Handling in RR Connection ***
2026/Jun/05 10:52:06.170205 USER TC_26_2_3.ttcn3:70 *** Test via A-interface with Native Osmocom Stack ***
2026/Jun/05 10:52:06.170209 USER TC_26_2_3.ttcn3:71 *** Enhanced with VTY Interface Debugging ***
2026/Jun/05 10:52:06.170213 USER TC_26_2_3.ttcn3:72 ==========================================================
2026/Jun/05 10:52:06.170217 USER TC_26_2_3.ttcn3:78 *** Pre-test: Verifying mobile state via VTY ***
2026/Jun/05 10:52:06.170222 USER GSM_Component_Definitions.ttcn3:455 VTY: Sending command: "show subscriber"
2026/Jun/05 10:52:06.170254 PORTEVENT GSM_Component_Definitions.ttcn3:456 Sent on VTY to system charstring : "show subscriber"
2026/Jun/05 10:52:06.170282 USER GSM_Component_Definitions.ttcn3:456 VTY_PT: Sending command: "show subscriber"
2026/Jun/05 10:52:06.370470 USER GSM_Component_Definitions.ttcn3:456 VTY_PT: Received response: show subscriber
Mobile Subscriber of MS '1':
 IMSI: 901700000000001
 Status: U1_UPDATED  IMSI attached  TMSI 0x12345678
         LAI: 901-70-1  (International, 70)
 GPRS Status: GU0_NULL IMSI detached  PTMSI 0x12345678  PTMSI-sig 0x000000  RAI: invalid
  P-TMSI 0x00000000 Registered PLMN: MCC-MNC 901-70  (International, 70)
 Access barred cells: no
 Access classes: C0 C1 C2 C3 C4 C5 C6 C7 C8 C9 C10 C11 C12 C13 C14 C15

OsmocomBB(mobile)> 
OsmocomBB(mobile)> 
2026/Jun/05 10:52:06.370600 PORTEVENT GSM_Component_Definitions.ttcn3:456 Message enqueued on VTY from system charstring : "show subscriber\r\nMobile Subscriber of MS '1':\r\n IMSI: 901700000000001\r\n Status: U1_UPDATED  IMSI attached  TMSI 0x12345678\r\n         LAI: 901-70-1  (International, 70)\r\n GPRS Status: GU0_NULL IMSI detached  PTMSI 0x12345678  PTMSI-sig 0x000000  RAI: invalid\r\n  P-TMSI 0x00000000 Registered PLMN: MCC-MNC 901-70  (International, 70)\r\n Access barred cells: no\r\n Access classes: C0 C1 C2 C3 C4 C5 C6 C7 C8 C9 C10 C11 C12 C13 C14 C15\r\n\r\nOsmocomBB(mobile)> \r\nOsmocomBB(mobile)> " id 1
2026/Jun/05 10:52:06.370631 TIMEROP GSM_Component_Definitions.ttcn3:459 Start timer T_vty: 5 s
2026/Jun/05 10:52:06.370692 PORTEVENT GSM_Component_Definitions.ttcn3:462 Receive operation on port VTY succeeded, message from system(): charstring : "show subscriber\r\nMobile Subscriber of MS '1':\r\n IMSI: 901700000000001\r\n Status: U1_UPDATED  IMSI attached  TMSI 0x12345678\r\n         LAI: 901-70-1  (International, 70)\r\n GPRS Status: GU0_NULL IMSI detached  PTMSI 0x12345678  PTMSI-sig 0x000000  RAI: invalid\r\n  P-TMSI 0x00000000 Registered PLMN: MCC-MNC 901-70  (International, 70)\r\n Access barred cells: no\r\n Access classes: C0 C1 C2 C3 C4 C5 C6 C7 C8 C9 C10 C11 C12 C13 C14 C15\r\n\r\nOsmocomBB(mobile)> \r\nOsmocomBB(mobile)> " id 1
2026/Jun/05 10:52:06.370726 PORTEVENT GSM_Component_Definitions.ttcn3:462 Message with id 1 was extracted from the queue of VTY.
2026/Jun/05 10:52:06.370738 TIMEROP GSM_Component_Definitions.ttcn3:463 Stop timer T_vty: 5 s
2026/Jun/05 10:52:06.370750 USER GSM_Component_Definitions.ttcn3:464 VTY: Received response: "show subscriber\r\nMobile Subscriber of MS '1':\r\n IMSI: 901700000000001\r\n Status: U1_UPDATED  IMSI attached  TMSI 0x12345678\r\n         LAI: 901-70-1  (International, 70)\r\n GPRS Status: GU0_NULL IMSI detached  PTMSI 0x12345678  PTMSI-sig 0x000000  RAI: invalid\r\n  P-TMSI 0x00000000 Registered PLMN: MCC-MNC 901-70  (International, 70)\r\n Access barred cells: no\r\n Access classes: C0 C1 C2 C3 C4 C5 C6 C7 C8 C9 C10 C11 C12 C13 C14 C15\r\n\r\nOsmocomBB(mobile)> \r\nOsmocomBB(mobile)> "
2026/Jun/05 10:52:06.370780 USER TC_26_2_3.ttcn3:80 Initial subscriber state: "show subscriber\r\nMobile Subscriber of MS '1':\r\n IMSI: 901700000000001\r\n Status: U1_UPDATED  IMSI attached  TMSI 0x12345678\r\n         LAI: 901-70-1  (International, 70)\r\n GPRS Status: GU0_NULL IMSI detached  PTMSI 0x12345678  PTMSI-sig 0x000000  RAI: invalid\r\n  P-TMSI 0x00000000 Registered PLMN: MCC-MNC 901-70  (International, 70)\r\n Access barred cells: no\r\n Access classes: C0 C1 C2 C3 C4 C5 C6 C7 C8 C9 C10 C11 C12 C13 C14 C15\r\n\r\nOsmocomBB(mobile)> \r\nOsmocomBB(mobile)> "
2026/Jun/05 10:52:06.371060 USER TC_26_2_3.ttcn3:84 char(0, 0, 39, 5) & " Correct IMSI configured: 901700000000001"
2026/Jun/05 10:52:06.371116 USER TC_26_2_3.ttcn3:91 char(0, 0, 33, 57) & char(0, 0, 254, 15) & " Mobile has TMSI from previous session"
2026/Jun/05 10:52:06.371126 USER GSM_Component_Definitions.ttcn3:455 VTY: Sending command: "show network"
2026/Jun/05 10:52:06.371135 PORTEVENT GSM_Component_Definitions.ttcn3:456 Sent on VTY to system charstring : "show network"
2026/Jun/05 10:52:06.371143 USER GSM_Component_Definitions.ttcn3:456 VTY_PT: Sending command: "show network"
2026/Jun/05 10:52:06.571337 USER GSM_Component_Definitions.ttcn3:456 VTY_PT: Received response: show network
% Unknown command.
OsmocomBB(mobile)> 
OsmocomBB(mobile)> 
2026/Jun/05 10:52:06.571452 PORTEVENT GSM_Component_Definitions.ttcn3:456 Message enqueued on VTY from system charstring : "show network\r\n% Unknown command.\r\nOsmocomBB(mobile)> \r\nOsmocomBB(mobile)> " id 2
2026/Jun/05 10:52:06.571494 TIMEROP GSM_Component_Definitions.ttcn3:459 Start timer T_vty: 5 s
2026/Jun/05 10:52:06.571523 PORTEVENT GSM_Component_Definitions.ttcn3:462 Receive operation on port VTY succeeded, message from system(): charstring : "show network\r\n% Unknown command.\r\nOsmocomBB(mobile)> \r\nOsmocomBB(mobile)> " id 2
2026/Jun/05 10:52:06.571536 PORTEVENT GSM_Component_Definitions.ttcn3:462 Message with id 2 was extracted from the queue of VTY.
2026/Jun/05 10:52:06.571545 TIMEROP GSM_Component_Definitions.ttcn3:463 Stop timer T_vty: 5 s
2026/Jun/05 10:52:06.571553 USER GSM_Component_Definitions.ttcn3:464 VTY: Received response: "show network\r\n% Unknown command.\r\nOsmocomBB(mobile)> \r\nOsmocomBB(mobile)> "
2026/Jun/05 10:52:06.571576 USER TC_26_2_3.ttcn3:98 Network registration state: "show network\r\n% Unknown command.\r\nOsmocomBB(mobile)> \r\nOsmocomBB(mobile)> "
2026/Jun/05 10:52:06.571599 USER TC_26_2_3.ttcn3:104 *** Step 1: Draining stale buffered events (from 60s ago) ***
2026/Jun/05 10:52:06.571639 TIMEROP TC_26_2_3.ttcn3:110 Start timer T_drain: 2 s
2026/Jun/05 10:52:06.571666 PORTEVENT TC_26_2_3.ttcn3:112 Receive operation on port MSC succeeded, message from system(): charstring : "{\"type\": \"WELCOME\", \"status\": \"connected\"}" id 1
2026/Jun/05 10:52:06.571678 PORTEVENT TC_26_2_3.ttcn3:112 Message with id 1 was extracted from the queue of MSC.
2026/Jun/05 10:52:06.571806 USER TC_26_2_3.ttcn3:117 Connection established: "{\"type\": \"WELCOME\", \"status\": \"connected\"}"
2026/Jun/05 10:52:07.779191 USER TC_26_2_3.ttcn3:111 VTY_PT: Received data (buffered): 68 bytes
2026/Jun/05 10:52:08.571900 TIMEROP TC_26_2_3.ttcn3:124 Timeout T_drain: 2 s
2026/Jun/05 10:52:08.571986 USER TC_26_2_3.ttcn3:125 Finished draining buffered events
2026/Jun/05 10:52:08.572022 USER TC_26_2_3.ttcn3:129 *** Step 1b: Sending CLEAR to tear down stale connections and trigger fresh LU ***
2026/Jun/05 10:52:08.572058 PORTEVENT TC_26_2_3.ttcn3:132 Sent on MSC to system charstring : "{\"command\": \"CLEAR\", \"params\": {}}"
2026/Jun/05 10:52:08.572201 USER TC_26_2_3.ttcn3:132 MSC_Port: TX: {"command": "CLEAR", "params": {}}
2026/Jun/05 10:52:08.572225 TIMEROP TC_26_2_3.ttcn3:136 Start timer T_clear_wait: 2 s
2026/Jun/05 10:52:08.572613 USER TC_26_2_3.ttcn3:137 MSC_Port: RX: {"status": "ok"}
2026/Jun/05 10:52:08.572640 PORTEVENT TC_26_2_3.ttcn3:137 Message enqueued on MSC from system charstring : "{\"status\": \"ok\"}" id 2
2026/Jun/05 10:52:08.572668 PORTEVENT TC_26_2_3.ttcn3:138 Receive operation on port MSC succeeded, message from system(): charstring : "{\"status\": \"ok\"}" id 2
2026/Jun/05 10:52:08.572685 PORTEVENT TC_26_2_3.ttcn3:138 Message with id 2 was extracted from the queue of MSC.
2026/Jun/05 10:52:08.572859 USER TC_26_2_3.ttcn3:140 CLEAR successful: "{\"status\": \"ok\"}"
2026/Jun/05 10:52:08.572903 TIMEROP TC_26_2_3.ttcn3:141 Stop timer T_clear_wait: 2 s
2026/Jun/05 10:52:08.572917 USER TC_26_2_3.ttcn3:152 *** Step 1c: Disabling MSC stub auto_respond mode ***
2026/Jun/05 10:52:08.572956 PORTEVENT TC_26_2_3.ttcn3:154 Sent on MSC to system charstring : "{\"command\": \"SET_AUTO_RESPOND\", \"params\": {\"enabled\": false}}"
2026/Jun/05 10:52:08.573018 USER TC_26_2_3.ttcn3:154 MSC_Port: TX: {"command": "SET_AUTO_RESPOND", "params": {"enabled": false}}
2026/Jun/05 10:52:08.573036 TIMEROP TC_26_2_3.ttcn3:158 Start timer T_ack: 2 s
2026/Jun/05 10:52:08.573142 USER TC_26_2_3.ttcn3:159 MSC_Port: RX: {"status": "ok", "auto_respond": false}
2026/Jun/05 10:52:08.573166 PORTEVENT TC_26_2_3.ttcn3:159 Message enqueued on MSC from system charstring : "{\"status\": \"ok\", \"auto_respond\": false}" id 3
2026/Jun/05 10:52:08.573187 PORTEVENT TC_26_2_3.ttcn3:160 Receive operation on port MSC succeeded, message from system(): charstring : "{\"status\": \"ok\", \"auto_respond\": false}" id 3
2026/Jun/05 10:52:08.573200 PORTEVENT TC_26_2_3.ttcn3:160 Message with id 3 was extracted from the queue of MSC.
2026/Jun/05 10:52:08.573359 USER TC_26_2_3.ttcn3:162 Auto_respond disabled: "{\"status\": \"ok\", \"auto_respond\": false}"
2026/Jun/05 10:52:08.573397 TIMEROP TC_26_2_3.ttcn3:163 Stop timer T_ack: 2 s
2026/Jun/05 10:52:08.573410 USER TC_26_2_3.ttcn3:181 *** Step 1d: Restarting mobile to trigger fresh LU ***
2026/Jun/05 10:52:08.573500 USER TC_26_2_3.ttcn3:183 docker.sock not found — using VTY power-cycle (k8s mode)
2026/Jun/05 10:52:08.573523 USER TC_26_2_3.ttcn3:183 === k8s fallback: VTY power-cycle mobile at 10.43.44.96:4247 ===
2026/Jun/05 10:52:14.285983 USER TC_26_2_3.ttcn3:183 Waiting 10 seconds (power off)...
2026/Jun/05 10:52:29.646908 USER TC_26_2_3.ttcn3:183 VTY 'clear-loci' sent — LOCI erased
2026/Jun/05 10:52:36.815096 USER TC_26_2_3.ttcn3:183 === VTY power-cycle complete — MS will send LU shortly ===
2026/Jun/05 10:52:36.815200 USER TC_26_2_3.ttcn3:190 *** Waiting additional 15 seconds for LU to be sent ***
2026/Jun/05 10:52:36.815210 TIMEROP TC_26_2_3.ttcn3:192 Start timer T_boot: 15 s
2026/Jun/05 10:52:36.815251 USER TC_26_2_3.ttcn3:193 VTY_PT: Received data (buffered): 94 bytes
2026/Jun/05 10:52:36.815293 USER TC_26_2_3.ttcn3:193 MSC_Port: RX: {"type": "HEARTBEAT"}
2026/Jun/05 10:52:36.815308 PORTEVENT TC_26_2_3.ttcn3:193 Message enqueued on MSC from system charstring : "{\"type\": \"HEARTBEAT\"}" id 4
2026/Jun/05 10:52:36.815322 USER TC_26_2_3.ttcn3:193 MSC_Port: RX: {"type": "HEARTBEAT"}
2026/Jun/05 10:52:36.815330 PORTEVENT TC_26_2_3.ttcn3:193 Message enqueued on MSC from system charstring : "{\"type\": \"HEARTBEAT\"}" id 5
2026/Jun/05 10:52:36.815336 USER TC_26_2_3.ttcn3:193 MSC_Port: RX: {"type": "HEARTBEAT"}
2026/Jun/05 10:52:36.815343 PORTEVENT TC_26_2_3.ttcn3:193 Message enqueued on MSC from system charstring : "{\"type\": \"HEARTBEAT\"}" id 6
2026/Jun/05 10:52:36.815349 USER TC_26_2_3.ttcn3:193 MSC_Port: RX: {"type": "EVENT_LU_REQUEST", "bsc_slr": 5, "msc_slr": 1, "cksn": 0, "lu_type": 7, "old_mcc": "901", "old_mnc": "70", "old_lac": 0, "mi_type": "imsi"}
2026/Jun/05 10:52:36.815362 PORTEVENT TC_26_2_3.ttcn3:193 Message enqueued on MSC from system charstring : "{\"type\": \"EVENT_LU_REQUEST\", \"bsc_slr\": 5, \"msc_slr\": 1, \"cksn\": 0, \"lu_type\": 7, \"old_mcc\": \"901\", \"old_mnc\": \"70\", \"old_lac\": 0, \"mi_type\": \"imsi\"}" id 7
2026/Jun/05 10:52:36.815369 USER TC_26_2_3.ttcn3:193 MSC_Port: RX: {"type": "EVENT_LU_REQUEST", "bsc_slr": 1, "msc_slr": 1, "cksn": 0, "lu_type": 7, "old_mcc": "901", "old_mnc": "70", "old_lac": 0, "mi_type": "imsi"}
2026/Jun/05 10:52:36.815381 PORTEVENT TC_26_2_3.ttcn3:193 Message enqueued on MSC from system charstring : "{\"type\": \"EVENT_LU_REQUEST\", \"bsc_slr\": 1, \"msc_slr\": 1, \"cksn\": 0, \"lu_type\": 7, \"old_mcc\": \"901\", \"old_mnc\": \"70\", \"old_lac\": 0, \"mi_type\": \"imsi\"}" id 8
2026/Jun/05 10:52:36.815387 USER TC_26_2_3.ttcn3:193 MSC_Port: RX: {"type": "HEARTBEAT"}
2026/Jun/05 10:52:36.815394 PORTEVENT TC_26_2_3.ttcn3:193 Message enqueued on MSC from system charstring : "{\"type\": \"HEARTBEAT\"}" id 9
2026/Jun/05 10:52:36.815399 USER TC_26_2_3.ttcn3:193 MSC_Port: RX: {"type": "HEARTBEAT"}
2026/Jun/05 10:52:36.815406 PORTEVENT TC_26_2_3.ttcn3:193 Message enqueued on MSC from system charstring : "{\"type\": \"HEARTBEAT\"}" id 10
2026/Jun/05 10:52:36.815412 USER TC_26_2_3.ttcn3:193 MSC_Port: RX: {"type": "EVENT_LU_REQUEST", "bsc_slr": 1, "msc_slr": 1, "cksn": 0, "lu_type": 7, "old_mcc": "901", "old_mnc": "70", "old_lac": 0, "mi_type": "imsi"}
2026/Jun/05 10:52:36.815424 PORTEVENT TC_26_2_3.ttcn3:193 Message enqueued on MSC from system charstring : "{\"type\": \"EVENT_LU_REQUEST\", \"bsc_slr\": 1, \"msc_slr\": 1, \"cksn\": 0, \"lu_type\": 7, \"old_mcc\": \"901\", \"old_mnc\": \"70\", \"old_lac\": 0, \"mi_type\": \"imsi\"}" id 11
2026/Jun/05 10:52:36.815429 USER TC_26_2_3.ttcn3:193 MSC_Port: RX: {"type": "HEARTBEAT"}
2026/Jun/05 10:52:36.815437 PORTEVENT TC_26_2_3.ttcn3:193 Message enqueued on MSC from system charstring : "{\"type\": \"HEARTBEAT\"}" id 12
2026/Jun/05 10:52:36.815446 PORTEVENT TC_26_2_3.ttcn3:194 Receive operation on port MSC succeeded, message from system(): charstring : "{\"type\": \"HEARTBEAT\"}" id 4
2026/Jun/05 10:52:36.815467 PORTEVENT TC_26_2_3.ttcn3:194 Message with id 4 was extracted from the queue of MSC.
2026/Jun/05 10:52:36.815553 PORTEVENT TC_26_2_3.ttcn3:194 Receive operation on port MSC succeeded, message from system(): charstring : "{\"type\": \"HEARTBEAT\"}" id 5
2026/Jun/05 10:52:36.815558 PORTEVENT TC_26_2_3.ttcn3:194 Message with id 5 was extracted from the queue of MSC.
2026/Jun/05 10:52:36.815603 PORTEVENT TC_26_2_3.ttcn3:194 Receive operation on port MSC succeeded, message from system(): charstring : "{\"type\": \"HEARTBEAT\"}" id 6
2026/Jun/05 10:52:36.815607 PORTEVENT TC_26_2_3.ttcn3:194 Message with id 6 was extracted from the queue of MSC.
2026/Jun/05 10:52:36.815653 PORTEVENT TC_26_2_3.ttcn3:194 Receive operation on port MSC succeeded, message from system(): charstring : "{\"type\": \"EVENT_LU_REQUEST\", \"bsc_slr\": 5, \"msc_slr\": 1, \"cksn\": 0, \"lu_type\": 7, \"old_mcc\": \"901\", \"old_mnc\": \"70\", \"old_lac\": 0, \"mi_type\": \"imsi\"}" id 7
2026/Jun/05 10:52:36.815657 PORTEVENT TC_26_2_3.ttcn3:194 Message with id 7 was extracted from the queue of MSC.
2026/Jun/05 10:52:36.815707 USER TC_26_2_3.ttcn3:196 *** Received FRESH LU Request from restarted mobile! ***
2026/Jun/05 10:52:36.816053 USER TC_26_2_3.ttcn3:580 Extracted bsc_slr = 5 from event
2026/Jun/05 10:52:36.816075 USER TC_26_2_3.ttcn3:199 *** Extracted fresh bsc_slr = 5 ***
2026/Jun/05 10:52:36.816082 TIMEROP TC_26_2_3.ttcn3:200 Stop timer T_boot: 15 s
2026/Jun/05 10:52:36.816089 USER TC_26_2_3.ttcn3:216 *** Step 2: Waiting for mobile's Location Update Request ***
2026/Jun/05 10:52:36.816094 USER TC_26_2_3.ttcn3:217 *** (Mobile triggers RR connection after restart) ***
2026/Jun/05 10:52:36.816101 USER TC_26_2_3.ttcn3:220 *** LU Request already captured during boot wait - skipping ***
2026/Jun/05 10:52:36.816109 USER TC_26_2_3.ttcn3:284 *** Step 3: Sending first IDENTITY REQUEST ***
2026/Jun/05 10:52:36.816114 USER TC_26_2_3.ttcn3:285 *** Recording N(SD) baseline for toggling verification ***
2026/Jun/05 10:52:36.816119 USER TC_26_2_3.ttcn3:286 *** Using bsc_slr = 5 ***
2026/Jun/05 10:52:36.816150 PORTEVENT TC_26_2_3.ttcn3:289 Sent on MSC to system charstring : "{\"command\": \"CMD_SEND_IDENTITY_REQUEST\", \"params\": {\"bsc_slr\": 5, \"id_type\": 1}}"
2026/Jun/05 10:52:36.816188 USER TC_26_2_3.ttcn3:289 MSC_Port: TX: {"command": "CMD_SEND_IDENTITY_REQUEST", "params": {"bsc_slr": 5, "id_type": 1}}
2026/Jun/05 10:52:36.816196 TIMEROP TC_26_2_3.ttcn3:292 Start timer T_id_resp: 10 s
2026/Jun/05 10:52:36.816207 PORTEVENT TC_26_2_3.ttcn3:295 Receive operation on port MSC succeeded, message from system(): charstring : "{\"type\": \"EVENT_LU_REQUEST\", \"bsc_slr\": 1, \"msc_slr\": 1, \"cksn\": 0, \"lu_type\": 7, \"old_mcc\": \"901\", \"old_mnc\": \"70\", \"old_lac\": 0, \"mi_type\": \"imsi\"}" id 8
2026/Jun/05 10:52:36.816213 PORTEVENT TC_26_2_3.ttcn3:295 Message with id 8 was extracted from the queue of MSC.
2026/Jun/05 10:52:36.816217 USER TC_26_2_3.ttcn3:296 MSC Event: "{\"type\": \"EVENT_LU_REQUEST\", \"bsc_slr\": 1, \"msc_slr\": 1, \"cksn\": 0, \"lu_type\": 7, \"old_mcc\": \"901\", \"old_mnc\": \"70\", \"old_lac\": 0, \"mi_type\": \"imsi\"}"
2026/Jun/05 10:52:36.816289 USER TC_26_2_3.ttcn3:314 Unexpected event: "{\"type\": \"EVENT_LU_REQUEST\", \"bsc_slr\": 1, \"msc_slr\": 1, \"cksn\": 0, \"lu_type\": 7, \"old_mcc\": \"901\", \"old_mnc\": \"70\", \"old_lac\": 0, \"mi_type\": \"imsi\"}"
2026/Jun/05 10:52:36.816303 PORTEVENT TC_26_2_3.ttcn3:295 Receive operation on port MSC succeeded, message from system(): charstring : "{\"type\": \"HEARTBEAT\"}" id 9
2026/Jun/05 10:52:36.816308 PORTEVENT TC_26_2_3.ttcn3:295 Message with id 9 was extracted from the queue of MSC.
2026/Jun/05 10:52:36.816311 USER TC_26_2_3.ttcn3:296 MSC Event: "{\"type\": \"HEARTBEAT\"}"
2026/Jun/05 10:52:36.816373 PORTEVENT TC_26_2_3.ttcn3:295 Receive operation on port MSC succeeded, message from system(): charstring : "{\"type\": \"HEARTBEAT\"}" id 10
2026/Jun/05 10:52:36.816378 PORTEVENT TC_26_2_3.ttcn3:295 Message with id 10 was extracted from the queue of MSC.
2026/Jun/05 10:52:36.816386 USER TC_26_2_3.ttcn3:296 MSC Event: "{\"type\": \"HEARTBEAT\"}"
2026/Jun/05 10:52:36.816455 PORTEVENT TC_26_2_3.ttcn3:295 Receive operation on port MSC succeeded, message from system(): charstring : "{\"type\": \"EVENT_LU_REQUEST\", \"bsc_slr\": 1, \"msc_slr\": 1, \"cksn\": 0, \"lu_type\": 7, \"old_mcc\": \"901\", \"old_mnc\": \"70\", \"old_lac\": 0, \"mi_type\": \"imsi\"}" id 11
2026/Jun/05 10:52:36.816460 PORTEVENT TC_26_2_3.ttcn3:295 Message with id 11 was extracted from the queue of MSC.
2026/Jun/05 10:52:36.816463 USER TC_26_2_3.ttcn3:296 MSC Event: "{\"type\": \"EVENT_LU_REQUEST\", \"bsc_slr\": 1, \"msc_slr\": 1, \"cksn\": 0, \"lu_type\": 7, \"old_mcc\": \"901\", \"old_mnc\": \"70\", \"old_lac\": 0, \"mi_type\": \"imsi\"}"
2026/Jun/05 10:52:36.816528 USER TC_26_2_3.ttcn3:314 Unexpected event: "{\"type\": \"EVENT_LU_REQUEST\", \"bsc_slr\": 1, \"msc_slr\": 1, \"cksn\": 0, \"lu_type\": 7, \"old_mcc\": \"901\", \"old_mnc\": \"70\", \"old_lac\": 0, \"mi_type\": \"imsi\"}"
2026/Jun/05 10:52:36.816542 PORTEVENT TC_26_2_3.ttcn3:295 Receive operation on port MSC succeeded, message from system(): charstring : "{\"type\": \"HEARTBEAT\"}" id 12
2026/Jun/05 10:52:36.816546 PORTEVENT TC_26_2_3.ttcn3:295 Message with id 12 was extracted from the queue of MSC.
2026/Jun/05 10:52:36.816549 USER TC_26_2_3.ttcn3:296 MSC Event: "{\"type\": \"HEARTBEAT\"}"
2026/Jun/05 10:52:36.816876 USER TC_26_2_3.ttcn3:294 MSC_Port: RX: {"status": "ok", "sent": true}
2026/Jun/05 10:52:36.816923 PORTEVENT TC_26_2_3.ttcn3:294 Message enqueued on MSC from system charstring : "{\"status\": \"ok\", \"sent\": true}" id 13
2026/Jun/05 10:52:36.816940 PORTEVENT TC_26_2_3.ttcn3:295 Receive operation on port MSC succeeded, message from system(): charstring : "{\"status\": \"ok\", \"sent\": true}" id 13
2026/Jun/05 10:52:36.816948 PORTEVENT TC_26_2_3.ttcn3:295 Message with id 13 was extracted from the queue of MSC.
2026/Jun/05 10:52:36.816953 USER TC_26_2_3.ttcn3:296 MSC Event: "{\"status\": \"ok\", \"sent\": true}"
2026/Jun/05 10:52:36.817027 USER TC_26_2_3.ttcn3:309 Command acknowledged
2026/Jun/05 10:52:37.159631 USER TC_26_2_3.ttcn3:294 MSC_Port: RX: {"type": "EVENT_DTAP", "bsc_slr": 1, "pd": 5, "msg_type": 25}
2026/Jun/05 10:52:37.159723 PORTEVENT TC_26_2_3.ttcn3:294 Message enqueued on MSC from system charstring : "{\"type\": \"EVENT_DTAP\", \"bsc_slr\": 1, \"pd\": 5, \"msg_type\": 25}" id 14
2026/Jun/05 10:52:37.159765 PORTEVENT TC_26_2_3.ttcn3:295 Receive operation on port MSC succeeded, message from system(): charstring : "{\"type\": \"EVENT_DTAP\", \"bsc_slr\": 1, \"pd\": 5, \"msg_type\": 25}" id 14
2026/Jun/05 10:52:37.159782 PORTEVENT TC_26_2_3.ttcn3:295 Message with id 14 was extracted from the queue of MSC.
2026/Jun/05 10:52:37.159791 USER TC_26_2_3.ttcn3:296 MSC Event: "{\"type\": \"EVENT_DTAP\", \"bsc_slr\": 1, \"pd\": 5, \"msg_type\": 25}"
2026/Jun/05 10:52:37.160051 USER TC_26_2_3.ttcn3:314 Unexpected event: "{\"type\": \"EVENT_DTAP\", \"bsc_slr\": 1, \"pd\": 5, \"msg_type\": 25}"
2026/Jun/05 10:52:37.160097 USER TC_26_2_3.ttcn3:294 MSC_Port: RX: {"type": "EVENT_IDENTITY_RESPONSE", "bsc_slr": 1, "n_sd": 1, "mobile_identity": "089910070000000010"}
2026/Jun/05 10:52:37.160122 PORTEVENT TC_26_2_3.ttcn3:294 Message enqueued on MSC from system charstring : "{\"type\": \"EVENT_IDENTITY_RESPONSE\", \"bsc_slr\": 1, \"n_sd\": 1, \"mobile_identity\": \"089910070000000010\"}" id 15
2026/Jun/05 10:52:37.160147 PORTEVENT TC_26_2_3.ttcn3:295 Receive operation on port MSC succeeded, message from system(): charstring : "{\"type\": \"EVENT_IDENTITY_RESPONSE\", \"bsc_slr\": 1, \"n_sd\": 1, \"mobile_identity\": \"089910070000000010\"}" id 15
2026/Jun/05 10:52:37.160160 PORTEVENT TC_26_2_3.ttcn3:295 Message with id 15 was extracted from the queue of MSC.
2026/Jun/05 10:52:37.160168 USER TC_26_2_3.ttcn3:296 MSC Event: "{\"type\": \"EVENT_IDENTITY_RESPONSE\", \"bsc_slr\": 1, \"n_sd\": 1, \"mobile_identity\": \"089910070000000010\"}"
2026/Jun/05 10:52:37.160397 USER TC_26_2_3.ttcn3:298 *** Received first IDENTITY RESPONSE! ***
2026/Jun/05 10:52:37.160667 USER TC_26_2_3.ttcn3:542 Extracted N(SD) = 1 from event
2026/Jun/05 10:52:37.160690 USER TC_26_2_3.ttcn3:302 *** First N(SD) = 1 (baseline for toggling test) ***
2026/Jun/05 10:52:37.160706 USER TC_26_2_3.ttcn3:305 PASS: First IDENTITY RESPONSE received with N(SD) = 1
2026/Jun/05 10:52:37.160750 TIMEROP TC_26_2_3.ttcn3:307 Stop timer T_id_resp: 10 s
2026/Jun/05 10:52:37.160769 USER TC_26_2_3.ttcn3:328 *** Step 4: Testing N(SD) toggling with multiple IDENTITY REQUESTs ***
2026/Jun/05 10:52:37.160810 USER TC_26_2_3.ttcn3:337 *** Loop 1/3: Sending IDENTITY REQUEST ***
2026/Jun/05 10:52:37.160853 USER TC_26_2_3.ttcn3:338 *** Previous N(SD) = 1, Expecting N(SD) = 0 ***
2026/Jun/05 10:52:37.160884 PORTEVENT TC_26_2_3.ttcn3:340 Sent on MSC to system charstring : "{\"command\": \"CMD_SEND_IDENTITY_REQUEST\", \"params\": {\"bsc_slr\": 5, \"id_type\": 1}}"
2026/Jun/05 10:52:37.160951 USER TC_26_2_3.ttcn3:340 MSC_Port: TX: {"command": "CMD_SEND_IDENTITY_REQUEST", "params": {"bsc_slr": 5, "id_type": 1}}
2026/Jun/05 10:52:37.160971 TIMEROP TC_26_2_3.ttcn3:342 Start timer T_id_resp: 10 s
2026/Jun/05 10:52:37.161609 USER TC_26_2_3.ttcn3:343 MSC_Port: RX: {"status": "ok", "sent": true}
2026/Jun/05 10:52:37.161647 PORTEVENT TC_26_2_3.ttcn3:343 Message enqueued on MSC from system charstring : "{\"status\": \"ok\", \"sent\": true}" id 16
2026/Jun/05 10:52:37.161663 PORTEVENT TC_26_2_3.ttcn3:344 Receive operation on port MSC succeeded, message from system(): charstring : "{\"status\": \"ok\", \"sent\": true}" id 16
2026/Jun/05 10:52:37.161671 PORTEVENT TC_26_2_3.ttcn3:344 Message with id 16 was extracted from the queue of MSC.
2026/Jun/05 10:52:37.630688 USER TC_26_2_3.ttcn3:343 MSC_Port: RX: {"type": "EVENT_DTAP", "bsc_slr": 1, "pd": 5, "msg_type": 25}
2026/Jun/05 10:52:37.630770 PORTEVENT TC_26_2_3.ttcn3:343 Message enqueued on MSC from system charstring : "{\"type\": \"EVENT_DTAP\", \"bsc_slr\": 1, \"pd\": 5, \"msg_type\": 25}" id 17
2026/Jun/05 10:52:37.630806 PORTEVENT TC_26_2_3.ttcn3:344 Receive operation on port MSC succeeded, message from system(): charstring : "{\"type\": \"EVENT_DTAP\", \"bsc_slr\": 1, \"pd\": 5, \"msg_type\": 25}" id 17
2026/Jun/05 10:52:37.630839 PORTEVENT TC_26_2_3.ttcn3:344 Message with id 17 was extracted from the queue of MSC.
2026/Jun/05 10:52:37.631034 USER TC_26_2_3.ttcn3:365 Event during loop: "{\"type\": \"EVENT_DTAP\", \"bsc_slr\": 1, \"pd\": 5, \"msg_type\": 25}"
2026/Jun/05 10:52:37.631075 USER TC_26_2_3.ttcn3:343 MSC_Port: RX: {"type": "EVENT_IDENTITY_RESPONSE", "bsc_slr": 1, "n_sd": 0, "mobile_identity": "089910070000000010"}
2026/Jun/05 10:52:37.631095 PORTEVENT TC_26_2_3.ttcn3:343 Message enqueued on MSC from system charstring : "{\"type\": \"EVENT_IDENTITY_RESPONSE\", \"bsc_slr\": 1, \"n_sd\": 0, \"mobile_identity\": \"089910070000000010\"}" id 18
2026/Jun/05 10:52:37.631116 PORTEVENT TC_26_2_3.ttcn3:344 Receive operation on port MSC succeeded, message from system(): charstring : "{\"type\": \"EVENT_IDENTITY_RESPONSE\", \"bsc_slr\": 1, \"n_sd\": 0, \"mobile_identity\": \"089910070000000010\"}" id 18
2026/Jun/05 10:52:37.631126 PORTEVENT TC_26_2_3.ttcn3:344 Message with id 18 was extracted from the queue of MSC.
2026/Jun/05 10:52:37.631344 USER TC_26_2_3.ttcn3:542 Extracted N(SD) = 0 from event
2026/Jun/05 10:52:37.631363 USER TC_26_2_3.ttcn3:347 *** Loop 1: N(SD) = 0 (expected: 0) ***
2026/Jun/05 10:52:37.631412 USER TC_26_2_3.ttcn3:350 PASS: N(SD) toggled correctly from 1 to 0
2026/Jun/05 10:52:37.631427 TIMEROP TC_26_2_3.ttcn3:359 Stop timer T_id_resp: 10 s
2026/Jun/05 10:52:37.631445 USER TC_26_2_3.ttcn3:337 *** Loop 2/3: Sending IDENTITY REQUEST ***
2026/Jun/05 10:52:37.631459 USER TC_26_2_3.ttcn3:338 *** Previous N(SD) = 0, Expecting N(SD) = 1 ***
2026/Jun/05 10:52:37.631483 PORTEVENT TC_26_2_3.ttcn3:340 Sent on MSC to system charstring : "{\"command\": \"CMD_SEND_IDENTITY_REQUEST\", \"params\": {\"bsc_slr\": 5, \"id_type\": 1}}"
2026/Jun/05 10:52:37.631539 USER TC_26_2_3.ttcn3:340 MSC_Port: TX: {"command": "CMD_SEND_IDENTITY_REQUEST", "params": {"bsc_slr": 5, "id_type": 1}}
2026/Jun/05 10:52:37.631578 TIMEROP TC_26_2_3.ttcn3:342 Start timer T_id_resp: 10 s
2026/Jun/05 10:52:37.632203 USER TC_26_2_3.ttcn3:343 MSC_Port: RX: {"status": "ok", "sent": true}
2026/Jun/05 10:52:37.632243 PORTEVENT TC_26_2_3.ttcn3:343 Message enqueued on MSC from system charstring : "{\"status\": \"ok\", \"sent\": true}" id 19
2026/Jun/05 10:52:37.632261 PORTEVENT TC_26_2_3.ttcn3:344 Receive operation on port MSC succeeded, message from system(): charstring : "{\"status\": \"ok\", \"sent\": true}" id 19
2026/Jun/05 10:52:37.632269 PORTEVENT TC_26_2_3.ttcn3:344 Message with id 19 was extracted from the queue of MSC.
2026/Jun/05 10:52:38.101314 USER TC_26_2_3.ttcn3:343 MSC_Port: RX: {"type": "EVENT_DTAP", "bsc_slr": 1, "pd": 5, "msg_type": 25}
2026/Jun/05 10:52:38.101390 PORTEVENT TC_26_2_3.ttcn3:343 Message enqueued on MSC from system charstring : "{\"type\": \"EVENT_DTAP\", \"bsc_slr\": 1, \"pd\": 5, \"msg_type\": 25}" id 20
2026/Jun/05 10:52:38.101426 PORTEVENT TC_26_2_3.ttcn3:344 Receive operation on port MSC succeeded, message from system(): charstring : "{\"type\": \"EVENT_DTAP\", \"bsc_slr\": 1, \"pd\": 5, \"msg_type\": 25}" id 20
2026/Jun/05 10:52:38.101439 PORTEVENT TC_26_2_3.ttcn3:344 Message with id 20 was extracted from the queue of MSC.
2026/Jun/05 10:52:38.101607 USER TC_26_2_3.ttcn3:365 Event during loop: "{\"type\": \"EVENT_DTAP\", \"bsc_slr\": 1, \"pd\": 5, \"msg_type\": 25}"
2026/Jun/05 10:52:38.101643 USER TC_26_2_3.ttcn3:343 MSC_Port: RX: {"type": "EVENT_IDENTITY_RESPONSE", "bsc_slr": 1, "n_sd": 1, "mobile_identity": "089910070000000010"}
2026/Jun/05 10:52:38.101661 PORTEVENT TC_26_2_3.ttcn3:343 Message enqueued on MSC from system charstring : "{\"type\": \"EVENT_IDENTITY_RESPONSE\", \"bsc_slr\": 1, \"n_sd\": 1, \"mobile_identity\": \"089910070000000010\"}" id 21
2026/Jun/05 10:52:38.101679 PORTEVENT TC_26_2_3.ttcn3:344 Receive operation on port MSC succeeded, message from system(): charstring : "{\"type\": \"EVENT_IDENTITY_RESPONSE\", \"bsc_slr\": 1, \"n_sd\": 1, \"mobile_identity\": \"089910070000000010\"}" id 21
2026/Jun/05 10:52:38.101688 PORTEVENT TC_26_2_3.ttcn3:344 Message with id 21 was extracted from the queue of MSC.
2026/Jun/05 10:52:38.101991 USER TC_26_2_3.ttcn3:542 Extracted N(SD) = 1 from event
2026/Jun/05 10:52:38.102012 USER TC_26_2_3.ttcn3:347 *** Loop 2: N(SD) = 1 (expected: 1) ***
2026/Jun/05 10:52:38.102027 USER TC_26_2_3.ttcn3:350 PASS: N(SD) toggled correctly from 0 to 1
2026/Jun/05 10:52:38.102041 TIMEROP TC_26_2_3.ttcn3:359 Stop timer T_id_resp: 10 s
2026/Jun/05 10:52:38.102057 USER TC_26_2_3.ttcn3:337 *** Loop 3/3: Sending IDENTITY REQUEST ***
2026/Jun/05 10:52:38.102070 USER TC_26_2_3.ttcn3:338 *** Previous N(SD) = 1, Expecting N(SD) = 0 ***
2026/Jun/05 10:52:38.102092 PORTEVENT TC_26_2_3.ttcn3:340 Sent on MSC to system charstring : "{\"command\": \"CMD_SEND_IDENTITY_REQUEST\", \"params\": {\"bsc_slr\": 5, \"id_type\": 1}}"
2026/Jun/05 10:52:38.102142 USER TC_26_2_3.ttcn3:340 MSC_Port: TX: {"command": "CMD_SEND_IDENTITY_REQUEST", "params": {"bsc_slr": 5, "id_type": 1}}
2026/Jun/05 10:52:38.102156 TIMEROP TC_26_2_3.ttcn3:342 Start timer T_id_resp: 10 s
2026/Jun/05 10:52:38.102489 USER TC_26_2_3.ttcn3:343 MSC_Port: RX: {"status": "ok", "sent": true}
2026/Jun/05 10:52:38.102506 PORTEVENT TC_26_2_3.ttcn3:343 Message enqueued on MSC from system charstring : "{\"status\": \"ok\", \"sent\": true}" id 22
2026/Jun/05 10:52:38.102520 PORTEVENT TC_26_2_3.ttcn3:344 Receive operation on port MSC succeeded, message from system(): charstring : "{\"status\": \"ok\", \"sent\": true}" id 22
2026/Jun/05 10:52:38.102529 PORTEVENT TC_26_2_3.ttcn3:344 Message with id 22 was extracted from the queue of MSC.
2026/Jun/05 10:52:38.571164 USER TC_26_2_3.ttcn3:343 MSC_Port: RX: {"type": "EVENT_DTAP", "bsc_slr": 1, "pd": 5, "msg_type": 25}
2026/Jun/05 10:52:38.571227 PORTEVENT TC_26_2_3.ttcn3:343 Message enqueued on MSC from system charstring : "{\"type\": \"EVENT_DTAP\", \"bsc_slr\": 1, \"pd\": 5, \"msg_type\": 25}" id 23
2026/Jun/05 10:52:38.571250 PORTEVENT TC_26_2_3.ttcn3:344 Receive operation on port MSC succeeded, message from system(): charstring : "{\"type\": \"EVENT_DTAP\", \"bsc_slr\": 1, \"pd\": 5, \"msg_type\": 25}" id 23
2026/Jun/05 10:52:38.571266 PORTEVENT TC_26_2_3.ttcn3:344 Message with id 23 was extracted from the queue of MSC.
2026/Jun/05 10:52:38.571371 USER TC_26_2_3.ttcn3:365 Event during loop: "{\"type\": \"EVENT_DTAP\", \"bsc_slr\": 1, \"pd\": 5, \"msg_type\": 25}"
2026/Jun/05 10:52:38.571393 USER TC_26_2_3.ttcn3:343 MSC_Port: RX: {"type": "EVENT_IDENTITY_RESPONSE", "bsc_slr": 1, "n_sd": 0, "mobile_identity": "089910070000000010"}
2026/Jun/05 10:52:38.571403 PORTEVENT TC_26_2_3.ttcn3:343 Message enqueued on MSC from system charstring : "{\"type\": \"EVENT_IDENTITY_RESPONSE\", \"bsc_slr\": 1, \"n_sd\": 0, \"mobile_identity\": \"089910070000000010\"}" id 24
2026/Jun/05 10:52:38.571411 PORTEVENT TC_26_2_3.ttcn3:344 Receive operation on port MSC succeeded, message from system(): charstring : "{\"type\": \"EVENT_IDENTITY_RESPONSE\", \"bsc_slr\": 1, \"n_sd\": 0, \"mobile_identity\": \"089910070000000010\"}" id 24
2026/Jun/05 10:52:38.571416 PORTEVENT TC_26_2_3.ttcn3:344 Message with id 24 was extracted from the queue of MSC.
2026/Jun/05 10:52:38.571518 USER TC_26_2_3.ttcn3:542 Extracted N(SD) = 0 from event
2026/Jun/05 10:52:38.571527 USER TC_26_2_3.ttcn3:347 *** Loop 3: N(SD) = 0 (expected: 0) ***
2026/Jun/05 10:52:38.571536 USER TC_26_2_3.ttcn3:350 PASS: N(SD) toggled correctly from 1 to 0
2026/Jun/05 10:52:38.571543 TIMEROP TC_26_2_3.ttcn3:359 Stop timer T_id_resp: 10 s
2026/Jun/05 10:52:38.571553 USER TC_26_2_3.ttcn3:380 *** Step 5: Sending LOCATION UPDATE ACCEPT ***
2026/Jun/05 10:52:38.571567 PORTEVENT TC_26_2_3.ttcn3:382 Sent on MSC to system charstring : "{\"command\": \"CMD_SEND_LU_ACCEPT_CUSTOM\", \"params\": {\"bsc_slr\": 5, \"mcc\": \"901\", \"mnc\": \"70\", \"lac\": 1, \"tmsi\": 305419896}}"
2026/Jun/05 10:52:38.571598 USER TC_26_2_3.ttcn3:382 MSC_Port: TX: {"command": "CMD_SEND_LU_ACCEPT_CUSTOM", "params": {"bsc_slr": 5, "mcc": "901", "mnc": "70", "lac": 1, "tmsi": 305419896}}
2026/Jun/05 10:52:38.571607 TIMEROP TC_26_2_3.ttcn3:385 Start timer T_lu_accept: 5 s
2026/Jun/05 10:52:39.072452 USER TC_26_2_3.ttcn3:386 MSC_Port: RX: {"status": "ok", "sent": true}
2026/Jun/05 10:52:39.072553 PORTEVENT TC_26_2_3.ttcn3:386 Message enqueued on MSC from system charstring : "{\"status\": \"ok\", \"sent\": true}" id 25
2026/Jun/05 10:52:39.072591 PORTEVENT TC_26_2_3.ttcn3:387 Receive operation on port MSC succeeded, message from system(): charstring : "{\"status\": \"ok\", \"sent\": true}" id 25
2026/Jun/05 10:52:39.072609 PORTEVENT TC_26_2_3.ttcn3:387 Message with id 25 was extracted from the queue of MSC.
2026/Jun/05 10:52:39.072746 USER TC_26_2_3.ttcn3:391 LU Accept processed: "{\"status\": \"ok\", \"sent\": true}"
2026/Jun/05 10:52:39.072777 TIMEROP TC_26_2_3.ttcn3:392 Stop timer T_lu_accept: 5 s
2026/Jun/05 10:52:39.072799 USER TC_26_2_3.ttcn3:409 *** VTY Verification: Checking TMSI assignment ***
2026/Jun/05 10:52:39.072812 TIMEROP TC_26_2_3.ttcn3:413 Start timer T_tmsi_settle: 2 s
2026/Jun/05 10:52:39.328734 USER TC_26_2_3.ttcn3:414 MSC_Port: RX: {"type": "EVENT_DTAP", "bsc_slr": 1, "pd": 5, "msg_type": 27}
2026/Jun/05 10:52:39.328838 PORTEVENT TC_26_2_3.ttcn3:414 Message enqueued on MSC from system charstring : "{\"type\": \"EVENT_DTAP\", \"bsc_slr\": 1, \"pd\": 5, \"msg_type\": 27}" id 26
2026/Jun/05 10:52:39.328881 USER TC_26_2_3.ttcn3:414 MSC_Port: RX: {"type": "EVENT_TMSI_REALLOC_COMPLETE", "bsc_slr": 1}
2026/Jun/05 10:52:39.328904 PORTEVENT TC_26_2_3.ttcn3:414 Message enqueued on MSC from system charstring : "{\"type\": \"EVENT_TMSI_REALLOC_COMPLETE\", \"bsc_slr\": 1}" id 27
2026/Jun/05 10:52:41.073231 TIMEROP TC_26_2_3.ttcn3:414 Timeout T_tmsi_settle: 2 s
2026/Jun/05 10:52:41.073298 USER GSM_Component_Definitions.ttcn3:455 VTY: Sending command: "show subscriber"
2026/Jun/05 10:52:41.073351 PORTEVENT GSM_Component_Definitions.ttcn3:456 Sent on VTY to system charstring : "show subscriber"
2026/Jun/05 10:52:41.073370 USER GSM_Component_Definitions.ttcn3:456 VTY_PT: Sending command: "show subscriber"
2026/Jun/05 10:52:41.273523 USER GSM_Component_Definitions.ttcn3:456 VTY_PT: Received response: 
% (MS 1)
% Trying to register with network International, 70...

% (MS 1)
% Power off!

% (MS 1)
% Trying to register with network International, 70...
show subscriber
Mobile Subscriber of MS '1':
 IMSI: 901700000000001
 Status: U1_UPDATED  IMSI attached  TMSI 0x12345678
         LAI: 901-70-1  (International, 70)
 GPRS Status: GU0_NULL IMSI detached  PTMSI 0x12345678  PTMSI-sig 0x000000  RAI: invalid
  P-TMSI 0x00000000 Registered PLMN: MCC-MNC 901-70  (International, 70)
 Access barred cells: no
 Access classes: C0 C1 C2 C3 C4 C5 C6 C7 C8 C9 C10 C11 C12 C13 C14 C15

OsmocomBB(mobile)> 
OsmocomBB(mobile)> 
2026/Jun/05 10:52:41.273633 PORTEVENT GSM_Component_Definitions.ttcn3:456 Message enqueued on VTY from system charstring : "\r\n% (MS 1)\r\n% Trying to register with network International, 70...\r\n\r\n% (MS 1)\r\n% Power off!\r\n\r\n% (MS 1)\r\n% Trying to register with network International, 70...\r\nshow subscriber\r\nMobile Subscriber of MS '1':\r\n IMSI: 901700000000001\r\n Status: U1_UPDATED  IMSI attached  TMSI 0x12345678\r\n         LAI: 901-70-1  (International, 70)\r\n GPRS Status: GU0_NULL IMSI detached  PTMSI 0x12345678  PTMSI-sig 0x000000  RAI: invalid\r\n  P-TMSI 0x00000000 Registered PLMN: MCC-MNC 901-70  (International, 70)\r\n Access barred cells: no\r\n Access classes: C0 C1 C2 C3 C4 C5 C6 C7 C8 C9 C10 C11 C12 C13 C14 C15\r\n\r\nOsmocomBB(mobile)> \r\nOsmocomBB(mobile)> " id 3
2026/Jun/05 10:52:41.273657 TIMEROP GSM_Component_Definitions.ttcn3:459 Start timer T_vty: 5 s
2026/Jun/05 10:52:41.273730 PORTEVENT GSM_Component_Definitions.ttcn3:462 Receive operation on port VTY succeeded, message from system(): charstring : "\r\n% (MS 1)\r\n% Trying to register with network International, 70...\r\n\r\n% (MS 1)\r\n% Power off!\r\n\r\n% (MS 1)\r\n% Trying to register with network International, 70...\r\nshow subscriber\r\nMobile Subscriber of MS '1':\r\n IMSI: 901700000000001\r\n Status: U1_UPDATED  IMSI attached  TMSI 0x12345678\r\n         LAI: 901-70-1  (International, 70)\r\n GPRS Status: GU0_NULL IMSI detached  PTMSI 0x12345678  PTMSI-sig 0x000000  RAI: invalid\r\n  P-TMSI 0x00000000 Registered PLMN: MCC-MNC 901-70  (International, 70)\r\n Access barred cells: no\r\n Access classes: C0 C1 C2 C3 C4 C5 C6 C7 C8 C9 C10 C11 C12 C13 C14 C15\r\n\r\nOsmocomBB(mobile)> \r\nOsmocomBB(mobile)> " id 3
2026/Jun/05 10:52:41.273744 PORTEVENT GSM_Component_Definitions.ttcn3:462 Message with id 3 was extracted from the queue of VTY.
2026/Jun/05 10:52:41.273750 TIMEROP GSM_Component_Definitions.ttcn3:463 Stop timer T_vty: 5 s
2026/Jun/05 10:52:41.273756 USER GSM_Component_Definitions.ttcn3:464 VTY: Received response: "\r\n% (MS 1)\r\n% Trying to register with network International, 70...\r\n\r\n% (MS 1)\r\n% Power off!\r\n\r\n% (MS 1)\r\n% Trying to register with network International, 70...\r\nshow subscriber\r\nMobile Subscriber of MS '1':\r\n IMSI: 901700000000001\r\n Status: U1_UPDATED  IMSI attached  TMSI 0x12345678\r\n         LAI: 901-70-1  (International, 70)\r\n GPRS Status: GU0_NULL IMSI detached  PTMSI 0x12345678  PTMSI-sig 0x000000  RAI: invalid\r\n  P-TMSI 0x00000000 Registered PLMN: MCC-MNC 901-70  (International, 70)\r\n Access barred cells: no\r\n Access classes: C0 C1 C2 C3 C4 C5 C6 C7 C8 C9 C10 C11 C12 C13 C14 C15\r\n\r\nOsmocomBB(mobile)> \r\nOsmocomBB(mobile)> "
2026/Jun/05 10:52:41.273796 USER TC_26_2_3.ttcn3:417 Subscriber state after LU Accept: "\r\n% (MS 1)\r\n% Trying to register with network International, 70...\r\n\r\n% (MS 1)\r\n% Power off!\r\n\r\n% (MS 1)\r\n% Trying to register with network International, 70...\r\nshow subscriber\r\nMobile Subscriber of MS '1':\r\n IMSI: 901700000000001\r\n Status: U1_UPDATED  IMSI attached  TMSI 0x12345678\r\n         LAI: 901-70-1  (International, 70)\r\n GPRS Status: GU0_NULL IMSI detached  PTMSI 0x12345678  PTMSI-sig 0x000000  RAI: invalid\r\n  P-TMSI 0x00000000 Registered PLMN: MCC-MNC 901-70  (International, 70)\r\n Access barred cells: no\r\n Access classes: C0 C1 C2 C3 C4 C5 C6 C7 C8 C9 C10 C11 C12 C13 C14 C15\r\n\r\nOsmocomBB(mobile)> \r\nOsmocomBB(mobile)> "
2026/Jun/05 10:52:41.273953 USER TC_26_2_3.ttcn3:420 char(0, 0, 39, 5) & " TMSI assigned and stored in mobile"
2026/Jun/05 10:52:41.274060 USER TC_26_2_3.ttcn3:425 char(0, 0, 39, 5) & " Correct TMSI value: 0x12345678 (305419896)"
2026/Jun/05 10:52:41.274073 USER TC_26_2_3.ttcn3:435 *** Step 6: Releasing RR Connection ***
2026/Jun/05 10:52:41.274089 PORTEVENT TC_26_2_3.ttcn3:437 Sent on MSC to system charstring : "{\"command\": \"CMD_SEND_CLEAR_CMD\", \"params\": {\"bsc_slr\": 5, \"cause\": 0}}"
2026/Jun/05 10:52:41.274161 USER TC_26_2_3.ttcn3:437 MSC_Port: TX: {"command": "CMD_SEND_CLEAR_CMD", "params": {"bsc_slr": 5, "cause": 0}}
2026/Jun/05 10:52:41.274172 TIMEROP TC_26_2_3.ttcn3:439 Start timer T_clear: 5 s
2026/Jun/05 10:52:41.274186 PORTEVENT TC_26_2_3.ttcn3:441 Receive operation on port MSC succeeded, message from system(): charstring : "{\"type\": \"EVENT_DTAP\", \"bsc_slr\": 1, \"pd\": 5, \"msg_type\": 27}" id 26
2026/Jun/05 10:52:41.274193 PORTEVENT TC_26_2_3.ttcn3:441 Message with id 26 was extracted from the queue of MSC.
2026/Jun/05 10:52:41.274252 USER TC_26_2_3.ttcn3:449 Event: "{\"type\": \"EVENT_DTAP\", \"bsc_slr\": 1, \"pd\": 5, \"msg_type\": 27}"
2026/Jun/05 10:52:41.274270 PORTEVENT TC_26_2_3.ttcn3:441 Receive operation on port MSC succeeded, message from system(): charstring : "{\"type\": \"EVENT_TMSI_REALLOC_COMPLETE\", \"bsc_slr\": 1}" id 27
2026/Jun/05 10:52:41.274276 PORTEVENT TC_26_2_3.ttcn3:441 Message with id 27 was extracted from the queue of MSC.
2026/Jun/05 10:52:41.274324 USER TC_26_2_3.ttcn3:449 Event: "{\"type\": \"EVENT_TMSI_REALLOC_COMPLETE\", \"bsc_slr\": 1}"
2026/Jun/05 10:52:41.274641 USER TC_26_2_3.ttcn3:440 MSC_Port: RX: {"status": "ok"}
2026/Jun/05 10:52:41.274654 PORTEVENT TC_26_2_3.ttcn3:440 Message enqueued on MSC from system charstring : "{\"status\": \"ok\"}" id 28
2026/Jun/05 10:52:41.274664 PORTEVENT TC_26_2_3.ttcn3:441 Receive operation on port MSC succeeded, message from system(): charstring : "{\"status\": \"ok\"}" id 28
2026/Jun/05 10:52:41.274670 PORTEVENT TC_26_2_3.ttcn3:441 Message with id 28 was extracted from the queue of MSC.
2026/Jun/05 10:52:41.274710 USER TC_26_2_3.ttcn3:444 Connection released: "{\"status\": \"ok\"}"
2026/Jun/05 10:52:41.274721 TIMEROP TC_26_2_3.ttcn3:445 Stop timer T_clear: 5 s
2026/Jun/05 10:52:41.274728 USER TC_26_2_3.ttcn3:462 *** Post-test: Final mobile state verification ***
2026/Jun/05 10:52:41.274735 TIMEROP TC_26_2_3.ttcn3:466 Start timer T_idle_wait: 3 s
2026/Jun/05 10:52:41.275451 USER TC_26_2_3.ttcn3:467 MSC_Port: RX: {"type": "EVENT_BSSMAP_CLEAR_COMPLETE", "bsc_slr": 1}
2026/Jun/05 10:52:41.275468 PORTEVENT TC_26_2_3.ttcn3:467 Message enqueued on MSC from system charstring : "{\"type\": \"EVENT_BSSMAP_CLEAR_COMPLETE\", \"bsc_slr\": 1}" id 29
2026/Jun/05 10:52:41.538536 USER TC_26_2_3.ttcn3:467 VTY_PT: Received data (buffered): 68 bytes
2026/Jun/05 10:52:42.101947 USER TC_26_2_3.ttcn3:467 MSC_Port: RX: {"type": "EVENT_LU_REQUEST", "bsc_slr": 6, "msc_slr": 2, "cksn": 0, "lu_type": 7, "old_mcc": "901", "old_mnc": "70", "old_lac": 1, "mi_type": "tmsi", "tmsi": 305419896}
2026/Jun/05 10:52:42.102053 PORTEVENT TC_26_2_3.ttcn3:467 Message enqueued on MSC from system charstring : "{\"type\": \"EVENT_LU_REQUEST\", \"bsc_slr\": 6, \"msc_slr\": 2, \"cksn\": 0, \"lu_type\": 7, \"old_mcc\": \"901\", \"old_mnc\": \"70\", \"old_lac\": 1, \"mi_type\": \"tmsi\", \"tmsi\": 305419896}" id 30
2026/Jun/05 10:52:42.152738 USER TC_26_2_3.ttcn3:467 MSC_Port: RX: {"type": "EVENT_LU_REQUEST", "bsc_slr": 2, "msc_slr": 2, "cksn": 0, "lu_type": 7, "old_mcc": "901", "old_mnc": "70", "old_lac": 1, "mi_type": "tmsi", "tmsi": 305419896}
2026/Jun/05 10:52:42.152804 PORTEVENT TC_26_2_3.ttcn3:467 Message enqueued on MSC from system charstring : "{\"type\": \"EVENT_LU_REQUEST\", \"bsc_slr\": 2, \"msc_slr\": 2, \"cksn\": 0, \"lu_type\": 7, \"old_mcc\": \"901\", \"old_mnc\": \"70\", \"old_lac\": 1, \"mi_type\": \"tmsi\", \"tmsi\": 305419896}" id 31
2026/Jun/05 10:52:42.152949 USER TC_26_2_3.ttcn3:467 MSC_Port: RX: {"type": "EVENT_LU_REQUEST", "bsc_slr": 2, "msc_slr": 2, "cksn": 0, "lu_type": 7, "old_mcc": "901", "old_mnc": "70", "old_lac": 1, "mi_type": "tmsi", "tmsi": 305419896}
2026/Jun/05 10:52:42.152967 PORTEVENT TC_26_2_3.ttcn3:467 Message enqueued on MSC from system charstring : "{\"type\": \"EVENT_LU_REQUEST\", \"bsc_slr\": 2, \"msc_slr\": 2, \"cksn\": 0, \"lu_type\": 7, \"old_mcc\": \"901\", \"old_mnc\": \"70\", \"old_lac\": 1, \"mi_type\": \"tmsi\", \"tmsi\": 305419896}" id 32
2026/Jun/05 10:52:42.275017 USER TC_26_2_3.ttcn3:467 MSC_Port: RX: {"type": "HEARTBEAT"}
2026/Jun/05 10:52:42.275114 PORTEVENT TC_26_2_3.ttcn3:467 Message enqueued on MSC from system charstring : "{\"type\": \"HEARTBEAT\"}" id 33
2026/Jun/05 10:52:44.275856 TIMEROP TC_26_2_3.ttcn3:467 Timeout T_idle_wait: 3 s
2026/Jun/05 10:52:44.275947 USER GSM_Component_Definitions.ttcn3:455 VTY: Sending command: "show subscriber"
2026/Jun/05 10:52:44.276008 PORTEVENT GSM_Component_Definitions.ttcn3:456 Sent on VTY to system charstring : "show subscriber"
2026/Jun/05 10:52:44.276036 USER GSM_Component_Definitions.ttcn3:456 VTY_PT: Sending command: "show subscriber"
2026/Jun/05 10:52:44.476219 USER GSM_Component_Definitions.ttcn3:456 VTY_PT: Received response: 
% (MS 1)
% Trying to register with network International, 70...
show subscriber
Mobile Subscriber of MS '1':
 IMSI: 901700000000001
 Status: U1_UPDATED  IMSI attached  TMSI 0x12345678
         LAI: 901-70-1  (International, 70)
 GPRS Status: GU0_NULL IMSI detached  PTMSI 0x12345678  PTMSI-sig 0x000000  RAI: invalid
  P-TMSI 0x00000000 Registered PLMN: MCC-MNC 901-70  (International, 70)
 Access barred cells: no
 Access classes: C0 C1 C2 C3 C4 C5 C6 C7 C8 C9 C10 C11 C12 C13 C14 C15

OsmocomBB(mobile)> 
OsmocomBB(mobile)> 
2026/Jun/05 10:52:44.476335 PORTEVENT GSM_Component_Definitions.ttcn3:456 Message enqueued on VTY from system charstring : "\r\n% (MS 1)\r\n% Trying to register with network International, 70...\r\nshow subscriber\r\nMobile Subscriber of MS '1':\r\n IMSI: 901700000000001\r\n Status: U1_UPDATED  IMSI attached  TMSI 0x12345678\r\n         LAI: 901-70-1  (International, 70)\r\n GPRS Status: GU0_NULL IMSI detached  PTMSI 0x12345678  PTMSI-sig 0x000000  RAI: invalid\r\n  P-TMSI 0x00000000 Registered PLMN: MCC-MNC 901-70  (International, 70)\r\n Access barred cells: no\r\n Access classes: C0 C1 C2 C3 C4 C5 C6 C7 C8 C9 C10 C11 C12 C13 C14 C15\r\n\r\nOsmocomBB(mobile)> \r\nOsmocomBB(mobile)> " id 4
2026/Jun/05 10:52:44.476357 TIMEROP GSM_Component_Definitions.ttcn3:459 Start timer T_vty: 5 s
2026/Jun/05 10:52:44.476399 PORTEVENT GSM_Component_Definitions.ttcn3:462 Receive operation on port VTY succeeded, message from system(): charstring : "\r\n% (MS 1)\r\n% Trying to register with network International, 70...\r\nshow subscriber\r\nMobile Subscriber of MS '1':\r\n IMSI: 901700000000001\r\n Status: U1_UPDATED  IMSI attached  TMSI 0x12345678\r\n         LAI: 901-70-1  (International, 70)\r\n GPRS Status: GU0_NULL IMSI detached  PTMSI 0x12345678  PTMSI-sig 0x000000  RAI: invalid\r\n  P-TMSI 0x00000000 Registered PLMN: MCC-MNC 901-70  (International, 70)\r\n Access barred cells: no\r\n Access classes: C0 C1 C2 C3 C4 C5 C6 C7 C8 C9 C10 C11 C12 C13 C14 C15\r\n\r\nOsmocomBB(mobile)> \r\nOsmocomBB(mobile)> " id 4
2026/Jun/05 10:52:44.476411 PORTEVENT GSM_Component_Definitions.ttcn3:462 Message with id 4 was extracted from the queue of VTY.
2026/Jun/05 10:52:44.476416 TIMEROP GSM_Component_Definitions.ttcn3:463 Stop timer T_vty: 5 s
2026/Jun/05 10:52:44.476422 USER GSM_Component_Definitions.ttcn3:464 VTY: Received response: "\r\n% (MS 1)\r\n% Trying to register with network International, 70...\r\nshow subscriber\r\nMobile Subscriber of MS '1':\r\n IMSI: 901700000000001\r\n Status: U1_UPDATED  IMSI attached  TMSI 0x12345678\r\n         LAI: 901-70-1  (International, 70)\r\n GPRS Status: GU0_NULL IMSI detached  PTMSI 0x12345678  PTMSI-sig 0x000000  RAI: invalid\r\n  P-TMSI 0x00000000 Registered PLMN: MCC-MNC 901-70  (International, 70)\r\n Access barred cells: no\r\n Access classes: C0 C1 C2 C3 C4 C5 C6 C7 C8 C9 C10 C11 C12 C13 C14 C15\r\n\r\nOsmocomBB(mobile)> \r\nOsmocomBB(mobile)> "
2026/Jun/05 10:52:44.476462 USER TC_26_2_3.ttcn3:470 Final subscriber state: "\r\n% (MS 1)\r\n% Trying to register with network International, 70...\r\nshow subscriber\r\nMobile Subscriber of MS '1':\r\n IMSI: 901700000000001\r\n Status: U1_UPDATED  IMSI attached  TMSI 0x12345678\r\n         LAI: 901-70-1  (International, 70)\r\n GPRS Status: GU0_NULL IMSI detached  PTMSI 0x12345678  PTMSI-sig 0x000000  RAI: invalid\r\n  P-TMSI 0x00000000 Registered PLMN: MCC-MNC 901-70  (International, 70)\r\n Access barred cells: no\r\n Access classes: C0 C1 C2 C3 C4 C5 C6 C7 C8 C9 C10 C11 C12 C13 C14 C15\r\n\r\nOsmocomBB(mobile)> \r\nOsmocomBB(mobile)> "
2026/Jun/05 10:52:44.476492 USER GSM_Component_Definitions.ttcn3:455 VTY: Sending command: "show network"
2026/Jun/05 10:52:44.476504 PORTEVENT GSM_Component_Definitions.ttcn3:456 Sent on VTY to system charstring : "show network"
2026/Jun/05 10:52:44.476513 USER GSM_Component_Definitions.ttcn3:456 VTY_PT: Sending command: "show network"
2026/Jun/05 10:52:44.676659 USER GSM_Component_Definitions.ttcn3:456 VTY_PT: Received response: show network
% Unknown command.
OsmocomBB(mobile)> 
OsmocomBB(mobile)> 
2026/Jun/05 10:52:44.676732 PORTEVENT GSM_Component_Definitions.ttcn3:456 Message enqueued on VTY from system charstring : "show network\r\n% Unknown command.\r\nOsmocomBB(mobile)> \r\nOsmocomBB(mobile)> " id 5
2026/Jun/05 10:52:44.676750 TIMEROP GSM_Component_Definitions.ttcn3:459 Start timer T_vty: 5 s
2026/Jun/05 10:52:44.676770 PORTEVENT GSM_Component_Definitions.ttcn3:462 Receive operation on port VTY succeeded, message from system(): charstring : "show network\r\n% Unknown command.\r\nOsmocomBB(mobile)> \r\nOsmocomBB(mobile)> " id 5
2026/Jun/05 10:52:44.676778 PORTEVENT GSM_Component_Definitions.ttcn3:462 Message with id 5 was extracted from the queue of VTY.
2026/Jun/05 10:52:44.676782 TIMEROP GSM_Component_Definitions.ttcn3:463 Stop timer T_vty: 5 s
2026/Jun/05 10:52:44.676787 USER GSM_Component_Definitions.ttcn3:464 VTY: Received response: "show network\r\n% Unknown command.\r\nOsmocomBB(mobile)> \r\nOsmocomBB(mobile)> "
2026/Jun/05 10:52:44.676799 USER TC_26_2_3.ttcn3:473 Final network state: "show network\r\n% Unknown command.\r\nOsmocomBB(mobile)> \r\nOsmocomBB(mobile)> "
2026/Jun/05 10:52:44.676864 USER GSM_Component_Definitions.ttcn3:455 VTY: Sending command: "show ms"
2026/Jun/05 10:52:44.676876 PORTEVENT GSM_Component_Definitions.ttcn3:456 Sent on VTY to system charstring : "show ms"
2026/Jun/05 10:52:44.676884 USER GSM_Component_Definitions.ttcn3:456 VTY_PT: Sending command: "show ms"
2026/Jun/05 10:52:44.877044 USER GSM_Component_Definitions.ttcn3:456 VTY_PT: Received response: show ms
MS '1' is up, MM connection active
  IMEI: 000000000000000
     IMEISV: 0000000000000000
     IMEI generation: fixed
  automatic network selection state: A2 on PLMN
                                     MCC=901 MNC=70 (International, 70)
  cell selection state: connected mode 1
                        ARFCN=51 CGI=901-70-4242-4242
                        (International, 70)
  radio resource layer state: dedicated
  mobility management layer state: location updating initiated

OsmocomBB(mobile)> 
OsmocomBB(mobile)> 
2026/Jun/05 10:52:44.877204 PORTEVENT GSM_Component_Definitions.ttcn3:456 Message enqueued on VTY from system charstring : "show ms\r\nMS '1' is up, MM connection active\r\n  IMEI: 000000000000000\r\n     IMEISV: 0000000000000000\r\n     IMEI generation: fixed\r\n  automatic network selection state: A2 on PLMN\r\n                                     MCC=901 MNC=70 (International, 70)\r\n  cell selection state: connected mode 1\r\n                        ARFCN=51 CGI=901-70-4242-4242\r\n                        (International, 70)\r\n  radio resource layer state: dedicated\r\n  mobility management layer state: location updating initiated\r\n\r\nOsmocomBB(mobile)> \r\nOsmocomBB(mobile)> " id 6
2026/Jun/05 10:52:44.877254 TIMEROP GSM_Component_Definitions.ttcn3:459 Start timer T_vty: 5 s
2026/Jun/05 10:52:44.877330 PORTEVENT GSM_Component_Definitions.ttcn3:462 Receive operation on port VTY succeeded, message from system(): charstring : "show ms\r\nMS '1' is up, MM connection active\r\n  IMEI: 000000000000000\r\n     IMEISV: 0000000000000000\r\n     IMEI generation: fixed\r\n  automatic network selection state: A2 on PLMN\r\n                                     MCC=901 MNC=70 (International, 70)\r\n  cell selection state: connected mode 1\r\n                        ARFCN=51 CGI=901-70-4242-4242\r\n                        (International, 70)\r\n  radio resource layer state: dedicated\r\n  mobility management layer state: location updating initiated\r\n\r\nOsmocomBB(mobile)> \r\nOsmocomBB(mobile)> " id 6
2026/Jun/05 10:52:44.877351 PORTEVENT GSM_Component_Definitions.ttcn3:462 Message with id 6 was extracted from the queue of VTY.
2026/Jun/05 10:52:44.877363 TIMEROP GSM_Component_Definitions.ttcn3:463 Stop timer T_vty: 5 s
2026/Jun/05 10:52:44.877374 USER GSM_Component_Definitions.ttcn3:464 VTY: Received response: "show ms\r\nMS '1' is up, MM connection active\r\n  IMEI: 000000000000000\r\n     IMEISV: 0000000000000000\r\n     IMEI generation: fixed\r\n  automatic network selection state: A2 on PLMN\r\n                                     MCC=901 MNC=70 (International, 70)\r\n  cell selection state: connected mode 1\r\n                        ARFCN=51 CGI=901-70-4242-4242\r\n                        (International, 70)\r\n  radio resource layer state: dedicated\r\n  mobility management layer state: location updating initiated\r\n\r\nOsmocomBB(mobile)> \r\nOsmocomBB(mobile)> "
2026/Jun/05 10:52:44.877441 USER TC_26_2_3.ttcn3:480 Final mobile status: "show ms\r\nMS '1' is up, MM connection active\r\n  IMEI: 000000000000000\r\n     IMEISV: 0000000000000000\r\n     IMEI generation: fixed\r\n  automatic network selection state: A2 on PLMN\r\n                                     MCC=901 MNC=70 (International, 70)\r\n  cell selection state: connected mode 1\r\n                        ARFCN=51 CGI=901-70-4242-4242\r\n                        (International, 70)\r\n  radio resource layer state: dedicated\r\n  mobility management layer state: location updating initiated\r\n\r\nOsmocomBB(mobile)> \r\nOsmocomBB(mobile)> "
2026/Jun/05 10:52:44.877503 TIMEROP TC_26_2_3.ttcn3:486 Stop timer T_guard: 300 s
2026/Jun/05 10:52:44.877517 USER TC_26_2_3.ttcn3:488 ==========================================================
2026/Jun/05 10:52:44.877531 USER TC_26_2_3.ttcn3:489 *** TC_26_2_3: TEST SUMMARY (VTY Enhanced) ***
2026/Jun/05 10:52:44.877542 USER TC_26_2_3.ttcn3:490 ==========================================================
2026/Jun/05 10:52:44.877552 USER TC_26_2_3.ttcn3:491 *** Total IDENTITY exchanges: 4
2026/Jun/05 10:52:44.877568 USER TC_26_2_3.ttcn3:492 *** All N(SD) values verified: true
2026/Jun/05 10:52:44.877659 USER TC_26_2_3.ttcn3:495 *** VERDICT: PASS ***
2026/Jun/05 10:52:44.877673 USER TC_26_2_3.ttcn3:496 *** V(SD) handling verified - N(SD) toggles correctly ***
2026/Jun/05 10:52:44.877728 VERDICTOP TC_26_2_3.ttcn3:497 setverdict(pass): none -> pass
2026/Jun/05 10:52:44.877877 USER TC_26_2_3.ttcn3:508 ==========================================================
2026/Jun/05 10:52:44.877888 USER TC_26_2_3.ttcn3:509 *** TC_26_2_3: Test Complete (with VTY diagnostics) ***
2026/Jun/05 10:52:44.877898 USER TC_26_2_3.ttcn3:510 ==========================================================
2026/Jun/05 10:52:44.877920 PARALLEL GSM_Component_Definitions.ttcn3:346 Unmapping port mtc:L from system:L.
2026/Jun/05 10:52:44.878018 USER GSM_Component_Definitions.ttcn3:346 L3_Port: Unmapping from L
2026/Jun/05 10:52:44.878063 PORTEVENT GSM_Component_Definitions.ttcn3:346 Port L was unmapped from system:L.
2026/Jun/05 10:52:44.878124 PARALLEL GSM_Component_Definitions.ttcn3:346 Unmap operation of mtc:L from system:L finished.
2026/Jun/05 10:52:44.878144 PARALLEL GSM_Component_Definitions.ttcn3:347 Unmapping port mtc:RR from system:RR.
2026/Jun/05 10:52:44.878202 PORTEVENT GSM_Component_Definitions.ttcn3:347 Port RR was unmapped from system:RR.
2026/Jun/05 10:52:44.878247 PARALLEL GSM_Component_Definitions.ttcn3:347 Unmap operation of mtc:RR from system:RR finished.
2026/Jun/05 10:52:44.878262 PARALLEL GSM_Component_Definitions.ttcn3:348 Unmapping port mtc:MM from system:MM.
2026/Jun/05 10:52:44.878305 PORTEVENT GSM_Component_Definitions.ttcn3:348 Port MM was unmapped from system:MM.
2026/Jun/05 10:52:44.878349 PARALLEL GSM_Component_Definitions.ttcn3:348 Unmap operation of mtc:MM from system:MM finished.
2026/Jun/05 10:52:44.878363 PARALLEL GSM_Component_Definitions.ttcn3:349 Unmapping port mtc:CC from system:CC.
2026/Jun/05 10:52:44.878406 PORTEVENT GSM_Component_Definitions.ttcn3:349 Port CC was unmapped from system:CC.
2026/Jun/05 10:52:44.878449 PARALLEL GSM_Component_Definitions.ttcn3:349 Unmap operation of mtc:CC from system:CC finished.
2026/Jun/05 10:52:44.878463 PARALLEL GSM_Component_Definitions.ttcn3:350 Unmapping port mtc:MSC from system:MSC.
2026/Jun/05 10:52:44.878508 USER GSM_Component_Definitions.ttcn3:350 MSC_Port: Unmapping from MSC
2026/Jun/05 10:52:44.878611 PORTEVENT GSM_Component_Definitions.ttcn3:350 Port MSC was unmapped from system:MSC.
2026/Jun/05 10:52:44.878662 PARALLEL GSM_Component_Definitions.ttcn3:350 Unmap operation of mtc:MSC from system:MSC finished.
2026/Jun/05 10:52:44.878676 PARALLEL GSM_Component_Definitions.ttcn3:351 Unmapping port mtc:VTY from system:VTY.
2026/Jun/05 10:52:44.878720 USER GSM_Component_Definitions.ttcn3:351 VTY_PT: Unmapping port from VTY interface
2026/Jun/05 10:52:44.878810 USER GSM_Component_Definitions.ttcn3:351 VTY_PT: Disconnected from VTY
2026/Jun/05 10:52:44.878842 PORTEVENT GSM_Component_Definitions.ttcn3:351 Port VTY was unmapped from system:VTY.
2026/Jun/05 10:52:44.878901 PARALLEL GSM_Component_Definitions.ttcn3:351 Unmap operation of mtc:VTY from system:VTY finished.
2026/Jun/05 10:52:44.878938 PARALLEL TC_26_2_3.ttcn3:512 Terminating component type GSM_Component_Definitions.GSM_CT.
2026/Jun/05 10:52:44.878978 USER TC_26_2_3.ttcn3:512 L3_Port: user_stop called
2026/Jun/05 10:52:44.878991 PORTEVENT TC_26_2_3.ttcn3:512 Port L was stopped.
2026/Jun/05 10:52:44.879019 PORTEVENT TC_26_2_3.ttcn3:512 Port RR was stopped.
2026/Jun/05 10:52:44.879040 PORTEVENT TC_26_2_3.ttcn3:512 Port MM was stopped.
2026/Jun/05 10:52:44.879055 PORTEVENT TC_26_2_3.ttcn3:512 Port CC was stopped.
2026/Jun/05 10:52:44.879064 USER TC_26_2_3.ttcn3:512 MSC_Port: user_stop called
2026/Jun/05 10:52:44.879077 PORTEVENT TC_26_2_3.ttcn3:512 Message with id 29 was extracted from the queue of MSC.
2026/Jun/05 10:52:44.879087 PORTEVENT TC_26_2_3.ttcn3:512 Message with id 30 was extracted from the queue of MSC.
2026/Jun/05 10:52:44.879095 PORTEVENT TC_26_2_3.ttcn3:512 Message with id 31 was extracted from the queue of MSC.
2026/Jun/05 10:52:44.879102 PORTEVENT TC_26_2_3.ttcn3:512 Message with id 32 was extracted from the queue of MSC.
2026/Jun/05 10:52:44.879109 PORTEVENT TC_26_2_3.ttcn3:512 Message with id 33 was extracted from the queue of MSC.
2026/Jun/05 10:52:44.879116 PORTEVENT TC_26_2_3.ttcn3:512 Port MSC was stopped.
2026/Jun/05 10:52:44.879134 USER TC_26_2_3.ttcn3:512 BSC_Port: user_stop called
2026/Jun/05 10:52:44.879146 PORTEVENT TC_26_2_3.ttcn3:512 Port BSC was stopped.
2026/Jun/05 10:52:44.879154 PORTEVENT TC_26_2_3.ttcn3:512 Port RSL was stopped.
2026/Jun/05 10:52:44.879162 USER TC_26_2_3.ttcn3:512 VTY_PT: Stopping
2026/Jun/05 10:52:44.879175 PORTEVENT TC_26_2_3.ttcn3:512 Port VTY was stopped.
2026/Jun/05 10:52:44.879183 PORTEVENT TC_26_2_3.ttcn3:512 Port COORD was stopped.
2026/Jun/05 10:52:44.879191 PARALLEL TC_26_2_3.ttcn3:512 Component type GSM_Component_Definitions.GSM_CT was shut down inside testcase TC_26_2_3.
2026/Jun/05 10:52:44.879205 EXECUTOR TC_26_2_3.ttcn3:512 Waiting for PTCs to finish.
2026/Jun/05 10:52:44.879281 VERDICTOP TC_26_2_3.ttcn3:512 Setting final verdict of the test case.
2026/Jun/05 10:52:44.879364 VERDICTOP TC_26_2_3.ttcn3:512 Local verdict of MTC: pass
2026/Jun/05 10:52:44.879420 VERDICTOP TC_26_2_3.ttcn3:512 No PTCs were created.
2026/Jun/05 10:52:44.879445 TESTCASE TC_26_2_3.ttcn3:512 Test case TC_26_2_3 finished. Verdict: pass
2026/Jun/05 10:52:44.879694 STATISTICS - Verdict statistics: 0 none (0.00 %), 1 pass (100.00 %), 0 inconc (0.00 %), 0 fail (0.00 %), 0 error (0.00 %).
2026/Jun/05 10:52:44.879841 STATISTICS - Test execution summary: 1 test case was executed. Overall verdict: pass
2026/Jun/05 10:52:44.879869 EXECUTOR - Exit was requested from MC. Terminating MTC.
======================================================
TEST RESULT: PASS
